ARM GAS  /tmp/ccqUYwqS.s 			page 1


   1              		.cpu cortex-m7
   2              		.arch armv7e-m
   3              		.fpu fpv5-d16
   4              		.eabi_attribute 28, 1
   5              		.eabi_attribute 20, 1
   6              		.eabi_attribute 21, 1
   7              		.eabi_attribute 23, 3
   8              		.eabi_attribute 24, 1
   9              		.eabi_attribute 25, 1
  10              		.eabi_attribute 26, 1
  11              		.eabi_attribute 30, 1
  12              		.eabi_attribute 34, 1
  13              		.eabi_attribute 18, 4
  14              		.file	"fx_file_best_effort_allocate.c"
  15              		.text
  16              	.Ltext0:
  17              		.cfi_sections	.debug_frame
  18              		.file 1 "Middlewares/ST/filex/common/src/fx_file_best_effort_allocate.c"
  19              		.section	.text._fx_file_best_effort_allocate,"ax",%progbits
  20              		.align	1
  21              		.global	_fx_file_best_effort_allocate
  22              		.syntax unified
  23              		.thumb
  24              		.thumb_func
  26              	_fx_file_best_effort_allocate:
  27              	.LVL0:
  28              	.LFB8:
   1:Middlewares/ST/filex/common/src/fx_file_best_effort_allocate.c **** /**************************************************************************/
   2:Middlewares/ST/filex/common/src/fx_file_best_effort_allocate.c **** /*                                                                        */
   3:Middlewares/ST/filex/common/src/fx_file_best_effort_allocate.c **** /*       Copyright (c) Microsoft Corporation. All rights reserved.        */
   4:Middlewares/ST/filex/common/src/fx_file_best_effort_allocate.c **** /*                                                                        */
   5:Middlewares/ST/filex/common/src/fx_file_best_effort_allocate.c **** /*       This software is licensed under the Microsoft Software License   */
   6:Middlewares/ST/filex/common/src/fx_file_best_effort_allocate.c **** /*       Terms for Microsoft Azure RTOS. Full text of the license can be  */
   7:Middlewares/ST/filex/common/src/fx_file_best_effort_allocate.c **** /*       found in the LICENSE file at https://aka.ms/AzureRTOS_EULA       */
   8:Middlewares/ST/filex/common/src/fx_file_best_effort_allocate.c **** /*       and in the root directory of this software.                      */
   9:Middlewares/ST/filex/common/src/fx_file_best_effort_allocate.c **** /*                                                                        */
  10:Middlewares/ST/filex/common/src/fx_file_best_effort_allocate.c **** /**************************************************************************/
  11:Middlewares/ST/filex/common/src/fx_file_best_effort_allocate.c **** 
  12:Middlewares/ST/filex/common/src/fx_file_best_effort_allocate.c **** 
  13:Middlewares/ST/filex/common/src/fx_file_best_effort_allocate.c **** /**************************************************************************/
  14:Middlewares/ST/filex/common/src/fx_file_best_effort_allocate.c **** /**************************************************************************/
  15:Middlewares/ST/filex/common/src/fx_file_best_effort_allocate.c **** /**                                                                       */
  16:Middlewares/ST/filex/common/src/fx_file_best_effort_allocate.c **** /** FileX Component                                                       */
  17:Middlewares/ST/filex/common/src/fx_file_best_effort_allocate.c **** /**                                                                       */
  18:Middlewares/ST/filex/common/src/fx_file_best_effort_allocate.c **** /**   File                                                                */
  19:Middlewares/ST/filex/common/src/fx_file_best_effort_allocate.c **** /**                                                                       */
  20:Middlewares/ST/filex/common/src/fx_file_best_effort_allocate.c **** /**************************************************************************/
  21:Middlewares/ST/filex/common/src/fx_file_best_effort_allocate.c **** /**************************************************************************/
  22:Middlewares/ST/filex/common/src/fx_file_best_effort_allocate.c **** 
  23:Middlewares/ST/filex/common/src/fx_file_best_effort_allocate.c **** #define FX_SOURCE_CODE
  24:Middlewares/ST/filex/common/src/fx_file_best_effort_allocate.c **** 
  25:Middlewares/ST/filex/common/src/fx_file_best_effort_allocate.c **** 
  26:Middlewares/ST/filex/common/src/fx_file_best_effort_allocate.c **** /* Include necessary system files.  */
  27:Middlewares/ST/filex/common/src/fx_file_best_effort_allocate.c **** 
  28:Middlewares/ST/filex/common/src/fx_file_best_effort_allocate.c **** #include "fx_api.h"
  29:Middlewares/ST/filex/common/src/fx_file_best_effort_allocate.c **** #include "fx_file.h"
  30:Middlewares/ST/filex/common/src/fx_file_best_effort_allocate.c **** 
ARM GAS  /tmp/ccqUYwqS.s 			page 2


  31:Middlewares/ST/filex/common/src/fx_file_best_effort_allocate.c **** 
  32:Middlewares/ST/filex/common/src/fx_file_best_effort_allocate.c **** /**************************************************************************/
  33:Middlewares/ST/filex/common/src/fx_file_best_effort_allocate.c **** /*                                                                        */
  34:Middlewares/ST/filex/common/src/fx_file_best_effort_allocate.c **** /*  FUNCTION                                               RELEASE        */
  35:Middlewares/ST/filex/common/src/fx_file_best_effort_allocate.c **** /*                                                                        */
  36:Middlewares/ST/filex/common/src/fx_file_best_effort_allocate.c **** /*    _fx_file_best_effort_allocate                       PORTABLE C      */
  37:Middlewares/ST/filex/common/src/fx_file_best_effort_allocate.c **** /*                                                           6.1          */
  38:Middlewares/ST/filex/common/src/fx_file_best_effort_allocate.c **** /*  AUTHOR                                                                */
  39:Middlewares/ST/filex/common/src/fx_file_best_effort_allocate.c **** /*                                                                        */
  40:Middlewares/ST/filex/common/src/fx_file_best_effort_allocate.c **** /*    William E. Lamie, Microsoft Corporation                             */
  41:Middlewares/ST/filex/common/src/fx_file_best_effort_allocate.c **** /*                                                                        */
  42:Middlewares/ST/filex/common/src/fx_file_best_effort_allocate.c **** /*  DESCRIPTION                                                           */
  43:Middlewares/ST/filex/common/src/fx_file_best_effort_allocate.c **** /*                                                                        */
  44:Middlewares/ST/filex/common/src/fx_file_best_effort_allocate.c **** /*    This function attempts to allocate the number of consecutive        */
  45:Middlewares/ST/filex/common/src/fx_file_best_effort_allocate.c **** /*    clusters required to satisfy the user's request.  If there are not  */
  46:Middlewares/ST/filex/common/src/fx_file_best_effort_allocate.c **** /*    enough clusters, the largest set of clusters are allocated and      */
  47:Middlewares/ST/filex/common/src/fx_file_best_effort_allocate.c **** /*    linked to the file.  If there are no free clusters, an error        */
  48:Middlewares/ST/filex/common/src/fx_file_best_effort_allocate.c **** /*    code is returned to the caller.                                     */
  49:Middlewares/ST/filex/common/src/fx_file_best_effort_allocate.c **** /*                                                                        */
  50:Middlewares/ST/filex/common/src/fx_file_best_effort_allocate.c **** /*  INPUT                                                                 */
  51:Middlewares/ST/filex/common/src/fx_file_best_effort_allocate.c **** /*                                                                        */
  52:Middlewares/ST/filex/common/src/fx_file_best_effort_allocate.c **** /*    file_ptr                              File control block pointer    */
  53:Middlewares/ST/filex/common/src/fx_file_best_effort_allocate.c **** /*    size                                  Number of bytes to allocate   */
  54:Middlewares/ST/filex/common/src/fx_file_best_effort_allocate.c **** /*    actual_size_allocated                 Number of bytes allocated     */
  55:Middlewares/ST/filex/common/src/fx_file_best_effort_allocate.c **** /*                                                                        */
  56:Middlewares/ST/filex/common/src/fx_file_best_effort_allocate.c **** /*  OUTPUT                                                                */
  57:Middlewares/ST/filex/common/src/fx_file_best_effort_allocate.c **** /*                                                                        */
  58:Middlewares/ST/filex/common/src/fx_file_best_effort_allocate.c **** /*    return status                                                       */
  59:Middlewares/ST/filex/common/src/fx_file_best_effort_allocate.c **** /*                                                                        */
  60:Middlewares/ST/filex/common/src/fx_file_best_effort_allocate.c **** /*  CALLS                                                                 */
  61:Middlewares/ST/filex/common/src/fx_file_best_effort_allocate.c **** /*                                                                        */
  62:Middlewares/ST/filex/common/src/fx_file_best_effort_allocate.c **** /*    _fx_file_extended_best_effort_allocate                              */
  63:Middlewares/ST/filex/common/src/fx_file_best_effort_allocate.c **** /*                                          Allocate the largest set of   */
  64:Middlewares/ST/filex/common/src/fx_file_best_effort_allocate.c **** /*                                            clusters                    */
  65:Middlewares/ST/filex/common/src/fx_file_best_effort_allocate.c **** /*                                                                        */
  66:Middlewares/ST/filex/common/src/fx_file_best_effort_allocate.c **** /*  CALLED BY                                                             */
  67:Middlewares/ST/filex/common/src/fx_file_best_effort_allocate.c **** /*                                                                        */
  68:Middlewares/ST/filex/common/src/fx_file_best_effort_allocate.c **** /*    Application Code                                                    */
  69:Middlewares/ST/filex/common/src/fx_file_best_effort_allocate.c **** /*                                                                        */
  70:Middlewares/ST/filex/common/src/fx_file_best_effort_allocate.c **** /*  RELEASE HISTORY                                                       */
  71:Middlewares/ST/filex/common/src/fx_file_best_effort_allocate.c **** /*                                                                        */
  72:Middlewares/ST/filex/common/src/fx_file_best_effort_allocate.c **** /*    DATE              NAME                      DESCRIPTION             */
  73:Middlewares/ST/filex/common/src/fx_file_best_effort_allocate.c **** /*                                                                        */
  74:Middlewares/ST/filex/common/src/fx_file_best_effort_allocate.c **** /*  05-19-2020     William E. Lamie         Initial Version 6.0           */
  75:Middlewares/ST/filex/common/src/fx_file_best_effort_allocate.c **** /*  09-30-2020     William E. Lamie         Modified comment(s),          */
  76:Middlewares/ST/filex/common/src/fx_file_best_effort_allocate.c **** /*                                            resulting in version 6.1    */
  77:Middlewares/ST/filex/common/src/fx_file_best_effort_allocate.c **** /*                                                                        */
  78:Middlewares/ST/filex/common/src/fx_file_best_effort_allocate.c **** /**************************************************************************/
  79:Middlewares/ST/filex/common/src/fx_file_best_effort_allocate.c **** UINT  _fx_file_best_effort_allocate(FX_FILE *file_ptr, ULONG size, ULONG *actual_size_allocated)
  80:Middlewares/ST/filex/common/src/fx_file_best_effort_allocate.c **** {
  29              		.loc 1 80 1 view -0
  30              		.cfi_startproc
  31              		@ args = 0, pretend = 0, frame = 8
  32              		@ frame_needed = 0, uses_anonymous_args = 0
  33              		.loc 1 80 1 is_stmt 0 view .LVU1
  34 0000 10B5     		push	{r4, lr}
  35              	.LCFI0:
ARM GAS  /tmp/ccqUYwqS.s 			page 3


  36              		.cfi_def_cfa_offset 8
  37              		.cfi_offset 4, -8
  38              		.cfi_offset 14, -4
  39 0002 84B0     		sub	sp, sp, #16
  40              	.LCFI1:
  41              		.cfi_def_cfa_offset 24
  42 0004 1446     		mov	r4, r2
  81:Middlewares/ST/filex/common/src/fx_file_best_effort_allocate.c **** 
  82:Middlewares/ST/filex/common/src/fx_file_best_effort_allocate.c **** UINT    status;
  43              		.loc 1 82 1 is_stmt 1 view .LVU2
  83:Middlewares/ST/filex/common/src/fx_file_best_effort_allocate.c **** ULONG64 temp_actual_size_allocated;
  44              		.loc 1 83 1 view .LVU3
  84:Middlewares/ST/filex/common/src/fx_file_best_effort_allocate.c **** 
  85:Middlewares/ST/filex/common/src/fx_file_best_effort_allocate.c ****     /* Call actual best effort file allocate service.  */
  86:Middlewares/ST/filex/common/src/fx_file_best_effort_allocate.c ****     status = _fx_file_extended_best_effort_allocate(file_ptr, (ULONG64)size, &temp_actual_size_allo
  45              		.loc 1 86 5 view .LVU4
  46              		.loc 1 86 14 is_stmt 0 view .LVU5
  47 0006 02AB     		add	r3, sp, #8
  48 0008 0093     		str	r3, [sp]
  49 000a 0A46     		mov	r2, r1
  50              	.LVL1:
  51              		.loc 1 86 14 view .LVU6
  52 000c 0023     		movs	r3, #0
  53 000e FFF7FEFF 		bl	_fx_file_extended_best_effort_allocate
  54              	.LVL2:
  87:Middlewares/ST/filex/common/src/fx_file_best_effort_allocate.c **** 
  88:Middlewares/ST/filex/common/src/fx_file_best_effort_allocate.c ****     /* Check status.  */
  89:Middlewares/ST/filex/common/src/fx_file_best_effort_allocate.c ****     if (status == FX_SUCCESS)
  55              		.loc 1 89 5 is_stmt 1 view .LVU7
  56              		.loc 1 89 8 is_stmt 0 view .LVU8
  57 0012 08B9     		cbnz	r0, .L1
  90:Middlewares/ST/filex/common/src/fx_file_best_effort_allocate.c ****     {
  91:Middlewares/ST/filex/common/src/fx_file_best_effort_allocate.c ****         *actual_size_allocated = (ULONG)temp_actual_size_allocated;
  58              		.loc 1 91 9 is_stmt 1 view .LVU9
  59              		.loc 1 91 34 is_stmt 0 view .LVU10
  60 0014 029B     		ldr	r3, [sp, #8]
  61              		.loc 1 91 32 view .LVU11
  62 0016 2360     		str	r3, [r4]
  92:Middlewares/ST/filex/common/src/fx_file_best_effort_allocate.c ****     }
  93:Middlewares/ST/filex/common/src/fx_file_best_effort_allocate.c **** 
  94:Middlewares/ST/filex/common/src/fx_file_best_effort_allocate.c ****     /* Return status to the caller.  */
  95:Middlewares/ST/filex/common/src/fx_file_best_effort_allocate.c ****     return(status);
  63              		.loc 1 95 5 is_stmt 1 view .LVU12
  64              	.L1:
  96:Middlewares/ST/filex/common/src/fx_file_best_effort_allocate.c **** }
  65              		.loc 1 96 1 is_stmt 0 view .LVU13
  66 0018 04B0     		add	sp, sp, #16
  67              	.LCFI2:
  68              		.cfi_def_cfa_offset 8
  69              		@ sp needed
  70 001a 10BD     		pop	{r4, pc}
  71              		.loc 1 96 1 view .LVU14
  72              		.cfi_endproc
  73              	.LFE8:
  75              		.text
  76              	.Letext0:
  77              		.file 2 "Middlewares/ST/threadx/ports/cortex_m7/gnu/inc/tx_port.h"
ARM GAS  /tmp/ccqUYwqS.s 			page 4


  78              		.file 3 "Middlewares/ST/threadx/common/inc/tx_api.h"
  79              		.file 4 "Middlewares/ST/filex/common/inc/fx_api.h"
  80              		.file 5 "Middlewares/ST/filex/common/inc/fx_file.h"
ARM GAS  /tmp/ccqUYwqS.s 			page 5


DEFINED SYMBOLS
                            *ABS*:00000000 fx_file_best_effort_allocate.c
     /tmp/ccqUYwqS.s:20     .text._fx_file_best_effort_allocate:00000000 $t
     /tmp/ccqUYwqS.s:26     .text._fx_file_best_effort_allocate:00000000 _fx_file_best_effort_allocate

UNDEFINED SYMBOLS
_fx_file_extended_best_effort_allocate
