ARM GAS  /tmp/ccCjnfgm.s 			page 1


   1              		.cpu cortex-m7
   2              		.arch armv7e-m
   3              		.fpu fpv5-d16
   4              		.eabi_attribute 28, 1
   5              		.eabi_attribute 20, 1
   6              		.eabi_attribute 21, 1
   7              		.eabi_attribute 23, 3
   8              		.eabi_attribute 24, 1
   9              		.eabi_attribute 25, 1
  10              		.eabi_attribute 26, 1
  11              		.eabi_attribute 30, 1
  12              		.eabi_attribute 34, 1
  13              		.eabi_attribute 18, 4
  14              		.file	"fx_file_read.c"
  15              		.text
  16              	.Ltext0:
  17              		.cfi_sections	.debug_frame
  18              		.file 1 "Middlewares/ST/filex/common/src/fx_file_read.c"
  19              		.section	.text._fx_file_read,"ax",%progbits
  20              		.align	1
  21              		.global	_fx_file_read
  22              		.syntax unified
  23              		.thumb
  24              		.thumb_func
  26              	_fx_file_read:
  27              	.LVL0:
  28              	.LFB8:
   1:Middlewares/ST/filex/common/src/fx_file_read.c **** /**************************************************************************/
   2:Middlewares/ST/filex/common/src/fx_file_read.c **** /*                                                                        */
   3:Middlewares/ST/filex/common/src/fx_file_read.c **** /*       Copyright (c) Microsoft Corporation. All rights reserved.        */
   4:Middlewares/ST/filex/common/src/fx_file_read.c **** /*                                                                        */
   5:Middlewares/ST/filex/common/src/fx_file_read.c **** /*       This software is licensed under the Microsoft Software License   */
   6:Middlewares/ST/filex/common/src/fx_file_read.c **** /*       Terms for Microsoft Azure RTOS. Full text of the license can be  */
   7:Middlewares/ST/filex/common/src/fx_file_read.c **** /*       found in the LICENSE file at https://aka.ms/AzureRTOS_EULA       */
   8:Middlewares/ST/filex/common/src/fx_file_read.c **** /*       and in the root directory of this software.                      */
   9:Middlewares/ST/filex/common/src/fx_file_read.c **** /*                                                                        */
  10:Middlewares/ST/filex/common/src/fx_file_read.c **** /**************************************************************************/
  11:Middlewares/ST/filex/common/src/fx_file_read.c **** 
  12:Middlewares/ST/filex/common/src/fx_file_read.c **** 
  13:Middlewares/ST/filex/common/src/fx_file_read.c **** /**************************************************************************/
  14:Middlewares/ST/filex/common/src/fx_file_read.c **** /**************************************************************************/
  15:Middlewares/ST/filex/common/src/fx_file_read.c **** /**                                                                       */
  16:Middlewares/ST/filex/common/src/fx_file_read.c **** /** FileX Component                                                       */
  17:Middlewares/ST/filex/common/src/fx_file_read.c **** /**                                                                       */
  18:Middlewares/ST/filex/common/src/fx_file_read.c **** /**   File                                                                */
  19:Middlewares/ST/filex/common/src/fx_file_read.c **** /**                                                                       */
  20:Middlewares/ST/filex/common/src/fx_file_read.c **** /**************************************************************************/
  21:Middlewares/ST/filex/common/src/fx_file_read.c **** /**************************************************************************/
  22:Middlewares/ST/filex/common/src/fx_file_read.c **** 
  23:Middlewares/ST/filex/common/src/fx_file_read.c **** #define FX_SOURCE_CODE
  24:Middlewares/ST/filex/common/src/fx_file_read.c **** 
  25:Middlewares/ST/filex/common/src/fx_file_read.c **** 
  26:Middlewares/ST/filex/common/src/fx_file_read.c **** /* Include necessary system files.  */
  27:Middlewares/ST/filex/common/src/fx_file_read.c **** 
  28:Middlewares/ST/filex/common/src/fx_file_read.c **** #include "fx_api.h"
  29:Middlewares/ST/filex/common/src/fx_file_read.c **** #include "fx_system.h"
  30:Middlewares/ST/filex/common/src/fx_file_read.c **** #include "fx_file.h"
ARM GAS  /tmp/ccCjnfgm.s 			page 2


  31:Middlewares/ST/filex/common/src/fx_file_read.c **** #include "fx_utility.h"
  32:Middlewares/ST/filex/common/src/fx_file_read.c **** 
  33:Middlewares/ST/filex/common/src/fx_file_read.c **** 
  34:Middlewares/ST/filex/common/src/fx_file_read.c **** /**************************************************************************/
  35:Middlewares/ST/filex/common/src/fx_file_read.c **** /*                                                                        */
  36:Middlewares/ST/filex/common/src/fx_file_read.c **** /*  FUNCTION                                               RELEASE        */
  37:Middlewares/ST/filex/common/src/fx_file_read.c **** /*                                                                        */
  38:Middlewares/ST/filex/common/src/fx_file_read.c **** /*    _fx_file_read                                       PORTABLE C      */
  39:Middlewares/ST/filex/common/src/fx_file_read.c **** /*                                                           6.1          */
  40:Middlewares/ST/filex/common/src/fx_file_read.c **** /*  AUTHOR                                                                */
  41:Middlewares/ST/filex/common/src/fx_file_read.c **** /*                                                                        */
  42:Middlewares/ST/filex/common/src/fx_file_read.c **** /*    William E. Lamie, Microsoft Corporation                             */
  43:Middlewares/ST/filex/common/src/fx_file_read.c **** /*                                                                        */
  44:Middlewares/ST/filex/common/src/fx_file_read.c **** /*  DESCRIPTION                                                           */
  45:Middlewares/ST/filex/common/src/fx_file_read.c **** /*                                                                        */
  46:Middlewares/ST/filex/common/src/fx_file_read.c **** /*    This function reads the specified number of bytes (or as many as    */
  47:Middlewares/ST/filex/common/src/fx_file_read.c **** /*    possible into the buffer supplied by the caller.  The actual number */
  48:Middlewares/ST/filex/common/src/fx_file_read.c **** /*    of bytes and the status of the read operation is returned to the    */
  49:Middlewares/ST/filex/common/src/fx_file_read.c **** /*    caller.  In addition, various internal file pointers in the file    */
  50:Middlewares/ST/filex/common/src/fx_file_read.c **** /*    control block are also updated.                                     */
  51:Middlewares/ST/filex/common/src/fx_file_read.c **** /*                                                                        */
  52:Middlewares/ST/filex/common/src/fx_file_read.c **** /*  INPUT                                                                 */
  53:Middlewares/ST/filex/common/src/fx_file_read.c **** /*                                                                        */
  54:Middlewares/ST/filex/common/src/fx_file_read.c **** /*    file_ptr                              File control block pointer    */
  55:Middlewares/ST/filex/common/src/fx_file_read.c **** /*    buffer_ptr                            Buffer pointer                */
  56:Middlewares/ST/filex/common/src/fx_file_read.c **** /*    request_size                          Number of bytes requested     */
  57:Middlewares/ST/filex/common/src/fx_file_read.c **** /*    actual_size                           Pointer to variable for the   */
  58:Middlewares/ST/filex/common/src/fx_file_read.c **** /*                                            number of bytes read        */
  59:Middlewares/ST/filex/common/src/fx_file_read.c **** /*                                                                        */
  60:Middlewares/ST/filex/common/src/fx_file_read.c **** /*  OUTPUT                                                                */
  61:Middlewares/ST/filex/common/src/fx_file_read.c **** /*                                                                        */
  62:Middlewares/ST/filex/common/src/fx_file_read.c **** /*    return status                                                       */
  63:Middlewares/ST/filex/common/src/fx_file_read.c **** /*                                                                        */
  64:Middlewares/ST/filex/common/src/fx_file_read.c **** /*  CALLS                                                                 */
  65:Middlewares/ST/filex/common/src/fx_file_read.c **** /*                                                                        */
  66:Middlewares/ST/filex/common/src/fx_file_read.c **** /*    _fx_utility_FAT_entry_read            Read a FAT entry              */
  67:Middlewares/ST/filex/common/src/fx_file_read.c **** /*    _fx_utility_logical_sector_read       Read a logical sector         */
  68:Middlewares/ST/filex/common/src/fx_file_read.c **** /*    _fx_utility_memory_copy               Fast memory copy routine      */
  69:Middlewares/ST/filex/common/src/fx_file_read.c **** /*                                                                        */
  70:Middlewares/ST/filex/common/src/fx_file_read.c **** /*  CALLED BY                                                             */
  71:Middlewares/ST/filex/common/src/fx_file_read.c **** /*                                                                        */
  72:Middlewares/ST/filex/common/src/fx_file_read.c **** /*    Application Code                                                    */
  73:Middlewares/ST/filex/common/src/fx_file_read.c **** /*                                                                        */
  74:Middlewares/ST/filex/common/src/fx_file_read.c **** /*  RELEASE HISTORY                                                       */
  75:Middlewares/ST/filex/common/src/fx_file_read.c **** /*                                                                        */
  76:Middlewares/ST/filex/common/src/fx_file_read.c **** /*    DATE              NAME                      DESCRIPTION             */
  77:Middlewares/ST/filex/common/src/fx_file_read.c **** /*                                                                        */
  78:Middlewares/ST/filex/common/src/fx_file_read.c **** /*  05-19-2020     William E. Lamie         Initial Version 6.0           */
  79:Middlewares/ST/filex/common/src/fx_file_read.c **** /*  09-30-2020     William E. Lamie         Modified comment(s), verified */
  80:Middlewares/ST/filex/common/src/fx_file_read.c **** /*                                            memcpy usage,               */
  81:Middlewares/ST/filex/common/src/fx_file_read.c **** /*                                            resulting in version 6.1    */
  82:Middlewares/ST/filex/common/src/fx_file_read.c **** /*                                                                        */
  83:Middlewares/ST/filex/common/src/fx_file_read.c **** /**************************************************************************/
  84:Middlewares/ST/filex/common/src/fx_file_read.c **** UINT  _fx_file_read(FX_FILE *file_ptr, VOID *buffer_ptr, ULONG request_size, ULONG *actual_size)
  85:Middlewares/ST/filex/common/src/fx_file_read.c **** {
  29              		.loc 1 85 1 view -0
  30              		.cfi_startproc
ARM GAS  /tmp/ccCjnfgm.s 			page 3


  31              		@ args = 0, pretend = 0, frame = 32
  32              		@ frame_needed = 0, uses_anonymous_args = 0
  33              		.loc 1 85 1 is_stmt 0 view .LVU1
  34 0000 2DE9F04F 		push	{r4, r5, r6, r7, r8, r9, r10, fp, lr}
  35              	.LCFI0:
  36              		.cfi_def_cfa_offset 36
  37              		.cfi_offset 4, -36
  38              		.cfi_offset 5, -32
  39              		.cfi_offset 6, -28
  40              		.cfi_offset 7, -24
  41              		.cfi_offset 8, -20
  42              		.cfi_offset 9, -16
  43              		.cfi_offset 10, -12
  44              		.cfi_offset 11, -8
  45              		.cfi_offset 14, -4
  46 0004 8DB0     		sub	sp, sp, #52
  47              	.LCFI1:
  48              		.cfi_def_cfa_offset 88
  49 0006 0E46     		mov	r6, r1
  50 0008 1146     		mov	r1, r2
  51              	.LVL1:
  52              		.loc 1 85 1 view .LVU2
  53 000a 0592     		str	r2, [sp, #20]
  54 000c 0693     		str	r3, [sp, #24]
  86:Middlewares/ST/filex/common/src/fx_file_read.c **** 
  87:Middlewares/ST/filex/common/src/fx_file_read.c **** UINT                   status;
  55              		.loc 1 87 1 is_stmt 1 view .LVU3
  88:Middlewares/ST/filex/common/src/fx_file_read.c **** ULONG                  bytes_remaining, i;
  56              		.loc 1 88 1 view .LVU4
  89:Middlewares/ST/filex/common/src/fx_file_read.c **** ULONG                  copy_bytes;
  57              		.loc 1 89 1 view .LVU5
  90:Middlewares/ST/filex/common/src/fx_file_read.c **** UCHAR                 *destination_ptr;
  58              		.loc 1 90 1 view .LVU6
  91:Middlewares/ST/filex/common/src/fx_file_read.c **** ULONG                  cluster, next_cluster;
  59              		.loc 1 91 1 view .LVU7
  92:Middlewares/ST/filex/common/src/fx_file_read.c **** UINT                   sectors;
  60              		.loc 1 92 1 view .LVU8
  93:Middlewares/ST/filex/common/src/fx_file_read.c **** FX_MEDIA              *media_ptr;
  61              		.loc 1 93 1 view .LVU9
  94:Middlewares/ST/filex/common/src/fx_file_read.c **** 
  95:Middlewares/ST/filex/common/src/fx_file_read.c **** #ifdef TX_ENABLE_EVENT_TRACE
  96:Middlewares/ST/filex/common/src/fx_file_read.c **** TX_TRACE_BUFFER_ENTRY *trace_event;
  62              		.loc 1 96 1 view .LVU10
  97:Middlewares/ST/filex/common/src/fx_file_read.c **** ULONG                  trace_timestamp;
  63              		.loc 1 97 1 view .LVU11
  98:Middlewares/ST/filex/common/src/fx_file_read.c **** #endif
  99:Middlewares/ST/filex/common/src/fx_file_read.c **** 
 100:Middlewares/ST/filex/common/src/fx_file_read.c **** 
 101:Middlewares/ST/filex/common/src/fx_file_read.c ****     /* First, determine if the file is still open.  */
 102:Middlewares/ST/filex/common/src/fx_file_read.c ****     if (file_ptr -> fx_file_id != FX_FILE_ID)
  64              		.loc 1 102 5 view .LVU12
  65              		.loc 1 102 18 is_stmt 0 view .LVU13
  66 000e 0268     		ldr	r2, [r0]
  67              	.LVL2:
  68              		.loc 1 102 8 view .LVU14
  69 0010 9F4B     		ldr	r3, .L44
  70              	.LVL3:
ARM GAS  /tmp/ccCjnfgm.s 			page 4


  71              		.loc 1 102 8 view .LVU15
  72 0012 9A42     		cmp	r2, r3
  73 0014 05D0     		beq	.L35
 103:Middlewares/ST/filex/common/src/fx_file_read.c ****     {
 104:Middlewares/ST/filex/common/src/fx_file_read.c **** 
 105:Middlewares/ST/filex/common/src/fx_file_read.c ****         /* Return the file not open error status.  */
 106:Middlewares/ST/filex/common/src/fx_file_read.c ****         return(FX_NOT_OPEN);
  74              		.loc 1 106 15 view .LVU16
  75 0016 4FF0070A 		mov	r10, #7
  76              	.LVL4:
  77              	.L1:
 107:Middlewares/ST/filex/common/src/fx_file_read.c ****     }
 108:Middlewares/ST/filex/common/src/fx_file_read.c **** 
 109:Middlewares/ST/filex/common/src/fx_file_read.c **** #ifndef FX_MEDIA_STATISTICS_DISABLE
 110:Middlewares/ST/filex/common/src/fx_file_read.c ****     /* Setup pointer to media structure.  */
 111:Middlewares/ST/filex/common/src/fx_file_read.c ****     media_ptr =  file_ptr -> fx_file_media_ptr;
 112:Middlewares/ST/filex/common/src/fx_file_read.c **** 
 113:Middlewares/ST/filex/common/src/fx_file_read.c ****     /* Increment the number of times this service has been called.  */
 114:Middlewares/ST/filex/common/src/fx_file_read.c ****     media_ptr -> fx_media_file_reads++;
 115:Middlewares/ST/filex/common/src/fx_file_read.c **** #endif
 116:Middlewares/ST/filex/common/src/fx_file_read.c **** 
 117:Middlewares/ST/filex/common/src/fx_file_read.c ****     /* Setup pointer to associated media control block.  */
 118:Middlewares/ST/filex/common/src/fx_file_read.c ****     media_ptr =  file_ptr -> fx_file_media_ptr;
 119:Middlewares/ST/filex/common/src/fx_file_read.c **** 
 120:Middlewares/ST/filex/common/src/fx_file_read.c ****     /* If trace is enabled, insert this event into the trace buffer.  */
 121:Middlewares/ST/filex/common/src/fx_file_read.c ****     FX_TRACE_IN_LINE_INSERT(FX_TRACE_FILE_READ, file_ptr, buffer_ptr, request_size, 0, FX_TRACE_FIL
 122:Middlewares/ST/filex/common/src/fx_file_read.c **** 
 123:Middlewares/ST/filex/common/src/fx_file_read.c ****     /* Protect against other threads accessing the media.  */
 124:Middlewares/ST/filex/common/src/fx_file_read.c ****     FX_PROTECT
 125:Middlewares/ST/filex/common/src/fx_file_read.c **** 
 126:Middlewares/ST/filex/common/src/fx_file_read.c ****     /* Next, determine if there is any more bytes to read in the file.  */
 127:Middlewares/ST/filex/common/src/fx_file_read.c ****     if (file_ptr -> fx_file_current_file_offset >=
 128:Middlewares/ST/filex/common/src/fx_file_read.c ****         file_ptr -> fx_file_current_file_size)
 129:Middlewares/ST/filex/common/src/fx_file_read.c ****     {
 130:Middlewares/ST/filex/common/src/fx_file_read.c **** 
 131:Middlewares/ST/filex/common/src/fx_file_read.c ****         /* Release media protection.  */
 132:Middlewares/ST/filex/common/src/fx_file_read.c ****         FX_UNPROTECT
 133:Middlewares/ST/filex/common/src/fx_file_read.c **** 
 134:Middlewares/ST/filex/common/src/fx_file_read.c ****         /* The file is at the end, return the proper status and set the
 135:Middlewares/ST/filex/common/src/fx_file_read.c ****            actual size to 0.  */
 136:Middlewares/ST/filex/common/src/fx_file_read.c ****         *actual_size =  0;
 137:Middlewares/ST/filex/common/src/fx_file_read.c ****         return(FX_END_OF_FILE);
 138:Middlewares/ST/filex/common/src/fx_file_read.c ****     }
 139:Middlewares/ST/filex/common/src/fx_file_read.c **** 
 140:Middlewares/ST/filex/common/src/fx_file_read.c ****     /* At this point there is something to read.  */
 141:Middlewares/ST/filex/common/src/fx_file_read.c **** 
 142:Middlewares/ST/filex/common/src/fx_file_read.c ****     /* Setup local buffer pointer.  */
 143:Middlewares/ST/filex/common/src/fx_file_read.c ****     destination_ptr =  (UCHAR *)buffer_ptr;
 144:Middlewares/ST/filex/common/src/fx_file_read.c **** 
 145:Middlewares/ST/filex/common/src/fx_file_read.c ****     /* Determine if there are less bytes left in the file than that specified
 146:Middlewares/ST/filex/common/src/fx_file_read.c ****        by the request.  If so, adjust the requested size.  */
 147:Middlewares/ST/filex/common/src/fx_file_read.c ****     if ((ULONG64)request_size >
 148:Middlewares/ST/filex/common/src/fx_file_read.c ****         (file_ptr -> fx_file_current_file_size - file_ptr -> fx_file_current_file_offset))
 149:Middlewares/ST/filex/common/src/fx_file_read.c ****     {
 150:Middlewares/ST/filex/common/src/fx_file_read.c **** 
 151:Middlewares/ST/filex/common/src/fx_file_read.c ****         /* Adjust the bytes remaining to what's available.  */
 152:Middlewares/ST/filex/common/src/fx_file_read.c ****         request_size =  (ULONG)(file_ptr -> fx_file_current_file_size - file_ptr -> fx_file_current
ARM GAS  /tmp/ccCjnfgm.s 			page 5


 153:Middlewares/ST/filex/common/src/fx_file_read.c ****     }
 154:Middlewares/ST/filex/common/src/fx_file_read.c **** 
 155:Middlewares/ST/filex/common/src/fx_file_read.c ****     /* Setup the remaining number of bytes to read.  */
 156:Middlewares/ST/filex/common/src/fx_file_read.c ****     bytes_remaining =  request_size;
 157:Middlewares/ST/filex/common/src/fx_file_read.c **** 
 158:Middlewares/ST/filex/common/src/fx_file_read.c ****     /* Loop to read all of the bytes.  */
 159:Middlewares/ST/filex/common/src/fx_file_read.c ****     while (bytes_remaining)
 160:Middlewares/ST/filex/common/src/fx_file_read.c ****     {
 161:Middlewares/ST/filex/common/src/fx_file_read.c **** 
 162:Middlewares/ST/filex/common/src/fx_file_read.c ****         /* Determine if a beginning or ending partial read is required.  */
 163:Middlewares/ST/filex/common/src/fx_file_read.c ****         if ((file_ptr -> fx_file_current_logical_offset) ||
 164:Middlewares/ST/filex/common/src/fx_file_read.c ****             (bytes_remaining < media_ptr -> fx_media_bytes_per_sector))
 165:Middlewares/ST/filex/common/src/fx_file_read.c ****         {
 166:Middlewares/ST/filex/common/src/fx_file_read.c **** 
 167:Middlewares/ST/filex/common/src/fx_file_read.c ****             /* A partial sector read is required.  */
 168:Middlewares/ST/filex/common/src/fx_file_read.c **** 
 169:Middlewares/ST/filex/common/src/fx_file_read.c ****             /* Read the current logical sector.  */
 170:Middlewares/ST/filex/common/src/fx_file_read.c ****             status =  _fx_utility_logical_sector_read(media_ptr,
 171:Middlewares/ST/filex/common/src/fx_file_read.c ****                                                       file_ptr -> fx_file_current_logical_sector,
 172:Middlewares/ST/filex/common/src/fx_file_read.c ****                                                       media_ptr -> fx_media_memory_buffer, ((ULONG)
 173:Middlewares/ST/filex/common/src/fx_file_read.c **** 
 174:Middlewares/ST/filex/common/src/fx_file_read.c ****             /* Check for good completion status.  */
 175:Middlewares/ST/filex/common/src/fx_file_read.c ****             if (status !=  FX_SUCCESS)
 176:Middlewares/ST/filex/common/src/fx_file_read.c ****             {
 177:Middlewares/ST/filex/common/src/fx_file_read.c **** 
 178:Middlewares/ST/filex/common/src/fx_file_read.c ****                 /* Release media protection.  */
 179:Middlewares/ST/filex/common/src/fx_file_read.c ****                 FX_UNPROTECT
 180:Middlewares/ST/filex/common/src/fx_file_read.c **** 
 181:Middlewares/ST/filex/common/src/fx_file_read.c ****                 /* Return the error status.  */
 182:Middlewares/ST/filex/common/src/fx_file_read.c ****                 return(status);
 183:Middlewares/ST/filex/common/src/fx_file_read.c ****             }
 184:Middlewares/ST/filex/common/src/fx_file_read.c **** 
 185:Middlewares/ST/filex/common/src/fx_file_read.c ****             /* Copy the appropriate number of bytes into the destination buffer.  */
 186:Middlewares/ST/filex/common/src/fx_file_read.c ****             copy_bytes =  media_ptr -> fx_media_bytes_per_sector -
 187:Middlewares/ST/filex/common/src/fx_file_read.c ****                 file_ptr -> fx_file_current_logical_offset;
 188:Middlewares/ST/filex/common/src/fx_file_read.c **** 
 189:Middlewares/ST/filex/common/src/fx_file_read.c ****             /* Check to see if only a portion of the read sector needs to be
 190:Middlewares/ST/filex/common/src/fx_file_read.c ****                copied.  */
 191:Middlewares/ST/filex/common/src/fx_file_read.c ****             if (copy_bytes > bytes_remaining)
 192:Middlewares/ST/filex/common/src/fx_file_read.c ****             {
 193:Middlewares/ST/filex/common/src/fx_file_read.c **** 
 194:Middlewares/ST/filex/common/src/fx_file_read.c ****                 /* Adjust the number of bytes to copy.  */
 195:Middlewares/ST/filex/common/src/fx_file_read.c ****                 copy_bytes =  bytes_remaining;
 196:Middlewares/ST/filex/common/src/fx_file_read.c ****             }
 197:Middlewares/ST/filex/common/src/fx_file_read.c **** 
 198:Middlewares/ST/filex/common/src/fx_file_read.c ****             /* Actually perform the memory copy.  */
 199:Middlewares/ST/filex/common/src/fx_file_read.c ****             _fx_utility_memory_copy(((UCHAR *)media_ptr -> fx_media_memory_buffer) + /* Use case of
 200:Middlewares/ST/filex/common/src/fx_file_read.c ****                                     file_ptr -> fx_file_current_logical_offset,
 201:Middlewares/ST/filex/common/src/fx_file_read.c ****                                     destination_ptr, copy_bytes);
 202:Middlewares/ST/filex/common/src/fx_file_read.c **** 
 203:Middlewares/ST/filex/common/src/fx_file_read.c ****             /* Increment the logical sector byte offset.  */
 204:Middlewares/ST/filex/common/src/fx_file_read.c ****             file_ptr -> fx_file_current_logical_offset =
 205:Middlewares/ST/filex/common/src/fx_file_read.c ****                 file_ptr -> fx_file_current_logical_offset + copy_bytes;
 206:Middlewares/ST/filex/common/src/fx_file_read.c **** 
 207:Middlewares/ST/filex/common/src/fx_file_read.c ****             /* Adjust the remaining bytes to read.  */
 208:Middlewares/ST/filex/common/src/fx_file_read.c ****             bytes_remaining =  bytes_remaining - copy_bytes;
 209:Middlewares/ST/filex/common/src/fx_file_read.c **** 
ARM GAS  /tmp/ccCjnfgm.s 			page 6


 210:Middlewares/ST/filex/common/src/fx_file_read.c ****             /* Adjust the pointer to the destination buffer.  */
 211:Middlewares/ST/filex/common/src/fx_file_read.c ****             destination_ptr =  destination_ptr + copy_bytes;
 212:Middlewares/ST/filex/common/src/fx_file_read.c ****         }
 213:Middlewares/ST/filex/common/src/fx_file_read.c ****         else
 214:Middlewares/ST/filex/common/src/fx_file_read.c ****         {
 215:Middlewares/ST/filex/common/src/fx_file_read.c **** 
 216:Middlewares/ST/filex/common/src/fx_file_read.c ****             /* Attempt to read multiple sectors directly into the destination
 217:Middlewares/ST/filex/common/src/fx_file_read.c ****                buffer.  */
 218:Middlewares/ST/filex/common/src/fx_file_read.c **** 
 219:Middlewares/ST/filex/common/src/fx_file_read.c ****             /* Calculate the number of whole sectors to read directly into
 220:Middlewares/ST/filex/common/src/fx_file_read.c ****                the destination buffer.  */
 221:Middlewares/ST/filex/common/src/fx_file_read.c ****             sectors =  (UINT)(bytes_remaining / media_ptr -> fx_media_bytes_per_sector);
 222:Middlewares/ST/filex/common/src/fx_file_read.c **** 
 223:Middlewares/ST/filex/common/src/fx_file_read.c **** 
 224:Middlewares/ST/filex/common/src/fx_file_read.c ****             next_cluster = cluster = file_ptr -> fx_file_current_physical_cluster;
 225:Middlewares/ST/filex/common/src/fx_file_read.c ****             for (i = (media_ptr -> fx_media_sectors_per_cluster -
 226:Middlewares/ST/filex/common/src/fx_file_read.c ****                       file_ptr -> fx_file_current_relative_sector); i < sectors; i += media_ptr -> 
 227:Middlewares/ST/filex/common/src/fx_file_read.c ****             {
 228:Middlewares/ST/filex/common/src/fx_file_read.c **** #ifdef FX_ENABLE_EXFAT
 229:Middlewares/ST/filex/common/src/fx_file_read.c ****                 if (file_ptr -> fx_file_dir_entry.fx_dir_entry_dont_use_fat & 1)
 230:Middlewares/ST/filex/common/src/fx_file_read.c ****                 {
 231:Middlewares/ST/filex/common/src/fx_file_read.c ****                     cluster++;
 232:Middlewares/ST/filex/common/src/fx_file_read.c ****                 }
 233:Middlewares/ST/filex/common/src/fx_file_read.c ****                 else
 234:Middlewares/ST/filex/common/src/fx_file_read.c ****                 {
 235:Middlewares/ST/filex/common/src/fx_file_read.c **** #endif /* FX_ENABLE_EXFAT */
 236:Middlewares/ST/filex/common/src/fx_file_read.c ****                     status =  _fx_utility_FAT_entry_read(media_ptr, cluster, &next_cluster);
 237:Middlewares/ST/filex/common/src/fx_file_read.c **** 
 238:Middlewares/ST/filex/common/src/fx_file_read.c ****                     /* Determine if an error is present.  */
 239:Middlewares/ST/filex/common/src/fx_file_read.c ****                     if ((status != FX_SUCCESS) || (next_cluster < FX_FAT_ENTRY_START) ||
 240:Middlewares/ST/filex/common/src/fx_file_read.c ****                         (next_cluster > media_ptr -> fx_media_fat_reserved))
 241:Middlewares/ST/filex/common/src/fx_file_read.c ****                     {
 242:Middlewares/ST/filex/common/src/fx_file_read.c **** 
 243:Middlewares/ST/filex/common/src/fx_file_read.c ****                         /* Release media protection.  */
 244:Middlewares/ST/filex/common/src/fx_file_read.c ****                         FX_UNPROTECT
 245:Middlewares/ST/filex/common/src/fx_file_read.c **** 
 246:Middlewares/ST/filex/common/src/fx_file_read.c ****                         /* Send error message back to caller.  */
 247:Middlewares/ST/filex/common/src/fx_file_read.c ****                         if (status != FX_SUCCESS)
 248:Middlewares/ST/filex/common/src/fx_file_read.c ****                         {
 249:Middlewares/ST/filex/common/src/fx_file_read.c ****                             return(status);
 250:Middlewares/ST/filex/common/src/fx_file_read.c ****                         }
 251:Middlewares/ST/filex/common/src/fx_file_read.c ****                         else
 252:Middlewares/ST/filex/common/src/fx_file_read.c ****                         {
 253:Middlewares/ST/filex/common/src/fx_file_read.c ****                             return(FX_FILE_CORRUPT);
 254:Middlewares/ST/filex/common/src/fx_file_read.c ****                         }
 255:Middlewares/ST/filex/common/src/fx_file_read.c ****                     }
 256:Middlewares/ST/filex/common/src/fx_file_read.c **** 
 257:Middlewares/ST/filex/common/src/fx_file_read.c ****                     if (next_cluster != cluster + 1)
 258:Middlewares/ST/filex/common/src/fx_file_read.c ****                     {
 259:Middlewares/ST/filex/common/src/fx_file_read.c ****                         break;
 260:Middlewares/ST/filex/common/src/fx_file_read.c ****                     }
 261:Middlewares/ST/filex/common/src/fx_file_read.c ****                     else
 262:Middlewares/ST/filex/common/src/fx_file_read.c ****                     {
 263:Middlewares/ST/filex/common/src/fx_file_read.c ****                         cluster = next_cluster;
 264:Middlewares/ST/filex/common/src/fx_file_read.c ****                     }
 265:Middlewares/ST/filex/common/src/fx_file_read.c **** #ifdef FX_ENABLE_EXFAT
 266:Middlewares/ST/filex/common/src/fx_file_read.c ****                 }
ARM GAS  /tmp/ccCjnfgm.s 			page 7


 267:Middlewares/ST/filex/common/src/fx_file_read.c **** #endif /* FX_ENABLE_EXFAT */
 268:Middlewares/ST/filex/common/src/fx_file_read.c ****             }
 269:Middlewares/ST/filex/common/src/fx_file_read.c **** 
 270:Middlewares/ST/filex/common/src/fx_file_read.c ****             if (i < sectors)
 271:Middlewares/ST/filex/common/src/fx_file_read.c ****             {
 272:Middlewares/ST/filex/common/src/fx_file_read.c ****                 sectors = i;
 273:Middlewares/ST/filex/common/src/fx_file_read.c ****             }
 274:Middlewares/ST/filex/common/src/fx_file_read.c **** 
 275:Middlewares/ST/filex/common/src/fx_file_read.c ****             /* Determine if this is a single sector read request.  If so, read the sector so it wil
 276:Middlewares/ST/filex/common/src/fx_file_read.c ****                come from the internal cache.  */
 277:Middlewares/ST/filex/common/src/fx_file_read.c ****             if (sectors == 1)
 278:Middlewares/ST/filex/common/src/fx_file_read.c ****             {
 279:Middlewares/ST/filex/common/src/fx_file_read.c **** 
 280:Middlewares/ST/filex/common/src/fx_file_read.c ****                 /* Read the current logical sector.  */
 281:Middlewares/ST/filex/common/src/fx_file_read.c ****                 status =  _fx_utility_logical_sector_read(media_ptr,
 282:Middlewares/ST/filex/common/src/fx_file_read.c ****                                                           file_ptr -> fx_file_current_logical_secto
 283:Middlewares/ST/filex/common/src/fx_file_read.c ****                                                           media_ptr -> fx_media_memory_buffer, ((UL
 284:Middlewares/ST/filex/common/src/fx_file_read.c **** 
 285:Middlewares/ST/filex/common/src/fx_file_read.c ****                 /* Check for good completion status.  */
 286:Middlewares/ST/filex/common/src/fx_file_read.c ****                 if (status !=  FX_SUCCESS)
 287:Middlewares/ST/filex/common/src/fx_file_read.c ****                 {
 288:Middlewares/ST/filex/common/src/fx_file_read.c **** 
 289:Middlewares/ST/filex/common/src/fx_file_read.c ****                     /* Release media protection.  */
 290:Middlewares/ST/filex/common/src/fx_file_read.c ****                     FX_UNPROTECT
 291:Middlewares/ST/filex/common/src/fx_file_read.c **** 
 292:Middlewares/ST/filex/common/src/fx_file_read.c ****                     /* Return the error status.  */
 293:Middlewares/ST/filex/common/src/fx_file_read.c ****                     return(status);
 294:Middlewares/ST/filex/common/src/fx_file_read.c ****                 }
 295:Middlewares/ST/filex/common/src/fx_file_read.c **** 
 296:Middlewares/ST/filex/common/src/fx_file_read.c ****                 /* Actually perform the memory copy.  */
 297:Middlewares/ST/filex/common/src/fx_file_read.c ****                 _fx_utility_memory_copy((UCHAR *)media_ptr -> fx_media_memory_buffer, destination_p
 298:Middlewares/ST/filex/common/src/fx_file_read.c ****             }
 299:Middlewares/ST/filex/common/src/fx_file_read.c ****             else
 300:Middlewares/ST/filex/common/src/fx_file_read.c ****             {
 301:Middlewares/ST/filex/common/src/fx_file_read.c **** 
 302:Middlewares/ST/filex/common/src/fx_file_read.c ****                 /* Multiple sector read request.  Read all the sectors at once.  */
 303:Middlewares/ST/filex/common/src/fx_file_read.c **** 
 304:Middlewares/ST/filex/common/src/fx_file_read.c ****                 /* Perform the data read directly into the user's buffer of
 305:Middlewares/ST/filex/common/src/fx_file_read.c ****                    the appropriate number of sectors.  */
 306:Middlewares/ST/filex/common/src/fx_file_read.c ****                 media_ptr -> fx_media_disable_burst_cache = file_ptr -> fx_file_disable_burst_cache
 307:Middlewares/ST/filex/common/src/fx_file_read.c ****                 status =  _fx_utility_logical_sector_read(media_ptr, file_ptr -> fx_file_current_lo
 308:Middlewares/ST/filex/common/src/fx_file_read.c ****                                                           destination_ptr, (ULONG) sectors, FX_DATA
 309:Middlewares/ST/filex/common/src/fx_file_read.c ****                 media_ptr -> fx_media_disable_burst_cache = FX_FALSE;
 310:Middlewares/ST/filex/common/src/fx_file_read.c **** 
 311:Middlewares/ST/filex/common/src/fx_file_read.c ****                 /* Check for good completion status.  */
 312:Middlewares/ST/filex/common/src/fx_file_read.c ****                 if (status !=  FX_SUCCESS)
 313:Middlewares/ST/filex/common/src/fx_file_read.c ****                 {
 314:Middlewares/ST/filex/common/src/fx_file_read.c **** 
 315:Middlewares/ST/filex/common/src/fx_file_read.c ****                     /* Release media protection.  */
 316:Middlewares/ST/filex/common/src/fx_file_read.c ****                     FX_UNPROTECT
 317:Middlewares/ST/filex/common/src/fx_file_read.c **** 
 318:Middlewares/ST/filex/common/src/fx_file_read.c ****                     /* Return the error status.  */
 319:Middlewares/ST/filex/common/src/fx_file_read.c ****                     return(status);
 320:Middlewares/ST/filex/common/src/fx_file_read.c ****                 }
 321:Middlewares/ST/filex/common/src/fx_file_read.c ****             }
 322:Middlewares/ST/filex/common/src/fx_file_read.c **** 
 323:Middlewares/ST/filex/common/src/fx_file_read.c ****             /* Now adjust the various file pointers.  */
ARM GAS  /tmp/ccCjnfgm.s 			page 8


 324:Middlewares/ST/filex/common/src/fx_file_read.c **** 
 325:Middlewares/ST/filex/common/src/fx_file_read.c ****             /* Increment the current logical sector.  Subtract one from
 326:Middlewares/ST/filex/common/src/fx_file_read.c ****                the sector count because we are going to use the logical
 327:Middlewares/ST/filex/common/src/fx_file_read.c ****                offset to do additional sector/cluster arithmetic below.  */
 328:Middlewares/ST/filex/common/src/fx_file_read.c ****             file_ptr -> fx_file_current_logical_sector =
 329:Middlewares/ST/filex/common/src/fx_file_read.c ****                 file_ptr -> fx_file_current_logical_sector +
 330:Middlewares/ST/filex/common/src/fx_file_read.c ****                 (sectors - 1);
 331:Middlewares/ST/filex/common/src/fx_file_read.c **** 
 332:Middlewares/ST/filex/common/src/fx_file_read.c ****             /* Move the relative sector and cluster as well.  */
 333:Middlewares/ST/filex/common/src/fx_file_read.c ****             file_ptr -> fx_file_current_relative_cluster = file_ptr -> fx_file_current_relative_clu
 334:Middlewares/ST/filex/common/src/fx_file_read.c ****                 (file_ptr -> fx_file_current_relative_sector + (sectors - 1)) /
 335:Middlewares/ST/filex/common/src/fx_file_read.c ****                 media_ptr -> fx_media_sectors_per_cluster;
 336:Middlewares/ST/filex/common/src/fx_file_read.c **** 
 337:Middlewares/ST/filex/common/src/fx_file_read.c ****             file_ptr -> fx_file_current_relative_sector =
 338:Middlewares/ST/filex/common/src/fx_file_read.c ****                 (file_ptr -> fx_file_current_relative_sector +
 339:Middlewares/ST/filex/common/src/fx_file_read.c ****                  (sectors - 1)) % media_ptr -> fx_media_sectors_per_cluster;
 340:Middlewares/ST/filex/common/src/fx_file_read.c **** 
 341:Middlewares/ST/filex/common/src/fx_file_read.c ****             /* Increment the logical sector byte offset.  */
 342:Middlewares/ST/filex/common/src/fx_file_read.c ****             file_ptr -> fx_file_current_logical_offset =
 343:Middlewares/ST/filex/common/src/fx_file_read.c ****                 media_ptr -> fx_media_bytes_per_sector;
 344:Middlewares/ST/filex/common/src/fx_file_read.c **** 
 345:Middlewares/ST/filex/common/src/fx_file_read.c ****             file_ptr -> fx_file_current_physical_cluster = cluster;
 346:Middlewares/ST/filex/common/src/fx_file_read.c **** 
 347:Middlewares/ST/filex/common/src/fx_file_read.c ****             /* Adjust the remaining bytes.  */
 348:Middlewares/ST/filex/common/src/fx_file_read.c ****             bytes_remaining =  bytes_remaining -
 349:Middlewares/ST/filex/common/src/fx_file_read.c ****                 (((ULONG)media_ptr -> fx_media_bytes_per_sector) * sectors);
 350:Middlewares/ST/filex/common/src/fx_file_read.c **** 
 351:Middlewares/ST/filex/common/src/fx_file_read.c ****             /* Adjust the pointer to the destination buffer.  */
 352:Middlewares/ST/filex/common/src/fx_file_read.c ****             destination_ptr =  destination_ptr +
 353:Middlewares/ST/filex/common/src/fx_file_read.c ****                 (((ULONG)media_ptr -> fx_media_bytes_per_sector) * sectors);
 354:Middlewares/ST/filex/common/src/fx_file_read.c ****         }
 355:Middlewares/ST/filex/common/src/fx_file_read.c **** 
 356:Middlewares/ST/filex/common/src/fx_file_read.c ****         /* At this point, we have either read a partial sector or have successfully
 357:Middlewares/ST/filex/common/src/fx_file_read.c ****            read one or more whole sectors.  Determine if we are at the end of
 358:Middlewares/ST/filex/common/src/fx_file_read.c ****            the current logical sector.  */
 359:Middlewares/ST/filex/common/src/fx_file_read.c ****         if (file_ptr -> fx_file_current_logical_offset >=
 360:Middlewares/ST/filex/common/src/fx_file_read.c ****             media_ptr -> fx_media_bytes_per_sector)
 361:Middlewares/ST/filex/common/src/fx_file_read.c ****         {
 362:Middlewares/ST/filex/common/src/fx_file_read.c **** 
 363:Middlewares/ST/filex/common/src/fx_file_read.c ****             /* Determine if we are at the exact physical end of the file at the end of reading.  */
 364:Middlewares/ST/filex/common/src/fx_file_read.c ****             if ((bytes_remaining == 0) && ((file_ptr -> fx_file_current_file_offset + (ULONG64)requ
 365:Middlewares/ST/filex/common/src/fx_file_read.c ****                                            file_ptr -> fx_file_current_available_size))
 366:Middlewares/ST/filex/common/src/fx_file_read.c ****             {
 367:Middlewares/ST/filex/common/src/fx_file_read.c **** 
 368:Middlewares/ST/filex/common/src/fx_file_read.c ****                 /* Skip the following file parameter adjustments.  The next write will
 369:Middlewares/ST/filex/common/src/fx_file_read.c ****                    detect the logical offset out of the range of the sector and reset
 370:Middlewares/ST/filex/common/src/fx_file_read.c ****                    all of the pertinent information.  */
 371:Middlewares/ST/filex/common/src/fx_file_read.c ****                 break;
 372:Middlewares/ST/filex/common/src/fx_file_read.c ****             }
 373:Middlewares/ST/filex/common/src/fx_file_read.c **** 
 374:Middlewares/ST/filex/common/src/fx_file_read.c ****             /* We need to move to the next logical sector, but first
 375:Middlewares/ST/filex/common/src/fx_file_read.c ****                determine if the next logical sector is within the same
 376:Middlewares/ST/filex/common/src/fx_file_read.c ****                cluster.  */
 377:Middlewares/ST/filex/common/src/fx_file_read.c **** 
 378:Middlewares/ST/filex/common/src/fx_file_read.c ****             /* Increment the current relative sector in the cluster.  */
 379:Middlewares/ST/filex/common/src/fx_file_read.c ****             file_ptr -> fx_file_current_relative_sector++;
 380:Middlewares/ST/filex/common/src/fx_file_read.c **** 
ARM GAS  /tmp/ccCjnfgm.s 			page 9


 381:Middlewares/ST/filex/common/src/fx_file_read.c ****             /* Determine if this is in a new cluster.  */
 382:Middlewares/ST/filex/common/src/fx_file_read.c ****             if (file_ptr -> fx_file_current_relative_sector >=
 383:Middlewares/ST/filex/common/src/fx_file_read.c ****                 media_ptr -> fx_media_sectors_per_cluster)
 384:Middlewares/ST/filex/common/src/fx_file_read.c ****             {
 385:Middlewares/ST/filex/common/src/fx_file_read.c **** #ifdef FX_ENABLE_EXFAT
 386:Middlewares/ST/filex/common/src/fx_file_read.c ****                 if (file_ptr -> fx_file_dir_entry.fx_dir_entry_dont_use_fat & 1)
 387:Middlewares/ST/filex/common/src/fx_file_read.c ****                 {
 388:Middlewares/ST/filex/common/src/fx_file_read.c ****                     next_cluster = file_ptr -> fx_file_current_physical_cluster + 1;
 389:Middlewares/ST/filex/common/src/fx_file_read.c ****                 }
 390:Middlewares/ST/filex/common/src/fx_file_read.c ****                 else
 391:Middlewares/ST/filex/common/src/fx_file_read.c ****                 {
 392:Middlewares/ST/filex/common/src/fx_file_read.c **** #endif /* FX_ENABLE_EXFAT */
 393:Middlewares/ST/filex/common/src/fx_file_read.c **** 
 394:Middlewares/ST/filex/common/src/fx_file_read.c ****                     /* Read the FAT entry of the current cluster to find
 395:Middlewares/ST/filex/common/src/fx_file_read.c ****                        the next cluster.  */
 396:Middlewares/ST/filex/common/src/fx_file_read.c ****                     status =  _fx_utility_FAT_entry_read(media_ptr,
 397:Middlewares/ST/filex/common/src/fx_file_read.c ****                                                          file_ptr -> fx_file_current_physical_clust
 398:Middlewares/ST/filex/common/src/fx_file_read.c **** 
 399:Middlewares/ST/filex/common/src/fx_file_read.c ****                     /* Determine if an error is present.  */
 400:Middlewares/ST/filex/common/src/fx_file_read.c ****                     if ((status != FX_SUCCESS) || (next_cluster < FX_FAT_ENTRY_START) ||
 401:Middlewares/ST/filex/common/src/fx_file_read.c ****                         (next_cluster > media_ptr -> fx_media_fat_reserved))
 402:Middlewares/ST/filex/common/src/fx_file_read.c ****                     {
 403:Middlewares/ST/filex/common/src/fx_file_read.c **** 
 404:Middlewares/ST/filex/common/src/fx_file_read.c ****                         /* Release media protection.  */
 405:Middlewares/ST/filex/common/src/fx_file_read.c ****                         FX_UNPROTECT
 406:Middlewares/ST/filex/common/src/fx_file_read.c **** 
 407:Middlewares/ST/filex/common/src/fx_file_read.c ****                         /* Send error message back to caller.  */
 408:Middlewares/ST/filex/common/src/fx_file_read.c ****                         if (status != FX_SUCCESS)
 409:Middlewares/ST/filex/common/src/fx_file_read.c ****                         {
 410:Middlewares/ST/filex/common/src/fx_file_read.c ****                             return(status);
 411:Middlewares/ST/filex/common/src/fx_file_read.c ****                         }
 412:Middlewares/ST/filex/common/src/fx_file_read.c ****                         else
 413:Middlewares/ST/filex/common/src/fx_file_read.c ****                         {
 414:Middlewares/ST/filex/common/src/fx_file_read.c ****                             return(FX_FILE_CORRUPT);
 415:Middlewares/ST/filex/common/src/fx_file_read.c ****                         }
 416:Middlewares/ST/filex/common/src/fx_file_read.c ****                     }
 417:Middlewares/ST/filex/common/src/fx_file_read.c **** #ifdef FX_ENABLE_EXFAT
 418:Middlewares/ST/filex/common/src/fx_file_read.c ****                 }
 419:Middlewares/ST/filex/common/src/fx_file_read.c **** #endif /* FX_ENABLE_EXFAT */
 420:Middlewares/ST/filex/common/src/fx_file_read.c **** 
 421:Middlewares/ST/filex/common/src/fx_file_read.c ****                 /* Otherwise, we have a new cluster.  Save it in the file
 422:Middlewares/ST/filex/common/src/fx_file_read.c ****                    control block and calculate a new logical sector value.  */
 423:Middlewares/ST/filex/common/src/fx_file_read.c ****                 file_ptr -> fx_file_current_physical_cluster =  next_cluster;
 424:Middlewares/ST/filex/common/src/fx_file_read.c ****                 file_ptr -> fx_file_current_relative_cluster++;
 425:Middlewares/ST/filex/common/src/fx_file_read.c ****                 file_ptr -> fx_file_current_logical_sector = ((ULONG)media_ptr -> fx_media_data_sec
 426:Middlewares/ST/filex/common/src/fx_file_read.c ****                     ((((ULONG64)next_cluster) - FX_FAT_ENTRY_START) *
 427:Middlewares/ST/filex/common/src/fx_file_read.c ****                      ((ULONG)media_ptr -> fx_media_sectors_per_cluster));
 428:Middlewares/ST/filex/common/src/fx_file_read.c ****                 file_ptr -> fx_file_current_relative_sector =  0;
 429:Middlewares/ST/filex/common/src/fx_file_read.c ****             }
 430:Middlewares/ST/filex/common/src/fx_file_read.c ****             else
 431:Middlewares/ST/filex/common/src/fx_file_read.c ****             {
 432:Middlewares/ST/filex/common/src/fx_file_read.c **** 
 433:Middlewares/ST/filex/common/src/fx_file_read.c ****                 /* Still within the same cluster so just increment the
 434:Middlewares/ST/filex/common/src/fx_file_read.c ****                    logical sector.  */
 435:Middlewares/ST/filex/common/src/fx_file_read.c ****                 file_ptr -> fx_file_current_logical_sector++;
 436:Middlewares/ST/filex/common/src/fx_file_read.c ****             }
 437:Middlewares/ST/filex/common/src/fx_file_read.c **** 
ARM GAS  /tmp/ccCjnfgm.s 			page 10


 438:Middlewares/ST/filex/common/src/fx_file_read.c ****             /* In either case, we are now positioned at a new sector so
 439:Middlewares/ST/filex/common/src/fx_file_read.c ****                clear the logical sector offset.  */
 440:Middlewares/ST/filex/common/src/fx_file_read.c ****             file_ptr -> fx_file_current_logical_offset =  0;
 441:Middlewares/ST/filex/common/src/fx_file_read.c ****         }
 442:Middlewares/ST/filex/common/src/fx_file_read.c ****     }
 443:Middlewares/ST/filex/common/src/fx_file_read.c **** 
 444:Middlewares/ST/filex/common/src/fx_file_read.c ****     /* Adjust the current file offset accordingly.  */
 445:Middlewares/ST/filex/common/src/fx_file_read.c ****     file_ptr -> fx_file_current_file_offset =
 446:Middlewares/ST/filex/common/src/fx_file_read.c ****         file_ptr -> fx_file_current_file_offset + (ULONG64)request_size;
 447:Middlewares/ST/filex/common/src/fx_file_read.c **** 
 448:Middlewares/ST/filex/common/src/fx_file_read.c ****     /* Store the number of bytes actually read.  */
 449:Middlewares/ST/filex/common/src/fx_file_read.c ****     *actual_size =  request_size;
 450:Middlewares/ST/filex/common/src/fx_file_read.c **** 
 451:Middlewares/ST/filex/common/src/fx_file_read.c ****     /* Update the trace event with the bytes read.  */
 452:Middlewares/ST/filex/common/src/fx_file_read.c ****     FX_TRACE_EVENT_UPDATE(trace_event, trace_timestamp, FX_TRACE_FILE_READ, 0, 0, 0, request_size)
 453:Middlewares/ST/filex/common/src/fx_file_read.c **** 
 454:Middlewares/ST/filex/common/src/fx_file_read.c ****     /* Update the last accessed date.  */
 455:Middlewares/ST/filex/common/src/fx_file_read.c ****     file_ptr -> fx_file_dir_entry.fx_dir_entry_last_accessed_date =  _fx_system_date;
 456:Middlewares/ST/filex/common/src/fx_file_read.c **** 
 457:Middlewares/ST/filex/common/src/fx_file_read.c ****     /* Release media protection.  */
 458:Middlewares/ST/filex/common/src/fx_file_read.c ****     FX_UNPROTECT
 459:Middlewares/ST/filex/common/src/fx_file_read.c **** 
 460:Middlewares/ST/filex/common/src/fx_file_read.c ****     /* Return a successful status to the caller.  */
 461:Middlewares/ST/filex/common/src/fx_file_read.c ****     return(FX_SUCCESS);
 462:Middlewares/ST/filex/common/src/fx_file_read.c **** }
  78              		.loc 1 462 1 view .LVU17
  79 001a 5046     		mov	r0, r10
  80 001c 0DB0     		add	sp, sp, #52
  81              	.LCFI2:
  82              		.cfi_remember_state
  83              		.cfi_def_cfa_offset 36
  84              		@ sp needed
  85 001e BDE8F08F 		pop	{r4, r5, r6, r7, r8, r9, r10, fp, pc}
  86              	.LVL5:
  87              	.L35:
  88              	.LCFI3:
  89              		.cfi_restore_state
  90              		.loc 1 462 1 view .LVU18
  91 0022 0446     		mov	r4, r0
 111:Middlewares/ST/filex/common/src/fx_file_read.c **** 
  92              		.loc 1 111 5 is_stmt 1 view .LVU19
 111:Middlewares/ST/filex/common/src/fx_file_read.c **** 
  93              		.loc 1 111 15 is_stmt 0 view .LVU20
  94 0024 826D     		ldr	r2, [r0, #88]
  95              	.LVL6:
 114:Middlewares/ST/filex/common/src/fx_file_read.c **** #endif
  96              		.loc 1 114 5 is_stmt 1 view .LVU21
 114:Middlewares/ST/filex/common/src/fx_file_read.c **** #endif
  97              		.loc 1 114 15 is_stmt 0 view .LVU22
  98 0026 D2F83C31 		ldr	r3, [r2, #316]
 114:Middlewares/ST/filex/common/src/fx_file_read.c **** #endif
  99              		.loc 1 114 37 view .LVU23
 100 002a 0133     		adds	r3, r3, #1
 101 002c C2F83C31 		str	r3, [r2, #316]
 118:Middlewares/ST/filex/common/src/fx_file_read.c **** 
 102              		.loc 1 118 5 is_stmt 1 view .LVU24
 118:Middlewares/ST/filex/common/src/fx_file_read.c **** 
ARM GAS  /tmp/ccCjnfgm.s 			page 11


 103              		.loc 1 118 15 is_stmt 0 view .LVU25
 104 0030 856D     		ldr	r5, [r0, #88]
 105              	.LVL7:
 121:Middlewares/ST/filex/common/src/fx_file_read.c **** 
 106              		.loc 1 121 5 is_stmt 1 view .LVU26
 107 0032 09AB     		add	r3, sp, #36
 108 0034 0393     		str	r3, [sp, #12]
 109 0036 0AAB     		add	r3, sp, #40
 110 0038 0293     		str	r3, [sp, #8]
 111 003a 4FF48043 		mov	r3, #16384
 112 003e 0193     		str	r3, [sp, #4]
 113 0040 0023     		movs	r3, #0
 114 0042 0093     		str	r3, [sp]
 115 0044 0B46     		mov	r3, r1
 116 0046 3246     		mov	r2, r6
 117 0048 0146     		mov	r1, r0
 118              	.LVL8:
 121:Middlewares/ST/filex/common/src/fx_file_read.c **** 
 119              		.loc 1 121 5 is_stmt 0 view .LVU27
 120 004a F820     		movs	r0, #248
 121              	.LVL9:
 121:Middlewares/ST/filex/common/src/fx_file_read.c **** 
 122              		.loc 1 121 5 view .LVU28
 123 004c FFF7FEFF 		bl	_fx_trace_event_insert
 124              	.LVL10:
 124:Middlewares/ST/filex/common/src/fx_file_read.c **** 
 125              		.loc 1 124 5 is_stmt 1 view .LVU29
 126 0050 2A68     		ldr	r2, [r5]
 127 0052 904B     		ldr	r3, .L44+4
 128 0054 9A42     		cmp	r2, r3
 129 0056 02D0     		beq	.L36
 124:Middlewares/ST/filex/common/src/fx_file_read.c **** 
 130              		.loc 1 124 5 is_stmt 0 discriminator 1 view .LVU30
 131 0058 4FF0110A 		mov	r10, #17
 132 005c DDE7     		b	.L1
 133              	.L36:
 124:Middlewares/ST/filex/common/src/fx_file_read.c **** 
 134              		.loc 1 124 5 is_stmt 1 discriminator 2 view .LVU31
 135 005e 05F5E479 		add	r9, r5, #456
 136 0062 4FF0FF31 		mov	r1, #-1
 137 0066 4846     		mov	r0, r9
 138 0068 FFF7FEFF 		bl	_tx_mutex_get
 139              	.LVL11:
 124:Middlewares/ST/filex/common/src/fx_file_read.c **** 
 140              		.loc 1 124 5 is_stmt 0 discriminator 1 view .LVU32
 141 006c 0790     		str	r0, [sp, #28]
 142 006e 0028     		cmp	r0, #0
 143 0070 40F04481 		bne	.L30
 127:Middlewares/ST/filex/common/src/fx_file_read.c ****         file_ptr -> fx_file_current_file_size)
 144              		.loc 1 127 5 is_stmt 1 view .LVU33
 127:Middlewares/ST/filex/common/src/fx_file_read.c ****         file_ptr -> fx_file_current_file_size)
 145              		.loc 1 127 18 is_stmt 0 view .LVU34
 146 0074 226C     		ldr	r2, [r4, #64]
 147 0076 606C     		ldr	r0, [r4, #68]
 128:Middlewares/ST/filex/common/src/fx_file_read.c ****     {
 148              		.loc 1 128 18 view .LVU35
 149 0078 A16C     		ldr	r1, [r4, #72]
ARM GAS  /tmp/ccCjnfgm.s 			page 12


 150 007a E36C     		ldr	r3, [r4, #76]
 127:Middlewares/ST/filex/common/src/fx_file_read.c ****         file_ptr -> fx_file_current_file_size)
 151              		.loc 1 127 8 view .LVU36
 152 007c 8A42     		cmp	r2, r1
 153 007e 70EB0307 		sbcs	r7, r0, r3
 154 0082 0BD2     		bcs	.L37
 143:Middlewares/ST/filex/common/src/fx_file_read.c **** 
 155              		.loc 1 143 5 is_stmt 1 view .LVU37
 156              	.LVL12:
 147:Middlewares/ST/filex/common/src/fx_file_read.c ****         (file_ptr -> fx_file_current_file_size - file_ptr -> fx_file_current_file_offset))
 157              		.loc 1 147 5 view .LVU38
 148:Middlewares/ST/filex/common/src/fx_file_read.c ****     {
 158              		.loc 1 148 48 is_stmt 0 view .LVU39
 159 0084 8F1A     		subs	r7, r1, r2
 160 0086 63EB0003 		sbc	r3, r3, r0
 147:Middlewares/ST/filex/common/src/fx_file_read.c ****         (file_ptr -> fx_file_current_file_size - file_ptr -> fx_file_current_file_offset))
 161              		.loc 1 147 8 view .LVU40
 162 008a 0598     		ldr	r0, [sp, #20]
 163 008c 8742     		cmp	r7, r0
 164 008e 73F10003 		sbcs	r3, r3, #0
 165 0092 00D2     		bcs	.L4
 152:Middlewares/ST/filex/common/src/fx_file_read.c ****     }
 166              		.loc 1 152 9 is_stmt 1 view .LVU41
 152:Middlewares/ST/filex/common/src/fx_file_read.c ****     }
 167              		.loc 1 152 22 is_stmt 0 view .LVU42
 168 0094 0597     		str	r7, [sp, #20]
 169              	.LVL13:
 170              	.L4:
 156:Middlewares/ST/filex/common/src/fx_file_read.c **** 
 171              		.loc 1 156 5 is_stmt 1 view .LVU43
 159:Middlewares/ST/filex/common/src/fx_file_read.c ****     {
 172              		.loc 1 159 5 view .LVU44
 156:Middlewares/ST/filex/common/src/fx_file_read.c **** 
 173              		.loc 1 156 21 is_stmt 0 view .LVU45
 174 0096 DDF81480 		ldr	r8, [sp, #20]
 159:Middlewares/ST/filex/common/src/fx_file_read.c ****     {
 175              		.loc 1 159 11 view .LVU46
 176 009a A1E0     		b	.L5
 177              	.LVL14:
 178              	.L37:
 132:Middlewares/ST/filex/common/src/fx_file_read.c **** 
 179              		.loc 1 132 9 is_stmt 1 view .LVU47
 180 009c 4846     		mov	r0, r9
 181 009e FFF7FEFF 		bl	_tx_mutex_put
 182              	.LVL15:
 136:Middlewares/ST/filex/common/src/fx_file_read.c ****         return(FX_END_OF_FILE);
 183              		.loc 1 136 9 view .LVU48
 136:Middlewares/ST/filex/common/src/fx_file_read.c ****         return(FX_END_OF_FILE);
 184              		.loc 1 136 22 is_stmt 0 view .LVU49
 185 00a2 0023     		movs	r3, #0
 186 00a4 069A     		ldr	r2, [sp, #24]
 187 00a6 1360     		str	r3, [r2]
 137:Middlewares/ST/filex/common/src/fx_file_read.c ****     }
 188              		.loc 1 137 9 is_stmt 1 view .LVU50
 137:Middlewares/ST/filex/common/src/fx_file_read.c ****     }
 189              		.loc 1 137 15 is_stmt 0 view .LVU51
 190 00a8 4FF0090A 		mov	r10, #9
ARM GAS  /tmp/ccCjnfgm.s 			page 13


 191 00ac B5E7     		b	.L1
 192              	.LVL16:
 193              	.L43:
 179:Middlewares/ST/filex/common/src/fx_file_read.c **** 
 194              		.loc 1 179 17 view .LVU52
 195 00ae 8246     		mov	r10, r0
 179:Middlewares/ST/filex/common/src/fx_file_read.c **** 
 196              		.loc 1 179 17 is_stmt 1 view .LVU53
 197 00b0 4846     		mov	r0, r9
 198              	.LVL17:
 179:Middlewares/ST/filex/common/src/fx_file_read.c **** 
 199              		.loc 1 179 17 is_stmt 0 view .LVU54
 200 00b2 FFF7FEFF 		bl	_tx_mutex_put
 201              	.LVL18:
 182:Middlewares/ST/filex/common/src/fx_file_read.c ****             }
 202              		.loc 1 182 17 is_stmt 1 view .LVU55
 182:Middlewares/ST/filex/common/src/fx_file_read.c ****             }
 203              		.loc 1 182 23 is_stmt 0 view .LVU56
 204 00b6 B0E7     		b	.L1
 205              	.LVL19:
 206              	.L7:
 221:Middlewares/ST/filex/common/src/fx_file_read.c **** 
 207              		.loc 1 221 13 is_stmt 1 view .LVU57
 221:Middlewares/ST/filex/common/src/fx_file_read.c **** 
 208              		.loc 1 221 21 is_stmt 0 view .LVU58
 209 00b8 B8FBF3FA 		udiv	r10, r8, r3
 210              	.LVL20:
 224:Middlewares/ST/filex/common/src/fx_file_read.c ****             for (i = (media_ptr -> fx_media_sectors_per_cluster -
 211              		.loc 1 224 13 is_stmt 1 view .LVU59
 224:Middlewares/ST/filex/common/src/fx_file_read.c ****             for (i = (media_ptr -> fx_media_sectors_per_cluster -
 212              		.loc 1 224 36 is_stmt 0 view .LVU60
 213 00bc D4F820B0 		ldr	fp, [r4, #32]
 214              	.LVL21:
 224:Middlewares/ST/filex/common/src/fx_file_read.c ****             for (i = (media_ptr -> fx_media_sectors_per_cluster -
 215              		.loc 1 224 26 view .LVU61
 216 00c0 CDF82CB0 		str	fp, [sp, #44]
 225:Middlewares/ST/filex/common/src/fx_file_read.c ****                       file_ptr -> fx_file_current_relative_sector); i < sectors; i += media_ptr -> 
 217              		.loc 1 225 13 is_stmt 1 view .LVU62
 225:Middlewares/ST/filex/common/src/fx_file_read.c ****                       file_ptr -> fx_file_current_relative_sector); i < sectors; i += media_ptr -> 
 218              		.loc 1 225 33 is_stmt 0 view .LVU63
 219 00c4 6F6D     		ldr	r7, [r5, #84]
 226:Middlewares/ST/filex/common/src/fx_file_read.c ****             {
 220              		.loc 1 226 32 view .LVU64
 221 00c6 A36B     		ldr	r3, [r4, #56]
 225:Middlewares/ST/filex/common/src/fx_file_read.c ****                       file_ptr -> fx_file_current_relative_sector); i < sectors; i += media_ptr -> 
 222              		.loc 1 225 20 view .LVU65
 223 00c8 FF1A     		subs	r7, r7, r3
 224              	.LVL22:
 225:Middlewares/ST/filex/common/src/fx_file_read.c ****                       file_ptr -> fx_file_current_relative_sector); i < sectors; i += media_ptr -> 
 225              		.loc 1 225 13 view .LVU66
 226 00ca 0CE0     		b	.L11
 227              	.LVL23:
 228              	.L12:
 244:Middlewares/ST/filex/common/src/fx_file_read.c **** 
 229              		.loc 1 244 25 view .LVU67
 230 00cc 8A46     		mov	r10, r1
 231              	.LVL24:
ARM GAS  /tmp/ccCjnfgm.s 			page 14


 244:Middlewares/ST/filex/common/src/fx_file_read.c **** 
 232              		.loc 1 244 25 is_stmt 1 view .LVU68
 233 00ce 4846     		mov	r0, r9
 234              	.LVL25:
 244:Middlewares/ST/filex/common/src/fx_file_read.c **** 
 235              		.loc 1 244 25 is_stmt 0 view .LVU69
 236 00d0 FFF7FEFF 		bl	_tx_mutex_put
 237              	.LVL26:
 247:Middlewares/ST/filex/common/src/fx_file_read.c ****                         {
 238              		.loc 1 247 25 is_stmt 1 view .LVU70
 247:Middlewares/ST/filex/common/src/fx_file_read.c ****                         {
 239              		.loc 1 247 28 is_stmt 0 view .LVU71
 240 00d4 BAF1000F 		cmp	r10, #0
 241 00d8 9FD1     		bne	.L1
 253:Middlewares/ST/filex/common/src/fx_file_read.c ****                         }
 242              		.loc 1 253 35 view .LVU72
 243 00da 4FF0080A 		mov	r10, #8
 244              	.LVL27:
 253:Middlewares/ST/filex/common/src/fx_file_read.c ****                         }
 245              		.loc 1 253 35 view .LVU73
 246 00de 9CE7     		b	.L1
 247              	.LVL28:
 248              	.L38:
 263:Middlewares/ST/filex/common/src/fx_file_read.c ****                     }
 249              		.loc 1 263 25 is_stmt 1 view .LVU74
 226:Middlewares/ST/filex/common/src/fx_file_read.c ****             {
 250              		.loc 1 226 84 view .LVU75
 226:Middlewares/ST/filex/common/src/fx_file_read.c ****             {
 251              		.loc 1 226 97 is_stmt 0 view .LVU76
 252 00e0 6A6D     		ldr	r2, [r5, #84]
 226:Middlewares/ST/filex/common/src/fx_file_read.c ****             {
 253              		.loc 1 226 84 view .LVU77
 254 00e2 1744     		add	r7, r7, r2
 255              	.LVL29:
 263:Middlewares/ST/filex/common/src/fx_file_read.c ****                     }
 256              		.loc 1 263 33 view .LVU78
 257 00e4 9B46     		mov	fp, r3
 258              	.LVL30:
 259              	.L11:
 226:Middlewares/ST/filex/common/src/fx_file_read.c ****             {
 260              		.loc 1 226 71 is_stmt 1 discriminator 1 view .LVU79
 261 00e6 5745     		cmp	r7, r10
 262 00e8 14D2     		bcs	.L14
 236:Middlewares/ST/filex/common/src/fx_file_read.c **** 
 263              		.loc 1 236 21 view .LVU80
 236:Middlewares/ST/filex/common/src/fx_file_read.c **** 
 264              		.loc 1 236 31 is_stmt 0 view .LVU81
 265 00ea 0BAA     		add	r2, sp, #44
 266 00ec 5946     		mov	r1, fp
 267 00ee 2846     		mov	r0, r5
 268 00f0 FFF7FEFF 		bl	_fx_utility_FAT_entry_read
 269              	.LVL31:
 239:Middlewares/ST/filex/common/src/fx_file_read.c ****                         (next_cluster > media_ptr -> fx_media_fat_reserved))
 270              		.loc 1 239 21 is_stmt 1 view .LVU82
 239:Middlewares/ST/filex/common/src/fx_file_read.c ****                         (next_cluster > media_ptr -> fx_media_fat_reserved))
 271              		.loc 1 239 24 is_stmt 0 view .LVU83
 272 00f4 0146     		mov	r1, r0
ARM GAS  /tmp/ccCjnfgm.s 			page 15


 273 00f6 0028     		cmp	r0, #0
 274 00f8 E8D1     		bne	.L12
 239:Middlewares/ST/filex/common/src/fx_file_read.c ****                         (next_cluster > media_ptr -> fx_media_fat_reserved))
 275              		.loc 1 239 65 discriminator 1 view .LVU84
 276 00fa 0B9B     		ldr	r3, [sp, #44]
 239:Middlewares/ST/filex/common/src/fx_file_read.c ****                         (next_cluster > media_ptr -> fx_media_fat_reserved))
 277              		.loc 1 239 48 discriminator 1 view .LVU85
 278 00fc 012B     		cmp	r3, #1
 279 00fe E5D9     		bls	.L12
 240:Middlewares/ST/filex/common/src/fx_file_read.c ****                     {
 280              		.loc 1 240 51 view .LVU86
 281 0100 05F50052 		add	r2, r5, #8192
 282 0104 D2F8A824 		ldr	r2, [r2, #1192]
 239:Middlewares/ST/filex/common/src/fx_file_read.c ****                         (next_cluster > media_ptr -> fx_media_fat_reserved))
 283              		.loc 1 239 87 discriminator 2 view .LVU87
 284 0108 9342     		cmp	r3, r2
 285 010a DFD8     		bhi	.L12
 257:Middlewares/ST/filex/common/src/fx_file_read.c ****                     {
 286              		.loc 1 257 21 is_stmt 1 view .LVU88
 257:Middlewares/ST/filex/common/src/fx_file_read.c ****                     {
 287              		.loc 1 257 49 is_stmt 0 view .LVU89
 288 010c 0BF10102 		add	r2, fp, #1
 257:Middlewares/ST/filex/common/src/fx_file_read.c ****                     {
 289              		.loc 1 257 24 view .LVU90
 290 0110 9342     		cmp	r3, r2
 291 0112 E5D0     		beq	.L38
 292              	.LVL32:
 293              	.L14:
 270:Middlewares/ST/filex/common/src/fx_file_read.c ****             {
 294              		.loc 1 270 13 is_stmt 1 view .LVU91
 270:Middlewares/ST/filex/common/src/fx_file_read.c ****             {
 295              		.loc 1 270 16 is_stmt 0 view .LVU92
 296 0114 5745     		cmp	r7, r10
 297 0116 00D3     		bcc	.L16
 221:Middlewares/ST/filex/common/src/fx_file_read.c **** 
 298              		.loc 1 221 21 view .LVU93
 299 0118 5746     		mov	r7, r10
 300              	.LVL33:
 301              	.L16:
 277:Middlewares/ST/filex/common/src/fx_file_read.c ****             {
 302              		.loc 1 277 13 is_stmt 1 view .LVU94
 277:Middlewares/ST/filex/common/src/fx_file_read.c ****             {
 303              		.loc 1 277 16 is_stmt 0 view .LVU95
 304 011a 012F     		cmp	r7, #1
 305 011c 35D0     		beq	.L39
 306:Middlewares/ST/filex/common/src/fx_file_read.c ****                 status =  _fx_utility_logical_sector_read(media_ptr, file_ptr -> fx_file_current_lo
 306              		.loc 1 306 17 is_stmt 1 view .LVU96
 306:Middlewares/ST/filex/common/src/fx_file_read.c ****                 status =  _fx_utility_logical_sector_read(media_ptr, file_ptr -> fx_file_current_lo
 307              		.loc 1 306 70 is_stmt 0 view .LVU97
 308 011e D4F8D831 		ldr	r3, [r4, #472]
 306:Middlewares/ST/filex/common/src/fx_file_read.c ****                 status =  _fx_utility_logical_sector_read(media_ptr, file_ptr -> fx_file_current_lo
 309              		.loc 1 306 59 view .LVU98
 310 0122 05F5005A 		add	r10, r5, #8192
 311 0126 CAF8A434 		str	r3, [r10, #1188]
 307:Middlewares/ST/filex/common/src/fx_file_read.c ****                                                           destination_ptr, (ULONG) sectors, FX_DATA
 312              		.loc 1 307 17 is_stmt 1 view .LVU99
 307:Middlewares/ST/filex/common/src/fx_file_read.c ****                                                           destination_ptr, (ULONG) sectors, FX_DATA
ARM GAS  /tmp/ccCjnfgm.s 			page 16


 313              		.loc 1 307 27 is_stmt 0 view .LVU100
 314 012a 0423     		movs	r3, #4
 315 012c 0293     		str	r3, [sp, #8]
 316 012e 0197     		str	r7, [sp, #4]
 317 0130 0096     		str	r6, [sp]
 318 0132 D4E90A23 		ldrd	r2, [r4, #40]
 319 0136 2846     		mov	r0, r5
 320 0138 FFF7FEFF 		bl	_fx_utility_logical_sector_read
 321              	.LVL34:
 309:Middlewares/ST/filex/common/src/fx_file_read.c **** 
 322              		.loc 1 309 17 is_stmt 1 view .LVU101
 309:Middlewares/ST/filex/common/src/fx_file_read.c **** 
 323              		.loc 1 309 59 is_stmt 0 view .LVU102
 324 013c 0023     		movs	r3, #0
 325 013e CAF8A434 		str	r3, [r10, #1188]
 312:Middlewares/ST/filex/common/src/fx_file_read.c ****                 {
 326              		.loc 1 312 17 is_stmt 1 view .LVU103
 312:Middlewares/ST/filex/common/src/fx_file_read.c ****                 {
 327              		.loc 1 312 20 is_stmt 0 view .LVU104
 328 0142 0028     		cmp	r0, #0
 329 0144 38D1     		bne	.L40
 330              	.LVL35:
 331              	.L19:
 328:Middlewares/ST/filex/common/src/fx_file_read.c ****                 file_ptr -> fx_file_current_logical_sector +
 332              		.loc 1 328 13 is_stmt 1 view .LVU105
 329:Middlewares/ST/filex/common/src/fx_file_read.c ****                 (sectors - 1);
 333              		.loc 1 329 26 is_stmt 0 view .LVU106
 334 0146 A36A     		ldr	r3, [r4, #40]
 335 0148 E26A     		ldr	r2, [r4, #44]
 330:Middlewares/ST/filex/common/src/fx_file_read.c **** 
 336              		.loc 1 330 26 view .LVU107
 337 014a 791E     		subs	r1, r7, #1
 329:Middlewares/ST/filex/common/src/fx_file_read.c ****                 (sectors - 1);
 338              		.loc 1 329 60 view .LVU108
 339 014c 5B18     		adds	r3, r3, r1
 340 014e 42F10002 		adc	r2, r2, #0
 328:Middlewares/ST/filex/common/src/fx_file_read.c ****                 file_ptr -> fx_file_current_logical_sector +
 341              		.loc 1 328 56 view .LVU109
 342 0152 A362     		str	r3, [r4, #40]
 343 0154 E262     		str	r2, [r4, #44]
 333:Middlewares/ST/filex/common/src/fx_file_read.c ****                 (file_ptr -> fx_file_current_relative_sector + (sectors - 1)) /
 344              		.loc 1 333 13 is_stmt 1 view .LVU110
 333:Middlewares/ST/filex/common/src/fx_file_read.c ****                 (file_ptr -> fx_file_current_relative_sector + (sectors - 1)) /
 345              		.loc 1 333 69 is_stmt 0 view .LVU111
 346 0156 626B     		ldr	r2, [r4, #52]
 334:Middlewares/ST/filex/common/src/fx_file_read.c ****                 media_ptr -> fx_media_sectors_per_cluster;
 347              		.loc 1 334 27 view .LVU112
 348 0158 A36B     		ldr	r3, [r4, #56]
 334:Middlewares/ST/filex/common/src/fx_file_read.c ****                 media_ptr -> fx_media_sectors_per_cluster;
 349              		.loc 1 334 62 view .LVU113
 350 015a 3B44     		add	r3, r3, r7
 351 015c 013B     		subs	r3, r3, #1
 335:Middlewares/ST/filex/common/src/fx_file_read.c **** 
 352              		.loc 1 335 27 view .LVU114
 353 015e 696D     		ldr	r1, [r5, #84]
 334:Middlewares/ST/filex/common/src/fx_file_read.c ****                 media_ptr -> fx_media_sectors_per_cluster;
 354              		.loc 1 334 79 view .LVU115
ARM GAS  /tmp/ccCjnfgm.s 			page 17


 355 0160 B3FBF1F1 		udiv	r1, r3, r1
 333:Middlewares/ST/filex/common/src/fx_file_read.c ****                 (file_ptr -> fx_file_current_relative_sector + (sectors - 1)) /
 356              		.loc 1 333 105 view .LVU116
 357 0164 0A44     		add	r2, r2, r1
 333:Middlewares/ST/filex/common/src/fx_file_read.c ****                 (file_ptr -> fx_file_current_relative_sector + (sectors - 1)) /
 358              		.loc 1 333 58 view .LVU117
 359 0166 6263     		str	r2, [r4, #52]
 337:Middlewares/ST/filex/common/src/fx_file_read.c ****                 (file_ptr -> fx_file_current_relative_sector +
 360              		.loc 1 337 13 is_stmt 1 view .LVU118
 339:Middlewares/ST/filex/common/src/fx_file_read.c **** 
 361              		.loc 1 339 45 is_stmt 0 view .LVU119
 362 0168 6A6D     		ldr	r2, [r5, #84]
 339:Middlewares/ST/filex/common/src/fx_file_read.c **** 
 363              		.loc 1 339 33 view .LVU120
 364 016a B3FBF2F1 		udiv	r1, r3, r2
 365 016e 02FB1133 		mls	r3, r2, r1, r3
 337:Middlewares/ST/filex/common/src/fx_file_read.c ****                 (file_ptr -> fx_file_current_relative_sector +
 366              		.loc 1 337 57 view .LVU121
 367 0172 A363     		str	r3, [r4, #56]
 342:Middlewares/ST/filex/common/src/fx_file_read.c ****                 media_ptr -> fx_media_bytes_per_sector;
 368              		.loc 1 342 13 is_stmt 1 view .LVU122
 343:Middlewares/ST/filex/common/src/fx_file_read.c **** 
 369              		.loc 1 343 27 is_stmt 0 view .LVU123
 370 0174 AB6A     		ldr	r3, [r5, #40]
 342:Middlewares/ST/filex/common/src/fx_file_read.c ****                 media_ptr -> fx_media_bytes_per_sector;
 371              		.loc 1 342 56 view .LVU124
 372 0176 2363     		str	r3, [r4, #48]
 345:Middlewares/ST/filex/common/src/fx_file_read.c **** 
 373              		.loc 1 345 13 is_stmt 1 view .LVU125
 345:Middlewares/ST/filex/common/src/fx_file_read.c **** 
 374              		.loc 1 345 58 is_stmt 0 view .LVU126
 375 0178 C4F820B0 		str	fp, [r4, #32]
 348:Middlewares/ST/filex/common/src/fx_file_read.c ****                 (((ULONG)media_ptr -> fx_media_bytes_per_sector) * sectors);
 376              		.loc 1 348 13 is_stmt 1 view .LVU127
 349:Middlewares/ST/filex/common/src/fx_file_read.c **** 
 377              		.loc 1 349 36 is_stmt 0 view .LVU128
 378 017c AB6A     		ldr	r3, [r5, #40]
 349:Middlewares/ST/filex/common/src/fx_file_read.c **** 
 379              		.loc 1 349 66 view .LVU129
 380 017e 07FB03F3 		mul	r3, r7, r3
 348:Middlewares/ST/filex/common/src/fx_file_read.c ****                 (((ULONG)media_ptr -> fx_media_bytes_per_sector) * sectors);
 381              		.loc 1 348 29 view .LVU130
 382 0182 A8EB0308 		sub	r8, r8, r3
 383              	.LVL36:
 352:Middlewares/ST/filex/common/src/fx_file_read.c ****                 (((ULONG)media_ptr -> fx_media_bytes_per_sector) * sectors);
 384              		.loc 1 352 13 is_stmt 1 view .LVU131
 352:Middlewares/ST/filex/common/src/fx_file_read.c ****                 (((ULONG)media_ptr -> fx_media_bytes_per_sector) * sectors);
 385              		.loc 1 352 29 is_stmt 0 view .LVU132
 386 0186 1E44     		add	r6, r6, r3
 387              	.LVL37:
 352:Middlewares/ST/filex/common/src/fx_file_read.c ****                 (((ULONG)media_ptr -> fx_media_bytes_per_sector) * sectors);
 388              		.loc 1 352 29 view .LVU133
 389 0188 53E0     		b	.L10
 390              	.L39:
 281:Middlewares/ST/filex/common/src/fx_file_read.c ****                                                           file_ptr -> fx_file_current_logical_secto
 391              		.loc 1 281 17 is_stmt 1 view .LVU134
 283:Middlewares/ST/filex/common/src/fx_file_read.c **** 
ARM GAS  /tmp/ccCjnfgm.s 			page 18


 392              		.loc 1 283 69 is_stmt 0 view .LVU135
 393 018a AB68     		ldr	r3, [r5, #8]
 281:Middlewares/ST/filex/common/src/fx_file_read.c ****                                                           file_ptr -> fx_file_current_logical_secto
 394              		.loc 1 281 27 view .LVU136
 395 018c 0422     		movs	r2, #4
 396 018e 0292     		str	r2, [sp, #8]
 397 0190 0122     		movs	r2, #1
 398 0192 0192     		str	r2, [sp, #4]
 399 0194 0093     		str	r3, [sp]
 400 0196 D4E90A23 		ldrd	r2, [r4, #40]
 401 019a 2846     		mov	r0, r5
 402 019c FFF7FEFF 		bl	_fx_utility_logical_sector_read
 403              	.LVL38:
 286:Middlewares/ST/filex/common/src/fx_file_read.c ****                 {
 404              		.loc 1 286 17 is_stmt 1 view .LVU137
 286:Middlewares/ST/filex/common/src/fx_file_read.c ****                 {
 405              		.loc 1 286 20 is_stmt 0 view .LVU138
 406 01a0 28B9     		cbnz	r0, .L41
 297:Middlewares/ST/filex/common/src/fx_file_read.c ****             }
 407              		.loc 1 297 17 is_stmt 1 view .LVU139
 408 01a2 AA6A     		ldr	r2, [r5, #40]
 409 01a4 3146     		mov	r1, r6
 410 01a6 A868     		ldr	r0, [r5, #8]
 411              	.LVL39:
 297:Middlewares/ST/filex/common/src/fx_file_read.c ****             }
 412              		.loc 1 297 17 is_stmt 0 view .LVU140
 413 01a8 FFF7FEFF 		bl	_fx_utility_memory_copy
 414              	.LVL40:
 415 01ac CBE7     		b	.L19
 416              	.LVL41:
 417              	.L41:
 290:Middlewares/ST/filex/common/src/fx_file_read.c **** 
 418              		.loc 1 290 21 view .LVU141
 419 01ae 8246     		mov	r10, r0
 290:Middlewares/ST/filex/common/src/fx_file_read.c **** 
 420              		.loc 1 290 21 is_stmt 1 view .LVU142
 421 01b0 4846     		mov	r0, r9
 422              	.LVL42:
 290:Middlewares/ST/filex/common/src/fx_file_read.c **** 
 423              		.loc 1 290 21 is_stmt 0 view .LVU143
 424 01b2 FFF7FEFF 		bl	_tx_mutex_put
 425              	.LVL43:
 293:Middlewares/ST/filex/common/src/fx_file_read.c ****                 }
 426              		.loc 1 293 21 is_stmt 1 view .LVU144
 293:Middlewares/ST/filex/common/src/fx_file_read.c ****                 }
 427              		.loc 1 293 27 is_stmt 0 view .LVU145
 428 01b6 30E7     		b	.L1
 429              	.LVL44:
 430              	.L40:
 316:Middlewares/ST/filex/common/src/fx_file_read.c **** 
 431              		.loc 1 316 21 view .LVU146
 432 01b8 8246     		mov	r10, r0
 316:Middlewares/ST/filex/common/src/fx_file_read.c **** 
 433              		.loc 1 316 21 is_stmt 1 view .LVU147
 434 01ba 4846     		mov	r0, r9
 435              	.LVL45:
 316:Middlewares/ST/filex/common/src/fx_file_read.c **** 
ARM GAS  /tmp/ccCjnfgm.s 			page 19


 436              		.loc 1 316 21 is_stmt 0 view .LVU148
 437 01bc FFF7FEFF 		bl	_tx_mutex_put
 438              	.LVL46:
 319:Middlewares/ST/filex/common/src/fx_file_read.c ****                 }
 439              		.loc 1 319 21 is_stmt 1 view .LVU149
 319:Middlewares/ST/filex/common/src/fx_file_read.c ****                 }
 440              		.loc 1 319 27 is_stmt 0 view .LVU150
 441 01c0 2BE7     		b	.L1
 442              	.LVL47:
 443              	.L21:
 379:Middlewares/ST/filex/common/src/fx_file_read.c **** 
 444              		.loc 1 379 13 is_stmt 1 view .LVU151
 379:Middlewares/ST/filex/common/src/fx_file_read.c **** 
 445              		.loc 1 379 22 is_stmt 0 view .LVU152
 446 01c2 A36B     		ldr	r3, [r4, #56]
 379:Middlewares/ST/filex/common/src/fx_file_read.c **** 
 447              		.loc 1 379 56 view .LVU153
 448 01c4 0133     		adds	r3, r3, #1
 449 01c6 A363     		str	r3, [r4, #56]
 382:Middlewares/ST/filex/common/src/fx_file_read.c ****                 media_ptr -> fx_media_sectors_per_cluster)
 450              		.loc 1 382 13 is_stmt 1 view .LVU154
 383:Middlewares/ST/filex/common/src/fx_file_read.c ****             {
 451              		.loc 1 383 27 is_stmt 0 view .LVU155
 452 01c8 6A6D     		ldr	r2, [r5, #84]
 382:Middlewares/ST/filex/common/src/fx_file_read.c ****                 media_ptr -> fx_media_sectors_per_cluster)
 453              		.loc 1 382 16 view .LVU156
 454 01ca 9342     		cmp	r3, r2
 455 01cc 66D2     		bcs	.L42
 435:Middlewares/ST/filex/common/src/fx_file_read.c ****             }
 456              		.loc 1 435 17 is_stmt 1 view .LVU157
 435:Middlewares/ST/filex/common/src/fx_file_read.c ****             }
 457              		.loc 1 435 26 is_stmt 0 view .LVU158
 458 01ce A36A     		ldr	r3, [r4, #40]
 459 01d0 E26A     		ldr	r2, [r4, #44]
 435:Middlewares/ST/filex/common/src/fx_file_read.c ****             }
 460              		.loc 1 435 59 view .LVU159
 461 01d2 0133     		adds	r3, r3, #1
 462 01d4 42F10002 		adc	r2, r2, #0
 463 01d8 A362     		str	r3, [r4, #40]
 464 01da E262     		str	r2, [r4, #44]
 465              	.L26:
 440:Middlewares/ST/filex/common/src/fx_file_read.c ****         }
 466              		.loc 1 440 13 is_stmt 1 view .LVU160
 440:Middlewares/ST/filex/common/src/fx_file_read.c ****         }
 467              		.loc 1 440 56 is_stmt 0 view .LVU161
 468 01dc 0023     		movs	r3, #0
 469 01de 2363     		str	r3, [r4, #48]
 470              	.L5:
 159:Middlewares/ST/filex/common/src/fx_file_read.c ****     {
 471              		.loc 1 159 12 is_stmt 1 view .LVU162
 472 01e0 B8F1000F 		cmp	r8, #0
 473 01e4 37D0     		beq	.L22
 163:Middlewares/ST/filex/common/src/fx_file_read.c ****             (bytes_remaining < media_ptr -> fx_media_bytes_per_sector))
 474              		.loc 1 163 9 view .LVU163
 163:Middlewares/ST/filex/common/src/fx_file_read.c ****             (bytes_remaining < media_ptr -> fx_media_bytes_per_sector))
 475              		.loc 1 163 23 is_stmt 0 view .LVU164
 476 01e6 236B     		ldr	r3, [r4, #48]
ARM GAS  /tmp/ccCjnfgm.s 			page 20


 163:Middlewares/ST/filex/common/src/fx_file_read.c ****             (bytes_remaining < media_ptr -> fx_media_bytes_per_sector))
 477              		.loc 1 163 12 view .LVU165
 478 01e8 1BB9     		cbnz	r3, .L6
 164:Middlewares/ST/filex/common/src/fx_file_read.c ****         {
 479              		.loc 1 164 42 view .LVU166
 480 01ea AB6A     		ldr	r3, [r5, #40]
 163:Middlewares/ST/filex/common/src/fx_file_read.c ****             (bytes_remaining < media_ptr -> fx_media_bytes_per_sector))
 481              		.loc 1 163 58 discriminator 1 view .LVU167
 482 01ec 4345     		cmp	r3, r8
 483 01ee 7FF663AF 		bls	.L7
 484              	.L6:
 170:Middlewares/ST/filex/common/src/fx_file_read.c ****                                                       file_ptr -> fx_file_current_logical_sector,
 485              		.loc 1 170 13 is_stmt 1 view .LVU168
 172:Middlewares/ST/filex/common/src/fx_file_read.c **** 
 486              		.loc 1 172 65 is_stmt 0 view .LVU169
 487 01f2 AB68     		ldr	r3, [r5, #8]
 170:Middlewares/ST/filex/common/src/fx_file_read.c ****                                                       file_ptr -> fx_file_current_logical_sector,
 488              		.loc 1 170 23 view .LVU170
 489 01f4 0422     		movs	r2, #4
 490 01f6 0292     		str	r2, [sp, #8]
 491 01f8 0122     		movs	r2, #1
 492 01fa 0192     		str	r2, [sp, #4]
 493 01fc 0093     		str	r3, [sp]
 494 01fe D4E90A23 		ldrd	r2, [r4, #40]
 495 0202 2846     		mov	r0, r5
 496 0204 FFF7FEFF 		bl	_fx_utility_logical_sector_read
 497              	.LVL48:
 175:Middlewares/ST/filex/common/src/fx_file_read.c ****             {
 498              		.loc 1 175 13 is_stmt 1 view .LVU171
 175:Middlewares/ST/filex/common/src/fx_file_read.c ****             {
 499              		.loc 1 175 16 is_stmt 0 view .LVU172
 500 0208 0028     		cmp	r0, #0
 501 020a 7FF450AF 		bne	.L43
 186:Middlewares/ST/filex/common/src/fx_file_read.c ****                 file_ptr -> fx_file_current_logical_offset;
 502              		.loc 1 186 13 is_stmt 1 view .LVU173
 186:Middlewares/ST/filex/common/src/fx_file_read.c ****                 file_ptr -> fx_file_current_logical_offset;
 503              		.loc 1 186 37 is_stmt 0 view .LVU174
 504 020e AF6A     		ldr	r7, [r5, #40]
 187:Middlewares/ST/filex/common/src/fx_file_read.c **** 
 505              		.loc 1 187 26 view .LVU175
 506 0210 236B     		ldr	r3, [r4, #48]
 186:Middlewares/ST/filex/common/src/fx_file_read.c ****                 file_ptr -> fx_file_current_logical_offset;
 507              		.loc 1 186 24 view .LVU176
 508 0212 FF1A     		subs	r7, r7, r3
 509              	.LVL49:
 191:Middlewares/ST/filex/common/src/fx_file_read.c ****             {
 510              		.loc 1 191 13 is_stmt 1 view .LVU177
 191:Middlewares/ST/filex/common/src/fx_file_read.c ****             {
 511              		.loc 1 191 16 is_stmt 0 view .LVU178
 512 0214 B845     		cmp	r8, r7
 513 0216 00D2     		bcs	.L9
 195:Middlewares/ST/filex/common/src/fx_file_read.c ****             }
 514              		.loc 1 195 28 view .LVU179
 515 0218 4746     		mov	r7, r8
 516              	.LVL50:
 517              	.L9:
 199:Middlewares/ST/filex/common/src/fx_file_read.c ****                                     file_ptr -> fx_file_current_logical_offset,
ARM GAS  /tmp/ccCjnfgm.s 			page 21


 518              		.loc 1 199 13 is_stmt 1 view .LVU180
 199:Middlewares/ST/filex/common/src/fx_file_read.c ****                                     file_ptr -> fx_file_current_logical_offset,
 519              		.loc 1 199 57 is_stmt 0 view .LVU181
 520 021a A868     		ldr	r0, [r5, #8]
 521              	.LVL51:
 199:Middlewares/ST/filex/common/src/fx_file_read.c ****                                     file_ptr -> fx_file_current_logical_offset,
 522              		.loc 1 199 13 view .LVU182
 523 021c 3A46     		mov	r2, r7
 524 021e 3146     		mov	r1, r6
 525 0220 1844     		add	r0, r0, r3
 526 0222 FFF7FEFF 		bl	_fx_utility_memory_copy
 527              	.LVL52:
 204:Middlewares/ST/filex/common/src/fx_file_read.c ****                 file_ptr -> fx_file_current_logical_offset + copy_bytes;
 528              		.loc 1 204 13 is_stmt 1 view .LVU183
 205:Middlewares/ST/filex/common/src/fx_file_read.c **** 
 529              		.loc 1 205 26 is_stmt 0 view .LVU184
 530 0226 236B     		ldr	r3, [r4, #48]
 205:Middlewares/ST/filex/common/src/fx_file_read.c **** 
 531              		.loc 1 205 60 view .LVU185
 532 0228 3B44     		add	r3, r3, r7
 204:Middlewares/ST/filex/common/src/fx_file_read.c ****                 file_ptr -> fx_file_current_logical_offset + copy_bytes;
 533              		.loc 1 204 56 view .LVU186
 534 022a 2363     		str	r3, [r4, #48]
 208:Middlewares/ST/filex/common/src/fx_file_read.c **** 
 535              		.loc 1 208 13 is_stmt 1 view .LVU187
 208:Middlewares/ST/filex/common/src/fx_file_read.c **** 
 536              		.loc 1 208 29 is_stmt 0 view .LVU188
 537 022c A8EB0708 		sub	r8, r8, r7
 538              	.LVL53:
 211:Middlewares/ST/filex/common/src/fx_file_read.c ****         }
 539              		.loc 1 211 13 is_stmt 1 view .LVU189
 211:Middlewares/ST/filex/common/src/fx_file_read.c ****         }
 540              		.loc 1 211 29 is_stmt 0 view .LVU190
 541 0230 3E44     		add	r6, r6, r7
 542              	.LVL54:
 543              	.L10:
 359:Middlewares/ST/filex/common/src/fx_file_read.c ****             media_ptr -> fx_media_bytes_per_sector)
 544              		.loc 1 359 9 is_stmt 1 view .LVU191
 359:Middlewares/ST/filex/common/src/fx_file_read.c ****             media_ptr -> fx_media_bytes_per_sector)
 545              		.loc 1 359 22 is_stmt 0 view .LVU192
 546 0232 226B     		ldr	r2, [r4, #48]
 360:Middlewares/ST/filex/common/src/fx_file_read.c ****         {
 547              		.loc 1 360 23 view .LVU193
 548 0234 AB6A     		ldr	r3, [r5, #40]
 359:Middlewares/ST/filex/common/src/fx_file_read.c ****             media_ptr -> fx_media_bytes_per_sector)
 549              		.loc 1 359 12 view .LVU194
 550 0236 9A42     		cmp	r2, r3
 551 0238 D2D3     		bcc	.L5
 364:Middlewares/ST/filex/common/src/fx_file_read.c ****                                            file_ptr -> fx_file_current_available_size))
 552              		.loc 1 364 13 is_stmt 1 view .LVU195
 364:Middlewares/ST/filex/common/src/fx_file_read.c ****                                            file_ptr -> fx_file_current_available_size))
 553              		.loc 1 364 16 is_stmt 0 view .LVU196
 554 023a B8F1000F 		cmp	r8, #0
 555 023e C0D1     		bne	.L21
 364:Middlewares/ST/filex/common/src/fx_file_read.c ****                                            file_ptr -> fx_file_current_available_size))
 556              		.loc 1 364 54 discriminator 1 view .LVU197
 557 0240 236C     		ldr	r3, [r4, #64]
ARM GAS  /tmp/ccCjnfgm.s 			page 22


 558 0242 626C     		ldr	r2, [r4, #68]
 364:Middlewares/ST/filex/common/src/fx_file_read.c ****                                            file_ptr -> fx_file_current_available_size))
 559              		.loc 1 364 85 discriminator 1 view .LVU198
 560 0244 0599     		ldr	r1, [sp, #20]
 561 0246 5B18     		adds	r3, r3, r1
 562 0248 42F10002 		adc	r2, r2, #0
 365:Middlewares/ST/filex/common/src/fx_file_read.c ****             {
 563              		.loc 1 365 53 view .LVU199
 564 024c 206D     		ldr	r0, [r4, #80]
 565 024e 616D     		ldr	r1, [r4, #84]
 364:Middlewares/ST/filex/common/src/fx_file_read.c ****                                            file_ptr -> fx_file_current_available_size))
 566              		.loc 1 364 40 discriminator 1 view .LVU200
 567 0250 8342     		cmp	r3, r0
 568 0252 8A41     		sbcs	r2, r2, r1
 569 0254 B5D3     		bcc	.L21
 570              	.L22:
 445:Middlewares/ST/filex/common/src/fx_file_read.c ****         file_ptr -> fx_file_current_file_offset + (ULONG64)request_size;
 571              		.loc 1 445 5 is_stmt 1 view .LVU201
 446:Middlewares/ST/filex/common/src/fx_file_read.c **** 
 572              		.loc 1 446 18 is_stmt 0 view .LVU202
 573 0256 226C     		ldr	r2, [r4, #64]
 574 0258 616C     		ldr	r1, [r4, #68]
 446:Middlewares/ST/filex/common/src/fx_file_read.c **** 
 575              		.loc 1 446 51 view .LVU203
 576 025a 0023     		movs	r3, #0
 446:Middlewares/ST/filex/common/src/fx_file_read.c **** 
 577              		.loc 1 446 49 view .LVU204
 578 025c 0598     		ldr	r0, [sp, #20]
 579 025e 1218     		adds	r2, r2, r0
 580 0260 41F10001 		adc	r1, r1, #0
 445:Middlewares/ST/filex/common/src/fx_file_read.c ****         file_ptr -> fx_file_current_file_offset + (ULONG64)request_size;
 581              		.loc 1 445 45 view .LVU205
 582 0264 2264     		str	r2, [r4, #64]
 583 0266 6164     		str	r1, [r4, #68]
 449:Middlewares/ST/filex/common/src/fx_file_read.c **** 
 584              		.loc 1 449 5 is_stmt 1 view .LVU206
 449:Middlewares/ST/filex/common/src/fx_file_read.c **** 
 585              		.loc 1 449 18 is_stmt 0 view .LVU207
 586 0268 069A     		ldr	r2, [sp, #24]
 587 026a 1060     		str	r0, [r2]
 452:Middlewares/ST/filex/common/src/fx_file_read.c **** 
 588              		.loc 1 452 5 is_stmt 1 view .LVU208
 589 026c 0290     		str	r0, [sp, #8]
 590 026e 0193     		str	r3, [sp, #4]
 591 0270 0093     		str	r3, [sp]
 592 0272 F822     		movs	r2, #248
 593 0274 0999     		ldr	r1, [sp, #36]
 594 0276 0A98     		ldr	r0, [sp, #40]
 595 0278 FFF7FEFF 		bl	_fx_trace_event_update
 596              	.LVL55:
 455:Middlewares/ST/filex/common/src/fx_file_read.c **** 
 597              		.loc 1 455 5 view .LVU209
 455:Middlewares/ST/filex/common/src/fx_file_read.c **** 
 598              		.loc 1 455 67 is_stmt 0 view .LVU210
 599 027c 064B     		ldr	r3, .L44+8
 600 027e 1B68     		ldr	r3, [r3]
 601 0280 C4F89030 		str	r3, [r4, #144]
ARM GAS  /tmp/ccCjnfgm.s 			page 23


 458:Middlewares/ST/filex/common/src/fx_file_read.c **** 
 602              		.loc 1 458 5 is_stmt 1 view .LVU211
 603 0284 4846     		mov	r0, r9
 604 0286 FFF7FEFF 		bl	_tx_mutex_put
 605              	.LVL56:
 461:Middlewares/ST/filex/common/src/fx_file_read.c **** }
 606              		.loc 1 461 5 view .LVU212
 461:Middlewares/ST/filex/common/src/fx_file_read.c **** }
 607              		.loc 1 461 11 is_stmt 0 view .LVU213
 608 028a DDF81CA0 		ldr	r10, [sp, #28]
 609 028e C4E6     		b	.L1
 610              	.L45:
 611              		.align	2
 612              	.L44:
 613 0290 454C4946 		.word	1179208773
 614 0294 4944454D 		.word	1296385097
 615 0298 00000000 		.word	_fx_system_date
 616              	.L42:
 396:Middlewares/ST/filex/common/src/fx_file_read.c ****                                                          file_ptr -> fx_file_current_physical_clust
 617              		.loc 1 396 21 is_stmt 1 view .LVU214
 396:Middlewares/ST/filex/common/src/fx_file_read.c ****                                                          file_ptr -> fx_file_current_physical_clust
 618              		.loc 1 396 31 is_stmt 0 view .LVU215
 619 029c 0BAA     		add	r2, sp, #44
 620 029e 216A     		ldr	r1, [r4, #32]
 621 02a0 2846     		mov	r0, r5
 622 02a2 FFF7FEFF 		bl	_fx_utility_FAT_entry_read
 623              	.LVL57:
 400:Middlewares/ST/filex/common/src/fx_file_read.c ****                         (next_cluster > media_ptr -> fx_media_fat_reserved))
 624              		.loc 1 400 21 is_stmt 1 view .LVU216
 400:Middlewares/ST/filex/common/src/fx_file_read.c ****                         (next_cluster > media_ptr -> fx_media_fat_reserved))
 625              		.loc 1 400 24 is_stmt 0 view .LVU217
 626 02a6 0146     		mov	r1, r0
 627 02a8 E8B9     		cbnz	r0, .L24
 400:Middlewares/ST/filex/common/src/fx_file_read.c ****                         (next_cluster > media_ptr -> fx_media_fat_reserved))
 628              		.loc 1 400 65 discriminator 1 view .LVU218
 629 02aa 0B9B     		ldr	r3, [sp, #44]
 400:Middlewares/ST/filex/common/src/fx_file_read.c ****                         (next_cluster > media_ptr -> fx_media_fat_reserved))
 630              		.loc 1 400 48 discriminator 1 view .LVU219
 631 02ac 012B     		cmp	r3, #1
 632 02ae 1AD9     		bls	.L24
 401:Middlewares/ST/filex/common/src/fx_file_read.c ****                     {
 633              		.loc 1 401 51 view .LVU220
 634 02b0 05F50052 		add	r2, r5, #8192
 635 02b4 D2F8A824 		ldr	r2, [r2, #1192]
 400:Middlewares/ST/filex/common/src/fx_file_read.c ****                         (next_cluster > media_ptr -> fx_media_fat_reserved))
 636              		.loc 1 400 87 discriminator 2 view .LVU221
 637 02b8 9342     		cmp	r3, r2
 638 02ba 14D8     		bhi	.L24
 423:Middlewares/ST/filex/common/src/fx_file_read.c ****                 file_ptr -> fx_file_current_relative_cluster++;
 639              		.loc 1 423 17 is_stmt 1 view .LVU222
 423:Middlewares/ST/filex/common/src/fx_file_read.c ****                 file_ptr -> fx_file_current_relative_cluster++;
 640              		.loc 1 423 62 is_stmt 0 view .LVU223
 641 02bc 2362     		str	r3, [r4, #32]
 424:Middlewares/ST/filex/common/src/fx_file_read.c ****                 file_ptr -> fx_file_current_logical_sector = ((ULONG)media_ptr -> fx_media_data_sec
 642              		.loc 1 424 17 is_stmt 1 view .LVU224
 424:Middlewares/ST/filex/common/src/fx_file_read.c ****                 file_ptr -> fx_file_current_logical_sector = ((ULONG)media_ptr -> fx_media_data_sec
 643              		.loc 1 424 26 is_stmt 0 view .LVU225
ARM GAS  /tmp/ccCjnfgm.s 			page 24


 644 02be 626B     		ldr	r2, [r4, #52]
 424:Middlewares/ST/filex/common/src/fx_file_read.c ****                 file_ptr -> fx_file_current_logical_sector = ((ULONG)media_ptr -> fx_media_data_sec
 645              		.loc 1 424 61 view .LVU226
 646 02c0 0132     		adds	r2, r2, #1
 647 02c2 6263     		str	r2, [r4, #52]
 425:Middlewares/ST/filex/common/src/fx_file_read.c ****                     ((((ULONG64)next_cluster) - FX_FAT_ENTRY_START) *
 648              		.loc 1 425 17 is_stmt 1 view .LVU227
 425:Middlewares/ST/filex/common/src/fx_file_read.c ****                     ((((ULONG64)next_cluster) - FX_FAT_ENTRY_START) *
 649              		.loc 1 425 80 is_stmt 0 view .LVU228
 650 02c4 2A6D     		ldr	r2, [r5, #80]
 425:Middlewares/ST/filex/common/src/fx_file_read.c ****                     ((((ULONG64)next_cluster) - FX_FAT_ENTRY_START) *
 651              		.loc 1 425 63 view .LVU229
 652 02c6 0020     		movs	r0, #0
 653              	.LVL58:
 426:Middlewares/ST/filex/common/src/fx_file_read.c ****                      ((ULONG)media_ptr -> fx_media_sectors_per_cluster));
 654              		.loc 1 426 47 view .LVU230
 655 02c8 023B     		subs	r3, r3, #2
 656 02ca 40F1FF3C 		adc	ip, r0, #-1
 427:Middlewares/ST/filex/common/src/fx_file_read.c ****                 file_ptr -> fx_file_current_relative_sector =  0;
 657              		.loc 1 427 40 view .LVU231
 658 02ce 6F6D     		ldr	r7, [r5, #84]
 426:Middlewares/ST/filex/common/src/fx_file_read.c ****                      ((ULONG)media_ptr -> fx_media_sectors_per_cluster));
 659              		.loc 1 426 69 view .LVU232
 660 02d0 A3FB0731 		umull	r3, r1, r3, r7
 661              	.LVL59:
 426:Middlewares/ST/filex/common/src/fx_file_read.c ****                      ((ULONG)media_ptr -> fx_media_sectors_per_cluster));
 662              		.loc 1 426 69 view .LVU233
 663 02d4 07FB0C11 		mla	r1, r7, ip, r1
 425:Middlewares/ST/filex/common/src/fx_file_read.c ****                     ((((ULONG64)next_cluster) - FX_FAT_ENTRY_START) *
 664              		.loc 1 425 111 view .LVU234
 665 02d8 D218     		adds	r2, r2, r3
 666 02da 41F10001 		adc	r1, r1, #0
 425:Middlewares/ST/filex/common/src/fx_file_read.c ****                     ((((ULONG64)next_cluster) - FX_FAT_ENTRY_START) *
 667              		.loc 1 425 60 view .LVU235
 668 02de A262     		str	r2, [r4, #40]
 669 02e0 E162     		str	r1, [r4, #44]
 428:Middlewares/ST/filex/common/src/fx_file_read.c ****             }
 670              		.loc 1 428 17 is_stmt 1 view .LVU236
 428:Middlewares/ST/filex/common/src/fx_file_read.c ****             }
 671              		.loc 1 428 61 is_stmt 0 view .LVU237
 672 02e2 A063     		str	r0, [r4, #56]
 673 02e4 7AE7     		b	.L26
 674              	.LVL60:
 675              	.L24:
 405:Middlewares/ST/filex/common/src/fx_file_read.c **** 
 676              		.loc 1 405 25 view .LVU238
 677 02e6 8A46     		mov	r10, r1
 405:Middlewares/ST/filex/common/src/fx_file_read.c **** 
 678              		.loc 1 405 25 is_stmt 1 view .LVU239
 679 02e8 4846     		mov	r0, r9
 680              	.LVL61:
 405:Middlewares/ST/filex/common/src/fx_file_read.c **** 
 681              		.loc 1 405 25 is_stmt 0 view .LVU240
 682 02ea FFF7FEFF 		bl	_tx_mutex_put
 683              	.LVL62:
 408:Middlewares/ST/filex/common/src/fx_file_read.c ****                         {
 684              		.loc 1 408 25 is_stmt 1 view .LVU241
ARM GAS  /tmp/ccCjnfgm.s 			page 25


 408:Middlewares/ST/filex/common/src/fx_file_read.c ****                         {
 685              		.loc 1 408 28 is_stmt 0 view .LVU242
 686 02ee BAF1000F 		cmp	r10, #0
 687 02f2 7FF492AE 		bne	.L1
 414:Middlewares/ST/filex/common/src/fx_file_read.c ****                         }
 688              		.loc 1 414 35 view .LVU243
 689 02f6 4FF0080A 		mov	r10, #8
 690              	.LVL63:
 414:Middlewares/ST/filex/common/src/fx_file_read.c ****                         }
 691              		.loc 1 414 35 view .LVU244
 692 02fa 8EE6     		b	.L1
 693              	.LVL64:
 694              	.L30:
 124:Middlewares/ST/filex/common/src/fx_file_read.c **** 
 695              		.loc 1 124 5 discriminator 3 view .LVU245
 696 02fc 4FF0110A 		mov	r10, #17
 697 0300 8BE6     		b	.L1
 698              		.cfi_endproc
 699              	.LFE8:
 701 0302 00BF     		.text
 702              	.Letext0:
 703              		.file 2 "Middlewares/ST/threadx/ports/cortex_m7/gnu/inc/tx_port.h"
 704              		.file 3 "Middlewares/ST/threadx/common/inc/tx_api.h"
 705              		.file 4 "Middlewares/ST/threadx/common/inc/tx_trace.h"
 706              		.file 5 "Middlewares/ST/filex/common/inc/fx_api.h"
 707              		.file 6 "Middlewares/ST/filex/common/inc/fx_utility.h"
 708              		.file 7 "Middlewares/ST/filex/common/inc/fx_system.h"
ARM GAS  /tmp/ccCjnfgm.s 			page 26


DEFINED SYMBOLS
                            *ABS*:00000000 fx_file_read.c
     /tmp/ccCjnfgm.s:20     .text._fx_file_read:00000000 $t
     /tmp/ccCjnfgm.s:26     .text._fx_file_read:00000000 _fx_file_read
     /tmp/ccCjnfgm.s:613    .text._fx_file_read:00000290 $d
     /tmp/ccCjnfgm.s:619    .text._fx_file_read:0000029c $t

UNDEFINED SYMBOLS
_fx_trace_event_insert
_tx_mutex_get
_tx_mutex_put
_fx_utility_FAT_entry_read
_fx_utility_logical_sector_read
_fx_utility_memory_copy
_fx_trace_event_update
_fx_system_date
