ARM GAS  /tmp/ccXmxfvZ.s 			page 1


   1              		.cpu cortex-m7
   2              		.arch armv7e-m
   3              		.fpu fpv5-d16
   4              		.eabi_attribute 28, 1
   5              		.eabi_attribute 20, 1
   6              		.eabi_attribute 21, 1
   7              		.eabi_attribute 23, 3
   8              		.eabi_attribute 24, 1
   9              		.eabi_attribute 25, 1
  10              		.eabi_attribute 26, 1
  11              		.eabi_attribute 30, 1
  12              		.eabi_attribute 34, 1
  13              		.eabi_attribute 18, 4
  14              		.file	"fx_file_truncate_release.c"
  15              		.text
  16              	.Ltext0:
  17              		.cfi_sections	.debug_frame
  18              		.file 1 "Middlewares/ST/filex/common/src/fx_file_truncate_release.c"
  19              		.section	.text._fx_file_truncate_release,"ax",%progbits
  20              		.align	1
  21              		.global	_fx_file_truncate_release
  22              		.syntax unified
  23              		.thumb
  24              		.thumb_func
  26              	_fx_file_truncate_release:
  27              	.LVL0:
  28              	.LFB8:
   1:Middlewares/ST/filex/common/src/fx_file_truncate_release.c **** /**************************************************************************/
   2:Middlewares/ST/filex/common/src/fx_file_truncate_release.c **** /*                                                                        */
   3:Middlewares/ST/filex/common/src/fx_file_truncate_release.c **** /*       Copyright (c) Microsoft Corporation. All rights reserved.        */
   4:Middlewares/ST/filex/common/src/fx_file_truncate_release.c **** /*                                                                        */
   5:Middlewares/ST/filex/common/src/fx_file_truncate_release.c **** /*       This software is licensed under the Microsoft Software License   */
   6:Middlewares/ST/filex/common/src/fx_file_truncate_release.c **** /*       Terms for Microsoft Azure RTOS. Full text of the license can be  */
   7:Middlewares/ST/filex/common/src/fx_file_truncate_release.c **** /*       found in the LICENSE file at https://aka.ms/AzureRTOS_EULA       */
   8:Middlewares/ST/filex/common/src/fx_file_truncate_release.c **** /*       and in the root directory of this software.                      */
   9:Middlewares/ST/filex/common/src/fx_file_truncate_release.c **** /*                                                                        */
  10:Middlewares/ST/filex/common/src/fx_file_truncate_release.c **** /**************************************************************************/
  11:Middlewares/ST/filex/common/src/fx_file_truncate_release.c **** 
  12:Middlewares/ST/filex/common/src/fx_file_truncate_release.c **** 
  13:Middlewares/ST/filex/common/src/fx_file_truncate_release.c **** /**************************************************************************/
  14:Middlewares/ST/filex/common/src/fx_file_truncate_release.c **** /**************************************************************************/
  15:Middlewares/ST/filex/common/src/fx_file_truncate_release.c **** /**                                                                       */
  16:Middlewares/ST/filex/common/src/fx_file_truncate_release.c **** /** FileX Component                                                       */
  17:Middlewares/ST/filex/common/src/fx_file_truncate_release.c **** /**                                                                       */
  18:Middlewares/ST/filex/common/src/fx_file_truncate_release.c **** /**   File                                                                */
  19:Middlewares/ST/filex/common/src/fx_file_truncate_release.c **** /**                                                                       */
  20:Middlewares/ST/filex/common/src/fx_file_truncate_release.c **** /**************************************************************************/
  21:Middlewares/ST/filex/common/src/fx_file_truncate_release.c **** /**************************************************************************/
  22:Middlewares/ST/filex/common/src/fx_file_truncate_release.c **** 
  23:Middlewares/ST/filex/common/src/fx_file_truncate_release.c **** #define FX_SOURCE_CODE
  24:Middlewares/ST/filex/common/src/fx_file_truncate_release.c **** 
  25:Middlewares/ST/filex/common/src/fx_file_truncate_release.c **** 
  26:Middlewares/ST/filex/common/src/fx_file_truncate_release.c **** /* Include necessary system files.  */
  27:Middlewares/ST/filex/common/src/fx_file_truncate_release.c **** 
  28:Middlewares/ST/filex/common/src/fx_file_truncate_release.c **** #include "fx_api.h"
  29:Middlewares/ST/filex/common/src/fx_file_truncate_release.c **** #include "fx_file.h"
  30:Middlewares/ST/filex/common/src/fx_file_truncate_release.c **** 
ARM GAS  /tmp/ccXmxfvZ.s 			page 2


  31:Middlewares/ST/filex/common/src/fx_file_truncate_release.c **** 
  32:Middlewares/ST/filex/common/src/fx_file_truncate_release.c **** /**************************************************************************/
  33:Middlewares/ST/filex/common/src/fx_file_truncate_release.c **** /*                                                                        */
  34:Middlewares/ST/filex/common/src/fx_file_truncate_release.c **** /*  FUNCTION                                               RELEASE        */
  35:Middlewares/ST/filex/common/src/fx_file_truncate_release.c **** /*                                                                        */
  36:Middlewares/ST/filex/common/src/fx_file_truncate_release.c **** /*    _fx_file_truncate_release                           PORTABLE C      */
  37:Middlewares/ST/filex/common/src/fx_file_truncate_release.c **** /*                                                           6.1          */
  38:Middlewares/ST/filex/common/src/fx_file_truncate_release.c **** /*  AUTHOR                                                                */
  39:Middlewares/ST/filex/common/src/fx_file_truncate_release.c **** /*                                                                        */
  40:Middlewares/ST/filex/common/src/fx_file_truncate_release.c **** /*    William E. Lamie, Microsoft Corporation                             */
  41:Middlewares/ST/filex/common/src/fx_file_truncate_release.c **** /*                                                                        */
  42:Middlewares/ST/filex/common/src/fx_file_truncate_release.c **** /*  DESCRIPTION                                                           */
  43:Middlewares/ST/filex/common/src/fx_file_truncate_release.c **** /*                                                                        */
  44:Middlewares/ST/filex/common/src/fx_file_truncate_release.c **** /*    This function sets the file to the specified size, if smaller than  */
  45:Middlewares/ST/filex/common/src/fx_file_truncate_release.c **** /*    the current file size.  If the new file size is less than the       */
  46:Middlewares/ST/filex/common/src/fx_file_truncate_release.c **** /*    current file read/write position, the internal file pointers will   */
  47:Middlewares/ST/filex/common/src/fx_file_truncate_release.c **** /*    also be modified.  Any unused clusters are released back to the     */
  48:Middlewares/ST/filex/common/src/fx_file_truncate_release.c **** /*    media.                                                              */
  49:Middlewares/ST/filex/common/src/fx_file_truncate_release.c **** /*                                                                        */
  50:Middlewares/ST/filex/common/src/fx_file_truncate_release.c **** /*  INPUT                                                                 */
  51:Middlewares/ST/filex/common/src/fx_file_truncate_release.c **** /*                                                                        */
  52:Middlewares/ST/filex/common/src/fx_file_truncate_release.c **** /*    file_ptr                              File control block pointer    */
  53:Middlewares/ST/filex/common/src/fx_file_truncate_release.c **** /*    size                                  New size of the file in bytes */
  54:Middlewares/ST/filex/common/src/fx_file_truncate_release.c **** /*                                                                        */
  55:Middlewares/ST/filex/common/src/fx_file_truncate_release.c **** /*  OUTPUT                                                                */
  56:Middlewares/ST/filex/common/src/fx_file_truncate_release.c **** /*                                                                        */
  57:Middlewares/ST/filex/common/src/fx_file_truncate_release.c **** /*    return status                                                       */
  58:Middlewares/ST/filex/common/src/fx_file_truncate_release.c **** /*                                                                        */
  59:Middlewares/ST/filex/common/src/fx_file_truncate_release.c **** /*  CALLS                                                                 */
  60:Middlewares/ST/filex/common/src/fx_file_truncate_release.c **** /*                                                                        */
  61:Middlewares/ST/filex/common/src/fx_file_truncate_release.c **** /*    _fx_file_extended_truncate_release    Truncate the file size and    */
  62:Middlewares/ST/filex/common/src/fx_file_truncate_release.c **** /*                                            released unused clusters    */
  63:Middlewares/ST/filex/common/src/fx_file_truncate_release.c **** /*                                                                        */
  64:Middlewares/ST/filex/common/src/fx_file_truncate_release.c **** /*  CALLED BY                                                             */
  65:Middlewares/ST/filex/common/src/fx_file_truncate_release.c **** /*                                                                        */
  66:Middlewares/ST/filex/common/src/fx_file_truncate_release.c **** /*    Application Code                                                    */
  67:Middlewares/ST/filex/common/src/fx_file_truncate_release.c **** /*                                                                        */
  68:Middlewares/ST/filex/common/src/fx_file_truncate_release.c **** /*  RELEASE HISTORY                                                       */
  69:Middlewares/ST/filex/common/src/fx_file_truncate_release.c **** /*                                                                        */
  70:Middlewares/ST/filex/common/src/fx_file_truncate_release.c **** /*    DATE              NAME                      DESCRIPTION             */
  71:Middlewares/ST/filex/common/src/fx_file_truncate_release.c **** /*                                                                        */
  72:Middlewares/ST/filex/common/src/fx_file_truncate_release.c **** /*  05-19-2020     William E. Lamie         Initial Version 6.0           */
  73:Middlewares/ST/filex/common/src/fx_file_truncate_release.c **** /*  09-30-2020     William E. Lamie         Modified comment(s), and      */
  74:Middlewares/ST/filex/common/src/fx_file_truncate_release.c **** /*                                            Added conditional to        */
  75:Middlewares/ST/filex/common/src/fx_file_truncate_release.c **** /*                                            disable one line function,  */
  76:Middlewares/ST/filex/common/src/fx_file_truncate_release.c **** /*                                            resulting in version 6.1    */
  77:Middlewares/ST/filex/common/src/fx_file_truncate_release.c **** /*                                                                        */
  78:Middlewares/ST/filex/common/src/fx_file_truncate_release.c **** /**************************************************************************/
  79:Middlewares/ST/filex/common/src/fx_file_truncate_release.c **** #ifndef FX_DISABLE_ONE_LINE_FUNCTION
  80:Middlewares/ST/filex/common/src/fx_file_truncate_release.c **** UINT  _fx_file_truncate_release(FX_FILE *file_ptr, ULONG size)
  81:Middlewares/ST/filex/common/src/fx_file_truncate_release.c **** {
  29              		.loc 1 81 1 view -0
  30              		.cfi_startproc
  31              		@ args = 0, pretend = 0, frame = 0
  32              		@ frame_needed = 0, uses_anonymous_args = 0
  33              		.loc 1 81 1 is_stmt 0 view .LVU1
  34 0000 08B5     		push	{r3, lr}
ARM GAS  /tmp/ccXmxfvZ.s 			page 3


  35              	.LCFI0:
  36              		.cfi_def_cfa_offset 8
  37              		.cfi_offset 3, -8
  38              		.cfi_offset 14, -4
  39 0002 0A46     		mov	r2, r1
  82:Middlewares/ST/filex/common/src/fx_file_truncate_release.c **** 
  83:Middlewares/ST/filex/common/src/fx_file_truncate_release.c ****     return(_fx_file_extended_truncate_release(file_ptr, (ULONG64)size));
  40              		.loc 1 83 5 is_stmt 1 view .LVU2
  41              		.loc 1 83 12 is_stmt 0 view .LVU3
  42 0004 0023     		movs	r3, #0
  43 0006 FFF7FEFF 		bl	_fx_file_extended_truncate_release
  44              	.LVL1:
  84:Middlewares/ST/filex/common/src/fx_file_truncate_release.c **** }
  45              		.loc 1 84 1 view .LVU4
  46 000a 08BD     		pop	{r3, pc}
  47              		.cfi_endproc
  48              	.LFE8:
  50              		.text
  51              	.Letext0:
  52              		.file 2 "Middlewares/ST/threadx/ports/cortex_m7/gnu/inc/tx_port.h"
  53              		.file 3 "Middlewares/ST/threadx/common/inc/tx_api.h"
  54              		.file 4 "Middlewares/ST/filex/common/inc/fx_api.h"
  55              		.file 5 "Middlewares/ST/filex/common/inc/fx_file.h"
ARM GAS  /tmp/ccXmxfvZ.s 			page 4


DEFINED SYMBOLS
                            *ABS*:00000000 fx_file_truncate_release.c
     /tmp/ccXmxfvZ.s:20     .text._fx_file_truncate_release:00000000 $t
     /tmp/ccXmxfvZ.s:26     .text._fx_file_truncate_release:00000000 _fx_file_truncate_release

UNDEFINED SYMBOLS
_fx_file_extended_truncate_release
