ARM GAS  /tmp/ccIAubpF.s 			page 1


   1              		.cpu cortex-m7
   2              		.arch armv7e-m
   3              		.fpu fpv5-d16
   4              		.eabi_attribute 28, 1
   5              		.eabi_attribute 20, 1
   6              		.eabi_attribute 21, 1
   7              		.eabi_attribute 23, 3
   8              		.eabi_attribute 24, 1
   9              		.eabi_attribute 25, 1
  10              		.eabi_attribute 26, 1
  11              		.eabi_attribute 30, 1
  12              		.eabi_attribute 34, 1
  13              		.eabi_attribute 18, 4
  14              		.file	"fx_media_volume_get_extended.c"
  15              		.text
  16              	.Ltext0:
  17              		.cfi_sections	.debug_frame
  18              		.file 1 "Middlewares/ST/filex/common/src/fx_media_volume_get_extended.c"
  19              		.section	.text._fx_media_volume_get_extended,"ax",%progbits
  20              		.align	1
  21              		.global	_fx_media_volume_get_extended
  22              		.syntax unified
  23              		.thumb
  24              		.thumb_func
  26              	_fx_media_volume_get_extended:
  27              	.LVL0:
  28              	.LFB8:
   1:Middlewares/ST/filex/common/src/fx_media_volume_get_extended.c **** /**************************************************************************/
   2:Middlewares/ST/filex/common/src/fx_media_volume_get_extended.c **** /*                                                                        */
   3:Middlewares/ST/filex/common/src/fx_media_volume_get_extended.c **** /*       Copyright (c) Microsoft Corporation. All rights reserved.        */
   4:Middlewares/ST/filex/common/src/fx_media_volume_get_extended.c **** /*                                                                        */
   5:Middlewares/ST/filex/common/src/fx_media_volume_get_extended.c **** /*       This software is licensed under the Microsoft Software License   */
   6:Middlewares/ST/filex/common/src/fx_media_volume_get_extended.c **** /*       Terms for Microsoft Azure RTOS. Full text of the license can be  */
   7:Middlewares/ST/filex/common/src/fx_media_volume_get_extended.c **** /*       found in the LICENSE file at https://aka.ms/AzureRTOS_EULA       */
   8:Middlewares/ST/filex/common/src/fx_media_volume_get_extended.c **** /*       and in the root directory of this software.                      */
   9:Middlewares/ST/filex/common/src/fx_media_volume_get_extended.c **** /*                                                                        */
  10:Middlewares/ST/filex/common/src/fx_media_volume_get_extended.c **** /**************************************************************************/
  11:Middlewares/ST/filex/common/src/fx_media_volume_get_extended.c **** 
  12:Middlewares/ST/filex/common/src/fx_media_volume_get_extended.c **** 
  13:Middlewares/ST/filex/common/src/fx_media_volume_get_extended.c **** /**************************************************************************/
  14:Middlewares/ST/filex/common/src/fx_media_volume_get_extended.c **** /**************************************************************************/
  15:Middlewares/ST/filex/common/src/fx_media_volume_get_extended.c **** /**                                                                       */
  16:Middlewares/ST/filex/common/src/fx_media_volume_get_extended.c **** /** FileX Component                                                       */
  17:Middlewares/ST/filex/common/src/fx_media_volume_get_extended.c **** /**                                                                       */
  18:Middlewares/ST/filex/common/src/fx_media_volume_get_extended.c **** /**   Media                                                               */
  19:Middlewares/ST/filex/common/src/fx_media_volume_get_extended.c **** /**                                                                       */
  20:Middlewares/ST/filex/common/src/fx_media_volume_get_extended.c **** /**************************************************************************/
  21:Middlewares/ST/filex/common/src/fx_media_volume_get_extended.c **** /**************************************************************************/
  22:Middlewares/ST/filex/common/src/fx_media_volume_get_extended.c **** 
  23:Middlewares/ST/filex/common/src/fx_media_volume_get_extended.c **** #define FX_SOURCE_CODE
  24:Middlewares/ST/filex/common/src/fx_media_volume_get_extended.c **** 
  25:Middlewares/ST/filex/common/src/fx_media_volume_get_extended.c **** 
  26:Middlewares/ST/filex/common/src/fx_media_volume_get_extended.c **** /* Include necessary system files.  */
  27:Middlewares/ST/filex/common/src/fx_media_volume_get_extended.c **** 
  28:Middlewares/ST/filex/common/src/fx_media_volume_get_extended.c **** #include "fx_api.h"
  29:Middlewares/ST/filex/common/src/fx_media_volume_get_extended.c **** #include "fx_system.h"
  30:Middlewares/ST/filex/common/src/fx_media_volume_get_extended.c **** #include "fx_directory.h"
ARM GAS  /tmp/ccIAubpF.s 			page 2


  31:Middlewares/ST/filex/common/src/fx_media_volume_get_extended.c **** #include "fx_media.h"
  32:Middlewares/ST/filex/common/src/fx_media_volume_get_extended.c **** #include "fx_utility.h"
  33:Middlewares/ST/filex/common/src/fx_media_volume_get_extended.c **** #ifdef FX_ENABLE_EXFAT
  34:Middlewares/ST/filex/common/src/fx_media_volume_get_extended.c **** #include "fx_directory_exFAT.h"
  35:Middlewares/ST/filex/common/src/fx_media_volume_get_extended.c **** #endif /* FX_ENABLE_EXFAT */
  36:Middlewares/ST/filex/common/src/fx_media_volume_get_extended.c **** 
  37:Middlewares/ST/filex/common/src/fx_media_volume_get_extended.c **** 
  38:Middlewares/ST/filex/common/src/fx_media_volume_get_extended.c **** /**************************************************************************/
  39:Middlewares/ST/filex/common/src/fx_media_volume_get_extended.c **** /*                                                                        */
  40:Middlewares/ST/filex/common/src/fx_media_volume_get_extended.c **** /*  FUNCTION                                               RELEASE        */
  41:Middlewares/ST/filex/common/src/fx_media_volume_get_extended.c **** /*                                                                        */
  42:Middlewares/ST/filex/common/src/fx_media_volume_get_extended.c **** /*    _fx_media_volume_get_extended                       PORTABLE C      */
  43:Middlewares/ST/filex/common/src/fx_media_volume_get_extended.c **** /*                                                           6.1          */
  44:Middlewares/ST/filex/common/src/fx_media_volume_get_extended.c **** /*  AUTHOR                                                                */
  45:Middlewares/ST/filex/common/src/fx_media_volume_get_extended.c **** /*                                                                        */
  46:Middlewares/ST/filex/common/src/fx_media_volume_get_extended.c **** /*    William E. Lamie, Microsoft Corporation                             */
  47:Middlewares/ST/filex/common/src/fx_media_volume_get_extended.c **** /*                                                                        */
  48:Middlewares/ST/filex/common/src/fx_media_volume_get_extended.c **** /*  DESCRIPTION                                                           */
  49:Middlewares/ST/filex/common/src/fx_media_volume_get_extended.c **** /*                                                                        */
  50:Middlewares/ST/filex/common/src/fx_media_volume_get_extended.c **** /*    This function reads the volume name stored in the media's boot      */
  51:Middlewares/ST/filex/common/src/fx_media_volume_get_extended.c **** /*    record or root directory.                                           */
  52:Middlewares/ST/filex/common/src/fx_media_volume_get_extended.c **** /*                                                                        */
  53:Middlewares/ST/filex/common/src/fx_media_volume_get_extended.c **** /*  INPUT                                                                 */
  54:Middlewares/ST/filex/common/src/fx_media_volume_get_extended.c **** /*                                                                        */
  55:Middlewares/ST/filex/common/src/fx_media_volume_get_extended.c **** /*    media_ptr                             Media control block pointer   */
  56:Middlewares/ST/filex/common/src/fx_media_volume_get_extended.c **** /*    volume_name                           Pointer to destination for    */
  57:Middlewares/ST/filex/common/src/fx_media_volume_get_extended.c **** /*                                            the volume name (maximum    */
  58:Middlewares/ST/filex/common/src/fx_media_volume_get_extended.c **** /*                                            11 characters + NULL)       */
  59:Middlewares/ST/filex/common/src/fx_media_volume_get_extended.c **** /*    volume_name_buffer_length             Buffer length for volume_name */
  60:Middlewares/ST/filex/common/src/fx_media_volume_get_extended.c **** /*    volume_source                         Source of volume              */
  61:Middlewares/ST/filex/common/src/fx_media_volume_get_extended.c **** /*                                                                        */
  62:Middlewares/ST/filex/common/src/fx_media_volume_get_extended.c **** /*  OUTPUT                                                                */
  63:Middlewares/ST/filex/common/src/fx_media_volume_get_extended.c **** /*                                                                        */
  64:Middlewares/ST/filex/common/src/fx_media_volume_get_extended.c **** /*    return status                                                       */
  65:Middlewares/ST/filex/common/src/fx_media_volume_get_extended.c **** /*                                                                        */
  66:Middlewares/ST/filex/common/src/fx_media_volume_get_extended.c **** /*  CALLS                                                                 */
  67:Middlewares/ST/filex/common/src/fx_media_volume_get_extended.c **** /*                                                                        */
  68:Middlewares/ST/filex/common/src/fx_media_volume_get_extended.c **** /*    _fx_utility_logical_sector_read       Read directory sector         */
  69:Middlewares/ST/filex/common/src/fx_media_volume_get_extended.c **** /*    _fx_directory_entry_read              Directory entry read          */
  70:Middlewares/ST/filex/common/src/fx_media_volume_get_extended.c **** /*                                                                        */
  71:Middlewares/ST/filex/common/src/fx_media_volume_get_extended.c **** /*  CALLED BY                                                             */
  72:Middlewares/ST/filex/common/src/fx_media_volume_get_extended.c **** /*                                                                        */
  73:Middlewares/ST/filex/common/src/fx_media_volume_get_extended.c **** /*    Application Code                                                    */
  74:Middlewares/ST/filex/common/src/fx_media_volume_get_extended.c **** /*                                                                        */
  75:Middlewares/ST/filex/common/src/fx_media_volume_get_extended.c **** /*  RELEASE HISTORY                                                       */
  76:Middlewares/ST/filex/common/src/fx_media_volume_get_extended.c **** /*                                                                        */
  77:Middlewares/ST/filex/common/src/fx_media_volume_get_extended.c **** /*    DATE              NAME                      DESCRIPTION             */
  78:Middlewares/ST/filex/common/src/fx_media_volume_get_extended.c **** /*                                                                        */
  79:Middlewares/ST/filex/common/src/fx_media_volume_get_extended.c **** /*  05-19-2020     William E. Lamie         Initial Version 6.0           */
  80:Middlewares/ST/filex/common/src/fx_media_volume_get_extended.c **** /*  09-30-2020     William E. Lamie         Modified comment(s),          */
  81:Middlewares/ST/filex/common/src/fx_media_volume_get_extended.c **** /*                                            resulting in version 6.1    */
  82:Middlewares/ST/filex/common/src/fx_media_volume_get_extended.c **** /*                                                                        */
  83:Middlewares/ST/filex/common/src/fx_media_volume_get_extended.c **** /**************************************************************************/
  84:Middlewares/ST/filex/common/src/fx_media_volume_get_extended.c **** UINT  _fx_media_volume_get_extended(FX_MEDIA *media_ptr, CHAR *volume_name, UINT volume_name_buffer
  85:Middlewares/ST/filex/common/src/fx_media_volume_get_extended.c **** {
  29              		.loc 1 85 1 view -0
  30              		.cfi_startproc
ARM GAS  /tmp/ccIAubpF.s 			page 3


  31              		@ args = 0, pretend = 0, frame = 120
  32              		@ frame_needed = 0, uses_anonymous_args = 0
  33              		.loc 1 85 1 is_stmt 0 view .LVU1
  34 0000 2DE9F041 		push	{r4, r5, r6, r7, r8, lr}
  35              	.LCFI0:
  36              		.cfi_def_cfa_offset 24
  37              		.cfi_offset 4, -24
  38              		.cfi_offset 5, -20
  39              		.cfi_offset 6, -16
  40              		.cfi_offset 7, -12
  41              		.cfi_offset 8, -8
  42              		.cfi_offset 14, -4
  43 0004 A2B0     		sub	sp, sp, #136
  44              	.LCFI1:
  45              		.cfi_def_cfa_offset 160
  46 0006 0D46     		mov	r5, r1
  47 0008 1646     		mov	r6, r2
  86:Middlewares/ST/filex/common/src/fx_media_volume_get_extended.c **** 
  87:Middlewares/ST/filex/common/src/fx_media_volume_get_extended.c **** UINT         status, offset;
  48              		.loc 1 87 1 is_stmt 1 view .LVU2
  88:Middlewares/ST/filex/common/src/fx_media_volume_get_extended.c **** ULONG        i;
  49              		.loc 1 88 1 view .LVU3
  89:Middlewares/ST/filex/common/src/fx_media_volume_get_extended.c **** INT          j;
  50              		.loc 1 89 1 view .LVU4
  90:Middlewares/ST/filex/common/src/fx_media_volume_get_extended.c **** 
  91:Middlewares/ST/filex/common/src/fx_media_volume_get_extended.c **** #ifdef FX_ENABLE_EXFAT
  92:Middlewares/ST/filex/common/src/fx_media_volume_get_extended.c **** ULONG        character_count;
  93:Middlewares/ST/filex/common/src/fx_media_volume_get_extended.c **** #endif /* FX_ENABLE_EXFAT */
  94:Middlewares/ST/filex/common/src/fx_media_volume_get_extended.c **** FX_DIR_ENTRY dir_entry;
  51              		.loc 1 94 1 view .LVU5
  95:Middlewares/ST/filex/common/src/fx_media_volume_get_extended.c **** 
  96:Middlewares/ST/filex/common/src/fx_media_volume_get_extended.c **** 
  97:Middlewares/ST/filex/common/src/fx_media_volume_get_extended.c ****     /* Clear the volume name.  */
  98:Middlewares/ST/filex/common/src/fx_media_volume_get_extended.c ****     volume_name[0] =  FX_NULL;
  52              		.loc 1 98 5 view .LVU6
  53              		.loc 1 98 20 is_stmt 0 view .LVU7
  54 000a 0022     		movs	r2, #0
  55              	.LVL1:
  56              		.loc 1 98 20 view .LVU8
  57 000c 0A70     		strb	r2, [r1]
  99:Middlewares/ST/filex/common/src/fx_media_volume_get_extended.c **** 
 100:Middlewares/ST/filex/common/src/fx_media_volume_get_extended.c ****     /* Check the media to make sure it is open.  */
 101:Middlewares/ST/filex/common/src/fx_media_volume_get_extended.c ****     if (media_ptr -> fx_media_id != FX_MEDIA_ID)
  58              		.loc 1 101 5 is_stmt 1 view .LVU9
  59              		.loc 1 101 19 is_stmt 0 view .LVU10
  60 000e 0168     		ldr	r1, [r0]
  61              	.LVL2:
  62              		.loc 1 101 8 view .LVU11
  63 0010 714A     		ldr	r2, .L36
  64 0012 9142     		cmp	r1, r2
  65 0014 04D0     		beq	.L28
 102:Middlewares/ST/filex/common/src/fx_media_volume_get_extended.c ****     {
 103:Middlewares/ST/filex/common/src/fx_media_volume_get_extended.c **** 
 104:Middlewares/ST/filex/common/src/fx_media_volume_get_extended.c ****         /* Return the media not opened error.  */
 105:Middlewares/ST/filex/common/src/fx_media_volume_get_extended.c ****         return(FX_MEDIA_NOT_OPEN);
  66              		.loc 1 105 15 view .LVU12
  67 0016 1127     		movs	r7, #17
ARM GAS  /tmp/ccIAubpF.s 			page 4


  68              	.LVL3:
  69              	.L1:
 106:Middlewares/ST/filex/common/src/fx_media_volume_get_extended.c ****     }
 107:Middlewares/ST/filex/common/src/fx_media_volume_get_extended.c **** 
 108:Middlewares/ST/filex/common/src/fx_media_volume_get_extended.c ****     /* If trace is enabled, insert this event into the trace buffer.  */
 109:Middlewares/ST/filex/common/src/fx_media_volume_get_extended.c ****     FX_TRACE_IN_LINE_INSERT(FX_TRACE_MEDIA_VOLUME_GET, media_ptr, volume_name, volume_source, 0, FX
 110:Middlewares/ST/filex/common/src/fx_media_volume_get_extended.c **** 
 111:Middlewares/ST/filex/common/src/fx_media_volume_get_extended.c ****     /* Protect against other threads accessing the media.  */
 112:Middlewares/ST/filex/common/src/fx_media_volume_get_extended.c ****     FX_PROTECT
 113:Middlewares/ST/filex/common/src/fx_media_volume_get_extended.c **** 
 114:Middlewares/ST/filex/common/src/fx_media_volume_get_extended.c **** #ifdef FX_ENABLE_EXFAT
 115:Middlewares/ST/filex/common/src/fx_media_volume_get_extended.c ****     if (media_ptr -> fx_media_FAT_type == FX_exFAT)
 116:Middlewares/ST/filex/common/src/fx_media_volume_get_extended.c ****     {
 117:Middlewares/ST/filex/common/src/fx_media_volume_get_extended.c ****         volume_source = FX_DIRECTORY_SECTOR;
 118:Middlewares/ST/filex/common/src/fx_media_volume_get_extended.c ****     }
 119:Middlewares/ST/filex/common/src/fx_media_volume_get_extended.c **** #endif /* FX_ENABLE_EXFAT */
 120:Middlewares/ST/filex/common/src/fx_media_volume_get_extended.c **** 
 121:Middlewares/ST/filex/common/src/fx_media_volume_get_extended.c ****     /* Ensure the volume name is NULL initially.  */
 122:Middlewares/ST/filex/common/src/fx_media_volume_get_extended.c ****     volume_name[0] =  FX_NULL;
 123:Middlewares/ST/filex/common/src/fx_media_volume_get_extended.c **** 
 124:Middlewares/ST/filex/common/src/fx_media_volume_get_extended.c ****     if (volume_source == FX_DIRECTORY_SECTOR)
 125:Middlewares/ST/filex/common/src/fx_media_volume_get_extended.c ****     {
 126:Middlewares/ST/filex/common/src/fx_media_volume_get_extended.c **** 
 127:Middlewares/ST/filex/common/src/fx_media_volume_get_extended.c ****         /* Setup pointer to media name buffer.  */
 128:Middlewares/ST/filex/common/src/fx_media_volume_get_extended.c ****         dir_entry.fx_dir_entry_name =  media_ptr -> fx_media_name_buffer;
 129:Middlewares/ST/filex/common/src/fx_media_volume_get_extended.c **** 
 130:Middlewares/ST/filex/common/src/fx_media_volume_get_extended.c ****         /* Clear the short name string.  */
 131:Middlewares/ST/filex/common/src/fx_media_volume_get_extended.c ****         dir_entry.fx_dir_entry_short_name[0] =  0;
 132:Middlewares/ST/filex/common/src/fx_media_volume_get_extended.c **** 
 133:Middlewares/ST/filex/common/src/fx_media_volume_get_extended.c ****         /* Attempt to find the volume name in the root directory.  */
 134:Middlewares/ST/filex/common/src/fx_media_volume_get_extended.c ****         i =  0;
 135:Middlewares/ST/filex/common/src/fx_media_volume_get_extended.c ****         do
 136:Middlewares/ST/filex/common/src/fx_media_volume_get_extended.c ****         {
 137:Middlewares/ST/filex/common/src/fx_media_volume_get_extended.c **** 
 138:Middlewares/ST/filex/common/src/fx_media_volume_get_extended.c ****             /* Read an entry from the root directory.  */
 139:Middlewares/ST/filex/common/src/fx_media_volume_get_extended.c ****             status =  _fx_directory_entry_read(media_ptr, FX_NULL, &i, &dir_entry);
 140:Middlewares/ST/filex/common/src/fx_media_volume_get_extended.c **** 
 141:Middlewares/ST/filex/common/src/fx_media_volume_get_extended.c ****             /* Check for error status.  */
 142:Middlewares/ST/filex/common/src/fx_media_volume_get_extended.c ****             if (status != FX_SUCCESS)
 143:Middlewares/ST/filex/common/src/fx_media_volume_get_extended.c ****             {
 144:Middlewares/ST/filex/common/src/fx_media_volume_get_extended.c **** 
 145:Middlewares/ST/filex/common/src/fx_media_volume_get_extended.c ****                 /* Release media protection.  */
 146:Middlewares/ST/filex/common/src/fx_media_volume_get_extended.c ****                 FX_UNPROTECT
 147:Middlewares/ST/filex/common/src/fx_media_volume_get_extended.c **** 
 148:Middlewares/ST/filex/common/src/fx_media_volume_get_extended.c ****                 /* Return to caller.  */
 149:Middlewares/ST/filex/common/src/fx_media_volume_get_extended.c ****                 return(status);
 150:Middlewares/ST/filex/common/src/fx_media_volume_get_extended.c ****             }
 151:Middlewares/ST/filex/common/src/fx_media_volume_get_extended.c **** 
 152:Middlewares/ST/filex/common/src/fx_media_volume_get_extended.c ****             /* Check for a volume name.  */
 153:Middlewares/ST/filex/common/src/fx_media_volume_get_extended.c **** #ifdef FX_ENABLE_EXFAT
 154:Middlewares/ST/filex/common/src/fx_media_volume_get_extended.c ****             if (dir_entry.fx_dir_entry_attributes & FX_VOLUME || dir_entry.fx_dir_entry_type == FX_
 155:Middlewares/ST/filex/common/src/fx_media_volume_get_extended.c **** #else
 156:Middlewares/ST/filex/common/src/fx_media_volume_get_extended.c ****             if (dir_entry.fx_dir_entry_attributes & FX_VOLUME)
 157:Middlewares/ST/filex/common/src/fx_media_volume_get_extended.c **** #endif /* FX_ENABLE_EXFAT */
 158:Middlewares/ST/filex/common/src/fx_media_volume_get_extended.c ****             {
 159:Middlewares/ST/filex/common/src/fx_media_volume_get_extended.c **** 
 160:Middlewares/ST/filex/common/src/fx_media_volume_get_extended.c ****                 /* Yes, we have found a previously set volume name.  */
ARM GAS  /tmp/ccIAubpF.s 			page 5


 161:Middlewares/ST/filex/common/src/fx_media_volume_get_extended.c ****                 break;
 162:Middlewares/ST/filex/common/src/fx_media_volume_get_extended.c ****             }
 163:Middlewares/ST/filex/common/src/fx_media_volume_get_extended.c **** 
 164:Middlewares/ST/filex/common/src/fx_media_volume_get_extended.c ****             /* Move to next directory entry.  */
 165:Middlewares/ST/filex/common/src/fx_media_volume_get_extended.c ****             i++;
 166:Middlewares/ST/filex/common/src/fx_media_volume_get_extended.c ****         } while (i < media_ptr -> fx_media_root_directory_entries);
 167:Middlewares/ST/filex/common/src/fx_media_volume_get_extended.c **** 
 168:Middlewares/ST/filex/common/src/fx_media_volume_get_extended.c ****         /* Determine if a volume entry has been found.  */
 169:Middlewares/ST/filex/common/src/fx_media_volume_get_extended.c ****         if (i < media_ptr -> fx_media_root_directory_entries)
 170:Middlewares/ST/filex/common/src/fx_media_volume_get_extended.c ****         {
 171:Middlewares/ST/filex/common/src/fx_media_volume_get_extended.c **** 
 172:Middlewares/ST/filex/common/src/fx_media_volume_get_extended.c ****             /* Read the logical directory sector.  */
 173:Middlewares/ST/filex/common/src/fx_media_volume_get_extended.c ****             status =  _fx_utility_logical_sector_read(media_ptr, (ULONG64) dir_entry.fx_dir_entry_l
 174:Middlewares/ST/filex/common/src/fx_media_volume_get_extended.c ****                                                       media_ptr -> fx_media_memory_buffer, ((ULONG)
 175:Middlewares/ST/filex/common/src/fx_media_volume_get_extended.c **** 
 176:Middlewares/ST/filex/common/src/fx_media_volume_get_extended.c ****             /* Determine if an error occurred.  */
 177:Middlewares/ST/filex/common/src/fx_media_volume_get_extended.c ****             if (status != FX_SUCCESS)
 178:Middlewares/ST/filex/common/src/fx_media_volume_get_extended.c ****             {
 179:Middlewares/ST/filex/common/src/fx_media_volume_get_extended.c **** 
 180:Middlewares/ST/filex/common/src/fx_media_volume_get_extended.c ****                 /* Release media protection.  */
 181:Middlewares/ST/filex/common/src/fx_media_volume_get_extended.c ****                 FX_UNPROTECT
 182:Middlewares/ST/filex/common/src/fx_media_volume_get_extended.c **** 
 183:Middlewares/ST/filex/common/src/fx_media_volume_get_extended.c ****                 /* Return error code.  */
 184:Middlewares/ST/filex/common/src/fx_media_volume_get_extended.c ****                 return(status);
 185:Middlewares/ST/filex/common/src/fx_media_volume_get_extended.c ****             }
 186:Middlewares/ST/filex/common/src/fx_media_volume_get_extended.c **** 
 187:Middlewares/ST/filex/common/src/fx_media_volume_get_extended.c ****             /* Offset to volume label entry.  */
 188:Middlewares/ST/filex/common/src/fx_media_volume_get_extended.c ****             offset = dir_entry.fx_dir_entry_byte_offset;
 189:Middlewares/ST/filex/common/src/fx_media_volume_get_extended.c **** 
 190:Middlewares/ST/filex/common/src/fx_media_volume_get_extended.c **** #ifdef FX_ENABLE_EXFAT
 191:Middlewares/ST/filex/common/src/fx_media_volume_get_extended.c ****             if (media_ptr -> fx_media_FAT_type == FX_exFAT)
 192:Middlewares/ST/filex/common/src/fx_media_volume_get_extended.c ****             {
 193:Middlewares/ST/filex/common/src/fx_media_volume_get_extended.c **** 
 194:Middlewares/ST/filex/common/src/fx_media_volume_get_extended.c ****                 /* Read character count of volume label.  */
 195:Middlewares/ST/filex/common/src/fx_media_volume_get_extended.c ****                 character_count = media_ptr -> fx_media_memory_buffer[offset + FX_EXFAT_CHAR_COUNT]
 196:Middlewares/ST/filex/common/src/fx_media_volume_get_extended.c **** 
 197:Middlewares/ST/filex/common/src/fx_media_volume_get_extended.c ****                 /* Check if the buffer is too short for the name.  */
 198:Middlewares/ST/filex/common/src/fx_media_volume_get_extended.c ****                 if (character_count >= volume_name_buffer_length)
 199:Middlewares/ST/filex/common/src/fx_media_volume_get_extended.c ****                 {
 200:Middlewares/ST/filex/common/src/fx_media_volume_get_extended.c **** 
 201:Middlewares/ST/filex/common/src/fx_media_volume_get_extended.c ****                     /* Buffer too short, return error.  */
 202:Middlewares/ST/filex/common/src/fx_media_volume_get_extended.c ****                     status =  FX_BUFFER_ERROR;
 203:Middlewares/ST/filex/common/src/fx_media_volume_get_extended.c **** 
 204:Middlewares/ST/filex/common/src/fx_media_volume_get_extended.c ****                     /* Set character count to fit for the buffer.  */
 205:Middlewares/ST/filex/common/src/fx_media_volume_get_extended.c ****                     character_count = volume_name_buffer_length - 1;
 206:Middlewares/ST/filex/common/src/fx_media_volume_get_extended.c ****                 }
 207:Middlewares/ST/filex/common/src/fx_media_volume_get_extended.c **** 
 208:Middlewares/ST/filex/common/src/fx_media_volume_get_extended.c ****                 /* Move to volume label field.  */
 209:Middlewares/ST/filex/common/src/fx_media_volume_get_extended.c ****                 offset += FX_EXFAT_VOLUME_LABEL;
 210:Middlewares/ST/filex/common/src/fx_media_volume_get_extended.c **** 
 211:Middlewares/ST/filex/common/src/fx_media_volume_get_extended.c ****                 for (i = 0; i < character_count; i++)
 212:Middlewares/ST/filex/common/src/fx_media_volume_get_extended.c ****                 {
 213:Middlewares/ST/filex/common/src/fx_media_volume_get_extended.c **** 
 214:Middlewares/ST/filex/common/src/fx_media_volume_get_extended.c ****                     /* Read one character of volume label.  */
 215:Middlewares/ST/filex/common/src/fx_media_volume_get_extended.c ****                     volume_name[i] = (CHAR)_fx_utility_16_unsigned_read(&media_ptr -> fx_media_memo
 216:Middlewares/ST/filex/common/src/fx_media_volume_get_extended.c **** 
 217:Middlewares/ST/filex/common/src/fx_media_volume_get_extended.c ****                     /* Move to next character.  */
ARM GAS  /tmp/ccIAubpF.s 			page 6


 218:Middlewares/ST/filex/common/src/fx_media_volume_get_extended.c ****                     offset += 2;
 219:Middlewares/ST/filex/common/src/fx_media_volume_get_extended.c ****                 }
 220:Middlewares/ST/filex/common/src/fx_media_volume_get_extended.c **** 
 221:Middlewares/ST/filex/common/src/fx_media_volume_get_extended.c ****                 /* NULL terminate the volume name.  */
 222:Middlewares/ST/filex/common/src/fx_media_volume_get_extended.c ****                 volume_name[i] =  FX_NULL;
 223:Middlewares/ST/filex/common/src/fx_media_volume_get_extended.c ****             }
 224:Middlewares/ST/filex/common/src/fx_media_volume_get_extended.c ****             else
 225:Middlewares/ST/filex/common/src/fx_media_volume_get_extended.c ****             {
 226:Middlewares/ST/filex/common/src/fx_media_volume_get_extended.c **** #endif /* FX_ENABLE_EXFAT */
 227:Middlewares/ST/filex/common/src/fx_media_volume_get_extended.c **** 
 228:Middlewares/ST/filex/common/src/fx_media_volume_get_extended.c ****                 /* Skip trailing space characters of volume name. */
 229:Middlewares/ST/filex/common/src/fx_media_volume_get_extended.c ****                 for (j = 10; j >= 0; j--)
 230:Middlewares/ST/filex/common/src/fx_media_volume_get_extended.c ****                 {
 231:Middlewares/ST/filex/common/src/fx_media_volume_get_extended.c **** 
 232:Middlewares/ST/filex/common/src/fx_media_volume_get_extended.c ****                     /* Check for space character.  */
 233:Middlewares/ST/filex/common/src/fx_media_volume_get_extended.c ****                     if (media_ptr -> fx_media_memory_buffer[offset + (UINT)j] != (UCHAR)' ')
 234:Middlewares/ST/filex/common/src/fx_media_volume_get_extended.c ****                     {
 235:Middlewares/ST/filex/common/src/fx_media_volume_get_extended.c **** 
 236:Middlewares/ST/filex/common/src/fx_media_volume_get_extended.c ****                         /* Last character found. */
 237:Middlewares/ST/filex/common/src/fx_media_volume_get_extended.c ****                         break;
 238:Middlewares/ST/filex/common/src/fx_media_volume_get_extended.c ****                     }
 239:Middlewares/ST/filex/common/src/fx_media_volume_get_extended.c ****                 }
 240:Middlewares/ST/filex/common/src/fx_media_volume_get_extended.c **** 
 241:Middlewares/ST/filex/common/src/fx_media_volume_get_extended.c ****                 /* Check if the buffer is too short for the name.  */
 242:Middlewares/ST/filex/common/src/fx_media_volume_get_extended.c ****                 if (j >= (INT)volume_name_buffer_length - 1)
 243:Middlewares/ST/filex/common/src/fx_media_volume_get_extended.c ****                 {
 244:Middlewares/ST/filex/common/src/fx_media_volume_get_extended.c **** 
 245:Middlewares/ST/filex/common/src/fx_media_volume_get_extended.c ****                     /* Buffer too short, return error.  */
 246:Middlewares/ST/filex/common/src/fx_media_volume_get_extended.c ****                     status =  FX_BUFFER_ERROR;
 247:Middlewares/ST/filex/common/src/fx_media_volume_get_extended.c **** 
 248:Middlewares/ST/filex/common/src/fx_media_volume_get_extended.c ****                     /* Set character count to fit for the buffer.  */
 249:Middlewares/ST/filex/common/src/fx_media_volume_get_extended.c ****                     j = (INT)volume_name_buffer_length - 2;
 250:Middlewares/ST/filex/common/src/fx_media_volume_get_extended.c ****                 }
 251:Middlewares/ST/filex/common/src/fx_media_volume_get_extended.c **** 
 252:Middlewares/ST/filex/common/src/fx_media_volume_get_extended.c ****                 /* NULL terminate the volume name.  */
 253:Middlewares/ST/filex/common/src/fx_media_volume_get_extended.c ****                 volume_name[j + 1] =  FX_NULL;
 254:Middlewares/ST/filex/common/src/fx_media_volume_get_extended.c **** 
 255:Middlewares/ST/filex/common/src/fx_media_volume_get_extended.c ****                 /* Pickup the remaining characters of the volume name from the boot sector.  */
 256:Middlewares/ST/filex/common/src/fx_media_volume_get_extended.c ****                 for (; j >= 0; j--)
 257:Middlewares/ST/filex/common/src/fx_media_volume_get_extended.c ****                 {
 258:Middlewares/ST/filex/common/src/fx_media_volume_get_extended.c **** 
 259:Middlewares/ST/filex/common/src/fx_media_volume_get_extended.c ****                     /* Pickup byte of volume name.  */
 260:Middlewares/ST/filex/common/src/fx_media_volume_get_extended.c ****                     volume_name[j] =  (CHAR)media_ptr -> fx_media_memory_buffer[offset + (UINT)j];
 261:Middlewares/ST/filex/common/src/fx_media_volume_get_extended.c ****                 }
 262:Middlewares/ST/filex/common/src/fx_media_volume_get_extended.c **** #ifdef FX_ENABLE_EXFAT
 263:Middlewares/ST/filex/common/src/fx_media_volume_get_extended.c ****             }
 264:Middlewares/ST/filex/common/src/fx_media_volume_get_extended.c **** #endif /* FX_ENABLE_EXFAT */
 265:Middlewares/ST/filex/common/src/fx_media_volume_get_extended.c **** 
 266:Middlewares/ST/filex/common/src/fx_media_volume_get_extended.c ****             /* Release media protection.  */
 267:Middlewares/ST/filex/common/src/fx_media_volume_get_extended.c ****             FX_UNPROTECT
 268:Middlewares/ST/filex/common/src/fx_media_volume_get_extended.c **** 
 269:Middlewares/ST/filex/common/src/fx_media_volume_get_extended.c ****             /* Return the completion status.  */
 270:Middlewares/ST/filex/common/src/fx_media_volume_get_extended.c ****             return(status);
 271:Middlewares/ST/filex/common/src/fx_media_volume_get_extended.c ****         }
 272:Middlewares/ST/filex/common/src/fx_media_volume_get_extended.c ****     }
 273:Middlewares/ST/filex/common/src/fx_media_volume_get_extended.c **** 
 274:Middlewares/ST/filex/common/src/fx_media_volume_get_extended.c ****     /* Read volume name from boot record.  */
ARM GAS  /tmp/ccIAubpF.s 			page 7


 275:Middlewares/ST/filex/common/src/fx_media_volume_get_extended.c ****     /* Read the logical directory sector 0 - we just do this to get a memory_buffer pointer */
 276:Middlewares/ST/filex/common/src/fx_media_volume_get_extended.c ****     status =  _fx_utility_logical_sector_read(media_ptr, ((ULONG64) 0),
 277:Middlewares/ST/filex/common/src/fx_media_volume_get_extended.c ****                                               media_ptr -> fx_media_memory_buffer, ((ULONG) 1), FX_
 278:Middlewares/ST/filex/common/src/fx_media_volume_get_extended.c **** 
 279:Middlewares/ST/filex/common/src/fx_media_volume_get_extended.c ****     /* Check the return status.  */
 280:Middlewares/ST/filex/common/src/fx_media_volume_get_extended.c ****     if (status != FX_SUCCESS)
 281:Middlewares/ST/filex/common/src/fx_media_volume_get_extended.c ****     {
 282:Middlewares/ST/filex/common/src/fx_media_volume_get_extended.c **** 
 283:Middlewares/ST/filex/common/src/fx_media_volume_get_extended.c ****         /* Release media protection.  */
 284:Middlewares/ST/filex/common/src/fx_media_volume_get_extended.c ****         FX_UNPROTECT
 285:Middlewares/ST/filex/common/src/fx_media_volume_get_extended.c **** 
 286:Middlewares/ST/filex/common/src/fx_media_volume_get_extended.c ****         /* Return the error status.  */
 287:Middlewares/ST/filex/common/src/fx_media_volume_get_extended.c ****         return(status);
 288:Middlewares/ST/filex/common/src/fx_media_volume_get_extended.c ****     }
 289:Middlewares/ST/filex/common/src/fx_media_volume_get_extended.c **** 
 290:Middlewares/ST/filex/common/src/fx_media_volume_get_extended.c **** #ifndef FX_MEDIA_STATISTICS_DISABLE
 291:Middlewares/ST/filex/common/src/fx_media_volume_get_extended.c **** 
 292:Middlewares/ST/filex/common/src/fx_media_volume_get_extended.c ****     /* Increment the number of driver read boot sector requests.  */
 293:Middlewares/ST/filex/common/src/fx_media_volume_get_extended.c ****     media_ptr -> fx_media_driver_boot_read_requests++;
 294:Middlewares/ST/filex/common/src/fx_media_volume_get_extended.c **** #endif
 295:Middlewares/ST/filex/common/src/fx_media_volume_get_extended.c **** 
 296:Middlewares/ST/filex/common/src/fx_media_volume_get_extended.c ****     /* Build the driver request to read the boot record.  */
 297:Middlewares/ST/filex/common/src/fx_media_volume_get_extended.c ****     media_ptr -> fx_media_driver_request =      FX_DRIVER_BOOT_READ;
 298:Middlewares/ST/filex/common/src/fx_media_volume_get_extended.c ****     media_ptr -> fx_media_driver_status =       FX_IO_ERROR;
 299:Middlewares/ST/filex/common/src/fx_media_volume_get_extended.c ****     media_ptr -> fx_media_driver_buffer =       media_ptr -> fx_media_memory_buffer;
 300:Middlewares/ST/filex/common/src/fx_media_volume_get_extended.c ****     media_ptr -> fx_media_driver_sectors =      1;
 301:Middlewares/ST/filex/common/src/fx_media_volume_get_extended.c ****     media_ptr -> fx_media_driver_sector_type =  FX_BOOT_SECTOR;
 302:Middlewares/ST/filex/common/src/fx_media_volume_get_extended.c **** 
 303:Middlewares/ST/filex/common/src/fx_media_volume_get_extended.c ****     /* If trace is enabled, insert this event into the trace buffer.  */
 304:Middlewares/ST/filex/common/src/fx_media_volume_get_extended.c ****     FX_TRACE_IN_LINE_INSERT(FX_TRACE_INTERNAL_IO_DRIVER_BOOT_READ, media_ptr, media_ptr -> fx_media
 305:Middlewares/ST/filex/common/src/fx_media_volume_get_extended.c **** 
 306:Middlewares/ST/filex/common/src/fx_media_volume_get_extended.c ****     /* Invoke the driver to read the boot sector.  */
 307:Middlewares/ST/filex/common/src/fx_media_volume_get_extended.c ****     (media_ptr -> fx_media_driver_entry) (media_ptr);
 308:Middlewares/ST/filex/common/src/fx_media_volume_get_extended.c **** 
 309:Middlewares/ST/filex/common/src/fx_media_volume_get_extended.c ****     /* Determine if the request is successful.  */
 310:Middlewares/ST/filex/common/src/fx_media_volume_get_extended.c ****     if (media_ptr -> fx_media_driver_status)
 311:Middlewares/ST/filex/common/src/fx_media_volume_get_extended.c ****     {
 312:Middlewares/ST/filex/common/src/fx_media_volume_get_extended.c **** 
 313:Middlewares/ST/filex/common/src/fx_media_volume_get_extended.c ****         /* Release media protection.  */
 314:Middlewares/ST/filex/common/src/fx_media_volume_get_extended.c ****         FX_UNPROTECT
 315:Middlewares/ST/filex/common/src/fx_media_volume_get_extended.c **** 
 316:Middlewares/ST/filex/common/src/fx_media_volume_get_extended.c ****         /* An error occurred in the driver.  */
 317:Middlewares/ST/filex/common/src/fx_media_volume_get_extended.c ****         return(media_ptr -> fx_media_driver_status);
 318:Middlewares/ST/filex/common/src/fx_media_volume_get_extended.c ****     }
 319:Middlewares/ST/filex/common/src/fx_media_volume_get_extended.c **** 
 320:Middlewares/ST/filex/common/src/fx_media_volume_get_extended.c ****     /* Calculate the offset to the volume name based on the type of FAT.  */
 321:Middlewares/ST/filex/common/src/fx_media_volume_get_extended.c ****     if (media_ptr -> fx_media_32_bit_FAT)
 322:Middlewares/ST/filex/common/src/fx_media_volume_get_extended.c ****     {
 323:Middlewares/ST/filex/common/src/fx_media_volume_get_extended.c **** 
 324:Middlewares/ST/filex/common/src/fx_media_volume_get_extended.c ****         /* FAT32 offset to volume name.  */
 325:Middlewares/ST/filex/common/src/fx_media_volume_get_extended.c ****         offset =  FX_VOLUME_LABEL_32;
 326:Middlewares/ST/filex/common/src/fx_media_volume_get_extended.c ****     }
 327:Middlewares/ST/filex/common/src/fx_media_volume_get_extended.c ****     else
 328:Middlewares/ST/filex/common/src/fx_media_volume_get_extended.c ****     {
 329:Middlewares/ST/filex/common/src/fx_media_volume_get_extended.c **** 
 330:Middlewares/ST/filex/common/src/fx_media_volume_get_extended.c ****         /* FAT12/16 offset to volume name.  */
 331:Middlewares/ST/filex/common/src/fx_media_volume_get_extended.c ****         offset =  FX_VOLUME_LABEL;
ARM GAS  /tmp/ccIAubpF.s 			page 8


 332:Middlewares/ST/filex/common/src/fx_media_volume_get_extended.c ****     }
 333:Middlewares/ST/filex/common/src/fx_media_volume_get_extended.c **** 
 334:Middlewares/ST/filex/common/src/fx_media_volume_get_extended.c ****     /* Skip trailing space characters of volume name. */
 335:Middlewares/ST/filex/common/src/fx_media_volume_get_extended.c ****     for (j = 10; j >= 0; j--)
 336:Middlewares/ST/filex/common/src/fx_media_volume_get_extended.c ****     {
 337:Middlewares/ST/filex/common/src/fx_media_volume_get_extended.c **** 
 338:Middlewares/ST/filex/common/src/fx_media_volume_get_extended.c ****         /* Check for space character.  */
 339:Middlewares/ST/filex/common/src/fx_media_volume_get_extended.c ****         if (media_ptr -> fx_media_memory_buffer[offset + (UINT)j] != (UCHAR)' ')
 340:Middlewares/ST/filex/common/src/fx_media_volume_get_extended.c ****         {
 341:Middlewares/ST/filex/common/src/fx_media_volume_get_extended.c **** 
 342:Middlewares/ST/filex/common/src/fx_media_volume_get_extended.c ****             /* Last character found. */
 343:Middlewares/ST/filex/common/src/fx_media_volume_get_extended.c ****             break;
 344:Middlewares/ST/filex/common/src/fx_media_volume_get_extended.c ****         }
 345:Middlewares/ST/filex/common/src/fx_media_volume_get_extended.c ****     }
 346:Middlewares/ST/filex/common/src/fx_media_volume_get_extended.c ****     
 347:Middlewares/ST/filex/common/src/fx_media_volume_get_extended.c ****     /* Check if the buffer is too short for the name.  */
 348:Middlewares/ST/filex/common/src/fx_media_volume_get_extended.c ****     if (j >= (INT)volume_name_buffer_length - 1)
 349:Middlewares/ST/filex/common/src/fx_media_volume_get_extended.c ****     {
 350:Middlewares/ST/filex/common/src/fx_media_volume_get_extended.c **** 
 351:Middlewares/ST/filex/common/src/fx_media_volume_get_extended.c ****         /* Buffer too short, return error.  */
 352:Middlewares/ST/filex/common/src/fx_media_volume_get_extended.c ****         status =  FX_BUFFER_ERROR;
 353:Middlewares/ST/filex/common/src/fx_media_volume_get_extended.c **** 
 354:Middlewares/ST/filex/common/src/fx_media_volume_get_extended.c ****         /* Set character count to fit for the buffer.  */
 355:Middlewares/ST/filex/common/src/fx_media_volume_get_extended.c ****         j = (INT)volume_name_buffer_length - 2;
 356:Middlewares/ST/filex/common/src/fx_media_volume_get_extended.c ****     }
 357:Middlewares/ST/filex/common/src/fx_media_volume_get_extended.c **** 
 358:Middlewares/ST/filex/common/src/fx_media_volume_get_extended.c ****     /* NULL terminate the volume name.  */
 359:Middlewares/ST/filex/common/src/fx_media_volume_get_extended.c ****     volume_name[j + 1] =  FX_NULL;
 360:Middlewares/ST/filex/common/src/fx_media_volume_get_extended.c **** 
 361:Middlewares/ST/filex/common/src/fx_media_volume_get_extended.c ****     /* Pickup the remaining characters of the volume name from the boot sector.  */
 362:Middlewares/ST/filex/common/src/fx_media_volume_get_extended.c ****     for (; j >= 0; j--)
 363:Middlewares/ST/filex/common/src/fx_media_volume_get_extended.c ****     {
 364:Middlewares/ST/filex/common/src/fx_media_volume_get_extended.c **** 
 365:Middlewares/ST/filex/common/src/fx_media_volume_get_extended.c ****         /* Pickup byte of volume name.  */
 366:Middlewares/ST/filex/common/src/fx_media_volume_get_extended.c ****         volume_name[j] =  (CHAR)media_ptr -> fx_media_memory_buffer[offset + (UINT)j];
 367:Middlewares/ST/filex/common/src/fx_media_volume_get_extended.c ****     }
 368:Middlewares/ST/filex/common/src/fx_media_volume_get_extended.c **** 
 369:Middlewares/ST/filex/common/src/fx_media_volume_get_extended.c ****     /* Release media protection.  */
 370:Middlewares/ST/filex/common/src/fx_media_volume_get_extended.c ****     FX_UNPROTECT
 371:Middlewares/ST/filex/common/src/fx_media_volume_get_extended.c **** 
 372:Middlewares/ST/filex/common/src/fx_media_volume_get_extended.c ****     /* Return the completion status.  */
 373:Middlewares/ST/filex/common/src/fx_media_volume_get_extended.c ****     return(status);
 374:Middlewares/ST/filex/common/src/fx_media_volume_get_extended.c **** }
  70              		.loc 1 374 1 view .LVU13
  71 0018 3846     		mov	r0, r7
  72 001a 22B0     		add	sp, sp, #136
  73              	.LCFI2:
  74              		.cfi_remember_state
  75              		.cfi_def_cfa_offset 24
  76              		@ sp needed
  77 001c BDE8F081 		pop	{r4, r5, r6, r7, r8, pc}
  78              	.LVL4:
  79              	.L28:
  80              	.LCFI3:
  81              		.cfi_restore_state
  82              		.loc 1 374 1 view .LVU14
  83 0020 0446     		mov	r4, r0
ARM GAS  /tmp/ccIAubpF.s 			page 9


  84 0022 1F46     		mov	r7, r3
 109:Middlewares/ST/filex/common/src/fx_media_volume_get_extended.c **** 
  85              		.loc 1 109 5 is_stmt 1 view .LVU15
  86 0024 0023     		movs	r3, #0
  87              	.LVL5:
 109:Middlewares/ST/filex/common/src/fx_media_volume_get_extended.c **** 
  88              		.loc 1 109 5 is_stmt 0 view .LVU16
  89 0026 0393     		str	r3, [sp, #12]
  90 0028 0293     		str	r3, [sp, #8]
  91 002a 4FF48052 		mov	r2, #4096
  92 002e 0192     		str	r2, [sp, #4]
  93 0030 0093     		str	r3, [sp]
  94 0032 3B46     		mov	r3, r7
  95 0034 2A46     		mov	r2, r5
  96 0036 0146     		mov	r1, r0
  97 0038 4FF48470 		mov	r0, #264
  98              	.LVL6:
 109:Middlewares/ST/filex/common/src/fx_media_volume_get_extended.c **** 
  99              		.loc 1 109 5 view .LVU17
 100 003c FFF7FEFF 		bl	_fx_trace_event_insert
 101              	.LVL7:
 112:Middlewares/ST/filex/common/src/fx_media_volume_get_extended.c **** 
 102              		.loc 1 112 5 is_stmt 1 view .LVU18
 103 0040 2268     		ldr	r2, [r4]
 104 0042 654B     		ldr	r3, .L36
 105 0044 9A42     		cmp	r2, r3
 106 0046 01D0     		beq	.L29
 112:Middlewares/ST/filex/common/src/fx_media_volume_get_extended.c **** 
 107              		.loc 1 112 5 is_stmt 0 discriminator 1 view .LVU19
 108 0048 1127     		movs	r7, #17
 109              	.LVL8:
 112:Middlewares/ST/filex/common/src/fx_media_volume_get_extended.c **** 
 110              		.loc 1 112 5 discriminator 1 view .LVU20
 111 004a E5E7     		b	.L1
 112              	.LVL9:
 113              	.L29:
 112:Middlewares/ST/filex/common/src/fx_media_volume_get_extended.c **** 
 114              		.loc 1 112 5 is_stmt 1 discriminator 2 view .LVU21
 115 004c 04F5E478 		add	r8, r4, #456
 116 0050 4FF0FF31 		mov	r1, #-1
 117 0054 4046     		mov	r0, r8
 118 0056 FFF7FEFF 		bl	_tx_mutex_get
 119              	.LVL10:
 112:Middlewares/ST/filex/common/src/fx_media_volume_get_extended.c **** 
 120              		.loc 1 112 5 is_stmt 0 discriminator 1 view .LVU22
 121 005a 0028     		cmp	r0, #0
 122 005c 40F0B980 		bne	.L25
 122:Middlewares/ST/filex/common/src/fx_media_volume_get_extended.c **** 
 123              		.loc 1 122 5 is_stmt 1 view .LVU23
 122:Middlewares/ST/filex/common/src/fx_media_volume_get_extended.c **** 
 124              		.loc 1 122 20 is_stmt 0 view .LVU24
 125 0060 0023     		movs	r3, #0
 126 0062 2B70     		strb	r3, [r5]
 124:Middlewares/ST/filex/common/src/fx_media_volume_get_extended.c ****     {
 127              		.loc 1 124 5 is_stmt 1 view .LVU25
 124:Middlewares/ST/filex/common/src/fx_media_volume_get_extended.c ****     {
 128              		.loc 1 124 8 is_stmt 0 view .LVU26
ARM GAS  /tmp/ccIAubpF.s 			page 10


 129 0064 032F     		cmp	r7, #3
 130 0066 1ED1     		bne	.L3
 128:Middlewares/ST/filex/common/src/fx_media_volume_get_extended.c **** 
 131              		.loc 1 128 9 is_stmt 1 view .LVU27
 128:Middlewares/ST/filex/common/src/fx_media_volume_get_extended.c **** 
 132              		.loc 1 128 40 is_stmt 0 view .LVU28
 133 0068 04F69C03 		addw	r3, r4, #2204
 128:Middlewares/ST/filex/common/src/fx_media_volume_get_extended.c **** 
 134              		.loc 1 128 37 view .LVU29
 135 006c 0493     		str	r3, [sp, #16]
 131:Middlewares/ST/filex/common/src/fx_media_volume_get_extended.c **** 
 136              		.loc 1 131 9 is_stmt 1 view .LVU30
 131:Middlewares/ST/filex/common/src/fx_media_volume_get_extended.c **** 
 137              		.loc 1 131 46 is_stmt 0 view .LVU31
 138 006e 0023     		movs	r3, #0
 139 0070 8DF81430 		strb	r3, [sp, #20]
 134:Middlewares/ST/filex/common/src/fx_media_volume_get_extended.c ****         do
 140              		.loc 1 134 9 is_stmt 1 view .LVU32
 134:Middlewares/ST/filex/common/src/fx_media_volume_get_extended.c ****         do
 141              		.loc 1 134 11 is_stmt 0 view .LVU33
 142 0074 2193     		str	r3, [sp, #132]
 143              	.LVL11:
 144              	.L6:
 135:Middlewares/ST/filex/common/src/fx_media_volume_get_extended.c ****         {
 145              		.loc 1 135 9 is_stmt 1 view .LVU34
 139:Middlewares/ST/filex/common/src/fx_media_volume_get_extended.c **** 
 146              		.loc 1 139 13 view .LVU35
 139:Middlewares/ST/filex/common/src/fx_media_volume_get_extended.c **** 
 147              		.loc 1 139 23 is_stmt 0 view .LVU36
 148 0076 04AB     		add	r3, sp, #16
 149 0078 21AA     		add	r2, sp, #132
 150 007a 0021     		movs	r1, #0
 151 007c 2046     		mov	r0, r4
 152 007e FFF7FEFF 		bl	_fx_directory_entry_read
 153              	.LVL12:
 142:Middlewares/ST/filex/common/src/fx_media_volume_get_extended.c ****             {
 154              		.loc 1 142 13 is_stmt 1 view .LVU37
 142:Middlewares/ST/filex/common/src/fx_media_volume_get_extended.c ****             {
 155              		.loc 1 142 16 is_stmt 0 view .LVU38
 156 0082 0746     		mov	r7, r0
 157 0084 0028     		cmp	r0, #0
 158 0086 48D1     		bne	.L30
 156:Middlewares/ST/filex/common/src/fx_media_volume_get_extended.c **** #endif /* FX_ENABLE_EXFAT */
 159              		.loc 1 156 13 is_stmt 1 view .LVU39
 156:Middlewares/ST/filex/common/src/fx_media_volume_get_extended.c **** #endif /* FX_ENABLE_EXFAT */
 160              		.loc 1 156 26 is_stmt 0 view .LVU40
 161 0088 9DF82C30 		ldrb	r3, [sp, #44]	@ zero_extendqisi2
 156:Middlewares/ST/filex/common/src/fx_media_volume_get_extended.c **** #endif /* FX_ENABLE_EXFAT */
 162              		.loc 1 156 16 view .LVU41
 163 008c 13F0080F 		tst	r3, #8
 164 0090 05D1     		bne	.L5
 165:Middlewares/ST/filex/common/src/fx_media_volume_get_extended.c ****         } while (i < media_ptr -> fx_media_root_directory_entries);
 165              		.loc 1 165 13 is_stmt 1 view .LVU42
 165:Middlewares/ST/filex/common/src/fx_media_volume_get_extended.c ****         } while (i < media_ptr -> fx_media_root_directory_entries);
 166              		.loc 1 165 14 is_stmt 0 view .LVU43
 167 0092 219B     		ldr	r3, [sp, #132]
 168 0094 0133     		adds	r3, r3, #1
ARM GAS  /tmp/ccIAubpF.s 			page 11


 169 0096 2193     		str	r3, [sp, #132]
 166:Middlewares/ST/filex/common/src/fx_media_volume_get_extended.c **** 
 170              		.loc 1 166 20 is_stmt 1 view .LVU44
 166:Middlewares/ST/filex/common/src/fx_media_volume_get_extended.c **** 
 171              		.loc 1 166 32 is_stmt 0 view .LVU45
 172 0098 A26F     		ldr	r2, [r4, #120]
 166:Middlewares/ST/filex/common/src/fx_media_volume_get_extended.c **** 
 173              		.loc 1 166 20 view .LVU46
 174 009a 9342     		cmp	r3, r2
 175 009c EBD3     		bcc	.L6
 176              	.L5:
 169:Middlewares/ST/filex/common/src/fx_media_volume_get_extended.c ****         {
 177              		.loc 1 169 9 is_stmt 1 view .LVU47
 169:Middlewares/ST/filex/common/src/fx_media_volume_get_extended.c ****         {
 178              		.loc 1 169 27 is_stmt 0 view .LVU48
 179 009e A26F     		ldr	r2, [r4, #120]
 169:Middlewares/ST/filex/common/src/fx_media_volume_get_extended.c ****         {
 180              		.loc 1 169 15 view .LVU49
 181 00a0 219B     		ldr	r3, [sp, #132]
 169:Middlewares/ST/filex/common/src/fx_media_volume_get_extended.c ****         {
 182              		.loc 1 169 12 view .LVU50
 183 00a2 9A42     		cmp	r2, r3
 184 00a4 3DD8     		bhi	.L31
 185              	.LVL13:
 186              	.L3:
 276:Middlewares/ST/filex/common/src/fx_media_volume_get_extended.c ****                                               media_ptr -> fx_media_memory_buffer, ((ULONG) 1), FX_
 187              		.loc 1 276 5 is_stmt 1 view .LVU51
 277:Middlewares/ST/filex/common/src/fx_media_volume_get_extended.c **** 
 188              		.loc 1 277 57 is_stmt 0 view .LVU52
 189 00a6 A368     		ldr	r3, [r4, #8]
 276:Middlewares/ST/filex/common/src/fx_media_volume_get_extended.c ****                                               media_ptr -> fx_media_memory_buffer, ((ULONG) 1), FX_
 190              		.loc 1 276 15 view .LVU53
 191 00a8 0422     		movs	r2, #4
 192 00aa 0292     		str	r2, [sp, #8]
 193 00ac 0122     		movs	r2, #1
 194 00ae 0192     		str	r2, [sp, #4]
 195 00b0 0093     		str	r3, [sp]
 196 00b2 0022     		movs	r2, #0
 197 00b4 0023     		movs	r3, #0
 198 00b6 2046     		mov	r0, r4
 199 00b8 FFF7FEFF 		bl	_fx_utility_logical_sector_read
 200              	.LVL14:
 280:Middlewares/ST/filex/common/src/fx_media_volume_get_extended.c ****     {
 201              		.loc 1 280 5 is_stmt 1 view .LVU54
 280:Middlewares/ST/filex/common/src/fx_media_volume_get_extended.c ****     {
 202              		.loc 1 280 8 is_stmt 0 view .LVU55
 203 00bc 0746     		mov	r7, r0
 204 00be 0028     		cmp	r0, #0
 205 00c0 5FD1     		bne	.L32
 293:Middlewares/ST/filex/common/src/fx_media_volume_get_extended.c **** #endif
 206              		.loc 1 293 5 is_stmt 1 view .LVU56
 293:Middlewares/ST/filex/common/src/fx_media_volume_get_extended.c **** #endif
 207              		.loc 1 293 15 is_stmt 0 view .LVU57
 208 00c2 D4F8B431 		ldr	r3, [r4, #436]
 293:Middlewares/ST/filex/common/src/fx_media_volume_get_extended.c **** #endif
 209              		.loc 1 293 52 view .LVU58
 210 00c6 0133     		adds	r3, r3, #1
ARM GAS  /tmp/ccIAubpF.s 			page 12


 211 00c8 C4F8B431 		str	r3, [r4, #436]
 297:Middlewares/ST/filex/common/src/fx_media_volume_get_extended.c ****     media_ptr -> fx_media_driver_status =       FX_IO_ERROR;
 212              		.loc 1 297 5 is_stmt 1 view .LVU59
 297:Middlewares/ST/filex/common/src/fx_media_volume_get_extended.c ****     media_ptr -> fx_media_driver_status =       FX_IO_ERROR;
 213              		.loc 1 297 42 is_stmt 0 view .LVU60
 214 00cc 0523     		movs	r3, #5
 215 00ce C4F88830 		str	r3, [r4, #136]
 298:Middlewares/ST/filex/common/src/fx_media_volume_get_extended.c ****     media_ptr -> fx_media_driver_buffer =       media_ptr -> fx_media_memory_buffer;
 216              		.loc 1 298 5 is_stmt 1 view .LVU61
 298:Middlewares/ST/filex/common/src/fx_media_volume_get_extended.c ****     media_ptr -> fx_media_driver_buffer =       media_ptr -> fx_media_memory_buffer;
 217              		.loc 1 298 41 is_stmt 0 view .LVU62
 218 00d2 9023     		movs	r3, #144
 219 00d4 C4F88C30 		str	r3, [r4, #140]
 299:Middlewares/ST/filex/common/src/fx_media_volume_get_extended.c ****     media_ptr -> fx_media_driver_sectors =      1;
 220              		.loc 1 299 5 is_stmt 1 view .LVU63
 299:Middlewares/ST/filex/common/src/fx_media_volume_get_extended.c ****     media_ptr -> fx_media_driver_sectors =      1;
 221              		.loc 1 299 59 is_stmt 0 view .LVU64
 222 00d8 A268     		ldr	r2, [r4, #8]
 299:Middlewares/ST/filex/common/src/fx_media_volume_get_extended.c ****     media_ptr -> fx_media_driver_sectors =      1;
 223              		.loc 1 299 41 view .LVU65
 224 00da C4F89020 		str	r2, [r4, #144]
 300:Middlewares/ST/filex/common/src/fx_media_volume_get_extended.c ****     media_ptr -> fx_media_driver_sector_type =  FX_BOOT_SECTOR;
 225              		.loc 1 300 5 is_stmt 1 view .LVU66
 300:Middlewares/ST/filex/common/src/fx_media_volume_get_extended.c ****     media_ptr -> fx_media_driver_sector_type =  FX_BOOT_SECTOR;
 226              		.loc 1 300 42 is_stmt 0 view .LVU67
 227 00de 0123     		movs	r3, #1
 228 00e0 C4F89830 		str	r3, [r4, #152]
 301:Middlewares/ST/filex/common/src/fx_media_volume_get_extended.c **** 
 229              		.loc 1 301 5 is_stmt 1 view .LVU68
 301:Middlewares/ST/filex/common/src/fx_media_volume_get_extended.c **** 
 230              		.loc 1 301 46 is_stmt 0 view .LVU69
 231 00e4 C4F8B830 		str	r3, [r4, #184]
 304:Middlewares/ST/filex/common/src/fx_media_volume_get_extended.c **** 
 232              		.loc 1 304 5 is_stmt 1 view .LVU70
 233 00e8 0023     		movs	r3, #0
 234 00ea 0393     		str	r3, [sp, #12]
 235 00ec 0293     		str	r3, [sp, #8]
 236 00ee 4FF40061 		mov	r1, #2048
 237 00f2 0191     		str	r1, [sp, #4]
 238 00f4 0093     		str	r3, [sp]
 239 00f6 2146     		mov	r1, r4
 240 00f8 D320     		movs	r0, #211
 241              	.LVL15:
 304:Middlewares/ST/filex/common/src/fx_media_volume_get_extended.c **** 
 242              		.loc 1 304 5 is_stmt 0 view .LVU71
 243 00fa FFF7FEFF 		bl	_fx_trace_event_insert
 244              	.LVL16:
 307:Middlewares/ST/filex/common/src/fx_media_volume_get_extended.c **** 
 245              		.loc 1 307 5 is_stmt 1 view .LVU72
 307:Middlewares/ST/filex/common/src/fx_media_volume_get_extended.c **** 
 246              		.loc 1 307 16 is_stmt 0 view .LVU73
 247 00fe D4F8BC30 		ldr	r3, [r4, #188]
 248 0102 2046     		mov	r0, r4
 249 0104 9847     		blx	r3
 250              	.LVL17:
 310:Middlewares/ST/filex/common/src/fx_media_volume_get_extended.c ****     {
 251              		.loc 1 310 5 is_stmt 1 view .LVU74
ARM GAS  /tmp/ccIAubpF.s 			page 13


 310:Middlewares/ST/filex/common/src/fx_media_volume_get_extended.c ****     {
 252              		.loc 1 310 19 is_stmt 0 view .LVU75
 253 0106 D4F88C30 		ldr	r3, [r4, #140]
 310:Middlewares/ST/filex/common/src/fx_media_volume_get_extended.c ****     {
 254              		.loc 1 310 8 view .LVU76
 255 010a 002B     		cmp	r3, #0
 256 010c 3DD1     		bne	.L33
 321:Middlewares/ST/filex/common/src/fx_media_volume_get_extended.c ****     {
 257              		.loc 1 321 5 is_stmt 1 view .LVU77
 321:Middlewares/ST/filex/common/src/fx_media_volume_get_extended.c ****     {
 258              		.loc 1 321 19 is_stmt 0 view .LVU78
 259 010e 636E     		ldr	r3, [r4, #100]
 321:Middlewares/ST/filex/common/src/fx_media_volume_get_extended.c ****     {
 260              		.loc 1 321 8 view .LVU79
 261 0110 002B     		cmp	r3, #0
 262 0112 40D0     		beq	.L26
 325:Middlewares/ST/filex/common/src/fx_media_volume_get_extended.c ****     }
 263              		.loc 1 325 16 view .LVU80
 264 0114 4720     		movs	r0, #71
 265              	.L16:
 266              	.LVL18:
 335:Middlewares/ST/filex/common/src/fx_media_volume_get_extended.c ****     {
 267              		.loc 1 335 5 is_stmt 1 view .LVU81
 335:Middlewares/ST/filex/common/src/fx_media_volume_get_extended.c ****     {
 268              		.loc 1 335 12 is_stmt 0 view .LVU82
 269 0116 0A23     		movs	r3, #10
 335:Middlewares/ST/filex/common/src/fx_media_volume_get_extended.c ****     {
 270              		.loc 1 335 5 view .LVU83
 271 0118 40E0     		b	.L17
 272              	.LVL19:
 273              	.L30:
 146:Middlewares/ST/filex/common/src/fx_media_volume_get_extended.c **** 
 274              		.loc 1 146 17 is_stmt 1 view .LVU84
 275 011a 4046     		mov	r0, r8
 276              	.LVL20:
 146:Middlewares/ST/filex/common/src/fx_media_volume_get_extended.c **** 
 277              		.loc 1 146 17 is_stmt 0 view .LVU85
 278 011c FFF7FEFF 		bl	_tx_mutex_put
 279              	.LVL21:
 149:Middlewares/ST/filex/common/src/fx_media_volume_get_extended.c ****             }
 280              		.loc 1 149 17 is_stmt 1 view .LVU86
 149:Middlewares/ST/filex/common/src/fx_media_volume_get_extended.c ****             }
 281              		.loc 1 149 23 is_stmt 0 view .LVU87
 282 0120 7AE7     		b	.L1
 283              	.LVL22:
 284              	.L31:
 173:Middlewares/ST/filex/common/src/fx_media_volume_get_extended.c ****                                                       media_ptr -> fx_media_memory_buffer, ((ULONG)
 285              		.loc 1 173 13 is_stmt 1 view .LVU88
 174:Middlewares/ST/filex/common/src/fx_media_volume_get_extended.c **** 
 286              		.loc 1 174 65 is_stmt 0 view .LVU89
 287 0122 A368     		ldr	r3, [r4, #8]
 173:Middlewares/ST/filex/common/src/fx_media_volume_get_extended.c ****                                                       media_ptr -> fx_media_memory_buffer, ((ULONG)
 288              		.loc 1 173 23 view .LVU90
 289 0124 0322     		movs	r2, #3
 290 0126 0292     		str	r2, [sp, #8]
 291 0128 0122     		movs	r2, #1
 292 012a 0192     		str	r2, [sp, #4]
ARM GAS  /tmp/ccIAubpF.s 			page 14


 293 012c 0093     		str	r3, [sp]
 294 012e DDE91423 		ldrd	r2, [sp, #80]
 295 0132 2046     		mov	r0, r4
 296              	.LVL23:
 173:Middlewares/ST/filex/common/src/fx_media_volume_get_extended.c ****                                                       media_ptr -> fx_media_memory_buffer, ((ULONG)
 297              		.loc 1 173 23 view .LVU91
 298 0134 FFF7FEFF 		bl	_fx_utility_logical_sector_read
 299              	.LVL24:
 177:Middlewares/ST/filex/common/src/fx_media_volume_get_extended.c ****             {
 300              		.loc 1 177 13 is_stmt 1 view .LVU92
 177:Middlewares/ST/filex/common/src/fx_media_volume_get_extended.c ****             {
 301              		.loc 1 177 16 is_stmt 0 view .LVU93
 302 0138 0746     		mov	r7, r0
 303 013a 50B9     		cbnz	r0, .L34
 188:Middlewares/ST/filex/common/src/fx_media_volume_get_extended.c **** 
 304              		.loc 1 188 13 is_stmt 1 view .LVU94
 188:Middlewares/ST/filex/common/src/fx_media_volume_get_extended.c **** 
 305              		.loc 1 188 20 is_stmt 0 view .LVU95
 306 013c 1698     		ldr	r0, [sp, #88]
 307              	.LVL25:
 229:Middlewares/ST/filex/common/src/fx_media_volume_get_extended.c ****                 {
 308              		.loc 1 229 17 is_stmt 1 view .LVU96
 229:Middlewares/ST/filex/common/src/fx_media_volume_get_extended.c ****                 {
 309              		.loc 1 229 24 is_stmt 0 view .LVU97
 310 013e 0A23     		movs	r3, #10
 311              	.LVL26:
 312              	.L8:
 229:Middlewares/ST/filex/common/src/fx_media_volume_get_extended.c ****                 {
 313              		.loc 1 229 32 is_stmt 1 discriminator 1 view .LVU98
 314 0140 002B     		cmp	r3, #0
 315 0142 0ADB     		blt	.L9
 233:Middlewares/ST/filex/common/src/fx_media_volume_get_extended.c ****                     {
 316              		.loc 1 233 21 view .LVU99
 233:Middlewares/ST/filex/common/src/fx_media_volume_get_extended.c ****                     {
 317              		.loc 1 233 35 is_stmt 0 view .LVU100
 318 0144 A168     		ldr	r1, [r4, #8]
 233:Middlewares/ST/filex/common/src/fx_media_volume_get_extended.c ****                     {
 319              		.loc 1 233 68 view .LVU101
 320 0146 1A18     		adds	r2, r3, r0
 233:Middlewares/ST/filex/common/src/fx_media_volume_get_extended.c ****                     {
 321              		.loc 1 233 60 view .LVU102
 322 0148 8A5C     		ldrb	r2, [r1, r2]	@ zero_extendqisi2
 233:Middlewares/ST/filex/common/src/fx_media_volume_get_extended.c ****                     {
 323              		.loc 1 233 24 view .LVU103
 324 014a 202A     		cmp	r2, #32
 325 014c 05D1     		bne	.L9
 229:Middlewares/ST/filex/common/src/fx_media_volume_get_extended.c ****                 {
 326              		.loc 1 229 39 is_stmt 1 discriminator 2 view .LVU104
 327 014e 013B     		subs	r3, r3, #1
 328              	.LVL27:
 229:Middlewares/ST/filex/common/src/fx_media_volume_get_extended.c ****                 {
 329              		.loc 1 229 39 is_stmt 0 discriminator 2 view .LVU105
 330 0150 F6E7     		b	.L8
 331              	.LVL28:
 332              	.L34:
 181:Middlewares/ST/filex/common/src/fx_media_volume_get_extended.c **** 
 333              		.loc 1 181 17 is_stmt 1 view .LVU106
ARM GAS  /tmp/ccIAubpF.s 			page 15


 334 0152 4046     		mov	r0, r8
 335              	.LVL29:
 181:Middlewares/ST/filex/common/src/fx_media_volume_get_extended.c **** 
 336              		.loc 1 181 17 is_stmt 0 view .LVU107
 337 0154 FFF7FEFF 		bl	_tx_mutex_put
 338              	.LVL30:
 184:Middlewares/ST/filex/common/src/fx_media_volume_get_extended.c ****             }
 339              		.loc 1 184 17 is_stmt 1 view .LVU108
 184:Middlewares/ST/filex/common/src/fx_media_volume_get_extended.c ****             }
 340              		.loc 1 184 23 is_stmt 0 view .LVU109
 341 0158 5EE7     		b	.L1
 342              	.LVL31:
 343              	.L9:
 242:Middlewares/ST/filex/common/src/fx_media_volume_get_extended.c ****                 {
 344              		.loc 1 242 17 is_stmt 1 view .LVU110
 242:Middlewares/ST/filex/common/src/fx_media_volume_get_extended.c ****                 {
 345              		.loc 1 242 57 is_stmt 0 view .LVU111
 346 015a 721E     		subs	r2, r6, #1
 242:Middlewares/ST/filex/common/src/fx_media_volume_get_extended.c ****                 {
 347              		.loc 1 242 20 view .LVU112
 348 015c 9A42     		cmp	r2, r3
 349 015e 01DC     		bgt	.L11
 246:Middlewares/ST/filex/common/src/fx_media_volume_get_extended.c **** 
 350              		.loc 1 246 21 is_stmt 1 view .LVU113
 351              	.LVL32:
 249:Middlewares/ST/filex/common/src/fx_media_volume_get_extended.c ****                 }
 352              		.loc 1 249 21 view .LVU114
 249:Middlewares/ST/filex/common/src/fx_media_volume_get_extended.c ****                 }
 353              		.loc 1 249 23 is_stmt 0 view .LVU115
 354 0160 B31E     		subs	r3, r6, #2
 355              	.LVL33:
 246:Middlewares/ST/filex/common/src/fx_media_volume_get_extended.c **** 
 356              		.loc 1 246 28 view .LVU116
 357 0162 2127     		movs	r7, #33
 358              	.LVL34:
 359              	.L11:
 253:Middlewares/ST/filex/common/src/fx_media_volume_get_extended.c **** 
 360              		.loc 1 253 17 is_stmt 1 view .LVU117
 253:Middlewares/ST/filex/common/src/fx_media_volume_get_extended.c **** 
 361              		.loc 1 253 28 is_stmt 0 view .LVU118
 362 0164 5A1C     		adds	r2, r3, #1
 253:Middlewares/ST/filex/common/src/fx_media_volume_get_extended.c **** 
 363              		.loc 1 253 36 view .LVU119
 364 0166 0021     		movs	r1, #0
 365 0168 A954     		strb	r1, [r5, r2]
 256:Middlewares/ST/filex/common/src/fx_media_volume_get_extended.c ****                 {
 366              		.loc 1 256 17 is_stmt 1 view .LVU120
 367 016a 04E0     		b	.L12
 368              	.L13:
 260:Middlewares/ST/filex/common/src/fx_media_volume_get_extended.c ****                 }
 369              		.loc 1 260 21 view .LVU121
 260:Middlewares/ST/filex/common/src/fx_media_volume_get_extended.c ****                 }
 370              		.loc 1 260 55 is_stmt 0 view .LVU122
 371 016c A168     		ldr	r1, [r4, #8]
 260:Middlewares/ST/filex/common/src/fx_media_volume_get_extended.c ****                 }
 372              		.loc 1 260 88 view .LVU123
 373 016e 1A18     		adds	r2, r3, r0
ARM GAS  /tmp/ccIAubpF.s 			page 16


 260:Middlewares/ST/filex/common/src/fx_media_volume_get_extended.c ****                 }
 374              		.loc 1 260 39 view .LVU124
 375 0170 8A5C     		ldrb	r2, [r1, r2]	@ zero_extendqisi2
 260:Middlewares/ST/filex/common/src/fx_media_volume_get_extended.c ****                 }
 376              		.loc 1 260 36 view .LVU125
 377 0172 EA54     		strb	r2, [r5, r3]
 256:Middlewares/ST/filex/common/src/fx_media_volume_get_extended.c ****                 {
 378              		.loc 1 256 33 is_stmt 1 discriminator 2 view .LVU126
 379 0174 013B     		subs	r3, r3, #1
 380              	.LVL35:
 381              	.L12:
 256:Middlewares/ST/filex/common/src/fx_media_volume_get_extended.c ****                 {
 382              		.loc 1 256 26 discriminator 1 view .LVU127
 383 0176 002B     		cmp	r3, #0
 384 0178 F8DA     		bge	.L13
 267:Middlewares/ST/filex/common/src/fx_media_volume_get_extended.c **** 
 385              		.loc 1 267 13 view .LVU128
 386 017a 4046     		mov	r0, r8
 387              	.LVL36:
 267:Middlewares/ST/filex/common/src/fx_media_volume_get_extended.c **** 
 388              		.loc 1 267 13 is_stmt 0 view .LVU129
 389 017c FFF7FEFF 		bl	_tx_mutex_put
 390              	.LVL37:
 270:Middlewares/ST/filex/common/src/fx_media_volume_get_extended.c ****         }
 391              		.loc 1 270 13 is_stmt 1 view .LVU130
 270:Middlewares/ST/filex/common/src/fx_media_volume_get_extended.c ****         }
 392              		.loc 1 270 19 is_stmt 0 view .LVU131
 393 0180 4AE7     		b	.L1
 394              	.LVL38:
 395              	.L32:
 284:Middlewares/ST/filex/common/src/fx_media_volume_get_extended.c **** 
 396              		.loc 1 284 9 is_stmt 1 view .LVU132
 397 0182 4046     		mov	r0, r8
 398              	.LVL39:
 284:Middlewares/ST/filex/common/src/fx_media_volume_get_extended.c **** 
 399              		.loc 1 284 9 is_stmt 0 view .LVU133
 400 0184 FFF7FEFF 		bl	_tx_mutex_put
 401              	.LVL40:
 287:Middlewares/ST/filex/common/src/fx_media_volume_get_extended.c ****     }
 402              		.loc 1 287 9 is_stmt 1 view .LVU134
 287:Middlewares/ST/filex/common/src/fx_media_volume_get_extended.c ****     }
 403              		.loc 1 287 15 is_stmt 0 view .LVU135
 404 0188 46E7     		b	.L1
 405              	.L33:
 314:Middlewares/ST/filex/common/src/fx_media_volume_get_extended.c **** 
 406              		.loc 1 314 9 is_stmt 1 view .LVU136
 407 018a 4046     		mov	r0, r8
 408 018c FFF7FEFF 		bl	_tx_mutex_put
 409              	.LVL41:
 317:Middlewares/ST/filex/common/src/fx_media_volume_get_extended.c ****     }
 410              		.loc 1 317 9 view .LVU137
 317:Middlewares/ST/filex/common/src/fx_media_volume_get_extended.c ****     }
 411              		.loc 1 317 26 is_stmt 0 view .LVU138
 412 0190 D4F88C70 		ldr	r7, [r4, #140]
 413              	.LVL42:
 317:Middlewares/ST/filex/common/src/fx_media_volume_get_extended.c ****     }
 414              		.loc 1 317 26 view .LVU139
ARM GAS  /tmp/ccIAubpF.s 			page 17


 415 0194 40E7     		b	.L1
 416              	.LVL43:
 417              	.L26:
 331:Middlewares/ST/filex/common/src/fx_media_volume_get_extended.c ****     }
 418              		.loc 1 331 16 view .LVU140
 419 0196 2B20     		movs	r0, #43
 420 0198 BDE7     		b	.L16
 421              	.LVL44:
 422              	.L35:
 335:Middlewares/ST/filex/common/src/fx_media_volume_get_extended.c ****     {
 423              		.loc 1 335 27 is_stmt 1 discriminator 2 view .LVU141
 424 019a 013B     		subs	r3, r3, #1
 425              	.LVL45:
 426              	.L17:
 335:Middlewares/ST/filex/common/src/fx_media_volume_get_extended.c ****     {
 427              		.loc 1 335 20 discriminator 1 view .LVU142
 428 019c 002B     		cmp	r3, #0
 429 019e 04DB     		blt	.L18
 339:Middlewares/ST/filex/common/src/fx_media_volume_get_extended.c ****         {
 430              		.loc 1 339 9 view .LVU143
 339:Middlewares/ST/filex/common/src/fx_media_volume_get_extended.c ****         {
 431              		.loc 1 339 23 is_stmt 0 view .LVU144
 432 01a0 A168     		ldr	r1, [r4, #8]
 339:Middlewares/ST/filex/common/src/fx_media_volume_get_extended.c ****         {
 433              		.loc 1 339 56 view .LVU145
 434 01a2 1A18     		adds	r2, r3, r0
 339:Middlewares/ST/filex/common/src/fx_media_volume_get_extended.c ****         {
 435              		.loc 1 339 48 view .LVU146
 436 01a4 8A5C     		ldrb	r2, [r1, r2]	@ zero_extendqisi2
 339:Middlewares/ST/filex/common/src/fx_media_volume_get_extended.c ****         {
 437              		.loc 1 339 12 view .LVU147
 438 01a6 202A     		cmp	r2, #32
 439 01a8 F7D0     		beq	.L35
 440              	.L18:
 348:Middlewares/ST/filex/common/src/fx_media_volume_get_extended.c ****     {
 441              		.loc 1 348 5 is_stmt 1 view .LVU148
 348:Middlewares/ST/filex/common/src/fx_media_volume_get_extended.c ****     {
 442              		.loc 1 348 45 is_stmt 0 view .LVU149
 443 01aa 721E     		subs	r2, r6, #1
 348:Middlewares/ST/filex/common/src/fx_media_volume_get_extended.c ****     {
 444              		.loc 1 348 8 view .LVU150
 445 01ac 9A42     		cmp	r2, r3
 446 01ae 01DC     		bgt	.L20
 352:Middlewares/ST/filex/common/src/fx_media_volume_get_extended.c **** 
 447              		.loc 1 352 9 is_stmt 1 view .LVU151
 448              	.LVL46:
 355:Middlewares/ST/filex/common/src/fx_media_volume_get_extended.c ****     }
 449              		.loc 1 355 9 view .LVU152
 355:Middlewares/ST/filex/common/src/fx_media_volume_get_extended.c ****     }
 450              		.loc 1 355 11 is_stmt 0 view .LVU153
 451 01b0 B31E     		subs	r3, r6, #2
 452              	.LVL47:
 352:Middlewares/ST/filex/common/src/fx_media_volume_get_extended.c **** 
 453              		.loc 1 352 16 view .LVU154
 454 01b2 2127     		movs	r7, #33
 455              	.LVL48:
 456              	.L20:
ARM GAS  /tmp/ccIAubpF.s 			page 18


 359:Middlewares/ST/filex/common/src/fx_media_volume_get_extended.c **** 
 457              		.loc 1 359 5 is_stmt 1 view .LVU155
 359:Middlewares/ST/filex/common/src/fx_media_volume_get_extended.c **** 
 458              		.loc 1 359 16 is_stmt 0 view .LVU156
 459 01b4 5A1C     		adds	r2, r3, #1
 359:Middlewares/ST/filex/common/src/fx_media_volume_get_extended.c **** 
 460              		.loc 1 359 24 view .LVU157
 461 01b6 0021     		movs	r1, #0
 462 01b8 A954     		strb	r1, [r5, r2]
 362:Middlewares/ST/filex/common/src/fx_media_volume_get_extended.c ****     {
 463              		.loc 1 362 5 is_stmt 1 view .LVU158
 464 01ba 04E0     		b	.L21
 465              	.L22:
 366:Middlewares/ST/filex/common/src/fx_media_volume_get_extended.c ****     }
 466              		.loc 1 366 9 view .LVU159
 366:Middlewares/ST/filex/common/src/fx_media_volume_get_extended.c ****     }
 467              		.loc 1 366 43 is_stmt 0 view .LVU160
 468 01bc A168     		ldr	r1, [r4, #8]
 366:Middlewares/ST/filex/common/src/fx_media_volume_get_extended.c ****     }
 469              		.loc 1 366 76 view .LVU161
 470 01be 1A18     		adds	r2, r3, r0
 366:Middlewares/ST/filex/common/src/fx_media_volume_get_extended.c ****     }
 471              		.loc 1 366 27 view .LVU162
 472 01c0 8A5C     		ldrb	r2, [r1, r2]	@ zero_extendqisi2
 366:Middlewares/ST/filex/common/src/fx_media_volume_get_extended.c ****     }
 473              		.loc 1 366 24 view .LVU163
 474 01c2 EA54     		strb	r2, [r5, r3]
 362:Middlewares/ST/filex/common/src/fx_media_volume_get_extended.c ****     {
 475              		.loc 1 362 21 is_stmt 1 discriminator 2 view .LVU164
 476 01c4 013B     		subs	r3, r3, #1
 477              	.LVL49:
 478              	.L21:
 362:Middlewares/ST/filex/common/src/fx_media_volume_get_extended.c ****     {
 479              		.loc 1 362 14 discriminator 1 view .LVU165
 480 01c6 002B     		cmp	r3, #0
 481 01c8 F8DA     		bge	.L22
 370:Middlewares/ST/filex/common/src/fx_media_volume_get_extended.c **** 
 482              		.loc 1 370 5 view .LVU166
 483 01ca 4046     		mov	r0, r8
 484              	.LVL50:
 370:Middlewares/ST/filex/common/src/fx_media_volume_get_extended.c **** 
 485              		.loc 1 370 5 is_stmt 0 view .LVU167
 486 01cc FFF7FEFF 		bl	_tx_mutex_put
 487              	.LVL51:
 373:Middlewares/ST/filex/common/src/fx_media_volume_get_extended.c **** }
 488              		.loc 1 373 5 is_stmt 1 view .LVU168
 373:Middlewares/ST/filex/common/src/fx_media_volume_get_extended.c **** }
 489              		.loc 1 373 11 is_stmt 0 view .LVU169
 490 01d0 22E7     		b	.L1
 491              	.LVL52:
 492              	.L25:
 112:Middlewares/ST/filex/common/src/fx_media_volume_get_extended.c **** 
 493              		.loc 1 112 5 discriminator 3 view .LVU170
 494 01d2 1127     		movs	r7, #17
 495              	.LVL53:
 112:Middlewares/ST/filex/common/src/fx_media_volume_get_extended.c **** 
 496              		.loc 1 112 5 discriminator 3 view .LVU171
ARM GAS  /tmp/ccIAubpF.s 			page 19


 497 01d4 20E7     		b	.L1
 498              	.L37:
 499 01d6 00BF     		.align	2
 500              	.L36:
 501 01d8 4944454D 		.word	1296385097
 502              		.cfi_endproc
 503              	.LFE8:
 505              		.text
 506              	.Letext0:
 507              		.file 2 "Middlewares/ST/threadx/ports/cortex_m7/gnu/inc/tx_port.h"
 508              		.file 3 "Middlewares/ST/threadx/common/inc/tx_api.h"
 509              		.file 4 "Middlewares/ST/threadx/common/inc/tx_trace.h"
 510              		.file 5 "Middlewares/ST/filex/common/inc/fx_api.h"
 511              		.file 6 "Middlewares/ST/filex/common/inc/fx_utility.h"
 512              		.file 7 "Middlewares/ST/filex/common/inc/fx_directory.h"
ARM GAS  /tmp/ccIAubpF.s 			page 20


DEFINED SYMBOLS
                            *ABS*:00000000 fx_media_volume_get_extended.c
     /tmp/ccIAubpF.s:20     .text._fx_media_volume_get_extended:00000000 $t
     /tmp/ccIAubpF.s:26     .text._fx_media_volume_get_extended:00000000 _fx_media_volume_get_extended
     /tmp/ccIAubpF.s:501    .text._fx_media_volume_get_extended:000001d8 $d

UNDEFINED SYMBOLS
_fx_trace_event_insert
_tx_mutex_get
_fx_directory_entry_read
_fx_utility_logical_sector_read
_tx_mutex_put
