ARM GAS  /tmp/ccu0Cdr9.s 			page 1


   1              		.cpu cortex-m7
   2              		.arch armv7e-m
   3              		.fpu fpv5-d16
   4              		.eabi_attribute 28, 1
   5              		.eabi_attribute 20, 1
   6              		.eabi_attribute 21, 1
   7              		.eabi_attribute 23, 3
   8              		.eabi_attribute 24, 1
   9              		.eabi_attribute 25, 1
  10              		.eabi_attribute 26, 1
  11              		.eabi_attribute 30, 1
  12              		.eabi_attribute 34, 1
  13              		.eabi_attribute 18, 4
  14              		.file	"fx_media_space_available.c"
  15              		.text
  16              	.Ltext0:
  17              		.cfi_sections	.debug_frame
  18              		.file 1 "Middlewares/ST/filex/common/src/fx_media_space_available.c"
  19              		.section	.text._fx_media_space_available,"ax",%progbits
  20              		.align	1
  21              		.global	_fx_media_space_available
  22              		.syntax unified
  23              		.thumb
  24              		.thumb_func
  26              	_fx_media_space_available:
  27              	.LVL0:
  28              	.LFB8:
   1:Middlewares/ST/filex/common/src/fx_media_space_available.c **** /**************************************************************************/
   2:Middlewares/ST/filex/common/src/fx_media_space_available.c **** /*                                                                        */
   3:Middlewares/ST/filex/common/src/fx_media_space_available.c **** /*       Copyright (c) Microsoft Corporation. All rights reserved.        */
   4:Middlewares/ST/filex/common/src/fx_media_space_available.c **** /*                                                                        */
   5:Middlewares/ST/filex/common/src/fx_media_space_available.c **** /*       This software is licensed under the Microsoft Software License   */
   6:Middlewares/ST/filex/common/src/fx_media_space_available.c **** /*       Terms for Microsoft Azure RTOS. Full text of the license can be  */
   7:Middlewares/ST/filex/common/src/fx_media_space_available.c **** /*       found in the LICENSE file at https://aka.ms/AzureRTOS_EULA       */
   8:Middlewares/ST/filex/common/src/fx_media_space_available.c **** /*       and in the root directory of this software.                      */
   9:Middlewares/ST/filex/common/src/fx_media_space_available.c **** /*                                                                        */
  10:Middlewares/ST/filex/common/src/fx_media_space_available.c **** /**************************************************************************/
  11:Middlewares/ST/filex/common/src/fx_media_space_available.c **** 
  12:Middlewares/ST/filex/common/src/fx_media_space_available.c **** 
  13:Middlewares/ST/filex/common/src/fx_media_space_available.c **** /**************************************************************************/
  14:Middlewares/ST/filex/common/src/fx_media_space_available.c **** /**************************************************************************/
  15:Middlewares/ST/filex/common/src/fx_media_space_available.c **** /**                                                                       */
  16:Middlewares/ST/filex/common/src/fx_media_space_available.c **** /** FileX Component                                                       */
  17:Middlewares/ST/filex/common/src/fx_media_space_available.c **** /**                                                                       */
  18:Middlewares/ST/filex/common/src/fx_media_space_available.c **** /**   Media                                                               */
  19:Middlewares/ST/filex/common/src/fx_media_space_available.c **** /**                                                                       */
  20:Middlewares/ST/filex/common/src/fx_media_space_available.c **** /**************************************************************************/
  21:Middlewares/ST/filex/common/src/fx_media_space_available.c **** /**************************************************************************/
  22:Middlewares/ST/filex/common/src/fx_media_space_available.c **** 
  23:Middlewares/ST/filex/common/src/fx_media_space_available.c **** #define FX_SOURCE_CODE
  24:Middlewares/ST/filex/common/src/fx_media_space_available.c **** 
  25:Middlewares/ST/filex/common/src/fx_media_space_available.c **** 
  26:Middlewares/ST/filex/common/src/fx_media_space_available.c **** /* Include necessary system files.  */
  27:Middlewares/ST/filex/common/src/fx_media_space_available.c **** 
  28:Middlewares/ST/filex/common/src/fx_media_space_available.c **** #include "fx_api.h"
  29:Middlewares/ST/filex/common/src/fx_media_space_available.c **** #include "fx_system.h"
  30:Middlewares/ST/filex/common/src/fx_media_space_available.c **** #include "fx_media.h"
ARM GAS  /tmp/ccu0Cdr9.s 			page 2


  31:Middlewares/ST/filex/common/src/fx_media_space_available.c **** 
  32:Middlewares/ST/filex/common/src/fx_media_space_available.c **** 
  33:Middlewares/ST/filex/common/src/fx_media_space_available.c **** /**************************************************************************/
  34:Middlewares/ST/filex/common/src/fx_media_space_available.c **** /*                                                                        */
  35:Middlewares/ST/filex/common/src/fx_media_space_available.c **** /*  FUNCTION                                               RELEASE        */
  36:Middlewares/ST/filex/common/src/fx_media_space_available.c **** /*                                                                        */
  37:Middlewares/ST/filex/common/src/fx_media_space_available.c **** /*    _fx_media_space_available                           PORTABLE C      */
  38:Middlewares/ST/filex/common/src/fx_media_space_available.c **** /*                                                           6.1          */
  39:Middlewares/ST/filex/common/src/fx_media_space_available.c **** /*  AUTHOR                                                                */
  40:Middlewares/ST/filex/common/src/fx_media_space_available.c **** /*                                                                        */
  41:Middlewares/ST/filex/common/src/fx_media_space_available.c **** /*    William E. Lamie, Microsoft Corporation                             */
  42:Middlewares/ST/filex/common/src/fx_media_space_available.c **** /*                                                                        */
  43:Middlewares/ST/filex/common/src/fx_media_space_available.c **** /*  DESCRIPTION                                                           */
  44:Middlewares/ST/filex/common/src/fx_media_space_available.c **** /*                                                                        */
  45:Middlewares/ST/filex/common/src/fx_media_space_available.c **** /*    This function returns the number of bytes available in the          */
  46:Middlewares/ST/filex/common/src/fx_media_space_available.c **** /*    specified media.                                                    */
  47:Middlewares/ST/filex/common/src/fx_media_space_available.c **** /*                                                                        */
  48:Middlewares/ST/filex/common/src/fx_media_space_available.c **** /*  INPUT                                                                 */
  49:Middlewares/ST/filex/common/src/fx_media_space_available.c **** /*                                                                        */
  50:Middlewares/ST/filex/common/src/fx_media_space_available.c **** /*    media_ptr                             Media control block pointer   */
  51:Middlewares/ST/filex/common/src/fx_media_space_available.c **** /*    available_bytes_ptr                   Pointer to available bytes    */
  52:Middlewares/ST/filex/common/src/fx_media_space_available.c **** /*                                            destination                 */
  53:Middlewares/ST/filex/common/src/fx_media_space_available.c **** /*                                                                        */
  54:Middlewares/ST/filex/common/src/fx_media_space_available.c **** /*  OUTPUT                                                                */
  55:Middlewares/ST/filex/common/src/fx_media_space_available.c **** /*                                                                        */
  56:Middlewares/ST/filex/common/src/fx_media_space_available.c **** /*    return status                                                       */
  57:Middlewares/ST/filex/common/src/fx_media_space_available.c **** /*                                                                        */
  58:Middlewares/ST/filex/common/src/fx_media_space_available.c **** /*  CALLS                                                                 */
  59:Middlewares/ST/filex/common/src/fx_media_space_available.c **** /*                                                                        */
  60:Middlewares/ST/filex/common/src/fx_media_space_available.c **** /*    None                                                                */
  61:Middlewares/ST/filex/common/src/fx_media_space_available.c **** /*                                                                        */
  62:Middlewares/ST/filex/common/src/fx_media_space_available.c **** /*    _fx_media_extended_space_available    Actual space available service*/
  63:Middlewares/ST/filex/common/src/fx_media_space_available.c **** /*                                                                        */
  64:Middlewares/ST/filex/common/src/fx_media_space_available.c **** /*  CALLED BY                                                             */
  65:Middlewares/ST/filex/common/src/fx_media_space_available.c **** /*                                                                        */
  66:Middlewares/ST/filex/common/src/fx_media_space_available.c **** /*    Application Code                                                    */
  67:Middlewares/ST/filex/common/src/fx_media_space_available.c **** /*                                                                        */
  68:Middlewares/ST/filex/common/src/fx_media_space_available.c **** /*  RELEASE HISTORY                                                       */
  69:Middlewares/ST/filex/common/src/fx_media_space_available.c **** /*                                                                        */
  70:Middlewares/ST/filex/common/src/fx_media_space_available.c **** /*    DATE              NAME                      DESCRIPTION             */
  71:Middlewares/ST/filex/common/src/fx_media_space_available.c **** /*                                                                        */
  72:Middlewares/ST/filex/common/src/fx_media_space_available.c **** /*  05-19-2020     William E. Lamie         Initial Version 6.0           */
  73:Middlewares/ST/filex/common/src/fx_media_space_available.c **** /*  09-30-2020     William E. Lamie         Modified comment(s),          */
  74:Middlewares/ST/filex/common/src/fx_media_space_available.c **** /*                                            resulting in version 6.1    */
  75:Middlewares/ST/filex/common/src/fx_media_space_available.c **** /*                                                                        */
  76:Middlewares/ST/filex/common/src/fx_media_space_available.c **** /**************************************************************************/
  77:Middlewares/ST/filex/common/src/fx_media_space_available.c **** UINT  _fx_media_space_available(FX_MEDIA *media_ptr, ULONG *available_bytes_ptr)
  78:Middlewares/ST/filex/common/src/fx_media_space_available.c **** {
  29              		.loc 1 78 1 view -0
  30              		.cfi_startproc
  31              		@ args = 0, pretend = 0, frame = 8
  32              		@ frame_needed = 0, uses_anonymous_args = 0
  33              		.loc 1 78 1 is_stmt 0 view .LVU1
  34 0000 10B5     		push	{r4, lr}
  35              	.LCFI0:
  36              		.cfi_def_cfa_offset 8
  37              		.cfi_offset 4, -8
ARM GAS  /tmp/ccu0Cdr9.s 			page 3


  38              		.cfi_offset 14, -4
  39 0002 82B0     		sub	sp, sp, #8
  40              	.LCFI1:
  41              		.cfi_def_cfa_offset 16
  42 0004 0C46     		mov	r4, r1
  79:Middlewares/ST/filex/common/src/fx_media_space_available.c **** 
  80:Middlewares/ST/filex/common/src/fx_media_space_available.c **** UINT    status;
  43              		.loc 1 80 1 is_stmt 1 view .LVU2
  81:Middlewares/ST/filex/common/src/fx_media_space_available.c **** ULONG64 available_bytes;
  44              		.loc 1 81 1 view .LVU3
  82:Middlewares/ST/filex/common/src/fx_media_space_available.c **** 
  83:Middlewares/ST/filex/common/src/fx_media_space_available.c ****     /* Call actual media space available service.  */
  84:Middlewares/ST/filex/common/src/fx_media_space_available.c ****     status = _fx_media_extended_space_available(media_ptr, &available_bytes);
  45              		.loc 1 84 5 view .LVU4
  46              		.loc 1 84 14 is_stmt 0 view .LVU5
  47 0006 6946     		mov	r1, sp
  48              	.LVL1:
  49              		.loc 1 84 14 view .LVU6
  50 0008 FFF7FEFF 		bl	_fx_media_extended_space_available
  51              	.LVL2:
  85:Middlewares/ST/filex/common/src/fx_media_space_available.c **** 
  86:Middlewares/ST/filex/common/src/fx_media_space_available.c ****     /* Check status.  */
  87:Middlewares/ST/filex/common/src/fx_media_space_available.c ****     if (status == FX_SUCCESS)
  52              		.loc 1 87 5 is_stmt 1 view .LVU7
  53              		.loc 1 87 8 is_stmt 0 view .LVU8
  54 000c 58B9     		cbnz	r0, .L1
  88:Middlewares/ST/filex/common/src/fx_media_space_available.c ****     {
  89:Middlewares/ST/filex/common/src/fx_media_space_available.c **** 
  90:Middlewares/ST/filex/common/src/fx_media_space_available.c ****         /* Determine if more than 4GB available.  */
  91:Middlewares/ST/filex/common/src/fx_media_space_available.c ****         if (available_bytes > 0x00000000FFFFFFFF)
  55              		.loc 1 91 9 is_stmt 1 view .LVU9
  56              		.loc 1 91 29 is_stmt 0 view .LVU10
  57 000e 009A     		ldr	r2, [sp]
  58              		.loc 1 91 12 view .LVU11
  59 0010 4FF0FF33 		mov	r3, #-1
  60 0014 9342     		cmp	r3, r2
  61 0016 0199     		ldr	r1, [sp, #4]
  62 0018 4FF00003 		mov	r3, #0
  63 001c 8B41     		sbcs	r3, r3, r1
  64 001e 04D2     		bcs	.L3
  92:Middlewares/ST/filex/common/src/fx_media_space_available.c ****         {
  93:Middlewares/ST/filex/common/src/fx_media_space_available.c **** 
  94:Middlewares/ST/filex/common/src/fx_media_space_available.c ****             /* Yes, we must have more than 4GB available... report the maximum we can fit
  95:Middlewares/ST/filex/common/src/fx_media_space_available.c ****                in 32bits, which is 4GB.  */
  96:Middlewares/ST/filex/common/src/fx_media_space_available.c ****             *available_bytes_ptr = 0xFFFFFFFF;
  65              		.loc 1 96 13 is_stmt 1 view .LVU12
  66              		.loc 1 96 34 is_stmt 0 view .LVU13
  67 0020 4FF0FF33 		mov	r3, #-1
  68 0024 2360     		str	r3, [r4]
  69              	.L1:
  97:Middlewares/ST/filex/common/src/fx_media_space_available.c ****         }
  98:Middlewares/ST/filex/common/src/fx_media_space_available.c ****         else
  99:Middlewares/ST/filex/common/src/fx_media_space_available.c ****         {
 100:Middlewares/ST/filex/common/src/fx_media_space_available.c ****             *available_bytes_ptr = (ULONG)(available_bytes);
 101:Middlewares/ST/filex/common/src/fx_media_space_available.c ****         }
 102:Middlewares/ST/filex/common/src/fx_media_space_available.c ****     }
 103:Middlewares/ST/filex/common/src/fx_media_space_available.c **** 
ARM GAS  /tmp/ccu0Cdr9.s 			page 4


 104:Middlewares/ST/filex/common/src/fx_media_space_available.c ****     /* Return status to the caller.  */
 105:Middlewares/ST/filex/common/src/fx_media_space_available.c ****     return(status);
 106:Middlewares/ST/filex/common/src/fx_media_space_available.c **** }
  70              		.loc 1 106 1 view .LVU14
  71 0026 02B0     		add	sp, sp, #8
  72              	.LCFI2:
  73              		.cfi_remember_state
  74              		.cfi_def_cfa_offset 8
  75              		@ sp needed
  76 0028 10BD     		pop	{r4, pc}
  77              	.LVL3:
  78              	.L3:
  79              	.LCFI3:
  80              		.cfi_restore_state
 100:Middlewares/ST/filex/common/src/fx_media_space_available.c ****         }
  81              		.loc 1 100 13 is_stmt 1 view .LVU15
 100:Middlewares/ST/filex/common/src/fx_media_space_available.c ****         }
  82              		.loc 1 100 34 is_stmt 0 view .LVU16
  83 002a 2260     		str	r2, [r4]
 105:Middlewares/ST/filex/common/src/fx_media_space_available.c **** }
  84              		.loc 1 105 5 is_stmt 1 view .LVU17
 105:Middlewares/ST/filex/common/src/fx_media_space_available.c **** }
  85              		.loc 1 105 11 is_stmt 0 view .LVU18
  86 002c FBE7     		b	.L1
  87              		.cfi_endproc
  88              	.LFE8:
  90              		.text
  91              	.Letext0:
  92              		.file 2 "Middlewares/ST/threadx/ports/cortex_m7/gnu/inc/tx_port.h"
  93              		.file 3 "Middlewares/ST/threadx/common/inc/tx_api.h"
  94              		.file 4 "Middlewares/ST/filex/common/inc/fx_api.h"
  95              		.file 5 "Middlewares/ST/filex/common/inc/fx_media.h"
ARM GAS  /tmp/ccu0Cdr9.s 			page 5


DEFINED SYMBOLS
                            *ABS*:00000000 fx_media_space_available.c
     /tmp/ccu0Cdr9.s:20     .text._fx_media_space_available:00000000 $t
     /tmp/ccu0Cdr9.s:26     .text._fx_media_space_available:00000000 _fx_media_space_available

UNDEFINED SYMBOLS
_fx_media_extended_space_available
