ARM GAS  /tmp/ccqvTVGz.s 			page 1


   1              		.cpu cortex-m7
   2              		.arch armv7e-m
   3              		.fpu fpv5-d16
   4              		.eabi_attribute 28, 1
   5              		.eabi_attribute 20, 1
   6              		.eabi_attribute 21, 1
   7              		.eabi_attribute 23, 3
   8              		.eabi_attribute 24, 1
   9              		.eabi_attribute 25, 1
  10              		.eabi_attribute 26, 1
  11              		.eabi_attribute 30, 1
  12              		.eabi_attribute 34, 1
  13              		.eabi_attribute 18, 4
  14              		.file	"fx_system_time_get.c"
  15              		.text
  16              	.Ltext0:
  17              		.cfi_sections	.debug_frame
  18              		.file 1 "Middlewares/ST/filex/common/src/fx_system_time_get.c"
  19              		.section	.text._fx_system_time_get,"ax",%progbits
  20              		.align	1
  21              		.global	_fx_system_time_get
  22              		.syntax unified
  23              		.thumb
  24              		.thumb_func
  26              	_fx_system_time_get:
  27              	.LVL0:
  28              	.LFB8:
   1:Middlewares/ST/filex/common/src/fx_system_time_get.c **** /**************************************************************************/
   2:Middlewares/ST/filex/common/src/fx_system_time_get.c **** /*                                                                        */
   3:Middlewares/ST/filex/common/src/fx_system_time_get.c **** /*       Copyright (c) Microsoft Corporation. All rights reserved.        */
   4:Middlewares/ST/filex/common/src/fx_system_time_get.c **** /*                                                                        */
   5:Middlewares/ST/filex/common/src/fx_system_time_get.c **** /*       This software is licensed under the Microsoft Software License   */
   6:Middlewares/ST/filex/common/src/fx_system_time_get.c **** /*       Terms for Microsoft Azure RTOS. Full text of the license can be  */
   7:Middlewares/ST/filex/common/src/fx_system_time_get.c **** /*       found in the LICENSE file at https://aka.ms/AzureRTOS_EULA       */
   8:Middlewares/ST/filex/common/src/fx_system_time_get.c **** /*       and in the root directory of this software.                      */
   9:Middlewares/ST/filex/common/src/fx_system_time_get.c **** /*                                                                        */
  10:Middlewares/ST/filex/common/src/fx_system_time_get.c **** /**************************************************************************/
  11:Middlewares/ST/filex/common/src/fx_system_time_get.c **** 
  12:Middlewares/ST/filex/common/src/fx_system_time_get.c **** 
  13:Middlewares/ST/filex/common/src/fx_system_time_get.c **** /**************************************************************************/
  14:Middlewares/ST/filex/common/src/fx_system_time_get.c **** /**************************************************************************/
  15:Middlewares/ST/filex/common/src/fx_system_time_get.c **** /**                                                                       */
  16:Middlewares/ST/filex/common/src/fx_system_time_get.c **** /** FileX Component                                                       */
  17:Middlewares/ST/filex/common/src/fx_system_time_get.c **** /**                                                                       */
  18:Middlewares/ST/filex/common/src/fx_system_time_get.c **** /**   System                                                              */
  19:Middlewares/ST/filex/common/src/fx_system_time_get.c **** /**                                                                       */
  20:Middlewares/ST/filex/common/src/fx_system_time_get.c **** /**************************************************************************/
  21:Middlewares/ST/filex/common/src/fx_system_time_get.c **** /**************************************************************************/
  22:Middlewares/ST/filex/common/src/fx_system_time_get.c **** 
  23:Middlewares/ST/filex/common/src/fx_system_time_get.c **** #define FX_SOURCE_CODE
  24:Middlewares/ST/filex/common/src/fx_system_time_get.c **** 
  25:Middlewares/ST/filex/common/src/fx_system_time_get.c **** 
  26:Middlewares/ST/filex/common/src/fx_system_time_get.c **** /* Include necessary system files.  */
  27:Middlewares/ST/filex/common/src/fx_system_time_get.c **** 
  28:Middlewares/ST/filex/common/src/fx_system_time_get.c **** #include "fx_api.h"
  29:Middlewares/ST/filex/common/src/fx_system_time_get.c **** #include "fx_system.h"
  30:Middlewares/ST/filex/common/src/fx_system_time_get.c **** 
ARM GAS  /tmp/ccqvTVGz.s 			page 2


  31:Middlewares/ST/filex/common/src/fx_system_time_get.c **** 
  32:Middlewares/ST/filex/common/src/fx_system_time_get.c **** /**************************************************************************/
  33:Middlewares/ST/filex/common/src/fx_system_time_get.c **** /*                                                                        */
  34:Middlewares/ST/filex/common/src/fx_system_time_get.c **** /*  FUNCTION                                               RELEASE        */
  35:Middlewares/ST/filex/common/src/fx_system_time_get.c **** /*                                                                        */
  36:Middlewares/ST/filex/common/src/fx_system_time_get.c **** /*    _fx_system_time_get                                 PORTABLE C      */
  37:Middlewares/ST/filex/common/src/fx_system_time_get.c **** /*                                                           6.1.7        */
  38:Middlewares/ST/filex/common/src/fx_system_time_get.c **** /*  AUTHOR                                                                */
  39:Middlewares/ST/filex/common/src/fx_system_time_get.c **** /*                                                                        */
  40:Middlewares/ST/filex/common/src/fx_system_time_get.c **** /*    William E. Lamie, Microsoft Corporation                             */
  41:Middlewares/ST/filex/common/src/fx_system_time_get.c **** /*                                                                        */
  42:Middlewares/ST/filex/common/src/fx_system_time_get.c **** /*  DESCRIPTION                                                           */
  43:Middlewares/ST/filex/common/src/fx_system_time_get.c **** /*                                                                        */
  44:Middlewares/ST/filex/common/src/fx_system_time_get.c **** /*    This function returns the current contents of the system time in    */
  45:Middlewares/ST/filex/common/src/fx_system_time_get.c **** /*    the fields specified by the caller.                                 */
  46:Middlewares/ST/filex/common/src/fx_system_time_get.c **** /*                                                                        */
  47:Middlewares/ST/filex/common/src/fx_system_time_get.c **** /*  INPUT                                                                 */
  48:Middlewares/ST/filex/common/src/fx_system_time_get.c **** /*                                                                        */
  49:Middlewares/ST/filex/common/src/fx_system_time_get.c **** /*    hour                                  Pointer to hour               */
  50:Middlewares/ST/filex/common/src/fx_system_time_get.c **** /*    minute                                Pointer to minute             */
  51:Middlewares/ST/filex/common/src/fx_system_time_get.c **** /*    second                                Pointer to second             */
  52:Middlewares/ST/filex/common/src/fx_system_time_get.c **** /*                                                                        */
  53:Middlewares/ST/filex/common/src/fx_system_time_get.c **** /*  OUTPUT                                                                */
  54:Middlewares/ST/filex/common/src/fx_system_time_get.c **** /*                                                                        */
  55:Middlewares/ST/filex/common/src/fx_system_time_get.c **** /*    FX_SUCCESS                                                          */
  56:Middlewares/ST/filex/common/src/fx_system_time_get.c **** /*                                                                        */
  57:Middlewares/ST/filex/common/src/fx_system_time_get.c **** /*  CALLS                                                                 */
  58:Middlewares/ST/filex/common/src/fx_system_time_get.c **** /*                                                                        */
  59:Middlewares/ST/filex/common/src/fx_system_time_get.c **** /*    None                                                                */
  60:Middlewares/ST/filex/common/src/fx_system_time_get.c **** /*                                                                        */
  61:Middlewares/ST/filex/common/src/fx_system_time_get.c **** /*  CALLED BY                                                             */
  62:Middlewares/ST/filex/common/src/fx_system_time_get.c **** /*                                                                        */
  63:Middlewares/ST/filex/common/src/fx_system_time_get.c **** /*    Application Code                                                    */
  64:Middlewares/ST/filex/common/src/fx_system_time_get.c **** /*                                                                        */
  65:Middlewares/ST/filex/common/src/fx_system_time_get.c **** /*  RELEASE HISTORY                                                       */
  66:Middlewares/ST/filex/common/src/fx_system_time_get.c **** /*                                                                        */
  67:Middlewares/ST/filex/common/src/fx_system_time_get.c **** /*    DATE              NAME                      DESCRIPTION             */
  68:Middlewares/ST/filex/common/src/fx_system_time_get.c **** /*                                                                        */
  69:Middlewares/ST/filex/common/src/fx_system_time_get.c **** /*  05-19-2020     William E. Lamie         Initial Version 6.0           */
  70:Middlewares/ST/filex/common/src/fx_system_time_get.c **** /*  09-30-2020     William E. Lamie         Modified comment(s),          */
  71:Middlewares/ST/filex/common/src/fx_system_time_get.c **** /*                                            resulting in version 6.1    */
  72:Middlewares/ST/filex/common/src/fx_system_time_get.c **** /*  06-02-2021     William E. Lamie         Modified comment(s),          */
  73:Middlewares/ST/filex/common/src/fx_system_time_get.c **** /*                                            checked null pointer,       */
  74:Middlewares/ST/filex/common/src/fx_system_time_get.c **** /*                                            resulting in version 6.1.7  */
  75:Middlewares/ST/filex/common/src/fx_system_time_get.c **** /*                                                                        */
  76:Middlewares/ST/filex/common/src/fx_system_time_get.c **** /**************************************************************************/
  77:Middlewares/ST/filex/common/src/fx_system_time_get.c **** UINT  _fx_system_time_get(UINT *hour, UINT *minute, UINT *second)
  78:Middlewares/ST/filex/common/src/fx_system_time_get.c **** {
  29              		.loc 1 78 1 view -0
  30              		.cfi_startproc
  31              		@ args = 0, pretend = 0, frame = 0
  32              		@ frame_needed = 0, uses_anonymous_args = 0
  79:Middlewares/ST/filex/common/src/fx_system_time_get.c **** 
  80:Middlewares/ST/filex/common/src/fx_system_time_get.c **** UINT time;
  33              		.loc 1 80 1 view .LVU1
  81:Middlewares/ST/filex/common/src/fx_system_time_get.c **** 
  82:Middlewares/ST/filex/common/src/fx_system_time_get.c **** 
ARM GAS  /tmp/ccqvTVGz.s 			page 3


  83:Middlewares/ST/filex/common/src/fx_system_time_get.c ****     /* Get a copy of the current system time.  */
  84:Middlewares/ST/filex/common/src/fx_system_time_get.c ****     time =  _fx_system_time;
  34              		.loc 1 84 5 view .LVU2
  35              		.loc 1 84 10 is_stmt 0 view .LVU3
  36 0000 164B     		ldr	r3, .L10
  37 0002 1B68     		ldr	r3, [r3]
  38              	.LVL1:
  85:Middlewares/ST/filex/common/src/fx_system_time_get.c **** 
  86:Middlewares/ST/filex/common/src/fx_system_time_get.c ****     /* Check to see if the hour is required.  */
  87:Middlewares/ST/filex/common/src/fx_system_time_get.c ****     if (hour)
  39              		.loc 1 87 5 is_stmt 1 view .LVU4
  40              		.loc 1 87 8 is_stmt 0 view .LVU5
  41 0004 8446     		mov	ip, r0
  42 0006 18B1     		cbz	r0, .L2
  88:Middlewares/ST/filex/common/src/fx_system_time_get.c ****     {
  89:Middlewares/ST/filex/common/src/fx_system_time_get.c **** 
  90:Middlewares/ST/filex/common/src/fx_system_time_get.c ****         /* Pickup the hour.  */
  91:Middlewares/ST/filex/common/src/fx_system_time_get.c ****         *hour =  (time >> FX_HOUR_SHIFT) & FX_HOUR_MASK;
  43              		.loc 1 91 9 is_stmt 1 view .LVU6
  44              		.loc 1 91 42 is_stmt 0 view .LVU7
  45 0008 C3F3C420 		ubfx	r0, r3, #11, #5
  46              	.LVL2:
  47              		.loc 1 91 15 view .LVU8
  48 000c CCF80000 		str	r0, [ip]
  49              	.L2:
  92:Middlewares/ST/filex/common/src/fx_system_time_get.c ****     }
  93:Middlewares/ST/filex/common/src/fx_system_time_get.c **** 
  94:Middlewares/ST/filex/common/src/fx_system_time_get.c ****     /* Check to see if the minute is required.  */
  95:Middlewares/ST/filex/common/src/fx_system_time_get.c ****     if (minute)
  50              		.loc 1 95 5 is_stmt 1 view .LVU9
  51              		.loc 1 95 8 is_stmt 0 view .LVU10
  52 0010 11B1     		cbz	r1, .L3
  96:Middlewares/ST/filex/common/src/fx_system_time_get.c ****     {
  97:Middlewares/ST/filex/common/src/fx_system_time_get.c **** 
  98:Middlewares/ST/filex/common/src/fx_system_time_get.c ****         /* Pickup the minute.  */
  99:Middlewares/ST/filex/common/src/fx_system_time_get.c ****         *minute =  (time >> FX_MINUTE_SHIFT) & FX_MINUTE_MASK;
  53              		.loc 1 99 9 is_stmt 1 view .LVU11
  54              		.loc 1 99 46 is_stmt 0 view .LVU12
  55 0012 C3F34510 		ubfx	r0, r3, #5, #6
  56              		.loc 1 99 17 view .LVU13
  57 0016 0860     		str	r0, [r1]
  58              	.L3:
 100:Middlewares/ST/filex/common/src/fx_system_time_get.c ****     }
 101:Middlewares/ST/filex/common/src/fx_system_time_get.c **** 
 102:Middlewares/ST/filex/common/src/fx_system_time_get.c ****     /* Check to see if the second is required.  */
 103:Middlewares/ST/filex/common/src/fx_system_time_get.c ****     if (second)
  59              		.loc 1 103 5 is_stmt 1 view .LVU14
  60              		.loc 1 103 8 is_stmt 0 view .LVU15
  61 0018 1AB1     		cbz	r2, .L4
 104:Middlewares/ST/filex/common/src/fx_system_time_get.c ****     {
 105:Middlewares/ST/filex/common/src/fx_system_time_get.c **** 
 106:Middlewares/ST/filex/common/src/fx_system_time_get.c ****         /* Pickup the second.  */
 107:Middlewares/ST/filex/common/src/fx_system_time_get.c ****         *second =  (time & FX_SECOND_MASK) * 2;
  62              		.loc 1 107 9 is_stmt 1 view .LVU16
  63              		.loc 1 107 26 is_stmt 0 view .LVU17
  64 001a 03F01F03 		and	r3, r3, #31
  65              	.LVL3:
ARM GAS  /tmp/ccqvTVGz.s 			page 4


  66              		.loc 1 107 44 view .LVU18
  67 001e 5B00     		lsls	r3, r3, #1
  68              		.loc 1 107 17 view .LVU19
  69 0020 1360     		str	r3, [r2]
  70              	.L4:
 108:Middlewares/ST/filex/common/src/fx_system_time_get.c ****     }
 109:Middlewares/ST/filex/common/src/fx_system_time_get.c **** 
 110:Middlewares/ST/filex/common/src/fx_system_time_get.c ****     /* If trace is enabled, insert this event into the trace buffer.  */
 111:Middlewares/ST/filex/common/src/fx_system_time_get.c ****     if (hour && minute && second)
  71              		.loc 1 111 5 is_stmt 1 view .LVU20
  72              		.loc 1 111 8 is_stmt 0 view .LVU21
  73 0022 BCF1000F 		cmp	ip, #0
  74 0026 18BF     		it	ne
  75 0028 0029     		cmpne	r1, #0
  76 002a 15D0     		beq	.L7
  77              		.loc 1 111 24 discriminator 1 view .LVU22
  78 002c A2B1     		cbz	r2, .L7
  78:Middlewares/ST/filex/common/src/fx_system_time_get.c **** 
  79              		.loc 1 78 1 view .LVU23
  80 002e 00B5     		push	{lr}
  81              	.LCFI0:
  82              		.cfi_def_cfa_offset 4
  83              		.cfi_offset 14, -4
  84 0030 85B0     		sub	sp, sp, #20
  85              	.LCFI1:
  86              		.cfi_def_cfa_offset 24
 112:Middlewares/ST/filex/common/src/fx_system_time_get.c ****     {
 113:Middlewares/ST/filex/common/src/fx_system_time_get.c ****         FX_TRACE_IN_LINE_INSERT(FX_TRACE_SYSTEM_TIME_GET, *hour, *minute, *second, 0, FX_TRACE_INTE
  87              		.loc 1 113 9 is_stmt 1 view .LVU24
  88 0032 0023     		movs	r3, #0
  89 0034 0393     		str	r3, [sp, #12]
  90 0036 0293     		str	r3, [sp, #8]
  91 0038 4FF40060 		mov	r0, #2048
  92 003c 0190     		str	r0, [sp, #4]
  93 003e 0093     		str	r3, [sp]
  94 0040 1368     		ldr	r3, [r2]
  95 0042 0A68     		ldr	r2, [r1]
  96              	.LVL4:
  97              		.loc 1 113 9 is_stmt 0 view .LVU25
  98 0044 DCF80010 		ldr	r1, [ip]
  99              	.LVL5:
 100              		.loc 1 113 9 view .LVU26
 101 0048 4FF48770 		mov	r0, #270
 102 004c FFF7FEFF 		bl	_fx_trace_event_insert
 103              	.LVL6:
 114:Middlewares/ST/filex/common/src/fx_system_time_get.c ****     }
 115:Middlewares/ST/filex/common/src/fx_system_time_get.c **** 
 116:Middlewares/ST/filex/common/src/fx_system_time_get.c ****     /* Return successful status.  */
 117:Middlewares/ST/filex/common/src/fx_system_time_get.c ****     return(FX_SUCCESS);
 104              		.loc 1 117 5 is_stmt 1 view .LVU27
 118:Middlewares/ST/filex/common/src/fx_system_time_get.c **** }
 105              		.loc 1 118 1 is_stmt 0 view .LVU28
 106 0050 0020     		movs	r0, #0
 107 0052 05B0     		add	sp, sp, #20
 108              	.LCFI2:
 109              		.cfi_def_cfa_offset 4
 110              		@ sp needed
ARM GAS  /tmp/ccqvTVGz.s 			page 5


 111 0054 5DF804FB 		ldr	pc, [sp], #4
 112              	.LVL7:
 113              	.L7:
 114              	.LCFI3:
 115              		.cfi_def_cfa_offset 0
 116              		.cfi_restore 14
 117:Middlewares/ST/filex/common/src/fx_system_time_get.c **** }
 117              		.loc 1 117 5 is_stmt 1 view .LVU29
 118              		.loc 1 118 1 is_stmt 0 view .LVU30
 119 0058 0020     		movs	r0, #0
 120 005a 7047     		bx	lr
 121              	.L11:
 122              		.align	2
 123              	.L10:
 124 005c 00000000 		.word	_fx_system_time
 125              		.cfi_endproc
 126              	.LFE8:
 128              		.text
 129              	.Letext0:
 130              		.file 2 "Middlewares/ST/threadx/ports/cortex_m7/gnu/inc/tx_port.h"
 131              		.file 3 "Middlewares/ST/threadx/common/inc/tx_trace.h"
 132              		.file 4 "Middlewares/ST/filex/common/inc/fx_system.h"
 133              		.file 5 "Middlewares/ST/filex/common/inc/fx_api.h"
ARM GAS  /tmp/ccqvTVGz.s 			page 6


DEFINED SYMBOLS
                            *ABS*:00000000 fx_system_time_get.c
     /tmp/ccqvTVGz.s:20     .text._fx_system_time_get:00000000 $t
     /tmp/ccqvTVGz.s:26     .text._fx_system_time_get:00000000 _fx_system_time_get
     /tmp/ccqvTVGz.s:124    .text._fx_system_time_get:0000005c $d

UNDEFINED SYMBOLS
_fx_trace_event_insert
_fx_system_time
