ARM GAS  /tmp/ccNQVSKz.s 			page 1


   1              		.cpu cortex-m7
   2              		.arch armv7e-m
   3              		.fpu fpv5-d16
   4              		.eabi_attribute 28, 1
   5              		.eabi_attribute 20, 1
   6              		.eabi_attribute 21, 1
   7              		.eabi_attribute 23, 3
   8              		.eabi_attribute 24, 1
   9              		.eabi_attribute 25, 1
  10              		.eabi_attribute 26, 1
  11              		.eabi_attribute 30, 1
  12              		.eabi_attribute 34, 1
  13              		.eabi_attribute 18, 4
  14              		.file	"fx_system_date_get.c"
  15              		.text
  16              	.Ltext0:
  17              		.cfi_sections	.debug_frame
  18              		.file 1 "Middlewares/ST/filex/common/src/fx_system_date_get.c"
  19              		.section	.text._fx_system_date_get,"ax",%progbits
  20              		.align	1
  21              		.global	_fx_system_date_get
  22              		.syntax unified
  23              		.thumb
  24              		.thumb_func
  26              	_fx_system_date_get:
  27              	.LVL0:
  28              	.LFB8:
   1:Middlewares/ST/filex/common/src/fx_system_date_get.c **** /**************************************************************************/
   2:Middlewares/ST/filex/common/src/fx_system_date_get.c **** /*                                                                        */
   3:Middlewares/ST/filex/common/src/fx_system_date_get.c **** /*       Copyright (c) Microsoft Corporation. All rights reserved.        */
   4:Middlewares/ST/filex/common/src/fx_system_date_get.c **** /*                                                                        */
   5:Middlewares/ST/filex/common/src/fx_system_date_get.c **** /*       This software is licensed under the Microsoft Software License   */
   6:Middlewares/ST/filex/common/src/fx_system_date_get.c **** /*       Terms for Microsoft Azure RTOS. Full text of the license can be  */
   7:Middlewares/ST/filex/common/src/fx_system_date_get.c **** /*       found in the LICENSE file at https://aka.ms/AzureRTOS_EULA       */
   8:Middlewares/ST/filex/common/src/fx_system_date_get.c **** /*       and in the root directory of this software.                      */
   9:Middlewares/ST/filex/common/src/fx_system_date_get.c **** /*                                                                        */
  10:Middlewares/ST/filex/common/src/fx_system_date_get.c **** /**************************************************************************/
  11:Middlewares/ST/filex/common/src/fx_system_date_get.c **** 
  12:Middlewares/ST/filex/common/src/fx_system_date_get.c **** 
  13:Middlewares/ST/filex/common/src/fx_system_date_get.c **** /**************************************************************************/
  14:Middlewares/ST/filex/common/src/fx_system_date_get.c **** /**************************************************************************/
  15:Middlewares/ST/filex/common/src/fx_system_date_get.c **** /**                                                                       */
  16:Middlewares/ST/filex/common/src/fx_system_date_get.c **** /** FileX Component                                                       */
  17:Middlewares/ST/filex/common/src/fx_system_date_get.c **** /**                                                                       */
  18:Middlewares/ST/filex/common/src/fx_system_date_get.c **** /**   System                                                              */
  19:Middlewares/ST/filex/common/src/fx_system_date_get.c **** /**                                                                       */
  20:Middlewares/ST/filex/common/src/fx_system_date_get.c **** /**************************************************************************/
  21:Middlewares/ST/filex/common/src/fx_system_date_get.c **** /**************************************************************************/
  22:Middlewares/ST/filex/common/src/fx_system_date_get.c **** 
  23:Middlewares/ST/filex/common/src/fx_system_date_get.c **** #define FX_SOURCE_CODE
  24:Middlewares/ST/filex/common/src/fx_system_date_get.c **** 
  25:Middlewares/ST/filex/common/src/fx_system_date_get.c **** 
  26:Middlewares/ST/filex/common/src/fx_system_date_get.c **** /* Include necessary system files.  */
  27:Middlewares/ST/filex/common/src/fx_system_date_get.c **** 
  28:Middlewares/ST/filex/common/src/fx_system_date_get.c **** #include "fx_api.h"
  29:Middlewares/ST/filex/common/src/fx_system_date_get.c **** #include "fx_system.h"
  30:Middlewares/ST/filex/common/src/fx_system_date_get.c **** 
ARM GAS  /tmp/ccNQVSKz.s 			page 2


  31:Middlewares/ST/filex/common/src/fx_system_date_get.c **** 
  32:Middlewares/ST/filex/common/src/fx_system_date_get.c **** /**************************************************************************/
  33:Middlewares/ST/filex/common/src/fx_system_date_get.c **** /*                                                                        */
  34:Middlewares/ST/filex/common/src/fx_system_date_get.c **** /*  FUNCTION                                               RELEASE        */
  35:Middlewares/ST/filex/common/src/fx_system_date_get.c **** /*                                                                        */
  36:Middlewares/ST/filex/common/src/fx_system_date_get.c **** /*    _fx_system_date_get                                 PORTABLE C      */
  37:Middlewares/ST/filex/common/src/fx_system_date_get.c **** /*                                                           6.1.7        */
  38:Middlewares/ST/filex/common/src/fx_system_date_get.c **** /*  AUTHOR                                                                */
  39:Middlewares/ST/filex/common/src/fx_system_date_get.c **** /*                                                                        */
  40:Middlewares/ST/filex/common/src/fx_system_date_get.c **** /*    William E. Lamie, Microsoft Corporation                             */
  41:Middlewares/ST/filex/common/src/fx_system_date_get.c **** /*                                                                        */
  42:Middlewares/ST/filex/common/src/fx_system_date_get.c **** /*  DESCRIPTION                                                           */
  43:Middlewares/ST/filex/common/src/fx_system_date_get.c **** /*                                                                        */
  44:Middlewares/ST/filex/common/src/fx_system_date_get.c **** /*    This function returns the current contents of the system date in    */
  45:Middlewares/ST/filex/common/src/fx_system_date_get.c **** /*    the fields specified by the caller.                                 */
  46:Middlewares/ST/filex/common/src/fx_system_date_get.c **** /*                                                                        */
  47:Middlewares/ST/filex/common/src/fx_system_date_get.c **** /*  INPUT                                                                 */
  48:Middlewares/ST/filex/common/src/fx_system_date_get.c **** /*                                                                        */
  49:Middlewares/ST/filex/common/src/fx_system_date_get.c **** /*    year                                  Pointer to year               */
  50:Middlewares/ST/filex/common/src/fx_system_date_get.c **** /*    month                                 Pointer to month              */
  51:Middlewares/ST/filex/common/src/fx_system_date_get.c **** /*    day                                   Pointer to day                */
  52:Middlewares/ST/filex/common/src/fx_system_date_get.c **** /*                                                                        */
  53:Middlewares/ST/filex/common/src/fx_system_date_get.c **** /*  OUTPUT                                                                */
  54:Middlewares/ST/filex/common/src/fx_system_date_get.c **** /*                                                                        */
  55:Middlewares/ST/filex/common/src/fx_system_date_get.c **** /*    FX_SUCCESS                                                          */
  56:Middlewares/ST/filex/common/src/fx_system_date_get.c **** /*                                                                        */
  57:Middlewares/ST/filex/common/src/fx_system_date_get.c **** /*  CALLS                                                                 */
  58:Middlewares/ST/filex/common/src/fx_system_date_get.c **** /*                                                                        */
  59:Middlewares/ST/filex/common/src/fx_system_date_get.c **** /*    None                                                                */
  60:Middlewares/ST/filex/common/src/fx_system_date_get.c **** /*                                                                        */
  61:Middlewares/ST/filex/common/src/fx_system_date_get.c **** /*  CALLED BY                                                             */
  62:Middlewares/ST/filex/common/src/fx_system_date_get.c **** /*                                                                        */
  63:Middlewares/ST/filex/common/src/fx_system_date_get.c **** /*    Application Code                                                    */
  64:Middlewares/ST/filex/common/src/fx_system_date_get.c **** /*                                                                        */
  65:Middlewares/ST/filex/common/src/fx_system_date_get.c **** /*  RELEASE HISTORY                                                       */
  66:Middlewares/ST/filex/common/src/fx_system_date_get.c **** /*                                                                        */
  67:Middlewares/ST/filex/common/src/fx_system_date_get.c **** /*    DATE              NAME                      DESCRIPTION             */
  68:Middlewares/ST/filex/common/src/fx_system_date_get.c **** /*                                                                        */
  69:Middlewares/ST/filex/common/src/fx_system_date_get.c **** /*  05-19-2020     William E. Lamie         Initial Version 6.0           */
  70:Middlewares/ST/filex/common/src/fx_system_date_get.c **** /*  09-30-2020     William E. Lamie         Modified comment(s),          */
  71:Middlewares/ST/filex/common/src/fx_system_date_get.c **** /*                                            resulting in version 6.1    */
  72:Middlewares/ST/filex/common/src/fx_system_date_get.c **** /*  06-02-2021     William E. Lamie         Modified comment(s),          */
  73:Middlewares/ST/filex/common/src/fx_system_date_get.c **** /*                                            checked null pointer,       */
  74:Middlewares/ST/filex/common/src/fx_system_date_get.c **** /*                                            resulting in version 6.1.7  */
  75:Middlewares/ST/filex/common/src/fx_system_date_get.c **** /*                                                                        */
  76:Middlewares/ST/filex/common/src/fx_system_date_get.c **** /**************************************************************************/
  77:Middlewares/ST/filex/common/src/fx_system_date_get.c **** UINT  _fx_system_date_get(UINT *year, UINT *month, UINT *day)
  78:Middlewares/ST/filex/common/src/fx_system_date_get.c **** {
  29              		.loc 1 78 1 view -0
  30              		.cfi_startproc
  31              		@ args = 0, pretend = 0, frame = 0
  32              		@ frame_needed = 0, uses_anonymous_args = 0
  79:Middlewares/ST/filex/common/src/fx_system_date_get.c **** 
  80:Middlewares/ST/filex/common/src/fx_system_date_get.c **** UINT date;
  33              		.loc 1 80 1 view .LVU1
  81:Middlewares/ST/filex/common/src/fx_system_date_get.c **** 
  82:Middlewares/ST/filex/common/src/fx_system_date_get.c **** 
ARM GAS  /tmp/ccNQVSKz.s 			page 3


  83:Middlewares/ST/filex/common/src/fx_system_date_get.c ****     /* Get a copy of the current date.  */
  84:Middlewares/ST/filex/common/src/fx_system_date_get.c ****     date =  _fx_system_date;
  34              		.loc 1 84 5 view .LVU2
  35              		.loc 1 84 10 is_stmt 0 view .LVU3
  36 0000 174B     		ldr	r3, .L10
  37 0002 1B68     		ldr	r3, [r3]
  38              	.LVL1:
  85:Middlewares/ST/filex/common/src/fx_system_date_get.c **** 
  86:Middlewares/ST/filex/common/src/fx_system_date_get.c ****     /* Check to see if the year is required.  */
  87:Middlewares/ST/filex/common/src/fx_system_date_get.c ****     if (year)
  39              		.loc 1 87 5 is_stmt 1 view .LVU4
  40              		.loc 1 87 8 is_stmt 0 view .LVU5
  41 0004 8446     		mov	ip, r0
  42 0006 28B1     		cbz	r0, .L2
  88:Middlewares/ST/filex/common/src/fx_system_date_get.c ****     {
  89:Middlewares/ST/filex/common/src/fx_system_date_get.c **** 
  90:Middlewares/ST/filex/common/src/fx_system_date_get.c ****         /* Pickup the year.  */
  91:Middlewares/ST/filex/common/src/fx_system_date_get.c ****         *year =  ((date >> FX_YEAR_SHIFT) & FX_YEAR_MASK) + FX_BASE_YEAR;
  43              		.loc 1 91 9 is_stmt 1 view .LVU6
  44              		.loc 1 91 43 is_stmt 0 view .LVU7
  45 0008 C3F34620 		ubfx	r0, r3, #9, #7
  46              	.LVL2:
  47              		.loc 1 91 59 view .LVU8
  48 000c 00F2BC70 		addw	r0, r0, #1980
  49              		.loc 1 91 15 view .LVU9
  50 0010 CCF80000 		str	r0, [ip]
  51              	.L2:
  92:Middlewares/ST/filex/common/src/fx_system_date_get.c ****     }
  93:Middlewares/ST/filex/common/src/fx_system_date_get.c **** 
  94:Middlewares/ST/filex/common/src/fx_system_date_get.c ****     /* Check to see if the month is required.  */
  95:Middlewares/ST/filex/common/src/fx_system_date_get.c ****     if (month)
  52              		.loc 1 95 5 is_stmt 1 view .LVU10
  53              		.loc 1 95 8 is_stmt 0 view .LVU11
  54 0014 11B1     		cbz	r1, .L3
  96:Middlewares/ST/filex/common/src/fx_system_date_get.c ****     {
  97:Middlewares/ST/filex/common/src/fx_system_date_get.c **** 
  98:Middlewares/ST/filex/common/src/fx_system_date_get.c ****         /* Pickup the month.  */
  99:Middlewares/ST/filex/common/src/fx_system_date_get.c ****         *month =  (date >> FX_MONTH_SHIFT) & FX_MONTH_MASK;
  55              		.loc 1 99 9 is_stmt 1 view .LVU12
  56              		.loc 1 99 44 is_stmt 0 view .LVU13
  57 0016 C3F34310 		ubfx	r0, r3, #5, #4
  58              		.loc 1 99 16 view .LVU14
  59 001a 0860     		str	r0, [r1]
  60              	.L3:
 100:Middlewares/ST/filex/common/src/fx_system_date_get.c ****     }
 101:Middlewares/ST/filex/common/src/fx_system_date_get.c **** 
 102:Middlewares/ST/filex/common/src/fx_system_date_get.c ****     /* Check to see if the day is required.  */
 103:Middlewares/ST/filex/common/src/fx_system_date_get.c ****     if (day)
  61              		.loc 1 103 5 is_stmt 1 view .LVU15
  62              		.loc 1 103 8 is_stmt 0 view .LVU16
  63 001c 12B1     		cbz	r2, .L4
 104:Middlewares/ST/filex/common/src/fx_system_date_get.c ****     {
 105:Middlewares/ST/filex/common/src/fx_system_date_get.c **** 
 106:Middlewares/ST/filex/common/src/fx_system_date_get.c ****         /* Pickup the day.  */
 107:Middlewares/ST/filex/common/src/fx_system_date_get.c ****         *day =  date & FX_DAY_MASK;
  64              		.loc 1 107 9 is_stmt 1 view .LVU17
  65              		.loc 1 107 22 is_stmt 0 view .LVU18
ARM GAS  /tmp/ccNQVSKz.s 			page 4


  66 001e 03F01F03 		and	r3, r3, #31
  67              	.LVL3:
  68              		.loc 1 107 14 view .LVU19
  69 0022 1360     		str	r3, [r2]
  70              	.L4:
 108:Middlewares/ST/filex/common/src/fx_system_date_get.c ****     }
 109:Middlewares/ST/filex/common/src/fx_system_date_get.c **** 
 110:Middlewares/ST/filex/common/src/fx_system_date_get.c ****     /* If trace is enabled, insert this event into the trace buffer.  */
 111:Middlewares/ST/filex/common/src/fx_system_date_get.c ****     if (year && month && day)
  71              		.loc 1 111 5 is_stmt 1 view .LVU20
  72              		.loc 1 111 8 is_stmt 0 view .LVU21
  73 0024 BCF1000F 		cmp	ip, #0
  74 0028 18BF     		it	ne
  75 002a 0029     		cmpne	r1, #0
  76 002c 15D0     		beq	.L7
  77              		.loc 1 111 23 discriminator 1 view .LVU22
  78 002e A2B1     		cbz	r2, .L7
  78:Middlewares/ST/filex/common/src/fx_system_date_get.c **** 
  79              		.loc 1 78 1 view .LVU23
  80 0030 00B5     		push	{lr}
  81              	.LCFI0:
  82              		.cfi_def_cfa_offset 4
  83              		.cfi_offset 14, -4
  84 0032 85B0     		sub	sp, sp, #20
  85              	.LCFI1:
  86              		.cfi_def_cfa_offset 24
 112:Middlewares/ST/filex/common/src/fx_system_date_get.c ****     {
 113:Middlewares/ST/filex/common/src/fx_system_date_get.c ****         FX_TRACE_IN_LINE_INSERT(FX_TRACE_SYSTEM_DATE_GET, *year, *month, *day, 0, FX_TRACE_INTERNAL
  87              		.loc 1 113 9 is_stmt 1 view .LVU24
  88 0034 0023     		movs	r3, #0
  89 0036 0393     		str	r3, [sp, #12]
  90 0038 0293     		str	r3, [sp, #8]
  91 003a 4FF40060 		mov	r0, #2048
  92 003e 0190     		str	r0, [sp, #4]
  93 0040 0093     		str	r3, [sp]
  94 0042 1368     		ldr	r3, [r2]
  95 0044 0A68     		ldr	r2, [r1]
  96              	.LVL4:
  97              		.loc 1 113 9 is_stmt 0 view .LVU25
  98 0046 DCF80010 		ldr	r1, [ip]
  99              	.LVL5:
 100              		.loc 1 113 9 view .LVU26
 101 004a 40F20B10 		movw	r0, #267
 102 004e FFF7FEFF 		bl	_fx_trace_event_insert
 103              	.LVL6:
 114:Middlewares/ST/filex/common/src/fx_system_date_get.c ****     }
 115:Middlewares/ST/filex/common/src/fx_system_date_get.c **** 
 116:Middlewares/ST/filex/common/src/fx_system_date_get.c ****     /* Return successful status.  */
 117:Middlewares/ST/filex/common/src/fx_system_date_get.c ****     return(FX_SUCCESS);
 104              		.loc 1 117 5 is_stmt 1 view .LVU27
 118:Middlewares/ST/filex/common/src/fx_system_date_get.c **** }
 105              		.loc 1 118 1 is_stmt 0 view .LVU28
 106 0052 0020     		movs	r0, #0
 107 0054 05B0     		add	sp, sp, #20
 108              	.LCFI2:
 109              		.cfi_def_cfa_offset 4
 110              		@ sp needed
ARM GAS  /tmp/ccNQVSKz.s 			page 5


 111 0056 5DF804FB 		ldr	pc, [sp], #4
 112              	.LVL7:
 113              	.L7:
 114              	.LCFI3:
 115              		.cfi_def_cfa_offset 0
 116              		.cfi_restore 14
 117:Middlewares/ST/filex/common/src/fx_system_date_get.c **** }
 117              		.loc 1 117 5 is_stmt 1 view .LVU29
 118              		.loc 1 118 1 is_stmt 0 view .LVU30
 119 005a 0020     		movs	r0, #0
 120 005c 7047     		bx	lr
 121              	.L11:
 122 005e 00BF     		.align	2
 123              	.L10:
 124 0060 00000000 		.word	_fx_system_date
 125              		.cfi_endproc
 126              	.LFE8:
 128              		.text
 129              	.Letext0:
 130              		.file 2 "Middlewares/ST/threadx/ports/cortex_m7/gnu/inc/tx_port.h"
 131              		.file 3 "Middlewares/ST/threadx/common/inc/tx_trace.h"
 132              		.file 4 "Middlewares/ST/filex/common/inc/fx_system.h"
 133              		.file 5 "Middlewares/ST/filex/common/inc/fx_api.h"
ARM GAS  /tmp/ccNQVSKz.s 			page 6


DEFINED SYMBOLS
                            *ABS*:00000000 fx_system_date_get.c
     /tmp/ccNQVSKz.s:20     .text._fx_system_date_get:00000000 $t
     /tmp/ccNQVSKz.s:26     .text._fx_system_date_get:00000000 _fx_system_date_get
     /tmp/ccNQVSKz.s:124    .text._fx_system_date_get:00000060 $d

UNDEFINED SYMBOLS
_fx_trace_event_insert
_fx_system_date
