ARM GAS  /tmp/cccN2rZB.s 			page 1


   1              		.cpu cortex-m7
   2              		.arch armv7e-m
   3              		.fpu fpv5-d16
   4              		.eabi_attribute 28, 1
   5              		.eabi_attribute 20, 1
   6              		.eabi_attribute 21, 1
   7              		.eabi_attribute 23, 3
   8              		.eabi_attribute 24, 1
   9              		.eabi_attribute 25, 1
  10              		.eabi_attribute 26, 1
  11              		.eabi_attribute 30, 1
  12              		.eabi_attribute 34, 1
  13              		.eabi_attribute 18, 4
  14              		.file	"fx_unicode_directory_rename.c"
  15              		.text
  16              	.Ltext0:
  17              		.cfi_sections	.debug_frame
  18              		.file 1 "Middlewares/ST/filex/common/src/fx_unicode_directory_rename.c"
  19              		.section	.text._fx_unicode_directory_rename,"ax",%progbits
  20              		.align	1
  21              		.global	_fx_unicode_directory_rename
  22              		.syntax unified
  23              		.thumb
  24              		.thumb_func
  26              	_fx_unicode_directory_rename:
  27              	.LVL0:
  28              	.LFB8:
   1:Middlewares/ST/filex/common/src/fx_unicode_directory_rename.c **** /**************************************************************************/
   2:Middlewares/ST/filex/common/src/fx_unicode_directory_rename.c **** /*                                                                        */
   3:Middlewares/ST/filex/common/src/fx_unicode_directory_rename.c **** /*       Copyright (c) Microsoft Corporation. All rights reserved.        */
   4:Middlewares/ST/filex/common/src/fx_unicode_directory_rename.c **** /*                                                                        */
   5:Middlewares/ST/filex/common/src/fx_unicode_directory_rename.c **** /*       This software is licensed under the Microsoft Software License   */
   6:Middlewares/ST/filex/common/src/fx_unicode_directory_rename.c **** /*       Terms for Microsoft Azure RTOS. Full text of the license can be  */
   7:Middlewares/ST/filex/common/src/fx_unicode_directory_rename.c **** /*       found in the LICENSE file at https://aka.ms/AzureRTOS_EULA       */
   8:Middlewares/ST/filex/common/src/fx_unicode_directory_rename.c **** /*       and in the root directory of this software.                      */
   9:Middlewares/ST/filex/common/src/fx_unicode_directory_rename.c **** /*                                                                        */
  10:Middlewares/ST/filex/common/src/fx_unicode_directory_rename.c **** /**************************************************************************/
  11:Middlewares/ST/filex/common/src/fx_unicode_directory_rename.c **** 
  12:Middlewares/ST/filex/common/src/fx_unicode_directory_rename.c **** 
  13:Middlewares/ST/filex/common/src/fx_unicode_directory_rename.c **** /**************************************************************************/
  14:Middlewares/ST/filex/common/src/fx_unicode_directory_rename.c **** /**************************************************************************/
  15:Middlewares/ST/filex/common/src/fx_unicode_directory_rename.c **** /**                                                                       */
  16:Middlewares/ST/filex/common/src/fx_unicode_directory_rename.c **** /** FileX Component                                                       */
  17:Middlewares/ST/filex/common/src/fx_unicode_directory_rename.c **** /**                                                                       */
  18:Middlewares/ST/filex/common/src/fx_unicode_directory_rename.c **** /**   Unicode                                                             */
  19:Middlewares/ST/filex/common/src/fx_unicode_directory_rename.c **** /**                                                                       */
  20:Middlewares/ST/filex/common/src/fx_unicode_directory_rename.c **** /**************************************************************************/
  21:Middlewares/ST/filex/common/src/fx_unicode_directory_rename.c **** /**************************************************************************/
  22:Middlewares/ST/filex/common/src/fx_unicode_directory_rename.c **** 
  23:Middlewares/ST/filex/common/src/fx_unicode_directory_rename.c **** #define FX_SOURCE_CODE
  24:Middlewares/ST/filex/common/src/fx_unicode_directory_rename.c **** 
  25:Middlewares/ST/filex/common/src/fx_unicode_directory_rename.c **** 
  26:Middlewares/ST/filex/common/src/fx_unicode_directory_rename.c **** /* Include necessary system files.  */
  27:Middlewares/ST/filex/common/src/fx_unicode_directory_rename.c **** 
  28:Middlewares/ST/filex/common/src/fx_unicode_directory_rename.c **** #include "fx_api.h"
  29:Middlewares/ST/filex/common/src/fx_unicode_directory_rename.c **** #include "fx_unicode.h"
  30:Middlewares/ST/filex/common/src/fx_unicode_directory_rename.c **** #include "fx_directory.h"
ARM GAS  /tmp/cccN2rZB.s 			page 2


  31:Middlewares/ST/filex/common/src/fx_unicode_directory_rename.c **** #include "fx_utility.h"
  32:Middlewares/ST/filex/common/src/fx_unicode_directory_rename.c **** #ifdef FX_ENABLE_FAULT_TOLERANT
  33:Middlewares/ST/filex/common/src/fx_unicode_directory_rename.c **** #include "fx_fault_tolerant.h"
  34:Middlewares/ST/filex/common/src/fx_unicode_directory_rename.c **** #endif /* FX_ENABLE_FAULT_TOLERANT */
  35:Middlewares/ST/filex/common/src/fx_unicode_directory_rename.c **** 
  36:Middlewares/ST/filex/common/src/fx_unicode_directory_rename.c **** 
  37:Middlewares/ST/filex/common/src/fx_unicode_directory_rename.c **** /**************************************************************************/
  38:Middlewares/ST/filex/common/src/fx_unicode_directory_rename.c **** /*                                                                        */
  39:Middlewares/ST/filex/common/src/fx_unicode_directory_rename.c **** /*  FUNCTION                                               RELEASE        */
  40:Middlewares/ST/filex/common/src/fx_unicode_directory_rename.c **** /*                                                                        */
  41:Middlewares/ST/filex/common/src/fx_unicode_directory_rename.c **** /*    _fx_unicode_directory_rename                        PORTABLE C      */
  42:Middlewares/ST/filex/common/src/fx_unicode_directory_rename.c **** /*                                                           6.1          */
  43:Middlewares/ST/filex/common/src/fx_unicode_directory_rename.c **** /*  AUTHOR                                                                */
  44:Middlewares/ST/filex/common/src/fx_unicode_directory_rename.c **** /*                                                                        */
  45:Middlewares/ST/filex/common/src/fx_unicode_directory_rename.c **** /*    William E. Lamie, Microsoft Corporation                             */
  46:Middlewares/ST/filex/common/src/fx_unicode_directory_rename.c **** /*                                                                        */
  47:Middlewares/ST/filex/common/src/fx_unicode_directory_rename.c **** /*  DESCRIPTION                                                           */
  48:Middlewares/ST/filex/common/src/fx_unicode_directory_rename.c **** /*                                                                        */
  49:Middlewares/ST/filex/common/src/fx_unicode_directory_rename.c **** /*    This function creates the specified unicode directory.              */
  50:Middlewares/ST/filex/common/src/fx_unicode_directory_rename.c **** /*    This function first attempts to find the specified directory.       */
  51:Middlewares/ST/filex/common/src/fx_unicode_directory_rename.c **** /*    If found, the unicode rename request is valid and the directory     */
  52:Middlewares/ST/filex/common/src/fx_unicode_directory_rename.c **** /*    will be changed to the new unicode name. Otherwise, if the directory*/
  53:Middlewares/ST/filex/common/src/fx_unicode_directory_rename.c **** /*    is not found, the appropriate error code is returned to the caller. */
  54:Middlewares/ST/filex/common/src/fx_unicode_directory_rename.c **** /*                                                                        */
  55:Middlewares/ST/filex/common/src/fx_unicode_directory_rename.c **** /*  INPUT                                                                 */
  56:Middlewares/ST/filex/common/src/fx_unicode_directory_rename.c **** /*                                                                        */
  57:Middlewares/ST/filex/common/src/fx_unicode_directory_rename.c **** /*    media_ptr                             Pointer to media              */
  58:Middlewares/ST/filex/common/src/fx_unicode_directory_rename.c **** /*    old_unicode_name                      Pointer to old unicode name   */
  59:Middlewares/ST/filex/common/src/fx_unicode_directory_rename.c **** /*    old_unicode_length                    Old unicode name length       */
  60:Middlewares/ST/filex/common/src/fx_unicode_directory_rename.c **** /*    new_unicode_name                      Pointer to new unicode name   */
  61:Middlewares/ST/filex/common/src/fx_unicode_directory_rename.c **** /*    new_unicode_length                    Old unicode name length       */
  62:Middlewares/ST/filex/common/src/fx_unicode_directory_rename.c **** /*    new_short_name                        Pointer to new short name     */
  63:Middlewares/ST/filex/common/src/fx_unicode_directory_rename.c **** /*                                                                        */
  64:Middlewares/ST/filex/common/src/fx_unicode_directory_rename.c **** /*  OUTPUT                                                                */
  65:Middlewares/ST/filex/common/src/fx_unicode_directory_rename.c **** /*                                                                        */
  66:Middlewares/ST/filex/common/src/fx_unicode_directory_rename.c **** /*    Completion Status                                                   */
  67:Middlewares/ST/filex/common/src/fx_unicode_directory_rename.c **** /*                                                                        */
  68:Middlewares/ST/filex/common/src/fx_unicode_directory_rename.c **** /*  CALLS                                                                 */
  69:Middlewares/ST/filex/common/src/fx_unicode_directory_rename.c **** /*                                                                        */
  70:Middlewares/ST/filex/common/src/fx_unicode_directory_rename.c **** /*    _fx_unicode_short_name_get            Get the directory short name  */
  71:Middlewares/ST/filex/common/src/fx_unicode_directory_rename.c **** /*    _fx_unicode_directory_search          Search for unicode name       */
  72:Middlewares/ST/filex/common/src/fx_unicode_directory_rename.c **** /*    _fx_unicode_directory_entry_change    Change unicode file name      */
  73:Middlewares/ST/filex/common/src/fx_unicode_directory_rename.c **** /*    _fx_directory_rename                  Rename the directory          */
  74:Middlewares/ST/filex/common/src/fx_unicode_directory_rename.c **** /*    _fx_directory_search                  Search directory              */
  75:Middlewares/ST/filex/common/src/fx_unicode_directory_rename.c **** /*                                                                        */
  76:Middlewares/ST/filex/common/src/fx_unicode_directory_rename.c **** /*  CALLED BY                                                             */
  77:Middlewares/ST/filex/common/src/fx_unicode_directory_rename.c **** /*                                                                        */
  78:Middlewares/ST/filex/common/src/fx_unicode_directory_rename.c **** /*    Application Code                                                    */
  79:Middlewares/ST/filex/common/src/fx_unicode_directory_rename.c **** /*                                                                        */
  80:Middlewares/ST/filex/common/src/fx_unicode_directory_rename.c **** /*  RELEASE HISTORY                                                       */
  81:Middlewares/ST/filex/common/src/fx_unicode_directory_rename.c **** /*                                                                        */
  82:Middlewares/ST/filex/common/src/fx_unicode_directory_rename.c **** /*    DATE              NAME                      DESCRIPTION             */
  83:Middlewares/ST/filex/common/src/fx_unicode_directory_rename.c **** /*                                                                        */
  84:Middlewares/ST/filex/common/src/fx_unicode_directory_rename.c **** /*  05-19-2020     William E. Lamie         Initial Version 6.0           */
  85:Middlewares/ST/filex/common/src/fx_unicode_directory_rename.c **** /*  09-30-2020     William E. Lamie         Modified comment(s),          */
  86:Middlewares/ST/filex/common/src/fx_unicode_directory_rename.c **** /*                                            resulting in version 6.1    */
  87:Middlewares/ST/filex/common/src/fx_unicode_directory_rename.c **** /*                                                                        */
ARM GAS  /tmp/cccN2rZB.s 			page 3


  88:Middlewares/ST/filex/common/src/fx_unicode_directory_rename.c **** /**************************************************************************/
  89:Middlewares/ST/filex/common/src/fx_unicode_directory_rename.c **** UINT  _fx_unicode_directory_rename(FX_MEDIA *media_ptr, UCHAR *old_unicode_name, ULONG old_unicode_
  90:Middlewares/ST/filex/common/src/fx_unicode_directory_rename.c ****                                    UCHAR *new_unicode_name, ULONG new_unicode_length, CHAR *new_sho
  91:Middlewares/ST/filex/common/src/fx_unicode_directory_rename.c **** {
  29              		.loc 1 91 1 view -0
  30              		.cfi_startproc
  31              		@ args = 8, pretend = 0, frame = 152
  32              		@ frame_needed = 0, uses_anonymous_args = 0
  33              		.loc 1 91 1 is_stmt 0 view .LVU1
  34 0000 2DE9F04F 		push	{r4, r5, r6, r7, r8, r9, r10, fp, lr}
  35              	.LCFI0:
  36              		.cfi_def_cfa_offset 36
  37              		.cfi_offset 4, -36
  38              		.cfi_offset 5, -32
  39              		.cfi_offset 6, -28
  40              		.cfi_offset 7, -24
  41              		.cfi_offset 8, -20
  42              		.cfi_offset 9, -16
  43              		.cfi_offset 10, -12
  44              		.cfi_offset 11, -8
  45              		.cfi_offset 14, -4
  46 0004 ABB0     		sub	sp, sp, #172
  47              	.LCFI1:
  48              		.cfi_def_cfa_offset 208
  49 0006 9346     		mov	fp, r2
  50 0008 1E46     		mov	r6, r3
  51 000a 359C     		ldr	r4, [sp, #212]
  92:Middlewares/ST/filex/common/src/fx_unicode_directory_rename.c **** 
  93:Middlewares/ST/filex/common/src/fx_unicode_directory_rename.c **** FX_DIR_ENTRY dir_entry;
  52              		.loc 1 93 1 is_stmt 1 view .LVU2
  94:Middlewares/ST/filex/common/src/fx_unicode_directory_rename.c **** UINT         i, status;
  53              		.loc 1 94 1 view .LVU3
  95:Middlewares/ST/filex/common/src/fx_unicode_directory_rename.c **** ULONG        temp_length;
  54              		.loc 1 95 1 view .LVU4
  96:Middlewares/ST/filex/common/src/fx_unicode_directory_rename.c **** CHAR         old_dir_short_name[13];
  55              		.loc 1 96 1 view .LVU5
  97:Middlewares/ST/filex/common/src/fx_unicode_directory_rename.c **** CHAR         new_dir_short_name[13];
  56              		.loc 1 97 1 view .LVU6
  98:Middlewares/ST/filex/common/src/fx_unicode_directory_rename.c **** UCHAR        alpha, beta;
  57              		.loc 1 98 1 view .LVU7
  99:Middlewares/ST/filex/common/src/fx_unicode_directory_rename.c **** 
 100:Middlewares/ST/filex/common/src/fx_unicode_directory_rename.c **** 
 101:Middlewares/ST/filex/common/src/fx_unicode_directory_rename.c ****     /* Clear the return short name.  */
 102:Middlewares/ST/filex/common/src/fx_unicode_directory_rename.c ****     new_short_name[0] =  FX_NULL;
  58              		.loc 1 102 5 view .LVU8
  59              		.loc 1 102 23 is_stmt 0 view .LVU9
  60 000c 0023     		movs	r3, #0
  61              	.LVL1:
  62              		.loc 1 102 23 view .LVU10
  63 000e 2370     		strb	r3, [r4]
 103:Middlewares/ST/filex/common/src/fx_unicode_directory_rename.c **** 
 104:Middlewares/ST/filex/common/src/fx_unicode_directory_rename.c ****     /* Set shortname to null.  */
 105:Middlewares/ST/filex/common/src/fx_unicode_directory_rename.c ****     old_dir_short_name[0] =  FX_NULL;
  64              		.loc 1 105 5 is_stmt 1 view .LVU11
  65              		.loc 1 105 27 is_stmt 0 view .LVU12
  66 0010 8DF82430 		strb	r3, [sp, #36]
 106:Middlewares/ST/filex/common/src/fx_unicode_directory_rename.c ****     new_dir_short_name[0] =  FX_NULL;
ARM GAS  /tmp/cccN2rZB.s 			page 4


  67              		.loc 1 106 5 is_stmt 1 view .LVU13
  68              		.loc 1 106 27 is_stmt 0 view .LVU14
  69 0014 8DF81430 		strb	r3, [sp, #20]
 107:Middlewares/ST/filex/common/src/fx_unicode_directory_rename.c **** 
 108:Middlewares/ST/filex/common/src/fx_unicode_directory_rename.c ****     /* Check the media to make sure it is open.  */
 109:Middlewares/ST/filex/common/src/fx_unicode_directory_rename.c ****     if (media_ptr -> fx_media_id != FX_MEDIA_ID)
  70              		.loc 1 109 5 is_stmt 1 view .LVU15
  71              		.loc 1 109 19 is_stmt 0 view .LVU16
  72 0018 0268     		ldr	r2, [r0]
  73              	.LVL2:
  74              		.loc 1 109 8 view .LVU17
  75 001a 644B     		ldr	r3, .L28
  76 001c 9A42     		cmp	r2, r3
  77 001e 05D0     		beq	.L24
 110:Middlewares/ST/filex/common/src/fx_unicode_directory_rename.c ****     {
 111:Middlewares/ST/filex/common/src/fx_unicode_directory_rename.c **** 
 112:Middlewares/ST/filex/common/src/fx_unicode_directory_rename.c ****         /* Return the media not opened error.  */
 113:Middlewares/ST/filex/common/src/fx_unicode_directory_rename.c ****         return(FX_MEDIA_NOT_OPEN);
  78              		.loc 1 113 15 view .LVU18
  79 0020 4FF01109 		mov	r9, #17
  80              	.LVL3:
  81              	.L1:
 114:Middlewares/ST/filex/common/src/fx_unicode_directory_rename.c ****     }
 115:Middlewares/ST/filex/common/src/fx_unicode_directory_rename.c **** 
 116:Middlewares/ST/filex/common/src/fx_unicode_directory_rename.c **** #ifdef FX_ENABLE_EXFAT
 117:Middlewares/ST/filex/common/src/fx_unicode_directory_rename.c ****     /* Check if media format is exFAT.  */
 118:Middlewares/ST/filex/common/src/fx_unicode_directory_rename.c ****     if (media_ptr -> fx_media_FAT_type == FX_exFAT)
 119:Middlewares/ST/filex/common/src/fx_unicode_directory_rename.c ****     {
 120:Middlewares/ST/filex/common/src/fx_unicode_directory_rename.c **** 
 121:Middlewares/ST/filex/common/src/fx_unicode_directory_rename.c ****         /* Return the not implemented error.  */
 122:Middlewares/ST/filex/common/src/fx_unicode_directory_rename.c ****         return(FX_NOT_IMPLEMENTED);
 123:Middlewares/ST/filex/common/src/fx_unicode_directory_rename.c ****     }
 124:Middlewares/ST/filex/common/src/fx_unicode_directory_rename.c **** #endif
 125:Middlewares/ST/filex/common/src/fx_unicode_directory_rename.c **** 
 126:Middlewares/ST/filex/common/src/fx_unicode_directory_rename.c ****     /* Get the old short name.  */
 127:Middlewares/ST/filex/common/src/fx_unicode_directory_rename.c ****     status = _fx_unicode_short_name_get(media_ptr, old_unicode_name, old_unicode_length, &old_dir_s
 128:Middlewares/ST/filex/common/src/fx_unicode_directory_rename.c **** 
 129:Middlewares/ST/filex/common/src/fx_unicode_directory_rename.c ****     /* Determine if the search was successful.  */
 130:Middlewares/ST/filex/common/src/fx_unicode_directory_rename.c ****     if (status != FX_SUCCESS)
 131:Middlewares/ST/filex/common/src/fx_unicode_directory_rename.c ****     {
 132:Middlewares/ST/filex/common/src/fx_unicode_directory_rename.c **** 
 133:Middlewares/ST/filex/common/src/fx_unicode_directory_rename.c ****         /* Return the error code.  */
 134:Middlewares/ST/filex/common/src/fx_unicode_directory_rename.c ****         return(status);
 135:Middlewares/ST/filex/common/src/fx_unicode_directory_rename.c ****     }
 136:Middlewares/ST/filex/common/src/fx_unicode_directory_rename.c **** 
 137:Middlewares/ST/filex/common/src/fx_unicode_directory_rename.c ****     /* Protect media.  */
 138:Middlewares/ST/filex/common/src/fx_unicode_directory_rename.c ****     FX_PROTECT
 139:Middlewares/ST/filex/common/src/fx_unicode_directory_rename.c **** 
 140:Middlewares/ST/filex/common/src/fx_unicode_directory_rename.c ****     /* Setup temporary length.  */
 141:Middlewares/ST/filex/common/src/fx_unicode_directory_rename.c ****     temp_length =  new_unicode_length;
 142:Middlewares/ST/filex/common/src/fx_unicode_directory_rename.c **** 
 143:Middlewares/ST/filex/common/src/fx_unicode_directory_rename.c ****     /* Setup pointer to media name buffer.  */
 144:Middlewares/ST/filex/common/src/fx_unicode_directory_rename.c ****     dir_entry.fx_dir_entry_name =  media_ptr -> fx_media_name_buffer + FX_MAX_LONG_NAME_LEN;
 145:Middlewares/ST/filex/common/src/fx_unicode_directory_rename.c **** 
 146:Middlewares/ST/filex/common/src/fx_unicode_directory_rename.c ****     /* Clear the short name string.  */
 147:Middlewares/ST/filex/common/src/fx_unicode_directory_rename.c ****     dir_entry.fx_dir_entry_short_name[0] =  FX_NULL;
 148:Middlewares/ST/filex/common/src/fx_unicode_directory_rename.c **** 
ARM GAS  /tmp/cccN2rZB.s 			page 5


 149:Middlewares/ST/filex/common/src/fx_unicode_directory_rename.c ****     /* Determine if the new directory name is already present.  */
 150:Middlewares/ST/filex/common/src/fx_unicode_directory_rename.c ****     status =  _fx_unicode_directory_search(media_ptr, &dir_entry, (UCHAR *)new_dir_short_name, size
 151:Middlewares/ST/filex/common/src/fx_unicode_directory_rename.c **** 
 152:Middlewares/ST/filex/common/src/fx_unicode_directory_rename.c ****     /* Determine if the search was successful.  */
 153:Middlewares/ST/filex/common/src/fx_unicode_directory_rename.c ****     if (status == FX_SUCCESS)
 154:Middlewares/ST/filex/common/src/fx_unicode_directory_rename.c ****     {
 155:Middlewares/ST/filex/common/src/fx_unicode_directory_rename.c **** 
 156:Middlewares/ST/filex/common/src/fx_unicode_directory_rename.c ****         /* Determine if the name length are equal.  */
 157:Middlewares/ST/filex/common/src/fx_unicode_directory_rename.c ****         if (old_unicode_length == new_unicode_length)
 158:Middlewares/ST/filex/common/src/fx_unicode_directory_rename.c ****         {
 159:Middlewares/ST/filex/common/src/fx_unicode_directory_rename.c **** 
 160:Middlewares/ST/filex/common/src/fx_unicode_directory_rename.c ****             /* Determine if the new name simply has a UNICODE case change. If so, simply let the pr
 161:Middlewares/ST/filex/common/src/fx_unicode_directory_rename.c ****                continue.  */
 162:Middlewares/ST/filex/common/src/fx_unicode_directory_rename.c ****             i =  0;
 163:Middlewares/ST/filex/common/src/fx_unicode_directory_rename.c ****             do
 164:Middlewares/ST/filex/common/src/fx_unicode_directory_rename.c ****             {
 165:Middlewares/ST/filex/common/src/fx_unicode_directory_rename.c **** 
 166:Middlewares/ST/filex/common/src/fx_unicode_directory_rename.c ****                 /* Pickup an old name and new name character and convert to upper case if necessary
 167:Middlewares/ST/filex/common/src/fx_unicode_directory_rename.c ****                 alpha =  old_unicode_name[i * 2];
 168:Middlewares/ST/filex/common/src/fx_unicode_directory_rename.c ****                 if ((alpha >= 'a') && (alpha <= 'z') && (old_unicode_name[i * 2 + 1] == 0))
 169:Middlewares/ST/filex/common/src/fx_unicode_directory_rename.c ****                 {
 170:Middlewares/ST/filex/common/src/fx_unicode_directory_rename.c **** 
 171:Middlewares/ST/filex/common/src/fx_unicode_directory_rename.c ****                     /* Lower case, convert to upper case!  */
 172:Middlewares/ST/filex/common/src/fx_unicode_directory_rename.c ****                     alpha =  (UCHAR)((INT)alpha - 0x20);
 173:Middlewares/ST/filex/common/src/fx_unicode_directory_rename.c ****                 }
 174:Middlewares/ST/filex/common/src/fx_unicode_directory_rename.c ****                 beta =   new_unicode_name[i * 2];
 175:Middlewares/ST/filex/common/src/fx_unicode_directory_rename.c ****                 if ((beta >= 'a') && (beta <= 'z') && (new_unicode_name[i * 2 + 1] == 0))
 176:Middlewares/ST/filex/common/src/fx_unicode_directory_rename.c ****                 {
 177:Middlewares/ST/filex/common/src/fx_unicode_directory_rename.c **** 
 178:Middlewares/ST/filex/common/src/fx_unicode_directory_rename.c ****                     /* Lower case, convert to upper case!  */
 179:Middlewares/ST/filex/common/src/fx_unicode_directory_rename.c ****                     beta =  (UCHAR)((INT)beta - 0x20);
 180:Middlewares/ST/filex/common/src/fx_unicode_directory_rename.c ****                 }
 181:Middlewares/ST/filex/common/src/fx_unicode_directory_rename.c **** 
 182:Middlewares/ST/filex/common/src/fx_unicode_directory_rename.c ****                 /* Now compare the characters.  */
 183:Middlewares/ST/filex/common/src/fx_unicode_directory_rename.c ****                 if (alpha != beta)
 184:Middlewares/ST/filex/common/src/fx_unicode_directory_rename.c ****                 {
 185:Middlewares/ST/filex/common/src/fx_unicode_directory_rename.c **** 
 186:Middlewares/ST/filex/common/src/fx_unicode_directory_rename.c ****                     /* Get out of this loop!  */
 187:Middlewares/ST/filex/common/src/fx_unicode_directory_rename.c ****                     break;
 188:Middlewares/ST/filex/common/src/fx_unicode_directory_rename.c ****                 }
 189:Middlewares/ST/filex/common/src/fx_unicode_directory_rename.c **** 
 190:Middlewares/ST/filex/common/src/fx_unicode_directory_rename.c ****                 /* Pickup the high bytes. */
 191:Middlewares/ST/filex/common/src/fx_unicode_directory_rename.c ****                 alpha = old_unicode_name[i * 2 + 1];
 192:Middlewares/ST/filex/common/src/fx_unicode_directory_rename.c ****                 beta =   new_unicode_name[i * 2 + 1];
 193:Middlewares/ST/filex/common/src/fx_unicode_directory_rename.c **** 
 194:Middlewares/ST/filex/common/src/fx_unicode_directory_rename.c ****                 /* Now compare the byte.  */
 195:Middlewares/ST/filex/common/src/fx_unicode_directory_rename.c ****                 if ((alpha != beta))
 196:Middlewares/ST/filex/common/src/fx_unicode_directory_rename.c ****                 {
 197:Middlewares/ST/filex/common/src/fx_unicode_directory_rename.c **** 
 198:Middlewares/ST/filex/common/src/fx_unicode_directory_rename.c ****                     /* Get out of this loop!  */
 199:Middlewares/ST/filex/common/src/fx_unicode_directory_rename.c ****                     break;
 200:Middlewares/ST/filex/common/src/fx_unicode_directory_rename.c ****                 }
 201:Middlewares/ST/filex/common/src/fx_unicode_directory_rename.c **** 
 202:Middlewares/ST/filex/common/src/fx_unicode_directory_rename.c ****                 /* Move to next character.  */
 203:Middlewares/ST/filex/common/src/fx_unicode_directory_rename.c ****                 i++;
 204:Middlewares/ST/filex/common/src/fx_unicode_directory_rename.c ****             } while (i < old_unicode_length);
 205:Middlewares/ST/filex/common/src/fx_unicode_directory_rename.c ****         }
ARM GAS  /tmp/cccN2rZB.s 			page 6


 206:Middlewares/ST/filex/common/src/fx_unicode_directory_rename.c ****         else
 207:Middlewares/ST/filex/common/src/fx_unicode_directory_rename.c ****         {
 208:Middlewares/ST/filex/common/src/fx_unicode_directory_rename.c ****             alpha = 0;
 209:Middlewares/ST/filex/common/src/fx_unicode_directory_rename.c ****             beta = 1;
 210:Middlewares/ST/filex/common/src/fx_unicode_directory_rename.c ****         }
 211:Middlewares/ST/filex/common/src/fx_unicode_directory_rename.c **** 
 212:Middlewares/ST/filex/common/src/fx_unicode_directory_rename.c ****         /* Now determine if the names match.  */
 213:Middlewares/ST/filex/common/src/fx_unicode_directory_rename.c ****         if (alpha != beta)
 214:Middlewares/ST/filex/common/src/fx_unicode_directory_rename.c ****         {
 215:Middlewares/ST/filex/common/src/fx_unicode_directory_rename.c **** 
 216:Middlewares/ST/filex/common/src/fx_unicode_directory_rename.c ****             /* Yes, the directory name already exists in the target location.  */
 217:Middlewares/ST/filex/common/src/fx_unicode_directory_rename.c **** 
 218:Middlewares/ST/filex/common/src/fx_unicode_directory_rename.c ****             /* Release media protection.  */
 219:Middlewares/ST/filex/common/src/fx_unicode_directory_rename.c ****             FX_UNPROTECT
 220:Middlewares/ST/filex/common/src/fx_unicode_directory_rename.c **** 
 221:Middlewares/ST/filex/common/src/fx_unicode_directory_rename.c ****             /* Return the error code.  */
 222:Middlewares/ST/filex/common/src/fx_unicode_directory_rename.c ****             return(FX_ALREADY_CREATED);
 223:Middlewares/ST/filex/common/src/fx_unicode_directory_rename.c ****          }
 224:Middlewares/ST/filex/common/src/fx_unicode_directory_rename.c ****     }
 225:Middlewares/ST/filex/common/src/fx_unicode_directory_rename.c **** 
 226:Middlewares/ST/filex/common/src/fx_unicode_directory_rename.c **** #ifdef FX_ENABLE_FAULT_TOLERANT
 227:Middlewares/ST/filex/common/src/fx_unicode_directory_rename.c ****     /* Start transaction. */
 228:Middlewares/ST/filex/common/src/fx_unicode_directory_rename.c ****     _fx_fault_tolerant_transaction_start(media_ptr);
 229:Middlewares/ST/filex/common/src/fx_unicode_directory_rename.c **** #endif /* FX_ENABLE_FAULT_TOLERANT */
 230:Middlewares/ST/filex/common/src/fx_unicode_directory_rename.c **** 
 231:Middlewares/ST/filex/common/src/fx_unicode_directory_rename.c ****     /* Okay, at this point we need to create a new long directory name that has enough space for th
 232:Middlewares/ST/filex/common/src/fx_unicode_directory_rename.c ****        eventual unicode directory name.  */
 233:Middlewares/ST/filex/common/src/fx_unicode_directory_rename.c **** 
 234:Middlewares/ST/filex/common/src/fx_unicode_directory_rename.c ****     /* Copy the characters from the unicode directory name and make sure they are
 235:Middlewares/ST/filex/common/src/fx_unicode_directory_rename.c ****        within the ASCII range.  */
 236:Middlewares/ST/filex/common/src/fx_unicode_directory_rename.c ****     _fx_unicode_temp_long_file_name[0] =  'z';
 237:Middlewares/ST/filex/common/src/fx_unicode_directory_rename.c ****     for (i = 1; i < new_unicode_length; i++)
 238:Middlewares/ST/filex/common/src/fx_unicode_directory_rename.c ****     {
 239:Middlewares/ST/filex/common/src/fx_unicode_directory_rename.c **** 
 240:Middlewares/ST/filex/common/src/fx_unicode_directory_rename.c ****         /* Build temporary long file name.  */
 241:Middlewares/ST/filex/common/src/fx_unicode_directory_rename.c ****         _fx_unicode_temp_long_file_name[i] =  (UCHAR)((UINT)'0' + (i % 9));
 242:Middlewares/ST/filex/common/src/fx_unicode_directory_rename.c ****     }
 243:Middlewares/ST/filex/common/src/fx_unicode_directory_rename.c ****     _fx_unicode_temp_long_file_name[i] =  FX_NULL;
 244:Middlewares/ST/filex/common/src/fx_unicode_directory_rename.c **** 
 245:Middlewares/ST/filex/common/src/fx_unicode_directory_rename.c ****     /* Loop to try different temp long file names... if necessary.  */
 246:Middlewares/ST/filex/common/src/fx_unicode_directory_rename.c ****     do
 247:Middlewares/ST/filex/common/src/fx_unicode_directory_rename.c ****     {
 248:Middlewares/ST/filex/common/src/fx_unicode_directory_rename.c **** 
 249:Middlewares/ST/filex/common/src/fx_unicode_directory_rename.c ****         /* Rename the directory name.  */
 250:Middlewares/ST/filex/common/src/fx_unicode_directory_rename.c ****         status =  _fx_directory_rename(media_ptr, old_dir_short_name, (CHAR *)_fx_unicode_temp_long
 251:Middlewares/ST/filex/common/src/fx_unicode_directory_rename.c **** 
 252:Middlewares/ST/filex/common/src/fx_unicode_directory_rename.c ****         /* Determine if there was an error.  */
 253:Middlewares/ST/filex/common/src/fx_unicode_directory_rename.c ****         if (status == FX_ALREADY_CREATED)
 254:Middlewares/ST/filex/common/src/fx_unicode_directory_rename.c ****         {
 255:Middlewares/ST/filex/common/src/fx_unicode_directory_rename.c **** 
 256:Middlewares/ST/filex/common/src/fx_unicode_directory_rename.c ****             /* Adjust the name slightly and try again!  */
 257:Middlewares/ST/filex/common/src/fx_unicode_directory_rename.c ****             _fx_unicode_temp_long_file_name[0]--;
 258:Middlewares/ST/filex/common/src/fx_unicode_directory_rename.c **** 
 259:Middlewares/ST/filex/common/src/fx_unicode_directory_rename.c ****             /* Determine if it is outside the lower case boundary.  */
 260:Middlewares/ST/filex/common/src/fx_unicode_directory_rename.c ****             if (_fx_unicode_temp_long_file_name[0] < 0x61)
 261:Middlewares/ST/filex/common/src/fx_unicode_directory_rename.c ****             {
 262:Middlewares/ST/filex/common/src/fx_unicode_directory_rename.c ****                 break;
ARM GAS  /tmp/cccN2rZB.s 			page 7


 263:Middlewares/ST/filex/common/src/fx_unicode_directory_rename.c ****             }
 264:Middlewares/ST/filex/common/src/fx_unicode_directory_rename.c ****         }
 265:Middlewares/ST/filex/common/src/fx_unicode_directory_rename.c ****     } while (status == FX_ALREADY_CREATED);
 266:Middlewares/ST/filex/common/src/fx_unicode_directory_rename.c **** 
 267:Middlewares/ST/filex/common/src/fx_unicode_directory_rename.c ****     /* Determine if there was an error.  */
 268:Middlewares/ST/filex/common/src/fx_unicode_directory_rename.c ****     if (status)
 269:Middlewares/ST/filex/common/src/fx_unicode_directory_rename.c ****     {
 270:Middlewares/ST/filex/common/src/fx_unicode_directory_rename.c **** 
 271:Middlewares/ST/filex/common/src/fx_unicode_directory_rename.c **** #ifdef FX_ENABLE_FAULT_TOLERANT
 272:Middlewares/ST/filex/common/src/fx_unicode_directory_rename.c ****         FX_FAULT_TOLERANT_TRANSACTION_FAIL(media_ptr);
 273:Middlewares/ST/filex/common/src/fx_unicode_directory_rename.c **** #endif /* FX_ENABLE_FAULT_TOLERANT */
 274:Middlewares/ST/filex/common/src/fx_unicode_directory_rename.c **** 
 275:Middlewares/ST/filex/common/src/fx_unicode_directory_rename.c ****         /* Release media protection.  */
 276:Middlewares/ST/filex/common/src/fx_unicode_directory_rename.c ****         FX_UNPROTECT
 277:Middlewares/ST/filex/common/src/fx_unicode_directory_rename.c **** 
 278:Middlewares/ST/filex/common/src/fx_unicode_directory_rename.c ****         /* Return error.  */
 279:Middlewares/ST/filex/common/src/fx_unicode_directory_rename.c ****         return(status);
 280:Middlewares/ST/filex/common/src/fx_unicode_directory_rename.c ****     }
 281:Middlewares/ST/filex/common/src/fx_unicode_directory_rename.c **** 
 282:Middlewares/ST/filex/common/src/fx_unicode_directory_rename.c ****     /* Setup pointer to media name buffer.  */
 283:Middlewares/ST/filex/common/src/fx_unicode_directory_rename.c ****     dir_entry.fx_dir_entry_name =  media_ptr -> fx_media_name_buffer + FX_MAX_LONG_NAME_LEN;
 284:Middlewares/ST/filex/common/src/fx_unicode_directory_rename.c **** 
 285:Middlewares/ST/filex/common/src/fx_unicode_directory_rename.c ****     /* Clear the short name string.  */
 286:Middlewares/ST/filex/common/src/fx_unicode_directory_rename.c ****     dir_entry.fx_dir_entry_short_name[0] =  FX_NULL;
 287:Middlewares/ST/filex/common/src/fx_unicode_directory_rename.c **** 
 288:Middlewares/ST/filex/common/src/fx_unicode_directory_rename.c ****     /* Search the system for the supplied file name.  */
 289:Middlewares/ST/filex/common/src/fx_unicode_directory_rename.c ****     status =  _fx_directory_search(media_ptr, (CHAR *)_fx_unicode_temp_long_file_name, &dir_entry, 
 290:Middlewares/ST/filex/common/src/fx_unicode_directory_rename.c **** 
 291:Middlewares/ST/filex/common/src/fx_unicode_directory_rename.c ****     /* Determine if the search was successful.  */
 292:Middlewares/ST/filex/common/src/fx_unicode_directory_rename.c ****     if (status != FX_SUCCESS)
 293:Middlewares/ST/filex/common/src/fx_unicode_directory_rename.c ****     {
 294:Middlewares/ST/filex/common/src/fx_unicode_directory_rename.c **** 
 295:Middlewares/ST/filex/common/src/fx_unicode_directory_rename.c **** #ifdef FX_ENABLE_FAULT_TOLERANT
 296:Middlewares/ST/filex/common/src/fx_unicode_directory_rename.c ****         FX_FAULT_TOLERANT_TRANSACTION_FAIL(media_ptr);
 297:Middlewares/ST/filex/common/src/fx_unicode_directory_rename.c **** #endif /* FX_ENABLE_FAULT_TOLERANT */
 298:Middlewares/ST/filex/common/src/fx_unicode_directory_rename.c **** 
 299:Middlewares/ST/filex/common/src/fx_unicode_directory_rename.c ****         /* Release media protection.  */
 300:Middlewares/ST/filex/common/src/fx_unicode_directory_rename.c ****         FX_UNPROTECT
 301:Middlewares/ST/filex/common/src/fx_unicode_directory_rename.c **** 
 302:Middlewares/ST/filex/common/src/fx_unicode_directory_rename.c ****         /* Return the error status.  */
 303:Middlewares/ST/filex/common/src/fx_unicode_directory_rename.c ****         return(status);
 304:Middlewares/ST/filex/common/src/fx_unicode_directory_rename.c ****     }
 305:Middlewares/ST/filex/common/src/fx_unicode_directory_rename.c **** 
 306:Middlewares/ST/filex/common/src/fx_unicode_directory_rename.c ****     /* We can now change the temporary long file name with the destination unicode name.  */
 307:Middlewares/ST/filex/common/src/fx_unicode_directory_rename.c ****     status = _fx_unicode_directory_entry_change(media_ptr, &dir_entry, new_unicode_name, new_unicod
 308:Middlewares/ST/filex/common/src/fx_unicode_directory_rename.c **** 
 309:Middlewares/ST/filex/common/src/fx_unicode_directory_rename.c ****     /* Determine if the rename was successful.  */
 310:Middlewares/ST/filex/common/src/fx_unicode_directory_rename.c ****     if (status == FX_SUCCESS)
 311:Middlewares/ST/filex/common/src/fx_unicode_directory_rename.c ****     {
 312:Middlewares/ST/filex/common/src/fx_unicode_directory_rename.c **** 
 313:Middlewares/ST/filex/common/src/fx_unicode_directory_rename.c ****         /* Yes, copy the short file name to the destination.  */
 314:Middlewares/ST/filex/common/src/fx_unicode_directory_rename.c ****         /* The new short name only have 8 characters, since we didn't include a dot in temp_long_fi
 315:Middlewares/ST/filex/common/src/fx_unicode_directory_rename.c ****         for (i = 0; i < FX_DIR_NAME_SIZE; i++)
 316:Middlewares/ST/filex/common/src/fx_unicode_directory_rename.c ****         {
 317:Middlewares/ST/filex/common/src/fx_unicode_directory_rename.c **** 
 318:Middlewares/ST/filex/common/src/fx_unicode_directory_rename.c ****             /* Copy a character.  */
 319:Middlewares/ST/filex/common/src/fx_unicode_directory_rename.c ****             new_short_name[i] =  dir_entry.fx_dir_entry_short_name[i];
ARM GAS  /tmp/cccN2rZB.s 			page 8


 320:Middlewares/ST/filex/common/src/fx_unicode_directory_rename.c **** 
 321:Middlewares/ST/filex/common/src/fx_unicode_directory_rename.c ****             /* Are we done?  */
 322:Middlewares/ST/filex/common/src/fx_unicode_directory_rename.c ****             if (new_short_name[i] == FX_NULL)
 323:Middlewares/ST/filex/common/src/fx_unicode_directory_rename.c ****             {
 324:Middlewares/ST/filex/common/src/fx_unicode_directory_rename.c ****                 break;
 325:Middlewares/ST/filex/common/src/fx_unicode_directory_rename.c ****             }
 326:Middlewares/ST/filex/common/src/fx_unicode_directory_rename.c ****         }
 327:Middlewares/ST/filex/common/src/fx_unicode_directory_rename.c ****     }
 328:Middlewares/ST/filex/common/src/fx_unicode_directory_rename.c **** 
 329:Middlewares/ST/filex/common/src/fx_unicode_directory_rename.c **** #ifdef FX_ENABLE_FAULT_TOLERANT
 330:Middlewares/ST/filex/common/src/fx_unicode_directory_rename.c ****     /* Check for a bad status.  */
 331:Middlewares/ST/filex/common/src/fx_unicode_directory_rename.c ****     if (status != FX_SUCCESS)
 332:Middlewares/ST/filex/common/src/fx_unicode_directory_rename.c ****     {
 333:Middlewares/ST/filex/common/src/fx_unicode_directory_rename.c **** 
 334:Middlewares/ST/filex/common/src/fx_unicode_directory_rename.c ****         FX_FAULT_TOLERANT_TRANSACTION_FAIL(media_ptr);
 335:Middlewares/ST/filex/common/src/fx_unicode_directory_rename.c **** 
 336:Middlewares/ST/filex/common/src/fx_unicode_directory_rename.c ****         /* Release media protection.  */
 337:Middlewares/ST/filex/common/src/fx_unicode_directory_rename.c ****         FX_UNPROTECT
 338:Middlewares/ST/filex/common/src/fx_unicode_directory_rename.c **** 
 339:Middlewares/ST/filex/common/src/fx_unicode_directory_rename.c ****         /* Return the bad status.  */
 340:Middlewares/ST/filex/common/src/fx_unicode_directory_rename.c ****         return(status);
 341:Middlewares/ST/filex/common/src/fx_unicode_directory_rename.c ****     }
 342:Middlewares/ST/filex/common/src/fx_unicode_directory_rename.c **** 
 343:Middlewares/ST/filex/common/src/fx_unicode_directory_rename.c ****     /* End transaction. */
 344:Middlewares/ST/filex/common/src/fx_unicode_directory_rename.c ****     status = _fx_fault_tolerant_transaction_end(media_ptr);
 345:Middlewares/ST/filex/common/src/fx_unicode_directory_rename.c **** #endif /* FX_ENABLE_FAULT_TOLERANT */
 346:Middlewares/ST/filex/common/src/fx_unicode_directory_rename.c **** 
 347:Middlewares/ST/filex/common/src/fx_unicode_directory_rename.c ****     /* Release the protection.  */
 348:Middlewares/ST/filex/common/src/fx_unicode_directory_rename.c ****     FX_UNPROTECT
 349:Middlewares/ST/filex/common/src/fx_unicode_directory_rename.c **** 
 350:Middlewares/ST/filex/common/src/fx_unicode_directory_rename.c ****     /* Return completion status.  */
 351:Middlewares/ST/filex/common/src/fx_unicode_directory_rename.c ****     return(status);
 352:Middlewares/ST/filex/common/src/fx_unicode_directory_rename.c **** }
  82              		.loc 1 352 1 view .LVU19
  83 0024 4846     		mov	r0, r9
  84 0026 2BB0     		add	sp, sp, #172
  85              	.LCFI2:
  86              		.cfi_remember_state
  87              		.cfi_def_cfa_offset 36
  88              		@ sp needed
  89 0028 BDE8F08F 		pop	{r4, r5, r6, r7, r8, r9, r10, fp, pc}
  90              	.LVL4:
  91              	.L24:
  92              	.LCFI3:
  93              		.cfi_restore_state
  94              		.loc 1 352 1 view .LVU20
  95 002c 0546     		mov	r5, r0
  96 002e 8A46     		mov	r10, r1
 127:Middlewares/ST/filex/common/src/fx_unicode_directory_rename.c **** 
  97              		.loc 1 127 5 is_stmt 1 view .LVU21
 127:Middlewares/ST/filex/common/src/fx_unicode_directory_rename.c **** 
  98              		.loc 1 127 14 is_stmt 0 view .LVU22
  99 0030 09AB     		add	r3, sp, #36
 100 0032 5A46     		mov	r2, fp
 101 0034 FFF7FEFF 		bl	_fx_unicode_short_name_get
 102              	.LVL5:
 130:Middlewares/ST/filex/common/src/fx_unicode_directory_rename.c ****     {
ARM GAS  /tmp/cccN2rZB.s 			page 9


 103              		.loc 1 130 5 is_stmt 1 view .LVU23
 130:Middlewares/ST/filex/common/src/fx_unicode_directory_rename.c ****     {
 104              		.loc 1 130 8 is_stmt 0 view .LVU24
 105 0038 8146     		mov	r9, r0
 106 003a 0028     		cmp	r0, #0
 107 003c F2D1     		bne	.L1
 138:Middlewares/ST/filex/common/src/fx_unicode_directory_rename.c **** 
 108              		.loc 1 138 5 is_stmt 1 view .LVU25
 109 003e 2A68     		ldr	r2, [r5]
 110 0040 5A4B     		ldr	r3, .L28
 111 0042 9A42     		cmp	r2, r3
 112 0044 02D0     		beq	.L25
 138:Middlewares/ST/filex/common/src/fx_unicode_directory_rename.c **** 
 113              		.loc 1 138 5 is_stmt 0 discriminator 1 view .LVU26
 114 0046 4FF01109 		mov	r9, #17
 115 004a EBE7     		b	.L1
 116              	.L25:
 138:Middlewares/ST/filex/common/src/fx_unicode_directory_rename.c **** 
 117              		.loc 1 138 5 is_stmt 1 discriminator 2 view .LVU27
 118 004c 05F5E477 		add	r7, r5, #456
 119 0050 4FF0FF31 		mov	r1, #-1
 120 0054 3846     		mov	r0, r7
 121              	.LVL6:
 138:Middlewares/ST/filex/common/src/fx_unicode_directory_rename.c **** 
 122              		.loc 1 138 5 is_stmt 0 discriminator 2 view .LVU28
 123 0056 FFF7FEFF 		bl	_tx_mutex_get
 124              	.LVL7:
 138:Middlewares/ST/filex/common/src/fx_unicode_directory_rename.c **** 
 125              		.loc 1 138 5 discriminator 1 view .LVU29
 126 005a 0028     		cmp	r0, #0
 127 005c 40F0A280 		bne	.L21
 141:Middlewares/ST/filex/common/src/fx_unicode_directory_rename.c **** 
 128              		.loc 1 141 5 is_stmt 1 view .LVU30
 141:Middlewares/ST/filex/common/src/fx_unicode_directory_rename.c **** 
 129              		.loc 1 141 17 is_stmt 0 view .LVU31
 130 0060 349B     		ldr	r3, [sp, #208]
 131 0062 0D93     		str	r3, [sp, #52]
 144:Middlewares/ST/filex/common/src/fx_unicode_directory_rename.c **** 
 132              		.loc 1 144 5 is_stmt 1 view .LVU32
 144:Middlewares/ST/filex/common/src/fx_unicode_directory_rename.c **** 
 133              		.loc 1 144 70 is_stmt 0 view .LVU33
 134 0064 05F69C18 		addw	r8, r5, #2460
 144:Middlewares/ST/filex/common/src/fx_unicode_directory_rename.c **** 
 135              		.loc 1 144 33 view .LVU34
 136 0068 CDF83880 		str	r8, [sp, #56]
 147:Middlewares/ST/filex/common/src/fx_unicode_directory_rename.c **** 
 137              		.loc 1 147 5 is_stmt 1 view .LVU35
 147:Middlewares/ST/filex/common/src/fx_unicode_directory_rename.c **** 
 138              		.loc 1 147 42 is_stmt 0 view .LVU36
 139 006c 0023     		movs	r3, #0
 140 006e 8DF83C30 		strb	r3, [sp, #60]
 150:Middlewares/ST/filex/common/src/fx_unicode_directory_rename.c **** 
 141              		.loc 1 150 5 is_stmt 1 view .LVU37
 150:Middlewares/ST/filex/common/src/fx_unicode_directory_rename.c **** 
 142              		.loc 1 150 15 is_stmt 0 view .LVU38
 143 0072 0293     		str	r3, [sp, #8]
 144 0074 0DAB     		add	r3, sp, #52
ARM GAS  /tmp/cccN2rZB.s 			page 10


 145 0076 0193     		str	r3, [sp, #4]
 146 0078 0096     		str	r6, [sp]
 147 007a 0D23     		movs	r3, #13
 148 007c 05AA     		add	r2, sp, #20
 149 007e 0EA9     		add	r1, sp, #56
 150 0080 2846     		mov	r0, r5
 151 0082 FFF7FEFF 		bl	_fx_unicode_directory_search
 152              	.LVL8:
 153:Middlewares/ST/filex/common/src/fx_unicode_directory_rename.c ****     {
 153              		.loc 1 153 5 is_stmt 1 view .LVU39
 153:Middlewares/ST/filex/common/src/fx_unicode_directory_rename.c ****     {
 154              		.loc 1 153 8 is_stmt 0 view .LVU40
 155 0086 8446     		mov	ip, r0
 156 0088 90BB     		cbnz	r0, .L3
 157:Middlewares/ST/filex/common/src/fx_unicode_directory_rename.c ****         {
 157              		.loc 1 157 9 is_stmt 1 view .LVU41
 157:Middlewares/ST/filex/common/src/fx_unicode_directory_rename.c ****         {
 158              		.loc 1 157 12 is_stmt 0 view .LVU42
 159 008a 349B     		ldr	r3, [sp, #208]
 160 008c 9B45     		cmp	fp, r3
 161 008e 11D0     		beq	.L8
 162              	.LVL9:
 163              	.L4:
 219:Middlewares/ST/filex/common/src/fx_unicode_directory_rename.c **** 
 164              		.loc 1 219 13 is_stmt 1 view .LVU43
 165 0090 3846     		mov	r0, r7
 166 0092 FFF7FEFF 		bl	_tx_mutex_put
 167              	.LVL10:
 222:Middlewares/ST/filex/common/src/fx_unicode_directory_rename.c ****          }
 168              		.loc 1 222 13 view .LVU44
 222:Middlewares/ST/filex/common/src/fx_unicode_directory_rename.c ****          }
 169              		.loc 1 222 19 is_stmt 0 view .LVU45
 170 0096 4FF00B09 		mov	r9, #11
 171 009a C3E7     		b	.L1
 172              	.LVL11:
 173              	.L6:
 183:Middlewares/ST/filex/common/src/fx_unicode_directory_rename.c ****                 {
 174              		.loc 1 183 17 is_stmt 1 view .LVU46
 183:Middlewares/ST/filex/common/src/fx_unicode_directory_rename.c ****                 {
 175              		.loc 1 183 20 is_stmt 0 view .LVU47
 176 009c 9142     		cmp	r1, r2
 177 009e 25D1     		bne	.L7
 191:Middlewares/ST/filex/common/src/fx_unicode_directory_rename.c ****                 beta =   new_unicode_name[i * 2 + 1];
 178              		.loc 1 191 17 is_stmt 1 view .LVU48
 191:Middlewares/ST/filex/common/src/fx_unicode_directory_rename.c ****                 beta =   new_unicode_name[i * 2 + 1];
 179              		.loc 1 191 41 is_stmt 0 view .LVU49
 180 00a0 0133     		adds	r3, r3, #1
 191:Middlewares/ST/filex/common/src/fx_unicode_directory_rename.c ****                 beta =   new_unicode_name[i * 2 + 1];
 181              		.loc 1 191 23 view .LVU50
 182 00a2 1AF80310 		ldrb	r1, [r10, r3]	@ zero_extendqisi2
 183              	.LVL12:
 192:Middlewares/ST/filex/common/src/fx_unicode_directory_rename.c **** 
 184              		.loc 1 192 17 is_stmt 1 view .LVU51
 192:Middlewares/ST/filex/common/src/fx_unicode_directory_rename.c **** 
 185              		.loc 1 192 22 is_stmt 0 view .LVU52
 186 00a6 F25C     		ldrb	r2, [r6, r3]	@ zero_extendqisi2
 187              	.LVL13:
ARM GAS  /tmp/cccN2rZB.s 			page 11


 195:Middlewares/ST/filex/common/src/fx_unicode_directory_rename.c ****                 {
 188              		.loc 1 195 17 is_stmt 1 view .LVU53
 195:Middlewares/ST/filex/common/src/fx_unicode_directory_rename.c ****                 {
 189              		.loc 1 195 20 is_stmt 0 view .LVU54
 190 00a8 9142     		cmp	r1, r2
 191 00aa 1FD1     		bne	.L7
 203:Middlewares/ST/filex/common/src/fx_unicode_directory_rename.c ****             } while (i < old_unicode_length);
 192              		.loc 1 203 17 is_stmt 1 view .LVU55
 203:Middlewares/ST/filex/common/src/fx_unicode_directory_rename.c ****             } while (i < old_unicode_length);
 193              		.loc 1 203 18 is_stmt 0 view .LVU56
 194 00ac 0CF1010C 		add	ip, ip, #1
 195              	.LVL14:
 204:Middlewares/ST/filex/common/src/fx_unicode_directory_rename.c ****         }
 196              		.loc 1 204 24 is_stmt 1 view .LVU57
 197 00b0 E345     		cmp	fp, ip
 198 00b2 1BD9     		bls	.L7
 199              	.LVL15:
 200              	.L8:
 163:Middlewares/ST/filex/common/src/fx_unicode_directory_rename.c ****             {
 201              		.loc 1 163 13 view .LVU58
 167:Middlewares/ST/filex/common/src/fx_unicode_directory_rename.c ****                 if ((alpha >= 'a') && (alpha <= 'z') && (old_unicode_name[i * 2 + 1] == 0))
 202              		.loc 1 167 17 view .LVU59
 167:Middlewares/ST/filex/common/src/fx_unicode_directory_rename.c ****                 if ((alpha >= 'a') && (alpha <= 'z') && (old_unicode_name[i * 2 + 1] == 0))
 203              		.loc 1 167 45 is_stmt 0 view .LVU60
 204 00b4 4FEA4C03 		lsl	r3, ip, #1
 167:Middlewares/ST/filex/common/src/fx_unicode_directory_rename.c ****                 if ((alpha >= 'a') && (alpha <= 'z') && (old_unicode_name[i * 2 + 1] == 0))
 205              		.loc 1 167 23 view .LVU61
 206 00b8 1AF81C10 		ldrb	r1, [r10, ip, lsl #1]	@ zero_extendqisi2
 207              	.LVL16:
 168:Middlewares/ST/filex/common/src/fx_unicode_directory_rename.c ****                 {
 208              		.loc 1 168 17 is_stmt 1 view .LVU62
 168:Middlewares/ST/filex/common/src/fx_unicode_directory_rename.c ****                 {
 209              		.loc 1 168 36 is_stmt 0 view .LVU63
 210 00bc A1F16102 		sub	r2, r1, #97
 211 00c0 D2B2     		uxtb	r2, r2
 168:Middlewares/ST/filex/common/src/fx_unicode_directory_rename.c ****                 {
 212              		.loc 1 168 20 view .LVU64
 213 00c2 192A     		cmp	r2, #25
 214 00c4 05D8     		bhi	.L5
 168:Middlewares/ST/filex/common/src/fx_unicode_directory_rename.c ****                 {
 215              		.loc 1 168 74 discriminator 1 view .LVU65
 216 00c6 0AEB0302 		add	r2, r10, r3
 217 00ca 5278     		ldrb	r2, [r2, #1]	@ zero_extendqisi2
 168:Middlewares/ST/filex/common/src/fx_unicode_directory_rename.c ****                 {
 218              		.loc 1 168 54 discriminator 1 view .LVU66
 219 00cc 0AB9     		cbnz	r2, .L5
 172:Middlewares/ST/filex/common/src/fx_unicode_directory_rename.c ****                 }
 220              		.loc 1 172 21 is_stmt 1 view .LVU67
 172:Middlewares/ST/filex/common/src/fx_unicode_directory_rename.c ****                 }
 221              		.loc 1 172 27 is_stmt 0 view .LVU68
 222 00ce 2039     		subs	r1, r1, #32
 223              	.LVL17:
 172:Middlewares/ST/filex/common/src/fx_unicode_directory_rename.c ****                 }
 224              		.loc 1 172 27 view .LVU69
 225 00d0 C9B2     		uxtb	r1, r1
 226              	.LVL18:
 227              	.L5:
ARM GAS  /tmp/cccN2rZB.s 			page 12


 174:Middlewares/ST/filex/common/src/fx_unicode_directory_rename.c ****                 if ((beta >= 'a') && (beta <= 'z') && (new_unicode_name[i * 2 + 1] == 0))
 228              		.loc 1 174 17 is_stmt 1 view .LVU70
 174:Middlewares/ST/filex/common/src/fx_unicode_directory_rename.c ****                 if ((beta >= 'a') && (beta <= 'z') && (new_unicode_name[i * 2 + 1] == 0))
 229              		.loc 1 174 22 is_stmt 0 view .LVU71
 230 00d2 F25C     		ldrb	r2, [r6, r3]	@ zero_extendqisi2
 231              	.LVL19:
 175:Middlewares/ST/filex/common/src/fx_unicode_directory_rename.c ****                 {
 232              		.loc 1 175 17 is_stmt 1 view .LVU72
 175:Middlewares/ST/filex/common/src/fx_unicode_directory_rename.c ****                 {
 233              		.loc 1 175 35 is_stmt 0 view .LVU73
 234 00d4 A2F16100 		sub	r0, r2, #97
 235 00d8 C0B2     		uxtb	r0, r0
 175:Middlewares/ST/filex/common/src/fx_unicode_directory_rename.c ****                 {
 236              		.loc 1 175 20 view .LVU74
 237 00da 1928     		cmp	r0, #25
 238 00dc DED8     		bhi	.L6
 175:Middlewares/ST/filex/common/src/fx_unicode_directory_rename.c ****                 {
 239              		.loc 1 175 72 discriminator 1 view .LVU75
 240 00de F018     		adds	r0, r6, r3
 241 00e0 4078     		ldrb	r0, [r0, #1]	@ zero_extendqisi2
 175:Middlewares/ST/filex/common/src/fx_unicode_directory_rename.c ****                 {
 242              		.loc 1 175 52 discriminator 1 view .LVU76
 243 00e2 0028     		cmp	r0, #0
 244 00e4 DAD1     		bne	.L6
 179:Middlewares/ST/filex/common/src/fx_unicode_directory_rename.c ****                 }
 245              		.loc 1 179 21 is_stmt 1 view .LVU77
 179:Middlewares/ST/filex/common/src/fx_unicode_directory_rename.c ****                 }
 246              		.loc 1 179 26 is_stmt 0 view .LVU78
 247 00e6 203A     		subs	r2, r2, #32
 248              	.LVL20:
 179:Middlewares/ST/filex/common/src/fx_unicode_directory_rename.c ****                 }
 249              		.loc 1 179 26 view .LVU79
 250 00e8 D2B2     		uxtb	r2, r2
 251              	.LVL21:
 179:Middlewares/ST/filex/common/src/fx_unicode_directory_rename.c ****                 }
 252              		.loc 1 179 26 view .LVU80
 253 00ea D7E7     		b	.L6
 254              	.L7:
 213:Middlewares/ST/filex/common/src/fx_unicode_directory_rename.c ****         {
 255              		.loc 1 213 9 is_stmt 1 view .LVU81
 213:Middlewares/ST/filex/common/src/fx_unicode_directory_rename.c ****         {
 256              		.loc 1 213 12 is_stmt 0 view .LVU82
 257 00ec 9142     		cmp	r1, r2
 258 00ee CFD1     		bne	.L4
 259              	.LVL22:
 260              	.L3:
 236:Middlewares/ST/filex/common/src/fx_unicode_directory_rename.c ****     for (i = 1; i < new_unicode_length; i++)
 261              		.loc 1 236 5 is_stmt 1 view .LVU83
 236:Middlewares/ST/filex/common/src/fx_unicode_directory_rename.c ****     for (i = 1; i < new_unicode_length; i++)
 262              		.loc 1 236 40 is_stmt 0 view .LVU84
 263 00f0 2F4B     		ldr	r3, .L28+4
 264 00f2 7A22     		movs	r2, #122
 265 00f4 1A70     		strb	r2, [r3]
 237:Middlewares/ST/filex/common/src/fx_unicode_directory_rename.c ****     {
 266              		.loc 1 237 5 is_stmt 1 view .LVU85
 267              	.LVL23:
 237:Middlewares/ST/filex/common/src/fx_unicode_directory_rename.c ****     {
ARM GAS  /tmp/cccN2rZB.s 			page 13


 268              		.loc 1 237 12 is_stmt 0 view .LVU86
 269 00f6 0123     		movs	r3, #1
 237:Middlewares/ST/filex/common/src/fx_unicode_directory_rename.c ****     {
 270              		.loc 1 237 5 view .LVU87
 271 00f8 0AE0     		b	.L9
 272              	.LVL24:
 273              	.L10:
 241:Middlewares/ST/filex/common/src/fx_unicode_directory_rename.c ****     }
 274              		.loc 1 241 9 is_stmt 1 view .LVU88
 241:Middlewares/ST/filex/common/src/fx_unicode_directory_rename.c ****     }
 275              		.loc 1 241 70 is_stmt 0 view .LVU89
 276 00fa 2E49     		ldr	r1, .L28+8
 277 00fc A1FB0321 		umull	r2, r1, r1, r3
 278 0100 4908     		lsrs	r1, r1, #1
 279 0102 01EBC101 		add	r1, r1, r1, lsl #3
 280 0106 591A     		subs	r1, r3, r1
 241:Middlewares/ST/filex/common/src/fx_unicode_directory_rename.c ****     }
 281              		.loc 1 241 47 view .LVU90
 282 0108 3031     		adds	r1, r1, #48
 241:Middlewares/ST/filex/common/src/fx_unicode_directory_rename.c ****     }
 283              		.loc 1 241 44 view .LVU91
 284 010a 294A     		ldr	r2, .L28+4
 285 010c D154     		strb	r1, [r2, r3]
 237:Middlewares/ST/filex/common/src/fx_unicode_directory_rename.c ****     {
 286              		.loc 1 237 42 is_stmt 1 discriminator 3 view .LVU92
 287 010e 0133     		adds	r3, r3, #1
 288              	.LVL25:
 289              	.L9:
 237:Middlewares/ST/filex/common/src/fx_unicode_directory_rename.c ****     {
 290              		.loc 1 237 19 discriminator 1 view .LVU93
 291 0110 349A     		ldr	r2, [sp, #208]
 292 0112 9342     		cmp	r3, r2
 293 0114 F1D3     		bcc	.L10
 243:Middlewares/ST/filex/common/src/fx_unicode_directory_rename.c **** 
 294              		.loc 1 243 5 view .LVU94
 243:Middlewares/ST/filex/common/src/fx_unicode_directory_rename.c **** 
 295              		.loc 1 243 40 is_stmt 0 view .LVU95
 296 0116 264A     		ldr	r2, .L28+4
 297 0118 0021     		movs	r1, #0
 298 011a D154     		strb	r1, [r2, r3]
 299 011c 02E0     		b	.L13
 300              	.LVL26:
 301              	.L11:
 265:Middlewares/ST/filex/common/src/fx_unicode_directory_rename.c **** 
 302              		.loc 1 265 21 is_stmt 1 view .LVU96
 303 011e B9F10B0F 		cmp	r9, #11
 304 0122 0ED1     		bne	.L12
 305              	.LVL27:
 306              	.L13:
 246:Middlewares/ST/filex/common/src/fx_unicode_directory_rename.c ****     {
 307              		.loc 1 246 5 view .LVU97
 250:Middlewares/ST/filex/common/src/fx_unicode_directory_rename.c **** 
 308              		.loc 1 250 9 view .LVU98
 250:Middlewares/ST/filex/common/src/fx_unicode_directory_rename.c **** 
 309              		.loc 1 250 19 is_stmt 0 view .LVU99
 310 0124 224A     		ldr	r2, .L28+4
 311 0126 09A9     		add	r1, sp, #36
ARM GAS  /tmp/cccN2rZB.s 			page 14


 312 0128 2846     		mov	r0, r5
 313 012a FFF7FEFF 		bl	_fx_directory_rename
 314              	.LVL28:
 315 012e 8146     		mov	r9, r0
 316              	.LVL29:
 253:Middlewares/ST/filex/common/src/fx_unicode_directory_rename.c ****         {
 317              		.loc 1 253 9 is_stmt 1 view .LVU100
 253:Middlewares/ST/filex/common/src/fx_unicode_directory_rename.c ****         {
 318              		.loc 1 253 12 is_stmt 0 view .LVU101
 319 0130 0B28     		cmp	r0, #11
 320 0132 F4D1     		bne	.L11
 257:Middlewares/ST/filex/common/src/fx_unicode_directory_rename.c **** 
 321              		.loc 1 257 13 is_stmt 1 view .LVU102
 257:Middlewares/ST/filex/common/src/fx_unicode_directory_rename.c **** 
 322              		.loc 1 257 44 is_stmt 0 view .LVU103
 323 0134 1E4A     		ldr	r2, .L28+4
 324 0136 1378     		ldrb	r3, [r2]	@ zero_extendqisi2
 257:Middlewares/ST/filex/common/src/fx_unicode_directory_rename.c **** 
 325              		.loc 1 257 47 view .LVU104
 326 0138 013B     		subs	r3, r3, #1
 327 013a DBB2     		uxtb	r3, r3
 328 013c 1370     		strb	r3, [r2]
 260:Middlewares/ST/filex/common/src/fx_unicode_directory_rename.c ****             {
 329              		.loc 1 260 13 is_stmt 1 view .LVU105
 260:Middlewares/ST/filex/common/src/fx_unicode_directory_rename.c ****             {
 330              		.loc 1 260 16 is_stmt 0 view .LVU106
 331 013e 602B     		cmp	r3, #96
 332 0140 EDD8     		bhi	.L11
 333              	.L12:
 268:Middlewares/ST/filex/common/src/fx_unicode_directory_rename.c ****     {
 334              		.loc 1 268 5 is_stmt 1 view .LVU107
 268:Middlewares/ST/filex/common/src/fx_unicode_directory_rename.c ****     {
 335              		.loc 1 268 8 is_stmt 0 view .LVU108
 336 0142 B9F1000F 		cmp	r9, #0
 337 0146 18D1     		bne	.L26
 283:Middlewares/ST/filex/common/src/fx_unicode_directory_rename.c **** 
 338              		.loc 1 283 5 is_stmt 1 view .LVU109
 283:Middlewares/ST/filex/common/src/fx_unicode_directory_rename.c **** 
 339              		.loc 1 283 33 is_stmt 0 view .LVU110
 340 0148 CDF83880 		str	r8, [sp, #56]
 286:Middlewares/ST/filex/common/src/fx_unicode_directory_rename.c **** 
 341              		.loc 1 286 5 is_stmt 1 view .LVU111
 286:Middlewares/ST/filex/common/src/fx_unicode_directory_rename.c **** 
 342              		.loc 1 286 42 is_stmt 0 view .LVU112
 343 014c 0023     		movs	r3, #0
 344 014e 8DF83C30 		strb	r3, [sp, #60]
 289:Middlewares/ST/filex/common/src/fx_unicode_directory_rename.c **** 
 345              		.loc 1 289 5 is_stmt 1 view .LVU113
 289:Middlewares/ST/filex/common/src/fx_unicode_directory_rename.c **** 
 346              		.loc 1 289 15 is_stmt 0 view .LVU114
 347 0152 0093     		str	r3, [sp]
 348 0154 0EAA     		add	r2, sp, #56
 349 0156 1649     		ldr	r1, .L28+4
 350 0158 2846     		mov	r0, r5
 351              	.LVL30:
 289:Middlewares/ST/filex/common/src/fx_unicode_directory_rename.c **** 
 352              		.loc 1 289 15 view .LVU115
ARM GAS  /tmp/cccN2rZB.s 			page 15


 353 015a FFF7FEFF 		bl	_fx_directory_search
 354              	.LVL31:
 292:Middlewares/ST/filex/common/src/fx_unicode_directory_rename.c ****     {
 355              		.loc 1 292 5 is_stmt 1 view .LVU116
 292:Middlewares/ST/filex/common/src/fx_unicode_directory_rename.c ****     {
 356              		.loc 1 292 8 is_stmt 0 view .LVU117
 357 015e 8146     		mov	r9, r0
 358 0160 78B9     		cbnz	r0, .L27
 307:Middlewares/ST/filex/common/src/fx_unicode_directory_rename.c **** 
 359              		.loc 1 307 5 is_stmt 1 view .LVU118
 307:Middlewares/ST/filex/common/src/fx_unicode_directory_rename.c **** 
 360              		.loc 1 307 14 is_stmt 0 view .LVU119
 361 0162 349B     		ldr	r3, [sp, #208]
 362 0164 3246     		mov	r2, r6
 363 0166 0EA9     		add	r1, sp, #56
 364 0168 2846     		mov	r0, r5
 365              	.LVL32:
 307:Middlewares/ST/filex/common/src/fx_unicode_directory_rename.c **** 
 366              		.loc 1 307 14 view .LVU120
 367 016a FFF7FEFF 		bl	_fx_unicode_directory_entry_change
 368              	.LVL33:
 310:Middlewares/ST/filex/common/src/fx_unicode_directory_rename.c ****     {
 369              		.loc 1 310 5 is_stmt 1 view .LVU121
 310:Middlewares/ST/filex/common/src/fx_unicode_directory_rename.c ****     {
 370              		.loc 1 310 8 is_stmt 0 view .LVU122
 371 016e 8146     		mov	r9, r0
 372 0170 58B1     		cbz	r0, .L22
 373              	.LVL34:
 374              	.L17:
 348:Middlewares/ST/filex/common/src/fx_unicode_directory_rename.c **** 
 375              		.loc 1 348 5 is_stmt 1 view .LVU123
 376 0172 3846     		mov	r0, r7
 377              	.LVL35:
 348:Middlewares/ST/filex/common/src/fx_unicode_directory_rename.c **** 
 378              		.loc 1 348 5 is_stmt 0 view .LVU124
 379 0174 FFF7FEFF 		bl	_tx_mutex_put
 380              	.LVL36:
 351:Middlewares/ST/filex/common/src/fx_unicode_directory_rename.c **** }
 381              		.loc 1 351 5 is_stmt 1 view .LVU125
 351:Middlewares/ST/filex/common/src/fx_unicode_directory_rename.c **** }
 382              		.loc 1 351 11 is_stmt 0 view .LVU126
 383 0178 54E7     		b	.L1
 384              	.LVL37:
 385              	.L26:
 276:Middlewares/ST/filex/common/src/fx_unicode_directory_rename.c **** 
 386              		.loc 1 276 9 is_stmt 1 view .LVU127
 387 017a 3846     		mov	r0, r7
 388              	.LVL38:
 276:Middlewares/ST/filex/common/src/fx_unicode_directory_rename.c **** 
 389              		.loc 1 276 9 is_stmt 0 view .LVU128
 390 017c FFF7FEFF 		bl	_tx_mutex_put
 391              	.LVL39:
 279:Middlewares/ST/filex/common/src/fx_unicode_directory_rename.c ****     }
 392              		.loc 1 279 9 is_stmt 1 view .LVU129
 279:Middlewares/ST/filex/common/src/fx_unicode_directory_rename.c ****     }
 393              		.loc 1 279 15 is_stmt 0 view .LVU130
 394 0180 50E7     		b	.L1
ARM GAS  /tmp/cccN2rZB.s 			page 16


 395              	.LVL40:
 396              	.L27:
 300:Middlewares/ST/filex/common/src/fx_unicode_directory_rename.c **** 
 397              		.loc 1 300 9 is_stmt 1 view .LVU131
 398 0182 3846     		mov	r0, r7
 399              	.LVL41:
 300:Middlewares/ST/filex/common/src/fx_unicode_directory_rename.c **** 
 400              		.loc 1 300 9 is_stmt 0 view .LVU132
 401 0184 FFF7FEFF 		bl	_tx_mutex_put
 402              	.LVL42:
 303:Middlewares/ST/filex/common/src/fx_unicode_directory_rename.c ****     }
 403              		.loc 1 303 9 is_stmt 1 view .LVU133
 303:Middlewares/ST/filex/common/src/fx_unicode_directory_rename.c ****     }
 404              		.loc 1 303 15 is_stmt 0 view .LVU134
 405 0188 4CE7     		b	.L1
 406              	.LVL43:
 407              	.L22:
 315:Middlewares/ST/filex/common/src/fx_unicode_directory_rename.c ****         {
 408              		.loc 1 315 16 view .LVU135
 409 018a 0346     		mov	r3, r0
 410              	.LVL44:
 411              	.L16:
 315:Middlewares/ST/filex/common/src/fx_unicode_directory_rename.c ****         {
 412              		.loc 1 315 23 is_stmt 1 discriminator 1 view .LVU136
 413 018c 072B     		cmp	r3, #7
 414 018e F0D8     		bhi	.L17
 319:Middlewares/ST/filex/common/src/fx_unicode_directory_rename.c **** 
 415              		.loc 1 319 13 view .LVU137
 319:Middlewares/ST/filex/common/src/fx_unicode_directory_rename.c **** 
 416              		.loc 1 319 67 is_stmt 0 view .LVU138
 417 0190 03F1A802 		add	r2, r3, #168
 418 0194 6A44     		add	r2, sp, r2
 419 0196 12F86C2C 		ldrb	r2, [r2, #-108]	@ zero_extendqisi2
 319:Middlewares/ST/filex/common/src/fx_unicode_directory_rename.c **** 
 420              		.loc 1 319 31 view .LVU139
 421 019a E254     		strb	r2, [r4, r3]
 322:Middlewares/ST/filex/common/src/fx_unicode_directory_rename.c ****             {
 422              		.loc 1 322 13 is_stmt 1 view .LVU140
 322:Middlewares/ST/filex/common/src/fx_unicode_directory_rename.c ****             {
 423              		.loc 1 322 16 is_stmt 0 view .LVU141
 424 019c 002A     		cmp	r2, #0
 425 019e E8D0     		beq	.L17
 315:Middlewares/ST/filex/common/src/fx_unicode_directory_rename.c ****         {
 426              		.loc 1 315 44 is_stmt 1 discriminator 2 view .LVU142
 427 01a0 0133     		adds	r3, r3, #1
 428              	.LVL45:
 315:Middlewares/ST/filex/common/src/fx_unicode_directory_rename.c ****         {
 429              		.loc 1 315 44 is_stmt 0 discriminator 2 view .LVU143
 430 01a2 F3E7     		b	.L16
 431              	.LVL46:
 432              	.L21:
 138:Middlewares/ST/filex/common/src/fx_unicode_directory_rename.c **** 
 433              		.loc 1 138 5 discriminator 3 view .LVU144
 434 01a4 4FF01109 		mov	r9, #17
 435              	.LVL47:
 138:Middlewares/ST/filex/common/src/fx_unicode_directory_rename.c **** 
 436              		.loc 1 138 5 discriminator 3 view .LVU145
ARM GAS  /tmp/cccN2rZB.s 			page 17


 437 01a8 3CE7     		b	.L1
 438              	.L29:
 439 01aa 00BF     		.align	2
 440              	.L28:
 441 01ac 4944454D 		.word	1296385097
 442 01b0 00000000 		.word	_fx_unicode_temp_long_file_name
 443 01b4 398EE338 		.word	954437177
 444              		.cfi_endproc
 445              	.LFE8:
 447              		.text
 448              	.Letext0:
 449              		.file 2 "Middlewares/ST/threadx/ports/cortex_m7/gnu/inc/tx_port.h"
 450              		.file 3 "Middlewares/ST/threadx/common/inc/tx_api.h"
 451              		.file 4 "Middlewares/ST/filex/common/inc/fx_api.h"
 452              		.file 5 "Middlewares/ST/filex/common/inc/fx_unicode.h"
 453              		.file 6 "Middlewares/ST/filex/common/inc/fx_directory.h"
ARM GAS  /tmp/cccN2rZB.s 			page 18


DEFINED SYMBOLS
                            *ABS*:00000000 fx_unicode_directory_rename.c
     /tmp/cccN2rZB.s:20     .text._fx_unicode_directory_rename:00000000 $t
     /tmp/cccN2rZB.s:26     .text._fx_unicode_directory_rename:00000000 _fx_unicode_directory_rename
     /tmp/cccN2rZB.s:441    .text._fx_unicode_directory_rename:000001ac $d

UNDEFINED SYMBOLS
_fx_unicode_short_name_get
_tx_mutex_get
_fx_unicode_directory_search
_tx_mutex_put
_fx_directory_rename
_fx_directory_search
_fx_unicode_directory_entry_change
_fx_unicode_temp_long_file_name
