ARM GAS  /tmp/ccPlTOfC.s 			page 1


   1              		.cpu cortex-m7
   2              		.arch armv7e-m
   3              		.fpu fpv5-d16
   4              		.eabi_attribute 28, 1
   5              		.eabi_attribute 20, 1
   6              		.eabi_attribute 21, 1
   7              		.eabi_attribute 23, 3
   8              		.eabi_attribute 24, 1
   9              		.eabi_attribute 25, 1
  10              		.eabi_attribute 26, 1
  11              		.eabi_attribute 30, 1
  12              		.eabi_attribute 34, 1
  13              		.eabi_attribute 18, 4
  14              		.file	"fx_unicode_directory_create.c"
  15              		.text
  16              	.Ltext0:
  17              		.cfi_sections	.debug_frame
  18              		.file 1 "Middlewares/ST/filex/common/src/fx_unicode_directory_create.c"
  19              		.section	.text._fx_unicode_directory_create,"ax",%progbits
  20              		.align	1
  21              		.global	_fx_unicode_directory_create
  22              		.syntax unified
  23              		.thumb
  24              		.thumb_func
  26              	_fx_unicode_directory_create:
  27              	.LVL0:
  28              	.LFB8:
   1:Middlewares/ST/filex/common/src/fx_unicode_directory_create.c **** /**************************************************************************/
   2:Middlewares/ST/filex/common/src/fx_unicode_directory_create.c **** /*                                                                        */
   3:Middlewares/ST/filex/common/src/fx_unicode_directory_create.c **** /*       Copyright (c) Microsoft Corporation. All rights reserved.        */
   4:Middlewares/ST/filex/common/src/fx_unicode_directory_create.c **** /*                                                                        */
   5:Middlewares/ST/filex/common/src/fx_unicode_directory_create.c **** /*       This software is licensed under the Microsoft Software License   */
   6:Middlewares/ST/filex/common/src/fx_unicode_directory_create.c **** /*       Terms for Microsoft Azure RTOS. Full text of the license can be  */
   7:Middlewares/ST/filex/common/src/fx_unicode_directory_create.c **** /*       found in the LICENSE file at https://aka.ms/AzureRTOS_EULA       */
   8:Middlewares/ST/filex/common/src/fx_unicode_directory_create.c **** /*       and in the root directory of this software.                      */
   9:Middlewares/ST/filex/common/src/fx_unicode_directory_create.c **** /*                                                                        */
  10:Middlewares/ST/filex/common/src/fx_unicode_directory_create.c **** /**************************************************************************/
  11:Middlewares/ST/filex/common/src/fx_unicode_directory_create.c **** 
  12:Middlewares/ST/filex/common/src/fx_unicode_directory_create.c **** 
  13:Middlewares/ST/filex/common/src/fx_unicode_directory_create.c **** /**************************************************************************/
  14:Middlewares/ST/filex/common/src/fx_unicode_directory_create.c **** /**************************************************************************/
  15:Middlewares/ST/filex/common/src/fx_unicode_directory_create.c **** /**                                                                       */
  16:Middlewares/ST/filex/common/src/fx_unicode_directory_create.c **** /** FileX Component                                                       */
  17:Middlewares/ST/filex/common/src/fx_unicode_directory_create.c **** /**                                                                       */
  18:Middlewares/ST/filex/common/src/fx_unicode_directory_create.c **** /**   Unicode                                                             */
  19:Middlewares/ST/filex/common/src/fx_unicode_directory_create.c **** /**                                                                       */
  20:Middlewares/ST/filex/common/src/fx_unicode_directory_create.c **** /**************************************************************************/
  21:Middlewares/ST/filex/common/src/fx_unicode_directory_create.c **** /**************************************************************************/
  22:Middlewares/ST/filex/common/src/fx_unicode_directory_create.c **** 
  23:Middlewares/ST/filex/common/src/fx_unicode_directory_create.c **** #define FX_SOURCE_CODE
  24:Middlewares/ST/filex/common/src/fx_unicode_directory_create.c **** 
  25:Middlewares/ST/filex/common/src/fx_unicode_directory_create.c **** 
  26:Middlewares/ST/filex/common/src/fx_unicode_directory_create.c **** /* Include necessary system files.  */
  27:Middlewares/ST/filex/common/src/fx_unicode_directory_create.c **** 
  28:Middlewares/ST/filex/common/src/fx_unicode_directory_create.c **** #include "fx_api.h"
  29:Middlewares/ST/filex/common/src/fx_unicode_directory_create.c **** #include "fx_unicode.h"
  30:Middlewares/ST/filex/common/src/fx_unicode_directory_create.c **** #include "fx_directory.h"
ARM GAS  /tmp/ccPlTOfC.s 			page 2


  31:Middlewares/ST/filex/common/src/fx_unicode_directory_create.c **** #include "fx_utility.h"
  32:Middlewares/ST/filex/common/src/fx_unicode_directory_create.c **** #ifdef FX_ENABLE_FAULT_TOLERANT
  33:Middlewares/ST/filex/common/src/fx_unicode_directory_create.c **** #include "fx_fault_tolerant.h"
  34:Middlewares/ST/filex/common/src/fx_unicode_directory_create.c **** #endif /* FX_ENABLE_FAULT_TOLERANT */
  35:Middlewares/ST/filex/common/src/fx_unicode_directory_create.c **** 
  36:Middlewares/ST/filex/common/src/fx_unicode_directory_create.c **** 
  37:Middlewares/ST/filex/common/src/fx_unicode_directory_create.c **** /**************************************************************************/
  38:Middlewares/ST/filex/common/src/fx_unicode_directory_create.c **** /*                                                                        */
  39:Middlewares/ST/filex/common/src/fx_unicode_directory_create.c **** /*  FUNCTION                                               RELEASE        */
  40:Middlewares/ST/filex/common/src/fx_unicode_directory_create.c **** /*                                                                        */
  41:Middlewares/ST/filex/common/src/fx_unicode_directory_create.c **** /*    _fx_unicode_directory_create                        PORTABLE C      */
  42:Middlewares/ST/filex/common/src/fx_unicode_directory_create.c **** /*                                                           6.1          */
  43:Middlewares/ST/filex/common/src/fx_unicode_directory_create.c **** /*  AUTHOR                                                                */
  44:Middlewares/ST/filex/common/src/fx_unicode_directory_create.c **** /*                                                                        */
  45:Middlewares/ST/filex/common/src/fx_unicode_directory_create.c **** /*    William E. Lamie, Microsoft Corporation                             */
  46:Middlewares/ST/filex/common/src/fx_unicode_directory_create.c **** /*                                                                        */
  47:Middlewares/ST/filex/common/src/fx_unicode_directory_create.c **** /*  DESCRIPTION                                                           */
  48:Middlewares/ST/filex/common/src/fx_unicode_directory_create.c **** /*                                                                        */
  49:Middlewares/ST/filex/common/src/fx_unicode_directory_create.c **** /*    This function creates the specified unicode directory.              */
  50:Middlewares/ST/filex/common/src/fx_unicode_directory_create.c **** /*                                                                        */
  51:Middlewares/ST/filex/common/src/fx_unicode_directory_create.c **** /*  INPUT                                                                 */
  52:Middlewares/ST/filex/common/src/fx_unicode_directory_create.c **** /*                                                                        */
  53:Middlewares/ST/filex/common/src/fx_unicode_directory_create.c **** /*    media_ptr                             Pointer to media              */
  54:Middlewares/ST/filex/common/src/fx_unicode_directory_create.c **** /*    source_unicode_name                   Pointer to source unicode name*/
  55:Middlewares/ST/filex/common/src/fx_unicode_directory_create.c **** /*    source_unicode_length                 Unicode name length           */
  56:Middlewares/ST/filex/common/src/fx_unicode_directory_create.c **** /*    short_name                            Designated short name         */
  57:Middlewares/ST/filex/common/src/fx_unicode_directory_create.c **** /*                                                                        */
  58:Middlewares/ST/filex/common/src/fx_unicode_directory_create.c **** /*  OUTPUT                                                                */
  59:Middlewares/ST/filex/common/src/fx_unicode_directory_create.c **** /*                                                                        */
  60:Middlewares/ST/filex/common/src/fx_unicode_directory_create.c **** /*    Completion Status                                                   */
  61:Middlewares/ST/filex/common/src/fx_unicode_directory_create.c **** /*                                                                        */
  62:Middlewares/ST/filex/common/src/fx_unicode_directory_create.c **** /*  CALLS                                                                 */
  63:Middlewares/ST/filex/common/src/fx_unicode_directory_create.c **** /*                                                                        */
  64:Middlewares/ST/filex/common/src/fx_unicode_directory_create.c **** /*    _fx_directory_search                  Search directory              */
  65:Middlewares/ST/filex/common/src/fx_unicode_directory_create.c **** /*    _fx_unicode_directory_entry_change    Change unicode file name      */
  66:Middlewares/ST/filex/common/src/fx_unicode_directory_create.c **** /*    _fx_unicode_directory_search          Search for unicode name       */
  67:Middlewares/ST/filex/common/src/fx_unicode_directory_create.c **** /*    _fx_directory_create                  Create a directory            */
  68:Middlewares/ST/filex/common/src/fx_unicode_directory_create.c **** /*    _fx_fault_tolerant_transaction_start  Start fault tolerant          */
  69:Middlewares/ST/filex/common/src/fx_unicode_directory_create.c **** /*                                            transaction                 */
  70:Middlewares/ST/filex/common/src/fx_unicode_directory_create.c **** /*    _fx_fault_tolerant_transaction_end    End fault tolerant transaction*/
  71:Middlewares/ST/filex/common/src/fx_unicode_directory_create.c **** /*    _fx_fault_tolerant_recover            Recover FAT chain             */
  72:Middlewares/ST/filex/common/src/fx_unicode_directory_create.c **** /*    _fx_fault_tolerant_reset_log_file     Reset the log file            */
  73:Middlewares/ST/filex/common/src/fx_unicode_directory_create.c **** /*                                                                        */
  74:Middlewares/ST/filex/common/src/fx_unicode_directory_create.c **** /*  CALLED BY                                                             */
  75:Middlewares/ST/filex/common/src/fx_unicode_directory_create.c **** /*                                                                        */
  76:Middlewares/ST/filex/common/src/fx_unicode_directory_create.c **** /*    Application Code                                                    */
  77:Middlewares/ST/filex/common/src/fx_unicode_directory_create.c **** /*                                                                        */
  78:Middlewares/ST/filex/common/src/fx_unicode_directory_create.c **** /*  RELEASE HISTORY                                                       */
  79:Middlewares/ST/filex/common/src/fx_unicode_directory_create.c **** /*                                                                        */
  80:Middlewares/ST/filex/common/src/fx_unicode_directory_create.c **** /*    DATE              NAME                      DESCRIPTION             */
  81:Middlewares/ST/filex/common/src/fx_unicode_directory_create.c **** /*                                                                        */
  82:Middlewares/ST/filex/common/src/fx_unicode_directory_create.c **** /*  05-19-2020     William E. Lamie         Initial Version 6.0           */
  83:Middlewares/ST/filex/common/src/fx_unicode_directory_create.c **** /*  09-30-2020     William E. Lamie         Modified comment(s),          */
  84:Middlewares/ST/filex/common/src/fx_unicode_directory_create.c **** /*                                            resulting in version 6.1    */
  85:Middlewares/ST/filex/common/src/fx_unicode_directory_create.c **** /*                                                                        */
  86:Middlewares/ST/filex/common/src/fx_unicode_directory_create.c **** /**************************************************************************/
  87:Middlewares/ST/filex/common/src/fx_unicode_directory_create.c **** UINT  _fx_unicode_directory_create(FX_MEDIA *media_ptr, UCHAR *source_unicode_name, ULONG source_un
ARM GAS  /tmp/ccPlTOfC.s 			page 3


  88:Middlewares/ST/filex/common/src/fx_unicode_directory_create.c **** {
  29              		.loc 1 88 1 view -0
  30              		.cfi_startproc
  31              		@ args = 0, pretend = 0, frame = 136
  32              		@ frame_needed = 0, uses_anonymous_args = 0
  33              		.loc 1 88 1 is_stmt 0 view .LVU1
  34 0000 2DE9F047 		push	{r4, r5, r6, r7, r8, r9, r10, lr}
  35              	.LCFI0:
  36              		.cfi_def_cfa_offset 32
  37              		.cfi_offset 4, -32
  38              		.cfi_offset 5, -28
  39              		.cfi_offset 6, -24
  40              		.cfi_offset 7, -20
  41              		.cfi_offset 8, -16
  42              		.cfi_offset 9, -12
  43              		.cfi_offset 10, -8
  44              		.cfi_offset 14, -4
  45 0004 A6B0     		sub	sp, sp, #152
  46              	.LCFI1:
  47              		.cfi_def_cfa_offset 184
  48 0006 1546     		mov	r5, r2
  49 0008 1E46     		mov	r6, r3
  89:Middlewares/ST/filex/common/src/fx_unicode_directory_create.c **** 
  90:Middlewares/ST/filex/common/src/fx_unicode_directory_create.c **** FX_DIR_ENTRY dir_entry;
  50              		.loc 1 90 1 is_stmt 1 view .LVU2
  91:Middlewares/ST/filex/common/src/fx_unicode_directory_create.c **** UINT         i, status;
  51              		.loc 1 91 1 view .LVU3
  92:Middlewares/ST/filex/common/src/fx_unicode_directory_create.c **** ULONG        temp_length;
  52              		.loc 1 92 1 view .LVU4
  93:Middlewares/ST/filex/common/src/fx_unicode_directory_create.c **** UCHAR        destination_shortname[13];
  53              		.loc 1 93 1 view .LVU5
  94:Middlewares/ST/filex/common/src/fx_unicode_directory_create.c **** 
  95:Middlewares/ST/filex/common/src/fx_unicode_directory_create.c **** 
  96:Middlewares/ST/filex/common/src/fx_unicode_directory_create.c ****     /* Setup pointer to media name buffer.  */
  97:Middlewares/ST/filex/common/src/fx_unicode_directory_create.c ****     dir_entry.fx_dir_entry_name =  media_ptr -> fx_media_name_buffer + FX_MAX_LONG_NAME_LEN;
  54              		.loc 1 97 5 view .LVU6
  55              		.loc 1 97 70 is_stmt 0 view .LVU7
  56 000a 00F69C18 		addw	r8, r0, #2460
  57              		.loc 1 97 33 view .LVU8
  58 000e CDF82880 		str	r8, [sp, #40]
  98:Middlewares/ST/filex/common/src/fx_unicode_directory_create.c **** 
  99:Middlewares/ST/filex/common/src/fx_unicode_directory_create.c ****     /* Clear the short name string.  */
 100:Middlewares/ST/filex/common/src/fx_unicode_directory_create.c ****     dir_entry.fx_dir_entry_short_name[0] =  FX_NULL;
  59              		.loc 1 100 5 is_stmt 1 view .LVU9
  60              		.loc 1 100 42 is_stmt 0 view .LVU10
  61 0012 0023     		movs	r3, #0
  62              	.LVL1:
  63              		.loc 1 100 42 view .LVU11
  64 0014 8DF82C30 		strb	r3, [sp, #44]
 101:Middlewares/ST/filex/common/src/fx_unicode_directory_create.c **** 
 102:Middlewares/ST/filex/common/src/fx_unicode_directory_create.c ****     /* Set destination shortname to null.  */
 103:Middlewares/ST/filex/common/src/fx_unicode_directory_create.c ****     destination_shortname[0] =  FX_NULL;
  65              		.loc 1 103 5 is_stmt 1 view .LVU12
  66              		.loc 1 103 30 is_stmt 0 view .LVU13
  67 0018 8DF81430 		strb	r3, [sp, #20]
 104:Middlewares/ST/filex/common/src/fx_unicode_directory_create.c **** 
 105:Middlewares/ST/filex/common/src/fx_unicode_directory_create.c ****     /* Clear the return short name.  */
ARM GAS  /tmp/ccPlTOfC.s 			page 4


 106:Middlewares/ST/filex/common/src/fx_unicode_directory_create.c ****     short_name[0] =  FX_NULL;
  68              		.loc 1 106 5 is_stmt 1 view .LVU14
  69              		.loc 1 106 19 is_stmt 0 view .LVU15
  70 001c 3370     		strb	r3, [r6]
 107:Middlewares/ST/filex/common/src/fx_unicode_directory_create.c **** 
 108:Middlewares/ST/filex/common/src/fx_unicode_directory_create.c ****     /* Check the media to make sure it is open.  */
 109:Middlewares/ST/filex/common/src/fx_unicode_directory_create.c ****     if (media_ptr -> fx_media_id != FX_MEDIA_ID)
  71              		.loc 1 109 5 is_stmt 1 view .LVU16
  72              		.loc 1 109 19 is_stmt 0 view .LVU17
  73 001e 0268     		ldr	r2, [r0]
  74              	.LVL2:
  75              		.loc 1 109 8 view .LVU18
  76 0020 524B     		ldr	r3, .L27
  77 0022 9A42     		cmp	r2, r3
  78 0024 05D0     		beq	.L20
 110:Middlewares/ST/filex/common/src/fx_unicode_directory_create.c ****     {
 111:Middlewares/ST/filex/common/src/fx_unicode_directory_create.c **** 
 112:Middlewares/ST/filex/common/src/fx_unicode_directory_create.c ****         /* Return the media not opened error.  */
 113:Middlewares/ST/filex/common/src/fx_unicode_directory_create.c ****         return(FX_MEDIA_NOT_OPEN);
  79              		.loc 1 113 15 view .LVU19
  80 0026 4FF0110A 		mov	r10, #17
  81              	.LVL3:
  82              	.L1:
 114:Middlewares/ST/filex/common/src/fx_unicode_directory_create.c ****     }
 115:Middlewares/ST/filex/common/src/fx_unicode_directory_create.c **** 
 116:Middlewares/ST/filex/common/src/fx_unicode_directory_create.c **** #ifdef FX_ENABLE_EXFAT
 117:Middlewares/ST/filex/common/src/fx_unicode_directory_create.c ****     /* Check if media format is exFAT.  */
 118:Middlewares/ST/filex/common/src/fx_unicode_directory_create.c ****     if (media_ptr -> fx_media_FAT_type == FX_exFAT)
 119:Middlewares/ST/filex/common/src/fx_unicode_directory_create.c ****     {
 120:Middlewares/ST/filex/common/src/fx_unicode_directory_create.c **** 
 121:Middlewares/ST/filex/common/src/fx_unicode_directory_create.c ****         /* Return the not implemented error.  */
 122:Middlewares/ST/filex/common/src/fx_unicode_directory_create.c ****         return(FX_NOT_IMPLEMENTED);
 123:Middlewares/ST/filex/common/src/fx_unicode_directory_create.c ****     }
 124:Middlewares/ST/filex/common/src/fx_unicode_directory_create.c **** #endif
 125:Middlewares/ST/filex/common/src/fx_unicode_directory_create.c **** 
 126:Middlewares/ST/filex/common/src/fx_unicode_directory_create.c ****     /* If trace is enabled, insert this event into the trace buffer.  */
 127:Middlewares/ST/filex/common/src/fx_unicode_directory_create.c ****     FX_TRACE_IN_LINE_INSERT(FX_TRACE_UNICODE_DIRECTORY_CREATE, media_ptr, source_unicode_name, sour
 128:Middlewares/ST/filex/common/src/fx_unicode_directory_create.c **** 
 129:Middlewares/ST/filex/common/src/fx_unicode_directory_create.c ****     /* Protect media.  */
 130:Middlewares/ST/filex/common/src/fx_unicode_directory_create.c ****     FX_PROTECT
 131:Middlewares/ST/filex/common/src/fx_unicode_directory_create.c **** 
 132:Middlewares/ST/filex/common/src/fx_unicode_directory_create.c **** #ifdef FX_ENABLE_FAULT_TOLERANT
 133:Middlewares/ST/filex/common/src/fx_unicode_directory_create.c ****     /* Start transaction. */
 134:Middlewares/ST/filex/common/src/fx_unicode_directory_create.c ****     _fx_fault_tolerant_transaction_start(media_ptr);
 135:Middlewares/ST/filex/common/src/fx_unicode_directory_create.c **** #endif /* FX_ENABLE_FAULT_TOLERANT */
 136:Middlewares/ST/filex/common/src/fx_unicode_directory_create.c **** 
 137:Middlewares/ST/filex/common/src/fx_unicode_directory_create.c ****     /* Check for write protect at the media level (set by driver).  */
 138:Middlewares/ST/filex/common/src/fx_unicode_directory_create.c ****     if (media_ptr -> fx_media_driver_write_protect)
 139:Middlewares/ST/filex/common/src/fx_unicode_directory_create.c ****     {
 140:Middlewares/ST/filex/common/src/fx_unicode_directory_create.c **** #ifdef FX_ENABLE_FAULT_TOLERANT
 141:Middlewares/ST/filex/common/src/fx_unicode_directory_create.c ****         FX_FAULT_TOLERANT_TRANSACTION_FAIL(media_ptr);
 142:Middlewares/ST/filex/common/src/fx_unicode_directory_create.c **** #endif /* FX_ENABLE_FAULT_TOLERANT */
 143:Middlewares/ST/filex/common/src/fx_unicode_directory_create.c **** 
 144:Middlewares/ST/filex/common/src/fx_unicode_directory_create.c ****         /* Release media protection.  */
 145:Middlewares/ST/filex/common/src/fx_unicode_directory_create.c ****         FX_UNPROTECT
 146:Middlewares/ST/filex/common/src/fx_unicode_directory_create.c **** 
 147:Middlewares/ST/filex/common/src/fx_unicode_directory_create.c ****         /* Return write protect error.  */
ARM GAS  /tmp/ccPlTOfC.s 			page 5


 148:Middlewares/ST/filex/common/src/fx_unicode_directory_create.c ****         return(FX_WRITE_PROTECT);
 149:Middlewares/ST/filex/common/src/fx_unicode_directory_create.c ****     }
 150:Middlewares/ST/filex/common/src/fx_unicode_directory_create.c **** 
 151:Middlewares/ST/filex/common/src/fx_unicode_directory_create.c ****     /* Setup temporary length.  */
 152:Middlewares/ST/filex/common/src/fx_unicode_directory_create.c ****     temp_length =  source_unicode_length;
 153:Middlewares/ST/filex/common/src/fx_unicode_directory_create.c **** 
 154:Middlewares/ST/filex/common/src/fx_unicode_directory_create.c ****     /* Determine if the destination directory is already present.  */
 155:Middlewares/ST/filex/common/src/fx_unicode_directory_create.c ****     status =  _fx_unicode_directory_search(media_ptr, &dir_entry, destination_shortname, sizeof(des
 156:Middlewares/ST/filex/common/src/fx_unicode_directory_create.c **** 
 157:Middlewares/ST/filex/common/src/fx_unicode_directory_create.c ****     /* Determine if the search was successful.  */
 158:Middlewares/ST/filex/common/src/fx_unicode_directory_create.c ****     if (status == FX_SUCCESS)
 159:Middlewares/ST/filex/common/src/fx_unicode_directory_create.c ****     {
 160:Middlewares/ST/filex/common/src/fx_unicode_directory_create.c **** #ifdef FX_ENABLE_FAULT_TOLERANT
 161:Middlewares/ST/filex/common/src/fx_unicode_directory_create.c ****         FX_FAULT_TOLERANT_TRANSACTION_FAIL(media_ptr);
 162:Middlewares/ST/filex/common/src/fx_unicode_directory_create.c **** #endif /* FX_ENABLE_FAULT_TOLERANT */
 163:Middlewares/ST/filex/common/src/fx_unicode_directory_create.c **** 
 164:Middlewares/ST/filex/common/src/fx_unicode_directory_create.c ****         /* Release media protection.  */
 165:Middlewares/ST/filex/common/src/fx_unicode_directory_create.c ****         FX_UNPROTECT
 166:Middlewares/ST/filex/common/src/fx_unicode_directory_create.c **** 
 167:Middlewares/ST/filex/common/src/fx_unicode_directory_create.c ****         /* Return the error code.  */
 168:Middlewares/ST/filex/common/src/fx_unicode_directory_create.c ****         return(FX_ALREADY_CREATED);
 169:Middlewares/ST/filex/common/src/fx_unicode_directory_create.c ****     }
 170:Middlewares/ST/filex/common/src/fx_unicode_directory_create.c **** 
 171:Middlewares/ST/filex/common/src/fx_unicode_directory_create.c ****     /* Okay, at this point we need to create a new long directory name that has enough space for th
 172:Middlewares/ST/filex/common/src/fx_unicode_directory_create.c ****        eventual unicode directory name.  */
 173:Middlewares/ST/filex/common/src/fx_unicode_directory_create.c **** 
 174:Middlewares/ST/filex/common/src/fx_unicode_directory_create.c ****     /* Copy the characters from the unicode directory name and make sure they are
 175:Middlewares/ST/filex/common/src/fx_unicode_directory_create.c ****        within the ASCII range.  */
 176:Middlewares/ST/filex/common/src/fx_unicode_directory_create.c ****     _fx_unicode_temp_long_file_name[0] =  'z';
 177:Middlewares/ST/filex/common/src/fx_unicode_directory_create.c ****     for (i = 1; i < source_unicode_length; i++)
 178:Middlewares/ST/filex/common/src/fx_unicode_directory_create.c ****     {
 179:Middlewares/ST/filex/common/src/fx_unicode_directory_create.c **** 
 180:Middlewares/ST/filex/common/src/fx_unicode_directory_create.c ****         /* Build temporary long file name.  */
 181:Middlewares/ST/filex/common/src/fx_unicode_directory_create.c ****         _fx_unicode_temp_long_file_name[i] =  (UCHAR)((INT)'0' + (i % 9));
 182:Middlewares/ST/filex/common/src/fx_unicode_directory_create.c ****     }
 183:Middlewares/ST/filex/common/src/fx_unicode_directory_create.c ****     _fx_unicode_temp_long_file_name[i] =  FX_NULL;
 184:Middlewares/ST/filex/common/src/fx_unicode_directory_create.c **** 
 185:Middlewares/ST/filex/common/src/fx_unicode_directory_create.c ****     /* Loop to try different temp long file names... if necessary.  */
 186:Middlewares/ST/filex/common/src/fx_unicode_directory_create.c ****     do
 187:Middlewares/ST/filex/common/src/fx_unicode_directory_create.c ****     {
 188:Middlewares/ST/filex/common/src/fx_unicode_directory_create.c **** 
 189:Middlewares/ST/filex/common/src/fx_unicode_directory_create.c ****         /* Create a new directory with the temp long file name.  */
 190:Middlewares/ST/filex/common/src/fx_unicode_directory_create.c ****         status =  _fx_directory_create(media_ptr, (CHAR *)_fx_unicode_temp_long_file_name);
 191:Middlewares/ST/filex/common/src/fx_unicode_directory_create.c **** 
 192:Middlewares/ST/filex/common/src/fx_unicode_directory_create.c ****         /* Determine if there was an error.  */
 193:Middlewares/ST/filex/common/src/fx_unicode_directory_create.c ****         if (status == FX_ALREADY_CREATED)
 194:Middlewares/ST/filex/common/src/fx_unicode_directory_create.c ****         {
 195:Middlewares/ST/filex/common/src/fx_unicode_directory_create.c **** 
 196:Middlewares/ST/filex/common/src/fx_unicode_directory_create.c ****             /* Adjust the name slightly and try again!  */
 197:Middlewares/ST/filex/common/src/fx_unicode_directory_create.c ****             _fx_unicode_temp_long_file_name[0]--;
 198:Middlewares/ST/filex/common/src/fx_unicode_directory_create.c **** 
 199:Middlewares/ST/filex/common/src/fx_unicode_directory_create.c ****             /* Determine if it is outside the lower case boundary.  */
 200:Middlewares/ST/filex/common/src/fx_unicode_directory_create.c ****             if (_fx_unicode_temp_long_file_name[0] < 0x61)
 201:Middlewares/ST/filex/common/src/fx_unicode_directory_create.c ****             {
 202:Middlewares/ST/filex/common/src/fx_unicode_directory_create.c ****                 break;
 203:Middlewares/ST/filex/common/src/fx_unicode_directory_create.c ****             }
 204:Middlewares/ST/filex/common/src/fx_unicode_directory_create.c ****         }
ARM GAS  /tmp/ccPlTOfC.s 			page 6


 205:Middlewares/ST/filex/common/src/fx_unicode_directory_create.c ****     } while (status == FX_ALREADY_CREATED);
 206:Middlewares/ST/filex/common/src/fx_unicode_directory_create.c **** 
 207:Middlewares/ST/filex/common/src/fx_unicode_directory_create.c ****     /* Determine if there was an error.  */
 208:Middlewares/ST/filex/common/src/fx_unicode_directory_create.c ****     if (status)
 209:Middlewares/ST/filex/common/src/fx_unicode_directory_create.c ****     {
 210:Middlewares/ST/filex/common/src/fx_unicode_directory_create.c **** #ifdef FX_ENABLE_FAULT_TOLERANT
 211:Middlewares/ST/filex/common/src/fx_unicode_directory_create.c ****         FX_FAULT_TOLERANT_TRANSACTION_FAIL(media_ptr);
 212:Middlewares/ST/filex/common/src/fx_unicode_directory_create.c **** #endif /* FX_ENABLE_FAULT_TOLERANT */
 213:Middlewares/ST/filex/common/src/fx_unicode_directory_create.c **** 
 214:Middlewares/ST/filex/common/src/fx_unicode_directory_create.c ****         /* Release media protection.  */
 215:Middlewares/ST/filex/common/src/fx_unicode_directory_create.c ****         FX_UNPROTECT
 216:Middlewares/ST/filex/common/src/fx_unicode_directory_create.c **** 
 217:Middlewares/ST/filex/common/src/fx_unicode_directory_create.c ****         /* Return error.  */
 218:Middlewares/ST/filex/common/src/fx_unicode_directory_create.c ****         return(status);
 219:Middlewares/ST/filex/common/src/fx_unicode_directory_create.c ****     }
 220:Middlewares/ST/filex/common/src/fx_unicode_directory_create.c **** 
 221:Middlewares/ST/filex/common/src/fx_unicode_directory_create.c ****     /* Setup pointer to media name buffer.  */
 222:Middlewares/ST/filex/common/src/fx_unicode_directory_create.c ****     dir_entry.fx_dir_entry_name =  media_ptr -> fx_media_name_buffer + FX_MAX_LONG_NAME_LEN;
 223:Middlewares/ST/filex/common/src/fx_unicode_directory_create.c **** 
 224:Middlewares/ST/filex/common/src/fx_unicode_directory_create.c ****     /* Clear the short name string.  */
 225:Middlewares/ST/filex/common/src/fx_unicode_directory_create.c ****     dir_entry.fx_dir_entry_short_name[0] =  0;
 226:Middlewares/ST/filex/common/src/fx_unicode_directory_create.c **** 
 227:Middlewares/ST/filex/common/src/fx_unicode_directory_create.c ****     /* Search the system for the supplied file name.  */
 228:Middlewares/ST/filex/common/src/fx_unicode_directory_create.c ****     status =  _fx_directory_search(media_ptr, (CHAR *)_fx_unicode_temp_long_file_name, &dir_entry, 
 229:Middlewares/ST/filex/common/src/fx_unicode_directory_create.c **** 
 230:Middlewares/ST/filex/common/src/fx_unicode_directory_create.c ****     /* Determine if the search was successful.  */
 231:Middlewares/ST/filex/common/src/fx_unicode_directory_create.c ****     if (status != FX_SUCCESS)
 232:Middlewares/ST/filex/common/src/fx_unicode_directory_create.c ****     {
 233:Middlewares/ST/filex/common/src/fx_unicode_directory_create.c **** #ifdef FX_ENABLE_FAULT_TOLERANT
 234:Middlewares/ST/filex/common/src/fx_unicode_directory_create.c ****         FX_FAULT_TOLERANT_TRANSACTION_FAIL(media_ptr);
 235:Middlewares/ST/filex/common/src/fx_unicode_directory_create.c **** #endif /* FX_ENABLE_FAULT_TOLERANT */
 236:Middlewares/ST/filex/common/src/fx_unicode_directory_create.c **** 
 237:Middlewares/ST/filex/common/src/fx_unicode_directory_create.c ****         /* Release media protection.  */
 238:Middlewares/ST/filex/common/src/fx_unicode_directory_create.c ****         FX_UNPROTECT
 239:Middlewares/ST/filex/common/src/fx_unicode_directory_create.c **** 
 240:Middlewares/ST/filex/common/src/fx_unicode_directory_create.c ****         /* Return the error status.  */
 241:Middlewares/ST/filex/common/src/fx_unicode_directory_create.c ****         return(status);
 242:Middlewares/ST/filex/common/src/fx_unicode_directory_create.c ****     }
 243:Middlewares/ST/filex/common/src/fx_unicode_directory_create.c **** 
 244:Middlewares/ST/filex/common/src/fx_unicode_directory_create.c ****     /* We can now change the temporary long file name with the destination unicode name.  */
 245:Middlewares/ST/filex/common/src/fx_unicode_directory_create.c ****     status =  _fx_unicode_directory_entry_change(media_ptr, &dir_entry,  source_unicode_name, sourc
 246:Middlewares/ST/filex/common/src/fx_unicode_directory_create.c **** 
 247:Middlewares/ST/filex/common/src/fx_unicode_directory_create.c ****     /* Was this successful?  */
 248:Middlewares/ST/filex/common/src/fx_unicode_directory_create.c ****     if (status == FX_SUCCESS)
 249:Middlewares/ST/filex/common/src/fx_unicode_directory_create.c ****     {
 250:Middlewares/ST/filex/common/src/fx_unicode_directory_create.c **** 
 251:Middlewares/ST/filex/common/src/fx_unicode_directory_create.c ****         /* Yes, copy the short file name to the destination.  */
 252:Middlewares/ST/filex/common/src/fx_unicode_directory_create.c ****         /* The new short name only have 8 characters, since we didn't include a dot in temp_long_fi
 253:Middlewares/ST/filex/common/src/fx_unicode_directory_create.c ****         for (i = 0; i < FX_DIR_NAME_SIZE; i++)
 254:Middlewares/ST/filex/common/src/fx_unicode_directory_create.c ****         {
 255:Middlewares/ST/filex/common/src/fx_unicode_directory_create.c **** 
 256:Middlewares/ST/filex/common/src/fx_unicode_directory_create.c ****             /* Copy a character.  */
 257:Middlewares/ST/filex/common/src/fx_unicode_directory_create.c ****             short_name[i] =  dir_entry.fx_dir_entry_short_name[i];
 258:Middlewares/ST/filex/common/src/fx_unicode_directory_create.c **** 
 259:Middlewares/ST/filex/common/src/fx_unicode_directory_create.c ****             /* Are we done?  */
 260:Middlewares/ST/filex/common/src/fx_unicode_directory_create.c ****             if (short_name[i] == FX_NULL)
 261:Middlewares/ST/filex/common/src/fx_unicode_directory_create.c ****             {
ARM GAS  /tmp/ccPlTOfC.s 			page 7


 262:Middlewares/ST/filex/common/src/fx_unicode_directory_create.c ****                 break;
 263:Middlewares/ST/filex/common/src/fx_unicode_directory_create.c ****             }
 264:Middlewares/ST/filex/common/src/fx_unicode_directory_create.c ****         }
 265:Middlewares/ST/filex/common/src/fx_unicode_directory_create.c ****     }
 266:Middlewares/ST/filex/common/src/fx_unicode_directory_create.c **** 
 267:Middlewares/ST/filex/common/src/fx_unicode_directory_create.c **** #ifdef FX_ENABLE_FAULT_TOLERANT
 268:Middlewares/ST/filex/common/src/fx_unicode_directory_create.c ****     /* Check for a bad status.  */
 269:Middlewares/ST/filex/common/src/fx_unicode_directory_create.c ****     if (status != FX_SUCCESS)
 270:Middlewares/ST/filex/common/src/fx_unicode_directory_create.c ****     {
 271:Middlewares/ST/filex/common/src/fx_unicode_directory_create.c **** 
 272:Middlewares/ST/filex/common/src/fx_unicode_directory_create.c ****         FX_FAULT_TOLERANT_TRANSACTION_FAIL(media_ptr);
 273:Middlewares/ST/filex/common/src/fx_unicode_directory_create.c **** 
 274:Middlewares/ST/filex/common/src/fx_unicode_directory_create.c ****         /* Release media protection.  */
 275:Middlewares/ST/filex/common/src/fx_unicode_directory_create.c ****         FX_UNPROTECT
 276:Middlewares/ST/filex/common/src/fx_unicode_directory_create.c **** 
 277:Middlewares/ST/filex/common/src/fx_unicode_directory_create.c ****         /* Return the bad status.  */
 278:Middlewares/ST/filex/common/src/fx_unicode_directory_create.c ****         return(status);
 279:Middlewares/ST/filex/common/src/fx_unicode_directory_create.c ****     }
 280:Middlewares/ST/filex/common/src/fx_unicode_directory_create.c **** 
 281:Middlewares/ST/filex/common/src/fx_unicode_directory_create.c ****     /* End transaction. */
 282:Middlewares/ST/filex/common/src/fx_unicode_directory_create.c ****     status = _fx_fault_tolerant_transaction_end(media_ptr);
 283:Middlewares/ST/filex/common/src/fx_unicode_directory_create.c **** #endif /* FX_ENABLE_FAULT_TOLERANT */
 284:Middlewares/ST/filex/common/src/fx_unicode_directory_create.c **** 
 285:Middlewares/ST/filex/common/src/fx_unicode_directory_create.c ****     /* Release the protection.  */
 286:Middlewares/ST/filex/common/src/fx_unicode_directory_create.c ****     FX_UNPROTECT
 287:Middlewares/ST/filex/common/src/fx_unicode_directory_create.c **** 
 288:Middlewares/ST/filex/common/src/fx_unicode_directory_create.c ****     /* Return completion status.  */
 289:Middlewares/ST/filex/common/src/fx_unicode_directory_create.c ****     return(status);
 290:Middlewares/ST/filex/common/src/fx_unicode_directory_create.c **** }
  83              		.loc 1 290 1 view .LVU20
  84 002a 5046     		mov	r0, r10
  85 002c 26B0     		add	sp, sp, #152
  86              	.LCFI2:
  87              		.cfi_remember_state
  88              		.cfi_def_cfa_offset 32
  89              		@ sp needed
  90 002e BDE8F087 		pop	{r4, r5, r6, r7, r8, r9, r10, pc}
  91              	.LVL4:
  92              	.L20:
  93              	.LCFI3:
  94              		.cfi_restore_state
  95              		.loc 1 290 1 view .LVU21
  96 0032 0446     		mov	r4, r0
  97 0034 0F46     		mov	r7, r1
 127:Middlewares/ST/filex/common/src/fx_unicode_directory_create.c **** 
  98              		.loc 1 127 5 is_stmt 1 view .LVU22
  99 0036 0023     		movs	r3, #0
 100 0038 0393     		str	r3, [sp, #12]
 101 003a 0293     		str	r3, [sp, #8]
 102 003c 4FF40053 		mov	r3, #8192
 103 0040 0193     		str	r3, [sp, #4]
 104 0042 0096     		str	r6, [sp]
 105 0044 2B46     		mov	r3, r5
 106 0046 0A46     		mov	r2, r1
 107 0048 0146     		mov	r1, r0
 108              	.LVL5:
 127:Middlewares/ST/filex/common/src/fx_unicode_directory_create.c **** 
ARM GAS  /tmp/ccPlTOfC.s 			page 8


 109              		.loc 1 127 5 is_stmt 0 view .LVU23
 110 004a 4FF48870 		mov	r0, #272
 111              	.LVL6:
 127:Middlewares/ST/filex/common/src/fx_unicode_directory_create.c **** 
 112              		.loc 1 127 5 view .LVU24
 113 004e FFF7FEFF 		bl	_fx_trace_event_insert
 114              	.LVL7:
 130:Middlewares/ST/filex/common/src/fx_unicode_directory_create.c **** 
 115              		.loc 1 130 5 is_stmt 1 view .LVU25
 116 0052 2268     		ldr	r2, [r4]
 117 0054 454B     		ldr	r3, .L27
 118 0056 9A42     		cmp	r2, r3
 119 0058 02D0     		beq	.L21
 130:Middlewares/ST/filex/common/src/fx_unicode_directory_create.c **** 
 120              		.loc 1 130 5 is_stmt 0 discriminator 1 view .LVU26
 121 005a 4FF0110A 		mov	r10, #17
 122 005e E4E7     		b	.L1
 123              	.L21:
 130:Middlewares/ST/filex/common/src/fx_unicode_directory_create.c **** 
 124              		.loc 1 130 5 is_stmt 1 discriminator 2 view .LVU27
 125 0060 04F5E479 		add	r9, r4, #456
 126 0064 4FF0FF31 		mov	r1, #-1
 127 0068 4846     		mov	r0, r9
 128 006a FFF7FEFF 		bl	_tx_mutex_get
 129              	.LVL8:
 130:Middlewares/ST/filex/common/src/fx_unicode_directory_create.c **** 
 130              		.loc 1 130 5 is_stmt 0 discriminator 1 view .LVU28
 131 006e 0028     		cmp	r0, #0
 132 0070 78D1     		bne	.L17
 138:Middlewares/ST/filex/common/src/fx_unicode_directory_create.c ****     {
 133              		.loc 1 138 5 is_stmt 1 view .LVU29
 138:Middlewares/ST/filex/common/src/fx_unicode_directory_create.c ****     {
 134              		.loc 1 138 19 is_stmt 0 view .LVU30
 135 0072 D4F8A830 		ldr	r3, [r4, #168]
 138:Middlewares/ST/filex/common/src/fx_unicode_directory_create.c ****     {
 136              		.loc 1 138 8 view .LVU31
 137 0076 8BB9     		cbnz	r3, .L22
 152:Middlewares/ST/filex/common/src/fx_unicode_directory_create.c **** 
 138              		.loc 1 152 5 is_stmt 1 view .LVU32
 152:Middlewares/ST/filex/common/src/fx_unicode_directory_create.c **** 
 139              		.loc 1 152 17 is_stmt 0 view .LVU33
 140 0078 0995     		str	r5, [sp, #36]
 155:Middlewares/ST/filex/common/src/fx_unicode_directory_create.c **** 
 141              		.loc 1 155 5 is_stmt 1 view .LVU34
 155:Middlewares/ST/filex/common/src/fx_unicode_directory_create.c **** 
 142              		.loc 1 155 15 is_stmt 0 view .LVU35
 143 007a 0023     		movs	r3, #0
 144 007c 0293     		str	r3, [sp, #8]
 145 007e 09AB     		add	r3, sp, #36
 146 0080 0193     		str	r3, [sp, #4]
 147 0082 0097     		str	r7, [sp]
 148 0084 0D23     		movs	r3, #13
 149 0086 05AA     		add	r2, sp, #20
 150 0088 0AA9     		add	r1, sp, #40
 151 008a 2046     		mov	r0, r4
 152 008c FFF7FEFF 		bl	_fx_unicode_directory_search
 153              	.LVL9:
ARM GAS  /tmp/ccPlTOfC.s 			page 9


 158:Middlewares/ST/filex/common/src/fx_unicode_directory_create.c ****     {
 154              		.loc 1 158 5 is_stmt 1 view .LVU36
 158:Middlewares/ST/filex/common/src/fx_unicode_directory_create.c ****     {
 155              		.loc 1 158 8 is_stmt 0 view .LVU37
 156 0090 50B1     		cbz	r0, .L23
 176:Middlewares/ST/filex/common/src/fx_unicode_directory_create.c ****     for (i = 1; i < source_unicode_length; i++)
 157              		.loc 1 176 5 is_stmt 1 view .LVU38
 176:Middlewares/ST/filex/common/src/fx_unicode_directory_create.c ****     for (i = 1; i < source_unicode_length; i++)
 158              		.loc 1 176 40 is_stmt 0 view .LVU39
 159 0092 374B     		ldr	r3, .L27+4
 160 0094 7A22     		movs	r2, #122
 161 0096 1A70     		strb	r2, [r3]
 177:Middlewares/ST/filex/common/src/fx_unicode_directory_create.c ****     {
 162              		.loc 1 177 5 is_stmt 1 view .LVU40
 163              	.LVL10:
 177:Middlewares/ST/filex/common/src/fx_unicode_directory_create.c ****     {
 164              		.loc 1 177 12 is_stmt 0 view .LVU41
 165 0098 0122     		movs	r2, #1
 177:Middlewares/ST/filex/common/src/fx_unicode_directory_create.c ****     {
 166              		.loc 1 177 5 view .LVU42
 167 009a 1AE0     		b	.L5
 168              	.LVL11:
 169              	.L22:
 145:Middlewares/ST/filex/common/src/fx_unicode_directory_create.c **** 
 170              		.loc 1 145 9 is_stmt 1 view .LVU43
 171 009c 4846     		mov	r0, r9
 172 009e FFF7FEFF 		bl	_tx_mutex_put
 173              	.LVL12:
 148:Middlewares/ST/filex/common/src/fx_unicode_directory_create.c ****     }
 174              		.loc 1 148 9 view .LVU44
 148:Middlewares/ST/filex/common/src/fx_unicode_directory_create.c ****     }
 175              		.loc 1 148 15 is_stmt 0 view .LVU45
 176 00a2 4FF0230A 		mov	r10, #35
 177 00a6 C0E7     		b	.L1
 178              	.LVL13:
 179              	.L23:
 165:Middlewares/ST/filex/common/src/fx_unicode_directory_create.c **** 
 180              		.loc 1 165 9 is_stmt 1 view .LVU46
 181 00a8 4846     		mov	r0, r9
 182              	.LVL14:
 165:Middlewares/ST/filex/common/src/fx_unicode_directory_create.c **** 
 183              		.loc 1 165 9 is_stmt 0 view .LVU47
 184 00aa FFF7FEFF 		bl	_tx_mutex_put
 185              	.LVL15:
 168:Middlewares/ST/filex/common/src/fx_unicode_directory_create.c ****     }
 186              		.loc 1 168 9 is_stmt 1 view .LVU48
 168:Middlewares/ST/filex/common/src/fx_unicode_directory_create.c ****     }
 187              		.loc 1 168 15 is_stmt 0 view .LVU49
 188 00ae 4FF00B0A 		mov	r10, #11
 189 00b2 BAE7     		b	.L1
 190              	.LVL16:
 191              	.L6:
 181:Middlewares/ST/filex/common/src/fx_unicode_directory_create.c ****     }
 192              		.loc 1 181 9 is_stmt 1 view .LVU50
 181:Middlewares/ST/filex/common/src/fx_unicode_directory_create.c ****     }
 193              		.loc 1 181 69 is_stmt 0 view .LVU51
 194 00b4 2F4B     		ldr	r3, .L27+8
ARM GAS  /tmp/ccPlTOfC.s 			page 10


 195 00b6 A3FB023C 		umull	r3, ip, r3, r2
 196 00ba 4FEA5C0C 		lsr	ip, ip, #1
 197 00be 0CEBCC0C 		add	ip, ip, ip, lsl #3
 198 00c2 A2EB0C0C 		sub	ip, r2, ip
 181:Middlewares/ST/filex/common/src/fx_unicode_directory_create.c ****     }
 199              		.loc 1 181 47 view .LVU52
 200 00c6 0CF1300C 		add	ip, ip, #48
 181:Middlewares/ST/filex/common/src/fx_unicode_directory_create.c ****     }
 201              		.loc 1 181 44 view .LVU53
 202 00ca 294B     		ldr	r3, .L27+4
 203 00cc 03F802C0 		strb	ip, [r3, r2]
 177:Middlewares/ST/filex/common/src/fx_unicode_directory_create.c ****     {
 204              		.loc 1 177 45 is_stmt 1 discriminator 3 view .LVU54
 205 00d0 0132     		adds	r2, r2, #1
 206              	.LVL17:
 207              	.L5:
 177:Middlewares/ST/filex/common/src/fx_unicode_directory_create.c ****     {
 208              		.loc 1 177 19 discriminator 1 view .LVU55
 209 00d2 AA42     		cmp	r2, r5
 210 00d4 EED3     		bcc	.L6
 183:Middlewares/ST/filex/common/src/fx_unicode_directory_create.c **** 
 211              		.loc 1 183 5 view .LVU56
 183:Middlewares/ST/filex/common/src/fx_unicode_directory_create.c **** 
 212              		.loc 1 183 40 is_stmt 0 view .LVU57
 213 00d6 264B     		ldr	r3, .L27+4
 214 00d8 0021     		movs	r1, #0
 215 00da 9954     		strb	r1, [r3, r2]
 216 00dc 02E0     		b	.L9
 217              	.LVL18:
 218              	.L7:
 205:Middlewares/ST/filex/common/src/fx_unicode_directory_create.c **** 
 219              		.loc 1 205 21 is_stmt 1 view .LVU58
 220 00de BAF10B0F 		cmp	r10, #11
 221 00e2 0DD1     		bne	.L8
 222              	.L9:
 186:Middlewares/ST/filex/common/src/fx_unicode_directory_create.c ****     {
 223              		.loc 1 186 5 view .LVU59
 190:Middlewares/ST/filex/common/src/fx_unicode_directory_create.c **** 
 224              		.loc 1 190 9 view .LVU60
 190:Middlewares/ST/filex/common/src/fx_unicode_directory_create.c **** 
 225              		.loc 1 190 19 is_stmt 0 view .LVU61
 226 00e4 2249     		ldr	r1, .L27+4
 227 00e6 2046     		mov	r0, r4
 228              	.LVL19:
 190:Middlewares/ST/filex/common/src/fx_unicode_directory_create.c **** 
 229              		.loc 1 190 19 view .LVU62
 230 00e8 FFF7FEFF 		bl	_fx_directory_create
 231              	.LVL20:
 232 00ec 8246     		mov	r10, r0
 233              	.LVL21:
 193:Middlewares/ST/filex/common/src/fx_unicode_directory_create.c ****         {
 234              		.loc 1 193 9 is_stmt 1 view .LVU63
 193:Middlewares/ST/filex/common/src/fx_unicode_directory_create.c ****         {
 235              		.loc 1 193 12 is_stmt 0 view .LVU64
 236 00ee 0B28     		cmp	r0, #11
 237 00f0 F5D1     		bne	.L7
 197:Middlewares/ST/filex/common/src/fx_unicode_directory_create.c **** 
ARM GAS  /tmp/ccPlTOfC.s 			page 11


 238              		.loc 1 197 13 is_stmt 1 view .LVU65
 197:Middlewares/ST/filex/common/src/fx_unicode_directory_create.c **** 
 239              		.loc 1 197 44 is_stmt 0 view .LVU66
 240 00f2 1F4A     		ldr	r2, .L27+4
 241 00f4 1378     		ldrb	r3, [r2]	@ zero_extendqisi2
 197:Middlewares/ST/filex/common/src/fx_unicode_directory_create.c **** 
 242              		.loc 1 197 47 view .LVU67
 243 00f6 013B     		subs	r3, r3, #1
 244 00f8 DBB2     		uxtb	r3, r3
 245 00fa 1370     		strb	r3, [r2]
 200:Middlewares/ST/filex/common/src/fx_unicode_directory_create.c ****             {
 246              		.loc 1 200 13 is_stmt 1 view .LVU68
 200:Middlewares/ST/filex/common/src/fx_unicode_directory_create.c ****             {
 247              		.loc 1 200 16 is_stmt 0 view .LVU69
 248 00fc 602B     		cmp	r3, #96
 249 00fe EED8     		bhi	.L7
 250              	.L8:
 208:Middlewares/ST/filex/common/src/fx_unicode_directory_create.c ****     {
 251              		.loc 1 208 5 is_stmt 1 view .LVU70
 208:Middlewares/ST/filex/common/src/fx_unicode_directory_create.c ****     {
 252              		.loc 1 208 8 is_stmt 0 view .LVU71
 253 0100 BAF1000F 		cmp	r10, #0
 254 0104 18D1     		bne	.L24
 222:Middlewares/ST/filex/common/src/fx_unicode_directory_create.c **** 
 255              		.loc 1 222 5 is_stmt 1 view .LVU72
 222:Middlewares/ST/filex/common/src/fx_unicode_directory_create.c **** 
 256              		.loc 1 222 33 is_stmt 0 view .LVU73
 257 0106 CDF82880 		str	r8, [sp, #40]
 225:Middlewares/ST/filex/common/src/fx_unicode_directory_create.c **** 
 258              		.loc 1 225 5 is_stmt 1 view .LVU74
 225:Middlewares/ST/filex/common/src/fx_unicode_directory_create.c **** 
 259              		.loc 1 225 42 is_stmt 0 view .LVU75
 260 010a 0023     		movs	r3, #0
 261 010c 8DF82C30 		strb	r3, [sp, #44]
 228:Middlewares/ST/filex/common/src/fx_unicode_directory_create.c **** 
 262              		.loc 1 228 5 is_stmt 1 view .LVU76
 228:Middlewares/ST/filex/common/src/fx_unicode_directory_create.c **** 
 263              		.loc 1 228 15 is_stmt 0 view .LVU77
 264 0110 0093     		str	r3, [sp]
 265 0112 0AAA     		add	r2, sp, #40
 266 0114 1649     		ldr	r1, .L27+4
 267 0116 2046     		mov	r0, r4
 268              	.LVL22:
 228:Middlewares/ST/filex/common/src/fx_unicode_directory_create.c **** 
 269              		.loc 1 228 15 view .LVU78
 270 0118 FFF7FEFF 		bl	_fx_directory_search
 271              	.LVL23:
 231:Middlewares/ST/filex/common/src/fx_unicode_directory_create.c ****     {
 272              		.loc 1 231 5 is_stmt 1 view .LVU79
 231:Middlewares/ST/filex/common/src/fx_unicode_directory_create.c ****     {
 273              		.loc 1 231 8 is_stmt 0 view .LVU80
 274 011c 8246     		mov	r10, r0
 275 011e 78B9     		cbnz	r0, .L25
 245:Middlewares/ST/filex/common/src/fx_unicode_directory_create.c **** 
 276              		.loc 1 245 5 is_stmt 1 view .LVU81
 245:Middlewares/ST/filex/common/src/fx_unicode_directory_create.c **** 
 277              		.loc 1 245 15 is_stmt 0 view .LVU82
ARM GAS  /tmp/ccPlTOfC.s 			page 12


 278 0120 2B46     		mov	r3, r5
 279 0122 3A46     		mov	r2, r7
 280 0124 0AA9     		add	r1, sp, #40
 281 0126 2046     		mov	r0, r4
 282              	.LVL24:
 245:Middlewares/ST/filex/common/src/fx_unicode_directory_create.c **** 
 283              		.loc 1 245 15 view .LVU83
 284 0128 FFF7FEFF 		bl	_fx_unicode_directory_entry_change
 285              	.LVL25:
 248:Middlewares/ST/filex/common/src/fx_unicode_directory_create.c ****     {
 286              		.loc 1 248 5 is_stmt 1 view .LVU84
 248:Middlewares/ST/filex/common/src/fx_unicode_directory_create.c ****     {
 287              		.loc 1 248 8 is_stmt 0 view .LVU85
 288 012c 8246     		mov	r10, r0
 289 012e B8B1     		cbz	r0, .L18
 290              	.LVL26:
 291              	.L13:
 286:Middlewares/ST/filex/common/src/fx_unicode_directory_create.c **** 
 292              		.loc 1 286 5 is_stmt 1 view .LVU86
 293 0130 4846     		mov	r0, r9
 294              	.LVL27:
 286:Middlewares/ST/filex/common/src/fx_unicode_directory_create.c **** 
 295              		.loc 1 286 5 is_stmt 0 view .LVU87
 296 0132 FFF7FEFF 		bl	_tx_mutex_put
 297              	.LVL28:
 289:Middlewares/ST/filex/common/src/fx_unicode_directory_create.c **** }
 298              		.loc 1 289 5 is_stmt 1 view .LVU88
 289:Middlewares/ST/filex/common/src/fx_unicode_directory_create.c **** }
 299              		.loc 1 289 11 is_stmt 0 view .LVU89
 300 0136 78E7     		b	.L1
 301              	.LVL29:
 302              	.L24:
 215:Middlewares/ST/filex/common/src/fx_unicode_directory_create.c **** 
 303              		.loc 1 215 9 is_stmt 1 view .LVU90
 304 0138 4846     		mov	r0, r9
 305              	.LVL30:
 215:Middlewares/ST/filex/common/src/fx_unicode_directory_create.c **** 
 306              		.loc 1 215 9 is_stmt 0 view .LVU91
 307 013a FFF7FEFF 		bl	_tx_mutex_put
 308              	.LVL31:
 218:Middlewares/ST/filex/common/src/fx_unicode_directory_create.c ****     }
 309              		.loc 1 218 9 is_stmt 1 view .LVU92
 218:Middlewares/ST/filex/common/src/fx_unicode_directory_create.c ****     }
 310              		.loc 1 218 15 is_stmt 0 view .LVU93
 311 013e 74E7     		b	.L1
 312              	.LVL32:
 313              	.L25:
 238:Middlewares/ST/filex/common/src/fx_unicode_directory_create.c **** 
 314              		.loc 1 238 9 is_stmt 1 view .LVU94
 315 0140 4846     		mov	r0, r9
 316              	.LVL33:
 238:Middlewares/ST/filex/common/src/fx_unicode_directory_create.c **** 
 317              		.loc 1 238 9 is_stmt 0 view .LVU95
 318 0142 FFF7FEFF 		bl	_tx_mutex_put
 319              	.LVL34:
 241:Middlewares/ST/filex/common/src/fx_unicode_directory_create.c ****     }
 320              		.loc 1 241 9 is_stmt 1 view .LVU96
ARM GAS  /tmp/ccPlTOfC.s 			page 13


 241:Middlewares/ST/filex/common/src/fx_unicode_directory_create.c ****     }
 321              		.loc 1 241 15 is_stmt 0 view .LVU97
 322 0146 70E7     		b	.L1
 323              	.LVL35:
 324              	.L26:
 253:Middlewares/ST/filex/common/src/fx_unicode_directory_create.c ****         {
 325              		.loc 1 253 44 is_stmt 1 discriminator 2 view .LVU98
 326 0148 0133     		adds	r3, r3, #1
 327              	.LVL36:
 328              	.L12:
 253:Middlewares/ST/filex/common/src/fx_unicode_directory_create.c ****         {
 329              		.loc 1 253 23 discriminator 1 view .LVU99
 330 014a 072B     		cmp	r3, #7
 331 014c F0D8     		bhi	.L13
 257:Middlewares/ST/filex/common/src/fx_unicode_directory_create.c **** 
 332              		.loc 1 257 13 view .LVU100
 257:Middlewares/ST/filex/common/src/fx_unicode_directory_create.c **** 
 333              		.loc 1 257 63 is_stmt 0 view .LVU101
 334 014e 03F19802 		add	r2, r3, #152
 335 0152 6A44     		add	r2, sp, r2
 336 0154 12F86C2C 		ldrb	r2, [r2, #-108]	@ zero_extendqisi2
 257:Middlewares/ST/filex/common/src/fx_unicode_directory_create.c **** 
 337              		.loc 1 257 27 view .LVU102
 338 0158 F254     		strb	r2, [r6, r3]
 260:Middlewares/ST/filex/common/src/fx_unicode_directory_create.c ****             {
 339              		.loc 1 260 13 is_stmt 1 view .LVU103
 260:Middlewares/ST/filex/common/src/fx_unicode_directory_create.c ****             {
 340              		.loc 1 260 16 is_stmt 0 view .LVU104
 341 015a 002A     		cmp	r2, #0
 342 015c F4D1     		bne	.L26
 343 015e E7E7     		b	.L13
 344              	.LVL37:
 345              	.L18:
 253:Middlewares/ST/filex/common/src/fx_unicode_directory_create.c ****         {
 346              		.loc 1 253 16 view .LVU105
 347 0160 0346     		mov	r3, r0
 348 0162 F2E7     		b	.L12
 349              	.LVL38:
 350              	.L17:
 130:Middlewares/ST/filex/common/src/fx_unicode_directory_create.c **** 
 351              		.loc 1 130 5 discriminator 3 view .LVU106
 352 0164 4FF0110A 		mov	r10, #17
 353 0168 5FE7     		b	.L1
 354              	.L28:
 355 016a 00BF     		.align	2
 356              	.L27:
 357 016c 4944454D 		.word	1296385097
 358 0170 00000000 		.word	_fx_unicode_temp_long_file_name
 359 0174 398EE338 		.word	954437177
 360              		.cfi_endproc
 361              	.LFE8:
 363              		.text
 364              	.Letext0:
 365              		.file 2 "Middlewares/ST/threadx/ports/cortex_m7/gnu/inc/tx_port.h"
 366              		.file 3 "Middlewares/ST/threadx/common/inc/tx_api.h"
 367              		.file 4 "Middlewares/ST/threadx/common/inc/tx_trace.h"
 368              		.file 5 "Middlewares/ST/filex/common/inc/fx_api.h"
ARM GAS  /tmp/ccPlTOfC.s 			page 14


 369              		.file 6 "Middlewares/ST/filex/common/inc/fx_unicode.h"
 370              		.file 7 "Middlewares/ST/filex/common/inc/fx_directory.h"
ARM GAS  /tmp/ccPlTOfC.s 			page 15


DEFINED SYMBOLS
                            *ABS*:00000000 fx_unicode_directory_create.c
     /tmp/ccPlTOfC.s:20     .text._fx_unicode_directory_create:00000000 $t
     /tmp/ccPlTOfC.s:26     .text._fx_unicode_directory_create:00000000 _fx_unicode_directory_create
     /tmp/ccPlTOfC.s:357    .text._fx_unicode_directory_create:0000016c $d

UNDEFINED SYMBOLS
_fx_trace_event_insert
_tx_mutex_get
_fx_unicode_directory_search
_tx_mutex_put
_fx_directory_create
_fx_directory_search
_fx_unicode_directory_entry_change
_fx_unicode_temp_long_file_name
