ARM GAS  /tmp/cc9CT109.s 			page 1


   1              		.cpu cortex-m7
   2              		.arch armv7e-m
   3              		.fpu fpv5-d16
   4              		.eabi_attribute 28, 1
   5              		.eabi_attribute 20, 1
   6              		.eabi_attribute 21, 1
   7              		.eabi_attribute 23, 3
   8              		.eabi_attribute 24, 1
   9              		.eabi_attribute 25, 1
  10              		.eabi_attribute 26, 1
  11              		.eabi_attribute 30, 1
  12              		.eabi_attribute 34, 1
  13              		.eabi_attribute 18, 4
  14              		.file	"fxe_directory_local_path_set.c"
  15              		.text
  16              	.Ltext0:
  17              		.cfi_sections	.debug_frame
  18              		.file 1 "Middlewares/ST/filex/common/src/fxe_directory_local_path_set.c"
  19              		.section	.text._fxe_directory_local_path_set,"ax",%progbits
  20              		.align	1
  21              		.global	_fxe_directory_local_path_set
  22              		.syntax unified
  23              		.thumb
  24              		.thumb_func
  26              	_fxe_directory_local_path_set:
  27              	.LVL0:
  28              	.LFB8:
   1:Middlewares/ST/filex/common/src/fxe_directory_local_path_set.c **** /**************************************************************************/
   2:Middlewares/ST/filex/common/src/fxe_directory_local_path_set.c **** /*                                                                        */
   3:Middlewares/ST/filex/common/src/fxe_directory_local_path_set.c **** /*       Copyright (c) Microsoft Corporation. All rights reserved.        */
   4:Middlewares/ST/filex/common/src/fxe_directory_local_path_set.c **** /*                                                                        */
   5:Middlewares/ST/filex/common/src/fxe_directory_local_path_set.c **** /*       This software is licensed under the Microsoft Software License   */
   6:Middlewares/ST/filex/common/src/fxe_directory_local_path_set.c **** /*       Terms for Microsoft Azure RTOS. Full text of the license can be  */
   7:Middlewares/ST/filex/common/src/fxe_directory_local_path_set.c **** /*       found in the LICENSE file at https://aka.ms/AzureRTOS_EULA       */
   8:Middlewares/ST/filex/common/src/fxe_directory_local_path_set.c **** /*       and in the root directory of this software.                      */
   9:Middlewares/ST/filex/common/src/fxe_directory_local_path_set.c **** /*                                                                        */
  10:Middlewares/ST/filex/common/src/fxe_directory_local_path_set.c **** /**************************************************************************/
  11:Middlewares/ST/filex/common/src/fxe_directory_local_path_set.c **** 
  12:Middlewares/ST/filex/common/src/fxe_directory_local_path_set.c **** 
  13:Middlewares/ST/filex/common/src/fxe_directory_local_path_set.c **** /**************************************************************************/
  14:Middlewares/ST/filex/common/src/fxe_directory_local_path_set.c **** /**************************************************************************/
  15:Middlewares/ST/filex/common/src/fxe_directory_local_path_set.c **** /**                                                                       */
  16:Middlewares/ST/filex/common/src/fxe_directory_local_path_set.c **** /** FileX Component                                                       */
  17:Middlewares/ST/filex/common/src/fxe_directory_local_path_set.c **** /**                                                                       */
  18:Middlewares/ST/filex/common/src/fxe_directory_local_path_set.c **** /**   Directory                                                           */
  19:Middlewares/ST/filex/common/src/fxe_directory_local_path_set.c **** /**                                                                       */
  20:Middlewares/ST/filex/common/src/fxe_directory_local_path_set.c **** /**************************************************************************/
  21:Middlewares/ST/filex/common/src/fxe_directory_local_path_set.c **** /**************************************************************************/
  22:Middlewares/ST/filex/common/src/fxe_directory_local_path_set.c **** 
  23:Middlewares/ST/filex/common/src/fxe_directory_local_path_set.c **** #define FX_SOURCE_CODE
  24:Middlewares/ST/filex/common/src/fxe_directory_local_path_set.c **** 
  25:Middlewares/ST/filex/common/src/fxe_directory_local_path_set.c **** 
  26:Middlewares/ST/filex/common/src/fxe_directory_local_path_set.c **** /* Include necessary system files.  */
  27:Middlewares/ST/filex/common/src/fxe_directory_local_path_set.c **** 
  28:Middlewares/ST/filex/common/src/fxe_directory_local_path_set.c **** #include "fx_api.h"
  29:Middlewares/ST/filex/common/src/fxe_directory_local_path_set.c **** #include "fx_system.h"
  30:Middlewares/ST/filex/common/src/fxe_directory_local_path_set.c **** #include "fx_file.h"
ARM GAS  /tmp/cc9CT109.s 			page 2


  31:Middlewares/ST/filex/common/src/fxe_directory_local_path_set.c **** #include "fx_utility.h"
  32:Middlewares/ST/filex/common/src/fxe_directory_local_path_set.c **** #include "fx_directory.h"
  33:Middlewares/ST/filex/common/src/fxe_directory_local_path_set.c **** 
  34:Middlewares/ST/filex/common/src/fxe_directory_local_path_set.c **** 
  35:Middlewares/ST/filex/common/src/fxe_directory_local_path_set.c **** /**************************************************************************/
  36:Middlewares/ST/filex/common/src/fxe_directory_local_path_set.c **** /*                                                                        */
  37:Middlewares/ST/filex/common/src/fxe_directory_local_path_set.c **** /*  FUNCTION                                               RELEASE        */
  38:Middlewares/ST/filex/common/src/fxe_directory_local_path_set.c **** /*                                                                        */
  39:Middlewares/ST/filex/common/src/fxe_directory_local_path_set.c **** /*    _fxe_directory_local_path_set                       PORTABLE C      */
  40:Middlewares/ST/filex/common/src/fxe_directory_local_path_set.c **** /*                                                           6.1          */
  41:Middlewares/ST/filex/common/src/fxe_directory_local_path_set.c **** /*  AUTHOR                                                                */
  42:Middlewares/ST/filex/common/src/fxe_directory_local_path_set.c **** /*                                                                        */
  43:Middlewares/ST/filex/common/src/fxe_directory_local_path_set.c **** /*    William E. Lamie, Microsoft Corporation                             */
  44:Middlewares/ST/filex/common/src/fxe_directory_local_path_set.c **** /*                                                                        */
  45:Middlewares/ST/filex/common/src/fxe_directory_local_path_set.c **** /*  DESCRIPTION                                                           */
  46:Middlewares/ST/filex/common/src/fxe_directory_local_path_set.c **** /*                                                                        */
  47:Middlewares/ST/filex/common/src/fxe_directory_local_path_set.c **** /*    This function checks for errors in the local path set call.         */
  48:Middlewares/ST/filex/common/src/fxe_directory_local_path_set.c **** /*                                                                        */
  49:Middlewares/ST/filex/common/src/fxe_directory_local_path_set.c **** /*  INPUT                                                                 */
  50:Middlewares/ST/filex/common/src/fxe_directory_local_path_set.c **** /*                                                                        */
  51:Middlewares/ST/filex/common/src/fxe_directory_local_path_set.c **** /*    media_ptr                             Media control block pointer   */
  52:Middlewares/ST/filex/common/src/fxe_directory_local_path_set.c **** /*    local_path_ptr                        Local path control block ptr  */
  53:Middlewares/ST/filex/common/src/fxe_directory_local_path_set.c **** /*    new_path_name                         New path to set current local */
  54:Middlewares/ST/filex/common/src/fxe_directory_local_path_set.c **** /*                                            working directory to        */
  55:Middlewares/ST/filex/common/src/fxe_directory_local_path_set.c **** /*    local_path_control_block_size         Size of the FX_LOCAL_PATH     */
  56:Middlewares/ST/filex/common/src/fxe_directory_local_path_set.c **** /*                                            structure                   */
  57:Middlewares/ST/filex/common/src/fxe_directory_local_path_set.c **** /*                                                                        */
  58:Middlewares/ST/filex/common/src/fxe_directory_local_path_set.c **** /*  OUTPUT                                                                */
  59:Middlewares/ST/filex/common/src/fxe_directory_local_path_set.c **** /*                                                                        */
  60:Middlewares/ST/filex/common/src/fxe_directory_local_path_set.c **** /*    return status                                                       */
  61:Middlewares/ST/filex/common/src/fxe_directory_local_path_set.c **** /*                                                                        */
  62:Middlewares/ST/filex/common/src/fxe_directory_local_path_set.c **** /*  CALLS                                                                 */
  63:Middlewares/ST/filex/common/src/fxe_directory_local_path_set.c **** /*                                                                        */
  64:Middlewares/ST/filex/common/src/fxe_directory_local_path_set.c **** /*    _fx_directory_local_path_set          Actual core service call      */
  65:Middlewares/ST/filex/common/src/fxe_directory_local_path_set.c **** /*                                                                        */
  66:Middlewares/ST/filex/common/src/fxe_directory_local_path_set.c **** /*  CALLED BY                                                             */
  67:Middlewares/ST/filex/common/src/fxe_directory_local_path_set.c **** /*                                                                        */
  68:Middlewares/ST/filex/common/src/fxe_directory_local_path_set.c **** /*    Application Code                                                    */
  69:Middlewares/ST/filex/common/src/fxe_directory_local_path_set.c **** /*                                                                        */
  70:Middlewares/ST/filex/common/src/fxe_directory_local_path_set.c **** /*  RELEASE HISTORY                                                       */
  71:Middlewares/ST/filex/common/src/fxe_directory_local_path_set.c **** /*                                                                        */
  72:Middlewares/ST/filex/common/src/fxe_directory_local_path_set.c **** /*    DATE              NAME                      DESCRIPTION             */
  73:Middlewares/ST/filex/common/src/fxe_directory_local_path_set.c **** /*                                                                        */
  74:Middlewares/ST/filex/common/src/fxe_directory_local_path_set.c **** /*  05-19-2020     William E. Lamie         Initial Version 6.0           */
  75:Middlewares/ST/filex/common/src/fxe_directory_local_path_set.c **** /*  09-30-2020     William E. Lamie         Modified comment(s),          */
  76:Middlewares/ST/filex/common/src/fxe_directory_local_path_set.c **** /*                                            resulting in version 6.1    */
  77:Middlewares/ST/filex/common/src/fxe_directory_local_path_set.c **** /*                                                                        */
  78:Middlewares/ST/filex/common/src/fxe_directory_local_path_set.c **** /**************************************************************************/
  79:Middlewares/ST/filex/common/src/fxe_directory_local_path_set.c **** UINT  _fxe_directory_local_path_set(FX_MEDIA *media_ptr, FX_LOCAL_PATH *local_path_ptr, CHAR *new_p
  80:Middlewares/ST/filex/common/src/fxe_directory_local_path_set.c **** {
  29              		.loc 1 80 1 view -0
  30              		.cfi_startproc
  31              		@ args = 0, pretend = 0, frame = 0
  32              		@ frame_needed = 0, uses_anonymous_args = 0
  81:Middlewares/ST/filex/common/src/fxe_directory_local_path_set.c **** 
  82:Middlewares/ST/filex/common/src/fxe_directory_local_path_set.c **** UINT status;
  33              		.loc 1 82 1 view .LVU1
ARM GAS  /tmp/cc9CT109.s 			page 3


  83:Middlewares/ST/filex/common/src/fxe_directory_local_path_set.c **** 
  84:Middlewares/ST/filex/common/src/fxe_directory_local_path_set.c **** 
  85:Middlewares/ST/filex/common/src/fxe_directory_local_path_set.c ****     /* Check for a null media pointer or null local path.  */
  86:Middlewares/ST/filex/common/src/fxe_directory_local_path_set.c ****     if ((media_ptr == FX_NULL) || (local_path_ptr == FX_NULL) || (local_path_control_block_size != 
  34              		.loc 1 86 5 view .LVU2
  35              		.loc 1 86 8 is_stmt 0 view .LVU3
  36 0000 0029     		cmp	r1, #0
  37 0002 18BF     		it	ne
  38 0004 0028     		cmpne	r0, #0
  39 0006 09D0     		beq	.L3
  80:Middlewares/ST/filex/common/src/fxe_directory_local_path_set.c **** 
  40              		.loc 1 80 1 view .LVU4
  41 0008 08B5     		push	{r3, lr}
  42              	.LCFI0:
  43              		.cfi_def_cfa_offset 8
  44              		.cfi_offset 3, -8
  45              		.cfi_offset 14, -4
  46 000a 8E46     		mov	lr, r1
  47              		.loc 1 86 63 discriminator 1 view .LVU5
  48 000c B3F51E7F 		cmp	r3, #632
  49 0010 01D0     		beq	.L9
  87:Middlewares/ST/filex/common/src/fxe_directory_local_path_set.c ****     {
  88:Middlewares/ST/filex/common/src/fxe_directory_local_path_set.c ****         return(FX_PTR_ERROR);
  50              		.loc 1 88 15 view .LVU6
  51 0012 1820     		movs	r0, #24
  52              	.LVL1:
  53              	.L1:
  89:Middlewares/ST/filex/common/src/fxe_directory_local_path_set.c ****     }
  90:Middlewares/ST/filex/common/src/fxe_directory_local_path_set.c **** 
  91:Middlewares/ST/filex/common/src/fxe_directory_local_path_set.c ****     /* Call actual local path set service.  */
  92:Middlewares/ST/filex/common/src/fxe_directory_local_path_set.c ****     status =  _fx_directory_local_path_set(media_ptr, local_path_ptr, new_path_name);
  93:Middlewares/ST/filex/common/src/fxe_directory_local_path_set.c **** 
  94:Middlewares/ST/filex/common/src/fxe_directory_local_path_set.c ****     /* Return status.  */
  95:Middlewares/ST/filex/common/src/fxe_directory_local_path_set.c ****     return(status);
  96:Middlewares/ST/filex/common/src/fxe_directory_local_path_set.c **** }
  54              		.loc 1 96 1 view .LVU7
  55 0014 08BD     		pop	{r3, pc}
  56              	.LVL2:
  57              	.L9:
  92:Middlewares/ST/filex/common/src/fxe_directory_local_path_set.c **** 
  58              		.loc 1 92 5 is_stmt 1 view .LVU8
  92:Middlewares/ST/filex/common/src/fxe_directory_local_path_set.c **** 
  59              		.loc 1 92 15 is_stmt 0 view .LVU9
  60 0016 FFF7FEFF 		bl	_fx_directory_local_path_set
  61              	.LVL3:
  95:Middlewares/ST/filex/common/src/fxe_directory_local_path_set.c **** }
  62              		.loc 1 95 5 is_stmt 1 view .LVU10
  95:Middlewares/ST/filex/common/src/fxe_directory_local_path_set.c **** }
  63              		.loc 1 95 11 is_stmt 0 view .LVU11
  64 001a FBE7     		b	.L1
  65              	.LVL4:
  66              	.L3:
  67              	.LCFI1:
  68              		.cfi_def_cfa_offset 0
  69              		.cfi_restore 3
  70              		.cfi_restore 14
  88:Middlewares/ST/filex/common/src/fxe_directory_local_path_set.c ****     }
ARM GAS  /tmp/cc9CT109.s 			page 4


  71              		.loc 1 88 15 view .LVU12
  72 001c 1820     		movs	r0, #24
  73              	.LVL5:
  74              		.loc 1 96 1 view .LVU13
  75 001e 7047     		bx	lr
  76              		.cfi_endproc
  77              	.LFE8:
  79              		.text
  80              	.Letext0:
  81              		.file 2 "Middlewares/ST/threadx/ports/cortex_m7/gnu/inc/tx_port.h"
  82              		.file 3 "Middlewares/ST/threadx/common/inc/tx_api.h"
  83              		.file 4 "Middlewares/ST/filex/common/inc/fx_api.h"
  84              		.file 5 "Middlewares/ST/filex/common/inc/fx_directory.h"
ARM GAS  /tmp/cc9CT109.s 			page 5


DEFINED SYMBOLS
                            *ABS*:00000000 fxe_directory_local_path_set.c
     /tmp/cc9CT109.s:20     .text._fxe_directory_local_path_set:00000000 $t
     /tmp/cc9CT109.s:26     .text._fxe_directory_local_path_set:00000000 _fxe_directory_local_path_set

UNDEFINED SYMBOLS
_fx_directory_local_path_set
