ARM GAS  /tmp/ccz75h8j.s 			page 1


   1              		.cpu cortex-m7
   2              		.arch armv7e-m
   3              		.fpu fpv5-d16
   4              		.eabi_attribute 28, 1
   5              		.eabi_attribute 20, 1
   6              		.eabi_attribute 21, 1
   7              		.eabi_attribute 23, 3
   8              		.eabi_attribute 24, 1
   9              		.eabi_attribute 25, 1
  10              		.eabi_attribute 26, 1
  11              		.eabi_attribute 30, 1
  12              		.eabi_attribute 34, 1
  13              		.eabi_attribute 18, 4
  14              		.file	"fxe_directory_local_path_restore.c"
  15              		.text
  16              	.Ltext0:
  17              		.cfi_sections	.debug_frame
  18              		.file 1 "Middlewares/ST/filex/common/src/fxe_directory_local_path_restore.c"
  19              		.section	.text._fxe_directory_local_path_restore,"ax",%progbits
  20              		.align	1
  21              		.global	_fxe_directory_local_path_restore
  22              		.syntax unified
  23              		.thumb
  24              		.thumb_func
  26              	_fxe_directory_local_path_restore:
  27              	.LVL0:
  28              	.LFB8:
   1:Middlewares/ST/filex/common/src/fxe_directory_local_path_restore.c **** /**************************************************************************/
   2:Middlewares/ST/filex/common/src/fxe_directory_local_path_restore.c **** /*                                                                        */
   3:Middlewares/ST/filex/common/src/fxe_directory_local_path_restore.c **** /*       Copyright (c) Microsoft Corporation. All rights reserved.        */
   4:Middlewares/ST/filex/common/src/fxe_directory_local_path_restore.c **** /*                                                                        */
   5:Middlewares/ST/filex/common/src/fxe_directory_local_path_restore.c **** /*       This software is licensed under the Microsoft Software License   */
   6:Middlewares/ST/filex/common/src/fxe_directory_local_path_restore.c **** /*       Terms for Microsoft Azure RTOS. Full text of the license can be  */
   7:Middlewares/ST/filex/common/src/fxe_directory_local_path_restore.c **** /*       found in the LICENSE file at https://aka.ms/AzureRTOS_EULA       */
   8:Middlewares/ST/filex/common/src/fxe_directory_local_path_restore.c **** /*       and in the root directory of this software.                      */
   9:Middlewares/ST/filex/common/src/fxe_directory_local_path_restore.c **** /*                                                                        */
  10:Middlewares/ST/filex/common/src/fxe_directory_local_path_restore.c **** /**************************************************************************/
  11:Middlewares/ST/filex/common/src/fxe_directory_local_path_restore.c **** 
  12:Middlewares/ST/filex/common/src/fxe_directory_local_path_restore.c **** 
  13:Middlewares/ST/filex/common/src/fxe_directory_local_path_restore.c **** /**************************************************************************/
  14:Middlewares/ST/filex/common/src/fxe_directory_local_path_restore.c **** /**************************************************************************/
  15:Middlewares/ST/filex/common/src/fxe_directory_local_path_restore.c **** /**                                                                       */
  16:Middlewares/ST/filex/common/src/fxe_directory_local_path_restore.c **** /** FileX Component                                                       */
  17:Middlewares/ST/filex/common/src/fxe_directory_local_path_restore.c **** /**                                                                       */
  18:Middlewares/ST/filex/common/src/fxe_directory_local_path_restore.c **** /**   Directory                                                           */
  19:Middlewares/ST/filex/common/src/fxe_directory_local_path_restore.c **** /**                                                                       */
  20:Middlewares/ST/filex/common/src/fxe_directory_local_path_restore.c **** /**************************************************************************/
  21:Middlewares/ST/filex/common/src/fxe_directory_local_path_restore.c **** /**************************************************************************/
  22:Middlewares/ST/filex/common/src/fxe_directory_local_path_restore.c **** 
  23:Middlewares/ST/filex/common/src/fxe_directory_local_path_restore.c **** #define FX_SOURCE_CODE
  24:Middlewares/ST/filex/common/src/fxe_directory_local_path_restore.c **** 
  25:Middlewares/ST/filex/common/src/fxe_directory_local_path_restore.c **** 
  26:Middlewares/ST/filex/common/src/fxe_directory_local_path_restore.c **** /* Include necessary system files.  */
  27:Middlewares/ST/filex/common/src/fxe_directory_local_path_restore.c **** 
  28:Middlewares/ST/filex/common/src/fxe_directory_local_path_restore.c **** #include "fx_api.h"
  29:Middlewares/ST/filex/common/src/fxe_directory_local_path_restore.c **** #include "fx_system.h"
  30:Middlewares/ST/filex/common/src/fxe_directory_local_path_restore.c **** #include "fx_file.h"
ARM GAS  /tmp/ccz75h8j.s 			page 2


  31:Middlewares/ST/filex/common/src/fxe_directory_local_path_restore.c **** #include "fx_utility.h"
  32:Middlewares/ST/filex/common/src/fxe_directory_local_path_restore.c **** #include "fx_directory.h"
  33:Middlewares/ST/filex/common/src/fxe_directory_local_path_restore.c **** 
  34:Middlewares/ST/filex/common/src/fxe_directory_local_path_restore.c **** 
  35:Middlewares/ST/filex/common/src/fxe_directory_local_path_restore.c **** /**************************************************************************/
  36:Middlewares/ST/filex/common/src/fxe_directory_local_path_restore.c **** /*                                                                        */
  37:Middlewares/ST/filex/common/src/fxe_directory_local_path_restore.c **** /*  FUNCTION                                               RELEASE        */
  38:Middlewares/ST/filex/common/src/fxe_directory_local_path_restore.c **** /*                                                                        */
  39:Middlewares/ST/filex/common/src/fxe_directory_local_path_restore.c **** /*    _fxe_directory_local_path_restore                   PORTABLE C      */
  40:Middlewares/ST/filex/common/src/fxe_directory_local_path_restore.c **** /*                                                           6.1          */
  41:Middlewares/ST/filex/common/src/fxe_directory_local_path_restore.c **** /*  AUTHOR                                                                */
  42:Middlewares/ST/filex/common/src/fxe_directory_local_path_restore.c **** /*                                                                        */
  43:Middlewares/ST/filex/common/src/fxe_directory_local_path_restore.c **** /*    William E. Lamie, Microsoft Corporation                             */
  44:Middlewares/ST/filex/common/src/fxe_directory_local_path_restore.c **** /*                                                                        */
  45:Middlewares/ST/filex/common/src/fxe_directory_local_path_restore.c **** /*  DESCRIPTION                                                           */
  46:Middlewares/ST/filex/common/src/fxe_directory_local_path_restore.c **** /*                                                                        */
  47:Middlewares/ST/filex/common/src/fxe_directory_local_path_restore.c **** /*    This function checks for errors in the local path restore call.     */
  48:Middlewares/ST/filex/common/src/fxe_directory_local_path_restore.c **** /*                                                                        */
  49:Middlewares/ST/filex/common/src/fxe_directory_local_path_restore.c **** /*  INPUT                                                                 */
  50:Middlewares/ST/filex/common/src/fxe_directory_local_path_restore.c **** /*                                                                        */
  51:Middlewares/ST/filex/common/src/fxe_directory_local_path_restore.c **** /*    media_ptr                             Media control block pointer   */
  52:Middlewares/ST/filex/common/src/fxe_directory_local_path_restore.c **** /*    local_path_ptr                        Local path control block ptr  */
  53:Middlewares/ST/filex/common/src/fxe_directory_local_path_restore.c **** /*                                                                        */
  54:Middlewares/ST/filex/common/src/fxe_directory_local_path_restore.c **** /*  OUTPUT                                                                */
  55:Middlewares/ST/filex/common/src/fxe_directory_local_path_restore.c **** /*                                                                        */
  56:Middlewares/ST/filex/common/src/fxe_directory_local_path_restore.c **** /*    return status                                                       */
  57:Middlewares/ST/filex/common/src/fxe_directory_local_path_restore.c **** /*                                                                        */
  58:Middlewares/ST/filex/common/src/fxe_directory_local_path_restore.c **** /*  CALLS                                                                 */
  59:Middlewares/ST/filex/common/src/fxe_directory_local_path_restore.c **** /*                                                                        */
  60:Middlewares/ST/filex/common/src/fxe_directory_local_path_restore.c **** /*    _fxe_directory_local_path_restore     Actual core service call      */
  61:Middlewares/ST/filex/common/src/fxe_directory_local_path_restore.c **** /*                                                                        */
  62:Middlewares/ST/filex/common/src/fxe_directory_local_path_restore.c **** /*  CALLED BY                                                             */
  63:Middlewares/ST/filex/common/src/fxe_directory_local_path_restore.c **** /*                                                                        */
  64:Middlewares/ST/filex/common/src/fxe_directory_local_path_restore.c **** /*    Application Code                                                    */
  65:Middlewares/ST/filex/common/src/fxe_directory_local_path_restore.c **** /*                                                                        */
  66:Middlewares/ST/filex/common/src/fxe_directory_local_path_restore.c **** /*  RELEASE HISTORY                                                       */
  67:Middlewares/ST/filex/common/src/fxe_directory_local_path_restore.c **** /*                                                                        */
  68:Middlewares/ST/filex/common/src/fxe_directory_local_path_restore.c **** /*    DATE              NAME                      DESCRIPTION             */
  69:Middlewares/ST/filex/common/src/fxe_directory_local_path_restore.c **** /*                                                                        */
  70:Middlewares/ST/filex/common/src/fxe_directory_local_path_restore.c **** /*  05-19-2020     William E. Lamie         Initial Version 6.0           */
  71:Middlewares/ST/filex/common/src/fxe_directory_local_path_restore.c **** /*  09-30-2020     William E. Lamie         Modified comment(s),          */
  72:Middlewares/ST/filex/common/src/fxe_directory_local_path_restore.c **** /*                                            resulting in version 6.1    */
  73:Middlewares/ST/filex/common/src/fxe_directory_local_path_restore.c **** /*                                                                        */
  74:Middlewares/ST/filex/common/src/fxe_directory_local_path_restore.c **** /**************************************************************************/
  75:Middlewares/ST/filex/common/src/fxe_directory_local_path_restore.c **** UINT  _fxe_directory_local_path_restore(FX_MEDIA *media_ptr, FX_LOCAL_PATH *local_path_ptr)
  76:Middlewares/ST/filex/common/src/fxe_directory_local_path_restore.c **** {
  29              		.loc 1 76 1 view -0
  30              		.cfi_startproc
  31              		@ args = 0, pretend = 0, frame = 0
  32              		@ frame_needed = 0, uses_anonymous_args = 0
  77:Middlewares/ST/filex/common/src/fxe_directory_local_path_restore.c **** 
  78:Middlewares/ST/filex/common/src/fxe_directory_local_path_restore.c **** UINT status;
  33              		.loc 1 78 1 view .LVU1
  79:Middlewares/ST/filex/common/src/fxe_directory_local_path_restore.c **** 
  80:Middlewares/ST/filex/common/src/fxe_directory_local_path_restore.c **** 
  81:Middlewares/ST/filex/common/src/fxe_directory_local_path_restore.c ****     /* Check for a null media pointer or a null local path.  */
  82:Middlewares/ST/filex/common/src/fxe_directory_local_path_restore.c ****     if ((media_ptr == FX_NULL) || (local_path_ptr == FX_NULL))
ARM GAS  /tmp/ccz75h8j.s 			page 3


  34              		.loc 1 82 5 view .LVU2
  35              		.loc 1 82 8 is_stmt 0 view .LVU3
  36 0000 0029     		cmp	r1, #0
  37 0002 18BF     		it	ne
  38 0004 0028     		cmpne	r0, #0
  39 0006 03D0     		beq	.L3
  76:Middlewares/ST/filex/common/src/fxe_directory_local_path_restore.c **** 
  40              		.loc 1 76 1 view .LVU4
  41 0008 08B5     		push	{r3, lr}
  42              	.LCFI0:
  43              		.cfi_def_cfa_offset 8
  44              		.cfi_offset 3, -8
  45              		.cfi_offset 14, -4
  83:Middlewares/ST/filex/common/src/fxe_directory_local_path_restore.c ****     {
  84:Middlewares/ST/filex/common/src/fxe_directory_local_path_restore.c ****         return(FX_PTR_ERROR);
  85:Middlewares/ST/filex/common/src/fxe_directory_local_path_restore.c ****     }
  86:Middlewares/ST/filex/common/src/fxe_directory_local_path_restore.c **** 
  87:Middlewares/ST/filex/common/src/fxe_directory_local_path_restore.c ****     /* Call actual local path restore service.  */
  88:Middlewares/ST/filex/common/src/fxe_directory_local_path_restore.c ****     status =  _fx_directory_local_path_restore(media_ptr, local_path_ptr);
  46              		.loc 1 88 5 is_stmt 1 view .LVU5
  47              		.loc 1 88 15 is_stmt 0 view .LVU6
  48 000a FFF7FEFF 		bl	_fx_directory_local_path_restore
  49              	.LVL1:
  89:Middlewares/ST/filex/common/src/fxe_directory_local_path_restore.c **** 
  90:Middlewares/ST/filex/common/src/fxe_directory_local_path_restore.c ****     /* Return status.  */
  91:Middlewares/ST/filex/common/src/fxe_directory_local_path_restore.c ****     return(status);
  50              		.loc 1 91 5 is_stmt 1 view .LVU7
  92:Middlewares/ST/filex/common/src/fxe_directory_local_path_restore.c **** }
  51              		.loc 1 92 1 is_stmt 0 view .LVU8
  52 000e 08BD     		pop	{r3, pc}
  53              	.LVL2:
  54              	.L3:
  55              	.LCFI1:
  56              		.cfi_def_cfa_offset 0
  57              		.cfi_restore 3
  58              		.cfi_restore 14
  84:Middlewares/ST/filex/common/src/fxe_directory_local_path_restore.c ****     }
  59              		.loc 1 84 15 view .LVU9
  60 0010 1820     		movs	r0, #24
  61              	.LVL3:
  62              		.loc 1 92 1 view .LVU10
  63 0012 7047     		bx	lr
  64              		.cfi_endproc
  65              	.LFE8:
  67              		.text
  68              	.Letext0:
  69              		.file 2 "Middlewares/ST/threadx/ports/cortex_m7/gnu/inc/tx_port.h"
  70              		.file 3 "Middlewares/ST/threadx/common/inc/tx_api.h"
  71              		.file 4 "Middlewares/ST/filex/common/inc/fx_api.h"
  72              		.file 5 "Middlewares/ST/filex/common/inc/fx_directory.h"
ARM GAS  /tmp/ccz75h8j.s 			page 4


DEFINED SYMBOLS
                            *ABS*:00000000 fxe_directory_local_path_restore.c
     /tmp/ccz75h8j.s:20     .text._fxe_directory_local_path_restore:00000000 $t
     /tmp/ccz75h8j.s:26     .text._fxe_directory_local_path_restore:00000000 _fxe_directory_local_path_restore

UNDEFINED SYMBOLS
_fx_directory_local_path_restore
