ARM GAS  /tmp/ccqizlWf.s 			page 1


   1              		.cpu cortex-m7
   2              		.arch armv7e-m
   3              		.fpu fpv5-d16
   4              		.eabi_attribute 28, 1
   5              		.eabi_attribute 20, 1
   6              		.eabi_attribute 21, 1
   7              		.eabi_attribute 23, 3
   8              		.eabi_attribute 24, 1
   9              		.eabi_attribute 25, 1
  10              		.eabi_attribute 26, 1
  11              		.eabi_attribute 30, 1
  12              		.eabi_attribute 34, 1
  13              		.eabi_attribute 18, 4
  14              		.file	"fxe_system_date_set.c"
  15              		.text
  16              	.Ltext0:
  17              		.cfi_sections	.debug_frame
  18              		.file 1 "Middlewares/ST/filex/common/src/fxe_system_date_set.c"
  19              		.section	.text._fxe_system_date_set,"ax",%progbits
  20              		.align	1
  21              		.global	_fxe_system_date_set
  22              		.syntax unified
  23              		.thumb
  24              		.thumb_func
  26              	_fxe_system_date_set:
  27              	.LVL0:
  28              	.LFB8:
   1:Middlewares/ST/filex/common/src/fxe_system_date_set.c **** /**************************************************************************/
   2:Middlewares/ST/filex/common/src/fxe_system_date_set.c **** /*                                                                        */
   3:Middlewares/ST/filex/common/src/fxe_system_date_set.c **** /*       Copyright (c) Microsoft Corporation. All rights reserved.        */
   4:Middlewares/ST/filex/common/src/fxe_system_date_set.c **** /*                                                                        */
   5:Middlewares/ST/filex/common/src/fxe_system_date_set.c **** /*       This software is licensed under the Microsoft Software License   */
   6:Middlewares/ST/filex/common/src/fxe_system_date_set.c **** /*       Terms for Microsoft Azure RTOS. Full text of the license can be  */
   7:Middlewares/ST/filex/common/src/fxe_system_date_set.c **** /*       found in the LICENSE file at https://aka.ms/AzureRTOS_EULA       */
   8:Middlewares/ST/filex/common/src/fxe_system_date_set.c **** /*       and in the root directory of this software.                      */
   9:Middlewares/ST/filex/common/src/fxe_system_date_set.c **** /*                                                                        */
  10:Middlewares/ST/filex/common/src/fxe_system_date_set.c **** /**************************************************************************/
  11:Middlewares/ST/filex/common/src/fxe_system_date_set.c **** 
  12:Middlewares/ST/filex/common/src/fxe_system_date_set.c **** 
  13:Middlewares/ST/filex/common/src/fxe_system_date_set.c **** /**************************************************************************/
  14:Middlewares/ST/filex/common/src/fxe_system_date_set.c **** /**************************************************************************/
  15:Middlewares/ST/filex/common/src/fxe_system_date_set.c **** /**                                                                       */
  16:Middlewares/ST/filex/common/src/fxe_system_date_set.c **** /** FileX Component                                                       */
  17:Middlewares/ST/filex/common/src/fxe_system_date_set.c **** /**                                                                       */
  18:Middlewares/ST/filex/common/src/fxe_system_date_set.c **** /**   System                                                              */
  19:Middlewares/ST/filex/common/src/fxe_system_date_set.c **** /**                                                                       */
  20:Middlewares/ST/filex/common/src/fxe_system_date_set.c **** /**************************************************************************/
  21:Middlewares/ST/filex/common/src/fxe_system_date_set.c **** /**************************************************************************/
  22:Middlewares/ST/filex/common/src/fxe_system_date_set.c **** 
  23:Middlewares/ST/filex/common/src/fxe_system_date_set.c **** #define FX_SOURCE_CODE
  24:Middlewares/ST/filex/common/src/fxe_system_date_set.c **** 
  25:Middlewares/ST/filex/common/src/fxe_system_date_set.c **** 
  26:Middlewares/ST/filex/common/src/fxe_system_date_set.c **** /* Include necessary system files.  */
  27:Middlewares/ST/filex/common/src/fxe_system_date_set.c **** 
  28:Middlewares/ST/filex/common/src/fxe_system_date_set.c **** #include "fx_api.h"
  29:Middlewares/ST/filex/common/src/fxe_system_date_set.c **** #include "fx_system.h"
  30:Middlewares/ST/filex/common/src/fxe_system_date_set.c **** 
ARM GAS  /tmp/ccqizlWf.s 			page 2


  31:Middlewares/ST/filex/common/src/fxe_system_date_set.c **** 
  32:Middlewares/ST/filex/common/src/fxe_system_date_set.c **** /**************************************************************************/
  33:Middlewares/ST/filex/common/src/fxe_system_date_set.c **** /*                                                                        */
  34:Middlewares/ST/filex/common/src/fxe_system_date_set.c **** /*  FUNCTION                                               RELEASE        */
  35:Middlewares/ST/filex/common/src/fxe_system_date_set.c **** /*                                                                        */
  36:Middlewares/ST/filex/common/src/fxe_system_date_set.c **** /*    _fxe_system_date_set                                PORTABLE C      */
  37:Middlewares/ST/filex/common/src/fxe_system_date_set.c **** /*                                                           6.1          */
  38:Middlewares/ST/filex/common/src/fxe_system_date_set.c **** /*  AUTHOR                                                                */
  39:Middlewares/ST/filex/common/src/fxe_system_date_set.c **** /*                                                                        */
  40:Middlewares/ST/filex/common/src/fxe_system_date_set.c **** /*    William E. Lamie, Microsoft Corporation                             */
  41:Middlewares/ST/filex/common/src/fxe_system_date_set.c **** /*                                                                        */
  42:Middlewares/ST/filex/common/src/fxe_system_date_set.c **** /*  DESCRIPTION                                                           */
  43:Middlewares/ST/filex/common/src/fxe_system_date_set.c **** /*                                                                        */
  44:Middlewares/ST/filex/common/src/fxe_system_date_set.c **** /*    This function checks for errors in the set system date call.        */
  45:Middlewares/ST/filex/common/src/fxe_system_date_set.c **** /*                                                                        */
  46:Middlewares/ST/filex/common/src/fxe_system_date_set.c **** /*  INPUT                                                                 */
  47:Middlewares/ST/filex/common/src/fxe_system_date_set.c **** /*                                                                        */
  48:Middlewares/ST/filex/common/src/fxe_system_date_set.c **** /*    year                                  Year (1980-2107)              */
  49:Middlewares/ST/filex/common/src/fxe_system_date_set.c **** /*    month                                 Month (1-12)                  */
  50:Middlewares/ST/filex/common/src/fxe_system_date_set.c **** /*    day                                   Day (1-28/29/30/31)           */
  51:Middlewares/ST/filex/common/src/fxe_system_date_set.c **** /*                                                                        */
  52:Middlewares/ST/filex/common/src/fxe_system_date_set.c **** /*  OUTPUT                                                                */
  53:Middlewares/ST/filex/common/src/fxe_system_date_set.c **** /*                                                                        */
  54:Middlewares/ST/filex/common/src/fxe_system_date_set.c **** /*    FX_INVALID_YEAR                       Supplied year is invalid      */
  55:Middlewares/ST/filex/common/src/fxe_system_date_set.c **** /*    FX_INVALID_MONTH                      Supplied month is invalid     */
  56:Middlewares/ST/filex/common/src/fxe_system_date_set.c **** /*    FX_INVALID_DAY                        Supplied day is invalid       */
  57:Middlewares/ST/filex/common/src/fxe_system_date_set.c **** /*    status                                Actual completion status      */
  58:Middlewares/ST/filex/common/src/fxe_system_date_set.c **** /*                                                                        */
  59:Middlewares/ST/filex/common/src/fxe_system_date_set.c **** /*  CALLS                                                                 */
  60:Middlewares/ST/filex/common/src/fxe_system_date_set.c **** /*                                                                        */
  61:Middlewares/ST/filex/common/src/fxe_system_date_set.c **** /*    _fx_system_date_set                   Actual system date set call   */
  62:Middlewares/ST/filex/common/src/fxe_system_date_set.c **** /*                                                                        */
  63:Middlewares/ST/filex/common/src/fxe_system_date_set.c **** /*  CALLED BY                                                             */
  64:Middlewares/ST/filex/common/src/fxe_system_date_set.c **** /*                                                                        */
  65:Middlewares/ST/filex/common/src/fxe_system_date_set.c **** /*    Application Code                                                    */
  66:Middlewares/ST/filex/common/src/fxe_system_date_set.c **** /*                                                                        */
  67:Middlewares/ST/filex/common/src/fxe_system_date_set.c **** /*  RELEASE HISTORY                                                       */
  68:Middlewares/ST/filex/common/src/fxe_system_date_set.c **** /*                                                                        */
  69:Middlewares/ST/filex/common/src/fxe_system_date_set.c **** /*    DATE              NAME                      DESCRIPTION             */
  70:Middlewares/ST/filex/common/src/fxe_system_date_set.c **** /*                                                                        */
  71:Middlewares/ST/filex/common/src/fxe_system_date_set.c **** /*  05-19-2020     William E. Lamie         Initial Version 6.0           */
  72:Middlewares/ST/filex/common/src/fxe_system_date_set.c **** /*  09-30-2020     William E. Lamie         Modified comment(s),          */
  73:Middlewares/ST/filex/common/src/fxe_system_date_set.c **** /*                                            resulting in version 6.1    */
  74:Middlewares/ST/filex/common/src/fxe_system_date_set.c **** /*                                                                        */
  75:Middlewares/ST/filex/common/src/fxe_system_date_set.c **** /**************************************************************************/
  76:Middlewares/ST/filex/common/src/fxe_system_date_set.c **** UINT  _fxe_system_date_set(UINT year, UINT month, UINT day)
  77:Middlewares/ST/filex/common/src/fxe_system_date_set.c **** {
  29              		.loc 1 77 1 view -0
  30              		.cfi_startproc
  31              		@ args = 0, pretend = 0, frame = 0
  32              		@ frame_needed = 0, uses_anonymous_args = 0
  33              		.loc 1 77 1 is_stmt 0 view .LVU1
  34 0000 08B5     		push	{r3, lr}
  35              	.LCFI0:
  36              		.cfi_def_cfa_offset 8
  37              		.cfi_offset 3, -8
  38              		.cfi_offset 14, -4
ARM GAS  /tmp/ccqizlWf.s 			page 3


  78:Middlewares/ST/filex/common/src/fxe_system_date_set.c **** 
  79:Middlewares/ST/filex/common/src/fxe_system_date_set.c **** UINT  status;
  39              		.loc 1 79 1 is_stmt 1 view .LVU2
  80:Middlewares/ST/filex/common/src/fxe_system_date_set.c **** 
  81:Middlewares/ST/filex/common/src/fxe_system_date_set.c **** 
  82:Middlewares/ST/filex/common/src/fxe_system_date_set.c ****     /* Check for invalid year.  */
  83:Middlewares/ST/filex/common/src/fxe_system_date_set.c ****     if ((year < FX_BASE_YEAR) || (year > FX_MAXIMUM_YEAR))
  40              		.loc 1 83 5 view .LVU3
  41              		.loc 1 83 31 is_stmt 0 view .LVU4
  42 0002 A0F2BC73 		subw	r3, r0, #1980
  43              		.loc 1 83 8 view .LVU5
  44 0006 7F2B     		cmp	r3, #127
  45 0008 44D8     		bhi	.L18
  84:Middlewares/ST/filex/common/src/fxe_system_date_set.c ****     {
  85:Middlewares/ST/filex/common/src/fxe_system_date_set.c ****         return(FX_INVALID_YEAR);
  86:Middlewares/ST/filex/common/src/fxe_system_date_set.c ****     }
  87:Middlewares/ST/filex/common/src/fxe_system_date_set.c **** 
  88:Middlewares/ST/filex/common/src/fxe_system_date_set.c ****     /* Check for invalid day.  */
  89:Middlewares/ST/filex/common/src/fxe_system_date_set.c ****     if (day < 1)
  46              		.loc 1 89 5 is_stmt 1 view .LVU6
  47              		.loc 1 89 8 is_stmt 0 view .LVU7
  48 000a 002A     		cmp	r2, #0
  49 000c 44D0     		beq	.L19
  90:Middlewares/ST/filex/common/src/fxe_system_date_set.c ****     {
  91:Middlewares/ST/filex/common/src/fxe_system_date_set.c ****         return(FX_INVALID_DAY);
  92:Middlewares/ST/filex/common/src/fxe_system_date_set.c ****     }
  93:Middlewares/ST/filex/common/src/fxe_system_date_set.c **** 
  94:Middlewares/ST/filex/common/src/fxe_system_date_set.c ****     /* Check for invalid day.  */
  95:Middlewares/ST/filex/common/src/fxe_system_date_set.c ****     switch (month)
  50              		.loc 1 95 5 is_stmt 1 view .LVU8
  51 000e 4B1E     		subs	r3, r1, #1
  52 0010 0B2B     		cmp	r3, #11
  53 0012 43D8     		bhi	.L20
  54 0014 DFE803F0 		tbb	[pc, r3]
  55              	.L4:
  56 0018 06       		.byte	(.L15-.L4)/2
  57 0019 0B       		.byte	(.L14-.L4)/2
  58 001a 16       		.byte	(.L13-.L4)/2
  59 001b 1A       		.byte	(.L12-.L4)/2
  60 001c 1E       		.byte	(.L11-.L4)/2
  61 001d 22       		.byte	(.L10-.L4)/2
  62 001e 26       		.byte	(.L9-.L4)/2
  63 001f 2A       		.byte	(.L8-.L4)/2
  64 0020 2E       		.byte	(.L7-.L4)/2
  65 0021 32       		.byte	(.L6-.L4)/2
  66 0022 36       		.byte	(.L5-.L4)/2
  67 0023 3A       		.byte	(.L3-.L4)/2
  68              		.p2align 1
  69              	.L15:
  96:Middlewares/ST/filex/common/src/fxe_system_date_set.c ****     {
  97:Middlewares/ST/filex/common/src/fxe_system_date_set.c **** 
  98:Middlewares/ST/filex/common/src/fxe_system_date_set.c ****     case 1:
  99:Middlewares/ST/filex/common/src/fxe_system_date_set.c ****     {
 100:Middlewares/ST/filex/common/src/fxe_system_date_set.c **** 
 101:Middlewares/ST/filex/common/src/fxe_system_date_set.c ****         /* Check for 31 days.  */
 102:Middlewares/ST/filex/common/src/fxe_system_date_set.c ****         if (day > 31)
  70              		.loc 1 102 9 view .LVU9
ARM GAS  /tmp/ccqizlWf.s 			page 4


  71              		.loc 1 102 12 is_stmt 0 view .LVU10
  72 0024 1F2A     		cmp	r2, #31
  73 0026 3BD8     		bhi	.L35
  74              	.L16:
 103:Middlewares/ST/filex/common/src/fxe_system_date_set.c ****         {
 104:Middlewares/ST/filex/common/src/fxe_system_date_set.c ****             return(FX_INVALID_DAY);
 105:Middlewares/ST/filex/common/src/fxe_system_date_set.c ****         }
 106:Middlewares/ST/filex/common/src/fxe_system_date_set.c ****         break;
 107:Middlewares/ST/filex/common/src/fxe_system_date_set.c ****     }
 108:Middlewares/ST/filex/common/src/fxe_system_date_set.c **** 
 109:Middlewares/ST/filex/common/src/fxe_system_date_set.c ****     case 2:
 110:Middlewares/ST/filex/common/src/fxe_system_date_set.c ****     {
 111:Middlewares/ST/filex/common/src/fxe_system_date_set.c **** 
 112:Middlewares/ST/filex/common/src/fxe_system_date_set.c ****         /* Check for leap year.  */
 113:Middlewares/ST/filex/common/src/fxe_system_date_set.c ****         if ((year % 4) == 0)
 114:Middlewares/ST/filex/common/src/fxe_system_date_set.c ****         {
 115:Middlewares/ST/filex/common/src/fxe_system_date_set.c **** 
 116:Middlewares/ST/filex/common/src/fxe_system_date_set.c ****             /* Leap year, February has 29 days.  */
 117:Middlewares/ST/filex/common/src/fxe_system_date_set.c ****             if (day > 29)
 118:Middlewares/ST/filex/common/src/fxe_system_date_set.c ****             {
 119:Middlewares/ST/filex/common/src/fxe_system_date_set.c ****                 return(FX_INVALID_DAY);
 120:Middlewares/ST/filex/common/src/fxe_system_date_set.c ****             }
 121:Middlewares/ST/filex/common/src/fxe_system_date_set.c ****         }
 122:Middlewares/ST/filex/common/src/fxe_system_date_set.c ****         else
 123:Middlewares/ST/filex/common/src/fxe_system_date_set.c ****         {
 124:Middlewares/ST/filex/common/src/fxe_system_date_set.c **** 
 125:Middlewares/ST/filex/common/src/fxe_system_date_set.c ****             /* Otherwise, non-leap year.  February has
 126:Middlewares/ST/filex/common/src/fxe_system_date_set.c ****                28 days.  */
 127:Middlewares/ST/filex/common/src/fxe_system_date_set.c ****             if (day > 28)
 128:Middlewares/ST/filex/common/src/fxe_system_date_set.c ****             {
 129:Middlewares/ST/filex/common/src/fxe_system_date_set.c ****                 return(FX_INVALID_DAY);
 130:Middlewares/ST/filex/common/src/fxe_system_date_set.c ****             }
 131:Middlewares/ST/filex/common/src/fxe_system_date_set.c ****         }
 132:Middlewares/ST/filex/common/src/fxe_system_date_set.c ****         break;
 133:Middlewares/ST/filex/common/src/fxe_system_date_set.c ****     }
 134:Middlewares/ST/filex/common/src/fxe_system_date_set.c **** 
 135:Middlewares/ST/filex/common/src/fxe_system_date_set.c ****     case 3:
 136:Middlewares/ST/filex/common/src/fxe_system_date_set.c ****     {
 137:Middlewares/ST/filex/common/src/fxe_system_date_set.c **** 
 138:Middlewares/ST/filex/common/src/fxe_system_date_set.c ****         /* Check for 31 days.  */
 139:Middlewares/ST/filex/common/src/fxe_system_date_set.c ****         if (day > 31)
 140:Middlewares/ST/filex/common/src/fxe_system_date_set.c ****         {
 141:Middlewares/ST/filex/common/src/fxe_system_date_set.c ****             return(FX_INVALID_DAY);
 142:Middlewares/ST/filex/common/src/fxe_system_date_set.c ****         }
 143:Middlewares/ST/filex/common/src/fxe_system_date_set.c ****         break;
 144:Middlewares/ST/filex/common/src/fxe_system_date_set.c ****     }
 145:Middlewares/ST/filex/common/src/fxe_system_date_set.c **** 
 146:Middlewares/ST/filex/common/src/fxe_system_date_set.c ****     case 4:
 147:Middlewares/ST/filex/common/src/fxe_system_date_set.c ****     {
 148:Middlewares/ST/filex/common/src/fxe_system_date_set.c **** 
 149:Middlewares/ST/filex/common/src/fxe_system_date_set.c ****         /* Check for 30 days.  */
 150:Middlewares/ST/filex/common/src/fxe_system_date_set.c ****         if (day > 30)
 151:Middlewares/ST/filex/common/src/fxe_system_date_set.c ****         {
 152:Middlewares/ST/filex/common/src/fxe_system_date_set.c ****             return(FX_INVALID_DAY);
 153:Middlewares/ST/filex/common/src/fxe_system_date_set.c ****         }
 154:Middlewares/ST/filex/common/src/fxe_system_date_set.c ****         break;
 155:Middlewares/ST/filex/common/src/fxe_system_date_set.c ****     }
ARM GAS  /tmp/ccqizlWf.s 			page 5


 156:Middlewares/ST/filex/common/src/fxe_system_date_set.c **** 
 157:Middlewares/ST/filex/common/src/fxe_system_date_set.c ****     case 5:
 158:Middlewares/ST/filex/common/src/fxe_system_date_set.c ****     {
 159:Middlewares/ST/filex/common/src/fxe_system_date_set.c **** 
 160:Middlewares/ST/filex/common/src/fxe_system_date_set.c ****         /* Check for 31 days.  */
 161:Middlewares/ST/filex/common/src/fxe_system_date_set.c ****         if (day > 31)
 162:Middlewares/ST/filex/common/src/fxe_system_date_set.c ****         {
 163:Middlewares/ST/filex/common/src/fxe_system_date_set.c ****             return(FX_INVALID_DAY);
 164:Middlewares/ST/filex/common/src/fxe_system_date_set.c ****         }
 165:Middlewares/ST/filex/common/src/fxe_system_date_set.c ****         break;
 166:Middlewares/ST/filex/common/src/fxe_system_date_set.c ****     }
 167:Middlewares/ST/filex/common/src/fxe_system_date_set.c **** 
 168:Middlewares/ST/filex/common/src/fxe_system_date_set.c ****     case 6:
 169:Middlewares/ST/filex/common/src/fxe_system_date_set.c ****     {
 170:Middlewares/ST/filex/common/src/fxe_system_date_set.c **** 
 171:Middlewares/ST/filex/common/src/fxe_system_date_set.c ****         /* Check for 30 days.  */
 172:Middlewares/ST/filex/common/src/fxe_system_date_set.c ****         if (day > 30)
 173:Middlewares/ST/filex/common/src/fxe_system_date_set.c ****         {
 174:Middlewares/ST/filex/common/src/fxe_system_date_set.c ****             return(FX_INVALID_DAY);
 175:Middlewares/ST/filex/common/src/fxe_system_date_set.c ****         }
 176:Middlewares/ST/filex/common/src/fxe_system_date_set.c ****         break;
 177:Middlewares/ST/filex/common/src/fxe_system_date_set.c ****     }
 178:Middlewares/ST/filex/common/src/fxe_system_date_set.c **** 
 179:Middlewares/ST/filex/common/src/fxe_system_date_set.c ****     case 7:
 180:Middlewares/ST/filex/common/src/fxe_system_date_set.c ****     {
 181:Middlewares/ST/filex/common/src/fxe_system_date_set.c **** 
 182:Middlewares/ST/filex/common/src/fxe_system_date_set.c ****         /* Check for 31 days.  */
 183:Middlewares/ST/filex/common/src/fxe_system_date_set.c ****         if (day > 31)
 184:Middlewares/ST/filex/common/src/fxe_system_date_set.c ****         {
 185:Middlewares/ST/filex/common/src/fxe_system_date_set.c ****             return(FX_INVALID_DAY);
 186:Middlewares/ST/filex/common/src/fxe_system_date_set.c ****         }
 187:Middlewares/ST/filex/common/src/fxe_system_date_set.c ****         break;
 188:Middlewares/ST/filex/common/src/fxe_system_date_set.c ****     }
 189:Middlewares/ST/filex/common/src/fxe_system_date_set.c **** 
 190:Middlewares/ST/filex/common/src/fxe_system_date_set.c ****     case 8:
 191:Middlewares/ST/filex/common/src/fxe_system_date_set.c ****     {
 192:Middlewares/ST/filex/common/src/fxe_system_date_set.c **** 
 193:Middlewares/ST/filex/common/src/fxe_system_date_set.c ****         /* Check for 31 days.  */
 194:Middlewares/ST/filex/common/src/fxe_system_date_set.c ****         if (day > 31)
 195:Middlewares/ST/filex/common/src/fxe_system_date_set.c ****         {
 196:Middlewares/ST/filex/common/src/fxe_system_date_set.c ****             return(FX_INVALID_DAY);
 197:Middlewares/ST/filex/common/src/fxe_system_date_set.c ****         }
 198:Middlewares/ST/filex/common/src/fxe_system_date_set.c ****         break;
 199:Middlewares/ST/filex/common/src/fxe_system_date_set.c ****     }
 200:Middlewares/ST/filex/common/src/fxe_system_date_set.c **** 
 201:Middlewares/ST/filex/common/src/fxe_system_date_set.c ****     case 9:
 202:Middlewares/ST/filex/common/src/fxe_system_date_set.c ****     {
 203:Middlewares/ST/filex/common/src/fxe_system_date_set.c **** 
 204:Middlewares/ST/filex/common/src/fxe_system_date_set.c ****         /* Check for 30 days.  */
 205:Middlewares/ST/filex/common/src/fxe_system_date_set.c ****         if (day > 30)
 206:Middlewares/ST/filex/common/src/fxe_system_date_set.c ****         {
 207:Middlewares/ST/filex/common/src/fxe_system_date_set.c ****             return(FX_INVALID_DAY);
 208:Middlewares/ST/filex/common/src/fxe_system_date_set.c ****         }
 209:Middlewares/ST/filex/common/src/fxe_system_date_set.c ****         break;
 210:Middlewares/ST/filex/common/src/fxe_system_date_set.c ****     }
 211:Middlewares/ST/filex/common/src/fxe_system_date_set.c **** 
 212:Middlewares/ST/filex/common/src/fxe_system_date_set.c ****     case 10:
ARM GAS  /tmp/ccqizlWf.s 			page 6


 213:Middlewares/ST/filex/common/src/fxe_system_date_set.c ****     {
 214:Middlewares/ST/filex/common/src/fxe_system_date_set.c **** 
 215:Middlewares/ST/filex/common/src/fxe_system_date_set.c ****         /* Check for 31 days.  */
 216:Middlewares/ST/filex/common/src/fxe_system_date_set.c ****         if (day > 31)
 217:Middlewares/ST/filex/common/src/fxe_system_date_set.c ****         {
 218:Middlewares/ST/filex/common/src/fxe_system_date_set.c ****             return(FX_INVALID_DAY);
 219:Middlewares/ST/filex/common/src/fxe_system_date_set.c ****         }
 220:Middlewares/ST/filex/common/src/fxe_system_date_set.c ****         break;
 221:Middlewares/ST/filex/common/src/fxe_system_date_set.c ****     }
 222:Middlewares/ST/filex/common/src/fxe_system_date_set.c **** 
 223:Middlewares/ST/filex/common/src/fxe_system_date_set.c ****     case 11:
 224:Middlewares/ST/filex/common/src/fxe_system_date_set.c ****     {
 225:Middlewares/ST/filex/common/src/fxe_system_date_set.c **** 
 226:Middlewares/ST/filex/common/src/fxe_system_date_set.c ****         /* Check for 30 days.  */
 227:Middlewares/ST/filex/common/src/fxe_system_date_set.c ****         if (day > 30)
 228:Middlewares/ST/filex/common/src/fxe_system_date_set.c ****         {
 229:Middlewares/ST/filex/common/src/fxe_system_date_set.c ****             return(FX_INVALID_DAY);
 230:Middlewares/ST/filex/common/src/fxe_system_date_set.c ****         }
 231:Middlewares/ST/filex/common/src/fxe_system_date_set.c ****         break;
 232:Middlewares/ST/filex/common/src/fxe_system_date_set.c ****     }
 233:Middlewares/ST/filex/common/src/fxe_system_date_set.c **** 
 234:Middlewares/ST/filex/common/src/fxe_system_date_set.c ****     case 12:
 235:Middlewares/ST/filex/common/src/fxe_system_date_set.c ****     {
 236:Middlewares/ST/filex/common/src/fxe_system_date_set.c **** 
 237:Middlewares/ST/filex/common/src/fxe_system_date_set.c ****         /* Check for 31 days.  */
 238:Middlewares/ST/filex/common/src/fxe_system_date_set.c ****         if (day > 31)
 239:Middlewares/ST/filex/common/src/fxe_system_date_set.c ****         {
 240:Middlewares/ST/filex/common/src/fxe_system_date_set.c ****             return(FX_INVALID_DAY);
 241:Middlewares/ST/filex/common/src/fxe_system_date_set.c ****         }
 242:Middlewares/ST/filex/common/src/fxe_system_date_set.c ****         break;
 243:Middlewares/ST/filex/common/src/fxe_system_date_set.c ****     }
 244:Middlewares/ST/filex/common/src/fxe_system_date_set.c ****     
 245:Middlewares/ST/filex/common/src/fxe_system_date_set.c ****     default:
 246:Middlewares/ST/filex/common/src/fxe_system_date_set.c ****     
 247:Middlewares/ST/filex/common/src/fxe_system_date_set.c ****         /* Invalid month.  */
 248:Middlewares/ST/filex/common/src/fxe_system_date_set.c ****         return(FX_INVALID_MONTH);
 249:Middlewares/ST/filex/common/src/fxe_system_date_set.c ****     }
 250:Middlewares/ST/filex/common/src/fxe_system_date_set.c **** 
 251:Middlewares/ST/filex/common/src/fxe_system_date_set.c ****     /* Call actual system date set service.  */
 252:Middlewares/ST/filex/common/src/fxe_system_date_set.c ****     status =  _fx_system_date_set(year, month, day);
  75              		.loc 1 252 5 is_stmt 1 view .LVU11
  76              		.loc 1 252 15 is_stmt 0 view .LVU12
  77 0028 FFF7FEFF 		bl	_fx_system_date_set
  78              	.LVL1:
 253:Middlewares/ST/filex/common/src/fxe_system_date_set.c **** 
 254:Middlewares/ST/filex/common/src/fxe_system_date_set.c ****     /* Return status.  */
 255:Middlewares/ST/filex/common/src/fxe_system_date_set.c ****     return(status);
  79              		.loc 1 255 5 is_stmt 1 view .LVU13
  80              	.L1:
 256:Middlewares/ST/filex/common/src/fxe_system_date_set.c **** }
  81              		.loc 1 256 1 is_stmt 0 view .LVU14
  82 002c 08BD     		pop	{r3, pc}
  83              	.LVL2:
  84              	.L14:
 113:Middlewares/ST/filex/common/src/fxe_system_date_set.c ****         {
  85              		.loc 1 113 9 is_stmt 1 view .LVU15
 113:Middlewares/ST/filex/common/src/fxe_system_date_set.c ****         {
ARM GAS  /tmp/ccqizlWf.s 			page 7


  86              		.loc 1 113 12 is_stmt 0 view .LVU16
  87 002e 10F0030F 		tst	r0, #3
  88 0032 03D1     		bne	.L17
 117:Middlewares/ST/filex/common/src/fxe_system_date_set.c ****             {
  89              		.loc 1 117 13 is_stmt 1 view .LVU17
 117:Middlewares/ST/filex/common/src/fxe_system_date_set.c ****             {
  90              		.loc 1 117 16 is_stmt 0 view .LVU18
  91 0034 1D2A     		cmp	r2, #29
  92 0036 F7D9     		bls	.L16
 119:Middlewares/ST/filex/common/src/fxe_system_date_set.c ****             }
  93              		.loc 1 119 23 view .LVU19
  94 0038 1420     		movs	r0, #20
  95              	.LVL3:
 119:Middlewares/ST/filex/common/src/fxe_system_date_set.c ****             }
  96              		.loc 1 119 23 view .LVU20
  97 003a F7E7     		b	.L1
  98              	.LVL4:
  99              	.L17:
 127:Middlewares/ST/filex/common/src/fxe_system_date_set.c ****             {
 100              		.loc 1 127 13 is_stmt 1 view .LVU21
 127:Middlewares/ST/filex/common/src/fxe_system_date_set.c ****             {
 101              		.loc 1 127 16 is_stmt 0 view .LVU22
 102 003c 1C2A     		cmp	r2, #28
 103 003e F3D9     		bls	.L16
 129:Middlewares/ST/filex/common/src/fxe_system_date_set.c ****             }
 104              		.loc 1 129 23 view .LVU23
 105 0040 1420     		movs	r0, #20
 106              	.LVL5:
 129:Middlewares/ST/filex/common/src/fxe_system_date_set.c ****             }
 107              		.loc 1 129 23 view .LVU24
 108 0042 F3E7     		b	.L1
 109              	.LVL6:
 110              	.L13:
 139:Middlewares/ST/filex/common/src/fxe_system_date_set.c ****         {
 111              		.loc 1 139 9 is_stmt 1 view .LVU25
 139:Middlewares/ST/filex/common/src/fxe_system_date_set.c ****         {
 112              		.loc 1 139 12 is_stmt 0 view .LVU26
 113 0044 1F2A     		cmp	r2, #31
 114 0046 EFD9     		bls	.L16
 141:Middlewares/ST/filex/common/src/fxe_system_date_set.c ****         }
 115              		.loc 1 141 19 view .LVU27
 116 0048 1420     		movs	r0, #20
 117              	.LVL7:
 141:Middlewares/ST/filex/common/src/fxe_system_date_set.c ****         }
 118              		.loc 1 141 19 view .LVU28
 119 004a EFE7     		b	.L1
 120              	.LVL8:
 121              	.L12:
 150:Middlewares/ST/filex/common/src/fxe_system_date_set.c ****         {
 122              		.loc 1 150 9 is_stmt 1 view .LVU29
 150:Middlewares/ST/filex/common/src/fxe_system_date_set.c ****         {
 123              		.loc 1 150 12 is_stmt 0 view .LVU30
 124 004c 1E2A     		cmp	r2, #30
 125 004e EBD9     		bls	.L16
 152:Middlewares/ST/filex/common/src/fxe_system_date_set.c ****         }
 126              		.loc 1 152 19 view .LVU31
 127 0050 1420     		movs	r0, #20
ARM GAS  /tmp/ccqizlWf.s 			page 8


 128              	.LVL9:
 152:Middlewares/ST/filex/common/src/fxe_system_date_set.c ****         }
 129              		.loc 1 152 19 view .LVU32
 130 0052 EBE7     		b	.L1
 131              	.LVL10:
 132              	.L11:
 161:Middlewares/ST/filex/common/src/fxe_system_date_set.c ****         {
 133              		.loc 1 161 9 is_stmt 1 view .LVU33
 161:Middlewares/ST/filex/common/src/fxe_system_date_set.c ****         {
 134              		.loc 1 161 12 is_stmt 0 view .LVU34
 135 0054 1F2A     		cmp	r2, #31
 136 0056 E7D9     		bls	.L16
 163:Middlewares/ST/filex/common/src/fxe_system_date_set.c ****         }
 137              		.loc 1 163 19 view .LVU35
 138 0058 1420     		movs	r0, #20
 139              	.LVL11:
 163:Middlewares/ST/filex/common/src/fxe_system_date_set.c ****         }
 140              		.loc 1 163 19 view .LVU36
 141 005a E7E7     		b	.L1
 142              	.LVL12:
 143              	.L10:
 172:Middlewares/ST/filex/common/src/fxe_system_date_set.c ****         {
 144              		.loc 1 172 9 is_stmt 1 view .LVU37
 172:Middlewares/ST/filex/common/src/fxe_system_date_set.c ****         {
 145              		.loc 1 172 12 is_stmt 0 view .LVU38
 146 005c 1E2A     		cmp	r2, #30
 147 005e E3D9     		bls	.L16
 174:Middlewares/ST/filex/common/src/fxe_system_date_set.c ****         }
 148              		.loc 1 174 19 view .LVU39
 149 0060 1420     		movs	r0, #20
 150              	.LVL13:
 174:Middlewares/ST/filex/common/src/fxe_system_date_set.c ****         }
 151              		.loc 1 174 19 view .LVU40
 152 0062 E3E7     		b	.L1
 153              	.LVL14:
 154              	.L9:
 183:Middlewares/ST/filex/common/src/fxe_system_date_set.c ****         {
 155              		.loc 1 183 9 is_stmt 1 view .LVU41
 183:Middlewares/ST/filex/common/src/fxe_system_date_set.c ****         {
 156              		.loc 1 183 12 is_stmt 0 view .LVU42
 157 0064 1F2A     		cmp	r2, #31
 158 0066 DFD9     		bls	.L16
 185:Middlewares/ST/filex/common/src/fxe_system_date_set.c ****         }
 159              		.loc 1 185 19 view .LVU43
 160 0068 1420     		movs	r0, #20
 161              	.LVL15:
 185:Middlewares/ST/filex/common/src/fxe_system_date_set.c ****         }
 162              		.loc 1 185 19 view .LVU44
 163 006a DFE7     		b	.L1
 164              	.LVL16:
 165              	.L8:
 194:Middlewares/ST/filex/common/src/fxe_system_date_set.c ****         {
 166              		.loc 1 194 9 is_stmt 1 view .LVU45
 194:Middlewares/ST/filex/common/src/fxe_system_date_set.c ****         {
 167              		.loc 1 194 12 is_stmt 0 view .LVU46
 168 006c 1F2A     		cmp	r2, #31
 169 006e DBD9     		bls	.L16
ARM GAS  /tmp/ccqizlWf.s 			page 9


 196:Middlewares/ST/filex/common/src/fxe_system_date_set.c ****         }
 170              		.loc 1 196 19 view .LVU47
 171 0070 1420     		movs	r0, #20
 172              	.LVL17:
 196:Middlewares/ST/filex/common/src/fxe_system_date_set.c ****         }
 173              		.loc 1 196 19 view .LVU48
 174 0072 DBE7     		b	.L1
 175              	.LVL18:
 176              	.L7:
 205:Middlewares/ST/filex/common/src/fxe_system_date_set.c ****         {
 177              		.loc 1 205 9 is_stmt 1 view .LVU49
 205:Middlewares/ST/filex/common/src/fxe_system_date_set.c ****         {
 178              		.loc 1 205 12 is_stmt 0 view .LVU50
 179 0074 1E2A     		cmp	r2, #30
 180 0076 D7D9     		bls	.L16
 207:Middlewares/ST/filex/common/src/fxe_system_date_set.c ****         }
 181              		.loc 1 207 19 view .LVU51
 182 0078 1420     		movs	r0, #20
 183              	.LVL19:
 207:Middlewares/ST/filex/common/src/fxe_system_date_set.c ****         }
 184              		.loc 1 207 19 view .LVU52
 185 007a D7E7     		b	.L1
 186              	.LVL20:
 187              	.L6:
 216:Middlewares/ST/filex/common/src/fxe_system_date_set.c ****         {
 188              		.loc 1 216 9 is_stmt 1 view .LVU53
 216:Middlewares/ST/filex/common/src/fxe_system_date_set.c ****         {
 189              		.loc 1 216 12 is_stmt 0 view .LVU54
 190 007c 1F2A     		cmp	r2, #31
 191 007e D3D9     		bls	.L16
 218:Middlewares/ST/filex/common/src/fxe_system_date_set.c ****         }
 192              		.loc 1 218 19 view .LVU55
 193 0080 1420     		movs	r0, #20
 194              	.LVL21:
 218:Middlewares/ST/filex/common/src/fxe_system_date_set.c ****         }
 195              		.loc 1 218 19 view .LVU56
 196 0082 D3E7     		b	.L1
 197              	.LVL22:
 198              	.L5:
 227:Middlewares/ST/filex/common/src/fxe_system_date_set.c ****         {
 199              		.loc 1 227 9 is_stmt 1 view .LVU57
 227:Middlewares/ST/filex/common/src/fxe_system_date_set.c ****         {
 200              		.loc 1 227 12 is_stmt 0 view .LVU58
 201 0084 1E2A     		cmp	r2, #30
 202 0086 CFD9     		bls	.L16
 229:Middlewares/ST/filex/common/src/fxe_system_date_set.c ****         }
 203              		.loc 1 229 19 view .LVU59
 204 0088 1420     		movs	r0, #20
 205              	.LVL23:
 229:Middlewares/ST/filex/common/src/fxe_system_date_set.c ****         }
 206              		.loc 1 229 19 view .LVU60
 207 008a CFE7     		b	.L1
 208              	.LVL24:
 209              	.L3:
 238:Middlewares/ST/filex/common/src/fxe_system_date_set.c ****         {
 210              		.loc 1 238 9 is_stmt 1 view .LVU61
 238:Middlewares/ST/filex/common/src/fxe_system_date_set.c ****         {
ARM GAS  /tmp/ccqizlWf.s 			page 10


 211              		.loc 1 238 12 is_stmt 0 view .LVU62
 212 008c 1F2A     		cmp	r2, #31
 213 008e CBD9     		bls	.L16
 240:Middlewares/ST/filex/common/src/fxe_system_date_set.c ****         }
 214              		.loc 1 240 19 view .LVU63
 215 0090 1420     		movs	r0, #20
 216              	.LVL25:
 240:Middlewares/ST/filex/common/src/fxe_system_date_set.c ****         }
 217              		.loc 1 240 19 view .LVU64
 218 0092 CBE7     		b	.L1
 219              	.LVL26:
 220              	.L18:
  85:Middlewares/ST/filex/common/src/fxe_system_date_set.c ****     }
 221              		.loc 1 85 15 view .LVU65
 222 0094 1220     		movs	r0, #18
 223              	.LVL27:
  85:Middlewares/ST/filex/common/src/fxe_system_date_set.c ****     }
 224              		.loc 1 85 15 view .LVU66
 225 0096 C9E7     		b	.L1
 226              	.LVL28:
 227              	.L19:
  91:Middlewares/ST/filex/common/src/fxe_system_date_set.c ****     }
 228              		.loc 1 91 15 view .LVU67
 229 0098 1420     		movs	r0, #20
 230              	.LVL29:
  91:Middlewares/ST/filex/common/src/fxe_system_date_set.c ****     }
 231              		.loc 1 91 15 view .LVU68
 232 009a C7E7     		b	.L1
 233              	.LVL30:
 234              	.L20:
  95:Middlewares/ST/filex/common/src/fxe_system_date_set.c ****     {
 235              		.loc 1 95 5 view .LVU69
 236 009c 1320     		movs	r0, #19
 237              	.LVL31:
  95:Middlewares/ST/filex/common/src/fxe_system_date_set.c ****     {
 238              		.loc 1 95 5 view .LVU70
 239 009e C5E7     		b	.L1
 240              	.LVL32:
 241              	.L35:
 104:Middlewares/ST/filex/common/src/fxe_system_date_set.c ****         }
 242              		.loc 1 104 19 view .LVU71
 243 00a0 1420     		movs	r0, #20
 244              	.LVL33:
 104:Middlewares/ST/filex/common/src/fxe_system_date_set.c ****         }
 245              		.loc 1 104 19 view .LVU72
 246 00a2 C3E7     		b	.L1
 247              		.cfi_endproc
 248              	.LFE8:
 250              		.text
 251              	.Letext0:
 252              		.file 2 "Middlewares/ST/threadx/ports/cortex_m7/gnu/inc/tx_port.h"
 253              		.file 3 "Middlewares/ST/filex/common/inc/fx_system.h"
ARM GAS  /tmp/ccqizlWf.s 			page 11


DEFINED SYMBOLS
                            *ABS*:00000000 fxe_system_date_set.c
     /tmp/ccqizlWf.s:20     .text._fxe_system_date_set:00000000 $t
     /tmp/ccqizlWf.s:26     .text._fxe_system_date_set:00000000 _fxe_system_date_set
     /tmp/ccqizlWf.s:56     .text._fxe_system_date_set:00000018 $d
     /tmp/ccqizlWf.s:68     .text._fxe_system_date_set:00000024 $t

UNDEFINED SYMBOLS
_fx_system_date_set
