ARM GAS  /tmp/cc6tCyH6.s 			page 1


   1              		.cpu cortex-m7
   2              		.arch armv7e-m
   3              		.fpu fpv5-d16
   4              		.eabi_attribute 28, 1
   5              		.eabi_attribute 20, 1
   6              		.eabi_attribute 21, 1
   7              		.eabi_attribute 23, 3
   8              		.eabi_attribute 24, 1
   9              		.eabi_attribute 25, 1
  10              		.eabi_attribute 26, 1
  11              		.eabi_attribute 30, 1
  12              		.eabi_attribute 34, 1
  13              		.eabi_attribute 18, 4
  14              		.file	"sai.c"
  15              		.text
  16              	.Ltext0:
  17              		.cfi_sections	.debug_frame
  18              		.file 1 "Core/Src/sai.c"
  19              		.section	.text.MX_SAI1_Init,"ax",%progbits
  20              		.align	1
  21              		.global	MX_SAI1_Init
  22              		.syntax unified
  23              		.thumb
  24              		.thumb_func
  26              	MX_SAI1_Init:
  27              	.LFB141:
   1:Core/Src/sai.c **** /* USER CODE BEGIN Header */
   2:Core/Src/sai.c **** /**
   3:Core/Src/sai.c ****   ******************************************************************************
   4:Core/Src/sai.c ****   * File Name          : SAI.c
   5:Core/Src/sai.c ****   * Description        : This file provides code for the configuration
   6:Core/Src/sai.c ****   *                      of the SAI instances.
   7:Core/Src/sai.c ****   ******************************************************************************
   8:Core/Src/sai.c ****   * @attention
   9:Core/Src/sai.c ****   *
  10:Core/Src/sai.c ****   * Copyright (c) 2025 STMicroelectronics.
  11:Core/Src/sai.c ****   * All rights reserved.
  12:Core/Src/sai.c ****   *
  13:Core/Src/sai.c ****   * This software is licensed under terms that can be found in the LICENSE file
  14:Core/Src/sai.c ****   * in the root directory of this software component.
  15:Core/Src/sai.c ****   * If no LICENSE file comes with this software, it is provided AS-IS.
  16:Core/Src/sai.c ****   *
  17:Core/Src/sai.c ****   ******************************************************************************
  18:Core/Src/sai.c ****   */
  19:Core/Src/sai.c **** /* USER CODE END Header */
  20:Core/Src/sai.c **** 
  21:Core/Src/sai.c **** /* Includes ------------------------------------------------------------------*/
  22:Core/Src/sai.c **** #include "sai.h"
  23:Core/Src/sai.c **** 
  24:Core/Src/sai.c **** /* USER CODE BEGIN 0 */
  25:Core/Src/sai.c **** 
  26:Core/Src/sai.c **** /* USER CODE END 0 */
  27:Core/Src/sai.c **** 
  28:Core/Src/sai.c **** SAI_HandleTypeDef hsai_BlockA1;
  29:Core/Src/sai.c **** SAI_HandleTypeDef hsai_BlockB1;
  30:Core/Src/sai.c **** SAI_HandleTypeDef hsai_BlockA2;
  31:Core/Src/sai.c **** SAI_HandleTypeDef hsai_BlockB2;
ARM GAS  /tmp/cc6tCyH6.s 			page 2


  32:Core/Src/sai.c **** 
  33:Core/Src/sai.c **** /* SAI1 init function */
  34:Core/Src/sai.c **** void MX_SAI1_Init(void)
  35:Core/Src/sai.c **** {
  28              		.loc 1 35 1 view -0
  29              		.cfi_startproc
  30              		@ args = 0, pretend = 0, frame = 0
  31              		@ frame_needed = 0, uses_anonymous_args = 0
  32 0000 08B5     		push	{r3, lr}
  33              	.LCFI0:
  34              		.cfi_def_cfa_offset 8
  35              		.cfi_offset 3, -8
  36              		.cfi_offset 14, -4
  36:Core/Src/sai.c **** 
  37:Core/Src/sai.c ****   /* USER CODE BEGIN SAI1_Init 0 */
  38:Core/Src/sai.c **** 
  39:Core/Src/sai.c ****   /* USER CODE END SAI1_Init 0 */
  40:Core/Src/sai.c **** 
  41:Core/Src/sai.c ****   /* USER CODE BEGIN SAI1_Init 1 */
  42:Core/Src/sai.c **** 
  43:Core/Src/sai.c ****   /* USER CODE END SAI1_Init 1 */
  44:Core/Src/sai.c **** 
  45:Core/Src/sai.c ****   /* USER CODE BEGIN SAI1_Init 1 */
  46:Core/Src/sai.c **** 
  47:Core/Src/sai.c ****   /* USER CODE END SAI1_Init 1 */
  48:Core/Src/sai.c **** 
  49:Core/Src/sai.c ****   hsai_BlockA1.Instance = SAI1_Block_A;
  37              		.loc 1 49 3 view .LVU1
  38              		.loc 1 49 25 is_stmt 0 view .LVU2
  39 0002 2448     		ldr	r0, .L7
  40 0004 244B     		ldr	r3, .L7+4
  41 0006 0360     		str	r3, [r0]
  50:Core/Src/sai.c ****   hsai_BlockA1.Init.Protocol = SAI_FREE_PROTOCOL;
  42              		.loc 1 50 3 is_stmt 1 view .LVU3
  43              		.loc 1 50 30 is_stmt 0 view .LVU4
  44 0008 0023     		movs	r3, #0
  45 000a 0363     		str	r3, [r0, #48]
  51:Core/Src/sai.c ****   hsai_BlockA1.Init.AudioMode = SAI_MODEMASTER_RX;
  46              		.loc 1 51 3 is_stmt 1 view .LVU5
  47              		.loc 1 51 31 is_stmt 0 view .LVU6
  48 000c 0122     		movs	r2, #1
  49 000e 4260     		str	r2, [r0, #4]
  52:Core/Src/sai.c ****   hsai_BlockA1.Init.DataSize = SAI_DATASIZE_8;
  50              		.loc 1 52 3 is_stmt 1 view .LVU7
  51              		.loc 1 52 30 is_stmt 0 view .LVU8
  52 0010 4021     		movs	r1, #64
  53 0012 4163     		str	r1, [r0, #52]
  53:Core/Src/sai.c ****   hsai_BlockA1.Init.FirstBit = SAI_FIRSTBIT_MSB;
  54              		.loc 1 53 3 is_stmt 1 view .LVU9
  55              		.loc 1 53 30 is_stmt 0 view .LVU10
  56 0014 8363     		str	r3, [r0, #56]
  54:Core/Src/sai.c ****   hsai_BlockA1.Init.ClockStrobing = SAI_CLOCKSTROBING_FALLINGEDGE;
  57              		.loc 1 54 3 is_stmt 1 view .LVU11
  58              		.loc 1 54 35 is_stmt 0 view .LVU12
  59 0016 C363     		str	r3, [r0, #60]
  55:Core/Src/sai.c ****   hsai_BlockA1.Init.Synchro = SAI_ASYNCHRONOUS;
  60              		.loc 1 55 3 is_stmt 1 view .LVU13
ARM GAS  /tmp/cc6tCyH6.s 			page 3


  61              		.loc 1 55 29 is_stmt 0 view .LVU14
  62 0018 8360     		str	r3, [r0, #8]
  56:Core/Src/sai.c ****   hsai_BlockA1.Init.OutputDrive = SAI_OUTPUTDRIVE_DISABLE;
  63              		.loc 1 56 3 is_stmt 1 view .LVU15
  64              		.loc 1 56 33 is_stmt 0 view .LVU16
  65 001a 0361     		str	r3, [r0, #16]
  57:Core/Src/sai.c ****   hsai_BlockA1.Init.NoDivider = SAI_MASTERDIVIDER_ENABLE;
  66              		.loc 1 57 3 is_stmt 1 view .LVU17
  67              		.loc 1 57 31 is_stmt 0 view .LVU18
  68 001c 4361     		str	r3, [r0, #20]
  58:Core/Src/sai.c ****   hsai_BlockA1.Init.FIFOThreshold = SAI_FIFOTHRESHOLD_EMPTY;
  69              		.loc 1 58 3 is_stmt 1 view .LVU19
  70              		.loc 1 58 35 is_stmt 0 view .LVU20
  71 001e 8361     		str	r3, [r0, #24]
  59:Core/Src/sai.c ****   hsai_BlockA1.Init.AudioFrequency = SAI_AUDIO_FREQUENCY_48K;
  72              		.loc 1 59 3 is_stmt 1 view .LVU21
  73              		.loc 1 59 36 is_stmt 0 view .LVU22
  74 0020 4BF68031 		movw	r1, #48000
  75 0024 C161     		str	r1, [r0, #28]
  60:Core/Src/sai.c ****   hsai_BlockA1.Init.SynchroExt = SAI_SYNCEXT_DISABLE;
  76              		.loc 1 60 3 is_stmt 1 view .LVU23
  77              		.loc 1 60 32 is_stmt 0 view .LVU24
  78 0026 C360     		str	r3, [r0, #12]
  61:Core/Src/sai.c ****   hsai_BlockA1.Init.MonoStereoMode = SAI_STEREOMODE;
  79              		.loc 1 61 3 is_stmt 1 view .LVU25
  80              		.loc 1 61 36 is_stmt 0 view .LVU26
  81 0028 4362     		str	r3, [r0, #36]
  62:Core/Src/sai.c ****   hsai_BlockA1.Init.CompandingMode = SAI_NOCOMPANDING;
  82              		.loc 1 62 3 is_stmt 1 view .LVU27
  83              		.loc 1 62 36 is_stmt 0 view .LVU28
  84 002a 8362     		str	r3, [r0, #40]
  63:Core/Src/sai.c ****   hsai_BlockA1.FrameInit.FrameLength = 8;
  85              		.loc 1 63 3 is_stmt 1 view .LVU29
  86              		.loc 1 63 38 is_stmt 0 view .LVU30
  87 002c 0821     		movs	r1, #8
  88 002e 0164     		str	r1, [r0, #64]
  64:Core/Src/sai.c ****   hsai_BlockA1.FrameInit.ActiveFrameLength = 1;
  89              		.loc 1 64 3 is_stmt 1 view .LVU31
  90              		.loc 1 64 44 is_stmt 0 view .LVU32
  91 0030 4264     		str	r2, [r0, #68]
  65:Core/Src/sai.c ****   hsai_BlockA1.FrameInit.FSDefinition = SAI_FS_STARTFRAME;
  92              		.loc 1 65 3 is_stmt 1 view .LVU33
  93              		.loc 1 65 39 is_stmt 0 view .LVU34
  94 0032 8364     		str	r3, [r0, #72]
  66:Core/Src/sai.c ****   hsai_BlockA1.FrameInit.FSPolarity = SAI_FS_ACTIVE_LOW;
  95              		.loc 1 66 3 is_stmt 1 view .LVU35
  96              		.loc 1 66 37 is_stmt 0 view .LVU36
  97 0034 C364     		str	r3, [r0, #76]
  67:Core/Src/sai.c ****   hsai_BlockA1.FrameInit.FSOffset = SAI_FS_FIRSTBIT;
  98              		.loc 1 67 3 is_stmt 1 view .LVU37
  99              		.loc 1 67 35 is_stmt 0 view .LVU38
 100 0036 0365     		str	r3, [r0, #80]
  68:Core/Src/sai.c ****   hsai_BlockA1.SlotInit.FirstBitOffset = 0;
 101              		.loc 1 68 3 is_stmt 1 view .LVU39
 102              		.loc 1 68 40 is_stmt 0 view .LVU40
 103 0038 4365     		str	r3, [r0, #84]
  69:Core/Src/sai.c ****   hsai_BlockA1.SlotInit.SlotSize = SAI_SLOTSIZE_DATASIZE;
ARM GAS  /tmp/cc6tCyH6.s 			page 4


 104              		.loc 1 69 3 is_stmt 1 view .LVU41
 105              		.loc 1 69 34 is_stmt 0 view .LVU42
 106 003a 8365     		str	r3, [r0, #88]
  70:Core/Src/sai.c ****   hsai_BlockA1.SlotInit.SlotNumber = 1;
 107              		.loc 1 70 3 is_stmt 1 view .LVU43
 108              		.loc 1 70 36 is_stmt 0 view .LVU44
 109 003c C265     		str	r2, [r0, #92]
  71:Core/Src/sai.c ****   hsai_BlockA1.SlotInit.SlotActive = 0x00000000;
 110              		.loc 1 71 3 is_stmt 1 view .LVU45
 111              		.loc 1 71 36 is_stmt 0 view .LVU46
 112 003e 0366     		str	r3, [r0, #96]
  72:Core/Src/sai.c ****   if (HAL_SAI_Init(&hsai_BlockA1) != HAL_OK)
 113              		.loc 1 72 3 is_stmt 1 view .LVU47
 114              		.loc 1 72 7 is_stmt 0 view .LVU48
 115 0040 FFF7FEFF 		bl	HAL_SAI_Init
 116              	.LVL0:
 117              		.loc 1 72 6 discriminator 1 view .LVU49
 118 0044 00BB     		cbnz	r0, .L5
 119              	.L2:
  73:Core/Src/sai.c ****   {
  74:Core/Src/sai.c ****     Error_Handler();
  75:Core/Src/sai.c ****   }
  76:Core/Src/sai.c ****   hsai_BlockB1.Instance = SAI1_Block_B;
 120              		.loc 1 76 3 is_stmt 1 view .LVU50
 121              		.loc 1 76 25 is_stmt 0 view .LVU51
 122 0046 1548     		ldr	r0, .L7+8
 123 0048 154B     		ldr	r3, .L7+12
 124 004a 0360     		str	r3, [r0]
  77:Core/Src/sai.c ****   hsai_BlockB1.Init.Protocol = SAI_FREE_PROTOCOL;
 125              		.loc 1 77 3 is_stmt 1 view .LVU52
 126              		.loc 1 77 30 is_stmt 0 view .LVU53
 127 004c 0023     		movs	r3, #0
 128 004e 0363     		str	r3, [r0, #48]
  78:Core/Src/sai.c ****   hsai_BlockB1.Init.AudioMode = SAI_MODESLAVE_RX;
 129              		.loc 1 78 3 is_stmt 1 view .LVU54
 130              		.loc 1 78 31 is_stmt 0 view .LVU55
 131 0050 0322     		movs	r2, #3
 132 0052 4260     		str	r2, [r0, #4]
  79:Core/Src/sai.c ****   hsai_BlockB1.Init.DataSize = SAI_DATASIZE_8;
 133              		.loc 1 79 3 is_stmt 1 view .LVU56
 134              		.loc 1 79 30 is_stmt 0 view .LVU57
 135 0054 4022     		movs	r2, #64
 136 0056 4263     		str	r2, [r0, #52]
  80:Core/Src/sai.c ****   hsai_BlockB1.Init.FirstBit = SAI_FIRSTBIT_MSB;
 137              		.loc 1 80 3 is_stmt 1 view .LVU58
 138              		.loc 1 80 30 is_stmt 0 view .LVU59
 139 0058 8363     		str	r3, [r0, #56]
  81:Core/Src/sai.c ****   hsai_BlockB1.Init.ClockStrobing = SAI_CLOCKSTROBING_FALLINGEDGE;
 140              		.loc 1 81 3 is_stmt 1 view .LVU60
 141              		.loc 1 81 35 is_stmt 0 view .LVU61
 142 005a C363     		str	r3, [r0, #60]
  82:Core/Src/sai.c ****   hsai_BlockB1.Init.Synchro = SAI_SYNCHRONOUS;
 143              		.loc 1 82 3 is_stmt 1 view .LVU62
 144              		.loc 1 82 29 is_stmt 0 view .LVU63
 145 005c 0122     		movs	r2, #1
 146 005e 8260     		str	r2, [r0, #8]
  83:Core/Src/sai.c ****   hsai_BlockB1.Init.OutputDrive = SAI_OUTPUTDRIVE_DISABLE;
ARM GAS  /tmp/cc6tCyH6.s 			page 5


 147              		.loc 1 83 3 is_stmt 1 view .LVU64
 148              		.loc 1 83 33 is_stmt 0 view .LVU65
 149 0060 0361     		str	r3, [r0, #16]
  84:Core/Src/sai.c ****   hsai_BlockB1.Init.FIFOThreshold = SAI_FIFOTHRESHOLD_EMPTY;
 150              		.loc 1 84 3 is_stmt 1 view .LVU66
 151              		.loc 1 84 35 is_stmt 0 view .LVU67
 152 0062 8361     		str	r3, [r0, #24]
  85:Core/Src/sai.c ****   hsai_BlockB1.Init.SynchroExt = SAI_SYNCEXT_DISABLE;
 153              		.loc 1 85 3 is_stmt 1 view .LVU68
 154              		.loc 1 85 32 is_stmt 0 view .LVU69
 155 0064 C360     		str	r3, [r0, #12]
  86:Core/Src/sai.c ****   hsai_BlockB1.Init.MonoStereoMode = SAI_STEREOMODE;
 156              		.loc 1 86 3 is_stmt 1 view .LVU70
 157              		.loc 1 86 36 is_stmt 0 view .LVU71
 158 0066 4362     		str	r3, [r0, #36]
  87:Core/Src/sai.c ****   hsai_BlockB1.Init.CompandingMode = SAI_NOCOMPANDING;
 159              		.loc 1 87 3 is_stmt 1 view .LVU72
 160              		.loc 1 87 36 is_stmt 0 view .LVU73
 161 0068 8362     		str	r3, [r0, #40]
  88:Core/Src/sai.c ****   hsai_BlockB1.Init.TriState = SAI_OUTPUT_NOTRELEASED;
 162              		.loc 1 88 3 is_stmt 1 view .LVU74
 163              		.loc 1 88 30 is_stmt 0 view .LVU75
 164 006a C362     		str	r3, [r0, #44]
  89:Core/Src/sai.c ****   hsai_BlockB1.FrameInit.FrameLength = 8;
 165              		.loc 1 89 3 is_stmt 1 view .LVU76
 166              		.loc 1 89 38 is_stmt 0 view .LVU77
 167 006c 0821     		movs	r1, #8
 168 006e 0164     		str	r1, [r0, #64]
  90:Core/Src/sai.c ****   hsai_BlockB1.FrameInit.ActiveFrameLength = 1;
 169              		.loc 1 90 3 is_stmt 1 view .LVU78
 170              		.loc 1 90 44 is_stmt 0 view .LVU79
 171 0070 4264     		str	r2, [r0, #68]
  91:Core/Src/sai.c ****   hsai_BlockB1.FrameInit.FSDefinition = SAI_FS_STARTFRAME;
 172              		.loc 1 91 3 is_stmt 1 view .LVU80
 173              		.loc 1 91 39 is_stmt 0 view .LVU81
 174 0072 8364     		str	r3, [r0, #72]
  92:Core/Src/sai.c ****   hsai_BlockB1.FrameInit.FSPolarity = SAI_FS_ACTIVE_LOW;
 175              		.loc 1 92 3 is_stmt 1 view .LVU82
 176              		.loc 1 92 37 is_stmt 0 view .LVU83
 177 0074 C364     		str	r3, [r0, #76]
  93:Core/Src/sai.c ****   hsai_BlockB1.FrameInit.FSOffset = SAI_FS_FIRSTBIT;
 178              		.loc 1 93 3 is_stmt 1 view .LVU84
 179              		.loc 1 93 35 is_stmt 0 view .LVU85
 180 0076 0365     		str	r3, [r0, #80]
  94:Core/Src/sai.c ****   hsai_BlockB1.SlotInit.FirstBitOffset = 0;
 181              		.loc 1 94 3 is_stmt 1 view .LVU86
 182              		.loc 1 94 40 is_stmt 0 view .LVU87
 183 0078 4365     		str	r3, [r0, #84]
  95:Core/Src/sai.c ****   hsai_BlockB1.SlotInit.SlotSize = SAI_SLOTSIZE_DATASIZE;
 184              		.loc 1 95 3 is_stmt 1 view .LVU88
 185              		.loc 1 95 34 is_stmt 0 view .LVU89
 186 007a 8365     		str	r3, [r0, #88]
  96:Core/Src/sai.c ****   hsai_BlockB1.SlotInit.SlotNumber = 1;
 187              		.loc 1 96 3 is_stmt 1 view .LVU90
 188              		.loc 1 96 36 is_stmt 0 view .LVU91
 189 007c C265     		str	r2, [r0, #92]
  97:Core/Src/sai.c ****   hsai_BlockB1.SlotInit.SlotActive = 0x00000000;
ARM GAS  /tmp/cc6tCyH6.s 			page 6


 190              		.loc 1 97 3 is_stmt 1 view .LVU92
 191              		.loc 1 97 36 is_stmt 0 view .LVU93
 192 007e 0366     		str	r3, [r0, #96]
  98:Core/Src/sai.c ****   if (HAL_SAI_Init(&hsai_BlockB1) != HAL_OK)
 193              		.loc 1 98 3 is_stmt 1 view .LVU94
 194              		.loc 1 98 7 is_stmt 0 view .LVU95
 195 0080 FFF7FEFF 		bl	HAL_SAI_Init
 196              	.LVL1:
 197              		.loc 1 98 6 discriminator 1 view .LVU96
 198 0084 18B9     		cbnz	r0, .L6
 199              	.L1:
  99:Core/Src/sai.c ****   {
 100:Core/Src/sai.c ****     Error_Handler();
 101:Core/Src/sai.c ****   }
 102:Core/Src/sai.c ****   /* USER CODE BEGIN SAI1_Init 2 */
 103:Core/Src/sai.c **** 
 104:Core/Src/sai.c ****   /* USER CODE END SAI1_Init 2 */
 105:Core/Src/sai.c **** 
 106:Core/Src/sai.c **** }
 200              		.loc 1 106 1 view .LVU97
 201 0086 08BD     		pop	{r3, pc}
 202              	.L5:
  74:Core/Src/sai.c ****   }
 203              		.loc 1 74 5 is_stmt 1 view .LVU98
 204 0088 FFF7FEFF 		bl	Error_Handler
 205              	.LVL2:
 206 008c DBE7     		b	.L2
 207              	.L6:
 100:Core/Src/sai.c ****   }
 208              		.loc 1 100 5 view .LVU99
 209 008e FFF7FEFF 		bl	Error_Handler
 210              	.LVL3:
 211              		.loc 1 106 1 is_stmt 0 view .LVU100
 212 0092 F8E7     		b	.L1
 213              	.L8:
 214              		.align	2
 215              	.L7:
 216 0094 00000000 		.word	hsai_BlockA1
 217 0098 04580140 		.word	1073829892
 218 009c 00000000 		.word	hsai_BlockB1
 219 00a0 24580140 		.word	1073829924
 220              		.cfi_endproc
 221              	.LFE141:
 223              		.section	.text.MX_SAI2_Init,"ax",%progbits
 224              		.align	1
 225              		.global	MX_SAI2_Init
 226              		.syntax unified
 227              		.thumb
 228              		.thumb_func
 230              	MX_SAI2_Init:
 231              	.LFB142:
 107:Core/Src/sai.c **** /* SAI2 init function */
 108:Core/Src/sai.c **** void MX_SAI2_Init(void)
 109:Core/Src/sai.c **** {
 232              		.loc 1 109 1 is_stmt 1 view -0
 233              		.cfi_startproc
 234              		@ args = 0, pretend = 0, frame = 0
ARM GAS  /tmp/cc6tCyH6.s 			page 7


 235              		@ frame_needed = 0, uses_anonymous_args = 0
 236 0000 08B5     		push	{r3, lr}
 237              	.LCFI1:
 238              		.cfi_def_cfa_offset 8
 239              		.cfi_offset 3, -8
 240              		.cfi_offset 14, -4
 110:Core/Src/sai.c **** 
 111:Core/Src/sai.c ****   /* USER CODE BEGIN SAI2_Init 0 */
 112:Core/Src/sai.c **** 
 113:Core/Src/sai.c ****   /* USER CODE END SAI2_Init 0 */
 114:Core/Src/sai.c **** 
 115:Core/Src/sai.c ****   /* USER CODE BEGIN SAI2_Init 1 */
 116:Core/Src/sai.c **** 
 117:Core/Src/sai.c ****   /* USER CODE END SAI2_Init 1 */
 118:Core/Src/sai.c **** 
 119:Core/Src/sai.c ****   /* USER CODE BEGIN SAI2_Init 1 */
 120:Core/Src/sai.c **** 
 121:Core/Src/sai.c ****   /* USER CODE END SAI2_Init 1 */
 122:Core/Src/sai.c **** 
 123:Core/Src/sai.c ****   hsai_BlockA2.Instance = SAI2_Block_A;
 241              		.loc 1 123 3 view .LVU102
 242              		.loc 1 123 25 is_stmt 0 view .LVU103
 243 0002 2248     		ldr	r0, .L15
 244 0004 224B     		ldr	r3, .L15+4
 245 0006 0360     		str	r3, [r0]
 124:Core/Src/sai.c ****   hsai_BlockA2.Init.Protocol = SAI_FREE_PROTOCOL;
 246              		.loc 1 124 3 is_stmt 1 view .LVU104
 247              		.loc 1 124 30 is_stmt 0 view .LVU105
 248 0008 0023     		movs	r3, #0
 249 000a 0363     		str	r3, [r0, #48]
 125:Core/Src/sai.c ****   hsai_BlockA2.Init.AudioMode = SAI_MODESLAVE_RX;
 250              		.loc 1 125 3 is_stmt 1 view .LVU106
 251              		.loc 1 125 31 is_stmt 0 view .LVU107
 252 000c 0322     		movs	r2, #3
 253 000e 4260     		str	r2, [r0, #4]
 126:Core/Src/sai.c ****   hsai_BlockA2.Init.DataSize = SAI_DATASIZE_8;
 254              		.loc 1 126 3 is_stmt 1 view .LVU108
 255              		.loc 1 126 30 is_stmt 0 view .LVU109
 256 0010 4022     		movs	r2, #64
 257 0012 4263     		str	r2, [r0, #52]
 127:Core/Src/sai.c ****   hsai_BlockA2.Init.FirstBit = SAI_FIRSTBIT_MSB;
 258              		.loc 1 127 3 is_stmt 1 view .LVU110
 259              		.loc 1 127 30 is_stmt 0 view .LVU111
 260 0014 8363     		str	r3, [r0, #56]
 128:Core/Src/sai.c ****   hsai_BlockA2.Init.ClockStrobing = SAI_CLOCKSTROBING_FALLINGEDGE;
 261              		.loc 1 128 3 is_stmt 1 view .LVU112
 262              		.loc 1 128 35 is_stmt 0 view .LVU113
 263 0016 C363     		str	r3, [r0, #60]
 129:Core/Src/sai.c ****   hsai_BlockA2.Init.Synchro = SAI_SYNCHRONOUS;
 264              		.loc 1 129 3 is_stmt 1 view .LVU114
 265              		.loc 1 129 29 is_stmt 0 view .LVU115
 266 0018 0122     		movs	r2, #1
 267 001a 8260     		str	r2, [r0, #8]
 130:Core/Src/sai.c ****   hsai_BlockA2.Init.OutputDrive = SAI_OUTPUTDRIVE_DISABLE;
 268              		.loc 1 130 3 is_stmt 1 view .LVU116
 269              		.loc 1 130 33 is_stmt 0 view .LVU117
 270 001c 0361     		str	r3, [r0, #16]
ARM GAS  /tmp/cc6tCyH6.s 			page 8


 131:Core/Src/sai.c ****   hsai_BlockA2.Init.FIFOThreshold = SAI_FIFOTHRESHOLD_EMPTY;
 271              		.loc 1 131 3 is_stmt 1 view .LVU118
 272              		.loc 1 131 35 is_stmt 0 view .LVU119
 273 001e 8361     		str	r3, [r0, #24]
 132:Core/Src/sai.c ****   hsai_BlockA2.Init.MonoStereoMode = SAI_STEREOMODE;
 274              		.loc 1 132 3 is_stmt 1 view .LVU120
 275              		.loc 1 132 36 is_stmt 0 view .LVU121
 276 0020 4362     		str	r3, [r0, #36]
 133:Core/Src/sai.c ****   hsai_BlockA2.Init.CompandingMode = SAI_NOCOMPANDING;
 277              		.loc 1 133 3 is_stmt 1 view .LVU122
 278              		.loc 1 133 36 is_stmt 0 view .LVU123
 279 0022 8362     		str	r3, [r0, #40]
 134:Core/Src/sai.c ****   hsai_BlockA2.Init.TriState = SAI_OUTPUT_NOTRELEASED;
 280              		.loc 1 134 3 is_stmt 1 view .LVU124
 281              		.loc 1 134 30 is_stmt 0 view .LVU125
 282 0024 C362     		str	r3, [r0, #44]
 135:Core/Src/sai.c ****   hsai_BlockA2.FrameInit.FrameLength = 8;
 283              		.loc 1 135 3 is_stmt 1 view .LVU126
 284              		.loc 1 135 38 is_stmt 0 view .LVU127
 285 0026 0821     		movs	r1, #8
 286 0028 0164     		str	r1, [r0, #64]
 136:Core/Src/sai.c ****   hsai_BlockA2.FrameInit.ActiveFrameLength = 1;
 287              		.loc 1 136 3 is_stmt 1 view .LVU128
 288              		.loc 1 136 44 is_stmt 0 view .LVU129
 289 002a 4264     		str	r2, [r0, #68]
 137:Core/Src/sai.c ****   hsai_BlockA2.FrameInit.FSDefinition = SAI_FS_STARTFRAME;
 290              		.loc 1 137 3 is_stmt 1 view .LVU130
 291              		.loc 1 137 39 is_stmt 0 view .LVU131
 292 002c 8364     		str	r3, [r0, #72]
 138:Core/Src/sai.c ****   hsai_BlockA2.FrameInit.FSPolarity = SAI_FS_ACTIVE_LOW;
 293              		.loc 1 138 3 is_stmt 1 view .LVU132
 294              		.loc 1 138 37 is_stmt 0 view .LVU133
 295 002e C364     		str	r3, [r0, #76]
 139:Core/Src/sai.c ****   hsai_BlockA2.FrameInit.FSOffset = SAI_FS_FIRSTBIT;
 296              		.loc 1 139 3 is_stmt 1 view .LVU134
 297              		.loc 1 139 35 is_stmt 0 view .LVU135
 298 0030 0365     		str	r3, [r0, #80]
 140:Core/Src/sai.c ****   hsai_BlockA2.SlotInit.FirstBitOffset = 0;
 299              		.loc 1 140 3 is_stmt 1 view .LVU136
 300              		.loc 1 140 40 is_stmt 0 view .LVU137
 301 0032 4365     		str	r3, [r0, #84]
 141:Core/Src/sai.c ****   hsai_BlockA2.SlotInit.SlotSize = SAI_SLOTSIZE_DATASIZE;
 302              		.loc 1 141 3 is_stmt 1 view .LVU138
 303              		.loc 1 141 34 is_stmt 0 view .LVU139
 304 0034 8365     		str	r3, [r0, #88]
 142:Core/Src/sai.c ****   hsai_BlockA2.SlotInit.SlotNumber = 1;
 305              		.loc 1 142 3 is_stmt 1 view .LVU140
 306              		.loc 1 142 36 is_stmt 0 view .LVU141
 307 0036 C265     		str	r2, [r0, #92]
 143:Core/Src/sai.c ****   hsai_BlockA2.SlotInit.SlotActive = 0x00000000;
 308              		.loc 1 143 3 is_stmt 1 view .LVU142
 309              		.loc 1 143 36 is_stmt 0 view .LVU143
 310 0038 0366     		str	r3, [r0, #96]
 144:Core/Src/sai.c ****   if (HAL_SAI_Init(&hsai_BlockA2) != HAL_OK)
 311              		.loc 1 144 3 is_stmt 1 view .LVU144
 312              		.loc 1 144 7 is_stmt 0 view .LVU145
 313 003a FFF7FEFF 		bl	HAL_SAI_Init
ARM GAS  /tmp/cc6tCyH6.s 			page 9


 314              	.LVL4:
 315              		.loc 1 144 6 discriminator 1 view .LVU146
 316 003e F8B9     		cbnz	r0, .L13
 317              	.L10:
 145:Core/Src/sai.c ****   {
 146:Core/Src/sai.c ****     Error_Handler();
 147:Core/Src/sai.c ****   }
 148:Core/Src/sai.c ****   hsai_BlockB2.Instance = SAI2_Block_B;
 318              		.loc 1 148 3 is_stmt 1 view .LVU147
 319              		.loc 1 148 25 is_stmt 0 view .LVU148
 320 0040 1448     		ldr	r0, .L15+8
 321 0042 154B     		ldr	r3, .L15+12
 322 0044 0360     		str	r3, [r0]
 149:Core/Src/sai.c ****   hsai_BlockB2.Init.Protocol = SAI_FREE_PROTOCOL;
 323              		.loc 1 149 3 is_stmt 1 view .LVU149
 324              		.loc 1 149 30 is_stmt 0 view .LVU150
 325 0046 0023     		movs	r3, #0
 326 0048 0363     		str	r3, [r0, #48]
 150:Core/Src/sai.c ****   hsai_BlockB2.Init.AudioMode = SAI_MODESLAVE_RX;
 327              		.loc 1 150 3 is_stmt 1 view .LVU151
 328              		.loc 1 150 31 is_stmt 0 view .LVU152
 329 004a 0322     		movs	r2, #3
 330 004c 4260     		str	r2, [r0, #4]
 151:Core/Src/sai.c ****   hsai_BlockB2.Init.DataSize = SAI_DATASIZE_8;
 331              		.loc 1 151 3 is_stmt 1 view .LVU153
 332              		.loc 1 151 30 is_stmt 0 view .LVU154
 333 004e 4022     		movs	r2, #64
 334 0050 4263     		str	r2, [r0, #52]
 152:Core/Src/sai.c ****   hsai_BlockB2.Init.FirstBit = SAI_FIRSTBIT_MSB;
 335              		.loc 1 152 3 is_stmt 1 view .LVU155
 336              		.loc 1 152 30 is_stmt 0 view .LVU156
 337 0052 8363     		str	r3, [r0, #56]
 153:Core/Src/sai.c ****   hsai_BlockB2.Init.ClockStrobing = SAI_CLOCKSTROBING_FALLINGEDGE;
 338              		.loc 1 153 3 is_stmt 1 view .LVU157
 339              		.loc 1 153 35 is_stmt 0 view .LVU158
 340 0054 C363     		str	r3, [r0, #60]
 154:Core/Src/sai.c ****   hsai_BlockB2.Init.Synchro = SAI_SYNCHRONOUS;
 341              		.loc 1 154 3 is_stmt 1 view .LVU159
 342              		.loc 1 154 29 is_stmt 0 view .LVU160
 343 0056 0122     		movs	r2, #1
 344 0058 8260     		str	r2, [r0, #8]
 155:Core/Src/sai.c ****   hsai_BlockB2.Init.OutputDrive = SAI_OUTPUTDRIVE_DISABLE;
 345              		.loc 1 155 3 is_stmt 1 view .LVU161
 346              		.loc 1 155 33 is_stmt 0 view .LVU162
 347 005a 0361     		str	r3, [r0, #16]
 156:Core/Src/sai.c ****   hsai_BlockB2.Init.FIFOThreshold = SAI_FIFOTHRESHOLD_EMPTY;
 348              		.loc 1 156 3 is_stmt 1 view .LVU163
 349              		.loc 1 156 35 is_stmt 0 view .LVU164
 350 005c 8361     		str	r3, [r0, #24]
 157:Core/Src/sai.c ****   hsai_BlockB2.Init.MonoStereoMode = SAI_STEREOMODE;
 351              		.loc 1 157 3 is_stmt 1 view .LVU165
 352              		.loc 1 157 36 is_stmt 0 view .LVU166
 353 005e 4362     		str	r3, [r0, #36]
 158:Core/Src/sai.c ****   hsai_BlockB2.Init.CompandingMode = SAI_NOCOMPANDING;
 354              		.loc 1 158 3 is_stmt 1 view .LVU167
 355              		.loc 1 158 36 is_stmt 0 view .LVU168
 356 0060 8362     		str	r3, [r0, #40]
ARM GAS  /tmp/cc6tCyH6.s 			page 10


 159:Core/Src/sai.c ****   hsai_BlockB2.Init.TriState = SAI_OUTPUT_NOTRELEASED;
 357              		.loc 1 159 3 is_stmt 1 view .LVU169
 358              		.loc 1 159 30 is_stmt 0 view .LVU170
 359 0062 C362     		str	r3, [r0, #44]
 160:Core/Src/sai.c ****   hsai_BlockB2.FrameInit.FrameLength = 8;
 360              		.loc 1 160 3 is_stmt 1 view .LVU171
 361              		.loc 1 160 38 is_stmt 0 view .LVU172
 362 0064 0821     		movs	r1, #8
 363 0066 0164     		str	r1, [r0, #64]
 161:Core/Src/sai.c ****   hsai_BlockB2.FrameInit.ActiveFrameLength = 1;
 364              		.loc 1 161 3 is_stmt 1 view .LVU173
 365              		.loc 1 161 44 is_stmt 0 view .LVU174
 366 0068 4264     		str	r2, [r0, #68]
 162:Core/Src/sai.c ****   hsai_BlockB2.FrameInit.FSDefinition = SAI_FS_STARTFRAME;
 367              		.loc 1 162 3 is_stmt 1 view .LVU175
 368              		.loc 1 162 39 is_stmt 0 view .LVU176
 369 006a 8364     		str	r3, [r0, #72]
 163:Core/Src/sai.c ****   hsai_BlockB2.FrameInit.FSPolarity = SAI_FS_ACTIVE_LOW;
 370              		.loc 1 163 3 is_stmt 1 view .LVU177
 371              		.loc 1 163 37 is_stmt 0 view .LVU178
 372 006c C364     		str	r3, [r0, #76]
 164:Core/Src/sai.c ****   hsai_BlockB2.FrameInit.FSOffset = SAI_FS_FIRSTBIT;
 373              		.loc 1 164 3 is_stmt 1 view .LVU179
 374              		.loc 1 164 35 is_stmt 0 view .LVU180
 375 006e 0365     		str	r3, [r0, #80]
 165:Core/Src/sai.c ****   hsai_BlockB2.SlotInit.FirstBitOffset = 0;
 376              		.loc 1 165 3 is_stmt 1 view .LVU181
 377              		.loc 1 165 40 is_stmt 0 view .LVU182
 378 0070 4365     		str	r3, [r0, #84]
 166:Core/Src/sai.c ****   hsai_BlockB2.SlotInit.SlotSize = SAI_SLOTSIZE_DATASIZE;
 379              		.loc 1 166 3 is_stmt 1 view .LVU183
 380              		.loc 1 166 34 is_stmt 0 view .LVU184
 381 0072 8365     		str	r3, [r0, #88]
 167:Core/Src/sai.c ****   hsai_BlockB2.SlotInit.SlotNumber = 1;
 382              		.loc 1 167 3 is_stmt 1 view .LVU185
 383              		.loc 1 167 36 is_stmt 0 view .LVU186
 384 0074 C265     		str	r2, [r0, #92]
 168:Core/Src/sai.c ****   hsai_BlockB2.SlotInit.SlotActive = 0x00000000;
 385              		.loc 1 168 3 is_stmt 1 view .LVU187
 386              		.loc 1 168 36 is_stmt 0 view .LVU188
 387 0076 0366     		str	r3, [r0, #96]
 169:Core/Src/sai.c ****   if (HAL_SAI_Init(&hsai_BlockB2) != HAL_OK)
 388              		.loc 1 169 3 is_stmt 1 view .LVU189
 389              		.loc 1 169 7 is_stmt 0 view .LVU190
 390 0078 FFF7FEFF 		bl	HAL_SAI_Init
 391              	.LVL5:
 392              		.loc 1 169 6 discriminator 1 view .LVU191
 393 007c 18B9     		cbnz	r0, .L14
 394              	.L9:
 170:Core/Src/sai.c ****   {
 171:Core/Src/sai.c ****     Error_Handler();
 172:Core/Src/sai.c ****   }
 173:Core/Src/sai.c ****   /* USER CODE BEGIN SAI2_Init 2 */
 174:Core/Src/sai.c **** 
 175:Core/Src/sai.c ****   /* USER CODE END SAI2_Init 2 */
 176:Core/Src/sai.c **** 
 177:Core/Src/sai.c **** }
ARM GAS  /tmp/cc6tCyH6.s 			page 11


 395              		.loc 1 177 1 view .LVU192
 396 007e 08BD     		pop	{r3, pc}
 397              	.L13:
 146:Core/Src/sai.c ****   }
 398              		.loc 1 146 5 is_stmt 1 view .LVU193
 399 0080 FFF7FEFF 		bl	Error_Handler
 400              	.LVL6:
 401 0084 DCE7     		b	.L10
 402              	.L14:
 171:Core/Src/sai.c ****   }
 403              		.loc 1 171 5 view .LVU194
 404 0086 FFF7FEFF 		bl	Error_Handler
 405              	.LVL7:
 406              		.loc 1 177 1 is_stmt 0 view .LVU195
 407 008a F8E7     		b	.L9
 408              	.L16:
 409              		.align	2
 410              	.L15:
 411 008c 00000000 		.word	hsai_BlockA2
 412 0090 045C0140 		.word	1073830916
 413 0094 00000000 		.word	hsai_BlockB2
 414 0098 245C0140 		.word	1073830948
 415              		.cfi_endproc
 416              	.LFE142:
 418              		.section	.text.HAL_SAI_MspInit,"ax",%progbits
 419              		.align	1
 420              		.global	HAL_SAI_MspInit
 421              		.syntax unified
 422              		.thumb
 423              		.thumb_func
 425              	HAL_SAI_MspInit:
 426              	.LVL8:
 427              	.LFB143:
 178:Core/Src/sai.c **** static uint32_t SAI1_client =0;
 179:Core/Src/sai.c **** static uint32_t SAI2_client =0;
 180:Core/Src/sai.c **** 
 181:Core/Src/sai.c **** void HAL_SAI_MspInit(SAI_HandleTypeDef* saiHandle)
 182:Core/Src/sai.c **** {
 428              		.loc 1 182 1 is_stmt 1 view -0
 429              		.cfi_startproc
 430              		@ args = 0, pretend = 0, frame = 184
 431              		@ frame_needed = 0, uses_anonymous_args = 0
 432              		.loc 1 182 1 is_stmt 0 view .LVU197
 433 0000 10B5     		push	{r4, lr}
 434              	.LCFI2:
 435              		.cfi_def_cfa_offset 8
 436              		.cfi_offset 4, -8
 437              		.cfi_offset 14, -4
 438 0002 AEB0     		sub	sp, sp, #184
 439              	.LCFI3:
 440              		.cfi_def_cfa_offset 192
 441 0004 0446     		mov	r4, r0
 183:Core/Src/sai.c **** 
 184:Core/Src/sai.c ****   GPIO_InitTypeDef GPIO_InitStruct;
 442              		.loc 1 184 3 is_stmt 1 view .LVU198
 185:Core/Src/sai.c ****   RCC_PeriphCLKInitTypeDef PeriphClkInitStruct = {0};
 443              		.loc 1 185 3 view .LVU199
ARM GAS  /tmp/cc6tCyH6.s 			page 12


 444              		.loc 1 185 28 is_stmt 0 view .LVU200
 445 0006 9022     		movs	r2, #144
 446 0008 0021     		movs	r1, #0
 447 000a 05A8     		add	r0, sp, #20
 448              	.LVL9:
 449              		.loc 1 185 28 view .LVU201
 450 000c FFF7FEFF 		bl	memset
 451              	.LVL10:
 186:Core/Src/sai.c **** /* SAI1 */
 187:Core/Src/sai.c ****     if(saiHandle->Instance==SAI1_Block_A)
 452              		.loc 1 187 5 is_stmt 1 view .LVU202
 453              		.loc 1 187 17 is_stmt 0 view .LVU203
 454 0010 2268     		ldr	r2, [r4]
 455              		.loc 1 187 7 view .LVU204
 456 0012 604B     		ldr	r3, .L39
 457 0014 9A42     		cmp	r2, r3
 458 0016 0ED0     		beq	.L31
 459              	.L18:
 188:Core/Src/sai.c ****     {
 189:Core/Src/sai.c ****     /* SAI1 clock enable */
 190:Core/Src/sai.c **** 
 191:Core/Src/sai.c ****   /** Initializes the peripherals clock
 192:Core/Src/sai.c ****   */
 193:Core/Src/sai.c ****     PeriphClkInitStruct.PeriphClockSelection = RCC_PERIPHCLK_SAI1;
 194:Core/Src/sai.c ****     PeriphClkInitStruct.Sai1ClockSelection = RCC_SAI1CLKSOURCE_PIN;
 195:Core/Src/sai.c ****     if (HAL_RCCEx_PeriphCLKConfig(&PeriphClkInitStruct) != HAL_OK)
 196:Core/Src/sai.c ****     {
 197:Core/Src/sai.c ****       Error_Handler();
 198:Core/Src/sai.c ****     }
 199:Core/Src/sai.c **** 
 200:Core/Src/sai.c ****     if (SAI1_client == 0)
 201:Core/Src/sai.c ****     {
 202:Core/Src/sai.c ****        __HAL_RCC_SAI1_CLK_ENABLE();
 203:Core/Src/sai.c ****     }
 204:Core/Src/sai.c ****     SAI1_client ++;
 205:Core/Src/sai.c **** 
 206:Core/Src/sai.c ****     /**SAI1_A_Block_A GPIO Configuration
 207:Core/Src/sai.c ****     PE2     ------> SAI1_MCLK_A
 208:Core/Src/sai.c ****     PE4     ------> SAI1_FS_A
 209:Core/Src/sai.c ****     PE5     ------> SAI1_SCK_A
 210:Core/Src/sai.c ****     PE6     ------> SAI1_SD_A
 211:Core/Src/sai.c ****     */
 212:Core/Src/sai.c ****     GPIO_InitStruct.Pin = GPIO_PIN_2|GPIO_PIN_4|GPIO_PIN_5|GPIO_PIN_6;
 213:Core/Src/sai.c ****     GPIO_InitStruct.Mode = GPIO_MODE_AF_PP;
 214:Core/Src/sai.c ****     GPIO_InitStruct.Pull = GPIO_NOPULL;
 215:Core/Src/sai.c ****     GPIO_InitStruct.Speed = GPIO_SPEED_FREQ_LOW;
 216:Core/Src/sai.c ****     GPIO_InitStruct.Alternate = GPIO_AF6_SAI1;
 217:Core/Src/sai.c ****     HAL_GPIO_Init(GPIOE, &GPIO_InitStruct);
 218:Core/Src/sai.c **** 
 219:Core/Src/sai.c ****     }
 220:Core/Src/sai.c ****     if(saiHandle->Instance==SAI1_Block_B)
 460              		.loc 1 220 5 is_stmt 1 view .LVU205
 461              		.loc 1 220 17 is_stmt 0 view .LVU206
 462 0018 2268     		ldr	r2, [r4]
 463              		.loc 1 220 7 view .LVU207
 464 001a 5F4B     		ldr	r3, .L39+4
 465 001c 9A42     		cmp	r2, r3
ARM GAS  /tmp/cc6tCyH6.s 			page 13


 466 001e 35D0     		beq	.L32
 467              	.L21:
 221:Core/Src/sai.c ****     {
 222:Core/Src/sai.c ****       /* SAI1 clock enable */
 223:Core/Src/sai.c **** 
 224:Core/Src/sai.c ****   /** Initializes the peripherals clock
 225:Core/Src/sai.c ****   */
 226:Core/Src/sai.c ****     PeriphClkInitStruct.PeriphClockSelection = RCC_PERIPHCLK_SAI1;
 227:Core/Src/sai.c ****     PeriphClkInitStruct.Sai1ClockSelection = RCC_SAI1CLKSOURCE_PIN;
 228:Core/Src/sai.c ****     if (HAL_RCCEx_PeriphCLKConfig(&PeriphClkInitStruct) != HAL_OK)
 229:Core/Src/sai.c ****     {
 230:Core/Src/sai.c ****       Error_Handler();
 231:Core/Src/sai.c ****     }
 232:Core/Src/sai.c **** 
 233:Core/Src/sai.c ****       if (SAI1_client == 0)
 234:Core/Src/sai.c ****       {
 235:Core/Src/sai.c ****        __HAL_RCC_SAI1_CLK_ENABLE();
 236:Core/Src/sai.c ****       }
 237:Core/Src/sai.c ****     SAI1_client ++;
 238:Core/Src/sai.c **** 
 239:Core/Src/sai.c ****     /**SAI1_B_Block_B GPIO Configuration
 240:Core/Src/sai.c ****     PE3     ------> SAI1_SD_B
 241:Core/Src/sai.c ****     */
 242:Core/Src/sai.c ****     GPIO_InitStruct.Pin = GPIO_PIN_3;
 243:Core/Src/sai.c ****     GPIO_InitStruct.Mode = GPIO_MODE_AF_PP;
 244:Core/Src/sai.c ****     GPIO_InitStruct.Pull = GPIO_NOPULL;
 245:Core/Src/sai.c ****     GPIO_InitStruct.Speed = GPIO_SPEED_FREQ_LOW;
 246:Core/Src/sai.c ****     GPIO_InitStruct.Alternate = GPIO_AF6_SAI1;
 247:Core/Src/sai.c ****     HAL_GPIO_Init(GPIOE, &GPIO_InitStruct);
 248:Core/Src/sai.c **** 
 249:Core/Src/sai.c ****     }
 250:Core/Src/sai.c **** /* SAI2 */
 251:Core/Src/sai.c ****     if(saiHandle->Instance==SAI2_Block_A)
 468              		.loc 1 251 5 is_stmt 1 view .LVU208
 469              		.loc 1 251 17 is_stmt 0 view .LVU209
 470 0020 2268     		ldr	r2, [r4]
 471              		.loc 1 251 7 view .LVU210
 472 0022 5E4B     		ldr	r3, .L39+8
 473 0024 9A42     		cmp	r2, r3
 474 0026 5CD0     		beq	.L33
 475              	.L24:
 252:Core/Src/sai.c ****     {
 253:Core/Src/sai.c ****     /* SAI2 clock enable */
 254:Core/Src/sai.c **** 
 255:Core/Src/sai.c ****   /** Initializes the peripherals clock
 256:Core/Src/sai.c ****   */
 257:Core/Src/sai.c ****     PeriphClkInitStruct.PeriphClockSelection = RCC_PERIPHCLK_SAI2;
 258:Core/Src/sai.c ****     PeriphClkInitStruct.Sai2ClockSelection = RCC_SAI2CLKSOURCE_PIN;
 259:Core/Src/sai.c ****     if (HAL_RCCEx_PeriphCLKConfig(&PeriphClkInitStruct) != HAL_OK)
 260:Core/Src/sai.c ****     {
 261:Core/Src/sai.c ****       Error_Handler();
 262:Core/Src/sai.c ****     }
 263:Core/Src/sai.c **** 
 264:Core/Src/sai.c ****     if (SAI2_client == 0)
 265:Core/Src/sai.c ****     {
 266:Core/Src/sai.c ****        __HAL_RCC_SAI2_CLK_ENABLE();
 267:Core/Src/sai.c ****     }
ARM GAS  /tmp/cc6tCyH6.s 			page 14


 268:Core/Src/sai.c ****     SAI2_client ++;
 269:Core/Src/sai.c **** 
 270:Core/Src/sai.c ****     /**SAI2_A_Block_A GPIO Configuration
 271:Core/Src/sai.c ****     PD11     ------> SAI2_SD_A
 272:Core/Src/sai.c ****     */
 273:Core/Src/sai.c ****     GPIO_InitStruct.Pin = GPIO_PIN_11;
 274:Core/Src/sai.c ****     GPIO_InitStruct.Mode = GPIO_MODE_AF_PP;
 275:Core/Src/sai.c ****     GPIO_InitStruct.Pull = GPIO_NOPULL;
 276:Core/Src/sai.c ****     GPIO_InitStruct.Speed = GPIO_SPEED_FREQ_LOW;
 277:Core/Src/sai.c ****     GPIO_InitStruct.Alternate = GPIO_AF10_SAI2;
 278:Core/Src/sai.c ****     HAL_GPIO_Init(GPIOD, &GPIO_InitStruct);
 279:Core/Src/sai.c **** 
 280:Core/Src/sai.c ****     }
 281:Core/Src/sai.c ****     if(saiHandle->Instance==SAI2_Block_B)
 476              		.loc 1 281 5 is_stmt 1 view .LVU211
 477              		.loc 1 281 17 is_stmt 0 view .LVU212
 478 0028 2268     		ldr	r2, [r4]
 479              		.loc 1 281 7 view .LVU213
 480 002a 5D4B     		ldr	r3, .L39+12
 481 002c 9A42     		cmp	r2, r3
 482 002e 00F08480 		beq	.L34
 483              	.L17:
 282:Core/Src/sai.c ****     {
 283:Core/Src/sai.c ****       /* SAI2 clock enable */
 284:Core/Src/sai.c **** 
 285:Core/Src/sai.c ****   /** Initializes the peripherals clock
 286:Core/Src/sai.c ****   */
 287:Core/Src/sai.c ****     PeriphClkInitStruct.PeriphClockSelection = RCC_PERIPHCLK_SAI2;
 288:Core/Src/sai.c ****     PeriphClkInitStruct.Sai2ClockSelection = RCC_SAI2CLKSOURCE_PIN;
 289:Core/Src/sai.c ****     if (HAL_RCCEx_PeriphCLKConfig(&PeriphClkInitStruct) != HAL_OK)
 290:Core/Src/sai.c ****     {
 291:Core/Src/sai.c ****       Error_Handler();
 292:Core/Src/sai.c ****     }
 293:Core/Src/sai.c **** 
 294:Core/Src/sai.c ****       if (SAI2_client == 0)
 295:Core/Src/sai.c ****       {
 296:Core/Src/sai.c ****        __HAL_RCC_SAI2_CLK_ENABLE();
 297:Core/Src/sai.c ****       }
 298:Core/Src/sai.c ****     SAI2_client ++;
 299:Core/Src/sai.c **** 
 300:Core/Src/sai.c ****     /**SAI2_B_Block_B GPIO Configuration
 301:Core/Src/sai.c ****     PE11     ------> SAI2_SD_B
 302:Core/Src/sai.c ****     */
 303:Core/Src/sai.c ****     GPIO_InitStruct.Pin = GPIO_PIN_11;
 304:Core/Src/sai.c ****     GPIO_InitStruct.Mode = GPIO_MODE_AF_PP;
 305:Core/Src/sai.c ****     GPIO_InitStruct.Pull = GPIO_NOPULL;
 306:Core/Src/sai.c ****     GPIO_InitStruct.Speed = GPIO_SPEED_FREQ_LOW;
 307:Core/Src/sai.c ****     GPIO_InitStruct.Alternate = GPIO_AF10_SAI2;
 308:Core/Src/sai.c ****     HAL_GPIO_Init(GPIOE, &GPIO_InitStruct);
 309:Core/Src/sai.c **** 
 310:Core/Src/sai.c ****     }
 311:Core/Src/sai.c **** }
 484              		.loc 1 311 1 view .LVU214
 485 0032 2EB0     		add	sp, sp, #184
 486              	.LCFI4:
 487              		.cfi_remember_state
 488              		.cfi_def_cfa_offset 8
ARM GAS  /tmp/cc6tCyH6.s 			page 15


 489              		@ sp needed
 490 0034 10BD     		pop	{r4, pc}
 491              	.LVL11:
 492              	.L31:
 493              	.LCFI5:
 494              		.cfi_restore_state
 193:Core/Src/sai.c ****     PeriphClkInitStruct.Sai1ClockSelection = RCC_SAI1CLKSOURCE_PIN;
 495              		.loc 1 193 5 is_stmt 1 view .LVU215
 193:Core/Src/sai.c ****     PeriphClkInitStruct.Sai1ClockSelection = RCC_SAI1CLKSOURCE_PIN;
 496              		.loc 1 193 46 is_stmt 0 view .LVU216
 497 0036 4FF40023 		mov	r3, #524288
 498 003a 0593     		str	r3, [sp, #20]
 194:Core/Src/sai.c ****     if (HAL_RCCEx_PeriphCLKConfig(&PeriphClkInitStruct) != HAL_OK)
 499              		.loc 1 194 5 is_stmt 1 view .LVU217
 194:Core/Src/sai.c ****     if (HAL_RCCEx_PeriphCLKConfig(&PeriphClkInitStruct) != HAL_OK)
 500              		.loc 1 194 44 is_stmt 0 view .LVU218
 501 003c 4FF40013 		mov	r3, #2097152
 502 0040 1493     		str	r3, [sp, #80]
 195:Core/Src/sai.c ****     {
 503              		.loc 1 195 5 is_stmt 1 view .LVU219
 195:Core/Src/sai.c ****     {
 504              		.loc 1 195 9 is_stmt 0 view .LVU220
 505 0042 05A8     		add	r0, sp, #20
 506 0044 FFF7FEFF 		bl	HAL_RCCEx_PeriphCLKConfig
 507              	.LVL12:
 195:Core/Src/sai.c ****     {
 508              		.loc 1 195 8 discriminator 1 view .LVU221
 509 0048 E8B9     		cbnz	r0, .L35
 510              	.L19:
 200:Core/Src/sai.c ****     {
 511              		.loc 1 200 5 is_stmt 1 view .LVU222
 200:Core/Src/sai.c ****     {
 512              		.loc 1 200 21 is_stmt 0 view .LVU223
 513 004a 564B     		ldr	r3, .L39+16
 514 004c 1B68     		ldr	r3, [r3]
 200:Core/Src/sai.c ****     {
 515              		.loc 1 200 8 view .LVU224
 516 004e 4BB9     		cbnz	r3, .L20
 202:Core/Src/sai.c ****     }
 517              		.loc 1 202 8 is_stmt 1 view .LVU225
 518              	.LBB2:
 202:Core/Src/sai.c ****     }
 519              		.loc 1 202 8 view .LVU226
 202:Core/Src/sai.c ****     }
 520              		.loc 1 202 8 view .LVU227
 521 0050 554A     		ldr	r2, .L39+20
 522 0052 516C     		ldr	r1, [r2, #68]
 523 0054 41F48001 		orr	r1, r1, #4194304
 524 0058 5164     		str	r1, [r2, #68]
 202:Core/Src/sai.c ****     }
 525              		.loc 1 202 8 view .LVU228
 526 005a 526C     		ldr	r2, [r2, #68]
 527 005c 02F48002 		and	r2, r2, #4194304
 528 0060 0192     		str	r2, [sp, #4]
 202:Core/Src/sai.c ****     }
 529              		.loc 1 202 8 view .LVU229
 530 0062 019A     		ldr	r2, [sp, #4]
ARM GAS  /tmp/cc6tCyH6.s 			page 16


 531              	.L20:
 532              	.LBE2:
 202:Core/Src/sai.c ****     }
 533              		.loc 1 202 8 discriminator 1 view .LVU230
 204:Core/Src/sai.c **** 
 534              		.loc 1 204 5 view .LVU231
 204:Core/Src/sai.c **** 
 535              		.loc 1 204 17 is_stmt 0 view .LVU232
 536 0064 0133     		adds	r3, r3, #1
 537 0066 4F4A     		ldr	r2, .L39+16
 538 0068 1360     		str	r3, [r2]
 212:Core/Src/sai.c ****     GPIO_InitStruct.Mode = GPIO_MODE_AF_PP;
 539              		.loc 1 212 5 is_stmt 1 view .LVU233
 212:Core/Src/sai.c ****     GPIO_InitStruct.Mode = GPIO_MODE_AF_PP;
 540              		.loc 1 212 25 is_stmt 0 view .LVU234
 541 006a 7423     		movs	r3, #116
 542 006c 2993     		str	r3, [sp, #164]
 213:Core/Src/sai.c ****     GPIO_InitStruct.Pull = GPIO_NOPULL;
 543              		.loc 1 213 5 is_stmt 1 view .LVU235
 213:Core/Src/sai.c ****     GPIO_InitStruct.Pull = GPIO_NOPULL;
 544              		.loc 1 213 26 is_stmt 0 view .LVU236
 545 006e 0223     		movs	r3, #2
 546 0070 2A93     		str	r3, [sp, #168]
 214:Core/Src/sai.c ****     GPIO_InitStruct.Speed = GPIO_SPEED_FREQ_LOW;
 547              		.loc 1 214 5 is_stmt 1 view .LVU237
 214:Core/Src/sai.c ****     GPIO_InitStruct.Speed = GPIO_SPEED_FREQ_LOW;
 548              		.loc 1 214 26 is_stmt 0 view .LVU238
 549 0072 0023     		movs	r3, #0
 550 0074 2B93     		str	r3, [sp, #172]
 215:Core/Src/sai.c ****     GPIO_InitStruct.Alternate = GPIO_AF6_SAI1;
 551              		.loc 1 215 5 is_stmt 1 view .LVU239
 215:Core/Src/sai.c ****     GPIO_InitStruct.Alternate = GPIO_AF6_SAI1;
 552              		.loc 1 215 27 is_stmt 0 view .LVU240
 553 0076 2C93     		str	r3, [sp, #176]
 216:Core/Src/sai.c ****     HAL_GPIO_Init(GPIOE, &GPIO_InitStruct);
 554              		.loc 1 216 5 is_stmt 1 view .LVU241
 216:Core/Src/sai.c ****     HAL_GPIO_Init(GPIOE, &GPIO_InitStruct);
 555              		.loc 1 216 31 is_stmt 0 view .LVU242
 556 0078 0623     		movs	r3, #6
 557 007a 2D93     		str	r3, [sp, #180]
 217:Core/Src/sai.c **** 
 558              		.loc 1 217 5 is_stmt 1 view .LVU243
 559 007c 29A9     		add	r1, sp, #164
 560 007e 4B48     		ldr	r0, .L39+24
 561 0080 FFF7FEFF 		bl	HAL_GPIO_Init
 562              	.LVL13:
 563 0084 C8E7     		b	.L18
 564              	.L35:
 197:Core/Src/sai.c ****     }
 565              		.loc 1 197 7 view .LVU244
 566 0086 FFF7FEFF 		bl	Error_Handler
 567              	.LVL14:
 568 008a DEE7     		b	.L19
 569              	.L32:
 226:Core/Src/sai.c ****     PeriphClkInitStruct.Sai1ClockSelection = RCC_SAI1CLKSOURCE_PIN;
 570              		.loc 1 226 5 view .LVU245
 226:Core/Src/sai.c ****     PeriphClkInitStruct.Sai1ClockSelection = RCC_SAI1CLKSOURCE_PIN;
ARM GAS  /tmp/cc6tCyH6.s 			page 17


 571              		.loc 1 226 46 is_stmt 0 view .LVU246
 572 008c 4FF40023 		mov	r3, #524288
 573 0090 0593     		str	r3, [sp, #20]
 227:Core/Src/sai.c ****     if (HAL_RCCEx_PeriphCLKConfig(&PeriphClkInitStruct) != HAL_OK)
 574              		.loc 1 227 5 is_stmt 1 view .LVU247
 227:Core/Src/sai.c ****     if (HAL_RCCEx_PeriphCLKConfig(&PeriphClkInitStruct) != HAL_OK)
 575              		.loc 1 227 44 is_stmt 0 view .LVU248
 576 0092 4FF40013 		mov	r3, #2097152
 577 0096 1493     		str	r3, [sp, #80]
 228:Core/Src/sai.c ****     {
 578              		.loc 1 228 5 is_stmt 1 view .LVU249
 228:Core/Src/sai.c ****     {
 579              		.loc 1 228 9 is_stmt 0 view .LVU250
 580 0098 05A8     		add	r0, sp, #20
 581 009a FFF7FEFF 		bl	HAL_RCCEx_PeriphCLKConfig
 582              	.LVL15:
 228:Core/Src/sai.c ****     {
 583              		.loc 1 228 8 discriminator 1 view .LVU251
 584 009e E8B9     		cbnz	r0, .L36
 585              	.L22:
 233:Core/Src/sai.c ****       {
 586              		.loc 1 233 7 is_stmt 1 view .LVU252
 233:Core/Src/sai.c ****       {
 587              		.loc 1 233 23 is_stmt 0 view .LVU253
 588 00a0 404B     		ldr	r3, .L39+16
 589 00a2 1B68     		ldr	r3, [r3]
 233:Core/Src/sai.c ****       {
 590              		.loc 1 233 10 view .LVU254
 591 00a4 4BB9     		cbnz	r3, .L23
 235:Core/Src/sai.c ****       }
 592              		.loc 1 235 8 is_stmt 1 view .LVU255
 593              	.LBB3:
 235:Core/Src/sai.c ****       }
 594              		.loc 1 235 8 view .LVU256
 235:Core/Src/sai.c ****       }
 595              		.loc 1 235 8 view .LVU257
 596 00a6 404A     		ldr	r2, .L39+20
 597 00a8 516C     		ldr	r1, [r2, #68]
 598 00aa 41F48001 		orr	r1, r1, #4194304
 599 00ae 5164     		str	r1, [r2, #68]
 235:Core/Src/sai.c ****       }
 600              		.loc 1 235 8 view .LVU258
 601 00b0 526C     		ldr	r2, [r2, #68]
 602 00b2 02F48002 		and	r2, r2, #4194304
 603 00b6 0292     		str	r2, [sp, #8]
 235:Core/Src/sai.c ****       }
 604              		.loc 1 235 8 view .LVU259
 605 00b8 029A     		ldr	r2, [sp, #8]
 606              	.L23:
 607              	.LBE3:
 235:Core/Src/sai.c ****       }
 608              		.loc 1 235 8 discriminator 1 view .LVU260
 237:Core/Src/sai.c **** 
 609              		.loc 1 237 5 view .LVU261
 237:Core/Src/sai.c **** 
 610              		.loc 1 237 17 is_stmt 0 view .LVU262
 611 00ba 0133     		adds	r3, r3, #1
ARM GAS  /tmp/cc6tCyH6.s 			page 18


 612 00bc 394A     		ldr	r2, .L39+16
 613 00be 1360     		str	r3, [r2]
 242:Core/Src/sai.c ****     GPIO_InitStruct.Mode = GPIO_MODE_AF_PP;
 614              		.loc 1 242 5 is_stmt 1 view .LVU263
 242:Core/Src/sai.c ****     GPIO_InitStruct.Mode = GPIO_MODE_AF_PP;
 615              		.loc 1 242 25 is_stmt 0 view .LVU264
 616 00c0 0823     		movs	r3, #8
 617 00c2 2993     		str	r3, [sp, #164]
 243:Core/Src/sai.c ****     GPIO_InitStruct.Pull = GPIO_NOPULL;
 618              		.loc 1 243 5 is_stmt 1 view .LVU265
 243:Core/Src/sai.c ****     GPIO_InitStruct.Pull = GPIO_NOPULL;
 619              		.loc 1 243 26 is_stmt 0 view .LVU266
 620 00c4 0223     		movs	r3, #2
 621 00c6 2A93     		str	r3, [sp, #168]
 244:Core/Src/sai.c ****     GPIO_InitStruct.Speed = GPIO_SPEED_FREQ_LOW;
 622              		.loc 1 244 5 is_stmt 1 view .LVU267
 244:Core/Src/sai.c ****     GPIO_InitStruct.Speed = GPIO_SPEED_FREQ_LOW;
 623              		.loc 1 244 26 is_stmt 0 view .LVU268
 624 00c8 0023     		movs	r3, #0
 625 00ca 2B93     		str	r3, [sp, #172]
 245:Core/Src/sai.c ****     GPIO_InitStruct.Alternate = GPIO_AF6_SAI1;
 626              		.loc 1 245 5 is_stmt 1 view .LVU269
 245:Core/Src/sai.c ****     GPIO_InitStruct.Alternate = GPIO_AF6_SAI1;
 627              		.loc 1 245 27 is_stmt 0 view .LVU270
 628 00cc 2C93     		str	r3, [sp, #176]
 246:Core/Src/sai.c ****     HAL_GPIO_Init(GPIOE, &GPIO_InitStruct);
 629              		.loc 1 246 5 is_stmt 1 view .LVU271
 246:Core/Src/sai.c ****     HAL_GPIO_Init(GPIOE, &GPIO_InitStruct);
 630              		.loc 1 246 31 is_stmt 0 view .LVU272
 631 00ce 0623     		movs	r3, #6
 632 00d0 2D93     		str	r3, [sp, #180]
 247:Core/Src/sai.c **** 
 633              		.loc 1 247 5 is_stmt 1 view .LVU273
 634 00d2 29A9     		add	r1, sp, #164
 635 00d4 3548     		ldr	r0, .L39+24
 636 00d6 FFF7FEFF 		bl	HAL_GPIO_Init
 637              	.LVL16:
 638 00da A1E7     		b	.L21
 639              	.L36:
 230:Core/Src/sai.c ****     }
 640              		.loc 1 230 7 view .LVU274
 641 00dc FFF7FEFF 		bl	Error_Handler
 642              	.LVL17:
 643 00e0 DEE7     		b	.L22
 644              	.L33:
 257:Core/Src/sai.c ****     PeriphClkInitStruct.Sai2ClockSelection = RCC_SAI2CLKSOURCE_PIN;
 645              		.loc 1 257 5 view .LVU275
 257:Core/Src/sai.c ****     PeriphClkInitStruct.Sai2ClockSelection = RCC_SAI2CLKSOURCE_PIN;
 646              		.loc 1 257 46 is_stmt 0 view .LVU276
 647 00e2 4FF48013 		mov	r3, #1048576
 648 00e6 0593     		str	r3, [sp, #20]
 258:Core/Src/sai.c ****     if (HAL_RCCEx_PeriphCLKConfig(&PeriphClkInitStruct) != HAL_OK)
 649              		.loc 1 258 5 is_stmt 1 view .LVU277
 258:Core/Src/sai.c ****     if (HAL_RCCEx_PeriphCLKConfig(&PeriphClkInitStruct) != HAL_OK)
 650              		.loc 1 258 44 is_stmt 0 view .LVU278
 651 00e8 4FF40003 		mov	r3, #8388608
 652 00ec 1593     		str	r3, [sp, #84]
ARM GAS  /tmp/cc6tCyH6.s 			page 19


 259:Core/Src/sai.c ****     {
 653              		.loc 1 259 5 is_stmt 1 view .LVU279
 259:Core/Src/sai.c ****     {
 654              		.loc 1 259 9 is_stmt 0 view .LVU280
 655 00ee 05A8     		add	r0, sp, #20
 656 00f0 FFF7FEFF 		bl	HAL_RCCEx_PeriphCLKConfig
 657              	.LVL18:
 259:Core/Src/sai.c ****     {
 658              		.loc 1 259 8 discriminator 1 view .LVU281
 659 00f4 F0B9     		cbnz	r0, .L37
 660              	.L25:
 264:Core/Src/sai.c ****     {
 661              		.loc 1 264 5 is_stmt 1 view .LVU282
 264:Core/Src/sai.c ****     {
 662              		.loc 1 264 21 is_stmt 0 view .LVU283
 663 00f6 2E4B     		ldr	r3, .L39+28
 664 00f8 1B68     		ldr	r3, [r3]
 264:Core/Src/sai.c ****     {
 665              		.loc 1 264 8 view .LVU284
 666 00fa 4BB9     		cbnz	r3, .L26
 266:Core/Src/sai.c ****     }
 667              		.loc 1 266 8 is_stmt 1 view .LVU285
 668              	.LBB4:
 266:Core/Src/sai.c ****     }
 669              		.loc 1 266 8 view .LVU286
 266:Core/Src/sai.c ****     }
 670              		.loc 1 266 8 view .LVU287
 671 00fc 2A4A     		ldr	r2, .L39+20
 672 00fe 516C     		ldr	r1, [r2, #68]
 673 0100 41F40001 		orr	r1, r1, #8388608
 674 0104 5164     		str	r1, [r2, #68]
 266:Core/Src/sai.c ****     }
 675              		.loc 1 266 8 view .LVU288
 676 0106 526C     		ldr	r2, [r2, #68]
 677 0108 02F40002 		and	r2, r2, #8388608
 678 010c 0392     		str	r2, [sp, #12]
 266:Core/Src/sai.c ****     }
 679              		.loc 1 266 8 view .LVU289
 680 010e 039A     		ldr	r2, [sp, #12]
 681              	.L26:
 682              	.LBE4:
 266:Core/Src/sai.c ****     }
 683              		.loc 1 266 8 discriminator 1 view .LVU290
 268:Core/Src/sai.c **** 
 684              		.loc 1 268 5 view .LVU291
 268:Core/Src/sai.c **** 
 685              		.loc 1 268 17 is_stmt 0 view .LVU292
 686 0110 0133     		adds	r3, r3, #1
 687 0112 274A     		ldr	r2, .L39+28
 688 0114 1360     		str	r3, [r2]
 273:Core/Src/sai.c ****     GPIO_InitStruct.Mode = GPIO_MODE_AF_PP;
 689              		.loc 1 273 5 is_stmt 1 view .LVU293
 273:Core/Src/sai.c ****     GPIO_InitStruct.Mode = GPIO_MODE_AF_PP;
 690              		.loc 1 273 25 is_stmt 0 view .LVU294
 691 0116 4FF40063 		mov	r3, #2048
 692 011a 2993     		str	r3, [sp, #164]
 274:Core/Src/sai.c ****     GPIO_InitStruct.Pull = GPIO_NOPULL;
ARM GAS  /tmp/cc6tCyH6.s 			page 20


 693              		.loc 1 274 5 is_stmt 1 view .LVU295
 274:Core/Src/sai.c ****     GPIO_InitStruct.Pull = GPIO_NOPULL;
 694              		.loc 1 274 26 is_stmt 0 view .LVU296
 695 011c 0223     		movs	r3, #2
 696 011e 2A93     		str	r3, [sp, #168]
 275:Core/Src/sai.c ****     GPIO_InitStruct.Speed = GPIO_SPEED_FREQ_LOW;
 697              		.loc 1 275 5 is_stmt 1 view .LVU297
 275:Core/Src/sai.c ****     GPIO_InitStruct.Speed = GPIO_SPEED_FREQ_LOW;
 698              		.loc 1 275 26 is_stmt 0 view .LVU298
 699 0120 0023     		movs	r3, #0
 700 0122 2B93     		str	r3, [sp, #172]
 276:Core/Src/sai.c ****     GPIO_InitStruct.Alternate = GPIO_AF10_SAI2;
 701              		.loc 1 276 5 is_stmt 1 view .LVU299
 276:Core/Src/sai.c ****     GPIO_InitStruct.Alternate = GPIO_AF10_SAI2;
 702              		.loc 1 276 27 is_stmt 0 view .LVU300
 703 0124 2C93     		str	r3, [sp, #176]
 277:Core/Src/sai.c ****     HAL_GPIO_Init(GPIOD, &GPIO_InitStruct);
 704              		.loc 1 277 5 is_stmt 1 view .LVU301
 277:Core/Src/sai.c ****     HAL_GPIO_Init(GPIOD, &GPIO_InitStruct);
 705              		.loc 1 277 31 is_stmt 0 view .LVU302
 706 0126 0A23     		movs	r3, #10
 707 0128 2D93     		str	r3, [sp, #180]
 278:Core/Src/sai.c **** 
 708              		.loc 1 278 5 is_stmt 1 view .LVU303
 709 012a 29A9     		add	r1, sp, #164
 710 012c 2148     		ldr	r0, .L39+32
 711 012e FFF7FEFF 		bl	HAL_GPIO_Init
 712              	.LVL19:
 713 0132 79E7     		b	.L24
 714              	.L37:
 261:Core/Src/sai.c ****     }
 715              		.loc 1 261 7 view .LVU304
 716 0134 FFF7FEFF 		bl	Error_Handler
 717              	.LVL20:
 718 0138 DDE7     		b	.L25
 719              	.L34:
 287:Core/Src/sai.c ****     PeriphClkInitStruct.Sai2ClockSelection = RCC_SAI2CLKSOURCE_PIN;
 720              		.loc 1 287 5 view .LVU305
 287:Core/Src/sai.c ****     PeriphClkInitStruct.Sai2ClockSelection = RCC_SAI2CLKSOURCE_PIN;
 721              		.loc 1 287 46 is_stmt 0 view .LVU306
 722 013a 4FF48013 		mov	r3, #1048576
 723 013e 0593     		str	r3, [sp, #20]
 288:Core/Src/sai.c ****     if (HAL_RCCEx_PeriphCLKConfig(&PeriphClkInitStruct) != HAL_OK)
 724              		.loc 1 288 5 is_stmt 1 view .LVU307
 288:Core/Src/sai.c ****     if (HAL_RCCEx_PeriphCLKConfig(&PeriphClkInitStruct) != HAL_OK)
 725              		.loc 1 288 44 is_stmt 0 view .LVU308
 726 0140 4FF40003 		mov	r3, #8388608
 727 0144 1593     		str	r3, [sp, #84]
 289:Core/Src/sai.c ****     {
 728              		.loc 1 289 5 is_stmt 1 view .LVU309
 289:Core/Src/sai.c ****     {
 729              		.loc 1 289 9 is_stmt 0 view .LVU310
 730 0146 05A8     		add	r0, sp, #20
 731 0148 FFF7FEFF 		bl	HAL_RCCEx_PeriphCLKConfig
 732              	.LVL21:
 289:Core/Src/sai.c ****     {
 733              		.loc 1 289 8 discriminator 1 view .LVU311
ARM GAS  /tmp/cc6tCyH6.s 			page 21


 734 014c F0B9     		cbnz	r0, .L38
 735              	.L28:
 294:Core/Src/sai.c ****       {
 736              		.loc 1 294 7 is_stmt 1 view .LVU312
 294:Core/Src/sai.c ****       {
 737              		.loc 1 294 23 is_stmt 0 view .LVU313
 738 014e 184B     		ldr	r3, .L39+28
 739 0150 1B68     		ldr	r3, [r3]
 294:Core/Src/sai.c ****       {
 740              		.loc 1 294 10 view .LVU314
 741 0152 4BB9     		cbnz	r3, .L29
 296:Core/Src/sai.c ****       }
 742              		.loc 1 296 8 is_stmt 1 view .LVU315
 743              	.LBB5:
 296:Core/Src/sai.c ****       }
 744              		.loc 1 296 8 view .LVU316
 296:Core/Src/sai.c ****       }
 745              		.loc 1 296 8 view .LVU317
 746 0154 144A     		ldr	r2, .L39+20
 747 0156 516C     		ldr	r1, [r2, #68]
 748 0158 41F40001 		orr	r1, r1, #8388608
 749 015c 5164     		str	r1, [r2, #68]
 296:Core/Src/sai.c ****       }
 750              		.loc 1 296 8 view .LVU318
 751 015e 526C     		ldr	r2, [r2, #68]
 752 0160 02F40002 		and	r2, r2, #8388608
 753 0164 0492     		str	r2, [sp, #16]
 296:Core/Src/sai.c ****       }
 754              		.loc 1 296 8 view .LVU319
 755 0166 049A     		ldr	r2, [sp, #16]
 756              	.L29:
 757              	.LBE5:
 296:Core/Src/sai.c ****       }
 758              		.loc 1 296 8 discriminator 1 view .LVU320
 298:Core/Src/sai.c **** 
 759              		.loc 1 298 5 view .LVU321
 298:Core/Src/sai.c **** 
 760              		.loc 1 298 17 is_stmt 0 view .LVU322
 761 0168 0133     		adds	r3, r3, #1
 762 016a 114A     		ldr	r2, .L39+28
 763 016c 1360     		str	r3, [r2]
 303:Core/Src/sai.c ****     GPIO_InitStruct.Mode = GPIO_MODE_AF_PP;
 764              		.loc 1 303 5 is_stmt 1 view .LVU323
 303:Core/Src/sai.c ****     GPIO_InitStruct.Mode = GPIO_MODE_AF_PP;
 765              		.loc 1 303 25 is_stmt 0 view .LVU324
 766 016e 4FF40063 		mov	r3, #2048
 767 0172 2993     		str	r3, [sp, #164]
 304:Core/Src/sai.c ****     GPIO_InitStruct.Pull = GPIO_NOPULL;
 768              		.loc 1 304 5 is_stmt 1 view .LVU325
 304:Core/Src/sai.c ****     GPIO_InitStruct.Pull = GPIO_NOPULL;
 769              		.loc 1 304 26 is_stmt 0 view .LVU326
 770 0174 0223     		movs	r3, #2
 771 0176 2A93     		str	r3, [sp, #168]
 305:Core/Src/sai.c ****     GPIO_InitStruct.Speed = GPIO_SPEED_FREQ_LOW;
 772              		.loc 1 305 5 is_stmt 1 view .LVU327
 305:Core/Src/sai.c ****     GPIO_InitStruct.Speed = GPIO_SPEED_FREQ_LOW;
 773              		.loc 1 305 26 is_stmt 0 view .LVU328
ARM GAS  /tmp/cc6tCyH6.s 			page 22


 774 0178 0023     		movs	r3, #0
 775 017a 2B93     		str	r3, [sp, #172]
 306:Core/Src/sai.c ****     GPIO_InitStruct.Alternate = GPIO_AF10_SAI2;
 776              		.loc 1 306 5 is_stmt 1 view .LVU329
 306:Core/Src/sai.c ****     GPIO_InitStruct.Alternate = GPIO_AF10_SAI2;
 777              		.loc 1 306 27 is_stmt 0 view .LVU330
 778 017c 2C93     		str	r3, [sp, #176]
 307:Core/Src/sai.c ****     HAL_GPIO_Init(GPIOE, &GPIO_InitStruct);
 779              		.loc 1 307 5 is_stmt 1 view .LVU331
 307:Core/Src/sai.c ****     HAL_GPIO_Init(GPIOE, &GPIO_InitStruct);
 780              		.loc 1 307 31 is_stmt 0 view .LVU332
 781 017e 0A23     		movs	r3, #10
 782 0180 2D93     		str	r3, [sp, #180]
 308:Core/Src/sai.c **** 
 783              		.loc 1 308 5 is_stmt 1 view .LVU333
 784 0182 29A9     		add	r1, sp, #164
 785 0184 0948     		ldr	r0, .L39+24
 786 0186 FFF7FEFF 		bl	HAL_GPIO_Init
 787              	.LVL22:
 788              		.loc 1 311 1 is_stmt 0 view .LVU334
 789 018a 52E7     		b	.L17
 790              	.L38:
 291:Core/Src/sai.c ****     }
 791              		.loc 1 291 7 is_stmt 1 view .LVU335
 792 018c FFF7FEFF 		bl	Error_Handler
 793              	.LVL23:
 794 0190 DDE7     		b	.L28
 795              	.L40:
 796 0192 00BF     		.align	2
 797              	.L39:
 798 0194 04580140 		.word	1073829892
 799 0198 24580140 		.word	1073829924
 800 019c 045C0140 		.word	1073830916
 801 01a0 245C0140 		.word	1073830948
 802 01a4 00000000 		.word	SAI1_client
 803 01a8 00380240 		.word	1073887232
 804 01ac 00100240 		.word	1073876992
 805 01b0 00000000 		.word	SAI2_client
 806 01b4 000C0240 		.word	1073875968
 807              		.cfi_endproc
 808              	.LFE143:
 810              		.section	.text.HAL_SAI_MspDeInit,"ax",%progbits
 811              		.align	1
 812              		.global	HAL_SAI_MspDeInit
 813              		.syntax unified
 814              		.thumb
 815              		.thumb_func
 817              	HAL_SAI_MspDeInit:
 818              	.LVL24:
 819              	.LFB144:
 312:Core/Src/sai.c **** 
 313:Core/Src/sai.c **** void HAL_SAI_MspDeInit(SAI_HandleTypeDef* saiHandle)
 314:Core/Src/sai.c **** {
 820              		.loc 1 314 1 view -0
 821              		.cfi_startproc
 822              		@ args = 0, pretend = 0, frame = 0
 823              		@ frame_needed = 0, uses_anonymous_args = 0
ARM GAS  /tmp/cc6tCyH6.s 			page 23


 824              		.loc 1 314 1 is_stmt 0 view .LVU337
 825 0000 10B5     		push	{r4, lr}
 826              	.LCFI6:
 827              		.cfi_def_cfa_offset 8
 828              		.cfi_offset 4, -8
 829              		.cfi_offset 14, -4
 830 0002 0446     		mov	r4, r0
 315:Core/Src/sai.c **** 
 316:Core/Src/sai.c **** /* SAI1 */
 317:Core/Src/sai.c ****     if(saiHandle->Instance==SAI1_Block_A)
 831              		.loc 1 317 5 is_stmt 1 view .LVU338
 832              		.loc 1 317 17 is_stmt 0 view .LVU339
 833 0004 0268     		ldr	r2, [r0]
 834              		.loc 1 317 7 view .LVU340
 835 0006 274B     		ldr	r3, .L55
 836 0008 9A42     		cmp	r2, r3
 837 000a 0CD0     		beq	.L51
 838              	.LVL25:
 839              	.L42:
 318:Core/Src/sai.c ****     {
 319:Core/Src/sai.c ****     SAI1_client --;
 320:Core/Src/sai.c ****     if (SAI1_client == 0)
 321:Core/Src/sai.c ****       {
 322:Core/Src/sai.c ****       /* Peripheral clock disable */
 323:Core/Src/sai.c ****        __HAL_RCC_SAI1_CLK_DISABLE();
 324:Core/Src/sai.c ****       }
 325:Core/Src/sai.c **** 
 326:Core/Src/sai.c ****     /**SAI1_A_Block_A GPIO Configuration
 327:Core/Src/sai.c ****     PE2     ------> SAI1_MCLK_A
 328:Core/Src/sai.c ****     PE4     ------> SAI1_FS_A
 329:Core/Src/sai.c ****     PE5     ------> SAI1_SCK_A
 330:Core/Src/sai.c ****     PE6     ------> SAI1_SD_A
 331:Core/Src/sai.c ****     */
 332:Core/Src/sai.c ****     HAL_GPIO_DeInit(GPIOE, GPIO_PIN_2|GPIO_PIN_4|GPIO_PIN_5|GPIO_PIN_6);
 333:Core/Src/sai.c **** 
 334:Core/Src/sai.c ****     }
 335:Core/Src/sai.c ****     if(saiHandle->Instance==SAI1_Block_B)
 840              		.loc 1 335 5 is_stmt 1 view .LVU341
 841              		.loc 1 335 17 is_stmt 0 view .LVU342
 842 000c 2268     		ldr	r2, [r4]
 843              		.loc 1 335 7 view .LVU343
 844 000e 264B     		ldr	r3, .L55+4
 845 0010 9A42     		cmp	r2, r3
 846 0012 17D0     		beq	.L52
 847              	.L44:
 336:Core/Src/sai.c ****     {
 337:Core/Src/sai.c ****     SAI1_client --;
 338:Core/Src/sai.c ****       if (SAI1_client == 0)
 339:Core/Src/sai.c ****       {
 340:Core/Src/sai.c ****       /* Peripheral clock disable */
 341:Core/Src/sai.c ****       __HAL_RCC_SAI1_CLK_DISABLE();
 342:Core/Src/sai.c ****       }
 343:Core/Src/sai.c **** 
 344:Core/Src/sai.c ****     /**SAI1_B_Block_B GPIO Configuration
 345:Core/Src/sai.c ****     PE3     ------> SAI1_SD_B
 346:Core/Src/sai.c ****     */
 347:Core/Src/sai.c ****     HAL_GPIO_DeInit(GPIOE, GPIO_PIN_3);
ARM GAS  /tmp/cc6tCyH6.s 			page 24


 348:Core/Src/sai.c **** 
 349:Core/Src/sai.c ****     }
 350:Core/Src/sai.c **** /* SAI2 */
 351:Core/Src/sai.c ****     if(saiHandle->Instance==SAI2_Block_A)
 848              		.loc 1 351 5 is_stmt 1 view .LVU344
 849              		.loc 1 351 17 is_stmt 0 view .LVU345
 850 0014 2268     		ldr	r2, [r4]
 851              		.loc 1 351 7 view .LVU346
 852 0016 254B     		ldr	r3, .L55+8
 853 0018 9A42     		cmp	r2, r3
 854 001a 22D0     		beq	.L53
 855              	.L46:
 352:Core/Src/sai.c ****     {
 353:Core/Src/sai.c ****     SAI2_client --;
 354:Core/Src/sai.c ****     if (SAI2_client == 0)
 355:Core/Src/sai.c ****       {
 356:Core/Src/sai.c ****       /* Peripheral clock disable */
 357:Core/Src/sai.c ****        __HAL_RCC_SAI2_CLK_DISABLE();
 358:Core/Src/sai.c ****       }
 359:Core/Src/sai.c **** 
 360:Core/Src/sai.c ****     /**SAI2_A_Block_A GPIO Configuration
 361:Core/Src/sai.c ****     PD11     ------> SAI2_SD_A
 362:Core/Src/sai.c ****     */
 363:Core/Src/sai.c ****     HAL_GPIO_DeInit(GPIOD, GPIO_PIN_11);
 364:Core/Src/sai.c **** 
 365:Core/Src/sai.c ****     }
 366:Core/Src/sai.c ****     if(saiHandle->Instance==SAI2_Block_B)
 856              		.loc 1 366 5 is_stmt 1 view .LVU347
 857              		.loc 1 366 17 is_stmt 0 view .LVU348
 858 001c 2268     		ldr	r2, [r4]
 859              		.loc 1 366 7 view .LVU349
 860 001e 244B     		ldr	r3, .L55+12
 861 0020 9A42     		cmp	r2, r3
 862 0022 2ED0     		beq	.L54
 863              	.L41:
 367:Core/Src/sai.c ****     {
 368:Core/Src/sai.c ****     SAI2_client --;
 369:Core/Src/sai.c ****       if (SAI2_client == 0)
 370:Core/Src/sai.c ****       {
 371:Core/Src/sai.c ****       /* Peripheral clock disable */
 372:Core/Src/sai.c ****       __HAL_RCC_SAI2_CLK_DISABLE();
 373:Core/Src/sai.c ****       }
 374:Core/Src/sai.c **** 
 375:Core/Src/sai.c ****     /**SAI2_B_Block_B GPIO Configuration
 376:Core/Src/sai.c ****     PE11     ------> SAI2_SD_B
 377:Core/Src/sai.c ****     */
 378:Core/Src/sai.c ****     HAL_GPIO_DeInit(GPIOE, GPIO_PIN_11);
 379:Core/Src/sai.c **** 
 380:Core/Src/sai.c ****     }
 381:Core/Src/sai.c **** }
 864              		.loc 1 381 1 view .LVU350
 865 0024 10BD     		pop	{r4, pc}
 866              	.LVL26:
 867              	.L51:
 319:Core/Src/sai.c ****     if (SAI1_client == 0)
 868              		.loc 1 319 5 is_stmt 1 view .LVU351
 319:Core/Src/sai.c ****     if (SAI1_client == 0)
ARM GAS  /tmp/cc6tCyH6.s 			page 25


 869              		.loc 1 319 17 is_stmt 0 view .LVU352
 870 0026 234A     		ldr	r2, .L55+16
 871 0028 1368     		ldr	r3, [r2]
 872 002a 013B     		subs	r3, r3, #1
 873 002c 1360     		str	r3, [r2]
 320:Core/Src/sai.c ****       {
 874              		.loc 1 320 5 is_stmt 1 view .LVU353
 320:Core/Src/sai.c ****       {
 875              		.loc 1 320 8 is_stmt 0 view .LVU354
 876 002e 23B9     		cbnz	r3, .L43
 323:Core/Src/sai.c ****       }
 877              		.loc 1 323 8 is_stmt 1 view .LVU355
 878 0030 214A     		ldr	r2, .L55+20
 879 0032 536C     		ldr	r3, [r2, #68]
 880 0034 23F48003 		bic	r3, r3, #4194304
 881 0038 5364     		str	r3, [r2, #68]
 882              	.L43:
 332:Core/Src/sai.c **** 
 883              		.loc 1 332 5 view .LVU356
 884 003a 7421     		movs	r1, #116
 885 003c 1F48     		ldr	r0, .L55+24
 886              	.LVL27:
 332:Core/Src/sai.c **** 
 887              		.loc 1 332 5 is_stmt 0 view .LVU357
 888 003e FFF7FEFF 		bl	HAL_GPIO_DeInit
 889              	.LVL28:
 890 0042 E3E7     		b	.L42
 891              	.L52:
 337:Core/Src/sai.c ****       if (SAI1_client == 0)
 892              		.loc 1 337 5 is_stmt 1 view .LVU358
 337:Core/Src/sai.c ****       if (SAI1_client == 0)
 893              		.loc 1 337 17 is_stmt 0 view .LVU359
 894 0044 1B4A     		ldr	r2, .L55+16
 895 0046 1368     		ldr	r3, [r2]
 896 0048 013B     		subs	r3, r3, #1
 897 004a 1360     		str	r3, [r2]
 338:Core/Src/sai.c ****       {
 898              		.loc 1 338 7 is_stmt 1 view .LVU360
 338:Core/Src/sai.c ****       {
 899              		.loc 1 338 10 is_stmt 0 view .LVU361
 900 004c 23B9     		cbnz	r3, .L45
 341:Core/Src/sai.c ****       }
 901              		.loc 1 341 7 is_stmt 1 view .LVU362
 902 004e 1A4A     		ldr	r2, .L55+20
 903 0050 536C     		ldr	r3, [r2, #68]
 904 0052 23F48003 		bic	r3, r3, #4194304
 905 0056 5364     		str	r3, [r2, #68]
 906              	.L45:
 347:Core/Src/sai.c **** 
 907              		.loc 1 347 5 view .LVU363
 908 0058 0821     		movs	r1, #8
 909 005a 1848     		ldr	r0, .L55+24
 910 005c FFF7FEFF 		bl	HAL_GPIO_DeInit
 911              	.LVL29:
 912 0060 D8E7     		b	.L44
 913              	.L53:
 353:Core/Src/sai.c ****     if (SAI2_client == 0)
ARM GAS  /tmp/cc6tCyH6.s 			page 26


 914              		.loc 1 353 5 view .LVU364
 353:Core/Src/sai.c ****     if (SAI2_client == 0)
 915              		.loc 1 353 17 is_stmt 0 view .LVU365
 916 0062 174A     		ldr	r2, .L55+28
 917 0064 1368     		ldr	r3, [r2]
 918 0066 013B     		subs	r3, r3, #1
 919 0068 1360     		str	r3, [r2]
 354:Core/Src/sai.c ****       {
 920              		.loc 1 354 5 is_stmt 1 view .LVU366
 354:Core/Src/sai.c ****       {
 921              		.loc 1 354 8 is_stmt 0 view .LVU367
 922 006a 23B9     		cbnz	r3, .L47
 357:Core/Src/sai.c ****       }
 923              		.loc 1 357 8 is_stmt 1 view .LVU368
 924 006c 124A     		ldr	r2, .L55+20
 925 006e 536C     		ldr	r3, [r2, #68]
 926 0070 23F40003 		bic	r3, r3, #8388608
 927 0074 5364     		str	r3, [r2, #68]
 928              	.L47:
 363:Core/Src/sai.c **** 
 929              		.loc 1 363 5 view .LVU369
 930 0076 4FF40061 		mov	r1, #2048
 931 007a 1248     		ldr	r0, .L55+32
 932 007c FFF7FEFF 		bl	HAL_GPIO_DeInit
 933              	.LVL30:
 934 0080 CCE7     		b	.L46
 935              	.L54:
 368:Core/Src/sai.c ****       if (SAI2_client == 0)
 936              		.loc 1 368 5 view .LVU370
 368:Core/Src/sai.c ****       if (SAI2_client == 0)
 937              		.loc 1 368 17 is_stmt 0 view .LVU371
 938 0082 0F4A     		ldr	r2, .L55+28
 939 0084 1368     		ldr	r3, [r2]
 940 0086 013B     		subs	r3, r3, #1
 941 0088 1360     		str	r3, [r2]
 369:Core/Src/sai.c ****       {
 942              		.loc 1 369 7 is_stmt 1 view .LVU372
 369:Core/Src/sai.c ****       {
 943              		.loc 1 369 10 is_stmt 0 view .LVU373
 944 008a 23B9     		cbnz	r3, .L49
 372:Core/Src/sai.c ****       }
 945              		.loc 1 372 7 is_stmt 1 view .LVU374
 946 008c 0A4A     		ldr	r2, .L55+20
 947 008e 536C     		ldr	r3, [r2, #68]
 948 0090 23F40003 		bic	r3, r3, #8388608
 949 0094 5364     		str	r3, [r2, #68]
 950              	.L49:
 378:Core/Src/sai.c **** 
 951              		.loc 1 378 5 view .LVU375
 952 0096 4FF40061 		mov	r1, #2048
 953 009a 0848     		ldr	r0, .L55+24
 954 009c FFF7FEFF 		bl	HAL_GPIO_DeInit
 955              	.LVL31:
 956              		.loc 1 381 1 is_stmt 0 view .LVU376
 957 00a0 C0E7     		b	.L41
 958              	.L56:
 959 00a2 00BF     		.align	2
ARM GAS  /tmp/cc6tCyH6.s 			page 27


 960              	.L55:
 961 00a4 04580140 		.word	1073829892
 962 00a8 24580140 		.word	1073829924
 963 00ac 045C0140 		.word	1073830916
 964 00b0 245C0140 		.word	1073830948
 965 00b4 00000000 		.word	SAI1_client
 966 00b8 00380240 		.word	1073887232
 967 00bc 00100240 		.word	1073876992
 968 00c0 00000000 		.word	SAI2_client
 969 00c4 000C0240 		.word	1073875968
 970              		.cfi_endproc
 971              	.LFE144:
 973              		.section	.bss.SAI2_client,"aw",%nobits
 974              		.align	2
 977              	SAI2_client:
 978 0000 00000000 		.space	4
 979              		.section	.bss.SAI1_client,"aw",%nobits
 980              		.align	2
 983              	SAI1_client:
 984 0000 00000000 		.space	4
 985              		.global	hsai_BlockB2
 986              		.section	.bss.hsai_BlockB2,"aw",%nobits
 987              		.align	2
 990              	hsai_BlockB2:
 991 0000 00000000 		.space	132
 991      00000000 
 991      00000000 
 991      00000000 
 991      00000000 
 992              		.global	hsai_BlockA2
 993              		.section	.bss.hsai_BlockA2,"aw",%nobits
 994              		.align	2
 997              	hsai_BlockA2:
 998 0000 00000000 		.space	132
 998      00000000 
 998      00000000 
 998      00000000 
 998      00000000 
 999              		.global	hsai_BlockB1
 1000              		.section	.bss.hsai_BlockB1,"aw",%nobits
 1001              		.align	2
 1004              	hsai_BlockB1:
 1005 0000 00000000 		.space	132
 1005      00000000 
 1005      00000000 
 1005      00000000 
 1005      00000000 
 1006              		.global	hsai_BlockA1
 1007              		.section	.bss.hsai_BlockA1,"aw",%nobits
 1008              		.align	2
 1011              	hsai_BlockA1:
 1012 0000 00000000 		.space	132
 1012      00000000 
 1012      00000000 
 1012      00000000 
 1012      00000000 
 1013              		.text
ARM GAS  /tmp/cc6tCyH6.s 			page 28


 1014              	.Letext0:
 1015              		.file 2 "/usr/lib/gcc/arm-none-eabi/13.2.1/include/stdint.h"
 1016              		.file 3 "Drivers/CMSIS/Device/ST/STM32F7xx/Include/stm32f765xx.h"
 1017              		.file 4 "Drivers/STM32F7xx_HAL_Driver/Inc/stm32f7xx_hal_def.h"
 1018              		.file 5 "Drivers/STM32F7xx_HAL_Driver/Inc/stm32f7xx_hal_rcc_ex.h"
 1019              		.file 6 "Drivers/STM32F7xx_HAL_Driver/Inc/stm32f7xx_hal_gpio.h"
 1020              		.file 7 "Drivers/STM32F7xx_HAL_Driver/Inc/stm32f7xx_hal_dma.h"
 1021              		.file 8 "Drivers/STM32F7xx_HAL_Driver/Inc/stm32f7xx_hal_sai.h"
 1022              		.file 9 "Core/Inc/sai.h"
 1023              		.file 10 "Core/Inc/main.h"
 1024              		.file 11 "<built-in>"
ARM GAS  /tmp/cc6tCyH6.s 			page 29


DEFINED SYMBOLS
                            *ABS*:00000000 sai.c
     /tmp/cc6tCyH6.s:20     .text.MX_SAI1_Init:00000000 $t
     /tmp/cc6tCyH6.s:26     .text.MX_SAI1_Init:00000000 MX_SAI1_Init
     /tmp/cc6tCyH6.s:216    .text.MX_SAI1_Init:00000094 $d
     /tmp/cc6tCyH6.s:1011   .bss.hsai_BlockA1:00000000 hsai_BlockA1
     /tmp/cc6tCyH6.s:1004   .bss.hsai_BlockB1:00000000 hsai_BlockB1
     /tmp/cc6tCyH6.s:224    .text.MX_SAI2_Init:00000000 $t
     /tmp/cc6tCyH6.s:230    .text.MX_SAI2_Init:00000000 MX_SAI2_Init
     /tmp/cc6tCyH6.s:411    .text.MX_SAI2_Init:0000008c $d
     /tmp/cc6tCyH6.s:997    .bss.hsai_BlockA2:00000000 hsai_BlockA2
     /tmp/cc6tCyH6.s:990    .bss.hsai_BlockB2:00000000 hsai_BlockB2
     /tmp/cc6tCyH6.s:419    .text.HAL_SAI_MspInit:00000000 $t
     /tmp/cc6tCyH6.s:425    .text.HAL_SAI_MspInit:00000000 HAL_SAI_MspInit
     /tmp/cc6tCyH6.s:798    .text.HAL_SAI_MspInit:00000194 $d
     /tmp/cc6tCyH6.s:983    .bss.SAI1_client:00000000 SAI1_client
     /tmp/cc6tCyH6.s:977    .bss.SAI2_client:00000000 SAI2_client
     /tmp/cc6tCyH6.s:811    .text.HAL_SAI_MspDeInit:00000000 $t
     /tmp/cc6tCyH6.s:817    .text.HAL_SAI_MspDeInit:00000000 HAL_SAI_MspDeInit
     /tmp/cc6tCyH6.s:961    .text.HAL_SAI_MspDeInit:000000a4 $d
     /tmp/cc6tCyH6.s:974    .bss.SAI2_client:00000000 $d
     /tmp/cc6tCyH6.s:980    .bss.SAI1_client:00000000 $d
     /tmp/cc6tCyH6.s:987    .bss.hsai_BlockB2:00000000 $d
     /tmp/cc6tCyH6.s:994    .bss.hsai_BlockA2:00000000 $d
     /tmp/cc6tCyH6.s:1001   .bss.hsai_BlockB1:00000000 $d
     /tmp/cc6tCyH6.s:1008   .bss.hsai_BlockA1:00000000 $d

UNDEFINED SYMBOLS
HAL_SAI_Init
Error_Handler
memset
HAL_RCCEx_PeriphCLKConfig
HAL_GPIO_Init
HAL_GPIO_DeInit
