ARM GAS  /tmp/ccM7n26K.s 			page 1


   1              		.cpu cortex-m7
   2              		.arch armv7e-m
   3              		.fpu fpv5-d16
   4              		.eabi_attribute 28, 1
   5              		.eabi_attribute 20, 1
   6              		.eabi_attribute 21, 1
   7              		.eabi_attribute 23, 3
   8              		.eabi_attribute 24, 1
   9              		.eabi_attribute 25, 1
  10              		.eabi_attribute 26, 1
  11              		.eabi_attribute 30, 1
  12              		.eabi_attribute 34, 1
  13              		.eabi_attribute 18, 4
  14              		.file	"tx_initialize_kernel_enter.c"
  15              		.text
  16              	.Ltext0:
  17              		.cfi_sections	.debug_frame
  18              		.file 1 "Middlewares/ST/threadx/common/src/tx_initialize_kernel_enter.c"
  19              		.section	.text._tx_initialize_kernel_enter,"ax",%progbits
  20              		.align	1
  21              		.global	_tx_initialize_kernel_enter
  22              		.syntax unified
  23              		.thumb
  24              		.thumb_func
  26              	_tx_initialize_kernel_enter:
  27              	.LFB8:
   1:Middlewares/ST/threadx/common/src/tx_initialize_kernel_enter.c **** /**************************************************************************/
   2:Middlewares/ST/threadx/common/src/tx_initialize_kernel_enter.c **** /*                                                                        */
   3:Middlewares/ST/threadx/common/src/tx_initialize_kernel_enter.c **** /*       Copyright (c) Microsoft Corporation. All rights reserved.        */
   4:Middlewares/ST/threadx/common/src/tx_initialize_kernel_enter.c **** /*                                                                        */
   5:Middlewares/ST/threadx/common/src/tx_initialize_kernel_enter.c **** /*       This software is licensed under the Microsoft Software License   */
   6:Middlewares/ST/threadx/common/src/tx_initialize_kernel_enter.c **** /*       Terms for Microsoft Azure RTOS. Full text of the license can be  */
   7:Middlewares/ST/threadx/common/src/tx_initialize_kernel_enter.c **** /*       found in the LICENSE file at https://aka.ms/AzureRTOS_EULA       */
   8:Middlewares/ST/threadx/common/src/tx_initialize_kernel_enter.c **** /*       and in the root directory of this software.                      */
   9:Middlewares/ST/threadx/common/src/tx_initialize_kernel_enter.c **** /*                                                                        */
  10:Middlewares/ST/threadx/common/src/tx_initialize_kernel_enter.c **** /**************************************************************************/
  11:Middlewares/ST/threadx/common/src/tx_initialize_kernel_enter.c **** 
  12:Middlewares/ST/threadx/common/src/tx_initialize_kernel_enter.c **** 
  13:Middlewares/ST/threadx/common/src/tx_initialize_kernel_enter.c **** /**************************************************************************/
  14:Middlewares/ST/threadx/common/src/tx_initialize_kernel_enter.c **** /**************************************************************************/
  15:Middlewares/ST/threadx/common/src/tx_initialize_kernel_enter.c **** /**                                                                       */
  16:Middlewares/ST/threadx/common/src/tx_initialize_kernel_enter.c **** /** ThreadX Component                                                     */
  17:Middlewares/ST/threadx/common/src/tx_initialize_kernel_enter.c **** /**                                                                       */
  18:Middlewares/ST/threadx/common/src/tx_initialize_kernel_enter.c **** /**   Initialize                                                          */
  19:Middlewares/ST/threadx/common/src/tx_initialize_kernel_enter.c **** /**                                                                       */
  20:Middlewares/ST/threadx/common/src/tx_initialize_kernel_enter.c **** /**************************************************************************/
  21:Middlewares/ST/threadx/common/src/tx_initialize_kernel_enter.c **** /**************************************************************************/
  22:Middlewares/ST/threadx/common/src/tx_initialize_kernel_enter.c **** 
  23:Middlewares/ST/threadx/common/src/tx_initialize_kernel_enter.c **** #define TX_SOURCE_CODE
  24:Middlewares/ST/threadx/common/src/tx_initialize_kernel_enter.c **** 
  25:Middlewares/ST/threadx/common/src/tx_initialize_kernel_enter.c **** 
  26:Middlewares/ST/threadx/common/src/tx_initialize_kernel_enter.c **** /* Include necessary system files.  */
  27:Middlewares/ST/threadx/common/src/tx_initialize_kernel_enter.c **** 
  28:Middlewares/ST/threadx/common/src/tx_initialize_kernel_enter.c **** #include "tx_api.h"
  29:Middlewares/ST/threadx/common/src/tx_initialize_kernel_enter.c **** #include "tx_initialize.h"
  30:Middlewares/ST/threadx/common/src/tx_initialize_kernel_enter.c **** #include "tx_thread.h"
  31:Middlewares/ST/threadx/common/src/tx_initialize_kernel_enter.c **** #include "tx_timer.h"
ARM GAS  /tmp/ccM7n26K.s 			page 2


  32:Middlewares/ST/threadx/common/src/tx_initialize_kernel_enter.c **** 
  33:Middlewares/ST/threadx/common/src/tx_initialize_kernel_enter.c **** 
  34:Middlewares/ST/threadx/common/src/tx_initialize_kernel_enter.c **** /* Define any port-specific scheduling data structures.  */
  35:Middlewares/ST/threadx/common/src/tx_initialize_kernel_enter.c **** 
  36:Middlewares/ST/threadx/common/src/tx_initialize_kernel_enter.c **** TX_PORT_SPECIFIC_DATA
  37:Middlewares/ST/threadx/common/src/tx_initialize_kernel_enter.c **** 
  38:Middlewares/ST/threadx/common/src/tx_initialize_kernel_enter.c **** 
  39:Middlewares/ST/threadx/common/src/tx_initialize_kernel_enter.c **** #ifdef TX_SAFETY_CRITICAL
  40:Middlewares/ST/threadx/common/src/tx_initialize_kernel_enter.c **** TX_SAFETY_CRITICAL_EXCEPTION_HANDLER
  41:Middlewares/ST/threadx/common/src/tx_initialize_kernel_enter.c **** #endif
  42:Middlewares/ST/threadx/common/src/tx_initialize_kernel_enter.c **** 
  43:Middlewares/ST/threadx/common/src/tx_initialize_kernel_enter.c **** 
  44:Middlewares/ST/threadx/common/src/tx_initialize_kernel_enter.c **** /**************************************************************************/
  45:Middlewares/ST/threadx/common/src/tx_initialize_kernel_enter.c **** /*                                                                        */
  46:Middlewares/ST/threadx/common/src/tx_initialize_kernel_enter.c **** /*  FUNCTION                                               RELEASE        */
  47:Middlewares/ST/threadx/common/src/tx_initialize_kernel_enter.c **** /*                                                                        */
  48:Middlewares/ST/threadx/common/src/tx_initialize_kernel_enter.c **** /*    _tx_initialize_kernel_enter                         PORTABLE C      */
  49:Middlewares/ST/threadx/common/src/tx_initialize_kernel_enter.c **** /*                                                           6.1          */
  50:Middlewares/ST/threadx/common/src/tx_initialize_kernel_enter.c **** /*  AUTHOR                                                                */
  51:Middlewares/ST/threadx/common/src/tx_initialize_kernel_enter.c **** /*                                                                        */
  52:Middlewares/ST/threadx/common/src/tx_initialize_kernel_enter.c **** /*    William E. Lamie, Microsoft Corporation                             */
  53:Middlewares/ST/threadx/common/src/tx_initialize_kernel_enter.c **** /*                                                                        */
  54:Middlewares/ST/threadx/common/src/tx_initialize_kernel_enter.c **** /*  DESCRIPTION                                                           */
  55:Middlewares/ST/threadx/common/src/tx_initialize_kernel_enter.c **** /*                                                                        */
  56:Middlewares/ST/threadx/common/src/tx_initialize_kernel_enter.c **** /*    This function is the first ThreadX function called during           */
  57:Middlewares/ST/threadx/common/src/tx_initialize_kernel_enter.c **** /*    initialization.  It is called from the application's "main()"       */
  58:Middlewares/ST/threadx/common/src/tx_initialize_kernel_enter.c **** /*    function.  It is important to note that this routine never          */
  59:Middlewares/ST/threadx/common/src/tx_initialize_kernel_enter.c **** /*    returns.  The processing of this function is relatively simple:     */
  60:Middlewares/ST/threadx/common/src/tx_initialize_kernel_enter.c **** /*    it calls several ThreadX initialization functions (if needed),      */
  61:Middlewares/ST/threadx/common/src/tx_initialize_kernel_enter.c **** /*    calls the application define function, and then invokes the         */
  62:Middlewares/ST/threadx/common/src/tx_initialize_kernel_enter.c **** /*    scheduler.                                                          */
  63:Middlewares/ST/threadx/common/src/tx_initialize_kernel_enter.c **** /*                                                                        */
  64:Middlewares/ST/threadx/common/src/tx_initialize_kernel_enter.c **** /*  INPUT                                                                 */
  65:Middlewares/ST/threadx/common/src/tx_initialize_kernel_enter.c **** /*                                                                        */
  66:Middlewares/ST/threadx/common/src/tx_initialize_kernel_enter.c **** /*    None                                                                */
  67:Middlewares/ST/threadx/common/src/tx_initialize_kernel_enter.c **** /*                                                                        */
  68:Middlewares/ST/threadx/common/src/tx_initialize_kernel_enter.c **** /*  OUTPUT                                                                */
  69:Middlewares/ST/threadx/common/src/tx_initialize_kernel_enter.c **** /*                                                                        */
  70:Middlewares/ST/threadx/common/src/tx_initialize_kernel_enter.c **** /*    None                                                                */
  71:Middlewares/ST/threadx/common/src/tx_initialize_kernel_enter.c **** /*                                                                        */
  72:Middlewares/ST/threadx/common/src/tx_initialize_kernel_enter.c **** /*  CALLS                                                                 */
  73:Middlewares/ST/threadx/common/src/tx_initialize_kernel_enter.c **** /*                                                                        */
  74:Middlewares/ST/threadx/common/src/tx_initialize_kernel_enter.c **** /*    _tx_initialize_low_level          Low-level initialization          */
  75:Middlewares/ST/threadx/common/src/tx_initialize_kernel_enter.c **** /*    _tx_initialize_high_level         High-level initialization         */
  76:Middlewares/ST/threadx/common/src/tx_initialize_kernel_enter.c **** /*    tx_application_define             Application define function       */
  77:Middlewares/ST/threadx/common/src/tx_initialize_kernel_enter.c **** /*    _tx_thread_scheduler              ThreadX scheduling loop           */
  78:Middlewares/ST/threadx/common/src/tx_initialize_kernel_enter.c **** /*                                                                        */
  79:Middlewares/ST/threadx/common/src/tx_initialize_kernel_enter.c **** /*  CALLED BY                                                             */
  80:Middlewares/ST/threadx/common/src/tx_initialize_kernel_enter.c **** /*                                                                        */
  81:Middlewares/ST/threadx/common/src/tx_initialize_kernel_enter.c **** /*    main                              Application main program          */
  82:Middlewares/ST/threadx/common/src/tx_initialize_kernel_enter.c **** /*                                                                        */
  83:Middlewares/ST/threadx/common/src/tx_initialize_kernel_enter.c **** /*  RELEASE HISTORY                                                       */
  84:Middlewares/ST/threadx/common/src/tx_initialize_kernel_enter.c **** /*                                                                        */
  85:Middlewares/ST/threadx/common/src/tx_initialize_kernel_enter.c **** /*    DATE              NAME                      DESCRIPTION             */
  86:Middlewares/ST/threadx/common/src/tx_initialize_kernel_enter.c **** /*                                                                        */
  87:Middlewares/ST/threadx/common/src/tx_initialize_kernel_enter.c **** /*  05-19-2020     William E. Lamie         Initial Version 6.0           */
  88:Middlewares/ST/threadx/common/src/tx_initialize_kernel_enter.c **** /*  09-30-2020     Yuxin Zhou               Modified comment(s),          */
ARM GAS  /tmp/ccM7n26K.s 			page 3


  89:Middlewares/ST/threadx/common/src/tx_initialize_kernel_enter.c **** /*                                            resulting in version 6.1    */
  90:Middlewares/ST/threadx/common/src/tx_initialize_kernel_enter.c **** /*                                                                        */
  91:Middlewares/ST/threadx/common/src/tx_initialize_kernel_enter.c **** /**************************************************************************/
  92:Middlewares/ST/threadx/common/src/tx_initialize_kernel_enter.c **** VOID  _tx_initialize_kernel_enter(VOID)
  93:Middlewares/ST/threadx/common/src/tx_initialize_kernel_enter.c **** {
  28              		.loc 1 93 1 view -0
  29              		.cfi_startproc
  30              		@ args = 0, pretend = 0, frame = 0
  31              		@ frame_needed = 0, uses_anonymous_args = 0
  32 0000 10B5     		push	{r4, lr}
  33              	.LCFI0:
  34              		.cfi_def_cfa_offset 8
  35              		.cfi_offset 4, -8
  36              		.cfi_offset 14, -4
  94:Middlewares/ST/threadx/common/src/tx_initialize_kernel_enter.c **** 
  95:Middlewares/ST/threadx/common/src/tx_initialize_kernel_enter.c ****     /* Determine if the compiler has pre-initialized ThreadX.  */
  96:Middlewares/ST/threadx/common/src/tx_initialize_kernel_enter.c ****     if (_tx_thread_system_state != TX_INITIALIZE_ALMOST_DONE)
  37              		.loc 1 96 5 view .LVU1
  38              		.loc 1 96 33 is_stmt 0 view .LVU2
  39 0002 0F4B     		ldr	r3, .L5
  40 0004 1B68     		ldr	r3, [r3]
  41              		.loc 1 96 8 view .LVU3
  42 0006 13F10F3F 		cmn	r3, #252645135
  43 000a 0CD1     		bne	.L4
  44              	.L2:
  97:Middlewares/ST/threadx/common/src/tx_initialize_kernel_enter.c ****     {
  98:Middlewares/ST/threadx/common/src/tx_initialize_kernel_enter.c **** 
  99:Middlewares/ST/threadx/common/src/tx_initialize_kernel_enter.c ****         /* No, the initialization still needs to take place.  */
 100:Middlewares/ST/threadx/common/src/tx_initialize_kernel_enter.c **** 
 101:Middlewares/ST/threadx/common/src/tx_initialize_kernel_enter.c ****         /* Ensure that the system state variable is set to indicate
 102:Middlewares/ST/threadx/common/src/tx_initialize_kernel_enter.c ****            initialization is in progress.  Note that this variable is
 103:Middlewares/ST/threadx/common/src/tx_initialize_kernel_enter.c ****            later used to represent interrupt nesting.  */
 104:Middlewares/ST/threadx/common/src/tx_initialize_kernel_enter.c ****         _tx_thread_system_state =  TX_INITIALIZE_IN_PROGRESS;
 105:Middlewares/ST/threadx/common/src/tx_initialize_kernel_enter.c **** 
 106:Middlewares/ST/threadx/common/src/tx_initialize_kernel_enter.c ****         /* Call any port specific preprocessing.  */
 107:Middlewares/ST/threadx/common/src/tx_initialize_kernel_enter.c ****         TX_PORT_SPECIFIC_PRE_INITIALIZATION
 108:Middlewares/ST/threadx/common/src/tx_initialize_kernel_enter.c **** 
 109:Middlewares/ST/threadx/common/src/tx_initialize_kernel_enter.c ****         /* Invoke the low-level initialization to handle all processor specific
 110:Middlewares/ST/threadx/common/src/tx_initialize_kernel_enter.c ****            initialization issues.  */
 111:Middlewares/ST/threadx/common/src/tx_initialize_kernel_enter.c ****         _tx_initialize_low_level();
 112:Middlewares/ST/threadx/common/src/tx_initialize_kernel_enter.c **** 
 113:Middlewares/ST/threadx/common/src/tx_initialize_kernel_enter.c ****         /* Invoke the high-level initialization to exercise all of the
 114:Middlewares/ST/threadx/common/src/tx_initialize_kernel_enter.c ****            ThreadX components and the application's initialization
 115:Middlewares/ST/threadx/common/src/tx_initialize_kernel_enter.c ****            function.  */
 116:Middlewares/ST/threadx/common/src/tx_initialize_kernel_enter.c ****         _tx_initialize_high_level();
 117:Middlewares/ST/threadx/common/src/tx_initialize_kernel_enter.c **** 
 118:Middlewares/ST/threadx/common/src/tx_initialize_kernel_enter.c ****         /* Call any port specific post-processing.  */
 119:Middlewares/ST/threadx/common/src/tx_initialize_kernel_enter.c ****         TX_PORT_SPECIFIC_POST_INITIALIZATION
 120:Middlewares/ST/threadx/common/src/tx_initialize_kernel_enter.c ****     }
 121:Middlewares/ST/threadx/common/src/tx_initialize_kernel_enter.c **** 
 122:Middlewares/ST/threadx/common/src/tx_initialize_kernel_enter.c ****     /* Optional processing extension.  */
 123:Middlewares/ST/threadx/common/src/tx_initialize_kernel_enter.c ****     TX_INITIALIZE_KERNEL_ENTER_EXTENSION
 124:Middlewares/ST/threadx/common/src/tx_initialize_kernel_enter.c **** 
 125:Middlewares/ST/threadx/common/src/tx_initialize_kernel_enter.c ****     /* Ensure that the system state variable is set to indicate
 126:Middlewares/ST/threadx/common/src/tx_initialize_kernel_enter.c ****        initialization is in progress.  Note that this variable is
 127:Middlewares/ST/threadx/common/src/tx_initialize_kernel_enter.c ****        later used to represent interrupt nesting.  */
 128:Middlewares/ST/threadx/common/src/tx_initialize_kernel_enter.c ****     _tx_thread_system_state =  TX_INITIALIZE_IN_PROGRESS;
ARM GAS  /tmp/ccM7n26K.s 			page 4


  45              		.loc 1 128 5 is_stmt 1 view .LVU4
  46              		.loc 1 128 29 is_stmt 0 view .LVU5
  47 000c 0C4C     		ldr	r4, .L5
  48 000e 4FF0F033 		mov	r3, #-252645136
  49 0012 2360     		str	r3, [r4]
 129:Middlewares/ST/threadx/common/src/tx_initialize_kernel_enter.c **** 
 130:Middlewares/ST/threadx/common/src/tx_initialize_kernel_enter.c ****     /* Call the application provided initialization function.  Pass the
 131:Middlewares/ST/threadx/common/src/tx_initialize_kernel_enter.c ****        first available memory address to it.  */
 132:Middlewares/ST/threadx/common/src/tx_initialize_kernel_enter.c ****     tx_application_define(_tx_initialize_unused_memory);
  50              		.loc 1 132 5 is_stmt 1 view .LVU6
  51 0014 0B4B     		ldr	r3, .L5+4
  52 0016 1868     		ldr	r0, [r3]
  53 0018 FFF7FEFF 		bl	tx_application_define
  54              	.LVL0:
 133:Middlewares/ST/threadx/common/src/tx_initialize_kernel_enter.c **** 
 134:Middlewares/ST/threadx/common/src/tx_initialize_kernel_enter.c ****     /* Set the system state in preparation for entering the thread
 135:Middlewares/ST/threadx/common/src/tx_initialize_kernel_enter.c ****        scheduler.  */
 136:Middlewares/ST/threadx/common/src/tx_initialize_kernel_enter.c ****     _tx_thread_system_state =  TX_INITIALIZE_IS_FINISHED;
  55              		.loc 1 136 5 view .LVU7
  56              		.loc 1 136 29 is_stmt 0 view .LVU8
  57 001c 0023     		movs	r3, #0
  58 001e 2360     		str	r3, [r4]
 137:Middlewares/ST/threadx/common/src/tx_initialize_kernel_enter.c **** 
 138:Middlewares/ST/threadx/common/src/tx_initialize_kernel_enter.c ****     /* Call any port specific pre-scheduler processing.  */
 139:Middlewares/ST/threadx/common/src/tx_initialize_kernel_enter.c ****     TX_PORT_SPECIFIC_PRE_SCHEDULER_INITIALIZATION
 140:Middlewares/ST/threadx/common/src/tx_initialize_kernel_enter.c **** 
 141:Middlewares/ST/threadx/common/src/tx_initialize_kernel_enter.c ****     /* Enter the scheduling loop to start executing threads!  */
 142:Middlewares/ST/threadx/common/src/tx_initialize_kernel_enter.c ****     _tx_thread_schedule();
  59              		.loc 1 142 5 is_stmt 1 view .LVU9
  60 0020 FFF7FEFF 		bl	_tx_thread_schedule
  61              	.LVL1:
 143:Middlewares/ST/threadx/common/src/tx_initialize_kernel_enter.c **** 
 144:Middlewares/ST/threadx/common/src/tx_initialize_kernel_enter.c **** #ifdef TX_SAFETY_CRITICAL
 145:Middlewares/ST/threadx/common/src/tx_initialize_kernel_enter.c **** 
 146:Middlewares/ST/threadx/common/src/tx_initialize_kernel_enter.c ****     /* If we ever get here, raise safety critical exception.  */
 147:Middlewares/ST/threadx/common/src/tx_initialize_kernel_enter.c ****     TX_SAFETY_CRITICAL_EXCEPTION(__FILE__, __LINE__, 0);
 148:Middlewares/ST/threadx/common/src/tx_initialize_kernel_enter.c **** #endif
 149:Middlewares/ST/threadx/common/src/tx_initialize_kernel_enter.c **** }
  62              		.loc 1 149 1 is_stmt 0 view .LVU10
  63 0024 10BD     		pop	{r4, pc}
  64              	.L4:
 104:Middlewares/ST/threadx/common/src/tx_initialize_kernel_enter.c **** 
  65              		.loc 1 104 9 is_stmt 1 view .LVU11
 104:Middlewares/ST/threadx/common/src/tx_initialize_kernel_enter.c **** 
  66              		.loc 1 104 33 is_stmt 0 view .LVU12
  67 0026 064B     		ldr	r3, .L5
  68 0028 4FF0F032 		mov	r2, #-252645136
  69 002c 1A60     		str	r2, [r3]
 111:Middlewares/ST/threadx/common/src/tx_initialize_kernel_enter.c **** 
  70              		.loc 1 111 9 is_stmt 1 view .LVU13
  71 002e FFF7FEFF 		bl	_tx_initialize_low_level
  72              	.LVL2:
 116:Middlewares/ST/threadx/common/src/tx_initialize_kernel_enter.c **** 
  73              		.loc 1 116 9 view .LVU14
  74 0032 FFF7FEFF 		bl	_tx_initialize_high_level
  75              	.LVL3:
 119:Middlewares/ST/threadx/common/src/tx_initialize_kernel_enter.c ****     }
ARM GAS  /tmp/ccM7n26K.s 			page 5


  76              		.loc 1 119 9 view .LVU15
  77 0036 044A     		ldr	r2, .L5+8
  78 0038 1368     		ldr	r3, [r2]
  79 003a 0133     		adds	r3, r3, #1
  80 003c 1360     		str	r3, [r2]
  81 003e E5E7     		b	.L2
  82              	.L6:
  83              		.align	2
  84              	.L5:
  85 0040 00000000 		.word	_tx_thread_system_state
  86 0044 00000000 		.word	_tx_initialize_unused_memory
  87 0048 00000000 		.word	_tx_thread_preempt_disable
  88              		.cfi_endproc
  89              	.LFE8:
  91              		.text
  92              	.Letext0:
  93              		.file 2 "Middlewares/ST/threadx/ports/cortex_m7/gnu/inc/tx_port.h"
  94              		.file 3 "Middlewares/ST/threadx/common/inc/tx_initialize.h"
  95              		.file 4 "Middlewares/ST/threadx/common/inc/tx_thread.h"
  96              		.file 5 "Middlewares/ST/threadx/common/inc/tx_api.h"
ARM GAS  /tmp/ccM7n26K.s 			page 6


DEFINED SYMBOLS
                            *ABS*:00000000 tx_initialize_kernel_enter.c
     /tmp/ccM7n26K.s:20     .text._tx_initialize_kernel_enter:00000000 $t
     /tmp/ccM7n26K.s:26     .text._tx_initialize_kernel_enter:00000000 _tx_initialize_kernel_enter
     /tmp/ccM7n26K.s:85     .text._tx_initialize_kernel_enter:00000040 $d

UNDEFINED SYMBOLS
tx_application_define
_tx_thread_schedule
_tx_initialize_low_level
_tx_initialize_high_level
_tx_thread_system_state
_tx_initialize_unused_memory
_tx_thread_preempt_disable
