ARM GAS  /tmp/ccSmrWH9.s 			page 1


   1              		.cpu cortex-m7
   2              		.arch armv7e-m
   3              		.fpu fpv5-d16
   4              		.eabi_attribute 28, 1
   5              		.eabi_attribute 20, 1
   6              		.eabi_attribute 21, 1
   7              		.eabi_attribute 23, 3
   8              		.eabi_attribute 24, 1
   9              		.eabi_attribute 25, 1
  10              		.eabi_attribute 26, 1
  11              		.eabi_attribute 30, 1
  12              		.eabi_attribute 34, 1
  13              		.eabi_attribute 18, 4
  14              		.file	"tx_queue_performance_info_get.c"
  15              		.text
  16              	.Ltext0:
  17              		.cfi_sections	.debug_frame
  18              		.file 1 "Middlewares/ST/threadx/common/src/tx_queue_performance_info_get.c"
  19              		.section	.text._tx_queue_performance_info_get,"ax",%progbits
  20              		.align	1
  21              		.global	_tx_queue_performance_info_get
  22              		.syntax unified
  23              		.thumb
  24              		.thumb_func
  26              	_tx_queue_performance_info_get:
  27              	.LVL0:
  28              	.LFB8:
   1:Middlewares/ST/threadx/common/src/tx_queue_performance_info_get.c **** /**************************************************************************/
   2:Middlewares/ST/threadx/common/src/tx_queue_performance_info_get.c **** /*                                                                        */
   3:Middlewares/ST/threadx/common/src/tx_queue_performance_info_get.c **** /*       Copyright (c) Microsoft Corporation. All rights reserved.        */
   4:Middlewares/ST/threadx/common/src/tx_queue_performance_info_get.c **** /*                                                                        */
   5:Middlewares/ST/threadx/common/src/tx_queue_performance_info_get.c **** /*       This software is licensed under the Microsoft Software License   */
   6:Middlewares/ST/threadx/common/src/tx_queue_performance_info_get.c **** /*       Terms for Microsoft Azure RTOS. Full text of the license can be  */
   7:Middlewares/ST/threadx/common/src/tx_queue_performance_info_get.c **** /*       found in the LICENSE file at https://aka.ms/AzureRTOS_EULA       */
   8:Middlewares/ST/threadx/common/src/tx_queue_performance_info_get.c **** /*       and in the root directory of this software.                      */
   9:Middlewares/ST/threadx/common/src/tx_queue_performance_info_get.c **** /*                                                                        */
  10:Middlewares/ST/threadx/common/src/tx_queue_performance_info_get.c **** /**************************************************************************/
  11:Middlewares/ST/threadx/common/src/tx_queue_performance_info_get.c **** 
  12:Middlewares/ST/threadx/common/src/tx_queue_performance_info_get.c **** 
  13:Middlewares/ST/threadx/common/src/tx_queue_performance_info_get.c **** /**************************************************************************/
  14:Middlewares/ST/threadx/common/src/tx_queue_performance_info_get.c **** /**************************************************************************/
  15:Middlewares/ST/threadx/common/src/tx_queue_performance_info_get.c **** /**                                                                       */
  16:Middlewares/ST/threadx/common/src/tx_queue_performance_info_get.c **** /** ThreadX Component                                                     */
  17:Middlewares/ST/threadx/common/src/tx_queue_performance_info_get.c **** /**                                                                       */
  18:Middlewares/ST/threadx/common/src/tx_queue_performance_info_get.c **** /**   Queue                                                               */
  19:Middlewares/ST/threadx/common/src/tx_queue_performance_info_get.c **** /**                                                                       */
  20:Middlewares/ST/threadx/common/src/tx_queue_performance_info_get.c **** /**************************************************************************/
  21:Middlewares/ST/threadx/common/src/tx_queue_performance_info_get.c **** /**************************************************************************/
  22:Middlewares/ST/threadx/common/src/tx_queue_performance_info_get.c **** 
  23:Middlewares/ST/threadx/common/src/tx_queue_performance_info_get.c **** #define TX_SOURCE_CODE
  24:Middlewares/ST/threadx/common/src/tx_queue_performance_info_get.c **** 
  25:Middlewares/ST/threadx/common/src/tx_queue_performance_info_get.c **** 
  26:Middlewares/ST/threadx/common/src/tx_queue_performance_info_get.c **** /* Include necessary system files.  */
  27:Middlewares/ST/threadx/common/src/tx_queue_performance_info_get.c **** 
  28:Middlewares/ST/threadx/common/src/tx_queue_performance_info_get.c **** #include "tx_api.h"
  29:Middlewares/ST/threadx/common/src/tx_queue_performance_info_get.c **** #include "tx_queue.h"
  30:Middlewares/ST/threadx/common/src/tx_queue_performance_info_get.c **** #ifdef TX_QUEUE_ENABLE_PERFORMANCE_INFO
ARM GAS  /tmp/ccSmrWH9.s 			page 2


  31:Middlewares/ST/threadx/common/src/tx_queue_performance_info_get.c **** #include "tx_trace.h"
  32:Middlewares/ST/threadx/common/src/tx_queue_performance_info_get.c **** #endif
  33:Middlewares/ST/threadx/common/src/tx_queue_performance_info_get.c **** 
  34:Middlewares/ST/threadx/common/src/tx_queue_performance_info_get.c **** 
  35:Middlewares/ST/threadx/common/src/tx_queue_performance_info_get.c **** /**************************************************************************/
  36:Middlewares/ST/threadx/common/src/tx_queue_performance_info_get.c **** /*                                                                        */
  37:Middlewares/ST/threadx/common/src/tx_queue_performance_info_get.c **** /*  FUNCTION                                               RELEASE        */
  38:Middlewares/ST/threadx/common/src/tx_queue_performance_info_get.c **** /*                                                                        */
  39:Middlewares/ST/threadx/common/src/tx_queue_performance_info_get.c **** /*    _tx_queue_performance_info_get                      PORTABLE C      */
  40:Middlewares/ST/threadx/common/src/tx_queue_performance_info_get.c **** /*                                                           6.1          */
  41:Middlewares/ST/threadx/common/src/tx_queue_performance_info_get.c **** /*  AUTHOR                                                                */
  42:Middlewares/ST/threadx/common/src/tx_queue_performance_info_get.c **** /*                                                                        */
  43:Middlewares/ST/threadx/common/src/tx_queue_performance_info_get.c **** /*    William E. Lamie, Microsoft Corporation                             */
  44:Middlewares/ST/threadx/common/src/tx_queue_performance_info_get.c **** /*                                                                        */
  45:Middlewares/ST/threadx/common/src/tx_queue_performance_info_get.c **** /*  DESCRIPTION                                                           */
  46:Middlewares/ST/threadx/common/src/tx_queue_performance_info_get.c **** /*                                                                        */
  47:Middlewares/ST/threadx/common/src/tx_queue_performance_info_get.c **** /*    This function retrieves performance information from the specified  */
  48:Middlewares/ST/threadx/common/src/tx_queue_performance_info_get.c **** /*    queue.                                                              */
  49:Middlewares/ST/threadx/common/src/tx_queue_performance_info_get.c **** /*                                                                        */
  50:Middlewares/ST/threadx/common/src/tx_queue_performance_info_get.c **** /*  INPUT                                                                 */
  51:Middlewares/ST/threadx/common/src/tx_queue_performance_info_get.c **** /*                                                                        */
  52:Middlewares/ST/threadx/common/src/tx_queue_performance_info_get.c **** /*    queue_ptr                         Pointer to queue control block    */
  53:Middlewares/ST/threadx/common/src/tx_queue_performance_info_get.c **** /*    messages_sent                     Destination for messages sent     */
  54:Middlewares/ST/threadx/common/src/tx_queue_performance_info_get.c **** /*    messages_received                 Destination for messages received */
  55:Middlewares/ST/threadx/common/src/tx_queue_performance_info_get.c **** /*    empty_suspensions                 Destination for number of empty   */
  56:Middlewares/ST/threadx/common/src/tx_queue_performance_info_get.c **** /*                                        queue suspensions               */
  57:Middlewares/ST/threadx/common/src/tx_queue_performance_info_get.c **** /*    full_suspensions                  Destination for number of full    */
  58:Middlewares/ST/threadx/common/src/tx_queue_performance_info_get.c **** /*                                        queue suspensions               */
  59:Middlewares/ST/threadx/common/src/tx_queue_performance_info_get.c **** /*    full_errors                       Destination for queue full errors */
  60:Middlewares/ST/threadx/common/src/tx_queue_performance_info_get.c **** /*                                        returned - no suspension        */
  61:Middlewares/ST/threadx/common/src/tx_queue_performance_info_get.c **** /*    timeouts                          Destination for number of timeouts*/
  62:Middlewares/ST/threadx/common/src/tx_queue_performance_info_get.c **** /*                                        on this queue                   */
  63:Middlewares/ST/threadx/common/src/tx_queue_performance_info_get.c **** /*                                                                        */
  64:Middlewares/ST/threadx/common/src/tx_queue_performance_info_get.c **** /*  OUTPUT                                                                */
  65:Middlewares/ST/threadx/common/src/tx_queue_performance_info_get.c **** /*                                                                        */
  66:Middlewares/ST/threadx/common/src/tx_queue_performance_info_get.c **** /*    status                            Completion status                 */
  67:Middlewares/ST/threadx/common/src/tx_queue_performance_info_get.c **** /*                                                                        */
  68:Middlewares/ST/threadx/common/src/tx_queue_performance_info_get.c **** /*  CALLS                                                                 */
  69:Middlewares/ST/threadx/common/src/tx_queue_performance_info_get.c **** /*                                                                        */
  70:Middlewares/ST/threadx/common/src/tx_queue_performance_info_get.c **** /*    None                                                                */
  71:Middlewares/ST/threadx/common/src/tx_queue_performance_info_get.c **** /*                                                                        */
  72:Middlewares/ST/threadx/common/src/tx_queue_performance_info_get.c **** /*  CALLED BY                                                             */
  73:Middlewares/ST/threadx/common/src/tx_queue_performance_info_get.c **** /*                                                                        */
  74:Middlewares/ST/threadx/common/src/tx_queue_performance_info_get.c **** /*    Application Code                                                    */
  75:Middlewares/ST/threadx/common/src/tx_queue_performance_info_get.c **** /*                                                                        */
  76:Middlewares/ST/threadx/common/src/tx_queue_performance_info_get.c **** /*  RELEASE HISTORY                                                       */
  77:Middlewares/ST/threadx/common/src/tx_queue_performance_info_get.c **** /*                                                                        */
  78:Middlewares/ST/threadx/common/src/tx_queue_performance_info_get.c **** /*    DATE              NAME                      DESCRIPTION             */
  79:Middlewares/ST/threadx/common/src/tx_queue_performance_info_get.c **** /*                                                                        */
  80:Middlewares/ST/threadx/common/src/tx_queue_performance_info_get.c **** /*  05-19-2020     William E. Lamie         Initial Version 6.0           */
  81:Middlewares/ST/threadx/common/src/tx_queue_performance_info_get.c **** /*  09-30-2020     Yuxin Zhou               Modified comment(s),          */
  82:Middlewares/ST/threadx/common/src/tx_queue_performance_info_get.c **** /*                                            resulting in version 6.1    */
  83:Middlewares/ST/threadx/common/src/tx_queue_performance_info_get.c **** /*                                                                        */
  84:Middlewares/ST/threadx/common/src/tx_queue_performance_info_get.c **** /**************************************************************************/
  85:Middlewares/ST/threadx/common/src/tx_queue_performance_info_get.c **** UINT  _tx_queue_performance_info_get(TX_QUEUE *queue_ptr, ULONG *messages_sent, ULONG *messages_rec
  86:Middlewares/ST/threadx/common/src/tx_queue_performance_info_get.c ****                     ULONG *empty_suspensions, ULONG *full_suspensions, ULONG *full_errors, ULONG *t
  87:Middlewares/ST/threadx/common/src/tx_queue_performance_info_get.c **** {
ARM GAS  /tmp/ccSmrWH9.s 			page 3


  29              		.loc 1 87 1 view -0
  30              		.cfi_startproc
  31              		@ args = 12, pretend = 0, frame = 0
  32              		@ frame_needed = 0, uses_anonymous_args = 0
  33              		@ link register save eliminated.
  88:Middlewares/ST/threadx/common/src/tx_queue_performance_info_get.c **** 
  89:Middlewares/ST/threadx/common/src/tx_queue_performance_info_get.c **** #ifdef TX_QUEUE_ENABLE_PERFORMANCE_INFO
  90:Middlewares/ST/threadx/common/src/tx_queue_performance_info_get.c **** 
  91:Middlewares/ST/threadx/common/src/tx_queue_performance_info_get.c **** TX_INTERRUPT_SAVE_AREA
  92:Middlewares/ST/threadx/common/src/tx_queue_performance_info_get.c **** UINT                    status;
  93:Middlewares/ST/threadx/common/src/tx_queue_performance_info_get.c **** 
  94:Middlewares/ST/threadx/common/src/tx_queue_performance_info_get.c **** 
  95:Middlewares/ST/threadx/common/src/tx_queue_performance_info_get.c ****     /* Determine if this is a legal request.  */
  96:Middlewares/ST/threadx/common/src/tx_queue_performance_info_get.c ****     if (queue_ptr == TX_NULL)
  97:Middlewares/ST/threadx/common/src/tx_queue_performance_info_get.c ****     {
  98:Middlewares/ST/threadx/common/src/tx_queue_performance_info_get.c **** 
  99:Middlewares/ST/threadx/common/src/tx_queue_performance_info_get.c ****         /* Queue pointer is illegal, return error.  */
 100:Middlewares/ST/threadx/common/src/tx_queue_performance_info_get.c ****         status =  TX_PTR_ERROR;
 101:Middlewares/ST/threadx/common/src/tx_queue_performance_info_get.c ****     }
 102:Middlewares/ST/threadx/common/src/tx_queue_performance_info_get.c **** 
 103:Middlewares/ST/threadx/common/src/tx_queue_performance_info_get.c ****     /* Determine if the queue ID is invalid.  */
 104:Middlewares/ST/threadx/common/src/tx_queue_performance_info_get.c ****     else if (queue_ptr -> tx_queue_id != TX_QUEUE_ID)
 105:Middlewares/ST/threadx/common/src/tx_queue_performance_info_get.c ****     {
 106:Middlewares/ST/threadx/common/src/tx_queue_performance_info_get.c **** 
 107:Middlewares/ST/threadx/common/src/tx_queue_performance_info_get.c ****         /* Queue pointer is illegal, return error.  */
 108:Middlewares/ST/threadx/common/src/tx_queue_performance_info_get.c ****         status =  TX_PTR_ERROR;
 109:Middlewares/ST/threadx/common/src/tx_queue_performance_info_get.c ****     }
 110:Middlewares/ST/threadx/common/src/tx_queue_performance_info_get.c ****     else
 111:Middlewares/ST/threadx/common/src/tx_queue_performance_info_get.c ****     {
 112:Middlewares/ST/threadx/common/src/tx_queue_performance_info_get.c **** 
 113:Middlewares/ST/threadx/common/src/tx_queue_performance_info_get.c ****         /* Disable interrupts.  */
 114:Middlewares/ST/threadx/common/src/tx_queue_performance_info_get.c ****         TX_DISABLE
 115:Middlewares/ST/threadx/common/src/tx_queue_performance_info_get.c **** 
 116:Middlewares/ST/threadx/common/src/tx_queue_performance_info_get.c ****         /* If trace is enabled, insert this event into the trace buffer.  */
 117:Middlewares/ST/threadx/common/src/tx_queue_performance_info_get.c ****         TX_TRACE_IN_LINE_INSERT(TX_TRACE_QUEUE_PERFORMANCE_INFO_GET, queue_ptr, 0, 0, 0, TX_TRACE_Q
 118:Middlewares/ST/threadx/common/src/tx_queue_performance_info_get.c **** 
 119:Middlewares/ST/threadx/common/src/tx_queue_performance_info_get.c ****         /* Log this kernel call.  */
 120:Middlewares/ST/threadx/common/src/tx_queue_performance_info_get.c ****         TX_EL_QUEUE_PERFORMANCE_INFO_GET_INSERT
 121:Middlewares/ST/threadx/common/src/tx_queue_performance_info_get.c **** 
 122:Middlewares/ST/threadx/common/src/tx_queue_performance_info_get.c ****         /* Retrieve all the pertinent information and return it in the supplied
 123:Middlewares/ST/threadx/common/src/tx_queue_performance_info_get.c ****            destinations.  */
 124:Middlewares/ST/threadx/common/src/tx_queue_performance_info_get.c **** 
 125:Middlewares/ST/threadx/common/src/tx_queue_performance_info_get.c ****         /* Retrieve the number of messages sent to this queue.  */
 126:Middlewares/ST/threadx/common/src/tx_queue_performance_info_get.c ****         if (messages_sent != TX_NULL)
 127:Middlewares/ST/threadx/common/src/tx_queue_performance_info_get.c ****         {
 128:Middlewares/ST/threadx/common/src/tx_queue_performance_info_get.c **** 
 129:Middlewares/ST/threadx/common/src/tx_queue_performance_info_get.c ****             *messages_sent =  queue_ptr -> tx_queue_performance_messages_sent_count;
 130:Middlewares/ST/threadx/common/src/tx_queue_performance_info_get.c ****         }
 131:Middlewares/ST/threadx/common/src/tx_queue_performance_info_get.c **** 
 132:Middlewares/ST/threadx/common/src/tx_queue_performance_info_get.c ****         /* Retrieve the number of messages received from this queue.  */
 133:Middlewares/ST/threadx/common/src/tx_queue_performance_info_get.c ****         if (messages_received != TX_NULL)
 134:Middlewares/ST/threadx/common/src/tx_queue_performance_info_get.c ****         {
 135:Middlewares/ST/threadx/common/src/tx_queue_performance_info_get.c **** 
 136:Middlewares/ST/threadx/common/src/tx_queue_performance_info_get.c ****             *messages_received =  queue_ptr -> tx_queue_performance_messages_received_count;
 137:Middlewares/ST/threadx/common/src/tx_queue_performance_info_get.c ****         }
 138:Middlewares/ST/threadx/common/src/tx_queue_performance_info_get.c **** 
 139:Middlewares/ST/threadx/common/src/tx_queue_performance_info_get.c ****         /* Retrieve the number of empty queue suspensions on this queue.  */
ARM GAS  /tmp/ccSmrWH9.s 			page 4


 140:Middlewares/ST/threadx/common/src/tx_queue_performance_info_get.c ****         if (empty_suspensions != TX_NULL)
 141:Middlewares/ST/threadx/common/src/tx_queue_performance_info_get.c ****         {
 142:Middlewares/ST/threadx/common/src/tx_queue_performance_info_get.c **** 
 143:Middlewares/ST/threadx/common/src/tx_queue_performance_info_get.c ****             *empty_suspensions =  queue_ptr -> tx_queue_performance_empty_suspension_count;
 144:Middlewares/ST/threadx/common/src/tx_queue_performance_info_get.c ****         }
 145:Middlewares/ST/threadx/common/src/tx_queue_performance_info_get.c **** 
 146:Middlewares/ST/threadx/common/src/tx_queue_performance_info_get.c ****         /* Retrieve the number of full queue suspensions on this queue.  */
 147:Middlewares/ST/threadx/common/src/tx_queue_performance_info_get.c ****         if (full_suspensions != TX_NULL)
 148:Middlewares/ST/threadx/common/src/tx_queue_performance_info_get.c ****         {
 149:Middlewares/ST/threadx/common/src/tx_queue_performance_info_get.c **** 
 150:Middlewares/ST/threadx/common/src/tx_queue_performance_info_get.c ****             *full_suspensions =  queue_ptr -> tx_queue_performance_full_suspension_count;
 151:Middlewares/ST/threadx/common/src/tx_queue_performance_info_get.c ****         }
 152:Middlewares/ST/threadx/common/src/tx_queue_performance_info_get.c **** 
 153:Middlewares/ST/threadx/common/src/tx_queue_performance_info_get.c ****         /* Retrieve the number of full errors (no suspension!) on this queue.  */
 154:Middlewares/ST/threadx/common/src/tx_queue_performance_info_get.c ****         if (full_errors != TX_NULL)
 155:Middlewares/ST/threadx/common/src/tx_queue_performance_info_get.c ****         {
 156:Middlewares/ST/threadx/common/src/tx_queue_performance_info_get.c **** 
 157:Middlewares/ST/threadx/common/src/tx_queue_performance_info_get.c ****             *full_errors =  queue_ptr -> tx_queue_performance_full_error_count;
 158:Middlewares/ST/threadx/common/src/tx_queue_performance_info_get.c ****         }
 159:Middlewares/ST/threadx/common/src/tx_queue_performance_info_get.c **** 
 160:Middlewares/ST/threadx/common/src/tx_queue_performance_info_get.c ****         /* Retrieve the number of timeouts on this queue.  */
 161:Middlewares/ST/threadx/common/src/tx_queue_performance_info_get.c ****         if (timeouts != TX_NULL)
 162:Middlewares/ST/threadx/common/src/tx_queue_performance_info_get.c ****         {
 163:Middlewares/ST/threadx/common/src/tx_queue_performance_info_get.c **** 
 164:Middlewares/ST/threadx/common/src/tx_queue_performance_info_get.c ****             *timeouts =  queue_ptr -> tx_queue_performance_timeout_count;
 165:Middlewares/ST/threadx/common/src/tx_queue_performance_info_get.c ****         }
 166:Middlewares/ST/threadx/common/src/tx_queue_performance_info_get.c **** 
 167:Middlewares/ST/threadx/common/src/tx_queue_performance_info_get.c ****         /* Restore interrupts.  */
 168:Middlewares/ST/threadx/common/src/tx_queue_performance_info_get.c ****         TX_RESTORE
 169:Middlewares/ST/threadx/common/src/tx_queue_performance_info_get.c **** 
 170:Middlewares/ST/threadx/common/src/tx_queue_performance_info_get.c ****         /* Return completion status.  */
 171:Middlewares/ST/threadx/common/src/tx_queue_performance_info_get.c ****         status =  TX_SUCCESS;
 172:Middlewares/ST/threadx/common/src/tx_queue_performance_info_get.c ****     }
 173:Middlewares/ST/threadx/common/src/tx_queue_performance_info_get.c **** #else
 174:Middlewares/ST/threadx/common/src/tx_queue_performance_info_get.c **** UINT                    status;
  34              		.loc 1 174 1 view .LVU1
 175:Middlewares/ST/threadx/common/src/tx_queue_performance_info_get.c **** 
 176:Middlewares/ST/threadx/common/src/tx_queue_performance_info_get.c **** 
 177:Middlewares/ST/threadx/common/src/tx_queue_performance_info_get.c ****     /* Access input arguments just for the sake of lint, MISRA, etc.  */
 178:Middlewares/ST/threadx/common/src/tx_queue_performance_info_get.c ****     if (queue_ptr != TX_NULL)
  35              		.loc 1 178 5 view .LVU2
 179:Middlewares/ST/threadx/common/src/tx_queue_performance_info_get.c ****     {
 180:Middlewares/ST/threadx/common/src/tx_queue_performance_info_get.c **** 
 181:Middlewares/ST/threadx/common/src/tx_queue_performance_info_get.c ****         /* Not enabled, return error.  */
 182:Middlewares/ST/threadx/common/src/tx_queue_performance_info_get.c ****         status =  TX_FEATURE_NOT_ENABLED;
 183:Middlewares/ST/threadx/common/src/tx_queue_performance_info_get.c ****     }
 184:Middlewares/ST/threadx/common/src/tx_queue_performance_info_get.c ****     else if (messages_sent != TX_NULL)
  36              		.loc 1 184 10 view .LVU3
 185:Middlewares/ST/threadx/common/src/tx_queue_performance_info_get.c ****     {
 186:Middlewares/ST/threadx/common/src/tx_queue_performance_info_get.c **** 
 187:Middlewares/ST/threadx/common/src/tx_queue_performance_info_get.c ****         /* Not enabled, return error.  */
 188:Middlewares/ST/threadx/common/src/tx_queue_performance_info_get.c ****         status =  TX_FEATURE_NOT_ENABLED;
 189:Middlewares/ST/threadx/common/src/tx_queue_performance_info_get.c ****     }
 190:Middlewares/ST/threadx/common/src/tx_queue_performance_info_get.c ****     else if (messages_received != TX_NULL)
  37              		.loc 1 190 10 view .LVU4
 191:Middlewares/ST/threadx/common/src/tx_queue_performance_info_get.c ****     {
 192:Middlewares/ST/threadx/common/src/tx_queue_performance_info_get.c **** 
ARM GAS  /tmp/ccSmrWH9.s 			page 5


 193:Middlewares/ST/threadx/common/src/tx_queue_performance_info_get.c ****         /* Not enabled, return error.  */
 194:Middlewares/ST/threadx/common/src/tx_queue_performance_info_get.c ****         status =  TX_FEATURE_NOT_ENABLED;
 195:Middlewares/ST/threadx/common/src/tx_queue_performance_info_get.c ****     }
 196:Middlewares/ST/threadx/common/src/tx_queue_performance_info_get.c ****     else if (empty_suspensions != TX_NULL)
  38              		.loc 1 196 10 view .LVU5
 197:Middlewares/ST/threadx/common/src/tx_queue_performance_info_get.c ****     {
 198:Middlewares/ST/threadx/common/src/tx_queue_performance_info_get.c **** 
 199:Middlewares/ST/threadx/common/src/tx_queue_performance_info_get.c ****         /* Not enabled, return error.  */
 200:Middlewares/ST/threadx/common/src/tx_queue_performance_info_get.c ****         status =  TX_FEATURE_NOT_ENABLED;
 201:Middlewares/ST/threadx/common/src/tx_queue_performance_info_get.c ****     }
 202:Middlewares/ST/threadx/common/src/tx_queue_performance_info_get.c ****     else if (full_suspensions != TX_NULL)
  39              		.loc 1 202 10 view .LVU6
 203:Middlewares/ST/threadx/common/src/tx_queue_performance_info_get.c ****     {
 204:Middlewares/ST/threadx/common/src/tx_queue_performance_info_get.c **** 
 205:Middlewares/ST/threadx/common/src/tx_queue_performance_info_get.c ****         /* Not enabled, return error.  */
 206:Middlewares/ST/threadx/common/src/tx_queue_performance_info_get.c ****         status =  TX_FEATURE_NOT_ENABLED;
 207:Middlewares/ST/threadx/common/src/tx_queue_performance_info_get.c ****     }
 208:Middlewares/ST/threadx/common/src/tx_queue_performance_info_get.c ****     else if (full_errors != TX_NULL)
  40              		.loc 1 208 10 view .LVU7
 209:Middlewares/ST/threadx/common/src/tx_queue_performance_info_get.c ****     {
 210:Middlewares/ST/threadx/common/src/tx_queue_performance_info_get.c **** 
 211:Middlewares/ST/threadx/common/src/tx_queue_performance_info_get.c ****         /* Not enabled, return error.  */
 212:Middlewares/ST/threadx/common/src/tx_queue_performance_info_get.c ****         status =  TX_FEATURE_NOT_ENABLED;
 213:Middlewares/ST/threadx/common/src/tx_queue_performance_info_get.c ****     }
 214:Middlewares/ST/threadx/common/src/tx_queue_performance_info_get.c ****     else if (timeouts != TX_NULL)
  41              		.loc 1 214 10 view .LVU8
 215:Middlewares/ST/threadx/common/src/tx_queue_performance_info_get.c ****     {
 216:Middlewares/ST/threadx/common/src/tx_queue_performance_info_get.c **** 
 217:Middlewares/ST/threadx/common/src/tx_queue_performance_info_get.c ****         /* Not enabled, return error.  */
 218:Middlewares/ST/threadx/common/src/tx_queue_performance_info_get.c ****         status =  TX_FEATURE_NOT_ENABLED;
 219:Middlewares/ST/threadx/common/src/tx_queue_performance_info_get.c ****     }
 220:Middlewares/ST/threadx/common/src/tx_queue_performance_info_get.c ****     else
 221:Middlewares/ST/threadx/common/src/tx_queue_performance_info_get.c ****     {
 222:Middlewares/ST/threadx/common/src/tx_queue_performance_info_get.c **** 
 223:Middlewares/ST/threadx/common/src/tx_queue_performance_info_get.c ****         /* Not enabled, return error.  */
 224:Middlewares/ST/threadx/common/src/tx_queue_performance_info_get.c ****         status =  TX_FEATURE_NOT_ENABLED;
  42              		.loc 1 224 9 view .LVU9
 225:Middlewares/ST/threadx/common/src/tx_queue_performance_info_get.c ****     }
 226:Middlewares/ST/threadx/common/src/tx_queue_performance_info_get.c **** #endif
 227:Middlewares/ST/threadx/common/src/tx_queue_performance_info_get.c **** 
 228:Middlewares/ST/threadx/common/src/tx_queue_performance_info_get.c ****     /* Return completion status.  */
 229:Middlewares/ST/threadx/common/src/tx_queue_performance_info_get.c ****     return(status);
  43              		.loc 1 229 5 view .LVU10
 230:Middlewares/ST/threadx/common/src/tx_queue_performance_info_get.c **** }
  44              		.loc 1 230 1 is_stmt 0 view .LVU11
  45 0000 FF20     		movs	r0, #255
  46              	.LVL1:
  47              		.loc 1 230 1 view .LVU12
  48 0002 7047     		bx	lr
  49              		.cfi_endproc
  50              	.LFE8:
  52              		.text
  53              	.Letext0:
  54              		.file 2 "Middlewares/ST/threadx/ports/cortex_m7/gnu/inc/tx_port.h"
  55              		.file 3 "Middlewares/ST/threadx/common/inc/tx_api.h"
ARM GAS  /tmp/ccSmrWH9.s 			page 6


DEFINED SYMBOLS
                            *ABS*:00000000 tx_queue_performance_info_get.c
     /tmp/ccSmrWH9.s:20     .text._tx_queue_performance_info_get:00000000 $t
     /tmp/ccSmrWH9.s:26     .text._tx_queue_performance_info_get:00000000 _tx_queue_performance_info_get

NO UNDEFINED SYMBOLS
