ARM GAS  /tmp/ccWKWuH6.s 			page 1


   1              		.cpu cortex-m7
   2              		.arch armv7e-m
   3              		.fpu fpv5-d16
   4              		.eabi_attribute 28, 1
   5              		.eabi_attribute 20, 1
   6              		.eabi_attribute 21, 1
   7              		.eabi_attribute 23, 3
   8              		.eabi_attribute 24, 1
   9              		.eabi_attribute 25, 1
  10              		.eabi_attribute 26, 1
  11              		.eabi_attribute 30, 1
  12              		.eabi_attribute 34, 1
  13              		.eabi_attribute 18, 4
  14              		.file	"tx_timer_performance_info_get.c"
  15              		.text
  16              	.Ltext0:
  17              		.cfi_sections	.debug_frame
  18              		.file 1 "Middlewares/ST/threadx/common/src/tx_timer_performance_info_get.c"
  19              		.section	.text._tx_timer_performance_info_get,"ax",%progbits
  20              		.align	1
  21              		.global	_tx_timer_performance_info_get
  22              		.syntax unified
  23              		.thumb
  24              		.thumb_func
  26              	_tx_timer_performance_info_get:
  27              	.LVL0:
  28              	.LFB8:
   1:Middlewares/ST/threadx/common/src/tx_timer_performance_info_get.c **** /**************************************************************************/
   2:Middlewares/ST/threadx/common/src/tx_timer_performance_info_get.c **** /*                                                                        */
   3:Middlewares/ST/threadx/common/src/tx_timer_performance_info_get.c **** /*       Copyright (c) Microsoft Corporation. All rights reserved.        */
   4:Middlewares/ST/threadx/common/src/tx_timer_performance_info_get.c **** /*                                                                        */
   5:Middlewares/ST/threadx/common/src/tx_timer_performance_info_get.c **** /*       This software is licensed under the Microsoft Software License   */
   6:Middlewares/ST/threadx/common/src/tx_timer_performance_info_get.c **** /*       Terms for Microsoft Azure RTOS. Full text of the license can be  */
   7:Middlewares/ST/threadx/common/src/tx_timer_performance_info_get.c **** /*       found in the LICENSE file at https://aka.ms/AzureRTOS_EULA       */
   8:Middlewares/ST/threadx/common/src/tx_timer_performance_info_get.c **** /*       and in the root directory of this software.                      */
   9:Middlewares/ST/threadx/common/src/tx_timer_performance_info_get.c **** /*                                                                        */
  10:Middlewares/ST/threadx/common/src/tx_timer_performance_info_get.c **** /**************************************************************************/
  11:Middlewares/ST/threadx/common/src/tx_timer_performance_info_get.c **** 
  12:Middlewares/ST/threadx/common/src/tx_timer_performance_info_get.c **** 
  13:Middlewares/ST/threadx/common/src/tx_timer_performance_info_get.c **** /**************************************************************************/
  14:Middlewares/ST/threadx/common/src/tx_timer_performance_info_get.c **** /**************************************************************************/
  15:Middlewares/ST/threadx/common/src/tx_timer_performance_info_get.c **** /**                                                                       */
  16:Middlewares/ST/threadx/common/src/tx_timer_performance_info_get.c **** /** ThreadX Component                                                     */
  17:Middlewares/ST/threadx/common/src/tx_timer_performance_info_get.c **** /**                                                                       */
  18:Middlewares/ST/threadx/common/src/tx_timer_performance_info_get.c **** /**   Timer                                                               */
  19:Middlewares/ST/threadx/common/src/tx_timer_performance_info_get.c **** /**                                                                       */
  20:Middlewares/ST/threadx/common/src/tx_timer_performance_info_get.c **** /**************************************************************************/
  21:Middlewares/ST/threadx/common/src/tx_timer_performance_info_get.c **** /**************************************************************************/
  22:Middlewares/ST/threadx/common/src/tx_timer_performance_info_get.c **** 
  23:Middlewares/ST/threadx/common/src/tx_timer_performance_info_get.c **** #define TX_SOURCE_CODE
  24:Middlewares/ST/threadx/common/src/tx_timer_performance_info_get.c **** 
  25:Middlewares/ST/threadx/common/src/tx_timer_performance_info_get.c **** 
  26:Middlewares/ST/threadx/common/src/tx_timer_performance_info_get.c **** /* Include necessary system files.  */
  27:Middlewares/ST/threadx/common/src/tx_timer_performance_info_get.c **** 
  28:Middlewares/ST/threadx/common/src/tx_timer_performance_info_get.c **** #include "tx_api.h"
  29:Middlewares/ST/threadx/common/src/tx_timer_performance_info_get.c **** #include "tx_timer.h"
  30:Middlewares/ST/threadx/common/src/tx_timer_performance_info_get.c **** #ifdef TX_TIMER_ENABLE_PERFORMANCE_INFO
ARM GAS  /tmp/ccWKWuH6.s 			page 2


  31:Middlewares/ST/threadx/common/src/tx_timer_performance_info_get.c **** #include "tx_trace.h"
  32:Middlewares/ST/threadx/common/src/tx_timer_performance_info_get.c **** #endif
  33:Middlewares/ST/threadx/common/src/tx_timer_performance_info_get.c **** 
  34:Middlewares/ST/threadx/common/src/tx_timer_performance_info_get.c **** 
  35:Middlewares/ST/threadx/common/src/tx_timer_performance_info_get.c **** /**************************************************************************/
  36:Middlewares/ST/threadx/common/src/tx_timer_performance_info_get.c **** /*                                                                        */
  37:Middlewares/ST/threadx/common/src/tx_timer_performance_info_get.c **** /*  FUNCTION                                               RELEASE        */
  38:Middlewares/ST/threadx/common/src/tx_timer_performance_info_get.c **** /*                                                                        */
  39:Middlewares/ST/threadx/common/src/tx_timer_performance_info_get.c **** /*    _tx_timer_performance_info_get                      PORTABLE C      */
  40:Middlewares/ST/threadx/common/src/tx_timer_performance_info_get.c **** /*                                                           6.1          */
  41:Middlewares/ST/threadx/common/src/tx_timer_performance_info_get.c **** /*  AUTHOR                                                                */
  42:Middlewares/ST/threadx/common/src/tx_timer_performance_info_get.c **** /*                                                                        */
  43:Middlewares/ST/threadx/common/src/tx_timer_performance_info_get.c **** /*    William E. Lamie, Microsoft Corporation                             */
  44:Middlewares/ST/threadx/common/src/tx_timer_performance_info_get.c **** /*                                                                        */
  45:Middlewares/ST/threadx/common/src/tx_timer_performance_info_get.c **** /*  DESCRIPTION                                                           */
  46:Middlewares/ST/threadx/common/src/tx_timer_performance_info_get.c **** /*                                                                        */
  47:Middlewares/ST/threadx/common/src/tx_timer_performance_info_get.c **** /*    This function retrieves performance information from the specified  */
  48:Middlewares/ST/threadx/common/src/tx_timer_performance_info_get.c **** /*    timer.                                                              */
  49:Middlewares/ST/threadx/common/src/tx_timer_performance_info_get.c **** /*                                                                        */
  50:Middlewares/ST/threadx/common/src/tx_timer_performance_info_get.c **** /*  INPUT                                                                 */
  51:Middlewares/ST/threadx/common/src/tx_timer_performance_info_get.c **** /*                                                                        */
  52:Middlewares/ST/threadx/common/src/tx_timer_performance_info_get.c **** /*    timer_ptr                         Pointer to timer control block    */
  53:Middlewares/ST/threadx/common/src/tx_timer_performance_info_get.c **** /*    activates                         Destination for the number of     */
  54:Middlewares/ST/threadx/common/src/tx_timer_performance_info_get.c **** /*                                        activations of this timer       */
  55:Middlewares/ST/threadx/common/src/tx_timer_performance_info_get.c **** /*    reactivates                       Destination for the number of     */
  56:Middlewares/ST/threadx/common/src/tx_timer_performance_info_get.c **** /*                                        reactivations of this timer     */
  57:Middlewares/ST/threadx/common/src/tx_timer_performance_info_get.c **** /*    deactivates                       Destination for the number of     */
  58:Middlewares/ST/threadx/common/src/tx_timer_performance_info_get.c **** /*                                        deactivations of this timer     */
  59:Middlewares/ST/threadx/common/src/tx_timer_performance_info_get.c **** /*    expirations                       Destination for the number of     */
  60:Middlewares/ST/threadx/common/src/tx_timer_performance_info_get.c **** /*                                        expirations of this timer       */
  61:Middlewares/ST/threadx/common/src/tx_timer_performance_info_get.c **** /*    expiration_adjusts                Destination for the number of     */
  62:Middlewares/ST/threadx/common/src/tx_timer_performance_info_get.c **** /*                                        expiration adjustments of this  */
  63:Middlewares/ST/threadx/common/src/tx_timer_performance_info_get.c **** /*                                        timer                           */
  64:Middlewares/ST/threadx/common/src/tx_timer_performance_info_get.c **** /*                                                                        */
  65:Middlewares/ST/threadx/common/src/tx_timer_performance_info_get.c **** /*  OUTPUT                                                                */
  66:Middlewares/ST/threadx/common/src/tx_timer_performance_info_get.c **** /*                                                                        */
  67:Middlewares/ST/threadx/common/src/tx_timer_performance_info_get.c **** /*    status                            Completion status                 */
  68:Middlewares/ST/threadx/common/src/tx_timer_performance_info_get.c **** /*                                                                        */
  69:Middlewares/ST/threadx/common/src/tx_timer_performance_info_get.c **** /*  CALLS                                                                 */
  70:Middlewares/ST/threadx/common/src/tx_timer_performance_info_get.c **** /*                                                                        */
  71:Middlewares/ST/threadx/common/src/tx_timer_performance_info_get.c **** /*    None                                                                */
  72:Middlewares/ST/threadx/common/src/tx_timer_performance_info_get.c **** /*                                                                        */
  73:Middlewares/ST/threadx/common/src/tx_timer_performance_info_get.c **** /*  CALLED BY                                                             */
  74:Middlewares/ST/threadx/common/src/tx_timer_performance_info_get.c **** /*                                                                        */
  75:Middlewares/ST/threadx/common/src/tx_timer_performance_info_get.c **** /*    Application Code                                                    */
  76:Middlewares/ST/threadx/common/src/tx_timer_performance_info_get.c **** /*                                                                        */
  77:Middlewares/ST/threadx/common/src/tx_timer_performance_info_get.c **** /*  RELEASE HISTORY                                                       */
  78:Middlewares/ST/threadx/common/src/tx_timer_performance_info_get.c **** /*                                                                        */
  79:Middlewares/ST/threadx/common/src/tx_timer_performance_info_get.c **** /*    DATE              NAME                      DESCRIPTION             */
  80:Middlewares/ST/threadx/common/src/tx_timer_performance_info_get.c **** /*                                                                        */
  81:Middlewares/ST/threadx/common/src/tx_timer_performance_info_get.c **** /*  05-19-2020     William E. Lamie         Initial Version 6.0           */
  82:Middlewares/ST/threadx/common/src/tx_timer_performance_info_get.c **** /*  09-30-2020     Yuxin Zhou               Modified comment(s),          */
  83:Middlewares/ST/threadx/common/src/tx_timer_performance_info_get.c **** /*                                            resulting in version 6.1    */
  84:Middlewares/ST/threadx/common/src/tx_timer_performance_info_get.c **** /*                                                                        */
  85:Middlewares/ST/threadx/common/src/tx_timer_performance_info_get.c **** /**************************************************************************/
  86:Middlewares/ST/threadx/common/src/tx_timer_performance_info_get.c **** UINT  _tx_timer_performance_info_get(TX_TIMER *timer_ptr, ULONG *activates, ULONG *reactivates,
  87:Middlewares/ST/threadx/common/src/tx_timer_performance_info_get.c ****                     ULONG *deactivates, ULONG *expirations, ULONG *expiration_adjusts)
ARM GAS  /tmp/ccWKWuH6.s 			page 3


  88:Middlewares/ST/threadx/common/src/tx_timer_performance_info_get.c **** {
  29              		.loc 1 88 1 view -0
  30              		.cfi_startproc
  31              		@ args = 8, pretend = 0, frame = 0
  32              		@ frame_needed = 0, uses_anonymous_args = 0
  33              		@ link register save eliminated.
  89:Middlewares/ST/threadx/common/src/tx_timer_performance_info_get.c **** 
  90:Middlewares/ST/threadx/common/src/tx_timer_performance_info_get.c **** #ifdef TX_TIMER_ENABLE_PERFORMANCE_INFO
  91:Middlewares/ST/threadx/common/src/tx_timer_performance_info_get.c **** 
  92:Middlewares/ST/threadx/common/src/tx_timer_performance_info_get.c **** TX_INTERRUPT_SAVE_AREA
  93:Middlewares/ST/threadx/common/src/tx_timer_performance_info_get.c **** UINT                    status;
  94:Middlewares/ST/threadx/common/src/tx_timer_performance_info_get.c **** 
  95:Middlewares/ST/threadx/common/src/tx_timer_performance_info_get.c **** 
  96:Middlewares/ST/threadx/common/src/tx_timer_performance_info_get.c ****     /* Determine if this is a legal request.  */
  97:Middlewares/ST/threadx/common/src/tx_timer_performance_info_get.c ****     if (timer_ptr == TX_NULL)
  98:Middlewares/ST/threadx/common/src/tx_timer_performance_info_get.c ****     {
  99:Middlewares/ST/threadx/common/src/tx_timer_performance_info_get.c **** 
 100:Middlewares/ST/threadx/common/src/tx_timer_performance_info_get.c ****         /* Timer pointer is illegal, return error.  */
 101:Middlewares/ST/threadx/common/src/tx_timer_performance_info_get.c ****         status =  TX_PTR_ERROR;
 102:Middlewares/ST/threadx/common/src/tx_timer_performance_info_get.c ****     }
 103:Middlewares/ST/threadx/common/src/tx_timer_performance_info_get.c **** 
 104:Middlewares/ST/threadx/common/src/tx_timer_performance_info_get.c ****     /* Determine if the timer ID is invalid.  */
 105:Middlewares/ST/threadx/common/src/tx_timer_performance_info_get.c ****     else if (timer_ptr -> tx_timer_id != TX_TIMER_ID)
 106:Middlewares/ST/threadx/common/src/tx_timer_performance_info_get.c ****     {
 107:Middlewares/ST/threadx/common/src/tx_timer_performance_info_get.c **** 
 108:Middlewares/ST/threadx/common/src/tx_timer_performance_info_get.c ****         /* Timer pointer is illegal, return error.  */
 109:Middlewares/ST/threadx/common/src/tx_timer_performance_info_get.c ****         status =  TX_PTR_ERROR;
 110:Middlewares/ST/threadx/common/src/tx_timer_performance_info_get.c ****     }
 111:Middlewares/ST/threadx/common/src/tx_timer_performance_info_get.c ****     else
 112:Middlewares/ST/threadx/common/src/tx_timer_performance_info_get.c ****     {
 113:Middlewares/ST/threadx/common/src/tx_timer_performance_info_get.c **** 
 114:Middlewares/ST/threadx/common/src/tx_timer_performance_info_get.c ****         /* Disable interrupts.  */
 115:Middlewares/ST/threadx/common/src/tx_timer_performance_info_get.c ****         TX_DISABLE
 116:Middlewares/ST/threadx/common/src/tx_timer_performance_info_get.c **** 
 117:Middlewares/ST/threadx/common/src/tx_timer_performance_info_get.c ****         /* If trace is enabled, insert this event into the trace buffer.  */
 118:Middlewares/ST/threadx/common/src/tx_timer_performance_info_get.c ****         TX_TRACE_IN_LINE_INSERT(TX_TRACE_TIMER_PERFORMANCE_INFO_GET, timer_ptr, 0, 0, 0, TX_TRACE_T
 119:Middlewares/ST/threadx/common/src/tx_timer_performance_info_get.c **** 
 120:Middlewares/ST/threadx/common/src/tx_timer_performance_info_get.c ****         /* Log this kernel call.  */
 121:Middlewares/ST/threadx/common/src/tx_timer_performance_info_get.c ****         TX_EL_TIMER_PERFORMANCE_INFO_GET_INSERT
 122:Middlewares/ST/threadx/common/src/tx_timer_performance_info_get.c **** 
 123:Middlewares/ST/threadx/common/src/tx_timer_performance_info_get.c ****         /* Retrieve the number of activations of this timer.  */
 124:Middlewares/ST/threadx/common/src/tx_timer_performance_info_get.c ****         if (activates != TX_NULL)
 125:Middlewares/ST/threadx/common/src/tx_timer_performance_info_get.c ****         {
 126:Middlewares/ST/threadx/common/src/tx_timer_performance_info_get.c **** 
 127:Middlewares/ST/threadx/common/src/tx_timer_performance_info_get.c ****             *activates =  timer_ptr -> tx_timer_performance_activate_count;
 128:Middlewares/ST/threadx/common/src/tx_timer_performance_info_get.c ****         }
 129:Middlewares/ST/threadx/common/src/tx_timer_performance_info_get.c **** 
 130:Middlewares/ST/threadx/common/src/tx_timer_performance_info_get.c ****         /* Retrieve the number of reactivations of this timer.  */
 131:Middlewares/ST/threadx/common/src/tx_timer_performance_info_get.c ****         if (reactivates != TX_NULL)
 132:Middlewares/ST/threadx/common/src/tx_timer_performance_info_get.c ****         {
 133:Middlewares/ST/threadx/common/src/tx_timer_performance_info_get.c **** 
 134:Middlewares/ST/threadx/common/src/tx_timer_performance_info_get.c ****             *reactivates =  timer_ptr -> tx_timer_performance_reactivate_count;
 135:Middlewares/ST/threadx/common/src/tx_timer_performance_info_get.c ****         }
 136:Middlewares/ST/threadx/common/src/tx_timer_performance_info_get.c **** 
 137:Middlewares/ST/threadx/common/src/tx_timer_performance_info_get.c ****         /* Retrieve the number of deactivations of this timer.  */
 138:Middlewares/ST/threadx/common/src/tx_timer_performance_info_get.c ****         if (deactivates != TX_NULL)
 139:Middlewares/ST/threadx/common/src/tx_timer_performance_info_get.c ****         {
ARM GAS  /tmp/ccWKWuH6.s 			page 4


 140:Middlewares/ST/threadx/common/src/tx_timer_performance_info_get.c **** 
 141:Middlewares/ST/threadx/common/src/tx_timer_performance_info_get.c ****             *deactivates =  timer_ptr -> tx_timer_performance_deactivate_count;
 142:Middlewares/ST/threadx/common/src/tx_timer_performance_info_get.c ****         }
 143:Middlewares/ST/threadx/common/src/tx_timer_performance_info_get.c **** 
 144:Middlewares/ST/threadx/common/src/tx_timer_performance_info_get.c ****         /* Retrieve the number of expirations of this timer.  */
 145:Middlewares/ST/threadx/common/src/tx_timer_performance_info_get.c ****         if (expirations != TX_NULL)
 146:Middlewares/ST/threadx/common/src/tx_timer_performance_info_get.c ****         {
 147:Middlewares/ST/threadx/common/src/tx_timer_performance_info_get.c **** 
 148:Middlewares/ST/threadx/common/src/tx_timer_performance_info_get.c ****             *expirations =  timer_ptr -> tx_timer_performance_expiration_count;
 149:Middlewares/ST/threadx/common/src/tx_timer_performance_info_get.c ****         }
 150:Middlewares/ST/threadx/common/src/tx_timer_performance_info_get.c **** 
 151:Middlewares/ST/threadx/common/src/tx_timer_performance_info_get.c ****         /* Retrieve the number of expiration adjustments of this timer.  */
 152:Middlewares/ST/threadx/common/src/tx_timer_performance_info_get.c ****         if (expiration_adjusts != TX_NULL)
 153:Middlewares/ST/threadx/common/src/tx_timer_performance_info_get.c ****         {
 154:Middlewares/ST/threadx/common/src/tx_timer_performance_info_get.c **** 
 155:Middlewares/ST/threadx/common/src/tx_timer_performance_info_get.c ****             *expiration_adjusts =  timer_ptr -> tx_timer_performance__expiration_adjust_count;
 156:Middlewares/ST/threadx/common/src/tx_timer_performance_info_get.c ****         }
 157:Middlewares/ST/threadx/common/src/tx_timer_performance_info_get.c **** 
 158:Middlewares/ST/threadx/common/src/tx_timer_performance_info_get.c ****         /* Restore interrupts.  */
 159:Middlewares/ST/threadx/common/src/tx_timer_performance_info_get.c ****         TX_RESTORE
 160:Middlewares/ST/threadx/common/src/tx_timer_performance_info_get.c **** 
 161:Middlewares/ST/threadx/common/src/tx_timer_performance_info_get.c ****         /* Return successful completion.  */
 162:Middlewares/ST/threadx/common/src/tx_timer_performance_info_get.c ****         status =  TX_SUCCESS;
 163:Middlewares/ST/threadx/common/src/tx_timer_performance_info_get.c ****     }
 164:Middlewares/ST/threadx/common/src/tx_timer_performance_info_get.c **** #else
 165:Middlewares/ST/threadx/common/src/tx_timer_performance_info_get.c **** UINT                    status;
  34              		.loc 1 165 1 view .LVU1
 166:Middlewares/ST/threadx/common/src/tx_timer_performance_info_get.c **** 
 167:Middlewares/ST/threadx/common/src/tx_timer_performance_info_get.c **** 
 168:Middlewares/ST/threadx/common/src/tx_timer_performance_info_get.c ****     /* Access input arguments just for the sake of lint, MISRA, etc.  */
 169:Middlewares/ST/threadx/common/src/tx_timer_performance_info_get.c ****     if (timer_ptr != TX_NULL)
  35              		.loc 1 169 5 view .LVU2
 170:Middlewares/ST/threadx/common/src/tx_timer_performance_info_get.c ****     {
 171:Middlewares/ST/threadx/common/src/tx_timer_performance_info_get.c **** 
 172:Middlewares/ST/threadx/common/src/tx_timer_performance_info_get.c ****         /* Not enabled, return error.  */
 173:Middlewares/ST/threadx/common/src/tx_timer_performance_info_get.c ****         status =  TX_FEATURE_NOT_ENABLED;
 174:Middlewares/ST/threadx/common/src/tx_timer_performance_info_get.c ****     }
 175:Middlewares/ST/threadx/common/src/tx_timer_performance_info_get.c ****     else if (activates != TX_NULL)
  36              		.loc 1 175 10 view .LVU3
 176:Middlewares/ST/threadx/common/src/tx_timer_performance_info_get.c ****     {
 177:Middlewares/ST/threadx/common/src/tx_timer_performance_info_get.c **** 
 178:Middlewares/ST/threadx/common/src/tx_timer_performance_info_get.c ****         /* Not enabled, return error.  */
 179:Middlewares/ST/threadx/common/src/tx_timer_performance_info_get.c ****         status =  TX_FEATURE_NOT_ENABLED;
 180:Middlewares/ST/threadx/common/src/tx_timer_performance_info_get.c ****     }
 181:Middlewares/ST/threadx/common/src/tx_timer_performance_info_get.c ****     else if (reactivates != TX_NULL)
  37              		.loc 1 181 10 view .LVU4
 182:Middlewares/ST/threadx/common/src/tx_timer_performance_info_get.c ****     {
 183:Middlewares/ST/threadx/common/src/tx_timer_performance_info_get.c **** 
 184:Middlewares/ST/threadx/common/src/tx_timer_performance_info_get.c ****         /* Not enabled, return error.  */
 185:Middlewares/ST/threadx/common/src/tx_timer_performance_info_get.c ****         status =  TX_FEATURE_NOT_ENABLED;
 186:Middlewares/ST/threadx/common/src/tx_timer_performance_info_get.c ****     }
 187:Middlewares/ST/threadx/common/src/tx_timer_performance_info_get.c ****     else if (deactivates != TX_NULL)
  38              		.loc 1 187 10 view .LVU5
 188:Middlewares/ST/threadx/common/src/tx_timer_performance_info_get.c ****     {
 189:Middlewares/ST/threadx/common/src/tx_timer_performance_info_get.c **** 
 190:Middlewares/ST/threadx/common/src/tx_timer_performance_info_get.c ****         /* Not enabled, return error.  */
 191:Middlewares/ST/threadx/common/src/tx_timer_performance_info_get.c ****         status =  TX_FEATURE_NOT_ENABLED;
ARM GAS  /tmp/ccWKWuH6.s 			page 5


 192:Middlewares/ST/threadx/common/src/tx_timer_performance_info_get.c ****     }
 193:Middlewares/ST/threadx/common/src/tx_timer_performance_info_get.c ****     else if (expirations != TX_NULL)
  39              		.loc 1 193 10 view .LVU6
 194:Middlewares/ST/threadx/common/src/tx_timer_performance_info_get.c ****     {
 195:Middlewares/ST/threadx/common/src/tx_timer_performance_info_get.c **** 
 196:Middlewares/ST/threadx/common/src/tx_timer_performance_info_get.c ****         /* Not enabled, return error.  */
 197:Middlewares/ST/threadx/common/src/tx_timer_performance_info_get.c ****         status =  TX_FEATURE_NOT_ENABLED;
 198:Middlewares/ST/threadx/common/src/tx_timer_performance_info_get.c ****     }
 199:Middlewares/ST/threadx/common/src/tx_timer_performance_info_get.c ****     else if (expiration_adjusts != TX_NULL)
  40              		.loc 1 199 10 view .LVU7
 200:Middlewares/ST/threadx/common/src/tx_timer_performance_info_get.c ****     {
 201:Middlewares/ST/threadx/common/src/tx_timer_performance_info_get.c **** 
 202:Middlewares/ST/threadx/common/src/tx_timer_performance_info_get.c ****         /* Not enabled, return error.  */
 203:Middlewares/ST/threadx/common/src/tx_timer_performance_info_get.c ****         status =  TX_FEATURE_NOT_ENABLED;
 204:Middlewares/ST/threadx/common/src/tx_timer_performance_info_get.c ****     }
 205:Middlewares/ST/threadx/common/src/tx_timer_performance_info_get.c ****     else
 206:Middlewares/ST/threadx/common/src/tx_timer_performance_info_get.c ****     {
 207:Middlewares/ST/threadx/common/src/tx_timer_performance_info_get.c **** 
 208:Middlewares/ST/threadx/common/src/tx_timer_performance_info_get.c ****         /* Not enabled, return error.  */
 209:Middlewares/ST/threadx/common/src/tx_timer_performance_info_get.c ****         status =  TX_FEATURE_NOT_ENABLED;
  41              		.loc 1 209 9 view .LVU8
 210:Middlewares/ST/threadx/common/src/tx_timer_performance_info_get.c ****     }
 211:Middlewares/ST/threadx/common/src/tx_timer_performance_info_get.c **** #endif
 212:Middlewares/ST/threadx/common/src/tx_timer_performance_info_get.c **** 
 213:Middlewares/ST/threadx/common/src/tx_timer_performance_info_get.c ****     /* Return completion status.  */
 214:Middlewares/ST/threadx/common/src/tx_timer_performance_info_get.c ****     return(status);
  42              		.loc 1 214 5 view .LVU9
 215:Middlewares/ST/threadx/common/src/tx_timer_performance_info_get.c **** }
  43              		.loc 1 215 1 is_stmt 0 view .LVU10
  44 0000 FF20     		movs	r0, #255
  45              	.LVL1:
  46              		.loc 1 215 1 view .LVU11
  47 0002 7047     		bx	lr
  48              		.cfi_endproc
  49              	.LFE8:
  51              		.text
  52              	.Letext0:
  53              		.file 2 "Middlewares/ST/threadx/ports/cortex_m7/gnu/inc/tx_port.h"
  54              		.file 3 "Middlewares/ST/threadx/common/inc/tx_api.h"
ARM GAS  /tmp/ccWKWuH6.s 			page 6


DEFINED SYMBOLS
                            *ABS*:00000000 tx_timer_performance_info_get.c
     /tmp/ccWKWuH6.s:20     .text._tx_timer_performance_info_get:00000000 $t
     /tmp/ccWKWuH6.s:26     .text._tx_timer_performance_info_get:00000000 _tx_timer_performance_info_get

NO UNDEFINED SYMBOLS
