ARM GAS  /tmp/ccSu0nst.s 			page 1


   1              		.cpu cortex-m7
   2              		.arch armv7e-m
   3              		.fpu fpv5-d16
   4              		.eabi_attribute 28, 1
   5              		.eabi_attribute 20, 1
   6              		.eabi_attribute 21, 1
   7              		.eabi_attribute 23, 3
   8              		.eabi_attribute 24, 1
   9              		.eabi_attribute 25, 1
  10              		.eabi_attribute 26, 1
  11              		.eabi_attribute 30, 1
  12              		.eabi_attribute 34, 1
  13              		.eabi_attribute 18, 4
  14              		.file	"tx_trace_event_unfilter.c"
  15              		.text
  16              	.Ltext0:
  17              		.cfi_sections	.debug_frame
  18              		.file 1 "Middlewares/ST/threadx/common/src/tx_trace_event_unfilter.c"
  19              		.section	.text._tx_trace_event_unfilter,"ax",%progbits
  20              		.align	1
  21              		.global	_tx_trace_event_unfilter
  22              		.syntax unified
  23              		.thumb
  24              		.thumb_func
  26              	_tx_trace_event_unfilter:
  27              	.LVL0:
  28              	.LFB8:
   1:Middlewares/ST/threadx/common/src/tx_trace_event_unfilter.c **** /**************************************************************************/
   2:Middlewares/ST/threadx/common/src/tx_trace_event_unfilter.c **** /*                                                                        */
   3:Middlewares/ST/threadx/common/src/tx_trace_event_unfilter.c **** /*       Copyright (c) Microsoft Corporation. All rights reserved.        */
   4:Middlewares/ST/threadx/common/src/tx_trace_event_unfilter.c **** /*                                                                        */
   5:Middlewares/ST/threadx/common/src/tx_trace_event_unfilter.c **** /*       This software is licensed under the Microsoft Software License   */
   6:Middlewares/ST/threadx/common/src/tx_trace_event_unfilter.c **** /*       Terms for Microsoft Azure RTOS. Full text of the license can be  */
   7:Middlewares/ST/threadx/common/src/tx_trace_event_unfilter.c **** /*       found in the LICENSE file at https://aka.ms/AzureRTOS_EULA       */
   8:Middlewares/ST/threadx/common/src/tx_trace_event_unfilter.c **** /*       and in the root directory of this software.                      */
   9:Middlewares/ST/threadx/common/src/tx_trace_event_unfilter.c **** /*                                                                        */
  10:Middlewares/ST/threadx/common/src/tx_trace_event_unfilter.c **** /**************************************************************************/
  11:Middlewares/ST/threadx/common/src/tx_trace_event_unfilter.c **** 
  12:Middlewares/ST/threadx/common/src/tx_trace_event_unfilter.c **** 
  13:Middlewares/ST/threadx/common/src/tx_trace_event_unfilter.c **** /**************************************************************************/
  14:Middlewares/ST/threadx/common/src/tx_trace_event_unfilter.c **** /**************************************************************************/
  15:Middlewares/ST/threadx/common/src/tx_trace_event_unfilter.c **** /**                                                                       */
  16:Middlewares/ST/threadx/common/src/tx_trace_event_unfilter.c **** /** ThreadX Component                                                     */
  17:Middlewares/ST/threadx/common/src/tx_trace_event_unfilter.c **** /**                                                                       */
  18:Middlewares/ST/threadx/common/src/tx_trace_event_unfilter.c **** /**   Trace                                                               */
  19:Middlewares/ST/threadx/common/src/tx_trace_event_unfilter.c **** /**                                                                       */
  20:Middlewares/ST/threadx/common/src/tx_trace_event_unfilter.c **** /**************************************************************************/
  21:Middlewares/ST/threadx/common/src/tx_trace_event_unfilter.c **** /**************************************************************************/
  22:Middlewares/ST/threadx/common/src/tx_trace_event_unfilter.c **** 
  23:Middlewares/ST/threadx/common/src/tx_trace_event_unfilter.c **** #ifndef TX_SOURCE_CODE
  24:Middlewares/ST/threadx/common/src/tx_trace_event_unfilter.c **** #define TX_SOURCE_CODE
  25:Middlewares/ST/threadx/common/src/tx_trace_event_unfilter.c **** #endif
  26:Middlewares/ST/threadx/common/src/tx_trace_event_unfilter.c **** 
  27:Middlewares/ST/threadx/common/src/tx_trace_event_unfilter.c **** 
  28:Middlewares/ST/threadx/common/src/tx_trace_event_unfilter.c **** /* Include necessary system files.  */
  29:Middlewares/ST/threadx/common/src/tx_trace_event_unfilter.c **** 
  30:Middlewares/ST/threadx/common/src/tx_trace_event_unfilter.c **** #include "tx_api.h"
ARM GAS  /tmp/ccSu0nst.s 			page 2


  31:Middlewares/ST/threadx/common/src/tx_trace_event_unfilter.c **** #include "tx_trace.h"
  32:Middlewares/ST/threadx/common/src/tx_trace_event_unfilter.c **** 
  33:Middlewares/ST/threadx/common/src/tx_trace_event_unfilter.c **** 
  34:Middlewares/ST/threadx/common/src/tx_trace_event_unfilter.c **** /**************************************************************************/
  35:Middlewares/ST/threadx/common/src/tx_trace_event_unfilter.c **** /*                                                                        */
  36:Middlewares/ST/threadx/common/src/tx_trace_event_unfilter.c **** /*  FUNCTION                                               RELEASE        */
  37:Middlewares/ST/threadx/common/src/tx_trace_event_unfilter.c **** /*                                                                        */
  38:Middlewares/ST/threadx/common/src/tx_trace_event_unfilter.c **** /*    _tx_trace_event_unfilter                            PORTABLE C      */
  39:Middlewares/ST/threadx/common/src/tx_trace_event_unfilter.c **** /*                                                           6.1          */
  40:Middlewares/ST/threadx/common/src/tx_trace_event_unfilter.c **** /*  AUTHOR                                                                */
  41:Middlewares/ST/threadx/common/src/tx_trace_event_unfilter.c **** /*                                                                        */
  42:Middlewares/ST/threadx/common/src/tx_trace_event_unfilter.c **** /*    William E. Lamie, Microsoft Corporation                             */
  43:Middlewares/ST/threadx/common/src/tx_trace_event_unfilter.c **** /*                                                                        */
  44:Middlewares/ST/threadx/common/src/tx_trace_event_unfilter.c **** /*  DESCRIPTION                                                           */
  45:Middlewares/ST/threadx/common/src/tx_trace_event_unfilter.c **** /*                                                                        */
  46:Middlewares/ST/threadx/common/src/tx_trace_event_unfilter.c **** /*    This function removes the event filter, which allows the            */
  47:Middlewares/ST/threadx/common/src/tx_trace_event_unfilter.c **** /*    application to un-filter various trace events during run-time.      */
  48:Middlewares/ST/threadx/common/src/tx_trace_event_unfilter.c **** /*                                                                        */
  49:Middlewares/ST/threadx/common/src/tx_trace_event_unfilter.c **** /*  INPUT                                                                 */
  50:Middlewares/ST/threadx/common/src/tx_trace_event_unfilter.c **** /*                                                                        */
  51:Middlewares/ST/threadx/common/src/tx_trace_event_unfilter.c **** /*    event_unfilter_bits                   Trace un-filter event bit(s)  */
  52:Middlewares/ST/threadx/common/src/tx_trace_event_unfilter.c **** /*                                                                        */
  53:Middlewares/ST/threadx/common/src/tx_trace_event_unfilter.c **** /*  OUTPUT                                                                */
  54:Middlewares/ST/threadx/common/src/tx_trace_event_unfilter.c **** /*                                                                        */
  55:Middlewares/ST/threadx/common/src/tx_trace_event_unfilter.c **** /*    Completion Status                                                   */
  56:Middlewares/ST/threadx/common/src/tx_trace_event_unfilter.c **** /*                                                                        */
  57:Middlewares/ST/threadx/common/src/tx_trace_event_unfilter.c **** /*  CALLS                                                                 */
  58:Middlewares/ST/threadx/common/src/tx_trace_event_unfilter.c **** /*                                                                        */
  59:Middlewares/ST/threadx/common/src/tx_trace_event_unfilter.c **** /*    None                                                                */
  60:Middlewares/ST/threadx/common/src/tx_trace_event_unfilter.c **** /*                                                                        */
  61:Middlewares/ST/threadx/common/src/tx_trace_event_unfilter.c **** /*  CALLED BY                                                             */
  62:Middlewares/ST/threadx/common/src/tx_trace_event_unfilter.c **** /*                                                                        */
  63:Middlewares/ST/threadx/common/src/tx_trace_event_unfilter.c **** /*    Application Code                                                    */
  64:Middlewares/ST/threadx/common/src/tx_trace_event_unfilter.c **** /*                                                                        */
  65:Middlewares/ST/threadx/common/src/tx_trace_event_unfilter.c **** /*  RELEASE HISTORY                                                       */
  66:Middlewares/ST/threadx/common/src/tx_trace_event_unfilter.c **** /*                                                                        */
  67:Middlewares/ST/threadx/common/src/tx_trace_event_unfilter.c **** /*    DATE              NAME                      DESCRIPTION             */
  68:Middlewares/ST/threadx/common/src/tx_trace_event_unfilter.c **** /*                                                                        */
  69:Middlewares/ST/threadx/common/src/tx_trace_event_unfilter.c **** /*  05-19-2020     William E. Lamie         Initial Version 6.0           */
  70:Middlewares/ST/threadx/common/src/tx_trace_event_unfilter.c **** /*  09-30-2020     Yuxin Zhou               Modified comment(s),          */
  71:Middlewares/ST/threadx/common/src/tx_trace_event_unfilter.c **** /*                                            resulting in version 6.1    */
  72:Middlewares/ST/threadx/common/src/tx_trace_event_unfilter.c **** /*                                                                        */
  73:Middlewares/ST/threadx/common/src/tx_trace_event_unfilter.c **** /**************************************************************************/
  74:Middlewares/ST/threadx/common/src/tx_trace_event_unfilter.c **** UINT  _tx_trace_event_unfilter(ULONG event_unfilter_bits)
  75:Middlewares/ST/threadx/common/src/tx_trace_event_unfilter.c **** {
  29              		.loc 1 75 1 view -0
  30              		.cfi_startproc
  31              		@ args = 0, pretend = 0, frame = 0
  32              		@ frame_needed = 0, uses_anonymous_args = 0
  33              		@ link register save eliminated.
  76:Middlewares/ST/threadx/common/src/tx_trace_event_unfilter.c **** 
  77:Middlewares/ST/threadx/common/src/tx_trace_event_unfilter.c **** #ifdef TX_ENABLE_EVENT_TRACE
  78:Middlewares/ST/threadx/common/src/tx_trace_event_unfilter.c **** 
  79:Middlewares/ST/threadx/common/src/tx_trace_event_unfilter.c ****     /* Make sure the specified bits are set in the event enable variable.  */
  80:Middlewares/ST/threadx/common/src/tx_trace_event_unfilter.c ****     _tx_trace_event_enable_bits =  _tx_trace_event_enable_bits | event_unfilter_bits;
  34              		.loc 1 80 5 view .LVU1
  35              		.loc 1 80 64 is_stmt 0 view .LVU2
ARM GAS  /tmp/ccSu0nst.s 			page 3


  36 0000 024B     		ldr	r3, .L2
  37 0002 1A68     		ldr	r2, [r3]
  38 0004 1043     		orrs	r0, r0, r2
  39              	.LVL1:
  40              		.loc 1 80 33 view .LVU3
  41 0006 1860     		str	r0, [r3]
  81:Middlewares/ST/threadx/common/src/tx_trace_event_unfilter.c **** 
  82:Middlewares/ST/threadx/common/src/tx_trace_event_unfilter.c ****     /* Return success.  */
  83:Middlewares/ST/threadx/common/src/tx_trace_event_unfilter.c ****     return(TX_SUCCESS);
  42              		.loc 1 83 5 is_stmt 1 view .LVU4
  84:Middlewares/ST/threadx/common/src/tx_trace_event_unfilter.c **** 
  85:Middlewares/ST/threadx/common/src/tx_trace_event_unfilter.c **** #else
  86:Middlewares/ST/threadx/common/src/tx_trace_event_unfilter.c **** 
  87:Middlewares/ST/threadx/common/src/tx_trace_event_unfilter.c **** UINT        status;
  88:Middlewares/ST/threadx/common/src/tx_trace_event_unfilter.c **** 
  89:Middlewares/ST/threadx/common/src/tx_trace_event_unfilter.c **** 
  90:Middlewares/ST/threadx/common/src/tx_trace_event_unfilter.c ****     /* Access input arguments just for the sake of lint, MISRA, etc.  */
  91:Middlewares/ST/threadx/common/src/tx_trace_event_unfilter.c ****     if (event_unfilter_bits != ((ULONG) 0))
  92:Middlewares/ST/threadx/common/src/tx_trace_event_unfilter.c ****     {
  93:Middlewares/ST/threadx/common/src/tx_trace_event_unfilter.c **** 
  94:Middlewares/ST/threadx/common/src/tx_trace_event_unfilter.c ****         /* Trace not enabled, return an error.  */
  95:Middlewares/ST/threadx/common/src/tx_trace_event_unfilter.c ****         status =  TX_FEATURE_NOT_ENABLED;
  96:Middlewares/ST/threadx/common/src/tx_trace_event_unfilter.c ****     }
  97:Middlewares/ST/threadx/common/src/tx_trace_event_unfilter.c ****     else
  98:Middlewares/ST/threadx/common/src/tx_trace_event_unfilter.c ****     {
  99:Middlewares/ST/threadx/common/src/tx_trace_event_unfilter.c **** 
 100:Middlewares/ST/threadx/common/src/tx_trace_event_unfilter.c ****         /* Trace not enabled, return an error.  */
 101:Middlewares/ST/threadx/common/src/tx_trace_event_unfilter.c ****         status =  TX_FEATURE_NOT_ENABLED;
 102:Middlewares/ST/threadx/common/src/tx_trace_event_unfilter.c ****     }
 103:Middlewares/ST/threadx/common/src/tx_trace_event_unfilter.c **** 
 104:Middlewares/ST/threadx/common/src/tx_trace_event_unfilter.c ****     /* Return completion status.  */
 105:Middlewares/ST/threadx/common/src/tx_trace_event_unfilter.c ****     return(status);
 106:Middlewares/ST/threadx/common/src/tx_trace_event_unfilter.c **** #endif
 107:Middlewares/ST/threadx/common/src/tx_trace_event_unfilter.c **** }
  43              		.loc 1 107 1 is_stmt 0 view .LVU5
  44 0008 0020     		movs	r0, #0
  45 000a 7047     		bx	lr
  46              	.L3:
  47              		.align	2
  48              	.L2:
  49 000c 00000000 		.word	_tx_trace_event_enable_bits
  50              		.cfi_endproc
  51              	.LFE8:
  53              		.text
  54              	.Letext0:
  55              		.file 2 "Middlewares/ST/threadx/ports/cortex_m7/gnu/inc/tx_port.h"
  56              		.file 3 "Middlewares/ST/threadx/common/inc/tx_trace.h"
ARM GAS  /tmp/ccSu0nst.s 			page 4


DEFINED SYMBOLS
                            *ABS*:00000000 tx_trace_event_unfilter.c
     /tmp/ccSu0nst.s:20     .text._tx_trace_event_unfilter:00000000 $t
     /tmp/ccSu0nst.s:26     .text._tx_trace_event_unfilter:00000000 _tx_trace_event_unfilter
     /tmp/ccSu0nst.s:49     .text._tx_trace_event_unfilter:0000000c $d

UNDEFINED SYMBOLS
_tx_trace_event_enable_bits
