ARM GAS  /tmp/ccYQs0lK.s 			page 1


   1              		.cpu cortex-m7
   2              		.arch armv7e-m
   3              		.fpu fpv5-d16
   4              		.eabi_attribute 28, 1
   5              		.eabi_attribute 20, 1
   6              		.eabi_attribute 21, 1
   7              		.eabi_attribute 23, 3
   8              		.eabi_attribute 24, 1
   9              		.eabi_attribute 25, 1
  10              		.eabi_attribute 26, 1
  11              		.eabi_attribute 30, 1
  12              		.eabi_attribute 34, 1
  13              		.eabi_attribute 18, 4
  14              		.file	"tx_trace_object_unregister.c"
  15              		.text
  16              	.Ltext0:
  17              		.cfi_sections	.debug_frame
  18              		.file 1 "Middlewares/ST/threadx/common/src/tx_trace_object_unregister.c"
  19              		.section	.text._tx_trace_object_unregister,"ax",%progbits
  20              		.align	1
  21              		.global	_tx_trace_object_unregister
  22              		.syntax unified
  23              		.thumb
  24              		.thumb_func
  26              	_tx_trace_object_unregister:
  27              	.LVL0:
  28              	.LFB8:
   1:Middlewares/ST/threadx/common/src/tx_trace_object_unregister.c **** /**************************************************************************/
   2:Middlewares/ST/threadx/common/src/tx_trace_object_unregister.c **** /*                                                                        */
   3:Middlewares/ST/threadx/common/src/tx_trace_object_unregister.c **** /*       Copyright (c) Microsoft Corporation. All rights reserved.        */
   4:Middlewares/ST/threadx/common/src/tx_trace_object_unregister.c **** /*                                                                        */
   5:Middlewares/ST/threadx/common/src/tx_trace_object_unregister.c **** /*       This software is licensed under the Microsoft Software License   */
   6:Middlewares/ST/threadx/common/src/tx_trace_object_unregister.c **** /*       Terms for Microsoft Azure RTOS. Full text of the license can be  */
   7:Middlewares/ST/threadx/common/src/tx_trace_object_unregister.c **** /*       found in the LICENSE file at https://aka.ms/AzureRTOS_EULA       */
   8:Middlewares/ST/threadx/common/src/tx_trace_object_unregister.c **** /*       and in the root directory of this software.                      */
   9:Middlewares/ST/threadx/common/src/tx_trace_object_unregister.c **** /*                                                                        */
  10:Middlewares/ST/threadx/common/src/tx_trace_object_unregister.c **** /**************************************************************************/
  11:Middlewares/ST/threadx/common/src/tx_trace_object_unregister.c **** 
  12:Middlewares/ST/threadx/common/src/tx_trace_object_unregister.c **** 
  13:Middlewares/ST/threadx/common/src/tx_trace_object_unregister.c **** /**************************************************************************/
  14:Middlewares/ST/threadx/common/src/tx_trace_object_unregister.c **** /**************************************************************************/
  15:Middlewares/ST/threadx/common/src/tx_trace_object_unregister.c **** /**                                                                       */
  16:Middlewares/ST/threadx/common/src/tx_trace_object_unregister.c **** /** ThreadX Component                                                     */
  17:Middlewares/ST/threadx/common/src/tx_trace_object_unregister.c **** /**                                                                       */
  18:Middlewares/ST/threadx/common/src/tx_trace_object_unregister.c **** /**   Trace                                                               */
  19:Middlewares/ST/threadx/common/src/tx_trace_object_unregister.c **** /**                                                                       */
  20:Middlewares/ST/threadx/common/src/tx_trace_object_unregister.c **** /**************************************************************************/
  21:Middlewares/ST/threadx/common/src/tx_trace_object_unregister.c **** /**************************************************************************/
  22:Middlewares/ST/threadx/common/src/tx_trace_object_unregister.c **** 
  23:Middlewares/ST/threadx/common/src/tx_trace_object_unregister.c **** #define TX_SOURCE_CODE
  24:Middlewares/ST/threadx/common/src/tx_trace_object_unregister.c **** 
  25:Middlewares/ST/threadx/common/src/tx_trace_object_unregister.c **** 
  26:Middlewares/ST/threadx/common/src/tx_trace_object_unregister.c **** /* Include necessary system files.  */
  27:Middlewares/ST/threadx/common/src/tx_trace_object_unregister.c **** 
  28:Middlewares/ST/threadx/common/src/tx_trace_object_unregister.c **** #include "tx_api.h"
  29:Middlewares/ST/threadx/common/src/tx_trace_object_unregister.c **** #include "tx_trace.h"
  30:Middlewares/ST/threadx/common/src/tx_trace_object_unregister.c **** 
ARM GAS  /tmp/ccYQs0lK.s 			page 2


  31:Middlewares/ST/threadx/common/src/tx_trace_object_unregister.c **** 
  32:Middlewares/ST/threadx/common/src/tx_trace_object_unregister.c **** /**************************************************************************/
  33:Middlewares/ST/threadx/common/src/tx_trace_object_unregister.c **** /*                                                                        */
  34:Middlewares/ST/threadx/common/src/tx_trace_object_unregister.c **** /*  FUNCTION                                               RELEASE        */
  35:Middlewares/ST/threadx/common/src/tx_trace_object_unregister.c **** /*                                                                        */
  36:Middlewares/ST/threadx/common/src/tx_trace_object_unregister.c **** /*    _tx_trace_object_unregister                         PORTABLE C      */
  37:Middlewares/ST/threadx/common/src/tx_trace_object_unregister.c **** /*                                                           6.1          */
  38:Middlewares/ST/threadx/common/src/tx_trace_object_unregister.c **** /*  AUTHOR                                                                */
  39:Middlewares/ST/threadx/common/src/tx_trace_object_unregister.c **** /*                                                                        */
  40:Middlewares/ST/threadx/common/src/tx_trace_object_unregister.c **** /*    William E. Lamie, Microsoft Corporation                             */
  41:Middlewares/ST/threadx/common/src/tx_trace_object_unregister.c **** /*                                                                        */
  42:Middlewares/ST/threadx/common/src/tx_trace_object_unregister.c **** /*  DESCRIPTION                                                           */
  43:Middlewares/ST/threadx/common/src/tx_trace_object_unregister.c **** /*                                                                        */
  44:Middlewares/ST/threadx/common/src/tx_trace_object_unregister.c **** /*    This function unregisters a ThreadX system object from the trace    */
  45:Middlewares/ST/threadx/common/src/tx_trace_object_unregister.c **** /*    registry area.                                                      */
  46:Middlewares/ST/threadx/common/src/tx_trace_object_unregister.c **** /*                                                                        */
  47:Middlewares/ST/threadx/common/src/tx_trace_object_unregister.c **** /*  INPUT                                                                 */
  48:Middlewares/ST/threadx/common/src/tx_trace_object_unregister.c **** /*                                                                        */
  49:Middlewares/ST/threadx/common/src/tx_trace_object_unregister.c **** /*    object_pointer                        Address of system object      */
  50:Middlewares/ST/threadx/common/src/tx_trace_object_unregister.c **** /*                                                                        */
  51:Middlewares/ST/threadx/common/src/tx_trace_object_unregister.c **** /*  OUTPUT                                                                */
  52:Middlewares/ST/threadx/common/src/tx_trace_object_unregister.c **** /*                                                                        */
  53:Middlewares/ST/threadx/common/src/tx_trace_object_unregister.c **** /*    None                                                                */
  54:Middlewares/ST/threadx/common/src/tx_trace_object_unregister.c **** /*                                                                        */
  55:Middlewares/ST/threadx/common/src/tx_trace_object_unregister.c **** /*  CALLS                                                                 */
  56:Middlewares/ST/threadx/common/src/tx_trace_object_unregister.c **** /*                                                                        */
  57:Middlewares/ST/threadx/common/src/tx_trace_object_unregister.c **** /*    None                                                                */
  58:Middlewares/ST/threadx/common/src/tx_trace_object_unregister.c **** /*                                                                        */
  59:Middlewares/ST/threadx/common/src/tx_trace_object_unregister.c **** /*  CALLED BY                                                             */
  60:Middlewares/ST/threadx/common/src/tx_trace_object_unregister.c **** /*                                                                        */
  61:Middlewares/ST/threadx/common/src/tx_trace_object_unregister.c **** /*    Application Code                                                    */
  62:Middlewares/ST/threadx/common/src/tx_trace_object_unregister.c **** /*                                                                        */
  63:Middlewares/ST/threadx/common/src/tx_trace_object_unregister.c **** /*  RELEASE HISTORY                                                       */
  64:Middlewares/ST/threadx/common/src/tx_trace_object_unregister.c **** /*                                                                        */
  65:Middlewares/ST/threadx/common/src/tx_trace_object_unregister.c **** /*    DATE              NAME                      DESCRIPTION             */
  66:Middlewares/ST/threadx/common/src/tx_trace_object_unregister.c **** /*                                                                        */
  67:Middlewares/ST/threadx/common/src/tx_trace_object_unregister.c **** /*  05-19-2020     William E. Lamie         Initial Version 6.0           */
  68:Middlewares/ST/threadx/common/src/tx_trace_object_unregister.c **** /*  09-30-2020     Yuxin Zhou               Modified comment(s),          */
  69:Middlewares/ST/threadx/common/src/tx_trace_object_unregister.c **** /*                                            resulting in version 6.1    */
  70:Middlewares/ST/threadx/common/src/tx_trace_object_unregister.c **** /*                                                                        */
  71:Middlewares/ST/threadx/common/src/tx_trace_object_unregister.c **** /**************************************************************************/
  72:Middlewares/ST/threadx/common/src/tx_trace_object_unregister.c **** VOID  _tx_trace_object_unregister(VOID *object_ptr)
  73:Middlewares/ST/threadx/common/src/tx_trace_object_unregister.c **** {
  29              		.loc 1 73 1 view -0
  30              		.cfi_startproc
  31              		@ args = 0, pretend = 0, frame = 0
  32              		@ frame_needed = 0, uses_anonymous_args = 0
  33              		@ link register save eliminated.
  74:Middlewares/ST/threadx/common/src/tx_trace_object_unregister.c **** 
  75:Middlewares/ST/threadx/common/src/tx_trace_object_unregister.c **** #ifdef TX_ENABLE_EVENT_TRACE
  76:Middlewares/ST/threadx/common/src/tx_trace_object_unregister.c **** 
  77:Middlewares/ST/threadx/common/src/tx_trace_object_unregister.c **** UINT                            i, entries;
  34              		.loc 1 77 1 view .LVU1
  78:Middlewares/ST/threadx/common/src/tx_trace_object_unregister.c **** UCHAR                           *work_ptr;
  35              		.loc 1 78 1 view .LVU2
  79:Middlewares/ST/threadx/common/src/tx_trace_object_unregister.c **** TX_TRACE_OBJECT_ENTRY           *entry_ptr;
  36              		.loc 1 79 1 view .LVU3
ARM GAS  /tmp/ccYQs0lK.s 			page 3


  80:Middlewares/ST/threadx/common/src/tx_trace_object_unregister.c **** 
  81:Middlewares/ST/threadx/common/src/tx_trace_object_unregister.c **** 
  82:Middlewares/ST/threadx/common/src/tx_trace_object_unregister.c ****     /* Determine if the registry area is setup.  */
  83:Middlewares/ST/threadx/common/src/tx_trace_object_unregister.c ****     if (_tx_trace_registry_start_ptr != TX_NULL)
  37              		.loc 1 83 5 view .LVU4
  38              		.loc 1 83 38 is_stmt 0 view .LVU5
  39 0000 104B     		ldr	r3, .L11
  40 0002 1968     		ldr	r1, [r3]
  41              		.loc 1 83 8 view .LVU6
  42 0004 E1B1     		cbz	r1, .L7
  73:Middlewares/ST/threadx/common/src/tx_trace_object_unregister.c **** 
  43              		.loc 1 73 1 view .LVU7
  44 0006 10B4     		push	{r4}
  45              	.LCFI0:
  46              		.cfi_def_cfa_offset 4
  47              		.cfi_offset 4, -4
  84:Middlewares/ST/threadx/common/src/tx_trace_object_unregister.c ****     {
  85:Middlewares/ST/threadx/common/src/tx_trace_object_unregister.c **** 
  86:Middlewares/ST/threadx/common/src/tx_trace_object_unregister.c ****         /* Registry is setup, proceed.  */
  87:Middlewares/ST/threadx/common/src/tx_trace_object_unregister.c **** 
  88:Middlewares/ST/threadx/common/src/tx_trace_object_unregister.c ****         /* Pickup the total entries.  */
  89:Middlewares/ST/threadx/common/src/tx_trace_object_unregister.c ****         entries =  _tx_trace_total_registry_entries;
  48              		.loc 1 89 9 is_stmt 1 view .LVU8
  49              		.loc 1 89 17 is_stmt 0 view .LVU9
  50 0008 0F4B     		ldr	r3, .L11+4
  51 000a 1C68     		ldr	r4, [r3]
  52              	.LVL1:
  90:Middlewares/ST/threadx/common/src/tx_trace_object_unregister.c **** 
  91:Middlewares/ST/threadx/common/src/tx_trace_object_unregister.c ****         /* Loop to find available entry.  */
  92:Middlewares/ST/threadx/common/src/tx_trace_object_unregister.c ****         for (i = ((ULONG) 0); i < entries; i++)
  53              		.loc 1 92 9 is_stmt 1 view .LVU10
  54              		.loc 1 92 16 is_stmt 0 view .LVU11
  55 000c 0023     		movs	r3, #0
  56              	.LVL2:
  57              	.L3:
  58              		.loc 1 92 33 is_stmt 1 discriminator 1 view .LVU12
  59 000e A342     		cmp	r3, r4
  60 0010 13D2     		bcs	.L1
  93:Middlewares/ST/threadx/common/src/tx_trace_object_unregister.c ****         {
  94:Middlewares/ST/threadx/common/src/tx_trace_object_unregister.c **** 
  95:Middlewares/ST/threadx/common/src/tx_trace_object_unregister.c ****             /* Setup the registry entry pointer.  */
  96:Middlewares/ST/threadx/common/src/tx_trace_object_unregister.c ****             work_ptr =   TX_OBJECT_TO_UCHAR_POINTER_CONVERT(_tx_trace_registry_start_ptr);
  61              		.loc 1 96 13 view .LVU13
  62              	.LVL3:
  97:Middlewares/ST/threadx/common/src/tx_trace_object_unregister.c ****             work_ptr =   TX_UCHAR_POINTER_ADD(work_ptr, ((sizeof(TX_TRACE_OBJECT_ENTRY))*i));
  63              		.loc 1 97 13 view .LVU14
  64              		.loc 1 97 26 is_stmt 0 view .LVU15
  65 0012 03EB4302 		add	r2, r3, r3, lsl #1
  66 0016 4FEA021C 		lsl	ip, r2, #4
  67              		.loc 1 97 22 view .LVU16
  68 001a 01EB0212 		add	r2, r1, r2, lsl #4
  69              	.LVL4:
  98:Middlewares/ST/threadx/common/src/tx_trace_object_unregister.c ****             entry_ptr =  TX_UCHAR_TO_OBJECT_POINTER_CONVERT(work_ptr);
  70              		.loc 1 98 13 is_stmt 1 view .LVU17
  99:Middlewares/ST/threadx/common/src/tx_trace_object_unregister.c **** 
 100:Middlewares/ST/threadx/common/src/tx_trace_object_unregister.c ****             /* Determine if this entry matches the object pointer... */
 101:Middlewares/ST/threadx/common/src/tx_trace_object_unregister.c ****             if (entry_ptr -> tx_trace_object_entry_thread_pointer == TX_POINTER_TO_ULONG_CONVERT(ob
ARM GAS  /tmp/ccYQs0lK.s 			page 4


  71              		.loc 1 101 13 view .LVU18
  72              		.loc 1 101 27 is_stmt 0 view .LVU19
  73 001e 5268     		ldr	r2, [r2, #4]
  74              	.LVL5:
  75              		.loc 1 101 16 view .LVU20
  76 0020 8242     		cmp	r2, r0
  77 0022 01D0     		beq	.L10
  92:Middlewares/ST/threadx/common/src/tx_trace_object_unregister.c ****         {
  78              		.loc 1 92 45 is_stmt 1 discriminator 2 view .LVU21
  79 0024 0133     		adds	r3, r3, #1
  80              	.LVL6:
  92:Middlewares/ST/threadx/common/src/tx_trace_object_unregister.c ****         {
  81              		.loc 1 92 45 is_stmt 0 discriminator 2 view .LVU22
  82 0026 F2E7     		b	.L3
  83              	.LVL7:
  84              	.L10:
 102:Middlewares/ST/threadx/common/src/tx_trace_object_unregister.c ****             {
 103:Middlewares/ST/threadx/common/src/tx_trace_object_unregister.c **** 
 104:Middlewares/ST/threadx/common/src/tx_trace_object_unregister.c ****                 /* Mark this entry as available, but leave the other information so that old trace 
 105:Middlewares/ST/threadx/common/src/tx_trace_object_unregister.c ****                    still find it - if necessary!  */
 106:Middlewares/ST/threadx/common/src/tx_trace_object_unregister.c ****                 entry_ptr -> tx_trace_object_entry_available =  ((UCHAR) TX_TRUE);
  85              		.loc 1 106 17 is_stmt 1 view .LVU23
  86              		.loc 1 106 62 is_stmt 0 view .LVU24
  87 0028 0122     		movs	r2, #1
  88 002a 01F80C20 		strb	r2, [r1, ip]
 107:Middlewares/ST/threadx/common/src/tx_trace_object_unregister.c **** 
 108:Middlewares/ST/threadx/common/src/tx_trace_object_unregister.c ****                 /* Increment the number of available registry entries.  */
 109:Middlewares/ST/threadx/common/src/tx_trace_object_unregister.c ****                 _tx_trace_available_registry_entries++;
  89              		.loc 1 109 17 is_stmt 1 view .LVU25
  90              		.loc 1 109 53 is_stmt 0 view .LVU26
  91 002e 0749     		ldr	r1, .L11+8
  92              	.LVL8:
  93              		.loc 1 109 53 view .LVU27
  94 0030 0A68     		ldr	r2, [r1]
  95 0032 0132     		adds	r2, r2, #1
  96 0034 0A60     		str	r2, [r1]
 110:Middlewares/ST/threadx/common/src/tx_trace_object_unregister.c **** 
 111:Middlewares/ST/threadx/common/src/tx_trace_object_unregister.c ****                 /* Adjust the search index to this position.  */
 112:Middlewares/ST/threadx/common/src/tx_trace_object_unregister.c ****                 _tx_trace_registry_search_start =  i;
  97              		.loc 1 112 17 is_stmt 1 view .LVU28
  98              		.loc 1 112 49 is_stmt 0 view .LVU29
  99 0036 064A     		ldr	r2, .L11+12
 100 0038 1360     		str	r3, [r2]
 113:Middlewares/ST/threadx/common/src/tx_trace_object_unregister.c **** 
 114:Middlewares/ST/threadx/common/src/tx_trace_object_unregister.c ****                 break;
 101              		.loc 1 114 17 is_stmt 1 view .LVU30
 102              	.LVL9:
 103              	.L1:
 115:Middlewares/ST/threadx/common/src/tx_trace_object_unregister.c ****             }
 116:Middlewares/ST/threadx/common/src/tx_trace_object_unregister.c ****         }
 117:Middlewares/ST/threadx/common/src/tx_trace_object_unregister.c ****     }
 118:Middlewares/ST/threadx/common/src/tx_trace_object_unregister.c **** #else
 119:Middlewares/ST/threadx/common/src/tx_trace_object_unregister.c **** 
 120:Middlewares/ST/threadx/common/src/tx_trace_object_unregister.c **** TX_INTERRUPT_SAVE_AREA
 121:Middlewares/ST/threadx/common/src/tx_trace_object_unregister.c **** 
 122:Middlewares/ST/threadx/common/src/tx_trace_object_unregister.c **** 
 123:Middlewares/ST/threadx/common/src/tx_trace_object_unregister.c ****     /* Access input arguments just for the sake of lint, MISRA, etc.  */
ARM GAS  /tmp/ccYQs0lK.s 			page 5


 124:Middlewares/ST/threadx/common/src/tx_trace_object_unregister.c ****     if (object_ptr != TX_NULL)
 125:Middlewares/ST/threadx/common/src/tx_trace_object_unregister.c ****     {
 126:Middlewares/ST/threadx/common/src/tx_trace_object_unregister.c **** 
 127:Middlewares/ST/threadx/common/src/tx_trace_object_unregister.c ****         /* NOP code.  */
 128:Middlewares/ST/threadx/common/src/tx_trace_object_unregister.c ****         TX_DISABLE
 129:Middlewares/ST/threadx/common/src/tx_trace_object_unregister.c ****         TX_RESTORE
 130:Middlewares/ST/threadx/common/src/tx_trace_object_unregister.c ****     }
 131:Middlewares/ST/threadx/common/src/tx_trace_object_unregister.c **** #endif
 132:Middlewares/ST/threadx/common/src/tx_trace_object_unregister.c **** }
 104              		.loc 1 132 1 is_stmt 0 view .LVU31
 105 003a 5DF8044B 		ldr	r4, [sp], #4
 106              	.LCFI1:
 107              		.cfi_restore 4
 108              		.cfi_def_cfa_offset 0
 109              	.LVL10:
 110              		.loc 1 132 1 view .LVU32
 111 003e 7047     		bx	lr
 112              	.LVL11:
 113              	.L7:
 114              		.loc 1 132 1 view .LVU33
 115 0040 7047     		bx	lr
 116              	.L12:
 117 0042 00BF     		.align	2
 118              	.L11:
 119 0044 00000000 		.word	_tx_trace_registry_start_ptr
 120 0048 00000000 		.word	_tx_trace_total_registry_entries
 121 004c 00000000 		.word	_tx_trace_available_registry_entries
 122 0050 00000000 		.word	_tx_trace_registry_search_start
 123              		.cfi_endproc
 124              	.LFE8:
 126              		.text
 127              	.Letext0:
 128              		.file 2 "Middlewares/ST/threadx/ports/cortex_m7/gnu/inc/tx_port.h"
 129              		.file 3 "Middlewares/ST/threadx/common/inc/tx_trace.h"
ARM GAS  /tmp/ccYQs0lK.s 			page 6


DEFINED SYMBOLS
                            *ABS*:00000000 tx_trace_object_unregister.c
     /tmp/ccYQs0lK.s:20     .text._tx_trace_object_unregister:00000000 $t
     /tmp/ccYQs0lK.s:26     .text._tx_trace_object_unregister:00000000 _tx_trace_object_unregister
     /tmp/ccYQs0lK.s:119    .text._tx_trace_object_unregister:00000044 $d

UNDEFINED SYMBOLS
_tx_trace_registry_start_ptr
_tx_trace_total_registry_entries
_tx_trace_available_registry_entries
_tx_trace_registry_search_start
