ARM GAS  /tmp/ccsGYOg9.s 			page 1


   1              		.cpu cortex-m7
   2              		.arch armv7e-m
   3              		.fpu fpv5-d16
   4              		.eabi_attribute 28, 1
   5              		.eabi_attribute 20, 1
   6              		.eabi_attribute 21, 1
   7              		.eabi_attribute 23, 3
   8              		.eabi_attribute 24, 1
   9              		.eabi_attribute 25, 1
  10              		.eabi_attribute 26, 1
  11              		.eabi_attribute 30, 1
  12              		.eabi_attribute 34, 1
  13              		.eabi_attribute 18, 4
  14              		.file	"tx_thread_performance_info_get.c"
  15              		.text
  16              	.Ltext0:
  17              		.cfi_sections	.debug_frame
  18              		.file 1 "Middlewares/ST/threadx/common/src/tx_thread_performance_info_get.c"
  19              		.section	.text._tx_thread_performance_info_get,"ax",%progbits
  20              		.align	1
  21              		.global	_tx_thread_performance_info_get
  22              		.syntax unified
  23              		.thumb
  24              		.thumb_func
  26              	_tx_thread_performance_info_get:
  27              	.LVL0:
  28              	.LFB8:
   1:Middlewares/ST/threadx/common/src/tx_thread_performance_info_get.c **** /**************************************************************************/
   2:Middlewares/ST/threadx/common/src/tx_thread_performance_info_get.c **** /*                                                                        */
   3:Middlewares/ST/threadx/common/src/tx_thread_performance_info_get.c **** /*       Copyright (c) Microsoft Corporation. All rights reserved.        */
   4:Middlewares/ST/threadx/common/src/tx_thread_performance_info_get.c **** /*                                                                        */
   5:Middlewares/ST/threadx/common/src/tx_thread_performance_info_get.c **** /*       This software is licensed under the Microsoft Software License   */
   6:Middlewares/ST/threadx/common/src/tx_thread_performance_info_get.c **** /*       Terms for Microsoft Azure RTOS. Full text of the license can be  */
   7:Middlewares/ST/threadx/common/src/tx_thread_performance_info_get.c **** /*       found in the LICENSE file at https://aka.ms/AzureRTOS_EULA       */
   8:Middlewares/ST/threadx/common/src/tx_thread_performance_info_get.c **** /*       and in the root directory of this software.                      */
   9:Middlewares/ST/threadx/common/src/tx_thread_performance_info_get.c **** /*                                                                        */
  10:Middlewares/ST/threadx/common/src/tx_thread_performance_info_get.c **** /**************************************************************************/
  11:Middlewares/ST/threadx/common/src/tx_thread_performance_info_get.c **** 
  12:Middlewares/ST/threadx/common/src/tx_thread_performance_info_get.c **** 
  13:Middlewares/ST/threadx/common/src/tx_thread_performance_info_get.c **** /**************************************************************************/
  14:Middlewares/ST/threadx/common/src/tx_thread_performance_info_get.c **** /**************************************************************************/
  15:Middlewares/ST/threadx/common/src/tx_thread_performance_info_get.c **** /**                                                                       */
  16:Middlewares/ST/threadx/common/src/tx_thread_performance_info_get.c **** /** ThreadX Component                                                     */
  17:Middlewares/ST/threadx/common/src/tx_thread_performance_info_get.c **** /**                                                                       */
  18:Middlewares/ST/threadx/common/src/tx_thread_performance_info_get.c **** /**   Thread                                                              */
  19:Middlewares/ST/threadx/common/src/tx_thread_performance_info_get.c **** /**                                                                       */
  20:Middlewares/ST/threadx/common/src/tx_thread_performance_info_get.c **** /**************************************************************************/
  21:Middlewares/ST/threadx/common/src/tx_thread_performance_info_get.c **** /**************************************************************************/
  22:Middlewares/ST/threadx/common/src/tx_thread_performance_info_get.c **** 
  23:Middlewares/ST/threadx/common/src/tx_thread_performance_info_get.c **** #define TX_SOURCE_CODE
  24:Middlewares/ST/threadx/common/src/tx_thread_performance_info_get.c **** 
  25:Middlewares/ST/threadx/common/src/tx_thread_performance_info_get.c **** 
  26:Middlewares/ST/threadx/common/src/tx_thread_performance_info_get.c **** /* Include necessary system files.  */
  27:Middlewares/ST/threadx/common/src/tx_thread_performance_info_get.c **** 
  28:Middlewares/ST/threadx/common/src/tx_thread_performance_info_get.c **** #include "tx_api.h"
  29:Middlewares/ST/threadx/common/src/tx_thread_performance_info_get.c **** #include "tx_thread.h"
  30:Middlewares/ST/threadx/common/src/tx_thread_performance_info_get.c **** #ifdef TX_THREAD_ENABLE_PERFORMANCE_INFO
ARM GAS  /tmp/ccsGYOg9.s 			page 2


  31:Middlewares/ST/threadx/common/src/tx_thread_performance_info_get.c **** #include "tx_trace.h"
  32:Middlewares/ST/threadx/common/src/tx_thread_performance_info_get.c **** #endif
  33:Middlewares/ST/threadx/common/src/tx_thread_performance_info_get.c **** 
  34:Middlewares/ST/threadx/common/src/tx_thread_performance_info_get.c **** 
  35:Middlewares/ST/threadx/common/src/tx_thread_performance_info_get.c **** /**************************************************************************/
  36:Middlewares/ST/threadx/common/src/tx_thread_performance_info_get.c **** /*                                                                        */
  37:Middlewares/ST/threadx/common/src/tx_thread_performance_info_get.c **** /*  FUNCTION                                               RELEASE        */
  38:Middlewares/ST/threadx/common/src/tx_thread_performance_info_get.c **** /*                                                                        */
  39:Middlewares/ST/threadx/common/src/tx_thread_performance_info_get.c **** /*    _tx_thread_performance_info_get                     PORTABLE C      */
  40:Middlewares/ST/threadx/common/src/tx_thread_performance_info_get.c **** /*                                                           6.1          */
  41:Middlewares/ST/threadx/common/src/tx_thread_performance_info_get.c **** /*  AUTHOR                                                                */
  42:Middlewares/ST/threadx/common/src/tx_thread_performance_info_get.c **** /*                                                                        */
  43:Middlewares/ST/threadx/common/src/tx_thread_performance_info_get.c **** /*    William E. Lamie, Microsoft Corporation                             */
  44:Middlewares/ST/threadx/common/src/tx_thread_performance_info_get.c **** /*                                                                        */
  45:Middlewares/ST/threadx/common/src/tx_thread_performance_info_get.c **** /*  DESCRIPTION                                                           */
  46:Middlewares/ST/threadx/common/src/tx_thread_performance_info_get.c **** /*                                                                        */
  47:Middlewares/ST/threadx/common/src/tx_thread_performance_info_get.c **** /*    This function retrieves performance information from the specified  */
  48:Middlewares/ST/threadx/common/src/tx_thread_performance_info_get.c **** /*    thread.                                                             */
  49:Middlewares/ST/threadx/common/src/tx_thread_performance_info_get.c **** /*                                                                        */
  50:Middlewares/ST/threadx/common/src/tx_thread_performance_info_get.c **** /*  INPUT                                                                 */
  51:Middlewares/ST/threadx/common/src/tx_thread_performance_info_get.c **** /*                                                                        */
  52:Middlewares/ST/threadx/common/src/tx_thread_performance_info_get.c **** /*    thread_ptr                        Pointer to thread control block   */
  53:Middlewares/ST/threadx/common/src/tx_thread_performance_info_get.c **** /*    resumptions                       Destination for number of times   */
  54:Middlewares/ST/threadx/common/src/tx_thread_performance_info_get.c **** /*                                        thread was resumed              */
  55:Middlewares/ST/threadx/common/src/tx_thread_performance_info_get.c **** /*    suspensions                       Destination for number of times   */
  56:Middlewares/ST/threadx/common/src/tx_thread_performance_info_get.c **** /*                                        thread was suspended            */
  57:Middlewares/ST/threadx/common/src/tx_thread_performance_info_get.c **** /*    solicited_preemptions             Destination for number of times   */
  58:Middlewares/ST/threadx/common/src/tx_thread_performance_info_get.c **** /*                                        thread called another service   */
  59:Middlewares/ST/threadx/common/src/tx_thread_performance_info_get.c **** /*                                        that resulted in preemption     */
  60:Middlewares/ST/threadx/common/src/tx_thread_performance_info_get.c **** /*    interrupt_preemptions             Destination for number of times   */
  61:Middlewares/ST/threadx/common/src/tx_thread_performance_info_get.c **** /*                                        thread was preempted by another */
  62:Middlewares/ST/threadx/common/src/tx_thread_performance_info_get.c **** /*                                        thread made ready in Interrupt  */
  63:Middlewares/ST/threadx/common/src/tx_thread_performance_info_get.c **** /*                                        Service Routine (ISR)           */
  64:Middlewares/ST/threadx/common/src/tx_thread_performance_info_get.c **** /*    priority_inversions               Destination for number of times   */
  65:Middlewares/ST/threadx/common/src/tx_thread_performance_info_get.c **** /*                                        a priority inversion was        */
  66:Middlewares/ST/threadx/common/src/tx_thread_performance_info_get.c **** /*                                        detected for this thread        */
  67:Middlewares/ST/threadx/common/src/tx_thread_performance_info_get.c **** /*    time_slices                       Destination for number of times   */
  68:Middlewares/ST/threadx/common/src/tx_thread_performance_info_get.c **** /*                                        thread was time-sliced          */
  69:Middlewares/ST/threadx/common/src/tx_thread_performance_info_get.c **** /*    relinquishes                      Destination for number of thread  */
  70:Middlewares/ST/threadx/common/src/tx_thread_performance_info_get.c **** /*                                        relinquishes                    */
  71:Middlewares/ST/threadx/common/src/tx_thread_performance_info_get.c **** /*    timeouts                          Destination for number of timeouts*/
  72:Middlewares/ST/threadx/common/src/tx_thread_performance_info_get.c **** /*                                        for thread                      */
  73:Middlewares/ST/threadx/common/src/tx_thread_performance_info_get.c **** /*    wait_aborts                       Destination for number of wait    */
  74:Middlewares/ST/threadx/common/src/tx_thread_performance_info_get.c **** /*                                        aborts for thread               */
  75:Middlewares/ST/threadx/common/src/tx_thread_performance_info_get.c **** /*    last_preempted_by                 Destination for pointer of the    */
  76:Middlewares/ST/threadx/common/src/tx_thread_performance_info_get.c **** /*                                        thread that last preempted this */
  77:Middlewares/ST/threadx/common/src/tx_thread_performance_info_get.c **** /*                                        thread                          */
  78:Middlewares/ST/threadx/common/src/tx_thread_performance_info_get.c **** /*                                                                        */
  79:Middlewares/ST/threadx/common/src/tx_thread_performance_info_get.c **** /*  OUTPUT                                                                */
  80:Middlewares/ST/threadx/common/src/tx_thread_performance_info_get.c **** /*                                                                        */
  81:Middlewares/ST/threadx/common/src/tx_thread_performance_info_get.c **** /*    status                            Completion status                 */
  82:Middlewares/ST/threadx/common/src/tx_thread_performance_info_get.c **** /*                                                                        */
  83:Middlewares/ST/threadx/common/src/tx_thread_performance_info_get.c **** /*  CALLS                                                                 */
  84:Middlewares/ST/threadx/common/src/tx_thread_performance_info_get.c **** /*                                                                        */
  85:Middlewares/ST/threadx/common/src/tx_thread_performance_info_get.c **** /*    None                                                                */
  86:Middlewares/ST/threadx/common/src/tx_thread_performance_info_get.c **** /*                                                                        */
  87:Middlewares/ST/threadx/common/src/tx_thread_performance_info_get.c **** /*  CALLED BY                                                             */
ARM GAS  /tmp/ccsGYOg9.s 			page 3


  88:Middlewares/ST/threadx/common/src/tx_thread_performance_info_get.c **** /*                                                                        */
  89:Middlewares/ST/threadx/common/src/tx_thread_performance_info_get.c **** /*    Application Code                                                    */
  90:Middlewares/ST/threadx/common/src/tx_thread_performance_info_get.c **** /*                                                                        */
  91:Middlewares/ST/threadx/common/src/tx_thread_performance_info_get.c **** /*  RELEASE HISTORY                                                       */
  92:Middlewares/ST/threadx/common/src/tx_thread_performance_info_get.c **** /*                                                                        */
  93:Middlewares/ST/threadx/common/src/tx_thread_performance_info_get.c **** /*    DATE              NAME                      DESCRIPTION             */
  94:Middlewares/ST/threadx/common/src/tx_thread_performance_info_get.c **** /*                                                                        */
  95:Middlewares/ST/threadx/common/src/tx_thread_performance_info_get.c **** /*  05-19-2020     William E. Lamie         Initial Version 6.0           */
  96:Middlewares/ST/threadx/common/src/tx_thread_performance_info_get.c **** /*  09-30-2020     Yuxin Zhou               Modified comment(s),          */
  97:Middlewares/ST/threadx/common/src/tx_thread_performance_info_get.c **** /*                                            resulting in version 6.1    */
  98:Middlewares/ST/threadx/common/src/tx_thread_performance_info_get.c **** /*                                                                        */
  99:Middlewares/ST/threadx/common/src/tx_thread_performance_info_get.c **** /**************************************************************************/
 100:Middlewares/ST/threadx/common/src/tx_thread_performance_info_get.c **** UINT  _tx_thread_performance_info_get(TX_THREAD *thread_ptr, ULONG *resumptions, ULONG *suspensions
 101:Middlewares/ST/threadx/common/src/tx_thread_performance_info_get.c ****                 ULONG *solicited_preemptions, ULONG *interrupt_preemptions, ULONG *priority_inversi
 102:Middlewares/ST/threadx/common/src/tx_thread_performance_info_get.c ****                 ULONG *time_slices, ULONG *relinquishes, ULONG *timeouts, ULONG *wait_aborts, TX_TH
 103:Middlewares/ST/threadx/common/src/tx_thread_performance_info_get.c **** {
  29              		.loc 1 103 1 view -0
  30              		.cfi_startproc
  31              		@ args = 28, pretend = 0, frame = 0
  32              		@ frame_needed = 0, uses_anonymous_args = 0
  33              		@ link register save eliminated.
 104:Middlewares/ST/threadx/common/src/tx_thread_performance_info_get.c **** 
 105:Middlewares/ST/threadx/common/src/tx_thread_performance_info_get.c **** #ifdef TX_THREAD_ENABLE_PERFORMANCE_INFO
 106:Middlewares/ST/threadx/common/src/tx_thread_performance_info_get.c **** 
 107:Middlewares/ST/threadx/common/src/tx_thread_performance_info_get.c **** TX_INTERRUPT_SAVE_AREA
 108:Middlewares/ST/threadx/common/src/tx_thread_performance_info_get.c **** UINT                    status;
 109:Middlewares/ST/threadx/common/src/tx_thread_performance_info_get.c **** 
 110:Middlewares/ST/threadx/common/src/tx_thread_performance_info_get.c **** 
 111:Middlewares/ST/threadx/common/src/tx_thread_performance_info_get.c ****     /* Determine if this is a legal request.  */
 112:Middlewares/ST/threadx/common/src/tx_thread_performance_info_get.c ****     if (thread_ptr == TX_NULL)
 113:Middlewares/ST/threadx/common/src/tx_thread_performance_info_get.c ****     {
 114:Middlewares/ST/threadx/common/src/tx_thread_performance_info_get.c **** 
 115:Middlewares/ST/threadx/common/src/tx_thread_performance_info_get.c ****         /* Thread pointer is illegal, return error.  */
 116:Middlewares/ST/threadx/common/src/tx_thread_performance_info_get.c ****         status =  TX_PTR_ERROR;
 117:Middlewares/ST/threadx/common/src/tx_thread_performance_info_get.c ****     }
 118:Middlewares/ST/threadx/common/src/tx_thread_performance_info_get.c **** 
 119:Middlewares/ST/threadx/common/src/tx_thread_performance_info_get.c ****     /* Determine if the thread ID is invalid.  */
 120:Middlewares/ST/threadx/common/src/tx_thread_performance_info_get.c ****     else if (thread_ptr -> tx_thread_id != TX_THREAD_ID)
 121:Middlewares/ST/threadx/common/src/tx_thread_performance_info_get.c ****     {
 122:Middlewares/ST/threadx/common/src/tx_thread_performance_info_get.c **** 
 123:Middlewares/ST/threadx/common/src/tx_thread_performance_info_get.c ****         /* Thread pointer is illegal, return error.  */
 124:Middlewares/ST/threadx/common/src/tx_thread_performance_info_get.c ****         status =  TX_PTR_ERROR;
 125:Middlewares/ST/threadx/common/src/tx_thread_performance_info_get.c ****     }
 126:Middlewares/ST/threadx/common/src/tx_thread_performance_info_get.c ****     else
 127:Middlewares/ST/threadx/common/src/tx_thread_performance_info_get.c ****     {
 128:Middlewares/ST/threadx/common/src/tx_thread_performance_info_get.c **** 
 129:Middlewares/ST/threadx/common/src/tx_thread_performance_info_get.c ****         /* Disable interrupts.  */
 130:Middlewares/ST/threadx/common/src/tx_thread_performance_info_get.c ****         TX_DISABLE
 131:Middlewares/ST/threadx/common/src/tx_thread_performance_info_get.c **** 
 132:Middlewares/ST/threadx/common/src/tx_thread_performance_info_get.c ****         /* If trace is enabled, insert this event into the trace buffer.  */
 133:Middlewares/ST/threadx/common/src/tx_thread_performance_info_get.c ****         TX_TRACE_IN_LINE_INSERT(TX_TRACE_THREAD_PERFORMANCE_INFO_GET, thread_ptr, thread_ptr -> tx_
 134:Middlewares/ST/threadx/common/src/tx_thread_performance_info_get.c **** 
 135:Middlewares/ST/threadx/common/src/tx_thread_performance_info_get.c ****         /* Log this kernel call.  */
 136:Middlewares/ST/threadx/common/src/tx_thread_performance_info_get.c ****         TX_EL_THREAD_PERFORMANCE_INFO_GET_INSERT
 137:Middlewares/ST/threadx/common/src/tx_thread_performance_info_get.c **** 
 138:Middlewares/ST/threadx/common/src/tx_thread_performance_info_get.c ****         /* Retrieve all the pertinent information and return it in the supplied
 139:Middlewares/ST/threadx/common/src/tx_thread_performance_info_get.c ****            destinations.  */
ARM GAS  /tmp/ccsGYOg9.s 			page 4


 140:Middlewares/ST/threadx/common/src/tx_thread_performance_info_get.c **** 
 141:Middlewares/ST/threadx/common/src/tx_thread_performance_info_get.c ****         /* Retrieve number of resumptions for this thread.  */
 142:Middlewares/ST/threadx/common/src/tx_thread_performance_info_get.c ****         if (resumptions != TX_NULL)
 143:Middlewares/ST/threadx/common/src/tx_thread_performance_info_get.c ****         {
 144:Middlewares/ST/threadx/common/src/tx_thread_performance_info_get.c **** 
 145:Middlewares/ST/threadx/common/src/tx_thread_performance_info_get.c ****             *resumptions =  thread_ptr -> tx_thread_performance_resume_count;
 146:Middlewares/ST/threadx/common/src/tx_thread_performance_info_get.c ****         }
 147:Middlewares/ST/threadx/common/src/tx_thread_performance_info_get.c **** 
 148:Middlewares/ST/threadx/common/src/tx_thread_performance_info_get.c ****         /* Retrieve number of suspensions for this thread.  */
 149:Middlewares/ST/threadx/common/src/tx_thread_performance_info_get.c ****         if (suspensions != TX_NULL)
 150:Middlewares/ST/threadx/common/src/tx_thread_performance_info_get.c ****         {
 151:Middlewares/ST/threadx/common/src/tx_thread_performance_info_get.c **** 
 152:Middlewares/ST/threadx/common/src/tx_thread_performance_info_get.c ****             *suspensions =  thread_ptr -> tx_thread_performance_suspend_count;
 153:Middlewares/ST/threadx/common/src/tx_thread_performance_info_get.c ****         }
 154:Middlewares/ST/threadx/common/src/tx_thread_performance_info_get.c **** 
 155:Middlewares/ST/threadx/common/src/tx_thread_performance_info_get.c ****         /* Retrieve number of solicited preemptions for this thread.  */
 156:Middlewares/ST/threadx/common/src/tx_thread_performance_info_get.c ****         if (solicited_preemptions != TX_NULL)
 157:Middlewares/ST/threadx/common/src/tx_thread_performance_info_get.c ****         {
 158:Middlewares/ST/threadx/common/src/tx_thread_performance_info_get.c **** 
 159:Middlewares/ST/threadx/common/src/tx_thread_performance_info_get.c ****             *solicited_preemptions =  thread_ptr -> tx_thread_performance_solicited_preemption_coun
 160:Middlewares/ST/threadx/common/src/tx_thread_performance_info_get.c ****         }
 161:Middlewares/ST/threadx/common/src/tx_thread_performance_info_get.c **** 
 162:Middlewares/ST/threadx/common/src/tx_thread_performance_info_get.c ****         /* Retrieve number of interrupt preemptions for this thread.  */
 163:Middlewares/ST/threadx/common/src/tx_thread_performance_info_get.c ****         if (interrupt_preemptions != TX_NULL)
 164:Middlewares/ST/threadx/common/src/tx_thread_performance_info_get.c ****         {
 165:Middlewares/ST/threadx/common/src/tx_thread_performance_info_get.c **** 
 166:Middlewares/ST/threadx/common/src/tx_thread_performance_info_get.c ****             *interrupt_preemptions =  thread_ptr -> tx_thread_performance_interrupt_preemption_coun
 167:Middlewares/ST/threadx/common/src/tx_thread_performance_info_get.c ****         }
 168:Middlewares/ST/threadx/common/src/tx_thread_performance_info_get.c **** 
 169:Middlewares/ST/threadx/common/src/tx_thread_performance_info_get.c ****         /* Retrieve number of priority inversions for this thread.  */
 170:Middlewares/ST/threadx/common/src/tx_thread_performance_info_get.c ****         if (priority_inversions != TX_NULL)
 171:Middlewares/ST/threadx/common/src/tx_thread_performance_info_get.c ****         {
 172:Middlewares/ST/threadx/common/src/tx_thread_performance_info_get.c **** 
 173:Middlewares/ST/threadx/common/src/tx_thread_performance_info_get.c ****             *priority_inversions =  thread_ptr -> tx_thread_performance_priority_inversion_count;
 174:Middlewares/ST/threadx/common/src/tx_thread_performance_info_get.c ****         }
 175:Middlewares/ST/threadx/common/src/tx_thread_performance_info_get.c **** 
 176:Middlewares/ST/threadx/common/src/tx_thread_performance_info_get.c ****         /* Retrieve number of time-slices for this thread.  */
 177:Middlewares/ST/threadx/common/src/tx_thread_performance_info_get.c ****         if (time_slices != TX_NULL)
 178:Middlewares/ST/threadx/common/src/tx_thread_performance_info_get.c ****         {
 179:Middlewares/ST/threadx/common/src/tx_thread_performance_info_get.c **** 
 180:Middlewares/ST/threadx/common/src/tx_thread_performance_info_get.c ****             *time_slices =  thread_ptr -> tx_thread_performance_time_slice_count;
 181:Middlewares/ST/threadx/common/src/tx_thread_performance_info_get.c ****         }
 182:Middlewares/ST/threadx/common/src/tx_thread_performance_info_get.c **** 
 183:Middlewares/ST/threadx/common/src/tx_thread_performance_info_get.c ****         /* Retrieve number of relinquishes for this thread.  */
 184:Middlewares/ST/threadx/common/src/tx_thread_performance_info_get.c ****         if (relinquishes != TX_NULL)
 185:Middlewares/ST/threadx/common/src/tx_thread_performance_info_get.c ****         {
 186:Middlewares/ST/threadx/common/src/tx_thread_performance_info_get.c **** 
 187:Middlewares/ST/threadx/common/src/tx_thread_performance_info_get.c ****             *relinquishes =  thread_ptr -> tx_thread_performance_relinquish_count;
 188:Middlewares/ST/threadx/common/src/tx_thread_performance_info_get.c ****         }
 189:Middlewares/ST/threadx/common/src/tx_thread_performance_info_get.c **** 
 190:Middlewares/ST/threadx/common/src/tx_thread_performance_info_get.c ****         /* Retrieve number of timeouts for this thread.  */
 191:Middlewares/ST/threadx/common/src/tx_thread_performance_info_get.c ****         if (timeouts != TX_NULL)
 192:Middlewares/ST/threadx/common/src/tx_thread_performance_info_get.c ****         {
 193:Middlewares/ST/threadx/common/src/tx_thread_performance_info_get.c **** 
 194:Middlewares/ST/threadx/common/src/tx_thread_performance_info_get.c ****             *timeouts =  thread_ptr -> tx_thread_performance_timeout_count;
 195:Middlewares/ST/threadx/common/src/tx_thread_performance_info_get.c ****         }
 196:Middlewares/ST/threadx/common/src/tx_thread_performance_info_get.c **** 
ARM GAS  /tmp/ccsGYOg9.s 			page 5


 197:Middlewares/ST/threadx/common/src/tx_thread_performance_info_get.c ****         /* Retrieve number of wait aborts for this thread.  */
 198:Middlewares/ST/threadx/common/src/tx_thread_performance_info_get.c ****         if (wait_aborts != TX_NULL)
 199:Middlewares/ST/threadx/common/src/tx_thread_performance_info_get.c ****         {
 200:Middlewares/ST/threadx/common/src/tx_thread_performance_info_get.c **** 
 201:Middlewares/ST/threadx/common/src/tx_thread_performance_info_get.c ****             *wait_aborts =  thread_ptr -> tx_thread_performance_wait_abort_count;
 202:Middlewares/ST/threadx/common/src/tx_thread_performance_info_get.c ****         }
 203:Middlewares/ST/threadx/common/src/tx_thread_performance_info_get.c **** 
 204:Middlewares/ST/threadx/common/src/tx_thread_performance_info_get.c ****         /* Retrieve the pointer of the last thread that preempted this thread.  */
 205:Middlewares/ST/threadx/common/src/tx_thread_performance_info_get.c ****         if (last_preempted_by != TX_NULL)
 206:Middlewares/ST/threadx/common/src/tx_thread_performance_info_get.c ****         {
 207:Middlewares/ST/threadx/common/src/tx_thread_performance_info_get.c **** 
 208:Middlewares/ST/threadx/common/src/tx_thread_performance_info_get.c ****             *last_preempted_by =  thread_ptr -> tx_thread_performance_last_preempting_thread;
 209:Middlewares/ST/threadx/common/src/tx_thread_performance_info_get.c ****         }
 210:Middlewares/ST/threadx/common/src/tx_thread_performance_info_get.c **** 
 211:Middlewares/ST/threadx/common/src/tx_thread_performance_info_get.c ****         /* Restore interrupts.  */
 212:Middlewares/ST/threadx/common/src/tx_thread_performance_info_get.c ****         TX_RESTORE
 213:Middlewares/ST/threadx/common/src/tx_thread_performance_info_get.c **** 
 214:Middlewares/ST/threadx/common/src/tx_thread_performance_info_get.c ****         /* Return completion status.  */
 215:Middlewares/ST/threadx/common/src/tx_thread_performance_info_get.c ****         status =  TX_SUCCESS;
 216:Middlewares/ST/threadx/common/src/tx_thread_performance_info_get.c ****     }
 217:Middlewares/ST/threadx/common/src/tx_thread_performance_info_get.c **** #else
 218:Middlewares/ST/threadx/common/src/tx_thread_performance_info_get.c **** UINT                    status;
  34              		.loc 1 218 1 view .LVU1
 219:Middlewares/ST/threadx/common/src/tx_thread_performance_info_get.c **** 
 220:Middlewares/ST/threadx/common/src/tx_thread_performance_info_get.c **** 
 221:Middlewares/ST/threadx/common/src/tx_thread_performance_info_get.c ****     /* Access input arguments just for the sake of lint, MISRA, etc.  */
 222:Middlewares/ST/threadx/common/src/tx_thread_performance_info_get.c ****     if (thread_ptr != TX_NULL)
  35              		.loc 1 222 5 view .LVU2
 223:Middlewares/ST/threadx/common/src/tx_thread_performance_info_get.c ****     {
 224:Middlewares/ST/threadx/common/src/tx_thread_performance_info_get.c **** 
 225:Middlewares/ST/threadx/common/src/tx_thread_performance_info_get.c ****         /* Not enabled, return error.  */
 226:Middlewares/ST/threadx/common/src/tx_thread_performance_info_get.c ****         status =  TX_FEATURE_NOT_ENABLED;
 227:Middlewares/ST/threadx/common/src/tx_thread_performance_info_get.c ****     }
 228:Middlewares/ST/threadx/common/src/tx_thread_performance_info_get.c ****     else if (resumptions != TX_NULL)
  36              		.loc 1 228 10 view .LVU3
 229:Middlewares/ST/threadx/common/src/tx_thread_performance_info_get.c ****     {
 230:Middlewares/ST/threadx/common/src/tx_thread_performance_info_get.c **** 
 231:Middlewares/ST/threadx/common/src/tx_thread_performance_info_get.c ****         /* Not enabled, return error.  */
 232:Middlewares/ST/threadx/common/src/tx_thread_performance_info_get.c ****         status =  TX_FEATURE_NOT_ENABLED;
 233:Middlewares/ST/threadx/common/src/tx_thread_performance_info_get.c ****     }
 234:Middlewares/ST/threadx/common/src/tx_thread_performance_info_get.c ****     else if (suspensions != TX_NULL)
  37              		.loc 1 234 10 view .LVU4
 235:Middlewares/ST/threadx/common/src/tx_thread_performance_info_get.c ****     {
 236:Middlewares/ST/threadx/common/src/tx_thread_performance_info_get.c **** 
 237:Middlewares/ST/threadx/common/src/tx_thread_performance_info_get.c ****         /* Not enabled, return error.  */
 238:Middlewares/ST/threadx/common/src/tx_thread_performance_info_get.c ****         status =  TX_FEATURE_NOT_ENABLED;
 239:Middlewares/ST/threadx/common/src/tx_thread_performance_info_get.c ****     }
 240:Middlewares/ST/threadx/common/src/tx_thread_performance_info_get.c ****     else if (solicited_preemptions != TX_NULL)
  38              		.loc 1 240 10 view .LVU5
 241:Middlewares/ST/threadx/common/src/tx_thread_performance_info_get.c ****     {
 242:Middlewares/ST/threadx/common/src/tx_thread_performance_info_get.c **** 
 243:Middlewares/ST/threadx/common/src/tx_thread_performance_info_get.c ****         /* Not enabled, return error.  */
 244:Middlewares/ST/threadx/common/src/tx_thread_performance_info_get.c ****         status =  TX_FEATURE_NOT_ENABLED;
 245:Middlewares/ST/threadx/common/src/tx_thread_performance_info_get.c ****     }
 246:Middlewares/ST/threadx/common/src/tx_thread_performance_info_get.c ****     else if (interrupt_preemptions != TX_NULL)
  39              		.loc 1 246 10 view .LVU6
 247:Middlewares/ST/threadx/common/src/tx_thread_performance_info_get.c ****     {
ARM GAS  /tmp/ccsGYOg9.s 			page 6


 248:Middlewares/ST/threadx/common/src/tx_thread_performance_info_get.c **** 
 249:Middlewares/ST/threadx/common/src/tx_thread_performance_info_get.c ****         /* Not enabled, return error.  */
 250:Middlewares/ST/threadx/common/src/tx_thread_performance_info_get.c ****         status =  TX_FEATURE_NOT_ENABLED;
 251:Middlewares/ST/threadx/common/src/tx_thread_performance_info_get.c ****     }
 252:Middlewares/ST/threadx/common/src/tx_thread_performance_info_get.c ****     else if (priority_inversions != TX_NULL)
  40              		.loc 1 252 10 view .LVU7
 253:Middlewares/ST/threadx/common/src/tx_thread_performance_info_get.c ****     {
 254:Middlewares/ST/threadx/common/src/tx_thread_performance_info_get.c **** 
 255:Middlewares/ST/threadx/common/src/tx_thread_performance_info_get.c ****         /* Not enabled, return error.  */
 256:Middlewares/ST/threadx/common/src/tx_thread_performance_info_get.c ****         status =  TX_FEATURE_NOT_ENABLED;
 257:Middlewares/ST/threadx/common/src/tx_thread_performance_info_get.c ****     }
 258:Middlewares/ST/threadx/common/src/tx_thread_performance_info_get.c ****     else if (time_slices != TX_NULL)
  41              		.loc 1 258 10 view .LVU8
 259:Middlewares/ST/threadx/common/src/tx_thread_performance_info_get.c ****     {
 260:Middlewares/ST/threadx/common/src/tx_thread_performance_info_get.c **** 
 261:Middlewares/ST/threadx/common/src/tx_thread_performance_info_get.c ****         /* Not enabled, return error.  */
 262:Middlewares/ST/threadx/common/src/tx_thread_performance_info_get.c ****         status =  TX_FEATURE_NOT_ENABLED;
 263:Middlewares/ST/threadx/common/src/tx_thread_performance_info_get.c ****     }
 264:Middlewares/ST/threadx/common/src/tx_thread_performance_info_get.c ****     else if (relinquishes != TX_NULL)
  42              		.loc 1 264 10 view .LVU9
 265:Middlewares/ST/threadx/common/src/tx_thread_performance_info_get.c ****     {
 266:Middlewares/ST/threadx/common/src/tx_thread_performance_info_get.c **** 
 267:Middlewares/ST/threadx/common/src/tx_thread_performance_info_get.c ****         /* Not enabled, return error.  */
 268:Middlewares/ST/threadx/common/src/tx_thread_performance_info_get.c ****         status =  TX_FEATURE_NOT_ENABLED;
 269:Middlewares/ST/threadx/common/src/tx_thread_performance_info_get.c ****     }
 270:Middlewares/ST/threadx/common/src/tx_thread_performance_info_get.c ****     else if (timeouts != TX_NULL)
  43              		.loc 1 270 10 view .LVU10
 271:Middlewares/ST/threadx/common/src/tx_thread_performance_info_get.c ****     {
 272:Middlewares/ST/threadx/common/src/tx_thread_performance_info_get.c **** 
 273:Middlewares/ST/threadx/common/src/tx_thread_performance_info_get.c ****         /* Not enabled, return error.  */
 274:Middlewares/ST/threadx/common/src/tx_thread_performance_info_get.c ****         status =  TX_FEATURE_NOT_ENABLED;
 275:Middlewares/ST/threadx/common/src/tx_thread_performance_info_get.c ****     }
 276:Middlewares/ST/threadx/common/src/tx_thread_performance_info_get.c ****     else if (wait_aborts != TX_NULL)
  44              		.loc 1 276 10 view .LVU11
 277:Middlewares/ST/threadx/common/src/tx_thread_performance_info_get.c ****     {
 278:Middlewares/ST/threadx/common/src/tx_thread_performance_info_get.c **** 
 279:Middlewares/ST/threadx/common/src/tx_thread_performance_info_get.c ****         /* Not enabled, return error.  */
 280:Middlewares/ST/threadx/common/src/tx_thread_performance_info_get.c ****         status =  TX_FEATURE_NOT_ENABLED;
 281:Middlewares/ST/threadx/common/src/tx_thread_performance_info_get.c ****     }
 282:Middlewares/ST/threadx/common/src/tx_thread_performance_info_get.c ****     else if (last_preempted_by != TX_NULL)
  45              		.loc 1 282 10 view .LVU12
 283:Middlewares/ST/threadx/common/src/tx_thread_performance_info_get.c ****     {
 284:Middlewares/ST/threadx/common/src/tx_thread_performance_info_get.c **** 
 285:Middlewares/ST/threadx/common/src/tx_thread_performance_info_get.c ****         /* Not enabled, return error.  */
 286:Middlewares/ST/threadx/common/src/tx_thread_performance_info_get.c ****         status =  TX_FEATURE_NOT_ENABLED;
 287:Middlewares/ST/threadx/common/src/tx_thread_performance_info_get.c ****     }
 288:Middlewares/ST/threadx/common/src/tx_thread_performance_info_get.c ****     else
 289:Middlewares/ST/threadx/common/src/tx_thread_performance_info_get.c ****     {
 290:Middlewares/ST/threadx/common/src/tx_thread_performance_info_get.c **** 
 291:Middlewares/ST/threadx/common/src/tx_thread_performance_info_get.c ****         /* Not enabled, return error.  */
 292:Middlewares/ST/threadx/common/src/tx_thread_performance_info_get.c ****         status =  TX_FEATURE_NOT_ENABLED;
  46              		.loc 1 292 9 view .LVU13
 293:Middlewares/ST/threadx/common/src/tx_thread_performance_info_get.c ****     }
 294:Middlewares/ST/threadx/common/src/tx_thread_performance_info_get.c **** #endif
 295:Middlewares/ST/threadx/common/src/tx_thread_performance_info_get.c **** 
 296:Middlewares/ST/threadx/common/src/tx_thread_performance_info_get.c ****     /* Return completion status.  */
 297:Middlewares/ST/threadx/common/src/tx_thread_performance_info_get.c ****     return(status);
ARM GAS  /tmp/ccsGYOg9.s 			page 7


  47              		.loc 1 297 5 view .LVU14
 298:Middlewares/ST/threadx/common/src/tx_thread_performance_info_get.c **** }
  48              		.loc 1 298 1 is_stmt 0 view .LVU15
  49 0000 FF20     		movs	r0, #255
  50              	.LVL1:
  51              		.loc 1 298 1 view .LVU16
  52 0002 7047     		bx	lr
  53              		.cfi_endproc
  54              	.LFE8:
  56              		.text
  57              	.Letext0:
  58              		.file 2 "Middlewares/ST/threadx/ports/cortex_m7/gnu/inc/tx_port.h"
  59              		.file 3 "Middlewares/ST/threadx/common/inc/tx_api.h"
ARM GAS  /tmp/ccsGYOg9.s 			page 8


DEFINED SYMBOLS
                            *ABS*:00000000 tx_thread_performance_info_get.c
     /tmp/ccsGYOg9.s:20     .text._tx_thread_performance_info_get:00000000 $t
     /tmp/ccsGYOg9.s:26     .text._tx_thread_performance_info_get:00000000 _tx_thread_performance_info_get

NO UNDEFINED SYMBOLS
