ARM GAS  /tmp/ccCt9UBq.s 			page 1


   1              		.cpu cortex-m7
   2              		.arch armv7e-m
   3              		.fpu fpv5-d16
   4              		.eabi_attribute 28, 1
   5              		.eabi_attribute 20, 1
   6              		.eabi_attribute 21, 1
   7              		.eabi_attribute 23, 3
   8              		.eabi_attribute 24, 1
   9              		.eabi_attribute 25, 1
  10              		.eabi_attribute 26, 1
  11              		.eabi_attribute 30, 1
  12              		.eabi_attribute 34, 1
  13              		.eabi_attribute 18, 4
  14              		.file	"tx_trace_initialize.c"
  15              		.text
  16              	.Ltext0:
  17              		.cfi_sections	.debug_frame
  18              		.file 1 "Middlewares/ST/threadx/common/src/tx_trace_initialize.c"
  19              		.section	.text._tx_trace_initialize,"ax",%progbits
  20              		.align	1
  21              		.global	_tx_trace_initialize
  22              		.syntax unified
  23              		.thumb
  24              		.thumb_func
  26              	_tx_trace_initialize:
  27              	.LFB8:
   1:Middlewares/ST/threadx/common/src/tx_trace_initialize.c **** /**************************************************************************/
   2:Middlewares/ST/threadx/common/src/tx_trace_initialize.c **** /*                                                                        */
   3:Middlewares/ST/threadx/common/src/tx_trace_initialize.c **** /*       Copyright (c) Microsoft Corporation. All rights reserved.        */
   4:Middlewares/ST/threadx/common/src/tx_trace_initialize.c **** /*                                                                        */
   5:Middlewares/ST/threadx/common/src/tx_trace_initialize.c **** /*       This software is licensed under the Microsoft Software License   */
   6:Middlewares/ST/threadx/common/src/tx_trace_initialize.c **** /*       Terms for Microsoft Azure RTOS. Full text of the license can be  */
   7:Middlewares/ST/threadx/common/src/tx_trace_initialize.c **** /*       found in the LICENSE file at https://aka.ms/AzureRTOS_EULA       */
   8:Middlewares/ST/threadx/common/src/tx_trace_initialize.c **** /*       and in the root directory of this software.                      */
   9:Middlewares/ST/threadx/common/src/tx_trace_initialize.c **** /*                                                                        */
  10:Middlewares/ST/threadx/common/src/tx_trace_initialize.c **** /**************************************************************************/
  11:Middlewares/ST/threadx/common/src/tx_trace_initialize.c **** 
  12:Middlewares/ST/threadx/common/src/tx_trace_initialize.c **** 
  13:Middlewares/ST/threadx/common/src/tx_trace_initialize.c **** /**************************************************************************/
  14:Middlewares/ST/threadx/common/src/tx_trace_initialize.c **** /**************************************************************************/
  15:Middlewares/ST/threadx/common/src/tx_trace_initialize.c **** /**                                                                       */
  16:Middlewares/ST/threadx/common/src/tx_trace_initialize.c **** /** ThreadX Component                                                     */
  17:Middlewares/ST/threadx/common/src/tx_trace_initialize.c **** /**                                                                       */
  18:Middlewares/ST/threadx/common/src/tx_trace_initialize.c **** /**   Trace                                                               */
  19:Middlewares/ST/threadx/common/src/tx_trace_initialize.c **** /**                                                                       */
  20:Middlewares/ST/threadx/common/src/tx_trace_initialize.c **** /**************************************************************************/
  21:Middlewares/ST/threadx/common/src/tx_trace_initialize.c **** /**************************************************************************/
  22:Middlewares/ST/threadx/common/src/tx_trace_initialize.c **** 
  23:Middlewares/ST/threadx/common/src/tx_trace_initialize.c **** #define TX_SOURCE_CODE
  24:Middlewares/ST/threadx/common/src/tx_trace_initialize.c **** 
  25:Middlewares/ST/threadx/common/src/tx_trace_initialize.c **** 
  26:Middlewares/ST/threadx/common/src/tx_trace_initialize.c **** /* Include necessary system files.  */
  27:Middlewares/ST/threadx/common/src/tx_trace_initialize.c **** 
  28:Middlewares/ST/threadx/common/src/tx_trace_initialize.c **** #include "tx_api.h"
  29:Middlewares/ST/threadx/common/src/tx_trace_initialize.c **** #include "tx_trace.h"
  30:Middlewares/ST/threadx/common/src/tx_trace_initialize.c **** #ifdef TX_ENABLE_EVENT_TRACE
  31:Middlewares/ST/threadx/common/src/tx_trace_initialize.c **** 
ARM GAS  /tmp/ccCt9UBq.s 			page 2


  32:Middlewares/ST/threadx/common/src/tx_trace_initialize.c **** 
  33:Middlewares/ST/threadx/common/src/tx_trace_initialize.c **** /* Define the pointer to the start of the trace buffer control structure.   */
  34:Middlewares/ST/threadx/common/src/tx_trace_initialize.c **** 
  35:Middlewares/ST/threadx/common/src/tx_trace_initialize.c **** TX_TRACE_HEADER                   *_tx_trace_header_ptr;
  36:Middlewares/ST/threadx/common/src/tx_trace_initialize.c **** 
  37:Middlewares/ST/threadx/common/src/tx_trace_initialize.c **** 
  38:Middlewares/ST/threadx/common/src/tx_trace_initialize.c **** /* Define the pointer to the start of the trace object registry area in the trace buffer.  */
  39:Middlewares/ST/threadx/common/src/tx_trace_initialize.c **** 
  40:Middlewares/ST/threadx/common/src/tx_trace_initialize.c **** TX_TRACE_OBJECT_ENTRY             *_tx_trace_registry_start_ptr;
  41:Middlewares/ST/threadx/common/src/tx_trace_initialize.c **** 
  42:Middlewares/ST/threadx/common/src/tx_trace_initialize.c **** 
  43:Middlewares/ST/threadx/common/src/tx_trace_initialize.c **** /* Define the pointer to the end of the trace object registry area in the trace buffer.  */
  44:Middlewares/ST/threadx/common/src/tx_trace_initialize.c **** 
  45:Middlewares/ST/threadx/common/src/tx_trace_initialize.c **** TX_TRACE_OBJECT_ENTRY             *_tx_trace_registry_end_ptr;
  46:Middlewares/ST/threadx/common/src/tx_trace_initialize.c **** 
  47:Middlewares/ST/threadx/common/src/tx_trace_initialize.c **** 
  48:Middlewares/ST/threadx/common/src/tx_trace_initialize.c **** /* Define the pointer to the starting entry of the actual trace event area of the trace buffer.  */
  49:Middlewares/ST/threadx/common/src/tx_trace_initialize.c **** 
  50:Middlewares/ST/threadx/common/src/tx_trace_initialize.c **** TX_TRACE_BUFFER_ENTRY             *_tx_trace_buffer_start_ptr;
  51:Middlewares/ST/threadx/common/src/tx_trace_initialize.c **** 
  52:Middlewares/ST/threadx/common/src/tx_trace_initialize.c **** 
  53:Middlewares/ST/threadx/common/src/tx_trace_initialize.c **** /* Define the pointer to the ending entry of the actual trace event area of the trace buffer.  */
  54:Middlewares/ST/threadx/common/src/tx_trace_initialize.c **** 
  55:Middlewares/ST/threadx/common/src/tx_trace_initialize.c **** TX_TRACE_BUFFER_ENTRY             *_tx_trace_buffer_end_ptr;
  56:Middlewares/ST/threadx/common/src/tx_trace_initialize.c **** 
  57:Middlewares/ST/threadx/common/src/tx_trace_initialize.c **** 
  58:Middlewares/ST/threadx/common/src/tx_trace_initialize.c **** /* Define the pointer to the current entry of the actual trace event area of the trace buffer.  */
  59:Middlewares/ST/threadx/common/src/tx_trace_initialize.c **** 
  60:Middlewares/ST/threadx/common/src/tx_trace_initialize.c **** TX_TRACE_BUFFER_ENTRY             *_tx_trace_buffer_current_ptr;
  61:Middlewares/ST/threadx/common/src/tx_trace_initialize.c **** 
  62:Middlewares/ST/threadx/common/src/tx_trace_initialize.c **** 
  63:Middlewares/ST/threadx/common/src/tx_trace_initialize.c **** /* Define the trace event enable bits, where each bit represents a type of event that can be enable
  64:Middlewares/ST/threadx/common/src/tx_trace_initialize.c ****    or disabled dynamically by the application.  */
  65:Middlewares/ST/threadx/common/src/tx_trace_initialize.c **** 
  66:Middlewares/ST/threadx/common/src/tx_trace_initialize.c **** ULONG                            _tx_trace_event_enable_bits;
  67:Middlewares/ST/threadx/common/src/tx_trace_initialize.c **** 
  68:Middlewares/ST/threadx/common/src/tx_trace_initialize.c **** 
  69:Middlewares/ST/threadx/common/src/tx_trace_initialize.c **** /* Define a counter that is used in environments that don't have a timer source. This counter
  70:Middlewares/ST/threadx/common/src/tx_trace_initialize.c ****    is incremented on each use giving each event a unique timestamp.  */
  71:Middlewares/ST/threadx/common/src/tx_trace_initialize.c **** 
  72:Middlewares/ST/threadx/common/src/tx_trace_initialize.c **** ULONG                             _tx_trace_simulated_time;
  73:Middlewares/ST/threadx/common/src/tx_trace_initialize.c **** 
  74:Middlewares/ST/threadx/common/src/tx_trace_initialize.c **** 
  75:Middlewares/ST/threadx/common/src/tx_trace_initialize.c **** /* Define the function pointer used to call the application when the trace buffer wraps. If NULL,
  76:Middlewares/ST/threadx/common/src/tx_trace_initialize.c ****    the application has not registered a callback function.  */
  77:Middlewares/ST/threadx/common/src/tx_trace_initialize.c **** 
  78:Middlewares/ST/threadx/common/src/tx_trace_initialize.c **** VOID                             (*_tx_trace_full_notify_function)(VOID *buffer);
  79:Middlewares/ST/threadx/common/src/tx_trace_initialize.c **** 
  80:Middlewares/ST/threadx/common/src/tx_trace_initialize.c **** 
  81:Middlewares/ST/threadx/common/src/tx_trace_initialize.c **** /* Define the total number of registry entries.  */
  82:Middlewares/ST/threadx/common/src/tx_trace_initialize.c **** 
  83:Middlewares/ST/threadx/common/src/tx_trace_initialize.c **** ULONG                             _tx_trace_total_registry_entries;
  84:Middlewares/ST/threadx/common/src/tx_trace_initialize.c **** 
  85:Middlewares/ST/threadx/common/src/tx_trace_initialize.c **** 
  86:Middlewares/ST/threadx/common/src/tx_trace_initialize.c **** /* Define a counter that is used to track the number of available registry entries.  */
  87:Middlewares/ST/threadx/common/src/tx_trace_initialize.c **** 
  88:Middlewares/ST/threadx/common/src/tx_trace_initialize.c **** ULONG                             _tx_trace_available_registry_entries;
ARM GAS  /tmp/ccCt9UBq.s 			page 3


  89:Middlewares/ST/threadx/common/src/tx_trace_initialize.c **** 
  90:Middlewares/ST/threadx/common/src/tx_trace_initialize.c **** 
  91:Middlewares/ST/threadx/common/src/tx_trace_initialize.c **** /* Define an index that represents the start of the registry search.  */
  92:Middlewares/ST/threadx/common/src/tx_trace_initialize.c **** 
  93:Middlewares/ST/threadx/common/src/tx_trace_initialize.c **** ULONG                             _tx_trace_registry_search_start;
  94:Middlewares/ST/threadx/common/src/tx_trace_initialize.c **** 
  95:Middlewares/ST/threadx/common/src/tx_trace_initialize.c **** #endif
  96:Middlewares/ST/threadx/common/src/tx_trace_initialize.c **** 
  97:Middlewares/ST/threadx/common/src/tx_trace_initialize.c **** 
  98:Middlewares/ST/threadx/common/src/tx_trace_initialize.c **** /**************************************************************************/
  99:Middlewares/ST/threadx/common/src/tx_trace_initialize.c **** /*                                                                        */
 100:Middlewares/ST/threadx/common/src/tx_trace_initialize.c **** /*  FUNCTION                                               RELEASE        */
 101:Middlewares/ST/threadx/common/src/tx_trace_initialize.c **** /*                                                                        */
 102:Middlewares/ST/threadx/common/src/tx_trace_initialize.c **** /*    _tx_trace_initialize                                PORTABLE C      */
 103:Middlewares/ST/threadx/common/src/tx_trace_initialize.c **** /*                                                           6.1          */
 104:Middlewares/ST/threadx/common/src/tx_trace_initialize.c **** /*  AUTHOR                                                                */
 105:Middlewares/ST/threadx/common/src/tx_trace_initialize.c **** /*                                                                        */
 106:Middlewares/ST/threadx/common/src/tx_trace_initialize.c **** /*    William E. Lamie, Microsoft Corporation                             */
 107:Middlewares/ST/threadx/common/src/tx_trace_initialize.c **** /*                                                                        */
 108:Middlewares/ST/threadx/common/src/tx_trace_initialize.c **** /*  DESCRIPTION                                                           */
 109:Middlewares/ST/threadx/common/src/tx_trace_initialize.c **** /*                                                                        */
 110:Middlewares/ST/threadx/common/src/tx_trace_initialize.c **** /*    This function initializes the various control data structures for   */
 111:Middlewares/ST/threadx/common/src/tx_trace_initialize.c **** /*    the trace component.                                                */
 112:Middlewares/ST/threadx/common/src/tx_trace_initialize.c **** /*                                                                        */
 113:Middlewares/ST/threadx/common/src/tx_trace_initialize.c **** /*  INPUT                                                                 */
 114:Middlewares/ST/threadx/common/src/tx_trace_initialize.c **** /*                                                                        */
 115:Middlewares/ST/threadx/common/src/tx_trace_initialize.c **** /*    None                                                                */
 116:Middlewares/ST/threadx/common/src/tx_trace_initialize.c **** /*                                                                        */
 117:Middlewares/ST/threadx/common/src/tx_trace_initialize.c **** /*  OUTPUT                                                                */
 118:Middlewares/ST/threadx/common/src/tx_trace_initialize.c **** /*                                                                        */
 119:Middlewares/ST/threadx/common/src/tx_trace_initialize.c **** /*    None                                                                */
 120:Middlewares/ST/threadx/common/src/tx_trace_initialize.c **** /*                                                                        */
 121:Middlewares/ST/threadx/common/src/tx_trace_initialize.c **** /*  CALLS                                                                 */
 122:Middlewares/ST/threadx/common/src/tx_trace_initialize.c **** /*                                                                        */
 123:Middlewares/ST/threadx/common/src/tx_trace_initialize.c **** /*    None                                                                */
 124:Middlewares/ST/threadx/common/src/tx_trace_initialize.c **** /*                                                                        */
 125:Middlewares/ST/threadx/common/src/tx_trace_initialize.c **** /*  CALLED BY                                                             */
 126:Middlewares/ST/threadx/common/src/tx_trace_initialize.c **** /*                                                                        */
 127:Middlewares/ST/threadx/common/src/tx_trace_initialize.c **** /*    _tx_initialize_high_level         High level initialization         */
 128:Middlewares/ST/threadx/common/src/tx_trace_initialize.c **** /*                                                                        */
 129:Middlewares/ST/threadx/common/src/tx_trace_initialize.c **** /*  RELEASE HISTORY                                                       */
 130:Middlewares/ST/threadx/common/src/tx_trace_initialize.c **** /*                                                                        */
 131:Middlewares/ST/threadx/common/src/tx_trace_initialize.c **** /*    DATE              NAME                      DESCRIPTION             */
 132:Middlewares/ST/threadx/common/src/tx_trace_initialize.c **** /*                                                                        */
 133:Middlewares/ST/threadx/common/src/tx_trace_initialize.c **** /*  05-19-2020     William E. Lamie         Initial Version 6.0           */
 134:Middlewares/ST/threadx/common/src/tx_trace_initialize.c **** /*  09-30-2020     Yuxin Zhou               Modified comment(s),          */
 135:Middlewares/ST/threadx/common/src/tx_trace_initialize.c **** /*                                            resulting in version 6.1    */
 136:Middlewares/ST/threadx/common/src/tx_trace_initialize.c **** /*                                                                        */
 137:Middlewares/ST/threadx/common/src/tx_trace_initialize.c **** /**************************************************************************/
 138:Middlewares/ST/threadx/common/src/tx_trace_initialize.c **** VOID  _tx_trace_initialize(VOID)
 139:Middlewares/ST/threadx/common/src/tx_trace_initialize.c **** {
  28              		.loc 1 139 1 view -0
  29              		.cfi_startproc
  30              		@ args = 0, pretend = 0, frame = 0
  31              		@ frame_needed = 0, uses_anonymous_args = 0
  32              		@ link register save eliminated.
 140:Middlewares/ST/threadx/common/src/tx_trace_initialize.c **** 
ARM GAS  /tmp/ccCt9UBq.s 			page 4


 141:Middlewares/ST/threadx/common/src/tx_trace_initialize.c **** #ifdef TX_ENABLE_EVENT_TRACE
 142:Middlewares/ST/threadx/common/src/tx_trace_initialize.c **** #ifndef TX_DISABLE_REDUNDANT_CLEARING
 143:Middlewares/ST/threadx/common/src/tx_trace_initialize.c **** 
 144:Middlewares/ST/threadx/common/src/tx_trace_initialize.c ****     /* Initialize all the pointers to the trace buffer to NULL.  */
 145:Middlewares/ST/threadx/common/src/tx_trace_initialize.c ****     _tx_trace_header_ptr =          TX_NULL;
  33              		.loc 1 145 5 view .LVU1
  34              		.loc 1 145 26 is_stmt 0 view .LVU2
  35 0000 0023     		movs	r3, #0
  36 0002 064A     		ldr	r2, .L2
  37 0004 1360     		str	r3, [r2]
 146:Middlewares/ST/threadx/common/src/tx_trace_initialize.c ****     _tx_trace_registry_start_ptr =  TX_NULL;
  38              		.loc 1 146 5 is_stmt 1 view .LVU3
  39              		.loc 1 146 34 is_stmt 0 view .LVU4
  40 0006 064A     		ldr	r2, .L2+4
  41 0008 1360     		str	r3, [r2]
 147:Middlewares/ST/threadx/common/src/tx_trace_initialize.c ****     _tx_trace_registry_end_ptr =    TX_NULL;
  42              		.loc 1 147 5 is_stmt 1 view .LVU5
  43              		.loc 1 147 32 is_stmt 0 view .LVU6
  44 000a 064A     		ldr	r2, .L2+8
  45 000c 1360     		str	r3, [r2]
 148:Middlewares/ST/threadx/common/src/tx_trace_initialize.c ****     _tx_trace_buffer_start_ptr =    TX_NULL;
  46              		.loc 1 148 5 is_stmt 1 view .LVU7
  47              		.loc 1 148 32 is_stmt 0 view .LVU8
  48 000e 064A     		ldr	r2, .L2+12
  49 0010 1360     		str	r3, [r2]
 149:Middlewares/ST/threadx/common/src/tx_trace_initialize.c ****     _tx_trace_buffer_end_ptr =      TX_NULL;
  50              		.loc 1 149 5 is_stmt 1 view .LVU9
  51              		.loc 1 149 30 is_stmt 0 view .LVU10
  52 0012 064A     		ldr	r2, .L2+16
  53 0014 1360     		str	r3, [r2]
 150:Middlewares/ST/threadx/common/src/tx_trace_initialize.c ****     _tx_trace_buffer_current_ptr =  TX_NULL;
  54              		.loc 1 150 5 is_stmt 1 view .LVU11
  55              		.loc 1 150 34 is_stmt 0 view .LVU12
  56 0016 064A     		ldr	r2, .L2+20
  57 0018 1360     		str	r3, [r2]
 151:Middlewares/ST/threadx/common/src/tx_trace_initialize.c **** #endif
 152:Middlewares/ST/threadx/common/src/tx_trace_initialize.c **** #endif
 153:Middlewares/ST/threadx/common/src/tx_trace_initialize.c **** }
  58              		.loc 1 153 1 view .LVU13
  59 001a 7047     		bx	lr
  60              	.L3:
  61              		.align	2
  62              	.L2:
  63 001c 00000000 		.word	_tx_trace_header_ptr
  64 0020 00000000 		.word	_tx_trace_registry_start_ptr
  65 0024 00000000 		.word	_tx_trace_registry_end_ptr
  66 0028 00000000 		.word	_tx_trace_buffer_start_ptr
  67 002c 00000000 		.word	_tx_trace_buffer_end_ptr
  68 0030 00000000 		.word	_tx_trace_buffer_current_ptr
  69              		.cfi_endproc
  70              	.LFE8:
  72              		.global	_tx_trace_registry_search_start
  73              		.section	.bss._tx_trace_registry_search_start,"aw",%nobits
  74              		.align	2
  77              	_tx_trace_registry_search_start:
  78 0000 00000000 		.space	4
  79              		.global	_tx_trace_available_registry_entries
ARM GAS  /tmp/ccCt9UBq.s 			page 5


  80              		.section	.bss._tx_trace_available_registry_entries,"aw",%nobits
  81              		.align	2
  84              	_tx_trace_available_registry_entries:
  85 0000 00000000 		.space	4
  86              		.global	_tx_trace_total_registry_entries
  87              		.section	.bss._tx_trace_total_registry_entries,"aw",%nobits
  88              		.align	2
  91              	_tx_trace_total_registry_entries:
  92 0000 00000000 		.space	4
  93              		.global	_tx_trace_full_notify_function
  94              		.section	.bss._tx_trace_full_notify_function,"aw",%nobits
  95              		.align	2
  98              	_tx_trace_full_notify_function:
  99 0000 00000000 		.space	4
 100              		.global	_tx_trace_simulated_time
 101              		.section	.bss._tx_trace_simulated_time,"aw",%nobits
 102              		.align	2
 105              	_tx_trace_simulated_time:
 106 0000 00000000 		.space	4
 107              		.global	_tx_trace_event_enable_bits
 108              		.section	.bss._tx_trace_event_enable_bits,"aw",%nobits
 109              		.align	2
 112              	_tx_trace_event_enable_bits:
 113 0000 00000000 		.space	4
 114              		.global	_tx_trace_buffer_current_ptr
 115              		.section	.bss._tx_trace_buffer_current_ptr,"aw",%nobits
 116              		.align	2
 119              	_tx_trace_buffer_current_ptr:
 120 0000 00000000 		.space	4
 121              		.global	_tx_trace_buffer_end_ptr
 122              		.section	.bss._tx_trace_buffer_end_ptr,"aw",%nobits
 123              		.align	2
 126              	_tx_trace_buffer_end_ptr:
 127 0000 00000000 		.space	4
 128              		.global	_tx_trace_buffer_start_ptr
 129              		.section	.bss._tx_trace_buffer_start_ptr,"aw",%nobits
 130              		.align	2
 133              	_tx_trace_buffer_start_ptr:
 134 0000 00000000 		.space	4
 135              		.global	_tx_trace_registry_end_ptr
 136              		.section	.bss._tx_trace_registry_end_ptr,"aw",%nobits
 137              		.align	2
 140              	_tx_trace_registry_end_ptr:
 141 0000 00000000 		.space	4
 142              		.global	_tx_trace_registry_start_ptr
 143              		.section	.bss._tx_trace_registry_start_ptr,"aw",%nobits
 144              		.align	2
 147              	_tx_trace_registry_start_ptr:
 148 0000 00000000 		.space	4
 149              		.global	_tx_trace_header_ptr
 150              		.section	.bss._tx_trace_header_ptr,"aw",%nobits
 151              		.align	2
 154              	_tx_trace_header_ptr:
 155 0000 00000000 		.space	4
 156              		.text
 157              	.Letext0:
 158              		.file 2 "Middlewares/ST/threadx/ports/cortex_m7/gnu/inc/tx_port.h"
ARM GAS  /tmp/ccCt9UBq.s 			page 6


 159              		.file 3 "Middlewares/ST/threadx/common/inc/tx_trace.h"
ARM GAS  /tmp/ccCt9UBq.s 			page 7


DEFINED SYMBOLS
                            *ABS*:00000000 tx_trace_initialize.c
     /tmp/ccCt9UBq.s:20     .text._tx_trace_initialize:00000000 $t
     /tmp/ccCt9UBq.s:26     .text._tx_trace_initialize:00000000 _tx_trace_initialize
     /tmp/ccCt9UBq.s:63     .text._tx_trace_initialize:0000001c $d
     /tmp/ccCt9UBq.s:154    .bss._tx_trace_header_ptr:00000000 _tx_trace_header_ptr
     /tmp/ccCt9UBq.s:147    .bss._tx_trace_registry_start_ptr:00000000 _tx_trace_registry_start_ptr
     /tmp/ccCt9UBq.s:140    .bss._tx_trace_registry_end_ptr:00000000 _tx_trace_registry_end_ptr
     /tmp/ccCt9UBq.s:133    .bss._tx_trace_buffer_start_ptr:00000000 _tx_trace_buffer_start_ptr
     /tmp/ccCt9UBq.s:126    .bss._tx_trace_buffer_end_ptr:00000000 _tx_trace_buffer_end_ptr
     /tmp/ccCt9UBq.s:119    .bss._tx_trace_buffer_current_ptr:00000000 _tx_trace_buffer_current_ptr
     /tmp/ccCt9UBq.s:77     .bss._tx_trace_registry_search_start:00000000 _tx_trace_registry_search_start
     /tmp/ccCt9UBq.s:74     .bss._tx_trace_registry_search_start:00000000 $d
     /tmp/ccCt9UBq.s:84     .bss._tx_trace_available_registry_entries:00000000 _tx_trace_available_registry_entries
     /tmp/ccCt9UBq.s:81     .bss._tx_trace_available_registry_entries:00000000 $d
     /tmp/ccCt9UBq.s:91     .bss._tx_trace_total_registry_entries:00000000 _tx_trace_total_registry_entries
     /tmp/ccCt9UBq.s:88     .bss._tx_trace_total_registry_entries:00000000 $d
     /tmp/ccCt9UBq.s:98     .bss._tx_trace_full_notify_function:00000000 _tx_trace_full_notify_function
     /tmp/ccCt9UBq.s:95     .bss._tx_trace_full_notify_function:00000000 $d
     /tmp/ccCt9UBq.s:105    .bss._tx_trace_simulated_time:00000000 _tx_trace_simulated_time
     /tmp/ccCt9UBq.s:102    .bss._tx_trace_simulated_time:00000000 $d
     /tmp/ccCt9UBq.s:112    .bss._tx_trace_event_enable_bits:00000000 _tx_trace_event_enable_bits
     /tmp/ccCt9UBq.s:109    .bss._tx_trace_event_enable_bits:00000000 $d
     /tmp/ccCt9UBq.s:116    .bss._tx_trace_buffer_current_ptr:00000000 $d
     /tmp/ccCt9UBq.s:123    .bss._tx_trace_buffer_end_ptr:00000000 $d
     /tmp/ccCt9UBq.s:130    .bss._tx_trace_buffer_start_ptr:00000000 $d
     /tmp/ccCt9UBq.s:137    .bss._tx_trace_registry_end_ptr:00000000 $d
     /tmp/ccCt9UBq.s:144    .bss._tx_trace_registry_start_ptr:00000000 $d
     /tmp/ccCt9UBq.s:151    .bss._tx_trace_header_ptr:00000000 $d

NO UNDEFINED SYMBOLS
