ARM GAS  /tmp/cciiqD41.s 			page 1


   1              		.cpu cortex-m7
   2              		.arch armv7e-m
   3              		.fpu fpv5-d16
   4              		.eabi_attribute 28, 1
   5              		.eabi_attribute 20, 1
   6              		.eabi_attribute 21, 1
   7              		.eabi_attribute 23, 3
   8              		.eabi_attribute 24, 1
   9              		.eabi_attribute 25, 1
  10              		.eabi_attribute 26, 1
  11              		.eabi_attribute 30, 1
  12              		.eabi_attribute 34, 1
  13              		.eabi_attribute 18, 4
  14              		.file	"tx_timer_system_activate.c"
  15              		.text
  16              	.Ltext0:
  17              		.cfi_sections	.debug_frame
  18              		.file 1 "Middlewares/ST/threadx/common/src/tx_timer_system_activate.c"
  19              		.section	.text._tx_timer_system_activate,"ax",%progbits
  20              		.align	1
  21              		.global	_tx_timer_system_activate
  22              		.syntax unified
  23              		.thumb
  24              		.thumb_func
  26              	_tx_timer_system_activate:
  27              	.LVL0:
  28              	.LFB8:
   1:Middlewares/ST/threadx/common/src/tx_timer_system_activate.c **** /**************************************************************************/
   2:Middlewares/ST/threadx/common/src/tx_timer_system_activate.c **** /*                                                                        */
   3:Middlewares/ST/threadx/common/src/tx_timer_system_activate.c **** /*       Copyright (c) Microsoft Corporation. All rights reserved.        */
   4:Middlewares/ST/threadx/common/src/tx_timer_system_activate.c **** /*                                                                        */
   5:Middlewares/ST/threadx/common/src/tx_timer_system_activate.c **** /*       This software is licensed under the Microsoft Software License   */
   6:Middlewares/ST/threadx/common/src/tx_timer_system_activate.c **** /*       Terms for Microsoft Azure RTOS. Full text of the license can be  */
   7:Middlewares/ST/threadx/common/src/tx_timer_system_activate.c **** /*       found in the LICENSE file at https://aka.ms/AzureRTOS_EULA       */
   8:Middlewares/ST/threadx/common/src/tx_timer_system_activate.c **** /*       and in the root directory of this software.                      */
   9:Middlewares/ST/threadx/common/src/tx_timer_system_activate.c **** /*                                                                        */
  10:Middlewares/ST/threadx/common/src/tx_timer_system_activate.c **** /**************************************************************************/
  11:Middlewares/ST/threadx/common/src/tx_timer_system_activate.c **** 
  12:Middlewares/ST/threadx/common/src/tx_timer_system_activate.c **** 
  13:Middlewares/ST/threadx/common/src/tx_timer_system_activate.c **** /**************************************************************************/
  14:Middlewares/ST/threadx/common/src/tx_timer_system_activate.c **** /**************************************************************************/
  15:Middlewares/ST/threadx/common/src/tx_timer_system_activate.c **** /**                                                                       */
  16:Middlewares/ST/threadx/common/src/tx_timer_system_activate.c **** /** ThreadX Component                                                     */
  17:Middlewares/ST/threadx/common/src/tx_timer_system_activate.c **** /**                                                                       */
  18:Middlewares/ST/threadx/common/src/tx_timer_system_activate.c **** /**   Timer                                                               */
  19:Middlewares/ST/threadx/common/src/tx_timer_system_activate.c **** /**                                                                       */
  20:Middlewares/ST/threadx/common/src/tx_timer_system_activate.c **** /**************************************************************************/
  21:Middlewares/ST/threadx/common/src/tx_timer_system_activate.c **** /**************************************************************************/
  22:Middlewares/ST/threadx/common/src/tx_timer_system_activate.c **** 
  23:Middlewares/ST/threadx/common/src/tx_timer_system_activate.c **** #define TX_SOURCE_CODE
  24:Middlewares/ST/threadx/common/src/tx_timer_system_activate.c **** 
  25:Middlewares/ST/threadx/common/src/tx_timer_system_activate.c **** #ifndef TX_NO_TIMER
  26:Middlewares/ST/threadx/common/src/tx_timer_system_activate.c **** 
  27:Middlewares/ST/threadx/common/src/tx_timer_system_activate.c **** /* Include necessary system files.  */
  28:Middlewares/ST/threadx/common/src/tx_timer_system_activate.c **** 
  29:Middlewares/ST/threadx/common/src/tx_timer_system_activate.c **** #include "tx_api.h"
  30:Middlewares/ST/threadx/common/src/tx_timer_system_activate.c **** #include "tx_timer.h"
ARM GAS  /tmp/cciiqD41.s 			page 2


  31:Middlewares/ST/threadx/common/src/tx_timer_system_activate.c **** 
  32:Middlewares/ST/threadx/common/src/tx_timer_system_activate.c **** 
  33:Middlewares/ST/threadx/common/src/tx_timer_system_activate.c **** /**************************************************************************/
  34:Middlewares/ST/threadx/common/src/tx_timer_system_activate.c **** /*                                                                        */
  35:Middlewares/ST/threadx/common/src/tx_timer_system_activate.c **** /*  FUNCTION                                               RELEASE        */
  36:Middlewares/ST/threadx/common/src/tx_timer_system_activate.c **** /*                                                                        */
  37:Middlewares/ST/threadx/common/src/tx_timer_system_activate.c **** /*    _tx_timer_system_activate                           PORTABLE C      */
  38:Middlewares/ST/threadx/common/src/tx_timer_system_activate.c **** /*                                                           6.1          */
  39:Middlewares/ST/threadx/common/src/tx_timer_system_activate.c **** /*  AUTHOR                                                                */
  40:Middlewares/ST/threadx/common/src/tx_timer_system_activate.c **** /*                                                                        */
  41:Middlewares/ST/threadx/common/src/tx_timer_system_activate.c **** /*    William E. Lamie, Microsoft Corporation                             */
  42:Middlewares/ST/threadx/common/src/tx_timer_system_activate.c **** /*                                                                        */
  43:Middlewares/ST/threadx/common/src/tx_timer_system_activate.c **** /*  DESCRIPTION                                                           */
  44:Middlewares/ST/threadx/common/src/tx_timer_system_activate.c **** /*                                                                        */
  45:Middlewares/ST/threadx/common/src/tx_timer_system_activate.c **** /*    This function places the specified internal timer in the proper     */
  46:Middlewares/ST/threadx/common/src/tx_timer_system_activate.c **** /*    place in the timer expiration list.  If the timer is already active */
  47:Middlewares/ST/threadx/common/src/tx_timer_system_activate.c **** /*    this function does nothing.                                         */
  48:Middlewares/ST/threadx/common/src/tx_timer_system_activate.c **** /*                                                                        */
  49:Middlewares/ST/threadx/common/src/tx_timer_system_activate.c **** /*  INPUT                                                                 */
  50:Middlewares/ST/threadx/common/src/tx_timer_system_activate.c **** /*                                                                        */
  51:Middlewares/ST/threadx/common/src/tx_timer_system_activate.c **** /*    timer_ptr                         Pointer to timer control block    */
  52:Middlewares/ST/threadx/common/src/tx_timer_system_activate.c **** /*                                                                        */
  53:Middlewares/ST/threadx/common/src/tx_timer_system_activate.c **** /*  OUTPUT                                                                */
  54:Middlewares/ST/threadx/common/src/tx_timer_system_activate.c **** /*                                                                        */
  55:Middlewares/ST/threadx/common/src/tx_timer_system_activate.c **** /*    TX_SUCCESS                        Always returns success            */
  56:Middlewares/ST/threadx/common/src/tx_timer_system_activate.c **** /*                                                                        */
  57:Middlewares/ST/threadx/common/src/tx_timer_system_activate.c **** /*  CALLS                                                                 */
  58:Middlewares/ST/threadx/common/src/tx_timer_system_activate.c **** /*                                                                        */
  59:Middlewares/ST/threadx/common/src/tx_timer_system_activate.c **** /*    None                                                                */
  60:Middlewares/ST/threadx/common/src/tx_timer_system_activate.c **** /*                                                                        */
  61:Middlewares/ST/threadx/common/src/tx_timer_system_activate.c **** /*  CALLED BY                                                             */
  62:Middlewares/ST/threadx/common/src/tx_timer_system_activate.c **** /*                                                                        */
  63:Middlewares/ST/threadx/common/src/tx_timer_system_activate.c **** /*    _tx_thread_system_suspend         Thread suspend function           */
  64:Middlewares/ST/threadx/common/src/tx_timer_system_activate.c **** /*    _tx_thread_system_ni_suspend      Non-interruptable suspend thread  */
  65:Middlewares/ST/threadx/common/src/tx_timer_system_activate.c **** /*    _tx_timer_thread_entry            Timer thread processing           */
  66:Middlewares/ST/threadx/common/src/tx_timer_system_activate.c **** /*    _tx_timer_activate                Application timer activate        */
  67:Middlewares/ST/threadx/common/src/tx_timer_system_activate.c **** /*                                                                        */
  68:Middlewares/ST/threadx/common/src/tx_timer_system_activate.c **** /*  RELEASE HISTORY                                                       */
  69:Middlewares/ST/threadx/common/src/tx_timer_system_activate.c **** /*                                                                        */
  70:Middlewares/ST/threadx/common/src/tx_timer_system_activate.c **** /*    DATE              NAME                      DESCRIPTION             */
  71:Middlewares/ST/threadx/common/src/tx_timer_system_activate.c **** /*                                                                        */
  72:Middlewares/ST/threadx/common/src/tx_timer_system_activate.c **** /*  05-19-2020     William E. Lamie         Initial Version 6.0           */
  73:Middlewares/ST/threadx/common/src/tx_timer_system_activate.c **** /*  09-30-2020     Scott Larson             Modified comment(s), and      */
  74:Middlewares/ST/threadx/common/src/tx_timer_system_activate.c **** /*                                            opt out of function when    */
  75:Middlewares/ST/threadx/common/src/tx_timer_system_activate.c **** /*                                            TX_NO_TIMER is defined,     */
  76:Middlewares/ST/threadx/common/src/tx_timer_system_activate.c **** /*                                            resulting in version 6.1    */
  77:Middlewares/ST/threadx/common/src/tx_timer_system_activate.c **** /*                                                                        */
  78:Middlewares/ST/threadx/common/src/tx_timer_system_activate.c **** /**************************************************************************/
  79:Middlewares/ST/threadx/common/src/tx_timer_system_activate.c **** VOID  _tx_timer_system_activate(TX_TIMER_INTERNAL *timer_ptr)
  80:Middlewares/ST/threadx/common/src/tx_timer_system_activate.c **** {
  29              		.loc 1 80 1 view -0
  30              		.cfi_startproc
  31              		@ args = 0, pretend = 0, frame = 0
  32              		@ frame_needed = 0, uses_anonymous_args = 0
  33              		@ link register save eliminated.
  81:Middlewares/ST/threadx/common/src/tx_timer_system_activate.c **** 
  82:Middlewares/ST/threadx/common/src/tx_timer_system_activate.c **** TX_TIMER_INTERNAL           **timer_list;
ARM GAS  /tmp/cciiqD41.s 			page 3


  34              		.loc 1 82 1 view .LVU1
  83:Middlewares/ST/threadx/common/src/tx_timer_system_activate.c **** TX_TIMER_INTERNAL           *next_timer;
  35              		.loc 1 83 1 view .LVU2
  84:Middlewares/ST/threadx/common/src/tx_timer_system_activate.c **** TX_TIMER_INTERNAL           *previous_timer;
  36              		.loc 1 84 1 view .LVU3
  85:Middlewares/ST/threadx/common/src/tx_timer_system_activate.c **** ULONG                       delta;
  37              		.loc 1 85 1 view .LVU4
  86:Middlewares/ST/threadx/common/src/tx_timer_system_activate.c **** ULONG                       remaining_ticks;
  38              		.loc 1 86 1 view .LVU5
  87:Middlewares/ST/threadx/common/src/tx_timer_system_activate.c **** ULONG                       expiration_time;
  39              		.loc 1 87 1 view .LVU6
  88:Middlewares/ST/threadx/common/src/tx_timer_system_activate.c **** 
  89:Middlewares/ST/threadx/common/src/tx_timer_system_activate.c **** 
  90:Middlewares/ST/threadx/common/src/tx_timer_system_activate.c ****     /* Pickup the remaining ticks.  */
  91:Middlewares/ST/threadx/common/src/tx_timer_system_activate.c ****     remaining_ticks =  timer_ptr -> tx_timer_internal_remaining_ticks;
  40              		.loc 1 91 5 view .LVU7
  41              		.loc 1 91 21 is_stmt 0 view .LVU8
  42 0000 0368     		ldr	r3, [r0]
  43              	.LVL1:
  92:Middlewares/ST/threadx/common/src/tx_timer_system_activate.c **** 
  93:Middlewares/ST/threadx/common/src/tx_timer_system_activate.c ****     /* Determine if there is a timer to activate.  */
  94:Middlewares/ST/threadx/common/src/tx_timer_system_activate.c ****     if (remaining_ticks != ((ULONG) 0))
  44              		.loc 1 94 5 is_stmt 1 view .LVU9
  45              		.loc 1 94 8 is_stmt 0 view .LVU10
  46 0002 23B1     		cbz	r3, .L1
  95:Middlewares/ST/threadx/common/src/tx_timer_system_activate.c ****     {
  96:Middlewares/ST/threadx/common/src/tx_timer_system_activate.c **** 
  97:Middlewares/ST/threadx/common/src/tx_timer_system_activate.c ****         /* Determine if the timer is set to wait forever.  */
  98:Middlewares/ST/threadx/common/src/tx_timer_system_activate.c ****         if (remaining_ticks != TX_WAIT_FOREVER)
  47              		.loc 1 98 9 is_stmt 1 view .LVU11
  48              		.loc 1 98 12 is_stmt 0 view .LVU12
  49 0004 B3F1FF3F 		cmp	r3, #-1
  50 0008 01D0     		beq	.L1
  99:Middlewares/ST/threadx/common/src/tx_timer_system_activate.c ****         {
 100:Middlewares/ST/threadx/common/src/tx_timer_system_activate.c **** 
 101:Middlewares/ST/threadx/common/src/tx_timer_system_activate.c ****             /* Valid timer activate request.  */
 102:Middlewares/ST/threadx/common/src/tx_timer_system_activate.c **** 
 103:Middlewares/ST/threadx/common/src/tx_timer_system_activate.c ****             /* Determine if the timer still needs activation.  */
 104:Middlewares/ST/threadx/common/src/tx_timer_system_activate.c ****             if (timer_ptr -> tx_timer_internal_list_head == TX_NULL)
  51              		.loc 1 104 13 is_stmt 1 view .LVU13
  52              		.loc 1 104 27 is_stmt 0 view .LVU14
  53 000a 8269     		ldr	r2, [r0, #24]
  54              		.loc 1 104 16 view .LVU15
  55 000c 02B1     		cbz	r2, .L8
  56              	.LVL2:
  57              	.L1:
 105:Middlewares/ST/threadx/common/src/tx_timer_system_activate.c ****             {
 106:Middlewares/ST/threadx/common/src/tx_timer_system_activate.c **** 
 107:Middlewares/ST/threadx/common/src/tx_timer_system_activate.c ****                 /* Activate the timer.  */
 108:Middlewares/ST/threadx/common/src/tx_timer_system_activate.c **** 
 109:Middlewares/ST/threadx/common/src/tx_timer_system_activate.c ****                 /* Calculate the amount of time remaining for the timer.  */
 110:Middlewares/ST/threadx/common/src/tx_timer_system_activate.c ****                 if (remaining_ticks > TX_TIMER_ENTRIES)
 111:Middlewares/ST/threadx/common/src/tx_timer_system_activate.c ****                 {
 112:Middlewares/ST/threadx/common/src/tx_timer_system_activate.c **** 
 113:Middlewares/ST/threadx/common/src/tx_timer_system_activate.c ****                     /* Set expiration time to the maximum number of entries.  */
 114:Middlewares/ST/threadx/common/src/tx_timer_system_activate.c ****                     expiration_time =  TX_TIMER_ENTRIES - ((ULONG) 1);
 115:Middlewares/ST/threadx/common/src/tx_timer_system_activate.c ****                 }
ARM GAS  /tmp/cciiqD41.s 			page 4


 116:Middlewares/ST/threadx/common/src/tx_timer_system_activate.c ****                 else
 117:Middlewares/ST/threadx/common/src/tx_timer_system_activate.c ****                 {
 118:Middlewares/ST/threadx/common/src/tx_timer_system_activate.c **** 
 119:Middlewares/ST/threadx/common/src/tx_timer_system_activate.c ****                     /* Timer value fits in the timer entries.  */
 120:Middlewares/ST/threadx/common/src/tx_timer_system_activate.c **** 
 121:Middlewares/ST/threadx/common/src/tx_timer_system_activate.c ****                     /* Set the expiration time.  */
 122:Middlewares/ST/threadx/common/src/tx_timer_system_activate.c ****                     expiration_time =  (remaining_ticks - ((ULONG) 1));
 123:Middlewares/ST/threadx/common/src/tx_timer_system_activate.c ****                 }
 124:Middlewares/ST/threadx/common/src/tx_timer_system_activate.c **** 
 125:Middlewares/ST/threadx/common/src/tx_timer_system_activate.c ****                 /* At this point, we are ready to put the timer on one of
 126:Middlewares/ST/threadx/common/src/tx_timer_system_activate.c ****                    the timer lists.  */
 127:Middlewares/ST/threadx/common/src/tx_timer_system_activate.c **** 
 128:Middlewares/ST/threadx/common/src/tx_timer_system_activate.c ****                 /* Calculate the proper place for the timer.  */
 129:Middlewares/ST/threadx/common/src/tx_timer_system_activate.c ****                 timer_list =  TX_TIMER_POINTER_ADD(_tx_timer_current_ptr, expiration_time);
 130:Middlewares/ST/threadx/common/src/tx_timer_system_activate.c ****                 if (TX_TIMER_INDIRECT_TO_VOID_POINTER_CONVERT(timer_list) >= TX_TIMER_INDIRECT_TO_V
 131:Middlewares/ST/threadx/common/src/tx_timer_system_activate.c ****                 {
 132:Middlewares/ST/threadx/common/src/tx_timer_system_activate.c **** 
 133:Middlewares/ST/threadx/common/src/tx_timer_system_activate.c ****                     /* Wrap from the beginning of the list.  */
 134:Middlewares/ST/threadx/common/src/tx_timer_system_activate.c ****                     delta =  TX_TIMER_POINTER_DIF(timer_list, _tx_timer_list_end);
 135:Middlewares/ST/threadx/common/src/tx_timer_system_activate.c ****                     timer_list =  TX_TIMER_POINTER_ADD(_tx_timer_list_start, delta);
 136:Middlewares/ST/threadx/common/src/tx_timer_system_activate.c ****                 }
 137:Middlewares/ST/threadx/common/src/tx_timer_system_activate.c **** 
 138:Middlewares/ST/threadx/common/src/tx_timer_system_activate.c ****                 /* Now put the timer on this list.  */
 139:Middlewares/ST/threadx/common/src/tx_timer_system_activate.c ****                 if ((*timer_list) == TX_NULL)
 140:Middlewares/ST/threadx/common/src/tx_timer_system_activate.c ****                 {
 141:Middlewares/ST/threadx/common/src/tx_timer_system_activate.c **** 
 142:Middlewares/ST/threadx/common/src/tx_timer_system_activate.c ****                     /* This list is NULL, just put the new timer on it.  */
 143:Middlewares/ST/threadx/common/src/tx_timer_system_activate.c **** 
 144:Middlewares/ST/threadx/common/src/tx_timer_system_activate.c ****                     /* Setup the links in this timer.  */
 145:Middlewares/ST/threadx/common/src/tx_timer_system_activate.c ****                     timer_ptr -> tx_timer_internal_active_next =      timer_ptr;
 146:Middlewares/ST/threadx/common/src/tx_timer_system_activate.c ****                     timer_ptr -> tx_timer_internal_active_previous =  timer_ptr;
 147:Middlewares/ST/threadx/common/src/tx_timer_system_activate.c **** 
 148:Middlewares/ST/threadx/common/src/tx_timer_system_activate.c ****                     /* Setup the list head pointer.  */
 149:Middlewares/ST/threadx/common/src/tx_timer_system_activate.c ****                     *timer_list =  timer_ptr;
 150:Middlewares/ST/threadx/common/src/tx_timer_system_activate.c ****                 }
 151:Middlewares/ST/threadx/common/src/tx_timer_system_activate.c ****                 else
 152:Middlewares/ST/threadx/common/src/tx_timer_system_activate.c ****                 {
 153:Middlewares/ST/threadx/common/src/tx_timer_system_activate.c **** 
 154:Middlewares/ST/threadx/common/src/tx_timer_system_activate.c ****                     /* This list is not NULL, add current timer to the end. */
 155:Middlewares/ST/threadx/common/src/tx_timer_system_activate.c ****                     next_timer =                                        *timer_list;
 156:Middlewares/ST/threadx/common/src/tx_timer_system_activate.c ****                     previous_timer =                                    next_timer -> tx_timer_inte
 157:Middlewares/ST/threadx/common/src/tx_timer_system_activate.c ****                     previous_timer -> tx_timer_internal_active_next =   timer_ptr;
 158:Middlewares/ST/threadx/common/src/tx_timer_system_activate.c ****                     next_timer -> tx_timer_internal_active_previous =   timer_ptr;
 159:Middlewares/ST/threadx/common/src/tx_timer_system_activate.c ****                     timer_ptr -> tx_timer_internal_active_next =        next_timer;
 160:Middlewares/ST/threadx/common/src/tx_timer_system_activate.c ****                     timer_ptr -> tx_timer_internal_active_previous =    previous_timer;
 161:Middlewares/ST/threadx/common/src/tx_timer_system_activate.c ****                 }
 162:Middlewares/ST/threadx/common/src/tx_timer_system_activate.c **** 
 163:Middlewares/ST/threadx/common/src/tx_timer_system_activate.c ****                 /* Setup list head pointer.  */
 164:Middlewares/ST/threadx/common/src/tx_timer_system_activate.c ****                 timer_ptr -> tx_timer_internal_list_head =  timer_list;
 165:Middlewares/ST/threadx/common/src/tx_timer_system_activate.c ****             }
 166:Middlewares/ST/threadx/common/src/tx_timer_system_activate.c ****         }
 167:Middlewares/ST/threadx/common/src/tx_timer_system_activate.c ****     }
 168:Middlewares/ST/threadx/common/src/tx_timer_system_activate.c **** }
  58              		.loc 1 168 1 view .LVU16
  59 000e 7047     		bx	lr
  60              	.LVL3:
  61              	.L8:
ARM GAS  /tmp/cciiqD41.s 			page 5


 110:Middlewares/ST/threadx/common/src/tx_timer_system_activate.c ****                 {
  62              		.loc 1 110 17 is_stmt 1 view .LVU17
 110:Middlewares/ST/threadx/common/src/tx_timer_system_activate.c ****                 {
  63              		.loc 1 110 20 is_stmt 0 view .LVU18
  64 0010 202B     		cmp	r3, #32
  65 0012 15D8     		bhi	.L7
 122:Middlewares/ST/threadx/common/src/tx_timer_system_activate.c ****                 }
  66              		.loc 1 122 21 is_stmt 1 view .LVU19
 122:Middlewares/ST/threadx/common/src/tx_timer_system_activate.c ****                 }
  67              		.loc 1 122 37 is_stmt 0 view .LVU20
  68 0014 013B     		subs	r3, r3, #1
  69              	.LVL4:
  70              	.L3:
 129:Middlewares/ST/threadx/common/src/tx_timer_system_activate.c ****                 if (TX_TIMER_INDIRECT_TO_VOID_POINTER_CONVERT(timer_list) >= TX_TIMER_INDIRECT_TO_V
  71              		.loc 1 129 17 is_stmt 1 view .LVU21
 129:Middlewares/ST/threadx/common/src/tx_timer_system_activate.c ****                 if (TX_TIMER_INDIRECT_TO_VOID_POINTER_CONVERT(timer_list) >= TX_TIMER_INDIRECT_TO_V
  72              		.loc 1 129 31 is_stmt 0 view .LVU22
  73 0016 0D4A     		ldr	r2, .L10
  74 0018 1268     		ldr	r2, [r2]
 129:Middlewares/ST/threadx/common/src/tx_timer_system_activate.c ****                 if (TX_TIMER_INDIRECT_TO_VOID_POINTER_CONVERT(timer_list) >= TX_TIMER_INDIRECT_TO_V
  75              		.loc 1 129 28 view .LVU23
  76 001a 02EB8303 		add	r3, r2, r3, lsl #2
  77              	.LVL5:
 130:Middlewares/ST/threadx/common/src/tx_timer_system_activate.c ****                 {
  78              		.loc 1 130 17 is_stmt 1 view .LVU24
 130:Middlewares/ST/threadx/common/src/tx_timer_system_activate.c ****                 {
  79              		.loc 1 130 78 is_stmt 0 view .LVU25
  80 001e 0C4A     		ldr	r2, .L10+4
  81 0020 1268     		ldr	r2, [r2]
 130:Middlewares/ST/threadx/common/src/tx_timer_system_activate.c ****                 {
  82              		.loc 1 130 20 view .LVU26
  83 0022 9A42     		cmp	r2, r3
  84 0024 03D8     		bhi	.L4
 134:Middlewares/ST/threadx/common/src/tx_timer_system_activate.c ****                     timer_list =  TX_TIMER_POINTER_ADD(_tx_timer_list_start, delta);
  85              		.loc 1 134 21 is_stmt 1 view .LVU27
 134:Middlewares/ST/threadx/common/src/tx_timer_system_activate.c ****                     timer_list =  TX_TIMER_POINTER_ADD(_tx_timer_list_start, delta);
  86              		.loc 1 134 30 is_stmt 0 view .LVU28
  87 0026 9B1A     		subs	r3, r3, r2
  88              	.LVL6:
 135:Middlewares/ST/threadx/common/src/tx_timer_system_activate.c ****                 }
  89              		.loc 1 135 21 is_stmt 1 view .LVU29
 135:Middlewares/ST/threadx/common/src/tx_timer_system_activate.c ****                 }
  90              		.loc 1 135 35 is_stmt 0 view .LVU30
  91 0028 0A4A     		ldr	r2, .L10+8
  92 002a 1268     		ldr	r2, [r2]
 135:Middlewares/ST/threadx/common/src/tx_timer_system_activate.c ****                 }
  93              		.loc 1 135 32 view .LVU31
  94 002c 1344     		add	r3, r3, r2
  95              	.LVL7:
  96              	.L4:
 139:Middlewares/ST/threadx/common/src/tx_timer_system_activate.c ****                 {
  97              		.loc 1 139 17 is_stmt 1 view .LVU32
 139:Middlewares/ST/threadx/common/src/tx_timer_system_activate.c ****                 {
  98              		.loc 1 139 22 is_stmt 0 view .LVU33
  99 002e 1A68     		ldr	r2, [r3]
 139:Middlewares/ST/threadx/common/src/tx_timer_system_activate.c ****                 {
 100              		.loc 1 139 20 view .LVU34
ARM GAS  /tmp/cciiqD41.s 			page 6


 101 0030 42B1     		cbz	r2, .L9
 155:Middlewares/ST/threadx/common/src/tx_timer_system_activate.c ****                     previous_timer =                                    next_timer -> tx_timer_inte
 102              		.loc 1 155 21 is_stmt 1 view .LVU35
 103              	.LVL8:
 156:Middlewares/ST/threadx/common/src/tx_timer_system_activate.c ****                     previous_timer -> tx_timer_internal_active_next =   timer_ptr;
 104              		.loc 1 156 21 view .LVU36
 156:Middlewares/ST/threadx/common/src/tx_timer_system_activate.c ****                     previous_timer -> tx_timer_internal_active_next =   timer_ptr;
 105              		.loc 1 156 36 is_stmt 0 view .LVU37
 106 0032 5169     		ldr	r1, [r2, #20]
 107              	.LVL9:
 157:Middlewares/ST/threadx/common/src/tx_timer_system_activate.c ****                     next_timer -> tx_timer_internal_active_previous =   timer_ptr;
 108              		.loc 1 157 21 is_stmt 1 view .LVU38
 157:Middlewares/ST/threadx/common/src/tx_timer_system_activate.c ****                     next_timer -> tx_timer_internal_active_previous =   timer_ptr;
 109              		.loc 1 157 69 is_stmt 0 view .LVU39
 110 0034 0861     		str	r0, [r1, #16]
 111              	.LVL10:
 158:Middlewares/ST/threadx/common/src/tx_timer_system_activate.c ****                     timer_ptr -> tx_timer_internal_active_next =        next_timer;
 112              		.loc 1 158 21 is_stmt 1 view .LVU40
 158:Middlewares/ST/threadx/common/src/tx_timer_system_activate.c ****                     timer_ptr -> tx_timer_internal_active_next =        next_timer;
 113              		.loc 1 158 69 is_stmt 0 view .LVU41
 114 0036 5061     		str	r0, [r2, #20]
 159:Middlewares/ST/threadx/common/src/tx_timer_system_activate.c ****                     timer_ptr -> tx_timer_internal_active_previous =    previous_timer;
 115              		.loc 1 159 21 is_stmt 1 view .LVU42
 159:Middlewares/ST/threadx/common/src/tx_timer_system_activate.c ****                     timer_ptr -> tx_timer_internal_active_previous =    previous_timer;
 116              		.loc 1 159 64 is_stmt 0 view .LVU43
 117 0038 0261     		str	r2, [r0, #16]
 160:Middlewares/ST/threadx/common/src/tx_timer_system_activate.c ****                 }
 118              		.loc 1 160 21 is_stmt 1 view .LVU44
 160:Middlewares/ST/threadx/common/src/tx_timer_system_activate.c ****                 }
 119              		.loc 1 160 68 is_stmt 0 view .LVU45
 120 003a 4161     		str	r1, [r0, #20]
 121              	.LVL11:
 122              	.L6:
 164:Middlewares/ST/threadx/common/src/tx_timer_system_activate.c ****             }
 123              		.loc 1 164 17 is_stmt 1 view .LVU46
 164:Middlewares/ST/threadx/common/src/tx_timer_system_activate.c ****             }
 124              		.loc 1 164 58 is_stmt 0 view .LVU47
 125 003c 8361     		str	r3, [r0, #24]
 126              		.loc 1 168 1 view .LVU48
 127 003e E6E7     		b	.L1
 128              	.LVL12:
 129              	.L7:
 114:Middlewares/ST/threadx/common/src/tx_timer_system_activate.c ****                 }
 130              		.loc 1 114 37 view .LVU49
 131 0040 1F23     		movs	r3, #31
 132              	.LVL13:
 114:Middlewares/ST/threadx/common/src/tx_timer_system_activate.c ****                 }
 133              		.loc 1 114 37 view .LVU50
 134 0042 E8E7     		b	.L3
 135              	.LVL14:
 136              	.L9:
 145:Middlewares/ST/threadx/common/src/tx_timer_system_activate.c ****                     timer_ptr -> tx_timer_internal_active_previous =  timer_ptr;
 137              		.loc 1 145 21 is_stmt 1 view .LVU51
 145:Middlewares/ST/threadx/common/src/tx_timer_system_activate.c ****                     timer_ptr -> tx_timer_internal_active_previous =  timer_ptr;
 138              		.loc 1 145 64 is_stmt 0 view .LVU52
 139 0044 0061     		str	r0, [r0, #16]
 146:Middlewares/ST/threadx/common/src/tx_timer_system_activate.c **** 
ARM GAS  /tmp/cciiqD41.s 			page 7


 140              		.loc 1 146 21 is_stmt 1 view .LVU53
 146:Middlewares/ST/threadx/common/src/tx_timer_system_activate.c **** 
 141              		.loc 1 146 68 is_stmt 0 view .LVU54
 142 0046 4061     		str	r0, [r0, #20]
 149:Middlewares/ST/threadx/common/src/tx_timer_system_activate.c ****                 }
 143              		.loc 1 149 21 is_stmt 1 view .LVU55
 149:Middlewares/ST/threadx/common/src/tx_timer_system_activate.c ****                 }
 144              		.loc 1 149 33 is_stmt 0 view .LVU56
 145 0048 1860     		str	r0, [r3]
 146              	.LVL15:
 149:Middlewares/ST/threadx/common/src/tx_timer_system_activate.c ****                 }
 147              		.loc 1 149 33 view .LVU57
 148 004a F7E7     		b	.L6
 149              	.L11:
 150              		.align	2
 151              	.L10:
 152 004c 00000000 		.word	_tx_timer_current_ptr
 153 0050 00000000 		.word	_tx_timer_list_end
 154 0054 00000000 		.word	_tx_timer_list_start
 155              		.cfi_endproc
 156              	.LFE8:
 158              		.text
 159              	.Letext0:
 160              		.file 2 "Middlewares/ST/threadx/common/inc/tx_api.h"
 161              		.file 3 "Middlewares/ST/threadx/ports/cortex_m7/gnu/inc/tx_port.h"
 162              		.file 4 "Middlewares/ST/threadx/common/inc/tx_timer.h"
ARM GAS  /tmp/cciiqD41.s 			page 8


DEFINED SYMBOLS
                            *ABS*:00000000 tx_timer_system_activate.c
     /tmp/cciiqD41.s:20     .text._tx_timer_system_activate:00000000 $t
     /tmp/cciiqD41.s:26     .text._tx_timer_system_activate:00000000 _tx_timer_system_activate
     /tmp/cciiqD41.s:152    .text._tx_timer_system_activate:0000004c $d

UNDEFINED SYMBOLS
_tx_timer_current_ptr
_tx_timer_list_end
_tx_timer_list_start
