ARM GAS  /tmp/ccwUTSuc.s 			page 1


   1              		.cpu cortex-m7
   2              		.arch armv7e-m
   3              		.fpu fpv5-d16
   4              		.eabi_attribute 28, 1
   5              		.eabi_attribute 20, 1
   6              		.eabi_attribute 21, 1
   7              		.eabi_attribute 23, 3
   8              		.eabi_attribute 24, 1
   9              		.eabi_attribute 25, 1
  10              		.eabi_attribute 26, 1
  11              		.eabi_attribute 30, 1
  12              		.eabi_attribute 34, 1
  13              		.eabi_attribute 18, 4
  14              		.file	"txe_queue_send_notify.c"
  15              		.text
  16              	.Ltext0:
  17              		.cfi_sections	.debug_frame
  18              		.file 1 "Middlewares/ST/threadx/common/src/txe_queue_send_notify.c"
  19              		.section	.text._txe_queue_send_notify,"ax",%progbits
  20              		.align	1
  21              		.global	_txe_queue_send_notify
  22              		.syntax unified
  23              		.thumb
  24              		.thumb_func
  26              	_txe_queue_send_notify:
  27              	.LVL0:
  28              	.LFB8:
   1:Middlewares/ST/threadx/common/src/txe_queue_send_notify.c **** /**************************************************************************/
   2:Middlewares/ST/threadx/common/src/txe_queue_send_notify.c **** /*                                                                        */
   3:Middlewares/ST/threadx/common/src/txe_queue_send_notify.c **** /*       Copyright (c) Microsoft Corporation. All rights reserved.        */
   4:Middlewares/ST/threadx/common/src/txe_queue_send_notify.c **** /*                                                                        */
   5:Middlewares/ST/threadx/common/src/txe_queue_send_notify.c **** /*       This software is licensed under the Microsoft Software License   */
   6:Middlewares/ST/threadx/common/src/txe_queue_send_notify.c **** /*       Terms for Microsoft Azure RTOS. Full text of the license can be  */
   7:Middlewares/ST/threadx/common/src/txe_queue_send_notify.c **** /*       found in the LICENSE file at https://aka.ms/AzureRTOS_EULA       */
   8:Middlewares/ST/threadx/common/src/txe_queue_send_notify.c **** /*       and in the root directory of this software.                      */
   9:Middlewares/ST/threadx/common/src/txe_queue_send_notify.c **** /*                                                                        */
  10:Middlewares/ST/threadx/common/src/txe_queue_send_notify.c **** /**************************************************************************/
  11:Middlewares/ST/threadx/common/src/txe_queue_send_notify.c **** 
  12:Middlewares/ST/threadx/common/src/txe_queue_send_notify.c **** 
  13:Middlewares/ST/threadx/common/src/txe_queue_send_notify.c **** /**************************************************************************/
  14:Middlewares/ST/threadx/common/src/txe_queue_send_notify.c **** /**************************************************************************/
  15:Middlewares/ST/threadx/common/src/txe_queue_send_notify.c **** /**                                                                       */
  16:Middlewares/ST/threadx/common/src/txe_queue_send_notify.c **** /** ThreadX Component                                                     */
  17:Middlewares/ST/threadx/common/src/txe_queue_send_notify.c **** /**                                                                       */
  18:Middlewares/ST/threadx/common/src/txe_queue_send_notify.c **** /**   Queue                                                               */
  19:Middlewares/ST/threadx/common/src/txe_queue_send_notify.c **** /**                                                                       */
  20:Middlewares/ST/threadx/common/src/txe_queue_send_notify.c **** /**************************************************************************/
  21:Middlewares/ST/threadx/common/src/txe_queue_send_notify.c **** /**************************************************************************/
  22:Middlewares/ST/threadx/common/src/txe_queue_send_notify.c **** 
  23:Middlewares/ST/threadx/common/src/txe_queue_send_notify.c **** #define TX_SOURCE_CODE
  24:Middlewares/ST/threadx/common/src/txe_queue_send_notify.c **** 
  25:Middlewares/ST/threadx/common/src/txe_queue_send_notify.c **** 
  26:Middlewares/ST/threadx/common/src/txe_queue_send_notify.c **** /* Include necessary system files.  */
  27:Middlewares/ST/threadx/common/src/txe_queue_send_notify.c **** 
  28:Middlewares/ST/threadx/common/src/txe_queue_send_notify.c **** #include "tx_api.h"
  29:Middlewares/ST/threadx/common/src/txe_queue_send_notify.c **** #include "tx_queue.h"
  30:Middlewares/ST/threadx/common/src/txe_queue_send_notify.c **** 
ARM GAS  /tmp/ccwUTSuc.s 			page 2


  31:Middlewares/ST/threadx/common/src/txe_queue_send_notify.c **** 
  32:Middlewares/ST/threadx/common/src/txe_queue_send_notify.c **** /**************************************************************************/
  33:Middlewares/ST/threadx/common/src/txe_queue_send_notify.c **** /*                                                                        */
  34:Middlewares/ST/threadx/common/src/txe_queue_send_notify.c **** /*  FUNCTION                                               RELEASE        */
  35:Middlewares/ST/threadx/common/src/txe_queue_send_notify.c **** /*                                                                        */
  36:Middlewares/ST/threadx/common/src/txe_queue_send_notify.c **** /*    _txe_queue_send_notify                              PORTABLE C      */
  37:Middlewares/ST/threadx/common/src/txe_queue_send_notify.c **** /*                                                           6.1          */
  38:Middlewares/ST/threadx/common/src/txe_queue_send_notify.c **** /*  AUTHOR                                                                */
  39:Middlewares/ST/threadx/common/src/txe_queue_send_notify.c **** /*                                                                        */
  40:Middlewares/ST/threadx/common/src/txe_queue_send_notify.c **** /*    William E. Lamie, Microsoft Corporation                             */
  41:Middlewares/ST/threadx/common/src/txe_queue_send_notify.c **** /*                                                                        */
  42:Middlewares/ST/threadx/common/src/txe_queue_send_notify.c **** /*  DESCRIPTION                                                           */
  43:Middlewares/ST/threadx/common/src/txe_queue_send_notify.c **** /*                                                                        */
  44:Middlewares/ST/threadx/common/src/txe_queue_send_notify.c **** /*    This function checks for errors in the queue send notify            */
  45:Middlewares/ST/threadx/common/src/txe_queue_send_notify.c **** /*    callback function call.                                             */
  46:Middlewares/ST/threadx/common/src/txe_queue_send_notify.c **** /*                                                                        */
  47:Middlewares/ST/threadx/common/src/txe_queue_send_notify.c **** /*  INPUT                                                                 */
  48:Middlewares/ST/threadx/common/src/txe_queue_send_notify.c **** /*                                                                        */
  49:Middlewares/ST/threadx/common/src/txe_queue_send_notify.c **** /*    queue_ptr                             Pointer to queue control block*/
  50:Middlewares/ST/threadx/common/src/txe_queue_send_notify.c **** /*    queue_send_notify                     Application callback function */
  51:Middlewares/ST/threadx/common/src/txe_queue_send_notify.c **** /*                                            (TX_NULL disables notify)   */
  52:Middlewares/ST/threadx/common/src/txe_queue_send_notify.c **** /*                                                                        */
  53:Middlewares/ST/threadx/common/src/txe_queue_send_notify.c **** /*  OUTPUT                                                                */
  54:Middlewares/ST/threadx/common/src/txe_queue_send_notify.c **** /*                                                                        */
  55:Middlewares/ST/threadx/common/src/txe_queue_send_notify.c **** /*    status                                Completion status             */
  56:Middlewares/ST/threadx/common/src/txe_queue_send_notify.c **** /*                                                                        */
  57:Middlewares/ST/threadx/common/src/txe_queue_send_notify.c **** /*  CALLS                                                                 */
  58:Middlewares/ST/threadx/common/src/txe_queue_send_notify.c **** /*                                                                        */
  59:Middlewares/ST/threadx/common/src/txe_queue_send_notify.c **** /*    _tx_queue_send_notify                 Actual queue send notify call */
  60:Middlewares/ST/threadx/common/src/txe_queue_send_notify.c **** /*                                                                        */
  61:Middlewares/ST/threadx/common/src/txe_queue_send_notify.c **** /*  CALLED BY                                                             */
  62:Middlewares/ST/threadx/common/src/txe_queue_send_notify.c **** /*                                                                        */
  63:Middlewares/ST/threadx/common/src/txe_queue_send_notify.c **** /*    Application Code                                                    */
  64:Middlewares/ST/threadx/common/src/txe_queue_send_notify.c **** /*                                                                        */
  65:Middlewares/ST/threadx/common/src/txe_queue_send_notify.c **** /*  RELEASE HISTORY                                                       */
  66:Middlewares/ST/threadx/common/src/txe_queue_send_notify.c **** /*                                                                        */
  67:Middlewares/ST/threadx/common/src/txe_queue_send_notify.c **** /*    DATE              NAME                      DESCRIPTION             */
  68:Middlewares/ST/threadx/common/src/txe_queue_send_notify.c **** /*                                                                        */
  69:Middlewares/ST/threadx/common/src/txe_queue_send_notify.c **** /*  05-19-2020     William E. Lamie         Initial Version 6.0           */
  70:Middlewares/ST/threadx/common/src/txe_queue_send_notify.c **** /*  09-30-2020     Yuxin Zhou               Modified comment(s),          */
  71:Middlewares/ST/threadx/common/src/txe_queue_send_notify.c **** /*                                            resulting in version 6.1    */
  72:Middlewares/ST/threadx/common/src/txe_queue_send_notify.c **** /*                                                                        */
  73:Middlewares/ST/threadx/common/src/txe_queue_send_notify.c **** /**************************************************************************/
  74:Middlewares/ST/threadx/common/src/txe_queue_send_notify.c **** UINT  _txe_queue_send_notify(TX_QUEUE *queue_ptr, VOID (*queue_send_notify)(TX_QUEUE *notify_queue_
  75:Middlewares/ST/threadx/common/src/txe_queue_send_notify.c **** {
  29              		.loc 1 75 1 view -0
  30              		.cfi_startproc
  31              		@ args = 0, pretend = 0, frame = 0
  32              		@ frame_needed = 0, uses_anonymous_args = 0
  76:Middlewares/ST/threadx/common/src/txe_queue_send_notify.c **** 
  77:Middlewares/ST/threadx/common/src/txe_queue_send_notify.c **** UINT    status;
  33              		.loc 1 77 1 view .LVU1
  78:Middlewares/ST/threadx/common/src/txe_queue_send_notify.c **** 
  79:Middlewares/ST/threadx/common/src/txe_queue_send_notify.c **** 
  80:Middlewares/ST/threadx/common/src/txe_queue_send_notify.c ****     /* Check for an invalid queue pointer.  */
  81:Middlewares/ST/threadx/common/src/txe_queue_send_notify.c ****     if (queue_ptr == TX_NULL)
  34              		.loc 1 81 5 view .LVU2
ARM GAS  /tmp/ccwUTSuc.s 			page 3


  35              		.loc 1 81 8 is_stmt 0 view .LVU3
  36 0000 58B1     		cbz	r0, .L3
  75:Middlewares/ST/threadx/common/src/txe_queue_send_notify.c **** 
  37              		.loc 1 75 1 view .LVU4
  38 0002 08B5     		push	{r3, lr}
  39              	.LCFI0:
  40              		.cfi_def_cfa_offset 8
  41              		.cfi_offset 3, -8
  42              		.cfi_offset 14, -4
  43 0004 0346     		mov	r3, r0
  82:Middlewares/ST/threadx/common/src/txe_queue_send_notify.c ****     {
  83:Middlewares/ST/threadx/common/src/txe_queue_send_notify.c **** 
  84:Middlewares/ST/threadx/common/src/txe_queue_send_notify.c ****         /* Queue pointer is invalid, return appropriate error code.  */
  85:Middlewares/ST/threadx/common/src/txe_queue_send_notify.c ****         status =  TX_QUEUE_ERROR;
  86:Middlewares/ST/threadx/common/src/txe_queue_send_notify.c ****     }
  87:Middlewares/ST/threadx/common/src/txe_queue_send_notify.c **** 
  88:Middlewares/ST/threadx/common/src/txe_queue_send_notify.c ****     /* Now check for a valid queue ID.  */
  89:Middlewares/ST/threadx/common/src/txe_queue_send_notify.c ****     else if (queue_ptr -> tx_queue_id != TX_QUEUE_ID)
  44              		.loc 1 89 10 is_stmt 1 view .LVU5
  45              		.loc 1 89 24 is_stmt 0 view .LVU6
  46 0006 0068     		ldr	r0, [r0]
  47              	.LVL1:
  48              		.loc 1 89 13 view .LVU7
  49 0008 054A     		ldr	r2, .L10
  50 000a 9042     		cmp	r0, r2
  51 000c 01D0     		beq	.L9
  90:Middlewares/ST/threadx/common/src/txe_queue_send_notify.c ****     {
  91:Middlewares/ST/threadx/common/src/txe_queue_send_notify.c **** 
  92:Middlewares/ST/threadx/common/src/txe_queue_send_notify.c ****         /* Queue pointer is invalid, return appropriate error code.  */
  93:Middlewares/ST/threadx/common/src/txe_queue_send_notify.c ****         status =  TX_QUEUE_ERROR;
  52              		.loc 1 93 16 view .LVU8
  53 000e 0920     		movs	r0, #9
  54              	.LVL2:
  94:Middlewares/ST/threadx/common/src/txe_queue_send_notify.c ****     }
  95:Middlewares/ST/threadx/common/src/txe_queue_send_notify.c ****     else
  96:Middlewares/ST/threadx/common/src/txe_queue_send_notify.c ****     {
  97:Middlewares/ST/threadx/common/src/txe_queue_send_notify.c **** 
  98:Middlewares/ST/threadx/common/src/txe_queue_send_notify.c ****         /* Call actual queue send notify function.  */
  99:Middlewares/ST/threadx/common/src/txe_queue_send_notify.c ****         status =  _tx_queue_send_notify(queue_ptr, queue_send_notify);
 100:Middlewares/ST/threadx/common/src/txe_queue_send_notify.c ****     }
 101:Middlewares/ST/threadx/common/src/txe_queue_send_notify.c **** 
 102:Middlewares/ST/threadx/common/src/txe_queue_send_notify.c ****     /* Return completion status.  */
 103:Middlewares/ST/threadx/common/src/txe_queue_send_notify.c ****     return(status);
  55              		.loc 1 103 5 is_stmt 1 view .LVU9
  56              	.L1:
 104:Middlewares/ST/threadx/common/src/txe_queue_send_notify.c **** }
  57              		.loc 1 104 1 is_stmt 0 view .LVU10
  58 0010 08BD     		pop	{r3, pc}
  59              	.LVL3:
  60              	.L9:
  99:Middlewares/ST/threadx/common/src/txe_queue_send_notify.c ****     }
  61              		.loc 1 99 9 is_stmt 1 view .LVU11
  99:Middlewares/ST/threadx/common/src/txe_queue_send_notify.c ****     }
  62              		.loc 1 99 19 is_stmt 0 view .LVU12
  63 0012 1846     		mov	r0, r3
  64 0014 FFF7FEFF 		bl	_tx_queue_send_notify
  65              	.LVL4:
ARM GAS  /tmp/ccwUTSuc.s 			page 4


  99:Middlewares/ST/threadx/common/src/txe_queue_send_notify.c ****     }
  66              		.loc 1 99 19 view .LVU13
  67 0018 FAE7     		b	.L1
  68              	.LVL5:
  69              	.L3:
  70              	.LCFI1:
  71              		.cfi_def_cfa_offset 0
  72              		.cfi_restore 3
  73              		.cfi_restore 14
  85:Middlewares/ST/threadx/common/src/txe_queue_send_notify.c ****     }
  74              		.loc 1 85 16 view .LVU14
  75 001a 0920     		movs	r0, #9
  76              	.LVL6:
  77              		.loc 1 104 1 view .LVU15
  78 001c 7047     		bx	lr
  79              	.L11:
  80 001e 00BF     		.align	2
  81              	.L10:
  82 0020 55455551 		.word	1364542805
  83              		.cfi_endproc
  84              	.LFE8:
  86              		.text
  87              	.Letext0:
  88              		.file 2 "Middlewares/ST/threadx/ports/cortex_m7/gnu/inc/tx_port.h"
  89              		.file 3 "Middlewares/ST/threadx/common/inc/tx_api.h"
ARM GAS  /tmp/ccwUTSuc.s 			page 5


DEFINED SYMBOLS
                            *ABS*:00000000 txe_queue_send_notify.c
     /tmp/ccwUTSuc.s:20     .text._txe_queue_send_notify:00000000 $t
     /tmp/ccwUTSuc.s:26     .text._txe_queue_send_notify:00000000 _txe_queue_send_notify
     /tmp/ccwUTSuc.s:82     .text._txe_queue_send_notify:00000020 $d

UNDEFINED SYMBOLS
_tx_queue_send_notify
