ARM GAS  /tmp/ccburuY5.s 			page 1


   1              		.cpu cortex-m7
   2              		.arch armv7e-m
   3              		.fpu fpv5-d16
   4              		.eabi_attribute 28, 1
   5              		.eabi_attribute 20, 1
   6              		.eabi_attribute 21, 1
   7              		.eabi_attribute 23, 3
   8              		.eabi_attribute 24, 1
   9              		.eabi_attribute 25, 1
  10              		.eabi_attribute 26, 1
  11              		.eabi_attribute 30, 1
  12              		.eabi_attribute 34, 1
  13              		.eabi_attribute 18, 4
  14              		.file	"txe_timer_deactivate.c"
  15              		.text
  16              	.Ltext0:
  17              		.cfi_sections	.debug_frame
  18              		.file 1 "Middlewares/ST/threadx/common/src/txe_timer_deactivate.c"
  19              		.section	.text._txe_timer_deactivate,"ax",%progbits
  20              		.align	1
  21              		.global	_txe_timer_deactivate
  22              		.syntax unified
  23              		.thumb
  24              		.thumb_func
  26              	_txe_timer_deactivate:
  27              	.LVL0:
  28              	.LFB8:
   1:Middlewares/ST/threadx/common/src/txe_timer_deactivate.c **** /**************************************************************************/
   2:Middlewares/ST/threadx/common/src/txe_timer_deactivate.c **** /*                                                                        */
   3:Middlewares/ST/threadx/common/src/txe_timer_deactivate.c **** /*       Copyright (c) Microsoft Corporation. All rights reserved.        */
   4:Middlewares/ST/threadx/common/src/txe_timer_deactivate.c **** /*                                                                        */
   5:Middlewares/ST/threadx/common/src/txe_timer_deactivate.c **** /*       This software is licensed under the Microsoft Software License   */
   6:Middlewares/ST/threadx/common/src/txe_timer_deactivate.c **** /*       Terms for Microsoft Azure RTOS. Full text of the license can be  */
   7:Middlewares/ST/threadx/common/src/txe_timer_deactivate.c **** /*       found in the LICENSE file at https://aka.ms/AzureRTOS_EULA       */
   8:Middlewares/ST/threadx/common/src/txe_timer_deactivate.c **** /*       and in the root directory of this software.                      */
   9:Middlewares/ST/threadx/common/src/txe_timer_deactivate.c **** /*                                                                        */
  10:Middlewares/ST/threadx/common/src/txe_timer_deactivate.c **** /**************************************************************************/
  11:Middlewares/ST/threadx/common/src/txe_timer_deactivate.c **** 
  12:Middlewares/ST/threadx/common/src/txe_timer_deactivate.c **** 
  13:Middlewares/ST/threadx/common/src/txe_timer_deactivate.c **** /**************************************************************************/
  14:Middlewares/ST/threadx/common/src/txe_timer_deactivate.c **** /**************************************************************************/
  15:Middlewares/ST/threadx/common/src/txe_timer_deactivate.c **** /**                                                                       */
  16:Middlewares/ST/threadx/common/src/txe_timer_deactivate.c **** /** ThreadX Component                                                     */
  17:Middlewares/ST/threadx/common/src/txe_timer_deactivate.c **** /**                                                                       */
  18:Middlewares/ST/threadx/common/src/txe_timer_deactivate.c **** /**   Timer                                                               */
  19:Middlewares/ST/threadx/common/src/txe_timer_deactivate.c **** /**                                                                       */
  20:Middlewares/ST/threadx/common/src/txe_timer_deactivate.c **** /**************************************************************************/
  21:Middlewares/ST/threadx/common/src/txe_timer_deactivate.c **** /**************************************************************************/
  22:Middlewares/ST/threadx/common/src/txe_timer_deactivate.c **** 
  23:Middlewares/ST/threadx/common/src/txe_timer_deactivate.c **** #define TX_SOURCE_CODE
  24:Middlewares/ST/threadx/common/src/txe_timer_deactivate.c **** 
  25:Middlewares/ST/threadx/common/src/txe_timer_deactivate.c **** 
  26:Middlewares/ST/threadx/common/src/txe_timer_deactivate.c **** /* Include necessary system files.  */
  27:Middlewares/ST/threadx/common/src/txe_timer_deactivate.c **** 
  28:Middlewares/ST/threadx/common/src/txe_timer_deactivate.c **** #include "tx_api.h"
  29:Middlewares/ST/threadx/common/src/txe_timer_deactivate.c **** #include "tx_timer.h"
  30:Middlewares/ST/threadx/common/src/txe_timer_deactivate.c **** 
ARM GAS  /tmp/ccburuY5.s 			page 2


  31:Middlewares/ST/threadx/common/src/txe_timer_deactivate.c **** 
  32:Middlewares/ST/threadx/common/src/txe_timer_deactivate.c **** /**************************************************************************/
  33:Middlewares/ST/threadx/common/src/txe_timer_deactivate.c **** /*                                                                        */
  34:Middlewares/ST/threadx/common/src/txe_timer_deactivate.c **** /*  FUNCTION                                               RELEASE        */
  35:Middlewares/ST/threadx/common/src/txe_timer_deactivate.c **** /*                                                                        */
  36:Middlewares/ST/threadx/common/src/txe_timer_deactivate.c **** /*    _txe_timer_deactivate                               PORTABLE C      */
  37:Middlewares/ST/threadx/common/src/txe_timer_deactivate.c **** /*                                                           6.1          */
  38:Middlewares/ST/threadx/common/src/txe_timer_deactivate.c **** /*  AUTHOR                                                                */
  39:Middlewares/ST/threadx/common/src/txe_timer_deactivate.c **** /*                                                                        */
  40:Middlewares/ST/threadx/common/src/txe_timer_deactivate.c **** /*    William E. Lamie, Microsoft Corporation                             */
  41:Middlewares/ST/threadx/common/src/txe_timer_deactivate.c **** /*                                                                        */
  42:Middlewares/ST/threadx/common/src/txe_timer_deactivate.c **** /*  DESCRIPTION                                                           */
  43:Middlewares/ST/threadx/common/src/txe_timer_deactivate.c **** /*                                                                        */
  44:Middlewares/ST/threadx/common/src/txe_timer_deactivate.c **** /*    This function checks for errors in the deactivate application timer */
  45:Middlewares/ST/threadx/common/src/txe_timer_deactivate.c **** /*    function call.                                                      */
  46:Middlewares/ST/threadx/common/src/txe_timer_deactivate.c **** /*                                                                        */
  47:Middlewares/ST/threadx/common/src/txe_timer_deactivate.c **** /*  INPUT                                                                 */
  48:Middlewares/ST/threadx/common/src/txe_timer_deactivate.c **** /*                                                                        */
  49:Middlewares/ST/threadx/common/src/txe_timer_deactivate.c **** /*    timer_ptr                         Pointer to timer control block    */
  50:Middlewares/ST/threadx/common/src/txe_timer_deactivate.c **** /*                                                                        */
  51:Middlewares/ST/threadx/common/src/txe_timer_deactivate.c **** /*  OUTPUT                                                                */
  52:Middlewares/ST/threadx/common/src/txe_timer_deactivate.c **** /*                                                                        */
  53:Middlewares/ST/threadx/common/src/txe_timer_deactivate.c **** /*    TX_TIMER_ERROR                    Invalid application timer pointer */
  54:Middlewares/ST/threadx/common/src/txe_timer_deactivate.c **** /*    status                            Actual completion status          */
  55:Middlewares/ST/threadx/common/src/txe_timer_deactivate.c **** /*                                                                        */
  56:Middlewares/ST/threadx/common/src/txe_timer_deactivate.c **** /*  CALLS                                                                 */
  57:Middlewares/ST/threadx/common/src/txe_timer_deactivate.c **** /*                                                                        */
  58:Middlewares/ST/threadx/common/src/txe_timer_deactivate.c **** /*    _tx_timer_deactivate              Actual timer deactivation function*/
  59:Middlewares/ST/threadx/common/src/txe_timer_deactivate.c **** /*                                                                        */
  60:Middlewares/ST/threadx/common/src/txe_timer_deactivate.c **** /*  CALLED BY                                                             */
  61:Middlewares/ST/threadx/common/src/txe_timer_deactivate.c **** /*                                                                        */
  62:Middlewares/ST/threadx/common/src/txe_timer_deactivate.c **** /*    Application Code                                                    */
  63:Middlewares/ST/threadx/common/src/txe_timer_deactivate.c **** /*                                                                        */
  64:Middlewares/ST/threadx/common/src/txe_timer_deactivate.c **** /*  RELEASE HISTORY                                                       */
  65:Middlewares/ST/threadx/common/src/txe_timer_deactivate.c **** /*                                                                        */
  66:Middlewares/ST/threadx/common/src/txe_timer_deactivate.c **** /*    DATE              NAME                      DESCRIPTION             */
  67:Middlewares/ST/threadx/common/src/txe_timer_deactivate.c **** /*                                                                        */
  68:Middlewares/ST/threadx/common/src/txe_timer_deactivate.c **** /*  05-19-2020     William E. Lamie         Initial Version 6.0           */
  69:Middlewares/ST/threadx/common/src/txe_timer_deactivate.c **** /*  09-30-2020     Yuxin Zhou               Modified comment(s),          */
  70:Middlewares/ST/threadx/common/src/txe_timer_deactivate.c **** /*                                            resulting in version 6.1    */
  71:Middlewares/ST/threadx/common/src/txe_timer_deactivate.c **** /*                                                                        */
  72:Middlewares/ST/threadx/common/src/txe_timer_deactivate.c **** /**************************************************************************/
  73:Middlewares/ST/threadx/common/src/txe_timer_deactivate.c **** UINT  _txe_timer_deactivate(TX_TIMER *timer_ptr)
  74:Middlewares/ST/threadx/common/src/txe_timer_deactivate.c **** {
  29              		.loc 1 74 1 view -0
  30              		.cfi_startproc
  31              		@ args = 0, pretend = 0, frame = 0
  32              		@ frame_needed = 0, uses_anonymous_args = 0
  75:Middlewares/ST/threadx/common/src/txe_timer_deactivate.c **** 
  76:Middlewares/ST/threadx/common/src/txe_timer_deactivate.c **** UINT    status;
  33              		.loc 1 76 1 view .LVU1
  77:Middlewares/ST/threadx/common/src/txe_timer_deactivate.c **** 
  78:Middlewares/ST/threadx/common/src/txe_timer_deactivate.c **** 
  79:Middlewares/ST/threadx/common/src/txe_timer_deactivate.c ****     /* Check for an invalid timer pointer.  */
  80:Middlewares/ST/threadx/common/src/txe_timer_deactivate.c ****     if (timer_ptr == TX_NULL)
  34              		.loc 1 80 5 view .LVU2
  35              		.loc 1 80 8 is_stmt 0 view .LVU3
ARM GAS  /tmp/ccburuY5.s 			page 3


  36 0000 48B1     		cbz	r0, .L3
  74:Middlewares/ST/threadx/common/src/txe_timer_deactivate.c **** 
  37              		.loc 1 74 1 view .LVU4
  38 0002 08B5     		push	{r3, lr}
  39              	.LCFI0:
  40              		.cfi_def_cfa_offset 8
  41              		.cfi_offset 3, -8
  42              		.cfi_offset 14, -4
  81:Middlewares/ST/threadx/common/src/txe_timer_deactivate.c ****     {
  82:Middlewares/ST/threadx/common/src/txe_timer_deactivate.c **** 
  83:Middlewares/ST/threadx/common/src/txe_timer_deactivate.c ****         /* Timer pointer is invalid, return appropriate error code.  */
  84:Middlewares/ST/threadx/common/src/txe_timer_deactivate.c ****         status =  TX_TIMER_ERROR;
  85:Middlewares/ST/threadx/common/src/txe_timer_deactivate.c ****     }
  86:Middlewares/ST/threadx/common/src/txe_timer_deactivate.c **** 
  87:Middlewares/ST/threadx/common/src/txe_timer_deactivate.c ****     /* Now check for invalid timer ID.  */
  88:Middlewares/ST/threadx/common/src/txe_timer_deactivate.c ****     else if (timer_ptr -> tx_timer_id != TX_TIMER_ID)
  43              		.loc 1 88 10 is_stmt 1 view .LVU5
  44              		.loc 1 88 24 is_stmt 0 view .LVU6
  45 0004 0168     		ldr	r1, [r0]
  46              		.loc 1 88 13 view .LVU7
  47 0006 054A     		ldr	r2, .L10
  48 0008 9142     		cmp	r1, r2
  49 000a 01D0     		beq	.L9
  89:Middlewares/ST/threadx/common/src/txe_timer_deactivate.c ****     {
  90:Middlewares/ST/threadx/common/src/txe_timer_deactivate.c **** 
  91:Middlewares/ST/threadx/common/src/txe_timer_deactivate.c ****         /* Timer pointer is invalid, return appropriate error code.  */
  92:Middlewares/ST/threadx/common/src/txe_timer_deactivate.c ****         status =  TX_TIMER_ERROR;
  50              		.loc 1 92 16 view .LVU8
  51 000c 1520     		movs	r0, #21
  52              	.LVL1:
  93:Middlewares/ST/threadx/common/src/txe_timer_deactivate.c ****     }
  94:Middlewares/ST/threadx/common/src/txe_timer_deactivate.c ****     else
  95:Middlewares/ST/threadx/common/src/txe_timer_deactivate.c ****     {
  96:Middlewares/ST/threadx/common/src/txe_timer_deactivate.c **** 
  97:Middlewares/ST/threadx/common/src/txe_timer_deactivate.c ****         /* Call actual application timer deactivate function.  */
  98:Middlewares/ST/threadx/common/src/txe_timer_deactivate.c ****         status =  _tx_timer_deactivate(timer_ptr);
  99:Middlewares/ST/threadx/common/src/txe_timer_deactivate.c ****     }
 100:Middlewares/ST/threadx/common/src/txe_timer_deactivate.c **** 
 101:Middlewares/ST/threadx/common/src/txe_timer_deactivate.c ****     /* Return completion status.  */
 102:Middlewares/ST/threadx/common/src/txe_timer_deactivate.c ****     return(status);
  53              		.loc 1 102 5 is_stmt 1 view .LVU9
  54              	.L1:
 103:Middlewares/ST/threadx/common/src/txe_timer_deactivate.c **** }
  55              		.loc 1 103 1 is_stmt 0 view .LVU10
  56 000e 08BD     		pop	{r3, pc}
  57              	.LVL2:
  58              	.L9:
  98:Middlewares/ST/threadx/common/src/txe_timer_deactivate.c ****     }
  59              		.loc 1 98 9 is_stmt 1 view .LVU11
  98:Middlewares/ST/threadx/common/src/txe_timer_deactivate.c ****     }
  60              		.loc 1 98 19 is_stmt 0 view .LVU12
  61 0010 FFF7FEFF 		bl	_tx_timer_deactivate
  62              	.LVL3:
  98:Middlewares/ST/threadx/common/src/txe_timer_deactivate.c ****     }
  63              		.loc 1 98 19 view .LVU13
  64 0014 FBE7     		b	.L1
  65              	.LVL4:
ARM GAS  /tmp/ccburuY5.s 			page 4


  66              	.L3:
  67              	.LCFI1:
  68              		.cfi_def_cfa_offset 0
  69              		.cfi_restore 3
  70              		.cfi_restore 14
  84:Middlewares/ST/threadx/common/src/txe_timer_deactivate.c ****     }
  71              		.loc 1 84 16 view .LVU14
  72 0016 1520     		movs	r0, #21
  73              	.LVL5:
  74              		.loc 1 103 1 view .LVU15
  75 0018 7047     		bx	lr
  76              	.L11:
  77 001a 00BF     		.align	2
  78              	.L10:
  79 001c 4D495441 		.word	1096042829
  80              		.cfi_endproc
  81              	.LFE8:
  83              		.text
  84              	.Letext0:
  85              		.file 2 "Middlewares/ST/threadx/ports/cortex_m7/gnu/inc/tx_port.h"
  86              		.file 3 "Middlewares/ST/threadx/common/inc/tx_api.h"
ARM GAS  /tmp/ccburuY5.s 			page 5


DEFINED SYMBOLS
                            *ABS*:00000000 txe_timer_deactivate.c
     /tmp/ccburuY5.s:20     .text._txe_timer_deactivate:00000000 $t
     /tmp/ccburuY5.s:26     .text._txe_timer_deactivate:00000000 _txe_timer_deactivate
     /tmp/ccburuY5.s:79     .text._txe_timer_deactivate:0000001c $d

UNDEFINED SYMBOLS
_tx_timer_deactivate
