ARM GAS  /tmp/ccnxSkJY.s 			page 1


   1              		.cpu cortex-m7
   2              		.arch armv7e-m
   3              		.fpu fpv5-d16
   4              		.eabi_attribute 28, 1
   5              		.eabi_attribute 20, 1
   6              		.eabi_attribute 21, 1
   7              		.eabi_attribute 23, 3
   8              		.eabi_attribute 24, 1
   9              		.eabi_attribute 25, 1
  10              		.eabi_attribute 26, 1
  11              		.eabi_attribute 30, 1
  12              		.eabi_attribute 34, 1
  13              		.eabi_attribute 18, 4
  14              		.file	"txe_thread_info_get.c"
  15              		.text
  16              	.Ltext0:
  17              		.cfi_sections	.debug_frame
  18              		.file 1 "Middlewares/ST/threadx/common/src/txe_thread_info_get.c"
  19              		.section	.text._txe_thread_info_get,"ax",%progbits
  20              		.align	1
  21              		.global	_txe_thread_info_get
  22              		.syntax unified
  23              		.thumb
  24              		.thumb_func
  26              	_txe_thread_info_get:
  27              	.LVL0:
  28              	.LFB8:
   1:Middlewares/ST/threadx/common/src/txe_thread_info_get.c **** /**************************************************************************/
   2:Middlewares/ST/threadx/common/src/txe_thread_info_get.c **** /*                                                                        */
   3:Middlewares/ST/threadx/common/src/txe_thread_info_get.c **** /*       Copyright (c) Microsoft Corporation. All rights reserved.        */
   4:Middlewares/ST/threadx/common/src/txe_thread_info_get.c **** /*                                                                        */
   5:Middlewares/ST/threadx/common/src/txe_thread_info_get.c **** /*       This software is licensed under the Microsoft Software License   */
   6:Middlewares/ST/threadx/common/src/txe_thread_info_get.c **** /*       Terms for Microsoft Azure RTOS. Full text of the license can be  */
   7:Middlewares/ST/threadx/common/src/txe_thread_info_get.c **** /*       found in the LICENSE file at https://aka.ms/AzureRTOS_EULA       */
   8:Middlewares/ST/threadx/common/src/txe_thread_info_get.c **** /*       and in the root directory of this software.                      */
   9:Middlewares/ST/threadx/common/src/txe_thread_info_get.c **** /*                                                                        */
  10:Middlewares/ST/threadx/common/src/txe_thread_info_get.c **** /**************************************************************************/
  11:Middlewares/ST/threadx/common/src/txe_thread_info_get.c **** 
  12:Middlewares/ST/threadx/common/src/txe_thread_info_get.c **** 
  13:Middlewares/ST/threadx/common/src/txe_thread_info_get.c **** /**************************************************************************/
  14:Middlewares/ST/threadx/common/src/txe_thread_info_get.c **** /**************************************************************************/
  15:Middlewares/ST/threadx/common/src/txe_thread_info_get.c **** /**                                                                       */
  16:Middlewares/ST/threadx/common/src/txe_thread_info_get.c **** /** ThreadX Component                                                     */
  17:Middlewares/ST/threadx/common/src/txe_thread_info_get.c **** /**                                                                       */
  18:Middlewares/ST/threadx/common/src/txe_thread_info_get.c **** /**   Thread                                                              */
  19:Middlewares/ST/threadx/common/src/txe_thread_info_get.c **** /**                                                                       */
  20:Middlewares/ST/threadx/common/src/txe_thread_info_get.c **** /**************************************************************************/
  21:Middlewares/ST/threadx/common/src/txe_thread_info_get.c **** /**************************************************************************/
  22:Middlewares/ST/threadx/common/src/txe_thread_info_get.c **** 
  23:Middlewares/ST/threadx/common/src/txe_thread_info_get.c **** #define TX_SOURCE_CODE
  24:Middlewares/ST/threadx/common/src/txe_thread_info_get.c **** 
  25:Middlewares/ST/threadx/common/src/txe_thread_info_get.c **** 
  26:Middlewares/ST/threadx/common/src/txe_thread_info_get.c **** /* Include necessary system files.  */
  27:Middlewares/ST/threadx/common/src/txe_thread_info_get.c **** 
  28:Middlewares/ST/threadx/common/src/txe_thread_info_get.c **** #include "tx_api.h"
  29:Middlewares/ST/threadx/common/src/txe_thread_info_get.c **** #include "tx_thread.h"
  30:Middlewares/ST/threadx/common/src/txe_thread_info_get.c **** 
ARM GAS  /tmp/ccnxSkJY.s 			page 2


  31:Middlewares/ST/threadx/common/src/txe_thread_info_get.c **** 
  32:Middlewares/ST/threadx/common/src/txe_thread_info_get.c **** /**************************************************************************/
  33:Middlewares/ST/threadx/common/src/txe_thread_info_get.c **** /*                                                                        */
  34:Middlewares/ST/threadx/common/src/txe_thread_info_get.c **** /*  FUNCTION                                               RELEASE        */
  35:Middlewares/ST/threadx/common/src/txe_thread_info_get.c **** /*                                                                        */
  36:Middlewares/ST/threadx/common/src/txe_thread_info_get.c **** /*    _txe_thread_info_get                                PORTABLE C      */
  37:Middlewares/ST/threadx/common/src/txe_thread_info_get.c **** /*                                                           6.1          */
  38:Middlewares/ST/threadx/common/src/txe_thread_info_get.c **** /*  AUTHOR                                                                */
  39:Middlewares/ST/threadx/common/src/txe_thread_info_get.c **** /*                                                                        */
  40:Middlewares/ST/threadx/common/src/txe_thread_info_get.c **** /*    William E. Lamie, Microsoft Corporation                             */
  41:Middlewares/ST/threadx/common/src/txe_thread_info_get.c **** /*                                                                        */
  42:Middlewares/ST/threadx/common/src/txe_thread_info_get.c **** /*  DESCRIPTION                                                           */
  43:Middlewares/ST/threadx/common/src/txe_thread_info_get.c **** /*                                                                        */
  44:Middlewares/ST/threadx/common/src/txe_thread_info_get.c **** /*    This function checks for errors in the thread information get       */
  45:Middlewares/ST/threadx/common/src/txe_thread_info_get.c **** /*    service.                                                            */
  46:Middlewares/ST/threadx/common/src/txe_thread_info_get.c **** /*                                                                        */
  47:Middlewares/ST/threadx/common/src/txe_thread_info_get.c **** /*  INPUT                                                                 */
  48:Middlewares/ST/threadx/common/src/txe_thread_info_get.c **** /*                                                                        */
  49:Middlewares/ST/threadx/common/src/txe_thread_info_get.c **** /*    thread_ptr                        Pointer to thread control block   */
  50:Middlewares/ST/threadx/common/src/txe_thread_info_get.c **** /*    name                              Destination for the thread name   */
  51:Middlewares/ST/threadx/common/src/txe_thread_info_get.c **** /*    state                             Destination for thread state      */
  52:Middlewares/ST/threadx/common/src/txe_thread_info_get.c **** /*    run_count                         Destination for thread run count  */
  53:Middlewares/ST/threadx/common/src/txe_thread_info_get.c **** /*    priority                          Destination for thread priority   */
  54:Middlewares/ST/threadx/common/src/txe_thread_info_get.c **** /*    preemption_threshold              Destination for thread preemption-*/
  55:Middlewares/ST/threadx/common/src/txe_thread_info_get.c **** /*                                        threshold                       */
  56:Middlewares/ST/threadx/common/src/txe_thread_info_get.c **** /*    time_slice                        Destination for thread time-slice */
  57:Middlewares/ST/threadx/common/src/txe_thread_info_get.c **** /*    next_thread                       Destination for next created      */
  58:Middlewares/ST/threadx/common/src/txe_thread_info_get.c **** /*                                        thread                          */
  59:Middlewares/ST/threadx/common/src/txe_thread_info_get.c **** /*    next_suspended_thread             Destination for next suspended    */
  60:Middlewares/ST/threadx/common/src/txe_thread_info_get.c **** /*                                        thread                          */
  61:Middlewares/ST/threadx/common/src/txe_thread_info_get.c **** /*                                                                        */
  62:Middlewares/ST/threadx/common/src/txe_thread_info_get.c **** /*  OUTPUT                                                                */
  63:Middlewares/ST/threadx/common/src/txe_thread_info_get.c **** /*                                                                        */
  64:Middlewares/ST/threadx/common/src/txe_thread_info_get.c **** /*    TX_THREAD_ERROR                   Invalid thread pointer            */
  65:Middlewares/ST/threadx/common/src/txe_thread_info_get.c **** /*    status                            Completion status                 */
  66:Middlewares/ST/threadx/common/src/txe_thread_info_get.c **** /*                                                                        */
  67:Middlewares/ST/threadx/common/src/txe_thread_info_get.c **** /*  CALLS                                                                 */
  68:Middlewares/ST/threadx/common/src/txe_thread_info_get.c **** /*                                                                        */
  69:Middlewares/ST/threadx/common/src/txe_thread_info_get.c **** /*    _tx_thread_info_get               Actual thread information get     */
  70:Middlewares/ST/threadx/common/src/txe_thread_info_get.c **** /*                                        service                         */
  71:Middlewares/ST/threadx/common/src/txe_thread_info_get.c **** /*                                                                        */
  72:Middlewares/ST/threadx/common/src/txe_thread_info_get.c **** /*  CALLED BY                                                             */
  73:Middlewares/ST/threadx/common/src/txe_thread_info_get.c **** /*                                                                        */
  74:Middlewares/ST/threadx/common/src/txe_thread_info_get.c **** /*    Application Code                                                    */
  75:Middlewares/ST/threadx/common/src/txe_thread_info_get.c **** /*                                                                        */
  76:Middlewares/ST/threadx/common/src/txe_thread_info_get.c **** /*  RELEASE HISTORY                                                       */
  77:Middlewares/ST/threadx/common/src/txe_thread_info_get.c **** /*                                                                        */
  78:Middlewares/ST/threadx/common/src/txe_thread_info_get.c **** /*    DATE              NAME                      DESCRIPTION             */
  79:Middlewares/ST/threadx/common/src/txe_thread_info_get.c **** /*                                                                        */
  80:Middlewares/ST/threadx/common/src/txe_thread_info_get.c **** /*  05-19-2020     William E. Lamie         Initial Version 6.0           */
  81:Middlewares/ST/threadx/common/src/txe_thread_info_get.c **** /*  09-30-2020     Yuxin Zhou               Modified comment(s),          */
  82:Middlewares/ST/threadx/common/src/txe_thread_info_get.c **** /*                                            resulting in version 6.1    */
  83:Middlewares/ST/threadx/common/src/txe_thread_info_get.c **** /*                                                                        */
  84:Middlewares/ST/threadx/common/src/txe_thread_info_get.c **** /**************************************************************************/
  85:Middlewares/ST/threadx/common/src/txe_thread_info_get.c **** UINT  _txe_thread_info_get(TX_THREAD *thread_ptr, CHAR **name, UINT *state, ULONG *run_count,
  86:Middlewares/ST/threadx/common/src/txe_thread_info_get.c ****                 UINT *priority, UINT *preemption_threshold, ULONG *time_slice,
  87:Middlewares/ST/threadx/common/src/txe_thread_info_get.c ****                 TX_THREAD **next_thread, TX_THREAD **next_suspended_thread)
ARM GAS  /tmp/ccnxSkJY.s 			page 3


  88:Middlewares/ST/threadx/common/src/txe_thread_info_get.c **** {
  29              		.loc 1 88 1 view -0
  30              		.cfi_startproc
  31              		@ args = 20, pretend = 0, frame = 0
  32              		@ frame_needed = 0, uses_anonymous_args = 0
  89:Middlewares/ST/threadx/common/src/txe_thread_info_get.c **** 
  90:Middlewares/ST/threadx/common/src/txe_thread_info_get.c **** UINT    status;
  33              		.loc 1 90 1 view .LVU1
  91:Middlewares/ST/threadx/common/src/txe_thread_info_get.c **** 
  92:Middlewares/ST/threadx/common/src/txe_thread_info_get.c **** 
  93:Middlewares/ST/threadx/common/src/txe_thread_info_get.c ****     /* Check for an invalid thread pointer.  */
  94:Middlewares/ST/threadx/common/src/txe_thread_info_get.c ****     if (thread_ptr == TX_NULL)
  34              		.loc 1 94 5 view .LVU2
  35              		.loc 1 94 8 is_stmt 0 view .LVU3
  36 0000 C0B1     		cbz	r0, .L3
  88:Middlewares/ST/threadx/common/src/txe_thread_info_get.c **** 
  37              		.loc 1 88 1 view .LVU4
  38 0002 10B5     		push	{r4, lr}
  39              	.LCFI0:
  40              		.cfi_def_cfa_offset 8
  41              		.cfi_offset 4, -8
  42              		.cfi_offset 14, -4
  43 0004 86B0     		sub	sp, sp, #24
  44              	.LCFI1:
  45              		.cfi_def_cfa_offset 32
  46 0006 8446     		mov	ip, r0
  95:Middlewares/ST/threadx/common/src/txe_thread_info_get.c ****     {
  96:Middlewares/ST/threadx/common/src/txe_thread_info_get.c **** 
  97:Middlewares/ST/threadx/common/src/txe_thread_info_get.c ****         /* Thread pointer is invalid, return appropriate error code.  */
  98:Middlewares/ST/threadx/common/src/txe_thread_info_get.c ****         status =  TX_THREAD_ERROR;
  99:Middlewares/ST/threadx/common/src/txe_thread_info_get.c ****     }
 100:Middlewares/ST/threadx/common/src/txe_thread_info_get.c **** 
 101:Middlewares/ST/threadx/common/src/txe_thread_info_get.c ****     /* Now check for invalid thread ID.  */
 102:Middlewares/ST/threadx/common/src/txe_thread_info_get.c ****     else if (thread_ptr -> tx_thread_id != TX_THREAD_ID)
  47              		.loc 1 102 10 is_stmt 1 view .LVU5
  48              		.loc 1 102 13 is_stmt 0 view .LVU6
  49 0008 0B48     		ldr	r0, .L10
  50              	.LVL1:
  51              		.loc 1 102 13 view .LVU7
  52 000a DCF80040 		ldr	r4, [ip]
  53 000e 8442     		cmp	r4, r0
  54 0010 02D0     		beq	.L9
 103:Middlewares/ST/threadx/common/src/txe_thread_info_get.c ****     {
 104:Middlewares/ST/threadx/common/src/txe_thread_info_get.c **** 
 105:Middlewares/ST/threadx/common/src/txe_thread_info_get.c ****         /* Thread pointer is invalid, return appropriate error code.  */
 106:Middlewares/ST/threadx/common/src/txe_thread_info_get.c ****         status =  TX_THREAD_ERROR;
  55              		.loc 1 106 16 view .LVU8
  56 0012 0E20     		movs	r0, #14
  57              	.LVL2:
 107:Middlewares/ST/threadx/common/src/txe_thread_info_get.c ****     }
 108:Middlewares/ST/threadx/common/src/txe_thread_info_get.c ****     else
 109:Middlewares/ST/threadx/common/src/txe_thread_info_get.c ****     {
 110:Middlewares/ST/threadx/common/src/txe_thread_info_get.c **** 
 111:Middlewares/ST/threadx/common/src/txe_thread_info_get.c ****         /* Call the actual thread information get service.  */
 112:Middlewares/ST/threadx/common/src/txe_thread_info_get.c ****         status =  _tx_thread_info_get(thread_ptr, name, state, run_count, priority, preemption_thre
 113:Middlewares/ST/threadx/common/src/txe_thread_info_get.c ****                             time_slice, next_thread, next_suspended_thread);
 114:Middlewares/ST/threadx/common/src/txe_thread_info_get.c ****     }
ARM GAS  /tmp/ccnxSkJY.s 			page 4


 115:Middlewares/ST/threadx/common/src/txe_thread_info_get.c **** 
 116:Middlewares/ST/threadx/common/src/txe_thread_info_get.c ****     /* Return completion status.  */
 117:Middlewares/ST/threadx/common/src/txe_thread_info_get.c ****     return(status);
  58              		.loc 1 117 5 is_stmt 1 view .LVU9
  59              	.L1:
 118:Middlewares/ST/threadx/common/src/txe_thread_info_get.c **** }
  60              		.loc 1 118 1 is_stmt 0 view .LVU10
  61 0014 06B0     		add	sp, sp, #24
  62              	.LCFI2:
  63              		.cfi_remember_state
  64              		.cfi_def_cfa_offset 8
  65              		@ sp needed
  66 0016 10BD     		pop	{r4, pc}
  67              	.LVL3:
  68              	.L9:
  69              	.LCFI3:
  70              		.cfi_restore_state
 112:Middlewares/ST/threadx/common/src/txe_thread_info_get.c ****                             time_slice, next_thread, next_suspended_thread);
  71              		.loc 1 112 9 is_stmt 1 view .LVU11
 112:Middlewares/ST/threadx/common/src/txe_thread_info_get.c ****                             time_slice, next_thread, next_suspended_thread);
  72              		.loc 1 112 19 is_stmt 0 view .LVU12
  73 0018 0C98     		ldr	r0, [sp, #48]
  74 001a 0490     		str	r0, [sp, #16]
  75 001c 0B98     		ldr	r0, [sp, #44]
  76 001e 0390     		str	r0, [sp, #12]
  77 0020 0A98     		ldr	r0, [sp, #40]
  78 0022 0290     		str	r0, [sp, #8]
  79 0024 0998     		ldr	r0, [sp, #36]
  80 0026 0190     		str	r0, [sp, #4]
  81 0028 0898     		ldr	r0, [sp, #32]
  82 002a 0090     		str	r0, [sp]
  83 002c 6046     		mov	r0, ip
  84 002e FFF7FEFF 		bl	_tx_thread_info_get
  85              	.LVL4:
 112:Middlewares/ST/threadx/common/src/txe_thread_info_get.c ****                             time_slice, next_thread, next_suspended_thread);
  86              		.loc 1 112 19 view .LVU13
  87 0032 EFE7     		b	.L1
  88              	.LVL5:
  89              	.L3:
  90              	.LCFI4:
  91              		.cfi_def_cfa_offset 0
  92              		.cfi_restore 4
  93              		.cfi_restore 14
  98:Middlewares/ST/threadx/common/src/txe_thread_info_get.c ****     }
  94              		.loc 1 98 16 view .LVU14
  95 0034 0E20     		movs	r0, #14
  96              	.LVL6:
  97              		.loc 1 118 1 view .LVU15
  98 0036 7047     		bx	lr
  99              	.L11:
 100              		.align	2
 101              	.L10:
 102 0038 44524854 		.word	1414025796
 103              		.cfi_endproc
 104              	.LFE8:
 106              		.text
 107              	.Letext0:
ARM GAS  /tmp/ccnxSkJY.s 			page 5


 108              		.file 2 "Middlewares/ST/threadx/ports/cortex_m7/gnu/inc/tx_port.h"
 109              		.file 3 "Middlewares/ST/threadx/common/inc/tx_api.h"
ARM GAS  /tmp/ccnxSkJY.s 			page 6


DEFINED SYMBOLS
                            *ABS*:00000000 txe_thread_info_get.c
     /tmp/ccnxSkJY.s:20     .text._txe_thread_info_get:00000000 $t
     /tmp/ccnxSkJY.s:26     .text._txe_thread_info_get:00000000 _txe_thread_info_get
     /tmp/ccnxSkJY.s:102    .text._txe_thread_info_get:00000038 $d

UNDEFINED SYMBOLS
_tx_thread_info_get
