ARM GAS  /tmp/ccSVqP5B.s 			page 1


   1              		.cpu cortex-m7
   2              		.arch armv7e-m
   3              		.fpu fpv5-d16
   4              		.eabi_attribute 28, 1
   5              		.eabi_attribute 20, 1
   6              		.eabi_attribute 21, 1
   7              		.eabi_attribute 23, 3
   8              		.eabi_attribute 24, 1
   9              		.eabi_attribute 25, 1
  10              		.eabi_attribute 26, 1
  11              		.eabi_attribute 30, 1
  12              		.eabi_attribute 34, 1
  13              		.eabi_attribute 18, 4
  14              		.file	"usb_otg.c"
  15              		.text
  16              	.Ltext0:
  17              		.cfi_sections	.debug_frame
  18              		.file 1 "Core/Src/usb_otg.c"
  19              		.section	.text.MX_USB_OTG_FS_HCD_Init,"ax",%progbits
  20              		.align	1
  21              		.global	MX_USB_OTG_FS_HCD_Init
  22              		.syntax unified
  23              		.thumb
  24              		.thumb_func
  26              	MX_USB_OTG_FS_HCD_Init:
  27              	.LFB141:
   1:Core/Src/usb_otg.c **** /* USER CODE BEGIN Header */
   2:Core/Src/usb_otg.c **** /**
   3:Core/Src/usb_otg.c ****   ******************************************************************************
   4:Core/Src/usb_otg.c ****   * @file    usb_otg.c
   5:Core/Src/usb_otg.c ****   * @brief   This file provides code for the configuration
   6:Core/Src/usb_otg.c ****   *          of the USB_OTG instances.
   7:Core/Src/usb_otg.c ****   ******************************************************************************
   8:Core/Src/usb_otg.c ****   * @attention
   9:Core/Src/usb_otg.c ****   *
  10:Core/Src/usb_otg.c ****   * Copyright (c) 2025 STMicroelectronics.
  11:Core/Src/usb_otg.c ****   * All rights reserved.
  12:Core/Src/usb_otg.c ****   *
  13:Core/Src/usb_otg.c ****   * This software is licensed under terms that can be found in the LICENSE file
  14:Core/Src/usb_otg.c ****   * in the root directory of this software component.
  15:Core/Src/usb_otg.c ****   * If no LICENSE file comes with this software, it is provided AS-IS.
  16:Core/Src/usb_otg.c ****   *
  17:Core/Src/usb_otg.c ****   ******************************************************************************
  18:Core/Src/usb_otg.c ****   */
  19:Core/Src/usb_otg.c **** /* USER CODE END Header */
  20:Core/Src/usb_otg.c **** /* Includes ------------------------------------------------------------------*/
  21:Core/Src/usb_otg.c **** #include "usb_otg.h"
  22:Core/Src/usb_otg.c **** 
  23:Core/Src/usb_otg.c **** /* USER CODE BEGIN 0 */
  24:Core/Src/usb_otg.c **** 
  25:Core/Src/usb_otg.c **** /* USER CODE END 0 */
  26:Core/Src/usb_otg.c **** 
  27:Core/Src/usb_otg.c **** HCD_HandleTypeDef hhcd_USB_OTG_FS;
  28:Core/Src/usb_otg.c **** 
  29:Core/Src/usb_otg.c **** /* USB_OTG_FS init function */
  30:Core/Src/usb_otg.c **** 
  31:Core/Src/usb_otg.c **** void MX_USB_OTG_FS_HCD_Init(void)
ARM GAS  /tmp/ccSVqP5B.s 			page 2


  32:Core/Src/usb_otg.c **** {
  28              		.loc 1 32 1 view -0
  29              		.cfi_startproc
  30              		@ args = 0, pretend = 0, frame = 0
  31              		@ frame_needed = 0, uses_anonymous_args = 0
  32 0000 08B5     		push	{r3, lr}
  33              	.LCFI0:
  34              		.cfi_def_cfa_offset 8
  35              		.cfi_offset 3, -8
  36              		.cfi_offset 14, -4
  33:Core/Src/usb_otg.c **** 
  34:Core/Src/usb_otg.c ****   /* USER CODE BEGIN USB_OTG_FS_Init 0 */
  35:Core/Src/usb_otg.c **** 
  36:Core/Src/usb_otg.c ****   /* USER CODE END USB_OTG_FS_Init 0 */
  37:Core/Src/usb_otg.c **** 
  38:Core/Src/usb_otg.c ****   /* USER CODE BEGIN USB_OTG_FS_Init 1 */
  39:Core/Src/usb_otg.c **** 
  40:Core/Src/usb_otg.c ****   /* USER CODE END USB_OTG_FS_Init 1 */
  41:Core/Src/usb_otg.c ****   hhcd_USB_OTG_FS.Instance = USB_OTG_FS;
  37              		.loc 1 41 3 view .LVU1
  38              		.loc 1 41 28 is_stmt 0 view .LVU2
  39 0002 0A48     		ldr	r0, .L5
  40 0004 4FF0A043 		mov	r3, #1342177280
  41 0008 0360     		str	r3, [r0]
  42:Core/Src/usb_otg.c ****   hhcd_USB_OTG_FS.Init.Host_channels = 8;
  42              		.loc 1 42 3 is_stmt 1 view .LVU3
  43              		.loc 1 42 38 is_stmt 0 view .LVU4
  44 000a 0823     		movs	r3, #8
  45 000c 4371     		strb	r3, [r0, #5]
  43:Core/Src/usb_otg.c ****   hhcd_USB_OTG_FS.Init.speed = HCD_SPEED_FULL;
  46              		.loc 1 43 3 is_stmt 1 view .LVU5
  47              		.loc 1 43 30 is_stmt 0 view .LVU6
  48 000e 0123     		movs	r3, #1
  49 0010 C371     		strb	r3, [r0, #7]
  44:Core/Src/usb_otg.c ****   hhcd_USB_OTG_FS.Init.dma_enable = DISABLE;
  50              		.loc 1 44 3 is_stmt 1 view .LVU7
  51              		.loc 1 44 35 is_stmt 0 view .LVU8
  52 0012 0023     		movs	r3, #0
  53 0014 8371     		strb	r3, [r0, #6]
  45:Core/Src/usb_otg.c ****   hhcd_USB_OTG_FS.Init.phy_itface = HCD_PHY_EMBEDDED;
  54              		.loc 1 45 3 is_stmt 1 view .LVU9
  55              		.loc 1 45 35 is_stmt 0 view .LVU10
  56 0016 0222     		movs	r2, #2
  57 0018 4272     		strb	r2, [r0, #9]
  46:Core/Src/usb_otg.c ****   hhcd_USB_OTG_FS.Init.Sof_enable = DISABLE;
  58              		.loc 1 46 3 is_stmt 1 view .LVU11
  59              		.loc 1 46 35 is_stmt 0 view .LVU12
  60 001a 8372     		strb	r3, [r0, #10]
  47:Core/Src/usb_otg.c ****   if (HAL_HCD_Init(&hhcd_USB_OTG_FS) != HAL_OK)
  61              		.loc 1 47 3 is_stmt 1 view .LVU13
  62              		.loc 1 47 7 is_stmt 0 view .LVU14
  63 001c FFF7FEFF 		bl	HAL_HCD_Init
  64              	.LVL0:
  65              		.loc 1 47 6 discriminator 1 view .LVU15
  66 0020 00B9     		cbnz	r0, .L4
  67              	.L1:
  48:Core/Src/usb_otg.c ****   {
ARM GAS  /tmp/ccSVqP5B.s 			page 3


  49:Core/Src/usb_otg.c ****     Error_Handler();
  50:Core/Src/usb_otg.c ****   }
  51:Core/Src/usb_otg.c ****   /* USER CODE BEGIN USB_OTG_FS_Init 2 */
  52:Core/Src/usb_otg.c **** 
  53:Core/Src/usb_otg.c ****   /* USER CODE END USB_OTG_FS_Init 2 */
  54:Core/Src/usb_otg.c **** 
  55:Core/Src/usb_otg.c **** }
  68              		.loc 1 55 1 view .LVU16
  69 0022 08BD     		pop	{r3, pc}
  70              	.L4:
  49:Core/Src/usb_otg.c ****   }
  71              		.loc 1 49 5 is_stmt 1 view .LVU17
  72 0024 FFF7FEFF 		bl	Error_Handler
  73              	.LVL1:
  74              		.loc 1 55 1 is_stmt 0 view .LVU18
  75 0028 FBE7     		b	.L1
  76              	.L6:
  77 002a 00BF     		.align	2
  78              	.L5:
  79 002c 00000000 		.word	hhcd_USB_OTG_FS
  80              		.cfi_endproc
  81              	.LFE141:
  83              		.section	.text.MX_USB_OTG_HS_USB_Init,"ax",%progbits
  84              		.align	1
  85              		.global	MX_USB_OTG_HS_USB_Init
  86              		.syntax unified
  87              		.thumb
  88              		.thumb_func
  90              	MX_USB_OTG_HS_USB_Init:
  91              	.LFB142:
  56:Core/Src/usb_otg.c **** /* USB_OTG_HS init function */
  57:Core/Src/usb_otg.c **** 
  58:Core/Src/usb_otg.c **** void MX_USB_OTG_HS_USB_Init(void)
  59:Core/Src/usb_otg.c **** {
  92              		.loc 1 59 1 is_stmt 1 view -0
  93              		.cfi_startproc
  94              		@ args = 0, pretend = 0, frame = 0
  95              		@ frame_needed = 0, uses_anonymous_args = 0
  96              		@ link register save eliminated.
  60:Core/Src/usb_otg.c **** 
  61:Core/Src/usb_otg.c ****   /* USER CODE BEGIN USB_OTG_HS_Init 0 */
  62:Core/Src/usb_otg.c **** 
  63:Core/Src/usb_otg.c ****   /* USER CODE END USB_OTG_HS_Init 0 */
  64:Core/Src/usb_otg.c **** 
  65:Core/Src/usb_otg.c ****   /* USER CODE BEGIN USB_OTG_HS_Init 1 */
  66:Core/Src/usb_otg.c **** 
  67:Core/Src/usb_otg.c ****   /* USER CODE END USB_OTG_HS_Init 1 */
  68:Core/Src/usb_otg.c ****   /* USER CODE BEGIN USB_OTG_HS_Init 2 */
  69:Core/Src/usb_otg.c **** 
  70:Core/Src/usb_otg.c ****   /* USER CODE END USB_OTG_HS_Init 2 */
  71:Core/Src/usb_otg.c **** 
  72:Core/Src/usb_otg.c **** }
  97              		.loc 1 72 1 view .LVU20
  98 0000 7047     		bx	lr
  99              		.cfi_endproc
 100              	.LFE142:
 102              		.section	.text.HAL_HCD_MspInit,"ax",%progbits
ARM GAS  /tmp/ccSVqP5B.s 			page 4


 103              		.align	1
 104              		.global	HAL_HCD_MspInit
 105              		.syntax unified
 106              		.thumb
 107              		.thumb_func
 109              	HAL_HCD_MspInit:
 110              	.LVL2:
 111              	.LFB143:
  73:Core/Src/usb_otg.c **** 
  74:Core/Src/usb_otg.c **** void HAL_HCD_MspInit(HCD_HandleTypeDef* hcdHandle)
  75:Core/Src/usb_otg.c **** {
 112              		.loc 1 75 1 view -0
 113              		.cfi_startproc
 114              		@ args = 0, pretend = 0, frame = 176
 115              		@ frame_needed = 0, uses_anonymous_args = 0
 116              		.loc 1 75 1 is_stmt 0 view .LVU22
 117 0000 10B5     		push	{r4, lr}
 118              	.LCFI1:
 119              		.cfi_def_cfa_offset 8
 120              		.cfi_offset 4, -8
 121              		.cfi_offset 14, -4
 122 0002 ACB0     		sub	sp, sp, #176
 123              	.LCFI2:
 124              		.cfi_def_cfa_offset 184
 125 0004 0446     		mov	r4, r0
  76:Core/Src/usb_otg.c **** 
  77:Core/Src/usb_otg.c ****   GPIO_InitTypeDef GPIO_InitStruct = {0};
 126              		.loc 1 77 3 is_stmt 1 view .LVU23
 127              		.loc 1 77 20 is_stmt 0 view .LVU24
 128 0006 0021     		movs	r1, #0
 129 0008 2791     		str	r1, [sp, #156]
 130 000a 2891     		str	r1, [sp, #160]
 131 000c 2991     		str	r1, [sp, #164]
 132 000e 2A91     		str	r1, [sp, #168]
 133 0010 2B91     		str	r1, [sp, #172]
  78:Core/Src/usb_otg.c ****   RCC_PeriphCLKInitTypeDef PeriphClkInitStruct = {0};
 134              		.loc 1 78 3 is_stmt 1 view .LVU25
 135              		.loc 1 78 28 is_stmt 0 view .LVU26
 136 0012 9022     		movs	r2, #144
 137 0014 03A8     		add	r0, sp, #12
 138              	.LVL3:
 139              		.loc 1 78 28 view .LVU27
 140 0016 FFF7FEFF 		bl	memset
 141              	.LVL4:
  79:Core/Src/usb_otg.c ****   if(hcdHandle->Instance==USB_OTG_FS)
 142              		.loc 1 79 3 is_stmt 1 view .LVU28
 143              		.loc 1 79 15 is_stmt 0 view .LVU29
 144 001a 2368     		ldr	r3, [r4]
 145              		.loc 1 79 5 view .LVU30
 146 001c B3F1A04F 		cmp	r3, #1342177280
 147 0020 01D0     		beq	.L12
 148              	.LVL5:
 149              	.L8:
  80:Core/Src/usb_otg.c ****   {
  81:Core/Src/usb_otg.c ****   /* USER CODE BEGIN USB_OTG_FS_MspInit 0 */
  82:Core/Src/usb_otg.c **** 
  83:Core/Src/usb_otg.c ****   /* USER CODE END USB_OTG_FS_MspInit 0 */
ARM GAS  /tmp/ccSVqP5B.s 			page 5


  84:Core/Src/usb_otg.c **** 
  85:Core/Src/usb_otg.c ****   /** Initializes the peripherals clock
  86:Core/Src/usb_otg.c ****   */
  87:Core/Src/usb_otg.c ****     PeriphClkInitStruct.PeriphClockSelection = RCC_PERIPHCLK_CLK48;
  88:Core/Src/usb_otg.c ****     PeriphClkInitStruct.PLLSAI.PLLSAIN = 96;
  89:Core/Src/usb_otg.c ****     PeriphClkInitStruct.PLLSAI.PLLSAIR = 2;
  90:Core/Src/usb_otg.c ****     PeriphClkInitStruct.PLLSAI.PLLSAIQ = 4;
  91:Core/Src/usb_otg.c ****     PeriphClkInitStruct.PLLSAI.PLLSAIP = RCC_PLLSAIP_DIV4;
  92:Core/Src/usb_otg.c ****     PeriphClkInitStruct.PLLSAIDivQ = 1;
  93:Core/Src/usb_otg.c ****     PeriphClkInitStruct.PLLSAIDivR = RCC_PLLSAIDIVR_2;
  94:Core/Src/usb_otg.c ****     PeriphClkInitStruct.Clk48ClockSelection = RCC_CLK48SOURCE_PLLSAIP;
  95:Core/Src/usb_otg.c ****     if (HAL_RCCEx_PeriphCLKConfig(&PeriphClkInitStruct) != HAL_OK)
  96:Core/Src/usb_otg.c ****     {
  97:Core/Src/usb_otg.c ****       Error_Handler();
  98:Core/Src/usb_otg.c ****     }
  99:Core/Src/usb_otg.c **** 
 100:Core/Src/usb_otg.c ****     __HAL_RCC_GPIOA_CLK_ENABLE();
 101:Core/Src/usb_otg.c ****     /**USB_OTG_FS GPIO Configuration
 102:Core/Src/usb_otg.c ****     PA11     ------> USB_OTG_FS_DM
 103:Core/Src/usb_otg.c ****     PA12     ------> USB_OTG_FS_DP
 104:Core/Src/usb_otg.c ****     */
 105:Core/Src/usb_otg.c ****     GPIO_InitStruct.Pin = GPIO_PIN_11|GPIO_PIN_12;
 106:Core/Src/usb_otg.c ****     GPIO_InitStruct.Mode = GPIO_MODE_AF_PP;
 107:Core/Src/usb_otg.c ****     GPIO_InitStruct.Pull = GPIO_NOPULL;
 108:Core/Src/usb_otg.c ****     GPIO_InitStruct.Speed = GPIO_SPEED_FREQ_VERY_HIGH;
 109:Core/Src/usb_otg.c ****     GPIO_InitStruct.Alternate = GPIO_AF10_OTG_FS;
 110:Core/Src/usb_otg.c ****     HAL_GPIO_Init(GPIOA, &GPIO_InitStruct);
 111:Core/Src/usb_otg.c **** 
 112:Core/Src/usb_otg.c ****     /* USB_OTG_FS clock enable */
 113:Core/Src/usb_otg.c ****     __HAL_RCC_USB_OTG_FS_CLK_ENABLE();
 114:Core/Src/usb_otg.c ****   /* USER CODE BEGIN USB_OTG_FS_MspInit 1 */
 115:Core/Src/usb_otg.c **** 
 116:Core/Src/usb_otg.c ****   /* USER CODE END USB_OTG_FS_MspInit 1 */
 117:Core/Src/usb_otg.c ****   }
 118:Core/Src/usb_otg.c **** }
 150              		.loc 1 118 1 view .LVU31
 151 0022 2CB0     		add	sp, sp, #176
 152              	.LCFI3:
 153              		.cfi_remember_state
 154              		.cfi_def_cfa_offset 8
 155              		@ sp needed
 156 0024 10BD     		pop	{r4, pc}
 157              	.LVL6:
 158              	.L12:
 159              	.LCFI4:
 160              		.cfi_restore_state
  87:Core/Src/usb_otg.c ****     PeriphClkInitStruct.PLLSAI.PLLSAIN = 96;
 161              		.loc 1 87 5 is_stmt 1 view .LVU32
  87:Core/Src/usb_otg.c ****     PeriphClkInitStruct.PLLSAI.PLLSAIN = 96;
 162              		.loc 1 87 46 is_stmt 0 view .LVU33
 163 0026 4FF40013 		mov	r3, #2097152
 164 002a 0393     		str	r3, [sp, #12]
  88:Core/Src/usb_otg.c ****     PeriphClkInitStruct.PLLSAI.PLLSAIR = 2;
 165              		.loc 1 88 5 is_stmt 1 view .LVU34
  88:Core/Src/usb_otg.c ****     PeriphClkInitStruct.PLLSAI.PLLSAIR = 2;
 166              		.loc 1 88 40 is_stmt 0 view .LVU35
 167 002c 6023     		movs	r3, #96
ARM GAS  /tmp/ccSVqP5B.s 			page 6


 168 002e 0893     		str	r3, [sp, #32]
  89:Core/Src/usb_otg.c ****     PeriphClkInitStruct.PLLSAI.PLLSAIQ = 4;
 169              		.loc 1 89 5 is_stmt 1 view .LVU36
  89:Core/Src/usb_otg.c ****     PeriphClkInitStruct.PLLSAI.PLLSAIQ = 4;
 170              		.loc 1 89 40 is_stmt 0 view .LVU37
 171 0030 0223     		movs	r3, #2
 172 0032 0A93     		str	r3, [sp, #40]
  90:Core/Src/usb_otg.c ****     PeriphClkInitStruct.PLLSAI.PLLSAIP = RCC_PLLSAIP_DIV4;
 173              		.loc 1 90 5 is_stmt 1 view .LVU38
  90:Core/Src/usb_otg.c ****     PeriphClkInitStruct.PLLSAI.PLLSAIP = RCC_PLLSAIP_DIV4;
 174              		.loc 1 90 40 is_stmt 0 view .LVU39
 175 0034 0423     		movs	r3, #4
 176 0036 0993     		str	r3, [sp, #36]
  91:Core/Src/usb_otg.c ****     PeriphClkInitStruct.PLLSAIDivQ = 1;
 177              		.loc 1 91 5 is_stmt 1 view .LVU40
  91:Core/Src/usb_otg.c ****     PeriphClkInitStruct.PLLSAIDivQ = 1;
 178              		.loc 1 91 40 is_stmt 0 view .LVU41
 179 0038 0123     		movs	r3, #1
 180 003a 0B93     		str	r3, [sp, #44]
  92:Core/Src/usb_otg.c ****     PeriphClkInitStruct.PLLSAIDivR = RCC_PLLSAIDIVR_2;
 181              		.loc 1 92 5 is_stmt 1 view .LVU42
  92:Core/Src/usb_otg.c ****     PeriphClkInitStruct.PLLSAIDivR = RCC_PLLSAIDIVR_2;
 182              		.loc 1 92 36 is_stmt 0 view .LVU43
 183 003c 0D93     		str	r3, [sp, #52]
  93:Core/Src/usb_otg.c ****     PeriphClkInitStruct.Clk48ClockSelection = RCC_CLK48SOURCE_PLLSAIP;
 184              		.loc 1 93 5 is_stmt 1 view .LVU44
  94:Core/Src/usb_otg.c ****     if (HAL_RCCEx_PeriphCLKConfig(&PeriphClkInitStruct) != HAL_OK)
 185              		.loc 1 94 5 view .LVU45
  94:Core/Src/usb_otg.c ****     if (HAL_RCCEx_PeriphCLKConfig(&PeriphClkInitStruct) != HAL_OK)
 186              		.loc 1 94 45 is_stmt 0 view .LVU46
 187 003e 4FF00063 		mov	r3, #134217728
 188 0042 2293     		str	r3, [sp, #136]
  95:Core/Src/usb_otg.c ****     {
 189              		.loc 1 95 5 is_stmt 1 view .LVU47
  95:Core/Src/usb_otg.c ****     {
 190              		.loc 1 95 9 is_stmt 0 view .LVU48
 191 0044 03A8     		add	r0, sp, #12
 192 0046 FFF7FEFF 		bl	HAL_RCCEx_PeriphCLKConfig
 193              	.LVL7:
  95:Core/Src/usb_otg.c ****     {
 194              		.loc 1 95 8 discriminator 1 view .LVU49
 195 004a 0028     		cmp	r0, #0
 196 004c 2BD1     		bne	.L13
 197              	.L10:
 100:Core/Src/usb_otg.c ****     /**USB_OTG_FS GPIO Configuration
 198              		.loc 1 100 5 is_stmt 1 view .LVU50
 199              	.LBB2:
 100:Core/Src/usb_otg.c ****     /**USB_OTG_FS GPIO Configuration
 200              		.loc 1 100 5 view .LVU51
 100:Core/Src/usb_otg.c ****     /**USB_OTG_FS GPIO Configuration
 201              		.loc 1 100 5 view .LVU52
 202 004e 174C     		ldr	r4, .L14
 203              	.LVL8:
 100:Core/Src/usb_otg.c ****     /**USB_OTG_FS GPIO Configuration
 204              		.loc 1 100 5 is_stmt 0 view .LVU53
 205 0050 236B     		ldr	r3, [r4, #48]
 206 0052 43F00103 		orr	r3, r3, #1
ARM GAS  /tmp/ccSVqP5B.s 			page 7


 207 0056 2363     		str	r3, [r4, #48]
 100:Core/Src/usb_otg.c ****     /**USB_OTG_FS GPIO Configuration
 208              		.loc 1 100 5 is_stmt 1 view .LVU54
 209 0058 236B     		ldr	r3, [r4, #48]
 210 005a 03F00103 		and	r3, r3, #1
 211 005e 0093     		str	r3, [sp]
 100:Core/Src/usb_otg.c ****     /**USB_OTG_FS GPIO Configuration
 212              		.loc 1 100 5 view .LVU55
 213 0060 009B     		ldr	r3, [sp]
 214              	.LBE2:
 100:Core/Src/usb_otg.c ****     /**USB_OTG_FS GPIO Configuration
 215              		.loc 1 100 5 view .LVU56
 105:Core/Src/usb_otg.c ****     GPIO_InitStruct.Mode = GPIO_MODE_AF_PP;
 216              		.loc 1 105 5 view .LVU57
 105:Core/Src/usb_otg.c ****     GPIO_InitStruct.Mode = GPIO_MODE_AF_PP;
 217              		.loc 1 105 25 is_stmt 0 view .LVU58
 218 0062 4FF4C053 		mov	r3, #6144
 219 0066 2793     		str	r3, [sp, #156]
 106:Core/Src/usb_otg.c ****     GPIO_InitStruct.Pull = GPIO_NOPULL;
 220              		.loc 1 106 5 is_stmt 1 view .LVU59
 106:Core/Src/usb_otg.c ****     GPIO_InitStruct.Pull = GPIO_NOPULL;
 221              		.loc 1 106 26 is_stmt 0 view .LVU60
 222 0068 0223     		movs	r3, #2
 223 006a 2893     		str	r3, [sp, #160]
 107:Core/Src/usb_otg.c ****     GPIO_InitStruct.Speed = GPIO_SPEED_FREQ_VERY_HIGH;
 224              		.loc 1 107 5 is_stmt 1 view .LVU61
 107:Core/Src/usb_otg.c ****     GPIO_InitStruct.Speed = GPIO_SPEED_FREQ_VERY_HIGH;
 225              		.loc 1 107 26 is_stmt 0 view .LVU62
 226 006c 0023     		movs	r3, #0
 227 006e 2993     		str	r3, [sp, #164]
 108:Core/Src/usb_otg.c ****     GPIO_InitStruct.Alternate = GPIO_AF10_OTG_FS;
 228              		.loc 1 108 5 is_stmt 1 view .LVU63
 108:Core/Src/usb_otg.c ****     GPIO_InitStruct.Alternate = GPIO_AF10_OTG_FS;
 229              		.loc 1 108 27 is_stmt 0 view .LVU64
 230 0070 0323     		movs	r3, #3
 231 0072 2A93     		str	r3, [sp, #168]
 109:Core/Src/usb_otg.c ****     HAL_GPIO_Init(GPIOA, &GPIO_InitStruct);
 232              		.loc 1 109 5 is_stmt 1 view .LVU65
 109:Core/Src/usb_otg.c ****     HAL_GPIO_Init(GPIOA, &GPIO_InitStruct);
 233              		.loc 1 109 31 is_stmt 0 view .LVU66
 234 0074 0A23     		movs	r3, #10
 235 0076 2B93     		str	r3, [sp, #172]
 110:Core/Src/usb_otg.c **** 
 236              		.loc 1 110 5 is_stmt 1 view .LVU67
 237 0078 27A9     		add	r1, sp, #156
 238 007a 0D48     		ldr	r0, .L14+4
 239 007c FFF7FEFF 		bl	HAL_GPIO_Init
 240              	.LVL9:
 113:Core/Src/usb_otg.c ****   /* USER CODE BEGIN USB_OTG_FS_MspInit 1 */
 241              		.loc 1 113 5 view .LVU68
 242              	.LBB3:
 113:Core/Src/usb_otg.c ****   /* USER CODE BEGIN USB_OTG_FS_MspInit 1 */
 243              		.loc 1 113 5 view .LVU69
 113:Core/Src/usb_otg.c ****   /* USER CODE BEGIN USB_OTG_FS_MspInit 1 */
 244              		.loc 1 113 5 view .LVU70
 245 0080 636B     		ldr	r3, [r4, #52]
 246 0082 43F08003 		orr	r3, r3, #128
ARM GAS  /tmp/ccSVqP5B.s 			page 8


 247 0086 6363     		str	r3, [r4, #52]
 113:Core/Src/usb_otg.c ****   /* USER CODE BEGIN USB_OTG_FS_MspInit 1 */
 248              		.loc 1 113 5 view .LVU71
 249 0088 636B     		ldr	r3, [r4, #52]
 250 008a 03F08003 		and	r3, r3, #128
 251 008e 0193     		str	r3, [sp, #4]
 113:Core/Src/usb_otg.c ****   /* USER CODE BEGIN USB_OTG_FS_MspInit 1 */
 252              		.loc 1 113 5 view .LVU72
 253 0090 019B     		ldr	r3, [sp, #4]
 113:Core/Src/usb_otg.c ****   /* USER CODE BEGIN USB_OTG_FS_MspInit 1 */
 254              		.loc 1 113 5 view .LVU73
 255              	.LBB4:
 113:Core/Src/usb_otg.c ****   /* USER CODE BEGIN USB_OTG_FS_MspInit 1 */
 256              		.loc 1 113 5 view .LVU74
 113:Core/Src/usb_otg.c ****   /* USER CODE BEGIN USB_OTG_FS_MspInit 1 */
 257              		.loc 1 113 5 view .LVU75
 258 0092 636C     		ldr	r3, [r4, #68]
 259 0094 43F48043 		orr	r3, r3, #16384
 260 0098 6364     		str	r3, [r4, #68]
 113:Core/Src/usb_otg.c ****   /* USER CODE BEGIN USB_OTG_FS_MspInit 1 */
 261              		.loc 1 113 5 view .LVU76
 262 009a 636C     		ldr	r3, [r4, #68]
 263 009c 03F48043 		and	r3, r3, #16384
 264 00a0 0293     		str	r3, [sp, #8]
 113:Core/Src/usb_otg.c ****   /* USER CODE BEGIN USB_OTG_FS_MspInit 1 */
 265              		.loc 1 113 5 view .LVU77
 266 00a2 029B     		ldr	r3, [sp, #8]
 267              	.LBE4:
 113:Core/Src/usb_otg.c ****   /* USER CODE BEGIN USB_OTG_FS_MspInit 1 */
 268              		.loc 1 113 5 discriminator 1 view .LVU78
 269              	.LBE3:
 113:Core/Src/usb_otg.c ****   /* USER CODE BEGIN USB_OTG_FS_MspInit 1 */
 270              		.loc 1 113 5 discriminator 1 view .LVU79
 271              		.loc 1 118 1 is_stmt 0 view .LVU80
 272 00a4 BDE7     		b	.L8
 273              	.LVL10:
 274              	.L13:
  97:Core/Src/usb_otg.c ****     }
 275              		.loc 1 97 7 is_stmt 1 view .LVU81
 276 00a6 FFF7FEFF 		bl	Error_Handler
 277              	.LVL11:
 278 00aa D0E7     		b	.L10
 279              	.L15:
 280              		.align	2
 281              	.L14:
 282 00ac 00380240 		.word	1073887232
 283 00b0 00000240 		.word	1073872896
 284              		.cfi_endproc
 285              	.LFE143:
 287              		.section	.text.HAL_HCD_MspDeInit,"ax",%progbits
 288              		.align	1
 289              		.global	HAL_HCD_MspDeInit
 290              		.syntax unified
 291              		.thumb
 292              		.thumb_func
 294              	HAL_HCD_MspDeInit:
 295              	.LVL12:
ARM GAS  /tmp/ccSVqP5B.s 			page 9


 296              	.LFB144:
 119:Core/Src/usb_otg.c **** 
 120:Core/Src/usb_otg.c **** void HAL_HCD_MspDeInit(HCD_HandleTypeDef* hcdHandle)
 121:Core/Src/usb_otg.c **** {
 297              		.loc 1 121 1 view -0
 298              		.cfi_startproc
 299              		@ args = 0, pretend = 0, frame = 0
 300              		@ frame_needed = 0, uses_anonymous_args = 0
 301              		.loc 1 121 1 is_stmt 0 view .LVU83
 302 0000 08B5     		push	{r3, lr}
 303              	.LCFI5:
 304              		.cfi_def_cfa_offset 8
 305              		.cfi_offset 3, -8
 306              		.cfi_offset 14, -4
 122:Core/Src/usb_otg.c **** 
 123:Core/Src/usb_otg.c ****   if(hcdHandle->Instance==USB_OTG_FS)
 307              		.loc 1 123 3 is_stmt 1 view .LVU84
 308              		.loc 1 123 15 is_stmt 0 view .LVU85
 309 0002 0368     		ldr	r3, [r0]
 310              		.loc 1 123 5 view .LVU86
 311 0004 B3F1A04F 		cmp	r3, #1342177280
 312 0008 00D0     		beq	.L19
 313              	.LVL13:
 314              	.L16:
 124:Core/Src/usb_otg.c ****   {
 125:Core/Src/usb_otg.c ****   /* USER CODE BEGIN USB_OTG_FS_MspDeInit 0 */
 126:Core/Src/usb_otg.c **** 
 127:Core/Src/usb_otg.c ****   /* USER CODE END USB_OTG_FS_MspDeInit 0 */
 128:Core/Src/usb_otg.c ****     /* Peripheral clock disable */
 129:Core/Src/usb_otg.c ****     __HAL_RCC_USB_OTG_FS_CLK_DISABLE();
 130:Core/Src/usb_otg.c **** 
 131:Core/Src/usb_otg.c ****     /**USB_OTG_FS GPIO Configuration
 132:Core/Src/usb_otg.c ****     PA11     ------> USB_OTG_FS_DM
 133:Core/Src/usb_otg.c ****     PA12     ------> USB_OTG_FS_DP
 134:Core/Src/usb_otg.c ****     */
 135:Core/Src/usb_otg.c ****     HAL_GPIO_DeInit(GPIOA, GPIO_PIN_11|GPIO_PIN_12);
 136:Core/Src/usb_otg.c **** 
 137:Core/Src/usb_otg.c ****   /* USER CODE BEGIN USB_OTG_FS_MspDeInit 1 */
 138:Core/Src/usb_otg.c **** 
 139:Core/Src/usb_otg.c ****   /* USER CODE END USB_OTG_FS_MspDeInit 1 */
 140:Core/Src/usb_otg.c ****   }
 141:Core/Src/usb_otg.c **** }
 315              		.loc 1 141 1 view .LVU87
 316 000a 08BD     		pop	{r3, pc}
 317              	.LVL14:
 318              	.L19:
 129:Core/Src/usb_otg.c **** 
 319              		.loc 1 129 5 is_stmt 1 view .LVU88
 320 000c 054A     		ldr	r2, .L20
 321 000e 536B     		ldr	r3, [r2, #52]
 322 0010 23F08003 		bic	r3, r3, #128
 323 0014 5363     		str	r3, [r2, #52]
 135:Core/Src/usb_otg.c **** 
 324              		.loc 1 135 5 view .LVU89
 325 0016 4FF4C051 		mov	r1, #6144
 326 001a 0348     		ldr	r0, .L20+4
 327              	.LVL15:
ARM GAS  /tmp/ccSVqP5B.s 			page 10


 135:Core/Src/usb_otg.c **** 
 328              		.loc 1 135 5 is_stmt 0 view .LVU90
 329 001c FFF7FEFF 		bl	HAL_GPIO_DeInit
 330              	.LVL16:
 331              		.loc 1 141 1 view .LVU91
 332 0020 F3E7     		b	.L16
 333              	.L21:
 334 0022 00BF     		.align	2
 335              	.L20:
 336 0024 00380240 		.word	1073887232
 337 0028 00000240 		.word	1073872896
 338              		.cfi_endproc
 339              	.LFE144:
 341              		.global	hhcd_USB_OTG_FS
 342              		.section	.bss.hhcd_USB_OTG_FS,"aw",%nobits
 343              		.align	2
 346              	hhcd_USB_OTG_FS:
 347 0000 00000000 		.space	992
 347      00000000 
 347      00000000 
 347      00000000 
 347      00000000 
 348              		.text
 349              	.Letext0:
 350              		.file 2 "/usr/lib/gcc/arm-none-eabi/13.2.1/include/stdint.h"
 351              		.file 3 "Drivers/CMSIS/Device/ST/STM32F7xx/Include/stm32f765xx.h"
 352              		.file 4 "Drivers/CMSIS/Device/ST/STM32F7xx/Include/stm32f7xx.h"
 353              		.file 5 "Drivers/STM32F7xx_HAL_Driver/Inc/stm32f7xx_hal_def.h"
 354              		.file 6 "Drivers/STM32F7xx_HAL_Driver/Inc/stm32f7xx_hal_rcc_ex.h"
 355              		.file 7 "Drivers/STM32F7xx_HAL_Driver/Inc/stm32f7xx_hal_gpio.h"
 356              		.file 8 "Drivers/STM32F7xx_HAL_Driver/Inc/stm32f7xx_ll_usb.h"
 357              		.file 9 "Drivers/STM32F7xx_HAL_Driver/Inc/stm32f7xx_hal_hcd.h"
 358              		.file 10 "Core/Inc/usb_otg.h"
 359              		.file 11 "Core/Inc/main.h"
 360              		.file 12 "<built-in>"
ARM GAS  /tmp/ccSVqP5B.s 			page 11


DEFINED SYMBOLS
                            *ABS*:00000000 usb_otg.c
     /tmp/ccSVqP5B.s:20     .text.MX_USB_OTG_FS_HCD_Init:00000000 $t
     /tmp/ccSVqP5B.s:26     .text.MX_USB_OTG_FS_HCD_Init:00000000 MX_USB_OTG_FS_HCD_Init
     /tmp/ccSVqP5B.s:79     .text.MX_USB_OTG_FS_HCD_Init:0000002c $d
     /tmp/ccSVqP5B.s:346    .bss.hhcd_USB_OTG_FS:00000000 hhcd_USB_OTG_FS
     /tmp/ccSVqP5B.s:84     .text.MX_USB_OTG_HS_USB_Init:00000000 $t
     /tmp/ccSVqP5B.s:90     .text.MX_USB_OTG_HS_USB_Init:00000000 MX_USB_OTG_HS_USB_Init
     /tmp/ccSVqP5B.s:103    .text.HAL_HCD_MspInit:00000000 $t
     /tmp/ccSVqP5B.s:109    .text.HAL_HCD_MspInit:00000000 HAL_HCD_MspInit
     /tmp/ccSVqP5B.s:282    .text.HAL_HCD_MspInit:000000ac $d
     /tmp/ccSVqP5B.s:288    .text.HAL_HCD_MspDeInit:00000000 $t
     /tmp/ccSVqP5B.s:294    .text.HAL_HCD_MspDeInit:00000000 HAL_HCD_MspDeInit
     /tmp/ccSVqP5B.s:336    .text.HAL_HCD_MspDeInit:00000024 $d
     /tmp/ccSVqP5B.s:343    .bss.hhcd_USB_OTG_FS:00000000 $d

UNDEFINED SYMBOLS
HAL_HCD_Init
Error_Handler
memset
HAL_RCCEx_PeriphCLKConfig
HAL_GPIO_Init
HAL_GPIO_DeInit
