ARM GAS  /tmp/ccSgHOzR.s 			page 1


   1              		.cpu cortex-m7
   2              		.arch armv7e-m
   3              		.fpu fpv5-d16
   4              		.eabi_attribute 28, 1
   5              		.eabi_attribute 20, 1
   6              		.eabi_attribute 21, 1
   7              		.eabi_attribute 23, 3
   8              		.eabi_attribute 24, 1
   9              		.eabi_attribute 25, 1
  10              		.eabi_attribute 26, 1
  11              		.eabi_attribute 30, 1
  12              		.eabi_attribute 34, 1
  13              		.eabi_attribute 18, 4
  14              		.file	"ux_device_class_audio_entry.c"
  15              		.text
  16              	.Ltext0:
  17              		.cfi_sections	.debug_frame
  18              		.file 1 "Middlewares/ST/usbx/common/usbx_device_classes/src/ux_device_class_audio_entry.c"
  19              		.section	.text._ux_device_class_audio_entry,"ax",%progbits
  20              		.align	1
  21              		.global	_ux_device_class_audio_entry
  22              		.syntax unified
  23              		.thumb
  24              		.thumb_func
  26              	_ux_device_class_audio_entry:
  27              	.LVL0:
  28              	.LFB11:
   1:Middlewares/ST/usbx/common/usbx_device_classes/src/ux_device_class_audio_entry.c **** /**************************************************************************/
   2:Middlewares/ST/usbx/common/usbx_device_classes/src/ux_device_class_audio_entry.c **** /*                                                                        */
   3:Middlewares/ST/usbx/common/usbx_device_classes/src/ux_device_class_audio_entry.c **** /*       Copyright (c) Microsoft Corporation. All rights reserved.        */
   4:Middlewares/ST/usbx/common/usbx_device_classes/src/ux_device_class_audio_entry.c **** /*                                                                        */
   5:Middlewares/ST/usbx/common/usbx_device_classes/src/ux_device_class_audio_entry.c **** /*       This software is licensed under the Microsoft Software License   */
   6:Middlewares/ST/usbx/common/usbx_device_classes/src/ux_device_class_audio_entry.c **** /*       Terms for Microsoft Azure RTOS. Full text of the license can be  */
   7:Middlewares/ST/usbx/common/usbx_device_classes/src/ux_device_class_audio_entry.c **** /*       found in the LICENSE file at https://aka.ms/AzureRTOS_EULA       */
   8:Middlewares/ST/usbx/common/usbx_device_classes/src/ux_device_class_audio_entry.c **** /*       and in the root directory of this software.                      */
   9:Middlewares/ST/usbx/common/usbx_device_classes/src/ux_device_class_audio_entry.c **** /*                                                                        */
  10:Middlewares/ST/usbx/common/usbx_device_classes/src/ux_device_class_audio_entry.c **** /**************************************************************************/
  11:Middlewares/ST/usbx/common/usbx_device_classes/src/ux_device_class_audio_entry.c **** 
  12:Middlewares/ST/usbx/common/usbx_device_classes/src/ux_device_class_audio_entry.c **** /**************************************************************************/
  13:Middlewares/ST/usbx/common/usbx_device_classes/src/ux_device_class_audio_entry.c **** /**************************************************************************/
  14:Middlewares/ST/usbx/common/usbx_device_classes/src/ux_device_class_audio_entry.c **** /**                                                                       */
  15:Middlewares/ST/usbx/common/usbx_device_classes/src/ux_device_class_audio_entry.c **** /** USBX Component                                                        */
  16:Middlewares/ST/usbx/common/usbx_device_classes/src/ux_device_class_audio_entry.c **** /**                                                                       */
  17:Middlewares/ST/usbx/common/usbx_device_classes/src/ux_device_class_audio_entry.c **** /**   Device Audio Class                                                    */
  18:Middlewares/ST/usbx/common/usbx_device_classes/src/ux_device_class_audio_entry.c **** /**                                                                       */
  19:Middlewares/ST/usbx/common/usbx_device_classes/src/ux_device_class_audio_entry.c **** /**************************************************************************/
  20:Middlewares/ST/usbx/common/usbx_device_classes/src/ux_device_class_audio_entry.c **** /**************************************************************************/
  21:Middlewares/ST/usbx/common/usbx_device_classes/src/ux_device_class_audio_entry.c **** 
  22:Middlewares/ST/usbx/common/usbx_device_classes/src/ux_device_class_audio_entry.c **** #define UX_SOURCE_CODE
  23:Middlewares/ST/usbx/common/usbx_device_classes/src/ux_device_class_audio_entry.c **** 
  24:Middlewares/ST/usbx/common/usbx_device_classes/src/ux_device_class_audio_entry.c **** 
  25:Middlewares/ST/usbx/common/usbx_device_classes/src/ux_device_class_audio_entry.c **** /* Include necessary system files.  */
  26:Middlewares/ST/usbx/common/usbx_device_classes/src/ux_device_class_audio_entry.c **** 
  27:Middlewares/ST/usbx/common/usbx_device_classes/src/ux_device_class_audio_entry.c **** #include "ux_api.h"
  28:Middlewares/ST/usbx/common/usbx_device_classes/src/ux_device_class_audio_entry.c **** #include "ux_device_class_audio.h"
  29:Middlewares/ST/usbx/common/usbx_device_classes/src/ux_device_class_audio_entry.c **** #include "ux_device_stack.h"
  30:Middlewares/ST/usbx/common/usbx_device_classes/src/ux_device_class_audio_entry.c **** 
ARM GAS  /tmp/ccSgHOzR.s 			page 2


  31:Middlewares/ST/usbx/common/usbx_device_classes/src/ux_device_class_audio_entry.c **** 
  32:Middlewares/ST/usbx/common/usbx_device_classes/src/ux_device_class_audio_entry.c **** /**************************************************************************/
  33:Middlewares/ST/usbx/common/usbx_device_classes/src/ux_device_class_audio_entry.c **** /*                                                                        */
  34:Middlewares/ST/usbx/common/usbx_device_classes/src/ux_device_class_audio_entry.c **** /*  FUNCTION                                               RELEASE        */
  35:Middlewares/ST/usbx/common/usbx_device_classes/src/ux_device_class_audio_entry.c **** /*                                                                        */
  36:Middlewares/ST/usbx/common/usbx_device_classes/src/ux_device_class_audio_entry.c **** /*    _ux_device_class_audio_entry                        PORTABLE C      */
  37:Middlewares/ST/usbx/common/usbx_device_classes/src/ux_device_class_audio_entry.c **** /*                                                           6.1          */
  38:Middlewares/ST/usbx/common/usbx_device_classes/src/ux_device_class_audio_entry.c **** /*  AUTHOR                                                                */
  39:Middlewares/ST/usbx/common/usbx_device_classes/src/ux_device_class_audio_entry.c **** /*                                                                        */
  40:Middlewares/ST/usbx/common/usbx_device_classes/src/ux_device_class_audio_entry.c **** /*    Chaoqiong Xiao, Microsoft Corporation                               */
  41:Middlewares/ST/usbx/common/usbx_device_classes/src/ux_device_class_audio_entry.c **** /*                                                                        */
  42:Middlewares/ST/usbx/common/usbx_device_classes/src/ux_device_class_audio_entry.c **** /*  DESCRIPTION                                                           */
  43:Middlewares/ST/usbx/common/usbx_device_classes/src/ux_device_class_audio_entry.c **** /*                                                                        */
  44:Middlewares/ST/usbx/common/usbx_device_classes/src/ux_device_class_audio_entry.c **** /*    This function is the entry point of the audio class. It             */
  45:Middlewares/ST/usbx/common/usbx_device_classes/src/ux_device_class_audio_entry.c **** /*    will be called by the device stack enumeration module when the      */
  46:Middlewares/ST/usbx/common/usbx_device_classes/src/ux_device_class_audio_entry.c **** /*    host has sent a SET_CONFIGURATION command and the audio interface   */
  47:Middlewares/ST/usbx/common/usbx_device_classes/src/ux_device_class_audio_entry.c **** /*    needs to be mounted.                                                */
  48:Middlewares/ST/usbx/common/usbx_device_classes/src/ux_device_class_audio_entry.c **** /*                                                                        */
  49:Middlewares/ST/usbx/common/usbx_device_classes/src/ux_device_class_audio_entry.c **** /*  INPUT                                                                 */
  50:Middlewares/ST/usbx/common/usbx_device_classes/src/ux_device_class_audio_entry.c **** /*                                                                        */
  51:Middlewares/ST/usbx/common/usbx_device_classes/src/ux_device_class_audio_entry.c **** /*    command                               Pointer to class command      */
  52:Middlewares/ST/usbx/common/usbx_device_classes/src/ux_device_class_audio_entry.c **** /*                                                                        */
  53:Middlewares/ST/usbx/common/usbx_device_classes/src/ux_device_class_audio_entry.c **** /*  OUTPUT                                                                */
  54:Middlewares/ST/usbx/common/usbx_device_classes/src/ux_device_class_audio_entry.c **** /*                                                                        */
  55:Middlewares/ST/usbx/common/usbx_device_classes/src/ux_device_class_audio_entry.c **** /*    Completion Status                                                   */
  56:Middlewares/ST/usbx/common/usbx_device_classes/src/ux_device_class_audio_entry.c **** /*                                                                        */
  57:Middlewares/ST/usbx/common/usbx_device_classes/src/ux_device_class_audio_entry.c **** /*  CALLS                                                                 */
  58:Middlewares/ST/usbx/common/usbx_device_classes/src/ux_device_class_audio_entry.c **** /*                                                                        */
  59:Middlewares/ST/usbx/common/usbx_device_classes/src/ux_device_class_audio_entry.c **** /*    _ux_device_class_audio_initialize         Initialize audio class    */
  60:Middlewares/ST/usbx/common/usbx_device_classes/src/ux_device_class_audio_entry.c **** /*    _ux_device_class_audio_uninitialize       Uninitialize audio class  */
  61:Middlewares/ST/usbx/common/usbx_device_classes/src/ux_device_class_audio_entry.c **** /*    _ux_device_class_audio_activate           Activate audio class      */
  62:Middlewares/ST/usbx/common/usbx_device_classes/src/ux_device_class_audio_entry.c **** /*    _ux_device_class_audio_change             Change audio interface    */
  63:Middlewares/ST/usbx/common/usbx_device_classes/src/ux_device_class_audio_entry.c **** /*    _ux_device_class_audio_deactivate         Deactivate audio class    */
  64:Middlewares/ST/usbx/common/usbx_device_classes/src/ux_device_class_audio_entry.c **** /*    _ux_device_class_audio_control_request    Request control           */
  65:Middlewares/ST/usbx/common/usbx_device_classes/src/ux_device_class_audio_entry.c **** /*                                                                        */
  66:Middlewares/ST/usbx/common/usbx_device_classes/src/ux_device_class_audio_entry.c **** /*  CALLED BY                                                             */
  67:Middlewares/ST/usbx/common/usbx_device_classes/src/ux_device_class_audio_entry.c **** /*                                                                        */
  68:Middlewares/ST/usbx/common/usbx_device_classes/src/ux_device_class_audio_entry.c **** /*    Device Stack                                                        */
  69:Middlewares/ST/usbx/common/usbx_device_classes/src/ux_device_class_audio_entry.c **** /*                                                                        */
  70:Middlewares/ST/usbx/common/usbx_device_classes/src/ux_device_class_audio_entry.c **** /*  RELEASE HISTORY                                                       */
  71:Middlewares/ST/usbx/common/usbx_device_classes/src/ux_device_class_audio_entry.c **** /*                                                                        */
  72:Middlewares/ST/usbx/common/usbx_device_classes/src/ux_device_class_audio_entry.c **** /*    DATE              NAME                      DESCRIPTION             */
  73:Middlewares/ST/usbx/common/usbx_device_classes/src/ux_device_class_audio_entry.c **** /*                                                                        */
  74:Middlewares/ST/usbx/common/usbx_device_classes/src/ux_device_class_audio_entry.c **** /*  05-19-2020     Chaoqiong Xiao           Initial Version 6.0           */
  75:Middlewares/ST/usbx/common/usbx_device_classes/src/ux_device_class_audio_entry.c **** /*  09-30-2020     Chaoqiong Xiao           Modified comment(s),          */
  76:Middlewares/ST/usbx/common/usbx_device_classes/src/ux_device_class_audio_entry.c **** /*                                            resulting in version 6.1    */
  77:Middlewares/ST/usbx/common/usbx_device_classes/src/ux_device_class_audio_entry.c **** /*                                                                        */
  78:Middlewares/ST/usbx/common/usbx_device_classes/src/ux_device_class_audio_entry.c **** /**************************************************************************/
  79:Middlewares/ST/usbx/common/usbx_device_classes/src/ux_device_class_audio_entry.c **** UINT  _ux_device_class_audio_entry(UX_SLAVE_CLASS_COMMAND *command)
  80:Middlewares/ST/usbx/common/usbx_device_classes/src/ux_device_class_audio_entry.c **** {
  29              		.loc 1 80 1 view -0
  30              		.cfi_startproc
  31              		@ args = 0, pretend = 0, frame = 0
  32              		@ frame_needed = 0, uses_anonymous_args = 0
  33              		.loc 1 80 1 is_stmt 0 view .LVU1
  34 0000 08B5     		push	{r3, lr}
  35              	.LCFI0:
ARM GAS  /tmp/ccSgHOzR.s 			page 3


  36              		.cfi_def_cfa_offset 8
  37              		.cfi_offset 3, -8
  38              		.cfi_offset 14, -4
  81:Middlewares/ST/usbx/common/usbx_device_classes/src/ux_device_class_audio_entry.c **** 
  82:Middlewares/ST/usbx/common/usbx_device_classes/src/ux_device_class_audio_entry.c **** UINT        status;
  39              		.loc 1 82 1 is_stmt 1 view .LVU2
  83:Middlewares/ST/usbx/common/usbx_device_classes/src/ux_device_class_audio_entry.c **** 
  84:Middlewares/ST/usbx/common/usbx_device_classes/src/ux_device_class_audio_entry.c **** 
  85:Middlewares/ST/usbx/common/usbx_device_classes/src/ux_device_class_audio_entry.c ****     /* The command request will tell us we need to do here, either a enumeration
  86:Middlewares/ST/usbx/common/usbx_device_classes/src/ux_device_class_audio_entry.c ****        query, an activation or a deactivation.  */
  87:Middlewares/ST/usbx/common/usbx_device_classes/src/ux_device_class_audio_entry.c ****     switch (command -> ux_slave_class_command_request)
  40              		.loc 1 87 5 view .LVU3
  41              		.loc 1 87 21 is_stmt 0 view .LVU4
  42 0002 0368     		ldr	r3, [r0]
  43              		.loc 1 87 5 view .LVU5
  44 0004 013B     		subs	r3, r3, #1
  45 0006 062B     		cmp	r3, #6
  46 0008 24D8     		bhi	.L11
  47 000a DFE803F0 		tbb	[pc, r3]
  48              	.L4:
  49 000e 0A       		.byte	(.L10-.L4)/2
  50 000f 16       		.byte	(.L9-.L4)/2
  51 0010 1C       		.byte	(.L8-.L4)/2
  52 0011 1F       		.byte	(.L7-.L4)/2
  53 0012 04       		.byte	(.L6-.L4)/2
  54 0013 19       		.byte	(.L5-.L4)/2
  55 0014 07       		.byte	(.L3-.L4)/2
  56 0015 00       		.p2align 1
  57              	.L6:
  88:Middlewares/ST/usbx/common/usbx_device_classes/src/ux_device_class_audio_entry.c ****     {
  89:Middlewares/ST/usbx/common/usbx_device_classes/src/ux_device_class_audio_entry.c **** 
  90:Middlewares/ST/usbx/common/usbx_device_classes/src/ux_device_class_audio_entry.c ****     case UX_SLAVE_CLASS_COMMAND_INITIALIZE:
  91:Middlewares/ST/usbx/common/usbx_device_classes/src/ux_device_class_audio_entry.c **** 
  92:Middlewares/ST/usbx/common/usbx_device_classes/src/ux_device_class_audio_entry.c ****         /* Call the init function of the Audio class.  */
  93:Middlewares/ST/usbx/common/usbx_device_classes/src/ux_device_class_audio_entry.c ****         status =  _ux_device_class_audio_initialize(command);
  58              		.loc 1 93 9 is_stmt 1 view .LVU6
  59              		.loc 1 93 19 is_stmt 0 view .LVU7
  60 0016 FFF7FEFF 		bl	_ux_device_class_audio_initialize
  61              	.LVL1:
  94:Middlewares/ST/usbx/common/usbx_device_classes/src/ux_device_class_audio_entry.c **** 
  95:Middlewares/ST/usbx/common/usbx_device_classes/src/ux_device_class_audio_entry.c ****         /* Return the completion status.  */
  96:Middlewares/ST/usbx/common/usbx_device_classes/src/ux_device_class_audio_entry.c ****         return(status);
  62              		.loc 1 96 9 is_stmt 1 view .LVU8
  63              	.L1:
  97:Middlewares/ST/usbx/common/usbx_device_classes/src/ux_device_class_audio_entry.c **** 
  98:Middlewares/ST/usbx/common/usbx_device_classes/src/ux_device_class_audio_entry.c ****     case UX_SLAVE_CLASS_COMMAND_UNINITIALIZE:
  99:Middlewares/ST/usbx/common/usbx_device_classes/src/ux_device_class_audio_entry.c **** 
 100:Middlewares/ST/usbx/common/usbx_device_classes/src/ux_device_class_audio_entry.c ****         /* Call the init function of the Audio class.  */
 101:Middlewares/ST/usbx/common/usbx_device_classes/src/ux_device_class_audio_entry.c ****         status =  _ux_device_class_audio_uninitialize(command);
 102:Middlewares/ST/usbx/common/usbx_device_classes/src/ux_device_class_audio_entry.c **** 
 103:Middlewares/ST/usbx/common/usbx_device_classes/src/ux_device_class_audio_entry.c ****         /* Return the completion status.  */
 104:Middlewares/ST/usbx/common/usbx_device_classes/src/ux_device_class_audio_entry.c ****         return(status);
 105:Middlewares/ST/usbx/common/usbx_device_classes/src/ux_device_class_audio_entry.c **** 
 106:Middlewares/ST/usbx/common/usbx_device_classes/src/ux_device_class_audio_entry.c ****     case UX_SLAVE_CLASS_COMMAND_QUERY:
 107:Middlewares/ST/usbx/common/usbx_device_classes/src/ux_device_class_audio_entry.c **** 
 108:Middlewares/ST/usbx/common/usbx_device_classes/src/ux_device_class_audio_entry.c ****         /* Check the CLASS definition in the interface descriptor. */
 109:Middlewares/ST/usbx/common/usbx_device_classes/src/ux_device_class_audio_entry.c ****         if (command -> ux_slave_class_command_class == UX_DEVICE_CLASS_AUDIO_CLASS)
ARM GAS  /tmp/ccSgHOzR.s 			page 4


 110:Middlewares/ST/usbx/common/usbx_device_classes/src/ux_device_class_audio_entry.c ****         {
 111:Middlewares/ST/usbx/common/usbx_device_classes/src/ux_device_class_audio_entry.c ****             if (command -> ux_slave_class_command_subclass == UX_DEVICE_CLASS_AUDIO_SUBCLASS_CONTRO
 112:Middlewares/ST/usbx/common/usbx_device_classes/src/ux_device_class_audio_entry.c ****                 return(UX_SUCCESS);
 113:Middlewares/ST/usbx/common/usbx_device_classes/src/ux_device_class_audio_entry.c ****             if (command -> ux_slave_class_command_subclass == UX_DEVICE_CLASS_AUDIO_SUBCLASS_AUDIOS
 114:Middlewares/ST/usbx/common/usbx_device_classes/src/ux_device_class_audio_entry.c ****                 return(UX_SUCCESS);
 115:Middlewares/ST/usbx/common/usbx_device_classes/src/ux_device_class_audio_entry.c ****         }
 116:Middlewares/ST/usbx/common/usbx_device_classes/src/ux_device_class_audio_entry.c ****         return(UX_NO_CLASS_MATCH);
 117:Middlewares/ST/usbx/common/usbx_device_classes/src/ux_device_class_audio_entry.c **** 
 118:Middlewares/ST/usbx/common/usbx_device_classes/src/ux_device_class_audio_entry.c ****     case UX_SLAVE_CLASS_COMMAND_ACTIVATE:
 119:Middlewares/ST/usbx/common/usbx_device_classes/src/ux_device_class_audio_entry.c **** 
 120:Middlewares/ST/usbx/common/usbx_device_classes/src/ux_device_class_audio_entry.c ****         /* The activate command is used when the host has sent a SET_CONFIGURATION command
 121:Middlewares/ST/usbx/common/usbx_device_classes/src/ux_device_class_audio_entry.c ****            and this interface has to be mounted. Both Bulk endpoints have to be mounted
 122:Middlewares/ST/usbx/common/usbx_device_classes/src/ux_device_class_audio_entry.c ****            and the audio thread needs to be activated.  */
 123:Middlewares/ST/usbx/common/usbx_device_classes/src/ux_device_class_audio_entry.c ****         status =  _ux_device_class_audio_activate(command);
 124:Middlewares/ST/usbx/common/usbx_device_classes/src/ux_device_class_audio_entry.c **** 
 125:Middlewares/ST/usbx/common/usbx_device_classes/src/ux_device_class_audio_entry.c ****         /* Return the completion status.  */
 126:Middlewares/ST/usbx/common/usbx_device_classes/src/ux_device_class_audio_entry.c ****         return(status);
 127:Middlewares/ST/usbx/common/usbx_device_classes/src/ux_device_class_audio_entry.c **** 
 128:Middlewares/ST/usbx/common/usbx_device_classes/src/ux_device_class_audio_entry.c ****     case UX_SLAVE_CLASS_COMMAND_CHANGE:
 129:Middlewares/ST/usbx/common/usbx_device_classes/src/ux_device_class_audio_entry.c **** 
 130:Middlewares/ST/usbx/common/usbx_device_classes/src/ux_device_class_audio_entry.c ****         /* The change command is used when the host has sent a SET_INTERFACE command
 131:Middlewares/ST/usbx/common/usbx_device_classes/src/ux_device_class_audio_entry.c ****            to go from Alternate Setting 0 to 1 or revert to the default mode.  */
 132:Middlewares/ST/usbx/common/usbx_device_classes/src/ux_device_class_audio_entry.c ****         status =  _ux_device_class_audio_change(command);
 133:Middlewares/ST/usbx/common/usbx_device_classes/src/ux_device_class_audio_entry.c **** 
 134:Middlewares/ST/usbx/common/usbx_device_classes/src/ux_device_class_audio_entry.c ****         /* Return the completion status.  */
 135:Middlewares/ST/usbx/common/usbx_device_classes/src/ux_device_class_audio_entry.c ****         return(status);
 136:Middlewares/ST/usbx/common/usbx_device_classes/src/ux_device_class_audio_entry.c **** 
 137:Middlewares/ST/usbx/common/usbx_device_classes/src/ux_device_class_audio_entry.c ****     case UX_SLAVE_CLASS_COMMAND_DEACTIVATE:
 138:Middlewares/ST/usbx/common/usbx_device_classes/src/ux_device_class_audio_entry.c **** 
 139:Middlewares/ST/usbx/common/usbx_device_classes/src/ux_device_class_audio_entry.c ****         /* The deactivate command is used when the device has been extracted.
 140:Middlewares/ST/usbx/common/usbx_device_classes/src/ux_device_class_audio_entry.c ****            The device endpoints have to be dismounted and the audio thread canceled.  */
 141:Middlewares/ST/usbx/common/usbx_device_classes/src/ux_device_class_audio_entry.c ****         status =  _ux_device_class_audio_deactivate(command);
 142:Middlewares/ST/usbx/common/usbx_device_classes/src/ux_device_class_audio_entry.c **** 
 143:Middlewares/ST/usbx/common/usbx_device_classes/src/ux_device_class_audio_entry.c ****         /* Return the completion status.  */
 144:Middlewares/ST/usbx/common/usbx_device_classes/src/ux_device_class_audio_entry.c ****         return(status);
 145:Middlewares/ST/usbx/common/usbx_device_classes/src/ux_device_class_audio_entry.c **** 
 146:Middlewares/ST/usbx/common/usbx_device_classes/src/ux_device_class_audio_entry.c ****     case UX_SLAVE_CLASS_COMMAND_REQUEST:
 147:Middlewares/ST/usbx/common/usbx_device_classes/src/ux_device_class_audio_entry.c **** 
 148:Middlewares/ST/usbx/common/usbx_device_classes/src/ux_device_class_audio_entry.c ****         /* The request command is used when the host sends a command on the control endpoint.  */
 149:Middlewares/ST/usbx/common/usbx_device_classes/src/ux_device_class_audio_entry.c ****         _ux_device_class_audio_control_request(command);
 150:Middlewares/ST/usbx/common/usbx_device_classes/src/ux_device_class_audio_entry.c **** 
 151:Middlewares/ST/usbx/common/usbx_device_classes/src/ux_device_class_audio_entry.c ****         /* Return the completion status.  */
 152:Middlewares/ST/usbx/common/usbx_device_classes/src/ux_device_class_audio_entry.c ****         return(UX_SUCCESS);
 153:Middlewares/ST/usbx/common/usbx_device_classes/src/ux_device_class_audio_entry.c **** 
 154:Middlewares/ST/usbx/common/usbx_device_classes/src/ux_device_class_audio_entry.c ****     default:
 155:Middlewares/ST/usbx/common/usbx_device_classes/src/ux_device_class_audio_entry.c **** 
 156:Middlewares/ST/usbx/common/usbx_device_classes/src/ux_device_class_audio_entry.c ****         /* Return an error.  */
 157:Middlewares/ST/usbx/common/usbx_device_classes/src/ux_device_class_audio_entry.c ****         return(UX_FUNCTION_NOT_SUPPORTED);
 158:Middlewares/ST/usbx/common/usbx_device_classes/src/ux_device_class_audio_entry.c ****     }
 159:Middlewares/ST/usbx/common/usbx_device_classes/src/ux_device_class_audio_entry.c **** }
  64              		.loc 1 159 1 is_stmt 0 view .LVU9
  65 001a 08BD     		pop	{r3, pc}
  66              	.LVL2:
  67              	.L3:
 101:Middlewares/ST/usbx/common/usbx_device_classes/src/ux_device_class_audio_entry.c **** 
  68              		.loc 1 101 9 is_stmt 1 view .LVU10
 101:Middlewares/ST/usbx/common/usbx_device_classes/src/ux_device_class_audio_entry.c **** 
ARM GAS  /tmp/ccSgHOzR.s 			page 5


  69              		.loc 1 101 19 is_stmt 0 view .LVU11
  70 001c FFF7FEFF 		bl	_ux_device_class_audio_uninitialize
  71              	.LVL3:
 104:Middlewares/ST/usbx/common/usbx_device_classes/src/ux_device_class_audio_entry.c **** 
  72              		.loc 1 104 9 is_stmt 1 view .LVU12
 104:Middlewares/ST/usbx/common/usbx_device_classes/src/ux_device_class_audio_entry.c **** 
  73              		.loc 1 104 15 is_stmt 0 view .LVU13
  74 0020 FBE7     		b	.L1
  75              	.LVL4:
  76              	.L10:
 109:Middlewares/ST/usbx/common/usbx_device_classes/src/ux_device_class_audio_entry.c ****         {
  77              		.loc 1 109 9 is_stmt 1 view .LVU14
 109:Middlewares/ST/usbx/common/usbx_device_classes/src/ux_device_class_audio_entry.c ****         {
  78              		.loc 1 109 21 is_stmt 0 view .LVU15
  79 0022 4369     		ldr	r3, [r0, #20]
 109:Middlewares/ST/usbx/common/usbx_device_classes/src/ux_device_class_audio_entry.c ****         {
  80              		.loc 1 109 12 view .LVU16
  81 0024 012B     		cmp	r3, #1
  82 0026 01D0     		beq	.L16
 116:Middlewares/ST/usbx/common/usbx_device_classes/src/ux_device_class_audio_entry.c **** 
  83              		.loc 1 116 15 view .LVU17
  84 0028 5720     		movs	r0, #87
  85              	.LVL5:
 116:Middlewares/ST/usbx/common/usbx_device_classes/src/ux_device_class_audio_entry.c **** 
  86              		.loc 1 116 15 view .LVU18
  87 002a F6E7     		b	.L1
  88              	.LVL6:
  89              	.L16:
 111:Middlewares/ST/usbx/common/usbx_device_classes/src/ux_device_class_audio_entry.c ****                 return(UX_SUCCESS);
  90              		.loc 1 111 13 is_stmt 1 view .LVU19
 111:Middlewares/ST/usbx/common/usbx_device_classes/src/ux_device_class_audio_entry.c ****                 return(UX_SUCCESS);
  91              		.loc 1 111 25 is_stmt 0 view .LVU20
  92 002c 8369     		ldr	r3, [r0, #24]
 111:Middlewares/ST/usbx/common/usbx_device_classes/src/ux_device_class_audio_entry.c ****                 return(UX_SUCCESS);
  93              		.loc 1 111 16 view .LVU21
  94 002e 012B     		cmp	r3, #1
  95 0030 12D0     		beq	.L13
 113:Middlewares/ST/usbx/common/usbx_device_classes/src/ux_device_class_audio_entry.c ****                 return(UX_SUCCESS);
  96              		.loc 1 113 13 is_stmt 1 view .LVU22
 113:Middlewares/ST/usbx/common/usbx_device_classes/src/ux_device_class_audio_entry.c ****                 return(UX_SUCCESS);
  97              		.loc 1 113 16 is_stmt 0 view .LVU23
  98 0032 022B     		cmp	r3, #2
  99 0034 12D0     		beq	.L14
 116:Middlewares/ST/usbx/common/usbx_device_classes/src/ux_device_class_audio_entry.c **** 
 100              		.loc 1 116 15 view .LVU24
 101 0036 5720     		movs	r0, #87
 102              	.LVL7:
 116:Middlewares/ST/usbx/common/usbx_device_classes/src/ux_device_class_audio_entry.c **** 
 103              		.loc 1 116 15 view .LVU25
 104 0038 EFE7     		b	.L1
 105              	.LVL8:
 106              	.L9:
 123:Middlewares/ST/usbx/common/usbx_device_classes/src/ux_device_class_audio_entry.c **** 
 107              		.loc 1 123 9 is_stmt 1 view .LVU26
 123:Middlewares/ST/usbx/common/usbx_device_classes/src/ux_device_class_audio_entry.c **** 
 108              		.loc 1 123 19 is_stmt 0 view .LVU27
 109 003a FFF7FEFF 		bl	_ux_device_class_audio_activate
ARM GAS  /tmp/ccSgHOzR.s 			page 6


 110              	.LVL9:
 126:Middlewares/ST/usbx/common/usbx_device_classes/src/ux_device_class_audio_entry.c **** 
 111              		.loc 1 126 9 is_stmt 1 view .LVU28
 126:Middlewares/ST/usbx/common/usbx_device_classes/src/ux_device_class_audio_entry.c **** 
 112              		.loc 1 126 15 is_stmt 0 view .LVU29
 113 003e ECE7     		b	.L1
 114              	.LVL10:
 115              	.L5:
 132:Middlewares/ST/usbx/common/usbx_device_classes/src/ux_device_class_audio_entry.c **** 
 116              		.loc 1 132 9 is_stmt 1 view .LVU30
 132:Middlewares/ST/usbx/common/usbx_device_classes/src/ux_device_class_audio_entry.c **** 
 117              		.loc 1 132 19 is_stmt 0 view .LVU31
 118 0040 FFF7FEFF 		bl	_ux_device_class_audio_change
 119              	.LVL11:
 135:Middlewares/ST/usbx/common/usbx_device_classes/src/ux_device_class_audio_entry.c **** 
 120              		.loc 1 135 9 is_stmt 1 view .LVU32
 135:Middlewares/ST/usbx/common/usbx_device_classes/src/ux_device_class_audio_entry.c **** 
 121              		.loc 1 135 15 is_stmt 0 view .LVU33
 122 0044 E9E7     		b	.L1
 123              	.LVL12:
 124              	.L8:
 141:Middlewares/ST/usbx/common/usbx_device_classes/src/ux_device_class_audio_entry.c **** 
 125              		.loc 1 141 9 is_stmt 1 view .LVU34
 141:Middlewares/ST/usbx/common/usbx_device_classes/src/ux_device_class_audio_entry.c **** 
 126              		.loc 1 141 19 is_stmt 0 view .LVU35
 127 0046 FFF7FEFF 		bl	_ux_device_class_audio_deactivate
 128              	.LVL13:
 144:Middlewares/ST/usbx/common/usbx_device_classes/src/ux_device_class_audio_entry.c **** 
 129              		.loc 1 144 9 is_stmt 1 view .LVU36
 144:Middlewares/ST/usbx/common/usbx_device_classes/src/ux_device_class_audio_entry.c **** 
 130              		.loc 1 144 15 is_stmt 0 view .LVU37
 131 004a E6E7     		b	.L1
 132              	.LVL14:
 133              	.L7:
 149:Middlewares/ST/usbx/common/usbx_device_classes/src/ux_device_class_audio_entry.c **** 
 134              		.loc 1 149 9 is_stmt 1 view .LVU38
 135 004c FFF7FEFF 		bl	_ux_device_class_audio_control_request
 136              	.LVL15:
 152:Middlewares/ST/usbx/common/usbx_device_classes/src/ux_device_class_audio_entry.c **** 
 137              		.loc 1 152 9 view .LVU39
 152:Middlewares/ST/usbx/common/usbx_device_classes/src/ux_device_class_audio_entry.c **** 
 138              		.loc 1 152 15 is_stmt 0 view .LVU40
 139 0050 0020     		movs	r0, #0
 140 0052 E2E7     		b	.L1
 141              	.LVL16:
 142              	.L11:
  87:Middlewares/ST/usbx/common/usbx_device_classes/src/ux_device_class_audio_entry.c ****     {
 143              		.loc 1 87 5 view .LVU41
 144 0054 5420     		movs	r0, #84
 145              	.LVL17:
  87:Middlewares/ST/usbx/common/usbx_device_classes/src/ux_device_class_audio_entry.c ****     {
 146              		.loc 1 87 5 view .LVU42
 147 0056 E0E7     		b	.L1
 148              	.LVL18:
 149              	.L13:
 112:Middlewares/ST/usbx/common/usbx_device_classes/src/ux_device_class_audio_entry.c ****             if (command -> ux_slave_class_command_subclass == UX_DEVICE_CLASS_AUDIO_SUBCLASS_AUDIOS
 150              		.loc 1 112 23 view .LVU43
ARM GAS  /tmp/ccSgHOzR.s 			page 7


 151 0058 0020     		movs	r0, #0
 152              	.LVL19:
 112:Middlewares/ST/usbx/common/usbx_device_classes/src/ux_device_class_audio_entry.c ****             if (command -> ux_slave_class_command_subclass == UX_DEVICE_CLASS_AUDIO_SUBCLASS_AUDIOS
 153              		.loc 1 112 23 view .LVU44
 154 005a DEE7     		b	.L1
 155              	.LVL20:
 156              	.L14:
 114:Middlewares/ST/usbx/common/usbx_device_classes/src/ux_device_class_audio_entry.c ****         }
 157              		.loc 1 114 23 view .LVU45
 158 005c 0020     		movs	r0, #0
 159              	.LVL21:
 114:Middlewares/ST/usbx/common/usbx_device_classes/src/ux_device_class_audio_entry.c ****         }
 160              		.loc 1 114 23 view .LVU46
 161 005e DCE7     		b	.L1
 162              		.cfi_endproc
 163              	.LFE11:
 165              		.text
 166              	.Letext0:
 167              		.file 2 "Middlewares/ST/threadx/ports/cortex_m7/gnu/inc/tx_port.h"
 168              		.file 3 "Middlewares/ST/threadx/common/inc/tx_api.h"
 169              		.file 4 "Middlewares/ST/usbx/common/core/inc/ux_api.h"
 170              		.file 5 "Middlewares/ST/usbx/common/usbx_device_classes/inc/ux_device_class_audio.h"
ARM GAS  /tmp/ccSgHOzR.s 			page 8


DEFINED SYMBOLS
                            *ABS*:00000000 ux_device_class_audio_entry.c
     /tmp/ccSgHOzR.s:20     .text._ux_device_class_audio_entry:00000000 $t
     /tmp/ccSgHOzR.s:26     .text._ux_device_class_audio_entry:00000000 _ux_device_class_audio_entry
     /tmp/ccSgHOzR.s:49     .text._ux_device_class_audio_entry:0000000e $d
     /tmp/ccSgHOzR.s:56     .text._ux_device_class_audio_entry:00000015 $d
     /tmp/ccSgHOzR.s:56     .text._ux_device_class_audio_entry:00000016 $t

UNDEFINED SYMBOLS
_ux_device_class_audio_initialize
_ux_device_class_audio_uninitialize
_ux_device_class_audio_activate
_ux_device_class_audio_change
_ux_device_class_audio_deactivate
_ux_device_class_audio_control_request
