ARM GAS  /tmp/ccjVgihU.s 			page 1


   1              		.cpu cortex-m7
   2              		.arch armv7e-m
   3              		.fpu fpv5-d16
   4              		.eabi_attribute 28, 1
   5              		.eabi_attribute 20, 1
   6              		.eabi_attribute 21, 1
   7              		.eabi_attribute 23, 3
   8              		.eabi_attribute 24, 1
   9              		.eabi_attribute 25, 1
  10              		.eabi_attribute 26, 1
  11              		.eabi_attribute 30, 1
  12              		.eabi_attribute 34, 1
  13              		.eabi_attribute 18, 4
  14              		.file	"ux_device_class_audio_unitialize.c"
  15              		.text
  16              	.Ltext0:
  17              		.cfi_sections	.debug_frame
  18              		.file 1 "Middlewares/ST/usbx/common/usbx_device_classes/src/ux_device_class_audio_unitialize.c"
  19              		.section	.text._ux_device_class_audio_uninitialize,"ax",%progbits
  20              		.align	1
  21              		.global	_ux_device_class_audio_uninitialize
  22              		.syntax unified
  23              		.thumb
  24              		.thumb_func
  26              	_ux_device_class_audio_uninitialize:
  27              	.LVL0:
  28              	.LFB11:
   1:Middlewares/ST/usbx/common/usbx_device_classes/src/ux_device_class_audio_unitialize.c **** /**************************************************************************/
   2:Middlewares/ST/usbx/common/usbx_device_classes/src/ux_device_class_audio_unitialize.c **** /*                                                                        */
   3:Middlewares/ST/usbx/common/usbx_device_classes/src/ux_device_class_audio_unitialize.c **** /*       Copyright (c) Microsoft Corporation. All rights reserved.        */
   4:Middlewares/ST/usbx/common/usbx_device_classes/src/ux_device_class_audio_unitialize.c **** /*                                                                        */
   5:Middlewares/ST/usbx/common/usbx_device_classes/src/ux_device_class_audio_unitialize.c **** /*       This software is licensed under the Microsoft Software License   */
   6:Middlewares/ST/usbx/common/usbx_device_classes/src/ux_device_class_audio_unitialize.c **** /*       Terms for Microsoft Azure RTOS. Full text of the license can be  */
   7:Middlewares/ST/usbx/common/usbx_device_classes/src/ux_device_class_audio_unitialize.c **** /*       found in the LICENSE file at https://aka.ms/AzureRTOS_EULA       */
   8:Middlewares/ST/usbx/common/usbx_device_classes/src/ux_device_class_audio_unitialize.c **** /*       and in the root directory of this software.                      */
   9:Middlewares/ST/usbx/common/usbx_device_classes/src/ux_device_class_audio_unitialize.c **** /*                                                                        */
  10:Middlewares/ST/usbx/common/usbx_device_classes/src/ux_device_class_audio_unitialize.c **** /**************************************************************************/
  11:Middlewares/ST/usbx/common/usbx_device_classes/src/ux_device_class_audio_unitialize.c **** 
  12:Middlewares/ST/usbx/common/usbx_device_classes/src/ux_device_class_audio_unitialize.c **** /**************************************************************************/
  13:Middlewares/ST/usbx/common/usbx_device_classes/src/ux_device_class_audio_unitialize.c **** /**************************************************************************/
  14:Middlewares/ST/usbx/common/usbx_device_classes/src/ux_device_class_audio_unitialize.c **** /**                                                                       */
  15:Middlewares/ST/usbx/common/usbx_device_classes/src/ux_device_class_audio_unitialize.c **** /** USBX Component                                                        */
  16:Middlewares/ST/usbx/common/usbx_device_classes/src/ux_device_class_audio_unitialize.c **** /**                                                                       */
  17:Middlewares/ST/usbx/common/usbx_device_classes/src/ux_device_class_audio_unitialize.c **** /**   Device Audio Class                                                  */
  18:Middlewares/ST/usbx/common/usbx_device_classes/src/ux_device_class_audio_unitialize.c **** /**                                                                       */
  19:Middlewares/ST/usbx/common/usbx_device_classes/src/ux_device_class_audio_unitialize.c **** /**************************************************************************/
  20:Middlewares/ST/usbx/common/usbx_device_classes/src/ux_device_class_audio_unitialize.c **** /**************************************************************************/
  21:Middlewares/ST/usbx/common/usbx_device_classes/src/ux_device_class_audio_unitialize.c **** 
  22:Middlewares/ST/usbx/common/usbx_device_classes/src/ux_device_class_audio_unitialize.c **** #define UX_SOURCE_CODE
  23:Middlewares/ST/usbx/common/usbx_device_classes/src/ux_device_class_audio_unitialize.c **** 
  24:Middlewares/ST/usbx/common/usbx_device_classes/src/ux_device_class_audio_unitialize.c **** 
  25:Middlewares/ST/usbx/common/usbx_device_classes/src/ux_device_class_audio_unitialize.c **** /* Include necessary system files.  */
  26:Middlewares/ST/usbx/common/usbx_device_classes/src/ux_device_class_audio_unitialize.c **** 
  27:Middlewares/ST/usbx/common/usbx_device_classes/src/ux_device_class_audio_unitialize.c **** #include "ux_api.h"
  28:Middlewares/ST/usbx/common/usbx_device_classes/src/ux_device_class_audio_unitialize.c **** #include "ux_device_class_audio.h"
  29:Middlewares/ST/usbx/common/usbx_device_classes/src/ux_device_class_audio_unitialize.c **** #include "ux_device_stack.h"
  30:Middlewares/ST/usbx/common/usbx_device_classes/src/ux_device_class_audio_unitialize.c **** 
ARM GAS  /tmp/ccjVgihU.s 			page 2


  31:Middlewares/ST/usbx/common/usbx_device_classes/src/ux_device_class_audio_unitialize.c **** 
  32:Middlewares/ST/usbx/common/usbx_device_classes/src/ux_device_class_audio_unitialize.c **** /**************************************************************************/
  33:Middlewares/ST/usbx/common/usbx_device_classes/src/ux_device_class_audio_unitialize.c **** /*                                                                        */
  34:Middlewares/ST/usbx/common/usbx_device_classes/src/ux_device_class_audio_unitialize.c **** /*  FUNCTION                                               RELEASE        */
  35:Middlewares/ST/usbx/common/usbx_device_classes/src/ux_device_class_audio_unitialize.c **** /*                                                                        */
  36:Middlewares/ST/usbx/common/usbx_device_classes/src/ux_device_class_audio_unitialize.c **** /*    _ux_device_class_audio_uninitialize                 PORTABLE C      */
  37:Middlewares/ST/usbx/common/usbx_device_classes/src/ux_device_class_audio_unitialize.c **** /*                                                           6.1.10       */
  38:Middlewares/ST/usbx/common/usbx_device_classes/src/ux_device_class_audio_unitialize.c **** /*  AUTHOR                                                                */
  39:Middlewares/ST/usbx/common/usbx_device_classes/src/ux_device_class_audio_unitialize.c **** /*                                                                        */
  40:Middlewares/ST/usbx/common/usbx_device_classes/src/ux_device_class_audio_unitialize.c **** /*    Chaoqiong Xiao, Microsoft Corporation                               */
  41:Middlewares/ST/usbx/common/usbx_device_classes/src/ux_device_class_audio_unitialize.c **** /*                                                                        */
  42:Middlewares/ST/usbx/common/usbx_device_classes/src/ux_device_class_audio_unitialize.c **** /*  DESCRIPTION                                                           */
  43:Middlewares/ST/usbx/common/usbx_device_classes/src/ux_device_class_audio_unitialize.c **** /*                                                                        */
  44:Middlewares/ST/usbx/common/usbx_device_classes/src/ux_device_class_audio_unitialize.c **** /*    This function uninitialize the Audio class.                         */
  45:Middlewares/ST/usbx/common/usbx_device_classes/src/ux_device_class_audio_unitialize.c **** /*                                                                        */
  46:Middlewares/ST/usbx/common/usbx_device_classes/src/ux_device_class_audio_unitialize.c **** /*  INPUT                                                                 */
  47:Middlewares/ST/usbx/common/usbx_device_classes/src/ux_device_class_audio_unitialize.c **** /*                                                                        */
  48:Middlewares/ST/usbx/common/usbx_device_classes/src/ux_device_class_audio_unitialize.c **** /*    command                               Pointer to a class command    */
  49:Middlewares/ST/usbx/common/usbx_device_classes/src/ux_device_class_audio_unitialize.c **** /*                                                                        */
  50:Middlewares/ST/usbx/common/usbx_device_classes/src/ux_device_class_audio_unitialize.c **** /*  OUTPUT                                                                */
  51:Middlewares/ST/usbx/common/usbx_device_classes/src/ux_device_class_audio_unitialize.c **** /*                                                                        */
  52:Middlewares/ST/usbx/common/usbx_device_classes/src/ux_device_class_audio_unitialize.c **** /*    Completion Status                                                   */
  53:Middlewares/ST/usbx/common/usbx_device_classes/src/ux_device_class_audio_unitialize.c **** /*                                                                        */
  54:Middlewares/ST/usbx/common/usbx_device_classes/src/ux_device_class_audio_unitialize.c **** /*  CALLS                                                                 */
  55:Middlewares/ST/usbx/common/usbx_device_classes/src/ux_device_class_audio_unitialize.c **** /*                                                                        */
  56:Middlewares/ST/usbx/common/usbx_device_classes/src/ux_device_class_audio_unitialize.c **** /*    _ux_device_thread_delete              Delete thread used            */
  57:Middlewares/ST/usbx/common/usbx_device_classes/src/ux_device_class_audio_unitialize.c **** /*    _ux_utility_memory_free               Free used local memory        */
  58:Middlewares/ST/usbx/common/usbx_device_classes/src/ux_device_class_audio_unitialize.c **** /*                                                                        */
  59:Middlewares/ST/usbx/common/usbx_device_classes/src/ux_device_class_audio_unitialize.c **** /*  CALLED BY                                                             */
  60:Middlewares/ST/usbx/common/usbx_device_classes/src/ux_device_class_audio_unitialize.c **** /*                                                                        */
  61:Middlewares/ST/usbx/common/usbx_device_classes/src/ux_device_class_audio_unitialize.c **** /*    Device Audio Class                                                  */
  62:Middlewares/ST/usbx/common/usbx_device_classes/src/ux_device_class_audio_unitialize.c **** /*                                                                        */
  63:Middlewares/ST/usbx/common/usbx_device_classes/src/ux_device_class_audio_unitialize.c **** /*  RELEASE HISTORY                                                       */
  64:Middlewares/ST/usbx/common/usbx_device_classes/src/ux_device_class_audio_unitialize.c **** /*                                                                        */
  65:Middlewares/ST/usbx/common/usbx_device_classes/src/ux_device_class_audio_unitialize.c **** /*    DATE              NAME                      DESCRIPTION             */
  66:Middlewares/ST/usbx/common/usbx_device_classes/src/ux_device_class_audio_unitialize.c **** /*                                                                        */
  67:Middlewares/ST/usbx/common/usbx_device_classes/src/ux_device_class_audio_unitialize.c **** /*  05-19-2020     Chaoqiong Xiao           Initial Version 6.0           */
  68:Middlewares/ST/usbx/common/usbx_device_classes/src/ux_device_class_audio_unitialize.c **** /*  09-30-2020     Chaoqiong Xiao           Modified comment(s),          */
  69:Middlewares/ST/usbx/common/usbx_device_classes/src/ux_device_class_audio_unitialize.c **** /*                                            resulting in version 6.1    */
  70:Middlewares/ST/usbx/common/usbx_device_classes/src/ux_device_class_audio_unitialize.c **** /*  01-31-2022     Chaoqiong Xiao           Modified comment(s),          */
  71:Middlewares/ST/usbx/common/usbx_device_classes/src/ux_device_class_audio_unitialize.c **** /*                                            refined macros names,       */
  72:Middlewares/ST/usbx/common/usbx_device_classes/src/ux_device_class_audio_unitialize.c **** /*                                            added feedback support,     */
  73:Middlewares/ST/usbx/common/usbx_device_classes/src/ux_device_class_audio_unitialize.c **** /*                                            fixed stream uninitialize,  */
  74:Middlewares/ST/usbx/common/usbx_device_classes/src/ux_device_class_audio_unitialize.c **** /*                                            resulting in version 6.1.10 */
  75:Middlewares/ST/usbx/common/usbx_device_classes/src/ux_device_class_audio_unitialize.c **** /*                                                                        */
  76:Middlewares/ST/usbx/common/usbx_device_classes/src/ux_device_class_audio_unitialize.c **** /**************************************************************************/
  77:Middlewares/ST/usbx/common/usbx_device_classes/src/ux_device_class_audio_unitialize.c **** UINT  _ux_device_class_audio_uninitialize(UX_SLAVE_CLASS_COMMAND *command)
  78:Middlewares/ST/usbx/common/usbx_device_classes/src/ux_device_class_audio_unitialize.c **** {
  29              		.loc 1 78 1 view -0
  30              		.cfi_startproc
  31              		@ args = 0, pretend = 0, frame = 0
  32              		@ frame_needed = 0, uses_anonymous_args = 0
  33              		.loc 1 78 1 is_stmt 0 view .LVU1
  34 0000 70B5     		push	{r4, r5, r6, lr}
  35              	.LCFI0:
  36              		.cfi_def_cfa_offset 16
  37              		.cfi_offset 4, -16
ARM GAS  /tmp/ccjVgihU.s 			page 3


  38              		.cfi_offset 5, -12
  39              		.cfi_offset 6, -8
  40              		.cfi_offset 14, -4
  79:Middlewares/ST/usbx/common/usbx_device_classes/src/ux_device_class_audio_unitialize.c **** 
  80:Middlewares/ST/usbx/common/usbx_device_classes/src/ux_device_class_audio_unitialize.c **** UX_DEVICE_CLASS_AUDIO           *audio;
  41              		.loc 1 80 1 is_stmt 1 view .LVU2
  81:Middlewares/ST/usbx/common/usbx_device_classes/src/ux_device_class_audio_unitialize.c **** UX_DEVICE_CLASS_AUDIO_STREAM    *stream;
  42              		.loc 1 81 1 view .LVU3
  82:Middlewares/ST/usbx/common/usbx_device_classes/src/ux_device_class_audio_unitialize.c **** UX_SLAVE_CLASS                  *class;
  43              		.loc 1 82 1 view .LVU4
  83:Middlewares/ST/usbx/common/usbx_device_classes/src/ux_device_class_audio_unitialize.c **** ULONG                            i;
  44              		.loc 1 83 1 view .LVU5
  84:Middlewares/ST/usbx/common/usbx_device_classes/src/ux_device_class_audio_unitialize.c **** 
  85:Middlewares/ST/usbx/common/usbx_device_classes/src/ux_device_class_audio_unitialize.c **** 
  86:Middlewares/ST/usbx/common/usbx_device_classes/src/ux_device_class_audio_unitialize.c ****     /* Get the class container.  */
  87:Middlewares/ST/usbx/common/usbx_device_classes/src/ux_device_class_audio_unitialize.c ****     class =  command -> ux_slave_class_command_class_ptr;
  45              		.loc 1 87 5 view .LVU6
  46              		.loc 1 87 11 is_stmt 0 view .LVU7
  47 0002 036A     		ldr	r3, [r0, #32]
  48              	.LVL1:
  88:Middlewares/ST/usbx/common/usbx_device_classes/src/ux_device_class_audio_unitialize.c **** 
  89:Middlewares/ST/usbx/common/usbx_device_classes/src/ux_device_class_audio_unitialize.c ****     /* Get the class instance in the container.  */
  90:Middlewares/ST/usbx/common/usbx_device_classes/src/ux_device_class_audio_unitialize.c ****     audio = (UX_DEVICE_CLASS_AUDIO *) class -> ux_slave_class_instance;
  49              		.loc 1 90 5 is_stmt 1 view .LVU8
  50              		.loc 1 90 11 is_stmt 0 view .LVU9
  51 0004 9E6C     		ldr	r6, [r3, #72]
  52              	.LVL2:
  91:Middlewares/ST/usbx/common/usbx_device_classes/src/ux_device_class_audio_unitialize.c **** 
  92:Middlewares/ST/usbx/common/usbx_device_classes/src/ux_device_class_audio_unitialize.c ****     /* Sanity check.  */
  93:Middlewares/ST/usbx/common/usbx_device_classes/src/ux_device_class_audio_unitialize.c ****     if (audio != UX_NULL)
  53              		.loc 1 93 5 is_stmt 1 view .LVU10
  54              		.loc 1 93 8 is_stmt 0 view .LVU11
  55 0006 B6B1     		cbz	r6, .L2
  94:Middlewares/ST/usbx/common/usbx_device_classes/src/ux_device_class_audio_unitialize.c ****     {
  95:Middlewares/ST/usbx/common/usbx_device_classes/src/ux_device_class_audio_unitialize.c **** 
  96:Middlewares/ST/usbx/common/usbx_device_classes/src/ux_device_class_audio_unitialize.c ****         /* Free the stream resources.  */
  97:Middlewares/ST/usbx/common/usbx_device_classes/src/ux_device_class_audio_unitialize.c ****         stream = (UX_DEVICE_CLASS_AUDIO_STREAM *)((UCHAR *)audio + sizeof(UX_DEVICE_CLASS_AUDIO));
  56              		.loc 1 97 9 is_stmt 1 view .LVU12
  57              		.loc 1 97 16 is_stmt 0 view .LVU13
  58 0008 06F12404 		add	r4, r6, #36
  59              	.LVL3:
  98:Middlewares/ST/usbx/common/usbx_device_classes/src/ux_device_class_audio_unitialize.c ****         for (i = 0; i < audio -> ux_device_class_audio_streams_nb; i ++)
  60              		.loc 1 98 9 is_stmt 1 view .LVU14
  61              		.loc 1 98 16 is_stmt 0 view .LVU15
  62 000c 0025     		movs	r5, #0
  63              		.loc 1 98 9 view .LVU16
  64 000e 0CE0     		b	.L3
  65              	.LVL4:
  66              	.L4:
  99:Middlewares/ST/usbx/common/usbx_device_classes/src/ux_device_class_audio_unitialize.c ****         {
 100:Middlewares/ST/usbx/common/usbx_device_classes/src/ux_device_class_audio_unitialize.c ****             _ux_device_thread_delete(&stream -> ux_device_class_audio_stream_thread);
  67              		.loc 1 100 13 is_stmt 1 view .LVU17
  68 0010 04F11800 		add	r0, r4, #24
  69 0014 FFF7FEFF 		bl	_ux_utility_thread_delete
  70              	.LVL5:
 101:Middlewares/ST/usbx/common/usbx_device_classes/src/ux_device_class_audio_unitialize.c **** #if defined(UX_DEVICE_CLASS_AUDIO_FEEDBACK_SUPPORT)
 102:Middlewares/ST/usbx/common/usbx_device_classes/src/ux_device_class_audio_unitialize.c ****             if (stream -> ux_device_class_audio_stream_feedback_thread_stack)
ARM GAS  /tmp/ccjVgihU.s 			page 4


 103:Middlewares/ST/usbx/common/usbx_device_classes/src/ux_device_class_audio_unitialize.c ****             {
 104:Middlewares/ST/usbx/common/usbx_device_classes/src/ux_device_class_audio_unitialize.c ****                 _ux_utility_thread_delete(&stream -> ux_device_class_audio_stream_feedback_thread);
 105:Middlewares/ST/usbx/common/usbx_device_classes/src/ux_device_class_audio_unitialize.c ****                 _ux_utility_memory_free(stream -> ux_device_class_audio_stream_feedback_thread_stac
 106:Middlewares/ST/usbx/common/usbx_device_classes/src/ux_device_class_audio_unitialize.c ****             }
 107:Middlewares/ST/usbx/common/usbx_device_classes/src/ux_device_class_audio_unitialize.c **** #endif
 108:Middlewares/ST/usbx/common/usbx_device_classes/src/ux_device_class_audio_unitialize.c ****             _ux_utility_memory_free(stream -> ux_device_class_audio_stream_thread_stack);
  71              		.loc 1 108 13 view .LVU18
  72 0018 6069     		ldr	r0, [r4, #20]
  73 001a FFF7FEFF 		bl	_ux_utility_memory_free
  74              	.LVL6:
 109:Middlewares/ST/usbx/common/usbx_device_classes/src/ux_device_class_audio_unitialize.c ****             _ux_utility_memory_free(stream -> ux_device_class_audio_stream_buffer);
  75              		.loc 1 109 13 view .LVU19
  76 001e D4F8C800 		ldr	r0, [r4, #200]
  77 0022 FFF7FEFF 		bl	_ux_utility_memory_free
  78              	.LVL7:
 110:Middlewares/ST/usbx/common/usbx_device_classes/src/ux_device_class_audio_unitialize.c **** 
 111:Middlewares/ST/usbx/common/usbx_device_classes/src/ux_device_class_audio_unitialize.c ****             /* Next stream instance.  */
 112:Middlewares/ST/usbx/common/usbx_device_classes/src/ux_device_class_audio_unitialize.c ****             stream++;
  79              		.loc 1 112 13 view .LVU20
  80              		.loc 1 112 19 is_stmt 0 view .LVU21
  81 0026 DC34     		adds	r4, r4, #220
  82              	.LVL8:
  98:Middlewares/ST/usbx/common/usbx_device_classes/src/ux_device_class_audio_unitialize.c ****         {
  83              		.loc 1 98 70 is_stmt 1 discriminator 3 view .LVU22
  84 0028 0135     		adds	r5, r5, #1
  85              	.LVL9:
  86              	.L3:
  98:Middlewares/ST/usbx/common/usbx_device_classes/src/ux_device_class_audio_unitialize.c ****         {
  87              		.loc 1 98 23 discriminator 1 view .LVU23
  98:Middlewares/ST/usbx/common/usbx_device_classes/src/ux_device_class_audio_unitialize.c ****         {
  88              		.loc 1 98 31 is_stmt 0 discriminator 1 view .LVU24
  89 002a F369     		ldr	r3, [r6, #28]
  98:Middlewares/ST/usbx/common/usbx_device_classes/src/ux_device_class_audio_unitialize.c ****         {
  90              		.loc 1 98 23 discriminator 1 view .LVU25
  91 002c AB42     		cmp	r3, r5
  92 002e EFD8     		bhi	.L4
 113:Middlewares/ST/usbx/common/usbx_device_classes/src/ux_device_class_audio_unitialize.c ****         }
 114:Middlewares/ST/usbx/common/usbx_device_classes/src/ux_device_class_audio_unitialize.c **** 
 115:Middlewares/ST/usbx/common/usbx_device_classes/src/ux_device_class_audio_unitialize.c ****         /* Free the audio instance with controls and streams.  */
 116:Middlewares/ST/usbx/common/usbx_device_classes/src/ux_device_class_audio_unitialize.c ****         _ux_utility_memory_free(audio);
  93              		.loc 1 116 9 is_stmt 1 view .LVU26
  94 0030 3046     		mov	r0, r6
  95 0032 FFF7FEFF 		bl	_ux_utility_memory_free
  96              	.LVL10:
  97              	.L2:
 117:Middlewares/ST/usbx/common/usbx_device_classes/src/ux_device_class_audio_unitialize.c ****     }
 118:Middlewares/ST/usbx/common/usbx_device_classes/src/ux_device_class_audio_unitialize.c **** 
 119:Middlewares/ST/usbx/common/usbx_device_classes/src/ux_device_class_audio_unitialize.c ****     /* Return completion status.  */
 120:Middlewares/ST/usbx/common/usbx_device_classes/src/ux_device_class_audio_unitialize.c ****     return(UX_SUCCESS);
  98              		.loc 1 120 5 view .LVU27
 121:Middlewares/ST/usbx/common/usbx_device_classes/src/ux_device_class_audio_unitialize.c **** }
  99              		.loc 1 121 1 is_stmt 0 view .LVU28
 100 0036 0020     		movs	r0, #0
 101 0038 70BD     		pop	{r4, r5, r6, pc}
 102              		.loc 1 121 1 view .LVU29
 103              		.cfi_endproc
 104              	.LFE11:
ARM GAS  /tmp/ccjVgihU.s 			page 5


 106              		.text
 107              	.Letext0:
 108              		.file 2 "Middlewares/ST/threadx/ports/cortex_m7/gnu/inc/tx_port.h"
 109              		.file 3 "Middlewares/ST/threadx/common/inc/tx_api.h"
 110              		.file 4 "Middlewares/ST/usbx/common/core/inc/ux_api.h"
 111              		.file 5 "Middlewares/ST/usbx/common/usbx_device_classes/inc/ux_device_class_audio.h"
 112              		.file 6 "Middlewares/ST/usbx/common/core/inc/ux_utility.h"
ARM GAS  /tmp/ccjVgihU.s 			page 6


DEFINED SYMBOLS
                            *ABS*:00000000 ux_device_class_audio_unitialize.c
     /tmp/ccjVgihU.s:20     .text._ux_device_class_audio_uninitialize:00000000 $t
     /tmp/ccjVgihU.s:26     .text._ux_device_class_audio_uninitialize:00000000 _ux_device_class_audio_uninitialize

UNDEFINED SYMBOLS
_ux_utility_thread_delete
_ux_utility_memory_free
