ARM GAS  /tmp/ccRhS0uW.s 			page 1


   1              		.cpu cortex-m7
   2              		.arch armv7e-m
   3              		.fpu fpv5-d16
   4              		.eabi_attribute 28, 1
   5              		.eabi_attribute 20, 1
   6              		.eabi_attribute 21, 1
   7              		.eabi_attribute 23, 3
   8              		.eabi_attribute 24, 1
   9              		.eabi_attribute 25, 1
  10              		.eabi_attribute 26, 1
  11              		.eabi_attribute 30, 1
  12              		.eabi_attribute 34, 1
  13              		.eabi_attribute 18, 4
  14              		.file	"ux_device_class_storage_uninitialize.c"
  15              		.text
  16              	.Ltext0:
  17              		.cfi_sections	.debug_frame
  18              		.file 1 "Middlewares/ST/usbx/common/usbx_device_classes/src/ux_device_class_storage_uninitialize.c
  19              		.section	.text._ux_device_class_storage_uninitialize,"ax",%progbits
  20              		.align	1
  21              		.global	_ux_device_class_storage_uninitialize
  22              		.syntax unified
  23              		.thumb
  24              		.thumb_func
  26              	_ux_device_class_storage_uninitialize:
  27              	.LVL0:
  28              	.LFB11:
   1:Middlewares/ST/usbx/common/usbx_device_classes/src/ux_device_class_storage_uninitialize.c **** /**************************************************************************/
   2:Middlewares/ST/usbx/common/usbx_device_classes/src/ux_device_class_storage_uninitialize.c **** /*                                                                        */
   3:Middlewares/ST/usbx/common/usbx_device_classes/src/ux_device_class_storage_uninitialize.c **** /*       Copyright (c) Microsoft Corporation. All rights reserved.        */
   4:Middlewares/ST/usbx/common/usbx_device_classes/src/ux_device_class_storage_uninitialize.c **** /*                                                                        */
   5:Middlewares/ST/usbx/common/usbx_device_classes/src/ux_device_class_storage_uninitialize.c **** /*       This software is licensed under the Microsoft Software License   */
   6:Middlewares/ST/usbx/common/usbx_device_classes/src/ux_device_class_storage_uninitialize.c **** /*       Terms for Microsoft Azure RTOS. Full text of the license can be  */
   7:Middlewares/ST/usbx/common/usbx_device_classes/src/ux_device_class_storage_uninitialize.c **** /*       found in the LICENSE file at https://aka.ms/AzureRTOS_EULA       */
   8:Middlewares/ST/usbx/common/usbx_device_classes/src/ux_device_class_storage_uninitialize.c **** /*       and in the root directory of this software.                      */
   9:Middlewares/ST/usbx/common/usbx_device_classes/src/ux_device_class_storage_uninitialize.c **** /*                                                                        */
  10:Middlewares/ST/usbx/common/usbx_device_classes/src/ux_device_class_storage_uninitialize.c **** /**************************************************************************/
  11:Middlewares/ST/usbx/common/usbx_device_classes/src/ux_device_class_storage_uninitialize.c **** 
  12:Middlewares/ST/usbx/common/usbx_device_classes/src/ux_device_class_storage_uninitialize.c **** 
  13:Middlewares/ST/usbx/common/usbx_device_classes/src/ux_device_class_storage_uninitialize.c **** /**************************************************************************/
  14:Middlewares/ST/usbx/common/usbx_device_classes/src/ux_device_class_storage_uninitialize.c **** /**************************************************************************/
  15:Middlewares/ST/usbx/common/usbx_device_classes/src/ux_device_class_storage_uninitialize.c **** /**                                                                       */ 
  16:Middlewares/ST/usbx/common/usbx_device_classes/src/ux_device_class_storage_uninitialize.c **** /** USBX Component                                                        */ 
  17:Middlewares/ST/usbx/common/usbx_device_classes/src/ux_device_class_storage_uninitialize.c **** /**                                                                       */
  18:Middlewares/ST/usbx/common/usbx_device_classes/src/ux_device_class_storage_uninitialize.c **** /**   Device Storage Class                                                */
  19:Middlewares/ST/usbx/common/usbx_device_classes/src/ux_device_class_storage_uninitialize.c **** /**                                                                       */
  20:Middlewares/ST/usbx/common/usbx_device_classes/src/ux_device_class_storage_uninitialize.c **** /**************************************************************************/
  21:Middlewares/ST/usbx/common/usbx_device_classes/src/ux_device_class_storage_uninitialize.c **** /**************************************************************************/
  22:Middlewares/ST/usbx/common/usbx_device_classes/src/ux_device_class_storage_uninitialize.c **** 
  23:Middlewares/ST/usbx/common/usbx_device_classes/src/ux_device_class_storage_uninitialize.c **** #define UX_SOURCE_CODE
  24:Middlewares/ST/usbx/common/usbx_device_classes/src/ux_device_class_storage_uninitialize.c **** 
  25:Middlewares/ST/usbx/common/usbx_device_classes/src/ux_device_class_storage_uninitialize.c **** 
  26:Middlewares/ST/usbx/common/usbx_device_classes/src/ux_device_class_storage_uninitialize.c **** /* Include necessary system files.  */
  27:Middlewares/ST/usbx/common/usbx_device_classes/src/ux_device_class_storage_uninitialize.c **** 
  28:Middlewares/ST/usbx/common/usbx_device_classes/src/ux_device_class_storage_uninitialize.c **** #include "ux_api.h"
  29:Middlewares/ST/usbx/common/usbx_device_classes/src/ux_device_class_storage_uninitialize.c **** #include "ux_device_class_storage.h"
  30:Middlewares/ST/usbx/common/usbx_device_classes/src/ux_device_class_storage_uninitialize.c **** #include "ux_device_stack.h"
ARM GAS  /tmp/ccRhS0uW.s 			page 2


  31:Middlewares/ST/usbx/common/usbx_device_classes/src/ux_device_class_storage_uninitialize.c **** 
  32:Middlewares/ST/usbx/common/usbx_device_classes/src/ux_device_class_storage_uninitialize.c **** 
  33:Middlewares/ST/usbx/common/usbx_device_classes/src/ux_device_class_storage_uninitialize.c **** /**************************************************************************/ 
  34:Middlewares/ST/usbx/common/usbx_device_classes/src/ux_device_class_storage_uninitialize.c **** /*                                                                        */ 
  35:Middlewares/ST/usbx/common/usbx_device_classes/src/ux_device_class_storage_uninitialize.c **** /*  FUNCTION                                               RELEASE        */ 
  36:Middlewares/ST/usbx/common/usbx_device_classes/src/ux_device_class_storage_uninitialize.c **** /*                                                                        */ 
  37:Middlewares/ST/usbx/common/usbx_device_classes/src/ux_device_class_storage_uninitialize.c **** /*    _ux_device_class_storage_uninitialize               PORTABLE C      */ 
  38:Middlewares/ST/usbx/common/usbx_device_classes/src/ux_device_class_storage_uninitialize.c **** /*                                                           6.1.10       */
  39:Middlewares/ST/usbx/common/usbx_device_classes/src/ux_device_class_storage_uninitialize.c **** /*  AUTHOR                                                                */
  40:Middlewares/ST/usbx/common/usbx_device_classes/src/ux_device_class_storage_uninitialize.c **** /*                                                                        */
  41:Middlewares/ST/usbx/common/usbx_device_classes/src/ux_device_class_storage_uninitialize.c **** /*    Chaoqiong Xiao, Microsoft Corporation                               */
  42:Middlewares/ST/usbx/common/usbx_device_classes/src/ux_device_class_storage_uninitialize.c **** /*                                                                        */
  43:Middlewares/ST/usbx/common/usbx_device_classes/src/ux_device_class_storage_uninitialize.c **** /*  DESCRIPTION                                                           */
  44:Middlewares/ST/usbx/common/usbx_device_classes/src/ux_device_class_storage_uninitialize.c **** /*                                                                        */ 
  45:Middlewares/ST/usbx/common/usbx_device_classes/src/ux_device_class_storage_uninitialize.c **** /*    This function deinitializes the USB storage device.                 */ 
  46:Middlewares/ST/usbx/common/usbx_device_classes/src/ux_device_class_storage_uninitialize.c **** /*                                                                        */ 
  47:Middlewares/ST/usbx/common/usbx_device_classes/src/ux_device_class_storage_uninitialize.c **** /*  INPUT                                                                 */ 
  48:Middlewares/ST/usbx/common/usbx_device_classes/src/ux_device_class_storage_uninitialize.c **** /*                                                                        */ 
  49:Middlewares/ST/usbx/common/usbx_device_classes/src/ux_device_class_storage_uninitialize.c **** /*    command                               Pointer to storage command    */ 
  50:Middlewares/ST/usbx/common/usbx_device_classes/src/ux_device_class_storage_uninitialize.c **** /*                                                                        */ 
  51:Middlewares/ST/usbx/common/usbx_device_classes/src/ux_device_class_storage_uninitialize.c **** /*  OUTPUT                                                                */ 
  52:Middlewares/ST/usbx/common/usbx_device_classes/src/ux_device_class_storage_uninitialize.c **** /*                                                                        */ 
  53:Middlewares/ST/usbx/common/usbx_device_classes/src/ux_device_class_storage_uninitialize.c **** /*    Completion Status                                                   */ 
  54:Middlewares/ST/usbx/common/usbx_device_classes/src/ux_device_class_storage_uninitialize.c **** /*                                                                        */ 
  55:Middlewares/ST/usbx/common/usbx_device_classes/src/ux_device_class_storage_uninitialize.c **** /*  CALLS                                                                 */ 
  56:Middlewares/ST/usbx/common/usbx_device_classes/src/ux_device_class_storage_uninitialize.c **** /*                                                                        */ 
  57:Middlewares/ST/usbx/common/usbx_device_classes/src/ux_device_class_storage_uninitialize.c **** /*    _ux_utility_memory_free               Free memory                   */
  58:Middlewares/ST/usbx/common/usbx_device_classes/src/ux_device_class_storage_uninitialize.c **** /*    _ux_device_thread_delete              Delete thread                 */
  59:Middlewares/ST/usbx/common/usbx_device_classes/src/ux_device_class_storage_uninitialize.c **** /*                                                                        */ 
  60:Middlewares/ST/usbx/common/usbx_device_classes/src/ux_device_class_storage_uninitialize.c **** /*  CALLED BY                                                             */ 
  61:Middlewares/ST/usbx/common/usbx_device_classes/src/ux_device_class_storage_uninitialize.c **** /*                                                                        */ 
  62:Middlewares/ST/usbx/common/usbx_device_classes/src/ux_device_class_storage_uninitialize.c **** /*    Device Storage Class                                                */ 
  63:Middlewares/ST/usbx/common/usbx_device_classes/src/ux_device_class_storage_uninitialize.c **** /*                                                                        */ 
  64:Middlewares/ST/usbx/common/usbx_device_classes/src/ux_device_class_storage_uninitialize.c **** /*  RELEASE HISTORY                                                       */ 
  65:Middlewares/ST/usbx/common/usbx_device_classes/src/ux_device_class_storage_uninitialize.c **** /*                                                                        */ 
  66:Middlewares/ST/usbx/common/usbx_device_classes/src/ux_device_class_storage_uninitialize.c **** /*    DATE              NAME                      DESCRIPTION             */ 
  67:Middlewares/ST/usbx/common/usbx_device_classes/src/ux_device_class_storage_uninitialize.c **** /*                                                                        */ 
  68:Middlewares/ST/usbx/common/usbx_device_classes/src/ux_device_class_storage_uninitialize.c **** /*  05-19-2020     Chaoqiong Xiao           Initial Version 6.0           */
  69:Middlewares/ST/usbx/common/usbx_device_classes/src/ux_device_class_storage_uninitialize.c **** /*  09-30-2020     Chaoqiong Xiao           Modified comment(s),          */
  70:Middlewares/ST/usbx/common/usbx_device_classes/src/ux_device_class_storage_uninitialize.c **** /*                                            resulting in version 6.1    */
  71:Middlewares/ST/usbx/common/usbx_device_classes/src/ux_device_class_storage_uninitialize.c **** /*  01-31-2022     Chaoqiong Xiao           Modified comment(s),          */
  72:Middlewares/ST/usbx/common/usbx_device_classes/src/ux_device_class_storage_uninitialize.c **** /*                                            added standalone support,   */
  73:Middlewares/ST/usbx/common/usbx_device_classes/src/ux_device_class_storage_uninitialize.c **** /*                                            resulting in version 6.1.10 */
  74:Middlewares/ST/usbx/common/usbx_device_classes/src/ux_device_class_storage_uninitialize.c **** /*                                                                        */
  75:Middlewares/ST/usbx/common/usbx_device_classes/src/ux_device_class_storage_uninitialize.c **** /**************************************************************************/
  76:Middlewares/ST/usbx/common/usbx_device_classes/src/ux_device_class_storage_uninitialize.c **** UINT  _ux_device_class_storage_uninitialize(UX_SLAVE_CLASS_COMMAND *command)
  77:Middlewares/ST/usbx/common/usbx_device_classes/src/ux_device_class_storage_uninitialize.c **** {
  29              		.loc 1 77 1 view -0
  30              		.cfi_startproc
  31              		@ args = 0, pretend = 0, frame = 0
  32              		@ frame_needed = 0, uses_anonymous_args = 0
  33              		.loc 1 77 1 is_stmt 0 view .LVU1
  34 0000 38B5     		push	{r3, r4, r5, lr}
  35              	.LCFI0:
  36              		.cfi_def_cfa_offset 16
  37              		.cfi_offset 3, -16
  38              		.cfi_offset 4, -12
ARM GAS  /tmp/ccRhS0uW.s 			page 3


  39              		.cfi_offset 5, -8
  40              		.cfi_offset 14, -4
  78:Middlewares/ST/usbx/common/usbx_device_classes/src/ux_device_class_storage_uninitialize.c ****                                           
  79:Middlewares/ST/usbx/common/usbx_device_classes/src/ux_device_class_storage_uninitialize.c **** UX_SLAVE_CLASS_STORAGE                  *storage;
  41              		.loc 1 79 1 is_stmt 1 view .LVU2
  80:Middlewares/ST/usbx/common/usbx_device_classes/src/ux_device_class_storage_uninitialize.c **** UX_SLAVE_CLASS                          *class;
  42              		.loc 1 80 1 view .LVU3
  81:Middlewares/ST/usbx/common/usbx_device_classes/src/ux_device_class_storage_uninitialize.c **** 
  82:Middlewares/ST/usbx/common/usbx_device_classes/src/ux_device_class_storage_uninitialize.c ****     /* Get the class container.  */
  83:Middlewares/ST/usbx/common/usbx_device_classes/src/ux_device_class_storage_uninitialize.c ****     class =  command -> ux_slave_class_command_class_ptr;
  43              		.loc 1 83 5 view .LVU4
  44              		.loc 1 83 11 is_stmt 0 view .LVU5
  45 0002 046A     		ldr	r4, [r0, #32]
  46              	.LVL1:
  84:Middlewares/ST/usbx/common/usbx_device_classes/src/ux_device_class_storage_uninitialize.c **** 
  85:Middlewares/ST/usbx/common/usbx_device_classes/src/ux_device_class_storage_uninitialize.c ****     /* Get the class instance in the container.  */
  86:Middlewares/ST/usbx/common/usbx_device_classes/src/ux_device_class_storage_uninitialize.c ****     storage = (UX_SLAVE_CLASS_STORAGE *) class -> ux_slave_class_instance;
  47              		.loc 1 86 5 is_stmt 1 view .LVU6
  48              		.loc 1 86 13 is_stmt 0 view .LVU7
  49 0004 A56C     		ldr	r5, [r4, #72]
  50              	.LVL2:
  87:Middlewares/ST/usbx/common/usbx_device_classes/src/ux_device_class_storage_uninitialize.c ****     
  88:Middlewares/ST/usbx/common/usbx_device_classes/src/ux_device_class_storage_uninitialize.c ****     /* Sanity check.  */
  89:Middlewares/ST/usbx/common/usbx_device_classes/src/ux_device_class_storage_uninitialize.c ****     if (storage != UX_NULL)
  51              		.loc 1 89 5 is_stmt 1 view .LVU8
  52              		.loc 1 89 8 is_stmt 0 view .LVU9
  53 0006 55B1     		cbz	r5, .L2
  90:Middlewares/ST/usbx/common/usbx_device_classes/src/ux_device_class_storage_uninitialize.c ****     {
  91:Middlewares/ST/usbx/common/usbx_device_classes/src/ux_device_class_storage_uninitialize.c **** 
  92:Middlewares/ST/usbx/common/usbx_device_classes/src/ux_device_class_storage_uninitialize.c ****         /* Remove STORAGE thread.  */
  93:Middlewares/ST/usbx/common/usbx_device_classes/src/ux_device_class_storage_uninitialize.c ****         _ux_device_thread_delete(&class -> ux_slave_class_thread);
  54              		.loc 1 93 9 is_stmt 1 view .LVU10
  55 0008 04F15000 		add	r0, r4, #80
  56              	.LVL3:
  57              		.loc 1 93 9 is_stmt 0 view .LVU11
  58 000c FFF7FEFF 		bl	_ux_utility_thread_delete
  59              	.LVL4:
  94:Middlewares/ST/usbx/common/usbx_device_classes/src/ux_device_class_storage_uninitialize.c **** 
  95:Middlewares/ST/usbx/common/usbx_device_classes/src/ux_device_class_storage_uninitialize.c **** #if !(defined(UX_DEVICE_STANDALONE) || defined(UX_STANDALONE))    
  96:Middlewares/ST/usbx/common/usbx_device_classes/src/ux_device_class_storage_uninitialize.c ****         /* Remove the thread used by STORAGE.  */
  97:Middlewares/ST/usbx/common/usbx_device_classes/src/ux_device_class_storage_uninitialize.c ****         _ux_utility_memory_free(class -> ux_slave_class_thread_stack);
  60              		.loc 1 97 9 is_stmt 1 view .LVU12
  61 0010 D4F80001 		ldr	r0, [r4, #256]
  62 0014 FFF7FEFF 		bl	_ux_utility_memory_free
  63              	.LVL5:
  98:Middlewares/ST/usbx/common/usbx_device_classes/src/ux_device_class_storage_uninitialize.c **** #endif
  99:Middlewares/ST/usbx/common/usbx_device_classes/src/ux_device_class_storage_uninitialize.c **** 
 100:Middlewares/ST/usbx/common/usbx_device_classes/src/ux_device_class_storage_uninitialize.c ****         /* Free the resources.  */
 101:Middlewares/ST/usbx/common/usbx_device_classes/src/ux_device_class_storage_uninitialize.c ****         _ux_utility_memory_free(storage);
  64              		.loc 1 101 9 view .LVU13
  65 0018 2846     		mov	r0, r5
  66 001a FFF7FEFF 		bl	_ux_utility_memory_free
  67              	.LVL6:
  68              	.L2:
 102:Middlewares/ST/usbx/common/usbx_device_classes/src/ux_device_class_storage_uninitialize.c ****     }
 103:Middlewares/ST/usbx/common/usbx_device_classes/src/ux_device_class_storage_uninitialize.c ****     
 104:Middlewares/ST/usbx/common/usbx_device_classes/src/ux_device_class_storage_uninitialize.c ****     /* Return completion status.  */
ARM GAS  /tmp/ccRhS0uW.s 			page 4


 105:Middlewares/ST/usbx/common/usbx_device_classes/src/ux_device_class_storage_uninitialize.c ****     return(UX_SUCCESS);
  69              		.loc 1 105 5 view .LVU14
 106:Middlewares/ST/usbx/common/usbx_device_classes/src/ux_device_class_storage_uninitialize.c **** }
  70              		.loc 1 106 1 is_stmt 0 view .LVU15
  71 001e 0020     		movs	r0, #0
  72 0020 38BD     		pop	{r3, r4, r5, pc}
  73              		.loc 1 106 1 view .LVU16
  74              		.cfi_endproc
  75              	.LFE11:
  77              		.text
  78              	.Letext0:
  79              		.file 2 "Middlewares/ST/threadx/ports/cortex_m7/gnu/inc/tx_port.h"
  80              		.file 3 "Middlewares/ST/threadx/common/inc/tx_api.h"
  81              		.file 4 "Middlewares/ST/usbx/common/core/inc/ux_api.h"
  82              		.file 5 "Middlewares/ST/usbx/common/usbx_device_classes/inc/ux_device_class_storage.h"
  83              		.file 6 "Middlewares/ST/usbx/common/core/inc/ux_utility.h"
ARM GAS  /tmp/ccRhS0uW.s 			page 5


DEFINED SYMBOLS
                            *ABS*:00000000 ux_device_class_storage_uninitialize.c
     /tmp/ccRhS0uW.s:20     .text._ux_device_class_storage_uninitialize:00000000 $t
     /tmp/ccRhS0uW.s:26     .text._ux_device_class_storage_uninitialize:00000000 _ux_device_class_storage_uninitialize

UNDEFINED SYMBOLS
_ux_utility_thread_delete
_ux_utility_memory_free
