ARM GAS  /tmp/ccPzudAO.s 			page 1


   1              		.cpu cortex-m7
   2              		.arch armv7e-m
   3              		.fpu fpv5-d16
   4              		.eabi_attribute 28, 1
   5              		.eabi_attribute 20, 1
   6              		.eabi_attribute 21, 1
   7              		.eabi_attribute 23, 3
   8              		.eabi_attribute 24, 1
   9              		.eabi_attribute 25, 1
  10              		.eabi_attribute 26, 1
  11              		.eabi_attribute 30, 1
  12              		.eabi_attribute 34, 1
  13              		.eabi_attribute 18, 4
  14              		.file	"ux_device_class_audio_frame_write.c"
  15              		.text
  16              	.Ltext0:
  17              		.cfi_sections	.debug_frame
  18              		.file 1 "Middlewares/ST/usbx/common/usbx_device_classes/src/ux_device_class_audio_frame_write.c"
  19              		.section	.text._ux_device_class_audio_frame_write,"ax",%progbits
  20              		.align	1
  21              		.global	_ux_device_class_audio_frame_write
  22              		.syntax unified
  23              		.thumb
  24              		.thumb_func
  26              	_ux_device_class_audio_frame_write:
  27              	.LVL0:
  28              	.LFB11:
   1:Middlewares/ST/usbx/common/usbx_device_classes/src/ux_device_class_audio_frame_write.c **** /**************************************************************************/
   2:Middlewares/ST/usbx/common/usbx_device_classes/src/ux_device_class_audio_frame_write.c **** /*                                                                        */
   3:Middlewares/ST/usbx/common/usbx_device_classes/src/ux_device_class_audio_frame_write.c **** /*       Copyright (c) Microsoft Corporation. All rights reserved.        */
   4:Middlewares/ST/usbx/common/usbx_device_classes/src/ux_device_class_audio_frame_write.c **** /*                                                                        */
   5:Middlewares/ST/usbx/common/usbx_device_classes/src/ux_device_class_audio_frame_write.c **** /*       This software is licensed under the Microsoft Software License   */
   6:Middlewares/ST/usbx/common/usbx_device_classes/src/ux_device_class_audio_frame_write.c **** /*       Terms for Microsoft Azure RTOS. Full text of the license can be  */
   7:Middlewares/ST/usbx/common/usbx_device_classes/src/ux_device_class_audio_frame_write.c **** /*       found in the LICENSE file at https://aka.ms/AzureRTOS_EULA       */
   8:Middlewares/ST/usbx/common/usbx_device_classes/src/ux_device_class_audio_frame_write.c **** /*       and in the root directory of this software.                      */
   9:Middlewares/ST/usbx/common/usbx_device_classes/src/ux_device_class_audio_frame_write.c **** /*                                                                        */
  10:Middlewares/ST/usbx/common/usbx_device_classes/src/ux_device_class_audio_frame_write.c **** /**************************************************************************/
  11:Middlewares/ST/usbx/common/usbx_device_classes/src/ux_device_class_audio_frame_write.c **** 
  12:Middlewares/ST/usbx/common/usbx_device_classes/src/ux_device_class_audio_frame_write.c **** /**************************************************************************/
  13:Middlewares/ST/usbx/common/usbx_device_classes/src/ux_device_class_audio_frame_write.c **** /**************************************************************************/
  14:Middlewares/ST/usbx/common/usbx_device_classes/src/ux_device_class_audio_frame_write.c **** /**                                                                       */
  15:Middlewares/ST/usbx/common/usbx_device_classes/src/ux_device_class_audio_frame_write.c **** /** USBX Component                                                        */
  16:Middlewares/ST/usbx/common/usbx_device_classes/src/ux_device_class_audio_frame_write.c **** /**                                                                       */
  17:Middlewares/ST/usbx/common/usbx_device_classes/src/ux_device_class_audio_frame_write.c **** /**   Device Audio Class                                                  */
  18:Middlewares/ST/usbx/common/usbx_device_classes/src/ux_device_class_audio_frame_write.c **** /**                                                                       */
  19:Middlewares/ST/usbx/common/usbx_device_classes/src/ux_device_class_audio_frame_write.c **** /**************************************************************************/
  20:Middlewares/ST/usbx/common/usbx_device_classes/src/ux_device_class_audio_frame_write.c **** /**************************************************************************/
  21:Middlewares/ST/usbx/common/usbx_device_classes/src/ux_device_class_audio_frame_write.c **** 
  22:Middlewares/ST/usbx/common/usbx_device_classes/src/ux_device_class_audio_frame_write.c **** #define UX_SOURCE_CODE
  23:Middlewares/ST/usbx/common/usbx_device_classes/src/ux_device_class_audio_frame_write.c **** 
  24:Middlewares/ST/usbx/common/usbx_device_classes/src/ux_device_class_audio_frame_write.c **** 
  25:Middlewares/ST/usbx/common/usbx_device_classes/src/ux_device_class_audio_frame_write.c **** /* Include necessary system files.  */
  26:Middlewares/ST/usbx/common/usbx_device_classes/src/ux_device_class_audio_frame_write.c **** 
  27:Middlewares/ST/usbx/common/usbx_device_classes/src/ux_device_class_audio_frame_write.c **** #include "ux_api.h"
  28:Middlewares/ST/usbx/common/usbx_device_classes/src/ux_device_class_audio_frame_write.c **** #include "ux_device_class_audio.h"
  29:Middlewares/ST/usbx/common/usbx_device_classes/src/ux_device_class_audio_frame_write.c **** #include "ux_device_stack.h"
  30:Middlewares/ST/usbx/common/usbx_device_classes/src/ux_device_class_audio_frame_write.c **** 
ARM GAS  /tmp/ccPzudAO.s 			page 2


  31:Middlewares/ST/usbx/common/usbx_device_classes/src/ux_device_class_audio_frame_write.c **** 
  32:Middlewares/ST/usbx/common/usbx_device_classes/src/ux_device_class_audio_frame_write.c **** /**************************************************************************/
  33:Middlewares/ST/usbx/common/usbx_device_classes/src/ux_device_class_audio_frame_write.c **** /*                                                                        */
  34:Middlewares/ST/usbx/common/usbx_device_classes/src/ux_device_class_audio_frame_write.c **** /*  FUNCTION                                               RELEASE        */
  35:Middlewares/ST/usbx/common/usbx_device_classes/src/ux_device_class_audio_frame_write.c **** /*                                                                        */
  36:Middlewares/ST/usbx/common/usbx_device_classes/src/ux_device_class_audio_frame_write.c **** /*    _ux_device_class_audio_frame_write                  PORTABLE C      */
  37:Middlewares/ST/usbx/common/usbx_device_classes/src/ux_device_class_audio_frame_write.c **** /*                                                           6.1.10       */
  38:Middlewares/ST/usbx/common/usbx_device_classes/src/ux_device_class_audio_frame_write.c **** /*  AUTHOR                                                                */
  39:Middlewares/ST/usbx/common/usbx_device_classes/src/ux_device_class_audio_frame_write.c **** /*                                                                        */
  40:Middlewares/ST/usbx/common/usbx_device_classes/src/ux_device_class_audio_frame_write.c **** /*    Chaoqiong Xiao, Microsoft Corporation                               */
  41:Middlewares/ST/usbx/common/usbx_device_classes/src/ux_device_class_audio_frame_write.c **** /*                                                                        */
  42:Middlewares/ST/usbx/common/usbx_device_classes/src/ux_device_class_audio_frame_write.c **** /*  DESCRIPTION                                                           */
  43:Middlewares/ST/usbx/common/usbx_device_classes/src/ux_device_class_audio_frame_write.c **** /*                                                                        */
  44:Middlewares/ST/usbx/common/usbx_device_classes/src/ux_device_class_audio_frame_write.c **** /*    This function writes frame to the Audio class.                      */
  45:Middlewares/ST/usbx/common/usbx_device_classes/src/ux_device_class_audio_frame_write.c **** /*                                                                        */
  46:Middlewares/ST/usbx/common/usbx_device_classes/src/ux_device_class_audio_frame_write.c **** /*  INPUT                                                                 */
  47:Middlewares/ST/usbx/common/usbx_device_classes/src/ux_device_class_audio_frame_write.c **** /*                                                                        */
  48:Middlewares/ST/usbx/common/usbx_device_classes/src/ux_device_class_audio_frame_write.c **** /*    stream                                Address of audio stream       */
  49:Middlewares/ST/usbx/common/usbx_device_classes/src/ux_device_class_audio_frame_write.c **** /*                                            instance                    */
  50:Middlewares/ST/usbx/common/usbx_device_classes/src/ux_device_class_audio_frame_write.c **** /*    frame                                 Pointer to buffer to save     */
  51:Middlewares/ST/usbx/common/usbx_device_classes/src/ux_device_class_audio_frame_write.c **** /*                                            frame data                  */
  52:Middlewares/ST/usbx/common/usbx_device_classes/src/ux_device_class_audio_frame_write.c **** /*    length                                Frame length in bytes         */
  53:Middlewares/ST/usbx/common/usbx_device_classes/src/ux_device_class_audio_frame_write.c **** /*                                                                        */
  54:Middlewares/ST/usbx/common/usbx_device_classes/src/ux_device_class_audio_frame_write.c **** /*  OUTPUT                                                                */
  55:Middlewares/ST/usbx/common/usbx_device_classes/src/ux_device_class_audio_frame_write.c **** /*                                                                        */
  56:Middlewares/ST/usbx/common/usbx_device_classes/src/ux_device_class_audio_frame_write.c **** /*    None                                                                */
  57:Middlewares/ST/usbx/common/usbx_device_classes/src/ux_device_class_audio_frame_write.c **** /*                                                                        */
  58:Middlewares/ST/usbx/common/usbx_device_classes/src/ux_device_class_audio_frame_write.c **** /*  CALLS                                                                 */
  59:Middlewares/ST/usbx/common/usbx_device_classes/src/ux_device_class_audio_frame_write.c **** /*                                                                        */
  60:Middlewares/ST/usbx/common/usbx_device_classes/src/ux_device_class_audio_frame_write.c **** /*    _ux_utility_memory_copy               Copy data                     */
  61:Middlewares/ST/usbx/common/usbx_device_classes/src/ux_device_class_audio_frame_write.c **** /*                                                                        */
  62:Middlewares/ST/usbx/common/usbx_device_classes/src/ux_device_class_audio_frame_write.c **** /*  CALLED BY                                                             */
  63:Middlewares/ST/usbx/common/usbx_device_classes/src/ux_device_class_audio_frame_write.c **** /*                                                                        */
  64:Middlewares/ST/usbx/common/usbx_device_classes/src/ux_device_class_audio_frame_write.c **** /*    ThreadX                                                             */
  65:Middlewares/ST/usbx/common/usbx_device_classes/src/ux_device_class_audio_frame_write.c **** /*                                                                        */
  66:Middlewares/ST/usbx/common/usbx_device_classes/src/ux_device_class_audio_frame_write.c **** /*  RELEASE HISTORY                                                       */
  67:Middlewares/ST/usbx/common/usbx_device_classes/src/ux_device_class_audio_frame_write.c **** /*                                                                        */
  68:Middlewares/ST/usbx/common/usbx_device_classes/src/ux_device_class_audio_frame_write.c **** /*    DATE              NAME                      DESCRIPTION             */
  69:Middlewares/ST/usbx/common/usbx_device_classes/src/ux_device_class_audio_frame_write.c **** /*                                                                        */
  70:Middlewares/ST/usbx/common/usbx_device_classes/src/ux_device_class_audio_frame_write.c **** /*  05-19-2020     Chaoqiong Xiao           Initial Version 6.0           */
  71:Middlewares/ST/usbx/common/usbx_device_classes/src/ux_device_class_audio_frame_write.c **** /*  09-30-2020     Chaoqiong Xiao           Modified comment(s),          */
  72:Middlewares/ST/usbx/common/usbx_device_classes/src/ux_device_class_audio_frame_write.c **** /*                                            verified memset and memcpy  */
  73:Middlewares/ST/usbx/common/usbx_device_classes/src/ux_device_class_audio_frame_write.c **** /*                                            cases,                      */
  74:Middlewares/ST/usbx/common/usbx_device_classes/src/ux_device_class_audio_frame_write.c **** /*                                            resulting in version 6.1    */
  75:Middlewares/ST/usbx/common/usbx_device_classes/src/ux_device_class_audio_frame_write.c **** /*  01-31-2022     Chaoqiong Xiao           Modified comment(s),          */
  76:Middlewares/ST/usbx/common/usbx_device_classes/src/ux_device_class_audio_frame_write.c **** /*                                            fixed frame length check,   */
  77:Middlewares/ST/usbx/common/usbx_device_classes/src/ux_device_class_audio_frame_write.c **** /*                                            resulting in version 6.1.10 */
  78:Middlewares/ST/usbx/common/usbx_device_classes/src/ux_device_class_audio_frame_write.c **** /*                                                                        */
  79:Middlewares/ST/usbx/common/usbx_device_classes/src/ux_device_class_audio_frame_write.c **** /**************************************************************************/
  80:Middlewares/ST/usbx/common/usbx_device_classes/src/ux_device_class_audio_frame_write.c **** UINT _ux_device_class_audio_frame_write(UX_DEVICE_CLASS_AUDIO_STREAM *stream, UCHAR *frame, ULONG l
  81:Middlewares/ST/usbx/common/usbx_device_classes/src/ux_device_class_audio_frame_write.c **** {
  29              		.loc 1 81 1 view -0
  30              		.cfi_startproc
  31              		@ args = 0, pretend = 0, frame = 0
  32              		@ frame_needed = 0, uses_anonymous_args = 0
  82:Middlewares/ST/usbx/common/usbx_device_classes/src/ux_device_class_audio_frame_write.c **** 
  83:Middlewares/ST/usbx/common/usbx_device_classes/src/ux_device_class_audio_frame_write.c **** UX_SLAVE_ENDPOINT           *endpoint;
ARM GAS  /tmp/ccPzudAO.s 			page 3


  33              		.loc 1 83 1 view .LVU1
  84:Middlewares/ST/usbx/common/usbx_device_classes/src/ux_device_class_audio_frame_write.c **** UX_SLAVE_DEVICE             *device;
  34              		.loc 1 84 1 view .LVU2
  85:Middlewares/ST/usbx/common/usbx_device_classes/src/ux_device_class_audio_frame_write.c **** UCHAR                       *next_frame_buffer;
  35              		.loc 1 85 1 view .LVU3
  86:Middlewares/ST/usbx/common/usbx_device_classes/src/ux_device_class_audio_frame_write.c **** ULONG                       frame_buffer_size;
  36              		.loc 1 86 1 view .LVU4
  87:Middlewares/ST/usbx/common/usbx_device_classes/src/ux_device_class_audio_frame_write.c **** 
  88:Middlewares/ST/usbx/common/usbx_device_classes/src/ux_device_class_audio_frame_write.c **** 
  89:Middlewares/ST/usbx/common/usbx_device_classes/src/ux_device_class_audio_frame_write.c ****     /* Get the pointer to the device.  */
  90:Middlewares/ST/usbx/common/usbx_device_classes/src/ux_device_class_audio_frame_write.c ****     device =  &_ux_system_slave -> ux_system_slave_device;
  37              		.loc 1 90 5 view .LVU5
  38              		.loc 1 90 33 is_stmt 0 view .LVU6
  39 0000 1D4B     		ldr	r3, .L15
  40 0002 1B68     		ldr	r3, [r3]
  41              	.LVL1:
  91:Middlewares/ST/usbx/common/usbx_device_classes/src/ux_device_class_audio_frame_write.c **** 
  92:Middlewares/ST/usbx/common/usbx_device_classes/src/ux_device_class_audio_frame_write.c ****     /* As long as the device is in the CONFIGURED state.  */
  93:Middlewares/ST/usbx/common/usbx_device_classes/src/ux_device_class_audio_frame_write.c ****     if (device -> ux_slave_device_state != UX_DEVICE_CONFIGURED)
  42              		.loc 1 93 5 is_stmt 1 view .LVU7
  43              		.loc 1 93 16 is_stmt 0 view .LVU8
  44 0004 1B6A     		ldr	r3, [r3, #32]
  45              	.LVL2:
  46              		.loc 1 93 8 view .LVU9
  47 0006 032B     		cmp	r3, #3
  48 0008 2DD1     		bne	.L5
  81:Middlewares/ST/usbx/common/usbx_device_classes/src/ux_device_class_audio_frame_write.c **** 
  49              		.loc 1 81 1 view .LVU10
  50 000a 70B5     		push	{r4, r5, r6, lr}
  51              	.LCFI0:
  52              		.cfi_def_cfa_offset 16
  53              		.cfi_offset 4, -16
  54              		.cfi_offset 5, -12
  55              		.cfi_offset 6, -8
  56              		.cfi_offset 14, -4
  57 000c 0446     		mov	r4, r0
  58 000e 1546     		mov	r5, r2
  94:Middlewares/ST/usbx/common/usbx_device_classes/src/ux_device_class_audio_frame_write.c ****     {
  95:Middlewares/ST/usbx/common/usbx_device_classes/src/ux_device_class_audio_frame_write.c **** 
  96:Middlewares/ST/usbx/common/usbx_device_classes/src/ux_device_class_audio_frame_write.c ****         /* Cannot proceed with command, the interface is down.  */
  97:Middlewares/ST/usbx/common/usbx_device_classes/src/ux_device_class_audio_frame_write.c ****         return(UX_CONFIGURATION_HANDLE_UNKNOWN);
  98:Middlewares/ST/usbx/common/usbx_device_classes/src/ux_device_class_audio_frame_write.c ****     }
  99:Middlewares/ST/usbx/common/usbx_device_classes/src/ux_device_class_audio_frame_write.c **** 
 100:Middlewares/ST/usbx/common/usbx_device_classes/src/ux_device_class_audio_frame_write.c ****     /* Check if endpoint is available.  */
 101:Middlewares/ST/usbx/common/usbx_device_classes/src/ux_device_class_audio_frame_write.c ****     endpoint = stream -> ux_device_class_audio_stream_endpoint;
  59              		.loc 1 101 5 is_stmt 1 view .LVU11
  60              		.loc 1 101 14 is_stmt 0 view .LVU12
  61 0010 8368     		ldr	r3, [r0, #8]
  62              	.LVL3:
 102:Middlewares/ST/usbx/common/usbx_device_classes/src/ux_device_class_audio_frame_write.c ****     if (endpoint == UX_NULL)
  63              		.loc 1 102 5 is_stmt 1 view .LVU13
  64              		.loc 1 102 8 is_stmt 0 view .LVU14
  65 0012 53B3     		cbz	r3, .L6
 103:Middlewares/ST/usbx/common/usbx_device_classes/src/ux_device_class_audio_frame_write.c ****         return(UX_ERROR);
 104:Middlewares/ST/usbx/common/usbx_device_classes/src/ux_device_class_audio_frame_write.c **** 
 105:Middlewares/ST/usbx/common/usbx_device_classes/src/ux_device_class_audio_frame_write.c ****     /* Check if endpoint direction is OK (IN).  */
 106:Middlewares/ST/usbx/common/usbx_device_classes/src/ux_device_class_audio_frame_write.c ****     if ((endpoint -> ux_slave_endpoint_descriptor.bEndpointAddress & UX_ENDPOINT_DIRECTION) == UX_E
ARM GAS  /tmp/ccPzudAO.s 			page 4


  66              		.loc 1 106 5 is_stmt 1 view .LVU15
  67              		.loc 1 106 50 is_stmt 0 view .LVU16
  68 0014 5B69     		ldr	r3, [r3, #20]
  69              	.LVL4:
  70              		.loc 1 106 8 view .LVU17
  71 0016 13F0800F 		tst	r3, #128
  72 001a 28D0     		beq	.L7
 107:Middlewares/ST/usbx/common/usbx_device_classes/src/ux_device_class_audio_frame_write.c ****         return(UX_ERROR);
 108:Middlewares/ST/usbx/common/usbx_device_classes/src/ux_device_class_audio_frame_write.c **** 
 109:Middlewares/ST/usbx/common/usbx_device_classes/src/ux_device_class_audio_frame_write.c ****     /* Check frame length.  */
 110:Middlewares/ST/usbx/common/usbx_device_classes/src/ux_device_class_audio_frame_write.c ****     frame_buffer_size = stream -> ux_device_class_audio_stream_frame_buffer_size;
  73              		.loc 1 110 5 is_stmt 1 view .LVU18
  74              		.loc 1 110 23 is_stmt 0 view .LVU19
  75 001c D0F8D030 		ldr	r3, [r0, #208]
  76              	.LVL5:
 111:Middlewares/ST/usbx/common/usbx_device_classes/src/ux_device_class_audio_frame_write.c ****     if ((frame_buffer_size - 8) < length)
  77              		.loc 1 111 5 is_stmt 1 view .LVU20
  78              		.loc 1 111 28 is_stmt 0 view .LVU21
  79 0020 A3F10802 		sub	r2, r3, #8
  80              	.LVL6:
  81              		.loc 1 111 8 view .LVU22
  82 0024 AA42     		cmp	r2, r5
  83 0026 24D3     		bcc	.L8
 112:Middlewares/ST/usbx/common/usbx_device_classes/src/ux_device_class_audio_frame_write.c ****         return(UX_ERROR);
 113:Middlewares/ST/usbx/common/usbx_device_classes/src/ux_device_class_audio_frame_write.c **** 
 114:Middlewares/ST/usbx/common/usbx_device_classes/src/ux_device_class_audio_frame_write.c ****     /* Check overflow!!  */
 115:Middlewares/ST/usbx/common/usbx_device_classes/src/ux_device_class_audio_frame_write.c ****     if (stream -> ux_device_class_audio_stream_access_pos == stream -> ux_device_class_audio_stream
  84              		.loc 1 115 5 is_stmt 1 view .LVU23
  85              		.loc 1 115 16 is_stmt 0 view .LVU24
  86 0028 D0F8D800 		ldr	r0, [r0, #216]
  87              	.LVL7:
  88              		.loc 1 115 69 view .LVU25
  89 002c D4F8D420 		ldr	r2, [r4, #212]
  90              		.loc 1 115 8 view .LVU26
  91 0030 9042     		cmp	r0, r2
  92 0032 13D0     		beq	.L14
  93              	.L3:
 116:Middlewares/ST/usbx/common/usbx_device_classes/src/ux_device_class_audio_frame_write.c ****         stream -> ux_device_class_audio_stream_access_pos -> ux_device_class_audio_frame_length != 
 117:Middlewares/ST/usbx/common/usbx_device_classes/src/ux_device_class_audio_frame_write.c ****         return(UX_BUFFER_OVERFLOW);
 118:Middlewares/ST/usbx/common/usbx_device_classes/src/ux_device_class_audio_frame_write.c **** 
 119:Middlewares/ST/usbx/common/usbx_device_classes/src/ux_device_class_audio_frame_write.c ****     /* Calculate next frame buffer.  */
 120:Middlewares/ST/usbx/common/usbx_device_classes/src/ux_device_class_audio_frame_write.c ****     next_frame_buffer = (UCHAR *)stream -> ux_device_class_audio_stream_access_pos;
  94              		.loc 1 120 5 is_stmt 1 view .LVU27
  95              	.LVL8:
 121:Middlewares/ST/usbx/common/usbx_device_classes/src/ux_device_class_audio_frame_write.c ****     next_frame_buffer += frame_buffer_size;
  96              		.loc 1 121 5 view .LVU28
  97              		.loc 1 121 23 is_stmt 0 view .LVU29
  98 0034 0344     		add	r3, r3, r0
  99              	.LVL9:
 122:Middlewares/ST/usbx/common/usbx_device_classes/src/ux_device_class_audio_frame_write.c ****     if (next_frame_buffer >= stream -> ux_device_class_audio_stream_buffer + stream -> ux_device_cl
 100              		.loc 1 122 5 is_stmt 1 view .LVU30
 101              		.loc 1 122 37 is_stmt 0 view .LVU31
 102 0036 D4F8C860 		ldr	r6, [r4, #200]
 103              		.loc 1 122 85 view .LVU32
 104 003a D4F8CC20 		ldr	r2, [r4, #204]
 105              		.loc 1 122 76 view .LVU33
 106 003e 3244     		add	r2, r2, r6
ARM GAS  /tmp/ccPzudAO.s 			page 5


 107              		.loc 1 122 8 view .LVU34
 108 0040 9A42     		cmp	r2, r3
 109 0042 00D9     		bls	.L4
 121:Middlewares/ST/usbx/common/usbx_device_classes/src/ux_device_class_audio_frame_write.c ****     next_frame_buffer += frame_buffer_size;
 110              		.loc 1 121 23 view .LVU35
 111 0044 1E46     		mov	r6, r3
 112              	.L4:
 113              	.LVL10:
 123:Middlewares/ST/usbx/common/usbx_device_classes/src/ux_device_class_audio_frame_write.c ****         next_frame_buffer = stream -> ux_device_class_audio_stream_buffer;
 124:Middlewares/ST/usbx/common/usbx_device_classes/src/ux_device_class_audio_frame_write.c **** 
 125:Middlewares/ST/usbx/common/usbx_device_classes/src/ux_device_class_audio_frame_write.c ****     /* Copy frame.  */
 126:Middlewares/ST/usbx/common/usbx_device_classes/src/ux_device_class_audio_frame_write.c ****     _ux_utility_memory_copy(stream -> ux_device_class_audio_stream_access_pos -> ux_device_class_au
 114              		.loc 1 126 5 is_stmt 1 view .LVU36
 115 0046 2A46     		mov	r2, r5
 116 0048 0830     		adds	r0, r0, #8
 117 004a FFF7FEFF 		bl	_ux_utility_memory_copy
 118              	.LVL11:
 127:Middlewares/ST/usbx/common/usbx_device_classes/src/ux_device_class_audio_frame_write.c ****     stream -> ux_device_class_audio_stream_access_pos -> ux_device_class_audio_frame_length = lengt
 119              		.loc 1 127 5 view .LVU37
 120              		.loc 1 127 12 is_stmt 0 view .LVU38
 121 004e D4F8D830 		ldr	r3, [r4, #216]
 122              		.loc 1 127 93 view .LVU39
 123 0052 1D60     		str	r5, [r3]
 128:Middlewares/ST/usbx/common/usbx_device_classes/src/ux_device_class_audio_frame_write.c **** 
 129:Middlewares/ST/usbx/common/usbx_device_classes/src/ux_device_class_audio_frame_write.c ****     /* Move frame position.  */
 130:Middlewares/ST/usbx/common/usbx_device_classes/src/ux_device_class_audio_frame_write.c ****     stream -> ux_device_class_audio_stream_access_pos = (UX_DEVICE_CLASS_AUDIO_FRAME *)next_frame_b
 124              		.loc 1 130 5 is_stmt 1 view .LVU40
 125              		.loc 1 130 55 is_stmt 0 view .LVU41
 126 0054 C4F8D860 		str	r6, [r4, #216]
 131:Middlewares/ST/usbx/common/usbx_device_classes/src/ux_device_class_audio_frame_write.c **** 
 132:Middlewares/ST/usbx/common/usbx_device_classes/src/ux_device_class_audio_frame_write.c ****     return(UX_SUCCESS);
 127              		.loc 1 132 5 is_stmt 1 view .LVU42
 128              		.loc 1 132 11 is_stmt 0 view .LVU43
 129 0058 0020     		movs	r0, #0
 130              	.LVL12:
 131              	.L1:
 133:Middlewares/ST/usbx/common/usbx_device_classes/src/ux_device_class_audio_frame_write.c **** }
 132              		.loc 1 133 1 view .LVU44
 133 005a 70BD     		pop	{r4, r5, r6, pc}
 134              	.LVL13:
 135              	.L14:
 116:Middlewares/ST/usbx/common/usbx_device_classes/src/ux_device_class_audio_frame_write.c ****         return(UX_BUFFER_OVERFLOW);
 136              		.loc 1 116 59 view .LVU45
 137 005c 0268     		ldr	r2, [r0]
 115:Middlewares/ST/usbx/common/usbx_device_classes/src/ux_device_class_audio_frame_write.c ****         stream -> ux_device_class_audio_stream_access_pos -> ux_device_class_audio_frame_length != 
 138              		.loc 1 115 114 discriminator 1 view .LVU46
 139 005e 002A     		cmp	r2, #0
 140 0060 E8D0     		beq	.L3
 117:Middlewares/ST/usbx/common/usbx_device_classes/src/ux_device_class_audio_frame_write.c **** 
 141              		.loc 1 117 15 view .LVU47
 142 0062 5D20     		movs	r0, #93
 143 0064 F9E7     		b	.L1
 144              	.LVL14:
 145              	.L5:
 146              	.LCFI1:
 147              		.cfi_def_cfa_offset 0
 148              		.cfi_restore 4
ARM GAS  /tmp/ccPzudAO.s 			page 6


 149              		.cfi_restore 5
 150              		.cfi_restore 6
 151              		.cfi_restore 14
  97:Middlewares/ST/usbx/common/usbx_device_classes/src/ux_device_class_audio_frame_write.c ****     }
 152              		.loc 1 97 15 view .LVU48
 153 0066 5120     		movs	r0, #81
 154              	.LVL15:
 155              		.loc 1 133 1 view .LVU49
 156 0068 7047     		bx	lr
 157              	.LVL16:
 158              	.L6:
 159              	.LCFI2:
 160              		.cfi_def_cfa_offset 16
 161              		.cfi_offset 4, -16
 162              		.cfi_offset 5, -12
 163              		.cfi_offset 6, -8
 164              		.cfi_offset 14, -4
 103:Middlewares/ST/usbx/common/usbx_device_classes/src/ux_device_class_audio_frame_write.c **** 
 165              		.loc 1 103 15 view .LVU50
 166 006a FF20     		movs	r0, #255
 167              	.LVL17:
 103:Middlewares/ST/usbx/common/usbx_device_classes/src/ux_device_class_audio_frame_write.c **** 
 168              		.loc 1 103 15 view .LVU51
 169 006c F5E7     		b	.L1
 170              	.LVL18:
 171              	.L7:
 107:Middlewares/ST/usbx/common/usbx_device_classes/src/ux_device_class_audio_frame_write.c **** 
 172              		.loc 1 107 15 view .LVU52
 173 006e FF20     		movs	r0, #255
 174              	.LVL19:
 107:Middlewares/ST/usbx/common/usbx_device_classes/src/ux_device_class_audio_frame_write.c **** 
 175              		.loc 1 107 15 view .LVU53
 176 0070 F3E7     		b	.L1
 177              	.LVL20:
 178              	.L8:
 112:Middlewares/ST/usbx/common/usbx_device_classes/src/ux_device_class_audio_frame_write.c **** 
 179              		.loc 1 112 15 view .LVU54
 180 0072 FF20     		movs	r0, #255
 181              	.LVL21:
 112:Middlewares/ST/usbx/common/usbx_device_classes/src/ux_device_class_audio_frame_write.c **** 
 182              		.loc 1 112 15 view .LVU55
 183 0074 F1E7     		b	.L1
 184              	.L16:
 185 0076 00BF     		.align	2
 186              	.L15:
 187 0078 00000000 		.word	_ux_system_slave
 188              		.cfi_endproc
 189              	.LFE11:
 191              		.text
 192              	.Letext0:
 193              		.file 2 "Middlewares/ST/threadx/ports/cortex_m7/gnu/inc/tx_port.h"
 194              		.file 3 "Middlewares/ST/threadx/common/inc/tx_api.h"
 195              		.file 4 "Middlewares/ST/usbx/common/core/inc/ux_api.h"
 196              		.file 5 "Middlewares/ST/usbx/common/usbx_device_classes/inc/ux_device_class_audio.h"
 197              		.file 6 "Middlewares/ST/usbx/common/core/inc/ux_system.h"
 198              		.file 7 "Middlewares/ST/usbx/common/core/inc/ux_utility.h"
ARM GAS  /tmp/ccPzudAO.s 			page 7


DEFINED SYMBOLS
                            *ABS*:00000000 ux_device_class_audio_frame_write.c
     /tmp/ccPzudAO.s:20     .text._ux_device_class_audio_frame_write:00000000 $t
     /tmp/ccPzudAO.s:26     .text._ux_device_class_audio_frame_write:00000000 _ux_device_class_audio_frame_write
     /tmp/ccPzudAO.s:187    .text._ux_device_class_audio_frame_write:00000078 $d

UNDEFINED SYMBOLS
_ux_utility_memory_copy
_ux_system_slave
