ARM GAS  /tmp/ccLxu0I4.s 			page 1


   1              		.cpu cortex-m7
   2              		.arch armv7e-m
   3              		.fpu fpv5-d16
   4              		.eabi_attribute 28, 1
   5              		.eabi_attribute 20, 1
   6              		.eabi_attribute 21, 1
   7              		.eabi_attribute 23, 3
   8              		.eabi_attribute 24, 1
   9              		.eabi_attribute 25, 1
  10              		.eabi_attribute 26, 1
  11              		.eabi_attribute 30, 1
  12              		.eabi_attribute 34, 1
  13              		.eabi_attribute 18, 4
  14              		.file	"ux_device_class_storage_read_format_capacity.c"
  15              		.text
  16              	.Ltext0:
  17              		.cfi_sections	.debug_frame
  18              		.file 1 "Middlewares/ST/usbx/common/usbx_device_classes/src/ux_device_class_storage_read_format_ca
  19              		.section	.text._ux_device_class_storage_read_format_capacity,"ax",%progbits
  20              		.align	1
  21              		.global	_ux_device_class_storage_read_format_capacity
  22              		.syntax unified
  23              		.thumb
  24              		.thumb_func
  26              	_ux_device_class_storage_read_format_capacity:
  27              	.LVL0:
  28              	.LFB11:
   1:Middlewares/ST/usbx/common/usbx_device_classes/src/ux_device_class_storage_read_format_capacity.c **** /**************************************************************************/
   2:Middlewares/ST/usbx/common/usbx_device_classes/src/ux_device_class_storage_read_format_capacity.c **** /*                                                                        */
   3:Middlewares/ST/usbx/common/usbx_device_classes/src/ux_device_class_storage_read_format_capacity.c **** /*       Copyright (c) Microsoft Corporation. All rights reserved.        */
   4:Middlewares/ST/usbx/common/usbx_device_classes/src/ux_device_class_storage_read_format_capacity.c **** /*                                                                        */
   5:Middlewares/ST/usbx/common/usbx_device_classes/src/ux_device_class_storage_read_format_capacity.c **** /*       This software is licensed under the Microsoft Software License   */
   6:Middlewares/ST/usbx/common/usbx_device_classes/src/ux_device_class_storage_read_format_capacity.c **** /*       Terms for Microsoft Azure RTOS. Full text of the license can be  */
   7:Middlewares/ST/usbx/common/usbx_device_classes/src/ux_device_class_storage_read_format_capacity.c **** /*       found in the LICENSE file at https://aka.ms/AzureRTOS_EULA       */
   8:Middlewares/ST/usbx/common/usbx_device_classes/src/ux_device_class_storage_read_format_capacity.c **** /*       and in the root directory of this software.                      */
   9:Middlewares/ST/usbx/common/usbx_device_classes/src/ux_device_class_storage_read_format_capacity.c **** /*                                                                        */
  10:Middlewares/ST/usbx/common/usbx_device_classes/src/ux_device_class_storage_read_format_capacity.c **** /**************************************************************************/
  11:Middlewares/ST/usbx/common/usbx_device_classes/src/ux_device_class_storage_read_format_capacity.c **** 
  12:Middlewares/ST/usbx/common/usbx_device_classes/src/ux_device_class_storage_read_format_capacity.c **** 
  13:Middlewares/ST/usbx/common/usbx_device_classes/src/ux_device_class_storage_read_format_capacity.c **** /**************************************************************************/
  14:Middlewares/ST/usbx/common/usbx_device_classes/src/ux_device_class_storage_read_format_capacity.c **** /**************************************************************************/
  15:Middlewares/ST/usbx/common/usbx_device_classes/src/ux_device_class_storage_read_format_capacity.c **** /**                                                                       */ 
  16:Middlewares/ST/usbx/common/usbx_device_classes/src/ux_device_class_storage_read_format_capacity.c **** /** USBX Component                                                        */ 
  17:Middlewares/ST/usbx/common/usbx_device_classes/src/ux_device_class_storage_read_format_capacity.c **** /**                                                                       */
  18:Middlewares/ST/usbx/common/usbx_device_classes/src/ux_device_class_storage_read_format_capacity.c **** /**   Device Storage Class                                                */
  19:Middlewares/ST/usbx/common/usbx_device_classes/src/ux_device_class_storage_read_format_capacity.c **** /**                                                                       */
  20:Middlewares/ST/usbx/common/usbx_device_classes/src/ux_device_class_storage_read_format_capacity.c **** /**************************************************************************/
  21:Middlewares/ST/usbx/common/usbx_device_classes/src/ux_device_class_storage_read_format_capacity.c **** /**************************************************************************/
  22:Middlewares/ST/usbx/common/usbx_device_classes/src/ux_device_class_storage_read_format_capacity.c **** 
  23:Middlewares/ST/usbx/common/usbx_device_classes/src/ux_device_class_storage_read_format_capacity.c **** #define UX_SOURCE_CODE
  24:Middlewares/ST/usbx/common/usbx_device_classes/src/ux_device_class_storage_read_format_capacity.c **** 
  25:Middlewares/ST/usbx/common/usbx_device_classes/src/ux_device_class_storage_read_format_capacity.c **** 
  26:Middlewares/ST/usbx/common/usbx_device_classes/src/ux_device_class_storage_read_format_capacity.c **** /* Include necessary system files.  */
  27:Middlewares/ST/usbx/common/usbx_device_classes/src/ux_device_class_storage_read_format_capacity.c **** 
  28:Middlewares/ST/usbx/common/usbx_device_classes/src/ux_device_class_storage_read_format_capacity.c **** #include "ux_api.h"
  29:Middlewares/ST/usbx/common/usbx_device_classes/src/ux_device_class_storage_read_format_capacity.c **** #include "ux_device_class_storage.h"
  30:Middlewares/ST/usbx/common/usbx_device_classes/src/ux_device_class_storage_read_format_capacity.c **** #include "ux_device_stack.h"
ARM GAS  /tmp/ccLxu0I4.s 			page 2


  31:Middlewares/ST/usbx/common/usbx_device_classes/src/ux_device_class_storage_read_format_capacity.c **** 
  32:Middlewares/ST/usbx/common/usbx_device_classes/src/ux_device_class_storage_read_format_capacity.c **** 
  33:Middlewares/ST/usbx/common/usbx_device_classes/src/ux_device_class_storage_read_format_capacity.c **** #if UX_SLAVE_CLASS_STORAGE_BUFFER_SIZE < UX_SLAVE_CLASS_STORAGE_READ_FORMAT_CAPACITY_RESPONSE_LENGT
  34:Middlewares/ST/usbx/common/usbx_device_classes/src/ux_device_class_storage_read_format_capacity.c **** #error UX_SLAVE_CLASS_STORAGE_BUFFER_SIZE too small, please check
  35:Middlewares/ST/usbx/common/usbx_device_classes/src/ux_device_class_storage_read_format_capacity.c **** #endif
  36:Middlewares/ST/usbx/common/usbx_device_classes/src/ux_device_class_storage_read_format_capacity.c **** 
  37:Middlewares/ST/usbx/common/usbx_device_classes/src/ux_device_class_storage_read_format_capacity.c **** /**************************************************************************/ 
  38:Middlewares/ST/usbx/common/usbx_device_classes/src/ux_device_class_storage_read_format_capacity.c **** /*                                                                        */ 
  39:Middlewares/ST/usbx/common/usbx_device_classes/src/ux_device_class_storage_read_format_capacity.c **** /*  FUNCTION                                               RELEASE        */ 
  40:Middlewares/ST/usbx/common/usbx_device_classes/src/ux_device_class_storage_read_format_capacity.c **** /*                                                                        */ 
  41:Middlewares/ST/usbx/common/usbx_device_classes/src/ux_device_class_storage_read_format_capacity.c **** /*    _ux_device_class_storage_read_format_capacity       PORTABLE C      */ 
  42:Middlewares/ST/usbx/common/usbx_device_classes/src/ux_device_class_storage_read_format_capacity.c **** /*                                                           6.1.10       */
  43:Middlewares/ST/usbx/common/usbx_device_classes/src/ux_device_class_storage_read_format_capacity.c **** /*  AUTHOR                                                                */
  44:Middlewares/ST/usbx/common/usbx_device_classes/src/ux_device_class_storage_read_format_capacity.c **** /*                                                                        */
  45:Middlewares/ST/usbx/common/usbx_device_classes/src/ux_device_class_storage_read_format_capacity.c **** /*    Chaoqiong Xiao, Microsoft Corporation                               */
  46:Middlewares/ST/usbx/common/usbx_device_classes/src/ux_device_class_storage_read_format_capacity.c **** /*                                                                        */
  47:Middlewares/ST/usbx/common/usbx_device_classes/src/ux_device_class_storage_read_format_capacity.c **** /*  DESCRIPTION                                                           */
  48:Middlewares/ST/usbx/common/usbx_device_classes/src/ux_device_class_storage_read_format_capacity.c **** /*                                                                        */ 
  49:Middlewares/ST/usbx/common/usbx_device_classes/src/ux_device_class_storage_read_format_capacity.c **** /*    This function performs a READ_FORMAT_CAPACITY command.              */ 
  50:Middlewares/ST/usbx/common/usbx_device_classes/src/ux_device_class_storage_read_format_capacity.c **** /*                                                                        */ 
  51:Middlewares/ST/usbx/common/usbx_device_classes/src/ux_device_class_storage_read_format_capacity.c **** /*  INPUT                                                                 */ 
  52:Middlewares/ST/usbx/common/usbx_device_classes/src/ux_device_class_storage_read_format_capacity.c **** /*                                                                        */ 
  53:Middlewares/ST/usbx/common/usbx_device_classes/src/ux_device_class_storage_read_format_capacity.c **** /*    storage                               Pointer to storage class      */ 
  54:Middlewares/ST/usbx/common/usbx_device_classes/src/ux_device_class_storage_read_format_capacity.c **** /*    endpoint_in                           Pointer to IN endpoint        */
  55:Middlewares/ST/usbx/common/usbx_device_classes/src/ux_device_class_storage_read_format_capacity.c **** /*    endpoint_out                          Pointer to OUT endpoint       */
  56:Middlewares/ST/usbx/common/usbx_device_classes/src/ux_device_class_storage_read_format_capacity.c **** /*    cbwcb                                 Pointer to CBWCB              */ 
  57:Middlewares/ST/usbx/common/usbx_device_classes/src/ux_device_class_storage_read_format_capacity.c **** /*                                                                        */ 
  58:Middlewares/ST/usbx/common/usbx_device_classes/src/ux_device_class_storage_read_format_capacity.c **** /*  OUTPUT                                                                */ 
  59:Middlewares/ST/usbx/common/usbx_device_classes/src/ux_device_class_storage_read_format_capacity.c **** /*                                                                        */ 
  60:Middlewares/ST/usbx/common/usbx_device_classes/src/ux_device_class_storage_read_format_capacity.c **** /*    Completion Status                                                   */ 
  61:Middlewares/ST/usbx/common/usbx_device_classes/src/ux_device_class_storage_read_format_capacity.c **** /*                                                                        */ 
  62:Middlewares/ST/usbx/common/usbx_device_classes/src/ux_device_class_storage_read_format_capacity.c **** /*  CALLS                                                                 */ 
  63:Middlewares/ST/usbx/common/usbx_device_classes/src/ux_device_class_storage_read_format_capacity.c **** /*                                                                        */ 
  64:Middlewares/ST/usbx/common/usbx_device_classes/src/ux_device_class_storage_read_format_capacity.c **** /*    _ux_device_class_storage_csw_send     Send CSW                      */ 
  65:Middlewares/ST/usbx/common/usbx_device_classes/src/ux_device_class_storage_read_format_capacity.c **** /*    _ux_device_stack_transfer_request     Transfer request              */ 
  66:Middlewares/ST/usbx/common/usbx_device_classes/src/ux_device_class_storage_read_format_capacity.c **** /*    _ux_utility_memory_set                Set memory                    */
  67:Middlewares/ST/usbx/common/usbx_device_classes/src/ux_device_class_storage_read_format_capacity.c **** /*    _ux_utility_long_put_big_endian       Put 32-bit big endian         */
  68:Middlewares/ST/usbx/common/usbx_device_classes/src/ux_device_class_storage_read_format_capacity.c **** /*    _ux_utility_memory_copy               Copy memory                   */
  69:Middlewares/ST/usbx/common/usbx_device_classes/src/ux_device_class_storage_read_format_capacity.c **** /*                                                                        */ 
  70:Middlewares/ST/usbx/common/usbx_device_classes/src/ux_device_class_storage_read_format_capacity.c **** /*  CALLED BY                                                             */ 
  71:Middlewares/ST/usbx/common/usbx_device_classes/src/ux_device_class_storage_read_format_capacity.c **** /*                                                                        */ 
  72:Middlewares/ST/usbx/common/usbx_device_classes/src/ux_device_class_storage_read_format_capacity.c **** /*    Device Storage Class                                                */ 
  73:Middlewares/ST/usbx/common/usbx_device_classes/src/ux_device_class_storage_read_format_capacity.c **** /*                                                                        */ 
  74:Middlewares/ST/usbx/common/usbx_device_classes/src/ux_device_class_storage_read_format_capacity.c **** /*  RELEASE HISTORY                                                       */ 
  75:Middlewares/ST/usbx/common/usbx_device_classes/src/ux_device_class_storage_read_format_capacity.c **** /*                                                                        */ 
  76:Middlewares/ST/usbx/common/usbx_device_classes/src/ux_device_class_storage_read_format_capacity.c **** /*    DATE              NAME                      DESCRIPTION             */ 
  77:Middlewares/ST/usbx/common/usbx_device_classes/src/ux_device_class_storage_read_format_capacity.c **** /*                                                                        */ 
  78:Middlewares/ST/usbx/common/usbx_device_classes/src/ux_device_class_storage_read_format_capacity.c **** /*  05-19-2020     Chaoqiong Xiao           Initial Version 6.0           */
  79:Middlewares/ST/usbx/common/usbx_device_classes/src/ux_device_class_storage_read_format_capacity.c **** /*  09-30-2020     Chaoqiong Xiao           Modified comment(s),          */
  80:Middlewares/ST/usbx/common/usbx_device_classes/src/ux_device_class_storage_read_format_capacity.c **** /*                                            optimized command logic,    */
  81:Middlewares/ST/usbx/common/usbx_device_classes/src/ux_device_class_storage_read_format_capacity.c **** /*                                            verified memset and memcpy  */
  82:Middlewares/ST/usbx/common/usbx_device_classes/src/ux_device_class_storage_read_format_capacity.c **** /*                                            cases,                      */
  83:Middlewares/ST/usbx/common/usbx_device_classes/src/ux_device_class_storage_read_format_capacity.c **** /*                                            resulting in version 6.1    */
  84:Middlewares/ST/usbx/common/usbx_device_classes/src/ux_device_class_storage_read_format_capacity.c **** /*  01-31-2022     Chaoqiong Xiao           Modified comment(s),          */
  85:Middlewares/ST/usbx/common/usbx_device_classes/src/ux_device_class_storage_read_format_capacity.c **** /*                                            added standalone support,   */
  86:Middlewares/ST/usbx/common/usbx_device_classes/src/ux_device_class_storage_read_format_capacity.c **** /*                                            resulting in version 6.1.10 */
  87:Middlewares/ST/usbx/common/usbx_device_classes/src/ux_device_class_storage_read_format_capacity.c **** /*                                                                        */
ARM GAS  /tmp/ccLxu0I4.s 			page 3


  88:Middlewares/ST/usbx/common/usbx_device_classes/src/ux_device_class_storage_read_format_capacity.c **** /**************************************************************************/
  89:Middlewares/ST/usbx/common/usbx_device_classes/src/ux_device_class_storage_read_format_capacity.c **** UINT  _ux_device_class_storage_read_format_capacity(UX_SLAVE_CLASS_STORAGE *storage, ULONG lun,
  90:Middlewares/ST/usbx/common/usbx_device_classes/src/ux_device_class_storage_read_format_capacity.c ****                                             UX_SLAVE_ENDPOINT *endpoint_in,
  91:Middlewares/ST/usbx/common/usbx_device_classes/src/ux_device_class_storage_read_format_capacity.c ****                                             UX_SLAVE_ENDPOINT *endpoint_out, UCHAR * cbwcb)
  92:Middlewares/ST/usbx/common/usbx_device_classes/src/ux_device_class_storage_read_format_capacity.c **** {
  29              		.loc 1 92 1 view -0
  30              		.cfi_startproc
  31              		@ args = 4, pretend = 0, frame = 0
  32              		@ frame_needed = 0, uses_anonymous_args = 0
  33              		.loc 1 92 1 is_stmt 0 view .LVU1
  34 0000 2DE9F043 		push	{r4, r5, r6, r7, r8, r9, lr}
  35              	.LCFI0:
  36              		.cfi_def_cfa_offset 28
  37              		.cfi_offset 4, -28
  38              		.cfi_offset 5, -24
  39              		.cfi_offset 6, -20
  40              		.cfi_offset 7, -16
  41              		.cfi_offset 8, -12
  42              		.cfi_offset 9, -8
  43              		.cfi_offset 14, -4
  44 0004 85B0     		sub	sp, sp, #20
  45              	.LCFI1:
  46              		.cfi_def_cfa_offset 48
  47 0006 0646     		mov	r6, r0
  48 0008 0D46     		mov	r5, r1
  49 000a 1746     		mov	r7, r2
  93:Middlewares/ST/usbx/common/usbx_device_classes/src/ux_device_class_storage_read_format_capacity.c **** 
  94:Middlewares/ST/usbx/common/usbx_device_classes/src/ux_device_class_storage_read_format_capacity.c **** UINT                    status;
  50              		.loc 1 94 1 is_stmt 1 view .LVU2
  95:Middlewares/ST/usbx/common/usbx_device_classes/src/ux_device_class_storage_read_format_capacity.c **** UX_SLAVE_TRANSFER       *transfer_request;
  51              		.loc 1 95 1 view .LVU3
  96:Middlewares/ST/usbx/common/usbx_device_classes/src/ux_device_class_storage_read_format_capacity.c **** UCHAR                   *read_format_capacity_buffer;
  52              		.loc 1 96 1 view .LVU4
  97:Middlewares/ST/usbx/common/usbx_device_classes/src/ux_device_class_storage_read_format_capacity.c **** 
  98:Middlewares/ST/usbx/common/usbx_device_classes/src/ux_device_class_storage_read_format_capacity.c ****     UX_PARAMETER_NOT_USED(cbwcb);
  53              		.loc 1 98 5 view .LVU5
  99:Middlewares/ST/usbx/common/usbx_device_classes/src/ux_device_class_storage_read_format_capacity.c ****     UX_PARAMETER_NOT_USED(endpoint_out);
  54              		.loc 1 99 5 view .LVU6
 100:Middlewares/ST/usbx/common/usbx_device_classes/src/ux_device_class_storage_read_format_capacity.c **** 
 101:Middlewares/ST/usbx/common/usbx_device_classes/src/ux_device_class_storage_read_format_capacity.c ****     /* If trace is enabled, insert this event into the trace buffer.  */
 102:Middlewares/ST/usbx/common/usbx_device_classes/src/ux_device_class_storage_read_format_capacity.c ****     UX_TRACE_IN_LINE_INSERT(UX_TRACE_DEVICE_CLASS_STORAGE_READ_FORMAT_CAPACITY, storage, lun, 0, 0,
  55              		.loc 1 102 5 view .LVU7
  56 000c 0024     		movs	r4, #0
  57 000e 0394     		str	r4, [sp, #12]
  58 0010 0294     		str	r4, [sp, #8]
  59 0012 4FF08043 		mov	r3, #1073741824
  60              	.LVL1:
  61              		.loc 1 102 5 is_stmt 0 view .LVU8
  62 0016 0193     		str	r3, [sp, #4]
  63 0018 0094     		str	r4, [sp]
  64 001a 2346     		mov	r3, r4
  65 001c 0A46     		mov	r2, r1
  66              	.LVL2:
  67              		.loc 1 102 5 view .LVU9
  68 001e 0146     		mov	r1, r0
  69              	.LVL3:
  70              		.loc 1 102 5 view .LVU10
ARM GAS  /tmp/ccLxu0I4.s 			page 4


  71 0020 40F2D330 		movw	r0, #979
  72              	.LVL4:
  73              		.loc 1 102 5 view .LVU11
  74 0024 FFF7FEFF 		bl	_ux_trace_event_insert
  75              	.LVL5:
 103:Middlewares/ST/usbx/common/usbx_device_classes/src/ux_device_class_storage_read_format_capacity.c **** 
 104:Middlewares/ST/usbx/common/usbx_device_classes/src/ux_device_class_storage_read_format_capacity.c ****     /* Obtain the pointer to the transfer request.  */
 105:Middlewares/ST/usbx/common/usbx_device_classes/src/ux_device_class_storage_read_format_capacity.c ****     transfer_request =  &endpoint_in -> ux_slave_endpoint_transfer_request;
  76              		.loc 1 105 5 is_stmt 1 view .LVU12
  77              		.loc 1 105 22 is_stmt 0 view .LVU13
  78 0028 07F13009 		add	r9, r7, #48
  79              	.LVL6:
 106:Middlewares/ST/usbx/common/usbx_device_classes/src/ux_device_class_storage_read_format_capacity.c **** 
 107:Middlewares/ST/usbx/common/usbx_device_classes/src/ux_device_class_storage_read_format_capacity.c ****     /* Get read format capacity response buffer.  */
 108:Middlewares/ST/usbx/common/usbx_device_classes/src/ux_device_class_storage_read_format_capacity.c ****     read_format_capacity_buffer = transfer_request -> ux_slave_transfer_request_data_pointer;
  80              		.loc 1 108 5 is_stmt 1 view .LVU14
  81              		.loc 1 108 33 is_stmt 0 view .LVU15
  82 002c FF6B     		ldr	r7, [r7, #60]
  83              	.LVL7:
 109:Middlewares/ST/usbx/common/usbx_device_classes/src/ux_device_class_storage_read_format_capacity.c **** 
 110:Middlewares/ST/usbx/common/usbx_device_classes/src/ux_device_class_storage_read_format_capacity.c ****     /* Ensure it is cleaned.  */
 111:Middlewares/ST/usbx/common/usbx_device_classes/src/ux_device_class_storage_read_format_capacity.c ****     _ux_utility_memory_set(read_format_capacity_buffer, 0, UX_SLAVE_CLASS_STORAGE_READ_FORMAT_CAPAC
  84              		.loc 1 111 5 is_stmt 1 view .LVU16
  85 002e 0C22     		movs	r2, #12
  86 0030 2146     		mov	r1, r4
  87 0032 3846     		mov	r0, r7
  88 0034 FFF7FEFF 		bl	_ux_utility_memory_set
  89              	.LVL8:
 112:Middlewares/ST/usbx/common/usbx_device_classes/src/ux_device_class_storage_read_format_capacity.c **** 
 113:Middlewares/ST/usbx/common/usbx_device_classes/src/ux_device_class_storage_read_format_capacity.c ****     /* Insert the size of the response block.  */
 114:Middlewares/ST/usbx/common/usbx_device_classes/src/ux_device_class_storage_read_format_capacity.c ****     _ux_utility_long_put_big_endian(&read_format_capacity_buffer[UX_SLAVE_CLASS_STORAGE_READ_FORMAT
  90              		.loc 1 114 5 view .LVU17
  91 0038 0821     		movs	r1, #8
  92 003a 3846     		mov	r0, r7
  93 003c FFF7FEFF 		bl	_ux_utility_long_put_big_endian
  94              	.LVL9:
 115:Middlewares/ST/usbx/common/usbx_device_classes/src/ux_device_class_storage_read_format_capacity.c **** 
 116:Middlewares/ST/usbx/common/usbx_device_classes/src/ux_device_class_storage_read_format_capacity.c ****     /* Insert the last LBA address in the response.  */
 117:Middlewares/ST/usbx/common/usbx_device_classes/src/ux_device_class_storage_read_format_capacity.c ****     _ux_utility_long_put_big_endian(&read_format_capacity_buffer[UX_SLAVE_CLASS_STORAGE_READ_FORMAT
  95              		.loc 1 117 5 view .LVU18
  96 0040 4FEAC508 		lsl	r8, r5, #3
  97 0044 C5EBC503 		rsb	r3, r5, r5, lsl #3
  98 0048 06EBC303 		add	r3, r6, r3, lsl #3
  99 004c 9968     		ldr	r1, [r3, #8]
 100 004e 381D     		adds	r0, r7, #4
 101 0050 FFF7FEFF 		bl	_ux_utility_long_put_big_endian
 102              	.LVL10:
 118:Middlewares/ST/usbx/common/usbx_device_classes/src/ux_device_class_storage_read_format_capacity.c ****                                     storage -> ux_slave_class_storage_lun[lun].ux_slave_class_stora
 119:Middlewares/ST/usbx/common/usbx_device_classes/src/ux_device_class_storage_read_format_capacity.c **** 
 120:Middlewares/ST/usbx/common/usbx_device_classes/src/ux_device_class_storage_read_format_capacity.c ****     /* Insert the block length in the response.  This is in 3 bytes. */
 121:Middlewares/ST/usbx/common/usbx_device_classes/src/ux_device_class_storage_read_format_capacity.c ****     _ux_utility_long_put_big_endian(&read_format_capacity_buffer[UX_SLAVE_CLASS_STORAGE_READ_FORMAT
 103              		.loc 1 121 5 view .LVU19
 104 0054 A8EB0508 		sub	r8, r8, r5
 105 0058 06EBC808 		add	r8, r6, r8, lsl #3
 106 005c D8F80C10 		ldr	r1, [r8, #12]
 107 0060 07F10800 		add	r0, r7, #8
 108 0064 FFF7FEFF 		bl	_ux_utility_long_put_big_endian
ARM GAS  /tmp/ccLxu0I4.s 			page 5


 109              	.LVL11:
 122:Middlewares/ST/usbx/common/usbx_device_classes/src/ux_device_class_storage_read_format_capacity.c ****                                     storage -> ux_slave_class_storage_lun[lun].ux_slave_class_stora
 123:Middlewares/ST/usbx/common/usbx_device_classes/src/ux_device_class_storage_read_format_capacity.c **** 
 124:Middlewares/ST/usbx/common/usbx_device_classes/src/ux_device_class_storage_read_format_capacity.c ****     /* Insert the response code : always 2.  */
 125:Middlewares/ST/usbx/common/usbx_device_classes/src/ux_device_class_storage_read_format_capacity.c ****     read_format_capacity_buffer[UX_SLAVE_CLASS_STORAGE_READ_FORMAT_CAPACITY_RESPONSE_DESC_CODE] =  
 110              		.loc 1 125 5 view .LVU20
 111              		.loc 1 125 97 is_stmt 0 view .LVU21
 112 0068 0223     		movs	r3, #2
 113 006a 3B72     		strb	r3, [r7, #8]
 126:Middlewares/ST/usbx/common/usbx_device_classes/src/ux_device_class_storage_read_format_capacity.c **** 
 127:Middlewares/ST/usbx/common/usbx_device_classes/src/ux_device_class_storage_read_format_capacity.c **** #if defined(UX_DEVICE_STANDALONE)
 128:Middlewares/ST/usbx/common/usbx_device_classes/src/ux_device_class_storage_read_format_capacity.c **** 
 129:Middlewares/ST/usbx/common/usbx_device_classes/src/ux_device_class_storage_read_format_capacity.c ****     /* Next: Transfer (DATA).  */
 130:Middlewares/ST/usbx/common/usbx_device_classes/src/ux_device_class_storage_read_format_capacity.c ****     storage -> ux_device_class_storage_state = UX_DEVICE_CLASS_STORAGE_STATE_TRANS_START;
 131:Middlewares/ST/usbx/common/usbx_device_classes/src/ux_device_class_storage_read_format_capacity.c ****     storage -> ux_device_class_storage_cmd_state = UX_DEVICE_CLASS_STORAGE_CMD_READ;
 132:Middlewares/ST/usbx/common/usbx_device_classes/src/ux_device_class_storage_read_format_capacity.c **** 
 133:Middlewares/ST/usbx/common/usbx_device_classes/src/ux_device_class_storage_read_format_capacity.c ****     storage -> ux_device_class_storage_transfer = transfer_request;
 134:Middlewares/ST/usbx/common/usbx_device_classes/src/ux_device_class_storage_read_format_capacity.c ****     storage -> ux_device_class_storage_device_length =
 135:Middlewares/ST/usbx/common/usbx_device_classes/src/ux_device_class_storage_read_format_capacity.c ****                     UX_SLAVE_CLASS_STORAGE_READ_FORMAT_CAPACITY_RESPONSE_LENGTH;
 136:Middlewares/ST/usbx/common/usbx_device_classes/src/ux_device_class_storage_read_format_capacity.c ****     storage -> ux_device_class_storage_data_length =
 137:Middlewares/ST/usbx/common/usbx_device_classes/src/ux_device_class_storage_read_format_capacity.c ****                     UX_SLAVE_CLASS_STORAGE_READ_FORMAT_CAPACITY_RESPONSE_LENGTH;
 138:Middlewares/ST/usbx/common/usbx_device_classes/src/ux_device_class_storage_read_format_capacity.c ****     storage -> ux_device_class_storage_data_count = 0;
 139:Middlewares/ST/usbx/common/usbx_device_classes/src/ux_device_class_storage_read_format_capacity.c ****     UX_SLAVE_TRANSFER_STATE_RESET(storage -> ux_device_class_storage_transfer);
 140:Middlewares/ST/usbx/common/usbx_device_classes/src/ux_device_class_storage_read_format_capacity.c **** 
 141:Middlewares/ST/usbx/common/usbx_device_classes/src/ux_device_class_storage_read_format_capacity.c **** #else
 142:Middlewares/ST/usbx/common/usbx_device_classes/src/ux_device_class_storage_read_format_capacity.c **** 
 143:Middlewares/ST/usbx/common/usbx_device_classes/src/ux_device_class_storage_read_format_capacity.c ****     /* Send a data payload with the read_capacity response buffer.  */
 144:Middlewares/ST/usbx/common/usbx_device_classes/src/ux_device_class_storage_read_format_capacity.c ****     _ux_device_stack_transfer_request(transfer_request, 
 114              		.loc 1 144 5 is_stmt 1 view .LVU22
 115 006c 0C22     		movs	r2, #12
 116 006e 1146     		mov	r1, r2
 117 0070 4846     		mov	r0, r9
 118 0072 FFF7FEFF 		bl	_ux_device_stack_transfer_request
 119              	.LVL12:
 145:Middlewares/ST/usbx/common/usbx_device_classes/src/ux_device_class_storage_read_format_capacity.c ****                                   UX_SLAVE_CLASS_STORAGE_READ_FORMAT_CAPACITY_RESPONSE_LENGTH,
 146:Middlewares/ST/usbx/common/usbx_device_classes/src/ux_device_class_storage_read_format_capacity.c ****                                   UX_SLAVE_CLASS_STORAGE_READ_FORMAT_CAPACITY_RESPONSE_LENGTH);
 147:Middlewares/ST/usbx/common/usbx_device_classes/src/ux_device_class_storage_read_format_capacity.c **** #endif
 148:Middlewares/ST/usbx/common/usbx_device_classes/src/ux_device_class_storage_read_format_capacity.c **** 
 149:Middlewares/ST/usbx/common/usbx_device_classes/src/ux_device_class_storage_read_format_capacity.c ****     /* Now we set the CSW with success.  */
 150:Middlewares/ST/usbx/common/usbx_device_classes/src/ux_device_class_storage_read_format_capacity.c ****     storage -> ux_slave_class_storage_csw_status = UX_SLAVE_CLASS_STORAGE_CSW_PASSED;
 120              		.loc 1 150 5 view .LVU23
 121              		.loc 1 150 50 is_stmt 0 view .LVU24
 122 0076 3465     		str	r4, [r6, #80]
 151:Middlewares/ST/usbx/common/usbx_device_classes/src/ux_device_class_storage_read_format_capacity.c ****     status = UX_SUCCESS;
 123              		.loc 1 151 5 is_stmt 1 view .LVU25
 124              	.LVL13:
 152:Middlewares/ST/usbx/common/usbx_device_classes/src/ux_device_class_storage_read_format_capacity.c **** 
 153:Middlewares/ST/usbx/common/usbx_device_classes/src/ux_device_class_storage_read_format_capacity.c ****     /* Return completion status.  */
 154:Middlewares/ST/usbx/common/usbx_device_classes/src/ux_device_class_storage_read_format_capacity.c ****     return(status);
 125              		.loc 1 154 5 view .LVU26
 155:Middlewares/ST/usbx/common/usbx_device_classes/src/ux_device_class_storage_read_format_capacity.c **** }
 126              		.loc 1 155 1 is_stmt 0 view .LVU27
 127 0078 2046     		mov	r0, r4
 128 007a 05B0     		add	sp, sp, #20
 129              	.LCFI2:
 130              		.cfi_def_cfa_offset 28
 131              		@ sp needed
ARM GAS  /tmp/ccLxu0I4.s 			page 6


 132 007c BDE8F083 		pop	{r4, r5, r6, r7, r8, r9, pc}
 133              		.loc 1 155 1 view .LVU28
 134              		.cfi_endproc
 135              	.LFE11:
 137              		.text
 138              	.Letext0:
 139              		.file 2 "Middlewares/ST/threadx/ports/cortex_m7/gnu/inc/tx_port.h"
 140              		.file 3 "Middlewares/ST/threadx/common/inc/tx_api.h"
 141              		.file 4 "Middlewares/ST/threadx/common/inc/tx_trace.h"
 142              		.file 5 "Middlewares/ST/usbx/common/core/inc/ux_api.h"
 143              		.file 6 "Middlewares/ST/usbx/common/usbx_device_classes/inc/ux_device_class_storage.h"
 144              		.file 7 "Middlewares/ST/usbx/common/core/inc/ux_utility.h"
 145              		.file 8 "Middlewares/ST/usbx/common/core/inc/ux_device_stack.h"
ARM GAS  /tmp/ccLxu0I4.s 			page 7


DEFINED SYMBOLS
                            *ABS*:00000000 ux_device_class_storage_read_format_capacity.c
     /tmp/ccLxu0I4.s:20     .text._ux_device_class_storage_read_format_capacity:00000000 $t
     /tmp/ccLxu0I4.s:26     .text._ux_device_class_storage_read_format_capacity:00000000 _ux_device_class_storage_read_format_capacity

UNDEFINED SYMBOLS
_ux_trace_event_insert
_ux_utility_memory_set
_ux_utility_long_put_big_endian
_ux_device_stack_transfer_request
