ARM GAS  /tmp/ccpc96Cb.s 			page 1


   1              		.cpu cortex-m7
   2              		.arch armv7e-m
   3              		.fpu fpv5-d16
   4              		.eabi_attribute 28, 1
   5              		.eabi_attribute 20, 1
   6              		.eabi_attribute 21, 1
   7              		.eabi_attribute 23, 3
   8              		.eabi_attribute 24, 1
   9              		.eabi_attribute 25, 1
  10              		.eabi_attribute 26, 1
  11              		.eabi_attribute 30, 1
  12              		.eabi_attribute 34, 1
  13              		.eabi_attribute 18, 4
  14              		.file	"ux_device_class_storage_start_stop.c"
  15              		.text
  16              	.Ltext0:
  17              		.cfi_sections	.debug_frame
  18              		.file 1 "Middlewares/ST/usbx/common/usbx_device_classes/src/ux_device_class_storage_start_stop.c"
  19              		.section	.text._ux_device_class_storage_start_stop,"ax",%progbits
  20              		.align	1
  21              		.global	_ux_device_class_storage_start_stop
  22              		.syntax unified
  23              		.thumb
  24              		.thumb_func
  26              	_ux_device_class_storage_start_stop:
  27              	.LVL0:
  28              	.LFB11:
   1:Middlewares/ST/usbx/common/usbx_device_classes/src/ux_device_class_storage_start_stop.c **** /**************************************************************************/
   2:Middlewares/ST/usbx/common/usbx_device_classes/src/ux_device_class_storage_start_stop.c **** /*                                                                        */
   3:Middlewares/ST/usbx/common/usbx_device_classes/src/ux_device_class_storage_start_stop.c **** /*       Copyright (c) Microsoft Corporation. All rights reserved.        */
   4:Middlewares/ST/usbx/common/usbx_device_classes/src/ux_device_class_storage_start_stop.c **** /*                                                                        */
   5:Middlewares/ST/usbx/common/usbx_device_classes/src/ux_device_class_storage_start_stop.c **** /*       This software is licensed under the Microsoft Software License   */
   6:Middlewares/ST/usbx/common/usbx_device_classes/src/ux_device_class_storage_start_stop.c **** /*       Terms for Microsoft Azure RTOS. Full text of the license can be  */
   7:Middlewares/ST/usbx/common/usbx_device_classes/src/ux_device_class_storage_start_stop.c **** /*       found in the LICENSE file at https://aka.ms/AzureRTOS_EULA       */
   8:Middlewares/ST/usbx/common/usbx_device_classes/src/ux_device_class_storage_start_stop.c **** /*       and in the root directory of this software.                      */
   9:Middlewares/ST/usbx/common/usbx_device_classes/src/ux_device_class_storage_start_stop.c **** /*                                                                        */
  10:Middlewares/ST/usbx/common/usbx_device_classes/src/ux_device_class_storage_start_stop.c **** /**************************************************************************/
  11:Middlewares/ST/usbx/common/usbx_device_classes/src/ux_device_class_storage_start_stop.c **** 
  12:Middlewares/ST/usbx/common/usbx_device_classes/src/ux_device_class_storage_start_stop.c **** 
  13:Middlewares/ST/usbx/common/usbx_device_classes/src/ux_device_class_storage_start_stop.c **** /**************************************************************************/
  14:Middlewares/ST/usbx/common/usbx_device_classes/src/ux_device_class_storage_start_stop.c **** /**************************************************************************/
  15:Middlewares/ST/usbx/common/usbx_device_classes/src/ux_device_class_storage_start_stop.c **** /**                                                                       */ 
  16:Middlewares/ST/usbx/common/usbx_device_classes/src/ux_device_class_storage_start_stop.c **** /** USBX Component                                                        */ 
  17:Middlewares/ST/usbx/common/usbx_device_classes/src/ux_device_class_storage_start_stop.c **** /**                                                                       */
  18:Middlewares/ST/usbx/common/usbx_device_classes/src/ux_device_class_storage_start_stop.c **** /**   Device Storage Class                                                */
  19:Middlewares/ST/usbx/common/usbx_device_classes/src/ux_device_class_storage_start_stop.c **** /**                                                                       */
  20:Middlewares/ST/usbx/common/usbx_device_classes/src/ux_device_class_storage_start_stop.c **** /**************************************************************************/
  21:Middlewares/ST/usbx/common/usbx_device_classes/src/ux_device_class_storage_start_stop.c **** /**************************************************************************/
  22:Middlewares/ST/usbx/common/usbx_device_classes/src/ux_device_class_storage_start_stop.c **** 
  23:Middlewares/ST/usbx/common/usbx_device_classes/src/ux_device_class_storage_start_stop.c **** #define UX_SOURCE_CODE
  24:Middlewares/ST/usbx/common/usbx_device_classes/src/ux_device_class_storage_start_stop.c **** 
  25:Middlewares/ST/usbx/common/usbx_device_classes/src/ux_device_class_storage_start_stop.c **** 
  26:Middlewares/ST/usbx/common/usbx_device_classes/src/ux_device_class_storage_start_stop.c **** /* Include necessary system files.  */
  27:Middlewares/ST/usbx/common/usbx_device_classes/src/ux_device_class_storage_start_stop.c **** 
  28:Middlewares/ST/usbx/common/usbx_device_classes/src/ux_device_class_storage_start_stop.c **** #include "ux_api.h"
  29:Middlewares/ST/usbx/common/usbx_device_classes/src/ux_device_class_storage_start_stop.c **** #include "ux_device_class_storage.h"
  30:Middlewares/ST/usbx/common/usbx_device_classes/src/ux_device_class_storage_start_stop.c **** #include "ux_device_stack.h"
ARM GAS  /tmp/ccpc96Cb.s 			page 2


  31:Middlewares/ST/usbx/common/usbx_device_classes/src/ux_device_class_storage_start_stop.c **** 
  32:Middlewares/ST/usbx/common/usbx_device_classes/src/ux_device_class_storage_start_stop.c **** 
  33:Middlewares/ST/usbx/common/usbx_device_classes/src/ux_device_class_storage_start_stop.c **** /**************************************************************************/ 
  34:Middlewares/ST/usbx/common/usbx_device_classes/src/ux_device_class_storage_start_stop.c **** /*                                                                        */ 
  35:Middlewares/ST/usbx/common/usbx_device_classes/src/ux_device_class_storage_start_stop.c **** /*  FUNCTION                                               RELEASE        */ 
  36:Middlewares/ST/usbx/common/usbx_device_classes/src/ux_device_class_storage_start_stop.c **** /*                                                                        */ 
  37:Middlewares/ST/usbx/common/usbx_device_classes/src/ux_device_class_storage_start_stop.c **** /*    _ux_device_class_storage_start_stop                 PORTABLE C      */ 
  38:Middlewares/ST/usbx/common/usbx_device_classes/src/ux_device_class_storage_start_stop.c **** /*                                                           6.1          */
  39:Middlewares/ST/usbx/common/usbx_device_classes/src/ux_device_class_storage_start_stop.c **** /*  AUTHOR                                                                */
  40:Middlewares/ST/usbx/common/usbx_device_classes/src/ux_device_class_storage_start_stop.c **** /*                                                                        */
  41:Middlewares/ST/usbx/common/usbx_device_classes/src/ux_device_class_storage_start_stop.c **** /*    Chaoqiong Xiao, Microsoft Corporation                               */
  42:Middlewares/ST/usbx/common/usbx_device_classes/src/ux_device_class_storage_start_stop.c **** /*                                                                        */
  43:Middlewares/ST/usbx/common/usbx_device_classes/src/ux_device_class_storage_start_stop.c **** /*  DESCRIPTION                                                           */
  44:Middlewares/ST/usbx/common/usbx_device_classes/src/ux_device_class_storage_start_stop.c **** /*                                                                        */ 
  45:Middlewares/ST/usbx/common/usbx_device_classes/src/ux_device_class_storage_start_stop.c **** /*    This function starts or stops the media. This command will not do   */ 
  46:Middlewares/ST/usbx/common/usbx_device_classes/src/ux_device_class_storage_start_stop.c **** /*    anything here, just the CSW is returned with a SUCCESS code.        */ 
  47:Middlewares/ST/usbx/common/usbx_device_classes/src/ux_device_class_storage_start_stop.c **** /*                                                                        */ 
  48:Middlewares/ST/usbx/common/usbx_device_classes/src/ux_device_class_storage_start_stop.c **** /*  INPUT                                                                 */ 
  49:Middlewares/ST/usbx/common/usbx_device_classes/src/ux_device_class_storage_start_stop.c **** /*                                                                        */ 
  50:Middlewares/ST/usbx/common/usbx_device_classes/src/ux_device_class_storage_start_stop.c **** /*    storage                               Pointer to storage class      */ 
  51:Middlewares/ST/usbx/common/usbx_device_classes/src/ux_device_class_storage_start_stop.c **** /*    endpoint_in                           Pointer to IN endpoint        */
  52:Middlewares/ST/usbx/common/usbx_device_classes/src/ux_device_class_storage_start_stop.c **** /*    endpoint_out                          Pointer to OUT endpoint       */
  53:Middlewares/ST/usbx/common/usbx_device_classes/src/ux_device_class_storage_start_stop.c **** /*    cbwcb                                 Pointer to CBWCB              */ 
  54:Middlewares/ST/usbx/common/usbx_device_classes/src/ux_device_class_storage_start_stop.c **** /*                                                                        */ 
  55:Middlewares/ST/usbx/common/usbx_device_classes/src/ux_device_class_storage_start_stop.c **** /*  OUTPUT                                                                */ 
  56:Middlewares/ST/usbx/common/usbx_device_classes/src/ux_device_class_storage_start_stop.c **** /*                                                                        */ 
  57:Middlewares/ST/usbx/common/usbx_device_classes/src/ux_device_class_storage_start_stop.c **** /*    Completion Status                                                   */ 
  58:Middlewares/ST/usbx/common/usbx_device_classes/src/ux_device_class_storage_start_stop.c **** /*                                                                        */ 
  59:Middlewares/ST/usbx/common/usbx_device_classes/src/ux_device_class_storage_start_stop.c **** /*  CALLS                                                                 */ 
  60:Middlewares/ST/usbx/common/usbx_device_classes/src/ux_device_class_storage_start_stop.c **** /*                                                                        */ 
  61:Middlewares/ST/usbx/common/usbx_device_classes/src/ux_device_class_storage_start_stop.c **** /*    _ux_device_class_storage_csw_send     Send CSW                      */ 
  62:Middlewares/ST/usbx/common/usbx_device_classes/src/ux_device_class_storage_start_stop.c **** /*                                                                        */ 
  63:Middlewares/ST/usbx/common/usbx_device_classes/src/ux_device_class_storage_start_stop.c **** /*  CALLED BY                                                             */ 
  64:Middlewares/ST/usbx/common/usbx_device_classes/src/ux_device_class_storage_start_stop.c **** /*                                                                        */ 
  65:Middlewares/ST/usbx/common/usbx_device_classes/src/ux_device_class_storage_start_stop.c **** /*    Device Storage Class                                                */
  66:Middlewares/ST/usbx/common/usbx_device_classes/src/ux_device_class_storage_start_stop.c **** /*                                                                        */ 
  67:Middlewares/ST/usbx/common/usbx_device_classes/src/ux_device_class_storage_start_stop.c **** /*  RELEASE HISTORY                                                       */ 
  68:Middlewares/ST/usbx/common/usbx_device_classes/src/ux_device_class_storage_start_stop.c **** /*                                                                        */ 
  69:Middlewares/ST/usbx/common/usbx_device_classes/src/ux_device_class_storage_start_stop.c **** /*    DATE              NAME                      DESCRIPTION             */ 
  70:Middlewares/ST/usbx/common/usbx_device_classes/src/ux_device_class_storage_start_stop.c **** /*                                                                        */ 
  71:Middlewares/ST/usbx/common/usbx_device_classes/src/ux_device_class_storage_start_stop.c **** /*  05-19-2020     Chaoqiong Xiao           Initial Version 6.0           */
  72:Middlewares/ST/usbx/common/usbx_device_classes/src/ux_device_class_storage_start_stop.c **** /*  09-30-2020     Chaoqiong Xiao           Modified comment(s),          */
  73:Middlewares/ST/usbx/common/usbx_device_classes/src/ux_device_class_storage_start_stop.c **** /*                                            optimized command logic,    */
  74:Middlewares/ST/usbx/common/usbx_device_classes/src/ux_device_class_storage_start_stop.c **** /*                                            resulting in version 6.1    */
  75:Middlewares/ST/usbx/common/usbx_device_classes/src/ux_device_class_storage_start_stop.c **** /*                                                                        */
  76:Middlewares/ST/usbx/common/usbx_device_classes/src/ux_device_class_storage_start_stop.c **** /**************************************************************************/
  77:Middlewares/ST/usbx/common/usbx_device_classes/src/ux_device_class_storage_start_stop.c **** UINT  _ux_device_class_storage_start_stop(UX_SLAVE_CLASS_STORAGE *storage, ULONG lun, 
  78:Middlewares/ST/usbx/common/usbx_device_classes/src/ux_device_class_storage_start_stop.c ****                                             UX_SLAVE_ENDPOINT *endpoint_in,
  79:Middlewares/ST/usbx/common/usbx_device_classes/src/ux_device_class_storage_start_stop.c ****                                             UX_SLAVE_ENDPOINT *endpoint_out, UCHAR * cbwcb)
  80:Middlewares/ST/usbx/common/usbx_device_classes/src/ux_device_class_storage_start_stop.c **** {
  29              		.loc 1 80 1 view -0
  30              		.cfi_startproc
  31              		@ args = 4, pretend = 0, frame = 0
  32              		@ frame_needed = 0, uses_anonymous_args = 0
  33              		.loc 1 80 1 is_stmt 0 view .LVU1
  34 0000 30B5     		push	{r4, r5, lr}
  35              	.LCFI0:
ARM GAS  /tmp/ccpc96Cb.s 			page 3


  36              		.cfi_def_cfa_offset 12
  37              		.cfi_offset 4, -12
  38              		.cfi_offset 5, -8
  39              		.cfi_offset 14, -4
  40 0002 85B0     		sub	sp, sp, #20
  41              	.LCFI1:
  42              		.cfi_def_cfa_offset 32
  43 0004 0546     		mov	r5, r0
  44 0006 0A46     		mov	r2, r1
  45              	.LVL1:
  81:Middlewares/ST/usbx/common/usbx_device_classes/src/ux_device_class_storage_start_stop.c **** 
  82:Middlewares/ST/usbx/common/usbx_device_classes/src/ux_device_class_storage_start_stop.c ****     UX_PARAMETER_NOT_USED(lun);
  46              		.loc 1 82 5 is_stmt 1 view .LVU2
  83:Middlewares/ST/usbx/common/usbx_device_classes/src/ux_device_class_storage_start_stop.c ****     UX_PARAMETER_NOT_USED(endpoint_in);
  47              		.loc 1 83 5 view .LVU3
  84:Middlewares/ST/usbx/common/usbx_device_classes/src/ux_device_class_storage_start_stop.c ****     UX_PARAMETER_NOT_USED(endpoint_out);
  48              		.loc 1 84 5 view .LVU4
  85:Middlewares/ST/usbx/common/usbx_device_classes/src/ux_device_class_storage_start_stop.c ****     UX_PARAMETER_NOT_USED(cbwcb);
  49              		.loc 1 85 5 view .LVU5
  86:Middlewares/ST/usbx/common/usbx_device_classes/src/ux_device_class_storage_start_stop.c **** 
  87:Middlewares/ST/usbx/common/usbx_device_classes/src/ux_device_class_storage_start_stop.c ****     /* If trace is enabled, insert this event into the trace buffer.  */
  88:Middlewares/ST/usbx/common/usbx_device_classes/src/ux_device_class_storage_start_stop.c ****     UX_TRACE_IN_LINE_INSERT(UX_TRACE_DEVICE_CLASS_STORAGE_START_STOP, storage, lun, 0, 0, UX_TRACE_
  50              		.loc 1 88 5 view .LVU6
  51 0008 0024     		movs	r4, #0
  52 000a 0394     		str	r4, [sp, #12]
  53 000c 0294     		str	r4, [sp, #8]
  54 000e 4FF08043 		mov	r3, #1073741824
  55              	.LVL2:
  56              		.loc 1 88 5 is_stmt 0 view .LVU7
  57 0012 0193     		str	r3, [sp, #4]
  58 0014 0094     		str	r4, [sp]
  59 0016 2346     		mov	r3, r4
  60 0018 0146     		mov	r1, r0
  61              	.LVL3:
  62              		.loc 1 88 5 view .LVU8
  63 001a 40F2D730 		movw	r0, #983
  64              	.LVL4:
  65              		.loc 1 88 5 view .LVU9
  66 001e FFF7FEFF 		bl	_ux_trace_event_insert
  67              	.LVL5:
  89:Middlewares/ST/usbx/common/usbx_device_classes/src/ux_device_class_storage_start_stop.c **** 
  90:Middlewares/ST/usbx/common/usbx_device_classes/src/ux_device_class_storage_start_stop.c ****     /* We set the CSW with success.  */
  91:Middlewares/ST/usbx/common/usbx_device_classes/src/ux_device_class_storage_start_stop.c ****     storage -> ux_slave_class_storage_csw_status = UX_SLAVE_CLASS_STORAGE_CSW_PASSED;
  68              		.loc 1 91 5 is_stmt 1 view .LVU10
  69              		.loc 1 91 50 is_stmt 0 view .LVU11
  70 0022 2C65     		str	r4, [r5, #80]
  92:Middlewares/ST/usbx/common/usbx_device_classes/src/ux_device_class_storage_start_stop.c **** 
  93:Middlewares/ST/usbx/common/usbx_device_classes/src/ux_device_class_storage_start_stop.c ****     /* Return successful completion.  */
  94:Middlewares/ST/usbx/common/usbx_device_classes/src/ux_device_class_storage_start_stop.c ****     return(UX_SUCCESS);
  71              		.loc 1 94 5 is_stmt 1 view .LVU12
  95:Middlewares/ST/usbx/common/usbx_device_classes/src/ux_device_class_storage_start_stop.c **** }
  72              		.loc 1 95 1 is_stmt 0 view .LVU13
  73 0024 2046     		mov	r0, r4
  74 0026 05B0     		add	sp, sp, #20
  75              	.LCFI2:
  76              		.cfi_def_cfa_offset 12
  77              		@ sp needed
ARM GAS  /tmp/ccpc96Cb.s 			page 4


  78 0028 30BD     		pop	{r4, r5, pc}
  79              		.loc 1 95 1 view .LVU14
  80              		.cfi_endproc
  81              	.LFE11:
  83              		.text
  84              	.Letext0:
  85              		.file 2 "Middlewares/ST/threadx/ports/cortex_m7/gnu/inc/tx_port.h"
  86              		.file 3 "Middlewares/ST/threadx/common/inc/tx_api.h"
  87              		.file 4 "Middlewares/ST/threadx/common/inc/tx_trace.h"
  88              		.file 5 "Middlewares/ST/usbx/common/core/inc/ux_api.h"
  89              		.file 6 "Middlewares/ST/usbx/common/usbx_device_classes/inc/ux_device_class_storage.h"
ARM GAS  /tmp/ccpc96Cb.s 			page 5


DEFINED SYMBOLS
                            *ABS*:00000000 ux_device_class_storage_start_stop.c
     /tmp/ccpc96Cb.s:20     .text._ux_device_class_storage_start_stop:00000000 $t
     /tmp/ccpc96Cb.s:26     .text._ux_device_class_storage_start_stop:00000000 _ux_device_class_storage_start_stop

UNDEFINED SYMBOLS
_ux_trace_event_insert
