ARM GAS  /tmp/cctozuYA.s 			page 1


   1              		.cpu cortex-m7
   2              		.arch armv7e-m
   3              		.fpu fpv5-d16
   4              		.eabi_attribute 28, 1
   5              		.eabi_attribute 20, 1
   6              		.eabi_attribute 21, 1
   7              		.eabi_attribute 23, 3
   8              		.eabi_attribute 24, 1
   9              		.eabi_attribute 25, 1
  10              		.eabi_attribute 26, 1
  11              		.eabi_attribute 30, 1
  12              		.eabi_attribute 34, 1
  13              		.eabi_attribute 18, 4
  14              		.file	"ux_device_class_audio_sample_read8.c"
  15              		.text
  16              	.Ltext0:
  17              		.cfi_sections	.debug_frame
  18              		.file 1 "Middlewares/ST/usbx/common/usbx_device_classes/src/ux_device_class_audio_sample_read8.c"
  19              		.section	.text._ux_device_class_audio_sample_read8,"ax",%progbits
  20              		.align	1
  21              		.global	_ux_device_class_audio_sample_read8
  22              		.syntax unified
  23              		.thumb
  24              		.thumb_func
  26              	_ux_device_class_audio_sample_read8:
  27              	.LVL0:
  28              	.LFB11:
   1:Middlewares/ST/usbx/common/usbx_device_classes/src/ux_device_class_audio_sample_read8.c **** /**************************************************************************/
   2:Middlewares/ST/usbx/common/usbx_device_classes/src/ux_device_class_audio_sample_read8.c **** /*                                                                        */
   3:Middlewares/ST/usbx/common/usbx_device_classes/src/ux_device_class_audio_sample_read8.c **** /*       Copyright (c) Microsoft Corporation. All rights reserved.        */
   4:Middlewares/ST/usbx/common/usbx_device_classes/src/ux_device_class_audio_sample_read8.c **** /*                                                                        */
   5:Middlewares/ST/usbx/common/usbx_device_classes/src/ux_device_class_audio_sample_read8.c **** /*       This software is licensed under the Microsoft Software License   */
   6:Middlewares/ST/usbx/common/usbx_device_classes/src/ux_device_class_audio_sample_read8.c **** /*       Terms for Microsoft Azure RTOS. Full text of the license can be  */
   7:Middlewares/ST/usbx/common/usbx_device_classes/src/ux_device_class_audio_sample_read8.c **** /*       found in the LICENSE file at https://aka.ms/AzureRTOS_EULA       */
   8:Middlewares/ST/usbx/common/usbx_device_classes/src/ux_device_class_audio_sample_read8.c **** /*       and in the root directory of this software.                      */
   9:Middlewares/ST/usbx/common/usbx_device_classes/src/ux_device_class_audio_sample_read8.c **** /*                                                                        */
  10:Middlewares/ST/usbx/common/usbx_device_classes/src/ux_device_class_audio_sample_read8.c **** /**************************************************************************/
  11:Middlewares/ST/usbx/common/usbx_device_classes/src/ux_device_class_audio_sample_read8.c **** 
  12:Middlewares/ST/usbx/common/usbx_device_classes/src/ux_device_class_audio_sample_read8.c **** /**************************************************************************/
  13:Middlewares/ST/usbx/common/usbx_device_classes/src/ux_device_class_audio_sample_read8.c **** /**************************************************************************/
  14:Middlewares/ST/usbx/common/usbx_device_classes/src/ux_device_class_audio_sample_read8.c **** /**                                                                       */
  15:Middlewares/ST/usbx/common/usbx_device_classes/src/ux_device_class_audio_sample_read8.c **** /** USBX Component                                                        */
  16:Middlewares/ST/usbx/common/usbx_device_classes/src/ux_device_class_audio_sample_read8.c **** /**                                                                       */
  17:Middlewares/ST/usbx/common/usbx_device_classes/src/ux_device_class_audio_sample_read8.c **** /**   Device Audio Class                                                  */
  18:Middlewares/ST/usbx/common/usbx_device_classes/src/ux_device_class_audio_sample_read8.c **** /**                                                                       */
  19:Middlewares/ST/usbx/common/usbx_device_classes/src/ux_device_class_audio_sample_read8.c **** /**************************************************************************/
  20:Middlewares/ST/usbx/common/usbx_device_classes/src/ux_device_class_audio_sample_read8.c **** /**************************************************************************/
  21:Middlewares/ST/usbx/common/usbx_device_classes/src/ux_device_class_audio_sample_read8.c **** 
  22:Middlewares/ST/usbx/common/usbx_device_classes/src/ux_device_class_audio_sample_read8.c **** #define UX_SOURCE_CODE
  23:Middlewares/ST/usbx/common/usbx_device_classes/src/ux_device_class_audio_sample_read8.c **** 
  24:Middlewares/ST/usbx/common/usbx_device_classes/src/ux_device_class_audio_sample_read8.c **** 
  25:Middlewares/ST/usbx/common/usbx_device_classes/src/ux_device_class_audio_sample_read8.c **** /* Include necessary system files.  */
  26:Middlewares/ST/usbx/common/usbx_device_classes/src/ux_device_class_audio_sample_read8.c **** 
  27:Middlewares/ST/usbx/common/usbx_device_classes/src/ux_device_class_audio_sample_read8.c **** #include "ux_api.h"
  28:Middlewares/ST/usbx/common/usbx_device_classes/src/ux_device_class_audio_sample_read8.c **** #include "ux_device_class_audio.h"
  29:Middlewares/ST/usbx/common/usbx_device_classes/src/ux_device_class_audio_sample_read8.c **** #include "ux_device_stack.h"
  30:Middlewares/ST/usbx/common/usbx_device_classes/src/ux_device_class_audio_sample_read8.c **** 
ARM GAS  /tmp/cctozuYA.s 			page 2


  31:Middlewares/ST/usbx/common/usbx_device_classes/src/ux_device_class_audio_sample_read8.c **** 
  32:Middlewares/ST/usbx/common/usbx_device_classes/src/ux_device_class_audio_sample_read8.c **** /**************************************************************************/
  33:Middlewares/ST/usbx/common/usbx_device_classes/src/ux_device_class_audio_sample_read8.c **** /*                                                                        */
  34:Middlewares/ST/usbx/common/usbx_device_classes/src/ux_device_class_audio_sample_read8.c **** /*  FUNCTION                                               RELEASE        */
  35:Middlewares/ST/usbx/common/usbx_device_classes/src/ux_device_class_audio_sample_read8.c **** /*                                                                        */
  36:Middlewares/ST/usbx/common/usbx_device_classes/src/ux_device_class_audio_sample_read8.c **** /*    _ux_device_class_audio_sample_read8                 PORTABLE C      */
  37:Middlewares/ST/usbx/common/usbx_device_classes/src/ux_device_class_audio_sample_read8.c **** /*                                                           6.1          */
  38:Middlewares/ST/usbx/common/usbx_device_classes/src/ux_device_class_audio_sample_read8.c **** /*  AUTHOR                                                                */
  39:Middlewares/ST/usbx/common/usbx_device_classes/src/ux_device_class_audio_sample_read8.c **** /*                                                                        */
  40:Middlewares/ST/usbx/common/usbx_device_classes/src/ux_device_class_audio_sample_read8.c **** /*    Chaoqiong Xiao, Microsoft Corporation                               */
  41:Middlewares/ST/usbx/common/usbx_device_classes/src/ux_device_class_audio_sample_read8.c **** /*                                                                        */
  42:Middlewares/ST/usbx/common/usbx_device_classes/src/ux_device_class_audio_sample_read8.c **** /*  DESCRIPTION                                                           */
  43:Middlewares/ST/usbx/common/usbx_device_classes/src/ux_device_class_audio_sample_read8.c **** /*                                                                        */
  44:Middlewares/ST/usbx/common/usbx_device_classes/src/ux_device_class_audio_sample_read8.c **** /*    This function reads 8-bit sample from the Audio class.              */
  45:Middlewares/ST/usbx/common/usbx_device_classes/src/ux_device_class_audio_sample_read8.c **** /*                                                                        */
  46:Middlewares/ST/usbx/common/usbx_device_classes/src/ux_device_class_audio_sample_read8.c **** /*  INPUT                                                                 */
  47:Middlewares/ST/usbx/common/usbx_device_classes/src/ux_device_class_audio_sample_read8.c **** /*                                                                        */
  48:Middlewares/ST/usbx/common/usbx_device_classes/src/ux_device_class_audio_sample_read8.c **** /*    stream                                Address of audio stream       */
  49:Middlewares/ST/usbx/common/usbx_device_classes/src/ux_device_class_audio_sample_read8.c **** /*                                            instance                    */
  50:Middlewares/ST/usbx/common/usbx_device_classes/src/ux_device_class_audio_sample_read8.c **** /*    buffer                                Pointer to buffer to save     */
  51:Middlewares/ST/usbx/common/usbx_device_classes/src/ux_device_class_audio_sample_read8.c **** /*                                            sample data                 */
  52:Middlewares/ST/usbx/common/usbx_device_classes/src/ux_device_class_audio_sample_read8.c **** /*                                                                        */
  53:Middlewares/ST/usbx/common/usbx_device_classes/src/ux_device_class_audio_sample_read8.c **** /*  OUTPUT                                                                */
  54:Middlewares/ST/usbx/common/usbx_device_classes/src/ux_device_class_audio_sample_read8.c **** /*                                                                        */
  55:Middlewares/ST/usbx/common/usbx_device_classes/src/ux_device_class_audio_sample_read8.c **** /*    None                                                                */
  56:Middlewares/ST/usbx/common/usbx_device_classes/src/ux_device_class_audio_sample_read8.c **** /*                                                                        */
  57:Middlewares/ST/usbx/common/usbx_device_classes/src/ux_device_class_audio_sample_read8.c **** /*  CALLS                                                                 */
  58:Middlewares/ST/usbx/common/usbx_device_classes/src/ux_device_class_audio_sample_read8.c **** /*                                                                        */
  59:Middlewares/ST/usbx/common/usbx_device_classes/src/ux_device_class_audio_sample_read8.c **** /*                                                                        */
  60:Middlewares/ST/usbx/common/usbx_device_classes/src/ux_device_class_audio_sample_read8.c **** /*  CALLED BY                                                             */
  61:Middlewares/ST/usbx/common/usbx_device_classes/src/ux_device_class_audio_sample_read8.c **** /*                                                                        */
  62:Middlewares/ST/usbx/common/usbx_device_classes/src/ux_device_class_audio_sample_read8.c **** /*    ThreadX                                                             */
  63:Middlewares/ST/usbx/common/usbx_device_classes/src/ux_device_class_audio_sample_read8.c **** /*                                                                        */
  64:Middlewares/ST/usbx/common/usbx_device_classes/src/ux_device_class_audio_sample_read8.c **** /*  RELEASE HISTORY                                                       */
  65:Middlewares/ST/usbx/common/usbx_device_classes/src/ux_device_class_audio_sample_read8.c **** /*                                                                        */
  66:Middlewares/ST/usbx/common/usbx_device_classes/src/ux_device_class_audio_sample_read8.c **** /*    DATE              NAME                      DESCRIPTION             */
  67:Middlewares/ST/usbx/common/usbx_device_classes/src/ux_device_class_audio_sample_read8.c **** /*                                                                        */
  68:Middlewares/ST/usbx/common/usbx_device_classes/src/ux_device_class_audio_sample_read8.c **** /*  05-19-2020     Chaoqiong Xiao           Initial Version 6.0           */
  69:Middlewares/ST/usbx/common/usbx_device_classes/src/ux_device_class_audio_sample_read8.c **** /*  09-30-2020     Chaoqiong Xiao           Modified comment(s),          */
  70:Middlewares/ST/usbx/common/usbx_device_classes/src/ux_device_class_audio_sample_read8.c **** /*                                            resulting in version 6.1    */
  71:Middlewares/ST/usbx/common/usbx_device_classes/src/ux_device_class_audio_sample_read8.c **** /*                                                                        */
  72:Middlewares/ST/usbx/common/usbx_device_classes/src/ux_device_class_audio_sample_read8.c **** /**************************************************************************/
  73:Middlewares/ST/usbx/common/usbx_device_classes/src/ux_device_class_audio_sample_read8.c **** UINT _ux_device_class_audio_sample_read8(UX_DEVICE_CLASS_AUDIO_STREAM *stream,
  74:Middlewares/ST/usbx/common/usbx_device_classes/src/ux_device_class_audio_sample_read8.c ****                                          UCHAR *buffer)
  75:Middlewares/ST/usbx/common/usbx_device_classes/src/ux_device_class_audio_sample_read8.c **** {
  29              		.loc 1 75 1 view -0
  30              		.cfi_startproc
  31              		@ args = 0, pretend = 0, frame = 0
  32              		@ frame_needed = 0, uses_anonymous_args = 0
  33              		@ link register save eliminated.
  76:Middlewares/ST/usbx/common/usbx_device_classes/src/ux_device_class_audio_sample_read8.c **** 
  77:Middlewares/ST/usbx/common/usbx_device_classes/src/ux_device_class_audio_sample_read8.c **** UX_SLAVE_ENDPOINT           *endpoint;
  34              		.loc 1 77 1 view .LVU1
  78:Middlewares/ST/usbx/common/usbx_device_classes/src/ux_device_class_audio_sample_read8.c **** UX_SLAVE_DEVICE             *device;
  35              		.loc 1 78 1 view .LVU2
  79:Middlewares/ST/usbx/common/usbx_device_classes/src/ux_device_class_audio_sample_read8.c **** UCHAR                       *sample_ptr;
  36              		.loc 1 79 1 view .LVU3
ARM GAS  /tmp/cctozuYA.s 			page 3


  80:Middlewares/ST/usbx/common/usbx_device_classes/src/ux_device_class_audio_sample_read8.c **** UCHAR                       *next_frame_buffer;
  37              		.loc 1 80 1 view .LVU4
  81:Middlewares/ST/usbx/common/usbx_device_classes/src/ux_device_class_audio_sample_read8.c **** ULONG                       next_frame_sample;
  38              		.loc 1 81 1 view .LVU5
  82:Middlewares/ST/usbx/common/usbx_device_classes/src/ux_device_class_audio_sample_read8.c **** 
  83:Middlewares/ST/usbx/common/usbx_device_classes/src/ux_device_class_audio_sample_read8.c **** 
  84:Middlewares/ST/usbx/common/usbx_device_classes/src/ux_device_class_audio_sample_read8.c ****     /* Get the pointer to the device.  */
  85:Middlewares/ST/usbx/common/usbx_device_classes/src/ux_device_class_audio_sample_read8.c ****     device =  &_ux_system_slave -> ux_system_slave_device;
  39              		.loc 1 85 5 view .LVU6
  40              		.loc 1 85 33 is_stmt 0 view .LVU7
  41 0000 224A     		ldr	r2, .L15
  42 0002 1268     		ldr	r2, [r2]
  43              	.LVL1:
  86:Middlewares/ST/usbx/common/usbx_device_classes/src/ux_device_class_audio_sample_read8.c **** 
  87:Middlewares/ST/usbx/common/usbx_device_classes/src/ux_device_class_audio_sample_read8.c ****     /* As long as the device is in the CONFIGURED state.  */
  88:Middlewares/ST/usbx/common/usbx_device_classes/src/ux_device_class_audio_sample_read8.c ****     if (device -> ux_slave_device_state != UX_DEVICE_CONFIGURED)
  44              		.loc 1 88 5 is_stmt 1 view .LVU8
  45              		.loc 1 88 16 is_stmt 0 view .LVU9
  46 0004 126A     		ldr	r2, [r2, #32]
  47              	.LVL2:
  48              		.loc 1 88 8 view .LVU10
  49 0006 032A     		cmp	r2, #3
  50 0008 37D1     		bne	.L6
  51 000a 0346     		mov	r3, r0
  89:Middlewares/ST/usbx/common/usbx_device_classes/src/ux_device_class_audio_sample_read8.c ****     {
  90:Middlewares/ST/usbx/common/usbx_device_classes/src/ux_device_class_audio_sample_read8.c **** 
  91:Middlewares/ST/usbx/common/usbx_device_classes/src/ux_device_class_audio_sample_read8.c ****         /* Cannot proceed with command, the interface is down.  */
  92:Middlewares/ST/usbx/common/usbx_device_classes/src/ux_device_class_audio_sample_read8.c ****         return(UX_CONFIGURATION_HANDLE_UNKNOWN);
  93:Middlewares/ST/usbx/common/usbx_device_classes/src/ux_device_class_audio_sample_read8.c ****     }
  94:Middlewares/ST/usbx/common/usbx_device_classes/src/ux_device_class_audio_sample_read8.c **** 
  95:Middlewares/ST/usbx/common/usbx_device_classes/src/ux_device_class_audio_sample_read8.c ****     /* Check if endpoint is available.  */
  96:Middlewares/ST/usbx/common/usbx_device_classes/src/ux_device_class_audio_sample_read8.c ****     endpoint = stream -> ux_device_class_audio_stream_endpoint;
  52              		.loc 1 96 5 is_stmt 1 view .LVU11
  53              		.loc 1 96 14 is_stmt 0 view .LVU12
  54 000c 8268     		ldr	r2, [r0, #8]
  55              	.LVL3:
  97:Middlewares/ST/usbx/common/usbx_device_classes/src/ux_device_class_audio_sample_read8.c ****     if (endpoint == UX_NULL)
  56              		.loc 1 97 5 is_stmt 1 view .LVU13
  57              		.loc 1 97 8 is_stmt 0 view .LVU14
  58 000e B2B3     		cbz	r2, .L7
  98:Middlewares/ST/usbx/common/usbx_device_classes/src/ux_device_class_audio_sample_read8.c ****         return(UX_ERROR);
  99:Middlewares/ST/usbx/common/usbx_device_classes/src/ux_device_class_audio_sample_read8.c **** 
 100:Middlewares/ST/usbx/common/usbx_device_classes/src/ux_device_class_audio_sample_read8.c ****     /* Check if endpoint direction is OK.  */
 101:Middlewares/ST/usbx/common/usbx_device_classes/src/ux_device_class_audio_sample_read8.c ****     if ((endpoint -> ux_slave_endpoint_descriptor.bEndpointAddress & UX_ENDPOINT_DIRECTION) != UX_E
  59              		.loc 1 101 5 is_stmt 1 view .LVU15
  60              		.loc 1 101 50 is_stmt 0 view .LVU16
  61 0010 5069     		ldr	r0, [r2, #20]
  62              	.LVL4:
  63              		.loc 1 101 8 view .LVU17
  64 0012 10F08000 		ands	r0, r0, #128
  65 0016 34D1     		bne	.L8
  75:Middlewares/ST/usbx/common/usbx_device_classes/src/ux_device_class_audio_sample_read8.c **** 
  66              		.loc 1 75 1 view .LVU18
  67 0018 10B4     		push	{r4}
  68              	.LCFI0:
  69              		.cfi_def_cfa_offset 4
  70              		.cfi_offset 4, -4
ARM GAS  /tmp/cctozuYA.s 			page 4


 102:Middlewares/ST/usbx/common/usbx_device_classes/src/ux_device_class_audio_sample_read8.c ****         return(UX_ERROR);
 103:Middlewares/ST/usbx/common/usbx_device_classes/src/ux_device_class_audio_sample_read8.c **** 
 104:Middlewares/ST/usbx/common/usbx_device_classes/src/ux_device_class_audio_sample_read8.c ****     /* Underflow!!  */
 105:Middlewares/ST/usbx/common/usbx_device_classes/src/ux_device_class_audio_sample_read8.c ****     if (stream -> ux_device_class_audio_stream_access_pos -> ux_device_class_audio_frame_length == 
  71              		.loc 1 105 5 is_stmt 1 view .LVU19
  72              		.loc 1 105 16 is_stmt 0 view .LVU20
  73 001a D3F8D820 		ldr	r2, [r3, #216]
  74              	.LVL5:
  75              		.loc 1 105 8 view .LVU21
  76 001e 1468     		ldr	r4, [r2]
  77 0020 8CB3     		cbz	r4, .L9
 106:Middlewares/ST/usbx/common/usbx_device_classes/src/ux_device_class_audio_sample_read8.c ****     {
 107:Middlewares/ST/usbx/common/usbx_device_classes/src/ux_device_class_audio_sample_read8.c ****         return(UX_BUFFER_OVERFLOW);
 108:Middlewares/ST/usbx/common/usbx_device_classes/src/ux_device_class_audio_sample_read8.c ****     }
 109:Middlewares/ST/usbx/common/usbx_device_classes/src/ux_device_class_audio_sample_read8.c **** 
 110:Middlewares/ST/usbx/common/usbx_device_classes/src/ux_device_class_audio_sample_read8.c ****     /* Try to read a sample.  */
 111:Middlewares/ST/usbx/common/usbx_device_classes/src/ux_device_class_audio_sample_read8.c ****     sample_ptr = stream -> ux_device_class_audio_stream_access_pos -> ux_device_class_audio_frame_d
  78              		.loc 1 111 5 is_stmt 1 view .LVU22
  79              		.loc 1 111 18 is_stmt 0 view .LVU23
  80 0022 02F1080C 		add	ip, r2, #8
 112:Middlewares/ST/usbx/common/usbx_device_classes/src/ux_device_class_audio_sample_read8.c ****                     stream -> ux_device_class_audio_stream_access_pos -> ux_device_class_audio_fram
  81              		.loc 1 112 71 view .LVU24
  82 0026 5268     		ldr	r2, [r2, #4]
  83              	.LVL6:
 113:Middlewares/ST/usbx/common/usbx_device_classes/src/ux_device_class_audio_sample_read8.c ****     if (buffer)
  84              		.loc 1 113 5 is_stmt 1 view .LVU25
  85              		.loc 1 113 8 is_stmt 0 view .LVU26
  86 0028 11B1     		cbz	r1, .L3
 114:Middlewares/ST/usbx/common/usbx_device_classes/src/ux_device_class_audio_sample_read8.c ****         *buffer = *sample_ptr;
  87              		.loc 1 114 9 is_stmt 1 view .LVU27
  88              		.loc 1 114 19 is_stmt 0 view .LVU28
  89 002a 1CF80220 		ldrb	r2, [ip, r2]	@ zero_extendqisi2
  90              	.LVL7:
  91              		.loc 1 114 17 view .LVU29
  92 002e 0A70     		strb	r2, [r1]
  93              	.LVL8:
  94              	.L3:
 115:Middlewares/ST/usbx/common/usbx_device_classes/src/ux_device_class_audio_sample_read8.c **** 
 116:Middlewares/ST/usbx/common/usbx_device_classes/src/ux_device_class_audio_sample_read8.c ****     /* Update sample read state.  */
 117:Middlewares/ST/usbx/common/usbx_device_classes/src/ux_device_class_audio_sample_read8.c ****     next_frame_sample = stream -> ux_device_class_audio_stream_access_pos -> ux_device_class_audio_
  95              		.loc 1 117 5 is_stmt 1 view .LVU30
  96              		.loc 1 117 32 is_stmt 0 view .LVU31
  97 0030 D3F8D810 		ldr	r1, [r3, #216]
  98              	.LVL9:
  99              		.loc 1 117 75 view .LVU32
 100 0034 4A68     		ldr	r2, [r1, #4]
 101              		.loc 1 117 23 view .LVU33
 102 0036 0132     		adds	r2, r2, #1
 103              	.LVL10:
 118:Middlewares/ST/usbx/common/usbx_device_classes/src/ux_device_class_audio_sample_read8.c ****     if (next_frame_sample >= stream -> ux_device_class_audio_stream_access_pos -> ux_device_class_a
 104              		.loc 1 118 5 is_stmt 1 view .LVU34
 105              		.loc 1 118 8 is_stmt 0 view .LVU35
 106 0038 0C68     		ldr	r4, [r1]
 107 003a 9442     		cmp	r4, r2
 108 003c 15D8     		bhi	.L4
 119:Middlewares/ST/usbx/common/usbx_device_classes/src/ux_device_class_audio_sample_read8.c ****     {
 120:Middlewares/ST/usbx/common/usbx_device_classes/src/ux_device_class_audio_sample_read8.c **** 
ARM GAS  /tmp/cctozuYA.s 			page 5


 121:Middlewares/ST/usbx/common/usbx_device_classes/src/ux_device_class_audio_sample_read8.c ****         /* Set frame length to 0 to indicate no data.  */
 122:Middlewares/ST/usbx/common/usbx_device_classes/src/ux_device_class_audio_sample_read8.c ****         stream -> ux_device_class_audio_stream_access_pos -> ux_device_class_audio_frame_length = 0
 109              		.loc 1 122 9 is_stmt 1 view .LVU36
 110              		.loc 1 122 97 is_stmt 0 view .LVU37
 111 003e 0022     		movs	r2, #0
 112              	.LVL11:
 113              		.loc 1 122 97 view .LVU38
 114 0040 0A60     		str	r2, [r1]
 123:Middlewares/ST/usbx/common/usbx_device_classes/src/ux_device_class_audio_sample_read8.c **** 
 124:Middlewares/ST/usbx/common/usbx_device_classes/src/ux_device_class_audio_sample_read8.c ****         /* Move to next frame buffer.  */
 125:Middlewares/ST/usbx/common/usbx_device_classes/src/ux_device_class_audio_sample_read8.c ****         next_frame_sample = 0;
 115              		.loc 1 125 9 is_stmt 1 view .LVU39
 116              	.LVL12:
 126:Middlewares/ST/usbx/common/usbx_device_classes/src/ux_device_class_audio_sample_read8.c **** 
 127:Middlewares/ST/usbx/common/usbx_device_classes/src/ux_device_class_audio_sample_read8.c ****         /* Move frame if it's not the last one.  */
 128:Middlewares/ST/usbx/common/usbx_device_classes/src/ux_device_class_audio_sample_read8.c ****         if (stream -> ux_device_class_audio_stream_access_pos != stream -> ux_device_class_audio_st
 117              		.loc 1 128 9 view .LVU40
 118              		.loc 1 128 20 is_stmt 0 view .LVU41
 119 0042 D3F8D820 		ldr	r2, [r3, #216]
 120              		.loc 1 128 73 view .LVU42
 121 0046 D3F8D410 		ldr	r1, [r3, #212]
 122              		.loc 1 128 12 view .LVU43
 123 004a 8A42     		cmp	r2, r1
 124 004c 13D0     		beq	.L10
 129:Middlewares/ST/usbx/common/usbx_device_classes/src/ux_device_class_audio_sample_read8.c ****         {
 130:Middlewares/ST/usbx/common/usbx_device_classes/src/ux_device_class_audio_sample_read8.c ****             next_frame_buffer = (UCHAR *)stream -> ux_device_class_audio_stream_access_pos;
 125              		.loc 1 130 13 is_stmt 1 view .LVU44
 126              	.LVL13:
 131:Middlewares/ST/usbx/common/usbx_device_classes/src/ux_device_class_audio_sample_read8.c ****             next_frame_buffer += stream -> ux_device_class_audio_stream_frame_buffer_size;
 127              		.loc 1 131 13 view .LVU45
 128              		.loc 1 131 41 is_stmt 0 view .LVU46
 129 004e D3F8D010 		ldr	r1, [r3, #208]
 130              		.loc 1 131 31 view .LVU47
 131 0052 0A44     		add	r2, r2, r1
 132              	.LVL14:
 132:Middlewares/ST/usbx/common/usbx_device_classes/src/ux_device_class_audio_sample_read8.c ****             if (next_frame_buffer >= stream -> ux_device_class_audio_stream_buffer + stream -> ux_d
 133              		.loc 1 132 13 is_stmt 1 view .LVU48
 134              		.loc 1 132 45 is_stmt 0 view .LVU49
 135 0054 D3F8C840 		ldr	r4, [r3, #200]
 136              		.loc 1 132 93 view .LVU50
 137 0058 D3F8CC10 		ldr	r1, [r3, #204]
 138              		.loc 1 132 84 view .LVU51
 139 005c 2144     		add	r1, r1, r4
 140              		.loc 1 132 16 view .LVU52
 141 005e 9142     		cmp	r1, r2
 142 0060 00D9     		bls	.L5
 131:Middlewares/ST/usbx/common/usbx_device_classes/src/ux_device_class_audio_sample_read8.c ****             next_frame_buffer += stream -> ux_device_class_audio_stream_frame_buffer_size;
 143              		.loc 1 131 31 view .LVU53
 144 0062 1446     		mov	r4, r2
 145              	.L5:
 146              	.LVL15:
 133:Middlewares/ST/usbx/common/usbx_device_classes/src/ux_device_class_audio_sample_read8.c ****                 next_frame_buffer = stream -> ux_device_class_audio_stream_buffer;
 134:Middlewares/ST/usbx/common/usbx_device_classes/src/ux_device_class_audio_sample_read8.c ****             stream -> ux_device_class_audio_stream_access_pos = (UX_DEVICE_CLASS_AUDIO_FRAME *)next
 147              		.loc 1 134 13 is_stmt 1 view .LVU54
 148              		.loc 1 134 63 is_stmt 0 view .LVU55
 149 0064 C3F8D840 		str	r4, [r3, #216]
 125:Middlewares/ST/usbx/common/usbx_device_classes/src/ux_device_class_audio_sample_read8.c **** 
ARM GAS  /tmp/cctozuYA.s 			page 6


 150              		.loc 1 125 27 view .LVU56
 151 0068 0246     		mov	r2, r0
 152              	.LVL16:
 153              	.L4:
 135:Middlewares/ST/usbx/common/usbx_device_classes/src/ux_device_class_audio_sample_read8.c ****         }
 136:Middlewares/ST/usbx/common/usbx_device_classes/src/ux_device_class_audio_sample_read8.c ****     }
 137:Middlewares/ST/usbx/common/usbx_device_classes/src/ux_device_class_audio_sample_read8.c **** 
 138:Middlewares/ST/usbx/common/usbx_device_classes/src/ux_device_class_audio_sample_read8.c ****     /* Update next sample position.  */
 139:Middlewares/ST/usbx/common/usbx_device_classes/src/ux_device_class_audio_sample_read8.c ****     stream -> ux_device_class_audio_stream_access_pos -> ux_device_class_audio_frame_pos = next_fra
 154              		.loc 1 139 5 is_stmt 1 view .LVU57
 155              		.loc 1 139 12 is_stmt 0 view .LVU58
 156 006a D3F8D830 		ldr	r3, [r3, #216]
 157              	.LVL17:
 158              		.loc 1 139 90 view .LVU59
 159 006e 5A60     		str	r2, [r3, #4]
 140:Middlewares/ST/usbx/common/usbx_device_classes/src/ux_device_class_audio_sample_read8.c **** 
 141:Middlewares/ST/usbx/common/usbx_device_classes/src/ux_device_class_audio_sample_read8.c ****     return(UX_SUCCESS);
 160              		.loc 1 141 5 is_stmt 1 view .LVU60
 161              	.LVL18:
 162              	.L1:
 142:Middlewares/ST/usbx/common/usbx_device_classes/src/ux_device_class_audio_sample_read8.c **** }
 163              		.loc 1 142 1 is_stmt 0 view .LVU61
 164 0070 5DF8044B 		ldr	r4, [sp], #4
 165              	.LCFI1:
 166              		.cfi_remember_state
 167              		.cfi_restore 4
 168              		.cfi_def_cfa_offset 0
 169 0074 7047     		bx	lr
 170              	.LVL19:
 171              	.L10:
 172              	.LCFI2:
 173              		.cfi_restore_state
 125:Middlewares/ST/usbx/common/usbx_device_classes/src/ux_device_class_audio_sample_read8.c **** 
 174              		.loc 1 125 27 view .LVU62
 175 0076 0246     		mov	r2, r0
 176 0078 F7E7     		b	.L4
 177              	.LVL20:
 178              	.L6:
 179              	.LCFI3:
 180              		.cfi_def_cfa_offset 0
 181              		.cfi_restore 4
  92:Middlewares/ST/usbx/common/usbx_device_classes/src/ux_device_class_audio_sample_read8.c ****     }
 182              		.loc 1 92 15 view .LVU63
 183 007a 5120     		movs	r0, #81
 184              	.LVL21:
  92:Middlewares/ST/usbx/common/usbx_device_classes/src/ux_device_class_audio_sample_read8.c ****     }
 185              		.loc 1 92 15 view .LVU64
 186 007c 7047     		bx	lr
 187              	.LVL22:
 188              	.L7:
  98:Middlewares/ST/usbx/common/usbx_device_classes/src/ux_device_class_audio_sample_read8.c **** 
 189              		.loc 1 98 15 view .LVU65
 190 007e FF20     		movs	r0, #255
 191              	.LVL23:
  98:Middlewares/ST/usbx/common/usbx_device_classes/src/ux_device_class_audio_sample_read8.c **** 
 192              		.loc 1 98 15 view .LVU66
 193 0080 7047     		bx	lr
ARM GAS  /tmp/cctozuYA.s 			page 7


 194              	.L8:
 102:Middlewares/ST/usbx/common/usbx_device_classes/src/ux_device_class_audio_sample_read8.c **** 
 195              		.loc 1 102 15 view .LVU67
 196 0082 FF20     		movs	r0, #255
 197              		.loc 1 142 1 view .LVU68
 198 0084 7047     		bx	lr
 199              	.LVL24:
 200              	.L9:
 201              	.LCFI4:
 202              		.cfi_def_cfa_offset 4
 203              		.cfi_offset 4, -4
 107:Middlewares/ST/usbx/common/usbx_device_classes/src/ux_device_class_audio_sample_read8.c ****     }
 204              		.loc 1 107 15 view .LVU69
 205 0086 5D20     		movs	r0, #93
 206 0088 F2E7     		b	.L1
 207              	.L16:
 208 008a 00BF     		.align	2
 209              	.L15:
 210 008c 00000000 		.word	_ux_system_slave
 211              		.cfi_endproc
 212              	.LFE11:
 214              		.text
 215              	.Letext0:
 216              		.file 2 "Middlewares/ST/threadx/ports/cortex_m7/gnu/inc/tx_port.h"
 217              		.file 3 "Middlewares/ST/threadx/common/inc/tx_api.h"
 218              		.file 4 "Middlewares/ST/usbx/common/core/inc/ux_api.h"
 219              		.file 5 "Middlewares/ST/usbx/common/usbx_device_classes/inc/ux_device_class_audio.h"
 220              		.file 6 "Middlewares/ST/usbx/common/core/inc/ux_system.h"
ARM GAS  /tmp/cctozuYA.s 			page 8


DEFINED SYMBOLS
                            *ABS*:00000000 ux_device_class_audio_sample_read8.c
     /tmp/cctozuYA.s:20     .text._ux_device_class_audio_sample_read8:00000000 $t
     /tmp/cctozuYA.s:26     .text._ux_device_class_audio_sample_read8:00000000 _ux_device_class_audio_sample_read8
     /tmp/cctozuYA.s:210    .text._ux_device_class_audio_sample_read8:0000008c $d

UNDEFINED SYMBOLS
_ux_system_slave
