ARM GAS  /tmp/ccABtzoq.s 			page 1


   1              		.cpu cortex-m7
   2              		.arch armv7e-m
   3              		.fpu fpv5-d16
   4              		.eabi_attribute 28, 1
   5              		.eabi_attribute 20, 1
   6              		.eabi_attribute 21, 1
   7              		.eabi_attribute 23, 3
   8              		.eabi_attribute 24, 1
   9              		.eabi_attribute 25, 1
  10              		.eabi_attribute 26, 1
  11              		.eabi_attribute 30, 1
  12              		.eabi_attribute 34, 1
  13              		.eabi_attribute 18, 4
  14              		.file	"ux_device_stack_configuration_set.c"
  15              		.text
  16              	.Ltext0:
  17              		.cfi_sections	.debug_frame
  18              		.file 1 "Middlewares/ST/usbx/common/core/src/ux_device_stack_configuration_set.c"
  19              		.section	.text._ux_device_stack_configuration_set,"ax",%progbits
  20              		.align	1
  21              		.global	_ux_device_stack_configuration_set
  22              		.syntax unified
  23              		.thumb
  24              		.thumb_func
  26              	_ux_device_stack_configuration_set:
  27              	.LVL0:
  28              	.LFB11:
   1:Middlewares/ST/usbx/common/core/src/ux_device_stack_configuration_set.c **** /**************************************************************************/
   2:Middlewares/ST/usbx/common/core/src/ux_device_stack_configuration_set.c **** /*                                                                        */
   3:Middlewares/ST/usbx/common/core/src/ux_device_stack_configuration_set.c **** /*       Copyright (c) Microsoft Corporation. All rights reserved.        */
   4:Middlewares/ST/usbx/common/core/src/ux_device_stack_configuration_set.c **** /*                                                                        */
   5:Middlewares/ST/usbx/common/core/src/ux_device_stack_configuration_set.c **** /*       This software is licensed under the Microsoft Software License   */
   6:Middlewares/ST/usbx/common/core/src/ux_device_stack_configuration_set.c **** /*       Terms for Microsoft Azure RTOS. Full text of the license can be  */
   7:Middlewares/ST/usbx/common/core/src/ux_device_stack_configuration_set.c **** /*       found in the LICENSE file at https://aka.ms/AzureRTOS_EULA       */
   8:Middlewares/ST/usbx/common/core/src/ux_device_stack_configuration_set.c **** /*       and in the root directory of this software.                      */
   9:Middlewares/ST/usbx/common/core/src/ux_device_stack_configuration_set.c **** /*                                                                        */
  10:Middlewares/ST/usbx/common/core/src/ux_device_stack_configuration_set.c **** /**************************************************************************/
  11:Middlewares/ST/usbx/common/core/src/ux_device_stack_configuration_set.c **** 
  12:Middlewares/ST/usbx/common/core/src/ux_device_stack_configuration_set.c **** 
  13:Middlewares/ST/usbx/common/core/src/ux_device_stack_configuration_set.c **** /**************************************************************************/
  14:Middlewares/ST/usbx/common/core/src/ux_device_stack_configuration_set.c **** /**************************************************************************/
  15:Middlewares/ST/usbx/common/core/src/ux_device_stack_configuration_set.c **** /**                                                                       */ 
  16:Middlewares/ST/usbx/common/core/src/ux_device_stack_configuration_set.c **** /** USBX Component                                                        */ 
  17:Middlewares/ST/usbx/common/core/src/ux_device_stack_configuration_set.c **** /**                                                                       */
  18:Middlewares/ST/usbx/common/core/src/ux_device_stack_configuration_set.c **** /**   Device Stack                                                        */
  19:Middlewares/ST/usbx/common/core/src/ux_device_stack_configuration_set.c **** /**                                                                       */
  20:Middlewares/ST/usbx/common/core/src/ux_device_stack_configuration_set.c **** /**************************************************************************/
  21:Middlewares/ST/usbx/common/core/src/ux_device_stack_configuration_set.c **** /**************************************************************************/
  22:Middlewares/ST/usbx/common/core/src/ux_device_stack_configuration_set.c **** 
  23:Middlewares/ST/usbx/common/core/src/ux_device_stack_configuration_set.c **** #define UX_SOURCE_CODE
  24:Middlewares/ST/usbx/common/core/src/ux_device_stack_configuration_set.c **** 
  25:Middlewares/ST/usbx/common/core/src/ux_device_stack_configuration_set.c **** 
  26:Middlewares/ST/usbx/common/core/src/ux_device_stack_configuration_set.c **** /* Include necessary system files.  */
  27:Middlewares/ST/usbx/common/core/src/ux_device_stack_configuration_set.c **** 
  28:Middlewares/ST/usbx/common/core/src/ux_device_stack_configuration_set.c **** #include "ux_api.h"
  29:Middlewares/ST/usbx/common/core/src/ux_device_stack_configuration_set.c **** #include "ux_device_stack.h"
  30:Middlewares/ST/usbx/common/core/src/ux_device_stack_configuration_set.c **** 
ARM GAS  /tmp/ccABtzoq.s 			page 2


  31:Middlewares/ST/usbx/common/core/src/ux_device_stack_configuration_set.c **** 
  32:Middlewares/ST/usbx/common/core/src/ux_device_stack_configuration_set.c **** /**************************************************************************/
  33:Middlewares/ST/usbx/common/core/src/ux_device_stack_configuration_set.c **** /*                                                                        */
  34:Middlewares/ST/usbx/common/core/src/ux_device_stack_configuration_set.c **** /*  FUNCTION                                               RELEASE        */
  35:Middlewares/ST/usbx/common/core/src/ux_device_stack_configuration_set.c **** /*                                                                        */
  36:Middlewares/ST/usbx/common/core/src/ux_device_stack_configuration_set.c **** /*    _ux_device_stack_configuration_set                  PORTABLE C      */
  37:Middlewares/ST/usbx/common/core/src/ux_device_stack_configuration_set.c **** /*                                                           6.1          */
  38:Middlewares/ST/usbx/common/core/src/ux_device_stack_configuration_set.c **** /*  AUTHOR                                                                */
  39:Middlewares/ST/usbx/common/core/src/ux_device_stack_configuration_set.c **** /*                                                                        */
  40:Middlewares/ST/usbx/common/core/src/ux_device_stack_configuration_set.c **** /*    Chaoqiong Xiao, Microsoft Corporation                               */
  41:Middlewares/ST/usbx/common/core/src/ux_device_stack_configuration_set.c **** /*                                                                        */
  42:Middlewares/ST/usbx/common/core/src/ux_device_stack_configuration_set.c **** /*  DESCRIPTION                                                           */
  43:Middlewares/ST/usbx/common/core/src/ux_device_stack_configuration_set.c **** /*                                                                        */
  44:Middlewares/ST/usbx/common/core/src/ux_device_stack_configuration_set.c **** /*    This function sets the configuration from the host and will enable  */
  45:Middlewares/ST/usbx/common/core/src/ux_device_stack_configuration_set.c **** /*    the default alternate setting 0 for all the interfaces attached to  */
  46:Middlewares/ST/usbx/common/core/src/ux_device_stack_configuration_set.c **** /*    this configuration.                                                 */
  47:Middlewares/ST/usbx/common/core/src/ux_device_stack_configuration_set.c **** /*                                                                        */
  48:Middlewares/ST/usbx/common/core/src/ux_device_stack_configuration_set.c **** /*  INPUT                                                                 */
  49:Middlewares/ST/usbx/common/core/src/ux_device_stack_configuration_set.c **** /*                                                                        */
  50:Middlewares/ST/usbx/common/core/src/ux_device_stack_configuration_set.c **** /*    endpoint                              Pointer to endpoint           */
  51:Middlewares/ST/usbx/common/core/src/ux_device_stack_configuration_set.c **** /*    configuration_value                   Configuration selected        */
  52:Middlewares/ST/usbx/common/core/src/ux_device_stack_configuration_set.c **** /*                                                                        */
  53:Middlewares/ST/usbx/common/core/src/ux_device_stack_configuration_set.c **** /*  OUTPUT                                                                */
  54:Middlewares/ST/usbx/common/core/src/ux_device_stack_configuration_set.c **** /*                                                                        */
  55:Middlewares/ST/usbx/common/core/src/ux_device_stack_configuration_set.c **** /*    Completion Status                                                   */ 
  56:Middlewares/ST/usbx/common/core/src/ux_device_stack_configuration_set.c **** /*                                                                        */
  57:Middlewares/ST/usbx/common/core/src/ux_device_stack_configuration_set.c **** /*  CALLS                                                                 */ 
  58:Middlewares/ST/usbx/common/core/src/ux_device_stack_configuration_set.c **** /*                                                                        */
  59:Middlewares/ST/usbx/common/core/src/ux_device_stack_configuration_set.c **** /*    (ux_slave_class_entry_function)       Device class entry function   */ 
  60:Middlewares/ST/usbx/common/core/src/ux_device_stack_configuration_set.c **** /*    (ux_slave_dcd_function)               DCD dispatch function         */ 
  61:Middlewares/ST/usbx/common/core/src/ux_device_stack_configuration_set.c **** /*    _ux_device_stack_interface_delete     Delete interface              */
  62:Middlewares/ST/usbx/common/core/src/ux_device_stack_configuration_set.c **** /*    _ux_device_stack_interface_set        Set interface                 */ 
  63:Middlewares/ST/usbx/common/core/src/ux_device_stack_configuration_set.c **** /*    _ux_utility_descriptor_parse          Parse descriptor              */ 
  64:Middlewares/ST/usbx/common/core/src/ux_device_stack_configuration_set.c **** /*                                                                        */ 
  65:Middlewares/ST/usbx/common/core/src/ux_device_stack_configuration_set.c **** /*  CALLED BY                                                             */ 
  66:Middlewares/ST/usbx/common/core/src/ux_device_stack_configuration_set.c **** /*                                                                        */ 
  67:Middlewares/ST/usbx/common/core/src/ux_device_stack_configuration_set.c **** /*    Application                                                         */ 
  68:Middlewares/ST/usbx/common/core/src/ux_device_stack_configuration_set.c **** /*    Device Stack                                                        */
  69:Middlewares/ST/usbx/common/core/src/ux_device_stack_configuration_set.c **** /*                                                                        */ 
  70:Middlewares/ST/usbx/common/core/src/ux_device_stack_configuration_set.c **** /*  RELEASE HISTORY                                                       */ 
  71:Middlewares/ST/usbx/common/core/src/ux_device_stack_configuration_set.c **** /*                                                                        */ 
  72:Middlewares/ST/usbx/common/core/src/ux_device_stack_configuration_set.c **** /*    DATE              NAME                      DESCRIPTION             */ 
  73:Middlewares/ST/usbx/common/core/src/ux_device_stack_configuration_set.c **** /*                                                                        */ 
  74:Middlewares/ST/usbx/common/core/src/ux_device_stack_configuration_set.c **** /*  05-19-2020     Chaoqiong Xiao           Initial Version 6.0           */
  75:Middlewares/ST/usbx/common/core/src/ux_device_stack_configuration_set.c **** /*  09-30-2020     Chaoqiong Xiao           Modified comment(s),          */
  76:Middlewares/ST/usbx/common/core/src/ux_device_stack_configuration_set.c **** /*                                            optimized based on compile  */
  77:Middlewares/ST/usbx/common/core/src/ux_device_stack_configuration_set.c **** /*                                            definitions,                */
  78:Middlewares/ST/usbx/common/core/src/ux_device_stack_configuration_set.c **** /*                                            resulting in version 6.1    */
  79:Middlewares/ST/usbx/common/core/src/ux_device_stack_configuration_set.c **** /*                                                                        */
  80:Middlewares/ST/usbx/common/core/src/ux_device_stack_configuration_set.c **** /**************************************************************************/
  81:Middlewares/ST/usbx/common/core/src/ux_device_stack_configuration_set.c **** UINT  _ux_device_stack_configuration_set(ULONG configuration_value)
  82:Middlewares/ST/usbx/common/core/src/ux_device_stack_configuration_set.c **** {
  29              		.loc 1 82 1 view -0
  30              		.cfi_startproc
  31              		@ args = 0, pretend = 0, frame = 120
  32              		@ frame_needed = 0, uses_anonymous_args = 0
  33              		.loc 1 82 1 is_stmt 0 view .LVU1
ARM GAS  /tmp/ccABtzoq.s 			page 3


  34 0000 2DE9F04F 		push	{r4, r5, r6, r7, r8, r9, r10, fp, lr}
  35              	.LCFI0:
  36              		.cfi_def_cfa_offset 36
  37              		.cfi_offset 4, -36
  38              		.cfi_offset 5, -32
  39              		.cfi_offset 6, -28
  40              		.cfi_offset 7, -24
  41              		.cfi_offset 8, -20
  42              		.cfi_offset 9, -16
  43              		.cfi_offset 10, -12
  44              		.cfi_offset 11, -8
  45              		.cfi_offset 14, -4
  46 0004 A3B0     		sub	sp, sp, #140
  47              	.LCFI1:
  48              		.cfi_def_cfa_offset 176
  49 0006 0646     		mov	r6, r0
  83:Middlewares/ST/usbx/common/core/src/ux_device_stack_configuration_set.c **** 
  84:Middlewares/ST/usbx/common/core/src/ux_device_stack_configuration_set.c **** UX_SLAVE_DCD                    *dcd;
  50              		.loc 1 84 1 is_stmt 1 view .LVU2
  85:Middlewares/ST/usbx/common/core/src/ux_device_stack_configuration_set.c **** UCHAR *                         device_framework;
  51              		.loc 1 85 1 view .LVU3
  86:Middlewares/ST/usbx/common/core/src/ux_device_stack_configuration_set.c **** ULONG                           device_framework_length;
  52              		.loc 1 86 1 view .LVU4
  87:Middlewares/ST/usbx/common/core/src/ux_device_stack_configuration_set.c **** ULONG                           descriptor_length;
  53              		.loc 1 87 1 view .LVU5
  88:Middlewares/ST/usbx/common/core/src/ux_device_stack_configuration_set.c **** UCHAR                           descriptor_type;
  54              		.loc 1 88 1 view .LVU6
  89:Middlewares/ST/usbx/common/core/src/ux_device_stack_configuration_set.c **** UX_CONFIGURATION_DESCRIPTOR     configuration_descriptor = { 0 };
  55              		.loc 1 89 1 view .LVU7
  56              		.loc 1 89 33 is_stmt 0 view .LVU8
  57 0008 2022     		movs	r2, #32
  58 000a 0021     		movs	r1, #0
  59 000c 1AA8     		add	r0, sp, #104
  60              	.LVL1:
  61              		.loc 1 89 33 view .LVU9
  62 000e FFF7FEFF 		bl	memset
  63              	.LVL2:
  90:Middlewares/ST/usbx/common/core/src/ux_device_stack_configuration_set.c **** UX_INTERFACE_DESCRIPTOR         interface_descriptor;
  64              		.loc 1 90 1 is_stmt 1 view .LVU10
  91:Middlewares/ST/usbx/common/core/src/ux_device_stack_configuration_set.c **** UX_SLAVE_INTERFACE              *interface; 
  65              		.loc 1 91 1 view .LVU11
  92:Middlewares/ST/usbx/common/core/src/ux_device_stack_configuration_set.c **** #if !defined(UX_DEVICE_INITIALIZE_FRAMEWORK_SCAN_DISABLE) || UX_MAX_DEVICE_INTERFACES > 1
  93:Middlewares/ST/usbx/common/core/src/ux_device_stack_configuration_set.c **** UX_SLAVE_INTERFACE              *next_interface; 
  66              		.loc 1 93 1 view .LVU12
  94:Middlewares/ST/usbx/common/core/src/ux_device_stack_configuration_set.c **** #endif
  95:Middlewares/ST/usbx/common/core/src/ux_device_stack_configuration_set.c **** UX_SLAVE_CLASS                  *class_inst;
  67              		.loc 1 95 1 view .LVU13
  96:Middlewares/ST/usbx/common/core/src/ux_device_stack_configuration_set.c **** UX_SLAVE_CLASS                  *current_class =  UX_NULL;
  68              		.loc 1 96 1 view .LVU14
  97:Middlewares/ST/usbx/common/core/src/ux_device_stack_configuration_set.c **** UX_SLAVE_CLASS_COMMAND          class_command;
  69              		.loc 1 97 1 view .LVU15
  98:Middlewares/ST/usbx/common/core/src/ux_device_stack_configuration_set.c **** UX_SLAVE_DEVICE                 *device;
  70              		.loc 1 98 1 view .LVU16
  99:Middlewares/ST/usbx/common/core/src/ux_device_stack_configuration_set.c **** ULONG                           iad_flag;
  71              		.loc 1 99 1 view .LVU17
 100:Middlewares/ST/usbx/common/core/src/ux_device_stack_configuration_set.c **** ULONG                           iad_first_interface =  0;
  72              		.loc 1 100 1 view .LVU18
ARM GAS  /tmp/ccABtzoq.s 			page 4


 101:Middlewares/ST/usbx/common/core/src/ux_device_stack_configuration_set.c **** ULONG                           iad_number_interfaces =  0;
  73              		.loc 1 101 1 view .LVU19
 102:Middlewares/ST/usbx/common/core/src/ux_device_stack_configuration_set.c **** #if UX_MAX_SLAVE_CLASS_DRIVER > 1
 103:Middlewares/ST/usbx/common/core/src/ux_device_stack_configuration_set.c **** ULONG                           class_index;
 104:Middlewares/ST/usbx/common/core/src/ux_device_stack_configuration_set.c **** #endif
 105:Middlewares/ST/usbx/common/core/src/ux_device_stack_configuration_set.c **** 
 106:Middlewares/ST/usbx/common/core/src/ux_device_stack_configuration_set.c **** 
 107:Middlewares/ST/usbx/common/core/src/ux_device_stack_configuration_set.c ****     /* If trace is enabled, insert this event into the trace buffer.  */
 108:Middlewares/ST/usbx/common/core/src/ux_device_stack_configuration_set.c ****     UX_TRACE_IN_LINE_INSERT(UX_TRACE_DEVICE_STACK_CONFIGURATION_SET, configuration_value, 0, 0, 0, 
  74              		.loc 1 108 5 view .LVU20
  75 0012 0022     		movs	r2, #0
  76 0014 0392     		str	r2, [sp, #12]
  77 0016 0292     		str	r2, [sp, #8]
  78 0018 4FF08063 		mov	r3, #67108864
  79 001c 0193     		str	r3, [sp, #4]
  80 001e 0092     		str	r2, [sp]
  81 0020 1346     		mov	r3, r2
  82 0022 3146     		mov	r1, r6
  83 0024 4FF45670 		mov	r0, #856
  84 0028 FFF7FEFF 		bl	_ux_trace_event_insert
  85              	.LVL3:
 109:Middlewares/ST/usbx/common/core/src/ux_device_stack_configuration_set.c **** 
 110:Middlewares/ST/usbx/common/core/src/ux_device_stack_configuration_set.c ****     /* Get the pointer to the DCD.  */
 111:Middlewares/ST/usbx/common/core/src/ux_device_stack_configuration_set.c ****     dcd =  &_ux_system_slave -> ux_system_slave_dcd;
  86              		.loc 1 111 5 view .LVU21
  87              		.loc 1 111 30 is_stmt 0 view .LVU22
  88 002c 6B4B     		ldr	r3, .L33
  89 002e 1F68     		ldr	r7, [r3]
  90              	.LVL4:
 112:Middlewares/ST/usbx/common/core/src/ux_device_stack_configuration_set.c **** 
 113:Middlewares/ST/usbx/common/core/src/ux_device_stack_configuration_set.c ****     /* Get the pointer to the device.  */
 114:Middlewares/ST/usbx/common/core/src/ux_device_stack_configuration_set.c ****     device =  &_ux_system_slave -> ux_system_slave_device;
  91              		.loc 1 114 5 is_stmt 1 view .LVU23
 115:Middlewares/ST/usbx/common/core/src/ux_device_stack_configuration_set.c ****     
 116:Middlewares/ST/usbx/common/core/src/ux_device_stack_configuration_set.c ****     /* Reset the IAD flag.  */
 117:Middlewares/ST/usbx/common/core/src/ux_device_stack_configuration_set.c ****     iad_flag =  UX_FALSE;
  92              		.loc 1 117 5 view .LVU24
 118:Middlewares/ST/usbx/common/core/src/ux_device_stack_configuration_set.c **** 
 119:Middlewares/ST/usbx/common/core/src/ux_device_stack_configuration_set.c ****     /* If the configuration value is already selected, keep it.  */
 120:Middlewares/ST/usbx/common/core/src/ux_device_stack_configuration_set.c ****     if (device -> ux_slave_device_configuration_selected == configuration_value)
  93              		.loc 1 120 5 view .LVU25
  94              		.loc 1 120 16 is_stmt 0 view .LVU26
  95 0030 D7F8EC30 		ldr	r3, [r7, #236]
  96              		.loc 1 120 8 view .LVU27
  97 0034 B342     		cmp	r3, r6
  98 0036 00F0CD80 		beq	.L20
 121:Middlewares/ST/usbx/common/core/src/ux_device_stack_configuration_set.c ****         return(UX_SUCCESS);
 122:Middlewares/ST/usbx/common/core/src/ux_device_stack_configuration_set.c **** 
 123:Middlewares/ST/usbx/common/core/src/ux_device_stack_configuration_set.c ****     /* We may have multiple configurations !, the index will tell us what
 124:Middlewares/ST/usbx/common/core/src/ux_device_stack_configuration_set.c ****        configuration descriptor we need to return.  */
 125:Middlewares/ST/usbx/common/core/src/ux_device_stack_configuration_set.c ****     device_framework = _ux_system_slave -> ux_system_slave_device_framework;
  99              		.loc 1 125 5 is_stmt 1 view .LVU28
 100              		.loc 1 125 22 is_stmt 0 view .LVU29
 101 003a D7F82841 		ldr	r4, [r7, #296]
 102              	.LVL5:
 126:Middlewares/ST/usbx/common/core/src/ux_device_stack_configuration_set.c ****     device_framework_length =  _ux_system_slave -> ux_system_slave_device_framework_length;
 103              		.loc 1 126 5 is_stmt 1 view .LVU30
ARM GAS  /tmp/ccABtzoq.s 			page 5


 104              		.loc 1 126 29 is_stmt 0 view .LVU31
 105 003e D7F82C51 		ldr	r5, [r7, #300]
 106              	.LVL6:
 127:Middlewares/ST/usbx/common/core/src/ux_device_stack_configuration_set.c **** 
 128:Middlewares/ST/usbx/common/core/src/ux_device_stack_configuration_set.c ****     /* Parse the device framework and locate a configuration descriptor.  */
 129:Middlewares/ST/usbx/common/core/src/ux_device_stack_configuration_set.c ****     while (device_framework_length != 0)
 107              		.loc 1 129 5 is_stmt 1 view .LVU32
 108              		.loc 1 129 11 is_stmt 0 view .LVU33
 109 0042 02E0     		b	.L3
 110              	.LVL7:
 111              	.L4:
 130:Middlewares/ST/usbx/common/core/src/ux_device_stack_configuration_set.c ****     {
 131:Middlewares/ST/usbx/common/core/src/ux_device_stack_configuration_set.c ****         /* Get the length of the current descriptor.  */
 132:Middlewares/ST/usbx/common/core/src/ux_device_stack_configuration_set.c ****         descriptor_length =  (ULONG) *device_framework;
 133:Middlewares/ST/usbx/common/core/src/ux_device_stack_configuration_set.c **** 
 134:Middlewares/ST/usbx/common/core/src/ux_device_stack_configuration_set.c ****         /* And its type.  */
 135:Middlewares/ST/usbx/common/core/src/ux_device_stack_configuration_set.c ****         descriptor_type =  *(device_framework + 1);
 136:Middlewares/ST/usbx/common/core/src/ux_device_stack_configuration_set.c **** 
 137:Middlewares/ST/usbx/common/core/src/ux_device_stack_configuration_set.c ****         /* Check if this is a configuration descriptor.  */
 138:Middlewares/ST/usbx/common/core/src/ux_device_stack_configuration_set.c ****         if (descriptor_type == UX_CONFIGURATION_DESCRIPTOR_ITEM)
 139:Middlewares/ST/usbx/common/core/src/ux_device_stack_configuration_set.c ****         {
 140:Middlewares/ST/usbx/common/core/src/ux_device_stack_configuration_set.c ****             /* Parse the descriptor in something more readable.  */
 141:Middlewares/ST/usbx/common/core/src/ux_device_stack_configuration_set.c ****             _ux_utility_descriptor_parse(device_framework,
 142:Middlewares/ST/usbx/common/core/src/ux_device_stack_configuration_set.c ****                         _ux_system_configuration_descriptor_structure,
 143:Middlewares/ST/usbx/common/core/src/ux_device_stack_configuration_set.c ****                         UX_CONFIGURATION_DESCRIPTOR_ENTRIES,
 144:Middlewares/ST/usbx/common/core/src/ux_device_stack_configuration_set.c ****                         (UCHAR *) &configuration_descriptor);
 145:Middlewares/ST/usbx/common/core/src/ux_device_stack_configuration_set.c **** 
 146:Middlewares/ST/usbx/common/core/src/ux_device_stack_configuration_set.c ****             /* Now we need to check the configuration value. It has
 147:Middlewares/ST/usbx/common/core/src/ux_device_stack_configuration_set.c ****                to be the same as the one specified in the setup function.  */
 148:Middlewares/ST/usbx/common/core/src/ux_device_stack_configuration_set.c ****             if (configuration_descriptor.bConfigurationValue == configuration_value)
 149:Middlewares/ST/usbx/common/core/src/ux_device_stack_configuration_set.c ****                 /* The configuration is found. */
 150:Middlewares/ST/usbx/common/core/src/ux_device_stack_configuration_set.c ****                 break;
 151:Middlewares/ST/usbx/common/core/src/ux_device_stack_configuration_set.c ****         }
 152:Middlewares/ST/usbx/common/core/src/ux_device_stack_configuration_set.c **** 
 153:Middlewares/ST/usbx/common/core/src/ux_device_stack_configuration_set.c ****         /* Adjust what is left of the device framework.  */
 154:Middlewares/ST/usbx/common/core/src/ux_device_stack_configuration_set.c ****         device_framework_length -= descriptor_length;
 112              		.loc 1 154 9 is_stmt 1 view .LVU34
 113              		.loc 1 154 33 is_stmt 0 view .LVU35
 114 0044 A5EB0805 		sub	r5, r5, r8
 115              	.LVL8:
 155:Middlewares/ST/usbx/common/core/src/ux_device_stack_configuration_set.c ****         /* Point to the next descriptor.  */
 156:Middlewares/ST/usbx/common/core/src/ux_device_stack_configuration_set.c ****         device_framework += descriptor_length;
 116              		.loc 1 156 9 is_stmt 1 view .LVU36
 117              		.loc 1 156 26 is_stmt 0 view .LVU37
 118 0048 4444     		add	r4, r4, r8
 119              	.LVL9:
 120              	.L3:
 129:Middlewares/ST/usbx/common/core/src/ux_device_stack_configuration_set.c ****     {
 121              		.loc 1 129 36 is_stmt 1 view .LVU38
 122 004a 6DB1     		cbz	r5, .L5
 132:Middlewares/ST/usbx/common/core/src/ux_device_stack_configuration_set.c **** 
 123              		.loc 1 132 9 view .LVU39
 132:Middlewares/ST/usbx/common/core/src/ux_device_stack_configuration_set.c **** 
 124              		.loc 1 132 38 is_stmt 0 view .LVU40
 125 004c 94F80080 		ldrb	r8, [r4]	@ zero_extendqisi2
 126              	.LVL10:
 135:Middlewares/ST/usbx/common/core/src/ux_device_stack_configuration_set.c **** 
ARM GAS  /tmp/ccABtzoq.s 			page 6


 127              		.loc 1 135 9 is_stmt 1 view .LVU41
 135:Middlewares/ST/usbx/common/core/src/ux_device_stack_configuration_set.c **** 
 128              		.loc 1 135 25 is_stmt 0 view .LVU42
 129 0050 6378     		ldrb	r3, [r4, #1]	@ zero_extendqisi2
 130              	.LVL11:
 138:Middlewares/ST/usbx/common/core/src/ux_device_stack_configuration_set.c ****         {
 131              		.loc 1 138 9 is_stmt 1 view .LVU43
 138:Middlewares/ST/usbx/common/core/src/ux_device_stack_configuration_set.c ****         {
 132              		.loc 1 138 12 is_stmt 0 view .LVU44
 133 0052 022B     		cmp	r3, #2
 134 0054 F6D1     		bne	.L4
 141:Middlewares/ST/usbx/common/core/src/ux_device_stack_configuration_set.c ****                         _ux_system_configuration_descriptor_structure,
 135              		.loc 1 141 13 is_stmt 1 view .LVU45
 136 0056 1AAB     		add	r3, sp, #104
 137 0058 0822     		movs	r2, #8
 138 005a 6149     		ldr	r1, .L33+4
 139 005c 2046     		mov	r0, r4
 140 005e FFF7FEFF 		bl	_ux_utility_descriptor_parse
 141              	.LVL12:
 148:Middlewares/ST/usbx/common/core/src/ux_device_stack_configuration_set.c ****                 /* The configuration is found. */
 142              		.loc 1 148 13 view .LVU46
 148:Middlewares/ST/usbx/common/core/src/ux_device_stack_configuration_set.c ****                 /* The configuration is found. */
 143              		.loc 1 148 41 is_stmt 0 view .LVU47
 144 0062 1E9B     		ldr	r3, [sp, #120]
 148:Middlewares/ST/usbx/common/core/src/ux_device_stack_configuration_set.c ****                 /* The configuration is found. */
 145              		.loc 1 148 16 view .LVU48
 146 0064 B342     		cmp	r3, r6
 147 0066 EDD1     		bne	.L4
 148              	.LVL13:
 149              	.L5:
 157:Middlewares/ST/usbx/common/core/src/ux_device_stack_configuration_set.c ****     }
 158:Middlewares/ST/usbx/common/core/src/ux_device_stack_configuration_set.c **** 
 159:Middlewares/ST/usbx/common/core/src/ux_device_stack_configuration_set.c ****     /* Configuration not found. */
 160:Middlewares/ST/usbx/common/core/src/ux_device_stack_configuration_set.c ****     if (device_framework_length == 0 && configuration_value != 0)
 150              		.loc 1 160 5 is_stmt 1 view .LVU49
 151              		.loc 1 160 38 is_stmt 0 view .LVU50
 152 0068 B5FA85F5 		clz	r5, r5
 153              	.LVL14:
 154              		.loc 1 160 38 view .LVU51
 155 006c 6D09     		lsrs	r5, r5, #5
 156 006e 002E     		cmp	r6, #0
 157 0070 08BF     		it	eq
 158 0072 0025     		moveq	r5, #0
 159              		.loc 1 160 8 view .LVU52
 160 0074 002D     		cmp	r5, #0
 161 0076 40F0AF80 		bne	.L21
 161:Middlewares/ST/usbx/common/core/src/ux_device_stack_configuration_set.c ****         return(UX_ERROR);
 162:Middlewares/ST/usbx/common/core/src/ux_device_stack_configuration_set.c **** 
 163:Middlewares/ST/usbx/common/core/src/ux_device_stack_configuration_set.c ****     /* We unmount the configuration if there is previous configuration selected. */
 164:Middlewares/ST/usbx/common/core/src/ux_device_stack_configuration_set.c ****     if (device -> ux_slave_device_configuration_selected)
 162              		.loc 1 164 5 is_stmt 1 view .LVU53
 163              		.loc 1 164 16 is_stmt 0 view .LVU54
 164 007a D7F8EC30 		ldr	r3, [r7, #236]
 165              		.loc 1 164 8 view .LVU55
 166 007e ABB1     		cbz	r3, .L7
 165:Middlewares/ST/usbx/common/core/src/ux_device_stack_configuration_set.c ****     {
 166:Middlewares/ST/usbx/common/core/src/ux_device_stack_configuration_set.c **** 
ARM GAS  /tmp/ccABtzoq.s 			page 7


 167:Middlewares/ST/usbx/common/core/src/ux_device_stack_configuration_set.c ****         /* Get the pointer to the first interface.  */
 168:Middlewares/ST/usbx/common/core/src/ux_device_stack_configuration_set.c ****         interface =  device -> ux_slave_device_first_interface;
 167              		.loc 1 168 9 is_stmt 1 view .LVU56
 168              		.loc 1 168 19 is_stmt 0 view .LVU57
 169 0080 D7F81051 		ldr	r5, [r7, #272]
 170              	.LVL15:
 169:Middlewares/ST/usbx/common/core/src/ux_device_stack_configuration_set.c **** 
 170:Middlewares/ST/usbx/common/core/src/ux_device_stack_configuration_set.c **** #if !defined(UX_DEVICE_INITIALIZE_FRAMEWORK_SCAN_DISABLE) || UX_MAX_DEVICE_INTERFACES > 1
 171:Middlewares/ST/usbx/common/core/src/ux_device_stack_configuration_set.c ****         /* Deactivate all the interfaces if any.  */
 172:Middlewares/ST/usbx/common/core/src/ux_device_stack_configuration_set.c ****         while (interface != UX_NULL)
 171              		.loc 1 172 9 is_stmt 1 view .LVU58
 172 0084 A046     		mov	r8, r4
 173              		.loc 1 172 15 is_stmt 0 view .LVU59
 174 0086 04E0     		b	.L8
 175              	.LVL16:
 176              	.L9:
 173:Middlewares/ST/usbx/common/core/src/ux_device_stack_configuration_set.c ****         {
 174:Middlewares/ST/usbx/common/core/src/ux_device_stack_configuration_set.c **** #endif
 175:Middlewares/ST/usbx/common/core/src/ux_device_stack_configuration_set.c ****             /* Build all the fields of the Class Command.  */
 176:Middlewares/ST/usbx/common/core/src/ux_device_stack_configuration_set.c ****             class_command.ux_slave_class_command_request =   UX_SLAVE_CLASS_COMMAND_DEACTIVATE;
 177:Middlewares/ST/usbx/common/core/src/ux_device_stack_configuration_set.c ****             class_command.ux_slave_class_command_interface =  (VOID *) interface;
 178:Middlewares/ST/usbx/common/core/src/ux_device_stack_configuration_set.c **** 
 179:Middlewares/ST/usbx/common/core/src/ux_device_stack_configuration_set.c ****             /* Get the pointer to the class container of this interface.  */
 180:Middlewares/ST/usbx/common/core/src/ux_device_stack_configuration_set.c ****             class_inst =  interface -> ux_slave_interface_class;
 181:Middlewares/ST/usbx/common/core/src/ux_device_stack_configuration_set.c **** 
 182:Middlewares/ST/usbx/common/core/src/ux_device_stack_configuration_set.c ****             /* Store the class container. */
 183:Middlewares/ST/usbx/common/core/src/ux_device_stack_configuration_set.c ****             class_command.ux_slave_class_command_class_ptr =  class_inst;
 184:Middlewares/ST/usbx/common/core/src/ux_device_stack_configuration_set.c **** 
 185:Middlewares/ST/usbx/common/core/src/ux_device_stack_configuration_set.c ****             /* If there is a class container for this instance, deactivate it.  */
 186:Middlewares/ST/usbx/common/core/src/ux_device_stack_configuration_set.c ****             if (class_inst != UX_NULL)
 187:Middlewares/ST/usbx/common/core/src/ux_device_stack_configuration_set.c **** 
 188:Middlewares/ST/usbx/common/core/src/ux_device_stack_configuration_set.c ****                 /* Call the class with the DEACTIVATE signal.  */
 189:Middlewares/ST/usbx/common/core/src/ux_device_stack_configuration_set.c ****                 class_inst -> ux_slave_class_entry_function(&class_command);
 190:Middlewares/ST/usbx/common/core/src/ux_device_stack_configuration_set.c **** 
 191:Middlewares/ST/usbx/common/core/src/ux_device_stack_configuration_set.c **** #if !defined(UX_DEVICE_INITIALIZE_FRAMEWORK_SCAN_DISABLE) || UX_MAX_DEVICE_INTERFACES > 1
 192:Middlewares/ST/usbx/common/core/src/ux_device_stack_configuration_set.c ****             /* Get the next interface.  */
 193:Middlewares/ST/usbx/common/core/src/ux_device_stack_configuration_set.c ****             next_interface =  interface -> ux_slave_interface_next_interface;
 177              		.loc 1 193 13 is_stmt 1 view .LVU60
 178              		.loc 1 193 28 is_stmt 0 view .LVU61
 179 0088 2C6B     		ldr	r4, [r5, #48]
 180              	.LVL17:
 194:Middlewares/ST/usbx/common/core/src/ux_device_stack_configuration_set.c **** #endif
 195:Middlewares/ST/usbx/common/core/src/ux_device_stack_configuration_set.c **** 
 196:Middlewares/ST/usbx/common/core/src/ux_device_stack_configuration_set.c ****             /* Remove the interface and all endpoints associated with it.  */
 197:Middlewares/ST/usbx/common/core/src/ux_device_stack_configuration_set.c ****             _ux_device_stack_interface_delete(interface);
 181              		.loc 1 197 13 is_stmt 1 view .LVU62
 182 008a 2846     		mov	r0, r5
 183 008c FFF7FEFF 		bl	_ux_device_stack_interface_delete
 184              	.LVL18:
 198:Middlewares/ST/usbx/common/core/src/ux_device_stack_configuration_set.c **** 
 199:Middlewares/ST/usbx/common/core/src/ux_device_stack_configuration_set.c **** #if !defined(UX_DEVICE_INITIALIZE_FRAMEWORK_SCAN_DISABLE) || UX_MAX_DEVICE_INTERFACES > 1
 200:Middlewares/ST/usbx/common/core/src/ux_device_stack_configuration_set.c ****             /* Now we refresh the interface pointer.  */
 201:Middlewares/ST/usbx/common/core/src/ux_device_stack_configuration_set.c ****             interface =  next_interface;
 185              		.loc 1 201 13 view .LVU63
 186              		.loc 1 201 23 is_stmt 0 view .LVU64
 187 0090 2546     		mov	r5, r4
 188              	.LVL19:
ARM GAS  /tmp/ccABtzoq.s 			page 8


 189              	.L8:
 172:Middlewares/ST/usbx/common/core/src/ux_device_stack_configuration_set.c ****         {
 190              		.loc 1 172 26 is_stmt 1 view .LVU65
 191 0092 55B1     		cbz	r5, .L26
 176:Middlewares/ST/usbx/common/core/src/ux_device_stack_configuration_set.c ****             class_command.ux_slave_class_command_interface =  (VOID *) interface;
 192              		.loc 1 176 13 view .LVU66
 176:Middlewares/ST/usbx/common/core/src/ux_device_stack_configuration_set.c ****             class_command.ux_slave_class_command_interface =  (VOID *) interface;
 193              		.loc 1 176 58 is_stmt 0 view .LVU67
 194 0094 0323     		movs	r3, #3
 195 0096 0693     		str	r3, [sp, #24]
 177:Middlewares/ST/usbx/common/core/src/ux_device_stack_configuration_set.c **** 
 196              		.loc 1 177 13 is_stmt 1 view .LVU68
 177:Middlewares/ST/usbx/common/core/src/ux_device_stack_configuration_set.c **** 
 197              		.loc 1 177 60 is_stmt 0 view .LVU69
 198 0098 0895     		str	r5, [sp, #32]
 180:Middlewares/ST/usbx/common/core/src/ux_device_stack_configuration_set.c **** 
 199              		.loc 1 180 13 is_stmt 1 view .LVU70
 180:Middlewares/ST/usbx/common/core/src/ux_device_stack_configuration_set.c **** 
 200              		.loc 1 180 24 is_stmt 0 view .LVU71
 201 009a 6B68     		ldr	r3, [r5, #4]
 202              	.LVL20:
 183:Middlewares/ST/usbx/common/core/src/ux_device_stack_configuration_set.c **** 
 203              		.loc 1 183 13 is_stmt 1 view .LVU72
 183:Middlewares/ST/usbx/common/core/src/ux_device_stack_configuration_set.c **** 
 204              		.loc 1 183 60 is_stmt 0 view .LVU73
 205 009c 0E93     		str	r3, [sp, #56]
 186:Middlewares/ST/usbx/common/core/src/ux_device_stack_configuration_set.c **** 
 206              		.loc 1 186 13 is_stmt 1 view .LVU74
 186:Middlewares/ST/usbx/common/core/src/ux_device_stack_configuration_set.c **** 
 207              		.loc 1 186 16 is_stmt 0 view .LVU75
 208 009e 002B     		cmp	r3, #0
 209 00a0 F2D0     		beq	.L9
 189:Middlewares/ST/usbx/common/core/src/ux_device_stack_configuration_set.c **** 
 210              		.loc 1 189 17 is_stmt 1 view .LVU76
 189:Middlewares/ST/usbx/common/core/src/ux_device_stack_configuration_set.c **** 
 211              		.loc 1 189 28 is_stmt 0 view .LVU77
 212 00a2 5B6C     		ldr	r3, [r3, #68]
 213              	.LVL21:
 189:Middlewares/ST/usbx/common/core/src/ux_device_stack_configuration_set.c **** 
 214              		.loc 1 189 17 view .LVU78
 215 00a4 06A8     		add	r0, sp, #24
 216 00a6 9847     		blx	r3
 217              	.LVL22:
 189:Middlewares/ST/usbx/common/core/src/ux_device_stack_configuration_set.c **** 
 218              		.loc 1 189 17 view .LVU79
 219 00a8 EEE7     		b	.L9
 220              	.LVL23:
 221              	.L26:
 189:Middlewares/ST/usbx/common/core/src/ux_device_stack_configuration_set.c **** 
 222              		.loc 1 189 17 view .LVU80
 223 00aa 4446     		mov	r4, r8
 224              	.LVL24:
 225              	.L7:
 202:Middlewares/ST/usbx/common/core/src/ux_device_stack_configuration_set.c ****         }
 203:Middlewares/ST/usbx/common/core/src/ux_device_stack_configuration_set.c **** #endif
 204:Middlewares/ST/usbx/common/core/src/ux_device_stack_configuration_set.c **** 
 205:Middlewares/ST/usbx/common/core/src/ux_device_stack_configuration_set.c ****     }
ARM GAS  /tmp/ccABtzoq.s 			page 9


 206:Middlewares/ST/usbx/common/core/src/ux_device_stack_configuration_set.c **** 
 207:Middlewares/ST/usbx/common/core/src/ux_device_stack_configuration_set.c ****     /* No configuration is selected.  */
 208:Middlewares/ST/usbx/common/core/src/ux_device_stack_configuration_set.c ****     device -> ux_slave_device_configuration_selected =  0;
 226              		.loc 1 208 5 is_stmt 1 view .LVU81
 227              		.loc 1 208 54 is_stmt 0 view .LVU82
 228 00ac 0023     		movs	r3, #0
 229 00ae C7F8EC30 		str	r3, [r7, #236]
 209:Middlewares/ST/usbx/common/core/src/ux_device_stack_configuration_set.c **** 
 210:Middlewares/ST/usbx/common/core/src/ux_device_stack_configuration_set.c ****     /* Mark the device as attached now. */
 211:Middlewares/ST/usbx/common/core/src/ux_device_stack_configuration_set.c ****     device -> ux_slave_device_state =  UX_DEVICE_ATTACHED;
 230              		.loc 1 211 5 is_stmt 1 view .LVU83
 231              		.loc 1 211 37 is_stmt 0 view .LVU84
 232 00b2 0122     		movs	r2, #1
 233 00b4 3A62     		str	r2, [r7, #32]
 212:Middlewares/ST/usbx/common/core/src/ux_device_stack_configuration_set.c **** 
 213:Middlewares/ST/usbx/common/core/src/ux_device_stack_configuration_set.c ****     /* The DCD needs to update the device state too.  */
 214:Middlewares/ST/usbx/common/core/src/ux_device_stack_configuration_set.c ****     dcd -> ux_slave_dcd_function(dcd, UX_DCD_CHANGE_STATE, (VOID *) UX_DEVICE_ATTACHED);
 234              		.loc 1 214 5 is_stmt 1 view .LVU85
 235              		.loc 1 214 9 is_stmt 0 view .LVU86
 236 00b6 BB69     		ldr	r3, [r7, #24]
 237              		.loc 1 214 5 view .LVU87
 238 00b8 1321     		movs	r1, #19
 239 00ba 3846     		mov	r0, r7
 240 00bc 9847     		blx	r3
 241              	.LVL25:
 215:Middlewares/ST/usbx/common/core/src/ux_device_stack_configuration_set.c **** 
 216:Middlewares/ST/usbx/common/core/src/ux_device_stack_configuration_set.c ****     /* If the host tries to unconfigure, we are done. */
 217:Middlewares/ST/usbx/common/core/src/ux_device_stack_configuration_set.c ****     if (configuration_value == 0)
 242              		.loc 1 217 5 is_stmt 1 view .LVU88
 243              		.loc 1 217 8 is_stmt 0 view .LVU89
 244 00be 26B9     		cbnz	r6, .L27
 218:Middlewares/ST/usbx/common/core/src/ux_device_stack_configuration_set.c ****         return(UX_SUCCESS);
 245              		.loc 1 218 15 view .LVU90
 246 00c0 3546     		mov	r5, r6
 247              	.LVL26:
 248              	.L1:
 219:Middlewares/ST/usbx/common/core/src/ux_device_stack_configuration_set.c **** 
 220:Middlewares/ST/usbx/common/core/src/ux_device_stack_configuration_set.c ****     /* Memorize the configuration selected.  */
 221:Middlewares/ST/usbx/common/core/src/ux_device_stack_configuration_set.c ****     device -> ux_slave_device_configuration_selected =  configuration_value;
 222:Middlewares/ST/usbx/common/core/src/ux_device_stack_configuration_set.c **** 
 223:Middlewares/ST/usbx/common/core/src/ux_device_stack_configuration_set.c ****     /* We have found the configuration value requested by the host.
 224:Middlewares/ST/usbx/common/core/src/ux_device_stack_configuration_set.c ****        Create the configuration descriptor and attach it to the device.  */
 225:Middlewares/ST/usbx/common/core/src/ux_device_stack_configuration_set.c ****     _ux_utility_descriptor_parse(device_framework,
 226:Middlewares/ST/usbx/common/core/src/ux_device_stack_configuration_set.c ****                 _ux_system_configuration_descriptor_structure,
 227:Middlewares/ST/usbx/common/core/src/ux_device_stack_configuration_set.c ****                 UX_CONFIGURATION_DESCRIPTOR_ENTRIES,
 228:Middlewares/ST/usbx/common/core/src/ux_device_stack_configuration_set.c ****                 (UCHAR *) &device -> ux_slave_device_configuration_descriptor);
 229:Middlewares/ST/usbx/common/core/src/ux_device_stack_configuration_set.c **** 
 230:Middlewares/ST/usbx/common/core/src/ux_device_stack_configuration_set.c ****     /* Configuration character D6 is for Self-powered */
 231:Middlewares/ST/usbx/common/core/src/ux_device_stack_configuration_set.c ****     _ux_system_slave -> ux_system_slave_power_state = (configuration_descriptor.bmAttributes & 0x40
 232:Middlewares/ST/usbx/common/core/src/ux_device_stack_configuration_set.c **** 
 233:Middlewares/ST/usbx/common/core/src/ux_device_stack_configuration_set.c ****     /* Configuration character D5 is for Remote Wakeup */
 234:Middlewares/ST/usbx/common/core/src/ux_device_stack_configuration_set.c ****     _ux_system_slave -> ux_system_slave_remote_wakeup_capability = (configuration_descriptor.bmAttr
 235:Middlewares/ST/usbx/common/core/src/ux_device_stack_configuration_set.c **** 
 236:Middlewares/ST/usbx/common/core/src/ux_device_stack_configuration_set.c ****     /* Search only in current configuration */
 237:Middlewares/ST/usbx/common/core/src/ux_device_stack_configuration_set.c ****     device_framework_length =  configuration_descriptor.wTotalLength;
 238:Middlewares/ST/usbx/common/core/src/ux_device_stack_configuration_set.c **** 
 239:Middlewares/ST/usbx/common/core/src/ux_device_stack_configuration_set.c ****     /*  We need to scan all the interface descriptors following this
ARM GAS  /tmp/ccABtzoq.s 			page 10


 240:Middlewares/ST/usbx/common/core/src/ux_device_stack_configuration_set.c ****         configuration descriptor and enable all endpoints associated
 241:Middlewares/ST/usbx/common/core/src/ux_device_stack_configuration_set.c ****         with the default alternate setting of each interface.  */
 242:Middlewares/ST/usbx/common/core/src/ux_device_stack_configuration_set.c ****     while (device_framework_length != 0)
 243:Middlewares/ST/usbx/common/core/src/ux_device_stack_configuration_set.c ****     {
 244:Middlewares/ST/usbx/common/core/src/ux_device_stack_configuration_set.c **** 
 245:Middlewares/ST/usbx/common/core/src/ux_device_stack_configuration_set.c ****         /* Get the length of the current descriptor.  */
 246:Middlewares/ST/usbx/common/core/src/ux_device_stack_configuration_set.c ****         descriptor_length =  (ULONG) *device_framework;
 247:Middlewares/ST/usbx/common/core/src/ux_device_stack_configuration_set.c **** 
 248:Middlewares/ST/usbx/common/core/src/ux_device_stack_configuration_set.c ****         /* And its type.  */
 249:Middlewares/ST/usbx/common/core/src/ux_device_stack_configuration_set.c ****         descriptor_type =  *(device_framework + 1);
 250:Middlewares/ST/usbx/common/core/src/ux_device_stack_configuration_set.c **** 
 251:Middlewares/ST/usbx/common/core/src/ux_device_stack_configuration_set.c ****         /* Check if this is an interface association descriptor.  */
 252:Middlewares/ST/usbx/common/core/src/ux_device_stack_configuration_set.c ****         if(descriptor_type == UX_INTERFACE_ASSOCIATION_DESCRIPTOR_ITEM)
 253:Middlewares/ST/usbx/common/core/src/ux_device_stack_configuration_set.c ****         {
 254:Middlewares/ST/usbx/common/core/src/ux_device_stack_configuration_set.c **** 
 255:Middlewares/ST/usbx/common/core/src/ux_device_stack_configuration_set.c ****             /* Set the IAD flag.  */
 256:Middlewares/ST/usbx/common/core/src/ux_device_stack_configuration_set.c ****             iad_flag = UX_TRUE;
 257:Middlewares/ST/usbx/common/core/src/ux_device_stack_configuration_set.c **** 
 258:Middlewares/ST/usbx/common/core/src/ux_device_stack_configuration_set.c ****             /* Get the first interface we have in the IAD. */
 259:Middlewares/ST/usbx/common/core/src/ux_device_stack_configuration_set.c ****             iad_first_interface = (ULONG)  *(device_framework + 2);
 260:Middlewares/ST/usbx/common/core/src/ux_device_stack_configuration_set.c **** 
 261:Middlewares/ST/usbx/common/core/src/ux_device_stack_configuration_set.c ****             /* Get the number of interfaces we have in the IAD. */
 262:Middlewares/ST/usbx/common/core/src/ux_device_stack_configuration_set.c ****             iad_number_interfaces = (ULONG)  *(device_framework + 3);
 263:Middlewares/ST/usbx/common/core/src/ux_device_stack_configuration_set.c ****         }
 264:Middlewares/ST/usbx/common/core/src/ux_device_stack_configuration_set.c **** 
 265:Middlewares/ST/usbx/common/core/src/ux_device_stack_configuration_set.c ****         /* Check if this is an interface descriptor.  */
 266:Middlewares/ST/usbx/common/core/src/ux_device_stack_configuration_set.c ****         if(descriptor_type == UX_INTERFACE_DESCRIPTOR_ITEM)
 267:Middlewares/ST/usbx/common/core/src/ux_device_stack_configuration_set.c ****         {
 268:Middlewares/ST/usbx/common/core/src/ux_device_stack_configuration_set.c **** 
 269:Middlewares/ST/usbx/common/core/src/ux_device_stack_configuration_set.c ****             /* Parse the descriptor in something more readable.  */
 270:Middlewares/ST/usbx/common/core/src/ux_device_stack_configuration_set.c ****             _ux_utility_descriptor_parse(device_framework,
 271:Middlewares/ST/usbx/common/core/src/ux_device_stack_configuration_set.c ****                         _ux_system_interface_descriptor_structure,
 272:Middlewares/ST/usbx/common/core/src/ux_device_stack_configuration_set.c ****                         UX_INTERFACE_DESCRIPTOR_ENTRIES,
 273:Middlewares/ST/usbx/common/core/src/ux_device_stack_configuration_set.c ****                         (UCHAR *) &interface_descriptor);
 274:Middlewares/ST/usbx/common/core/src/ux_device_stack_configuration_set.c **** 
 275:Middlewares/ST/usbx/common/core/src/ux_device_stack_configuration_set.c ****             /* If the alternate setting is 0 for this interface, we need to
 276:Middlewares/ST/usbx/common/core/src/ux_device_stack_configuration_set.c ****                memorize its class association and start it.  */
 277:Middlewares/ST/usbx/common/core/src/ux_device_stack_configuration_set.c ****             if (interface_descriptor.bAlternateSetting == 0)
 278:Middlewares/ST/usbx/common/core/src/ux_device_stack_configuration_set.c ****             {
 279:Middlewares/ST/usbx/common/core/src/ux_device_stack_configuration_set.c **** 
 280:Middlewares/ST/usbx/common/core/src/ux_device_stack_configuration_set.c ****                 /* Are we in a IAD scenario ? */
 281:Middlewares/ST/usbx/common/core/src/ux_device_stack_configuration_set.c ****                 if (iad_flag == UX_TRUE)
 282:Middlewares/ST/usbx/common/core/src/ux_device_stack_configuration_set.c ****                 {
 283:Middlewares/ST/usbx/common/core/src/ux_device_stack_configuration_set.c **** 
 284:Middlewares/ST/usbx/common/core/src/ux_device_stack_configuration_set.c ****                     /* Check if this is the first interface from the IAD. In this case,
 285:Middlewares/ST/usbx/common/core/src/ux_device_stack_configuration_set.c ****                        we need to match a class to this interface.  */
 286:Middlewares/ST/usbx/common/core/src/ux_device_stack_configuration_set.c ****                     if (interface_descriptor.bInterfaceNumber == iad_first_interface)
 287:Middlewares/ST/usbx/common/core/src/ux_device_stack_configuration_set.c ****                     {
 288:Middlewares/ST/usbx/common/core/src/ux_device_stack_configuration_set.c **** 
 289:Middlewares/ST/usbx/common/core/src/ux_device_stack_configuration_set.c ****                         /* First interface. Scan the list of classes to find a match.  */
 290:Middlewares/ST/usbx/common/core/src/ux_device_stack_configuration_set.c ****                         class_inst =  _ux_system_slave -> ux_system_slave_class_array;
 291:Middlewares/ST/usbx/common/core/src/ux_device_stack_configuration_set.c **** 
 292:Middlewares/ST/usbx/common/core/src/ux_device_stack_configuration_set.c **** #if UX_MAX_SLAVE_CLASS_DRIVER > 1
 293:Middlewares/ST/usbx/common/core/src/ux_device_stack_configuration_set.c ****                         /* Parse all the class drivers.  */
 294:Middlewares/ST/usbx/common/core/src/ux_device_stack_configuration_set.c ****                         for (class_index = 0; class_index < _ux_system_slave -> ux_system_slave_max
 295:Middlewares/ST/usbx/common/core/src/ux_device_stack_configuration_set.c ****                         {
 296:Middlewares/ST/usbx/common/core/src/ux_device_stack_configuration_set.c **** #endif
ARM GAS  /tmp/ccABtzoq.s 			page 11


 297:Middlewares/ST/usbx/common/core/src/ux_device_stack_configuration_set.c **** 
 298:Middlewares/ST/usbx/common/core/src/ux_device_stack_configuration_set.c ****                             /* Check if this class driver is used.  */
 299:Middlewares/ST/usbx/common/core/src/ux_device_stack_configuration_set.c ****                             if (class_inst -> ux_slave_class_status == UX_USED)
 300:Middlewares/ST/usbx/common/core/src/ux_device_stack_configuration_set.c ****                             {
 301:Middlewares/ST/usbx/common/core/src/ux_device_stack_configuration_set.c **** 
 302:Middlewares/ST/usbx/common/core/src/ux_device_stack_configuration_set.c ****                                 /* Check if this is the same interface for the same configuration. 
 303:Middlewares/ST/usbx/common/core/src/ux_device_stack_configuration_set.c ****                                 if ((interface_descriptor.bInterfaceNumber == class_inst -> ux_slav
 304:Middlewares/ST/usbx/common/core/src/ux_device_stack_configuration_set.c ****                                     (configuration_value == class_inst -> ux_slave_class_configurat
 305:Middlewares/ST/usbx/common/core/src/ux_device_stack_configuration_set.c ****                                 {
 306:Middlewares/ST/usbx/common/core/src/ux_device_stack_configuration_set.c **** 
 307:Middlewares/ST/usbx/common/core/src/ux_device_stack_configuration_set.c ****                                     /* Memorize the class in the class/interface array.  */
 308:Middlewares/ST/usbx/common/core/src/ux_device_stack_configuration_set.c ****                                     _ux_system_slave -> ux_system_slave_interface_class_array[inter
 309:Middlewares/ST/usbx/common/core/src/ux_device_stack_configuration_set.c **** 
 310:Middlewares/ST/usbx/common/core/src/ux_device_stack_configuration_set.c ****                                     /* And again as the current class.  */
 311:Middlewares/ST/usbx/common/core/src/ux_device_stack_configuration_set.c ****                                     current_class = class_inst;
 312:Middlewares/ST/usbx/common/core/src/ux_device_stack_configuration_set.c **** 
 313:Middlewares/ST/usbx/common/core/src/ux_device_stack_configuration_set.c **** #if UX_MAX_SLAVE_CLASS_DRIVER > 1
 314:Middlewares/ST/usbx/common/core/src/ux_device_stack_configuration_set.c ****                                     /* We are done here.  */
 315:Middlewares/ST/usbx/common/core/src/ux_device_stack_configuration_set.c ****                                     break;
 316:Middlewares/ST/usbx/common/core/src/ux_device_stack_configuration_set.c **** #endif
 317:Middlewares/ST/usbx/common/core/src/ux_device_stack_configuration_set.c ****                                 }
 318:Middlewares/ST/usbx/common/core/src/ux_device_stack_configuration_set.c ****                             }
 319:Middlewares/ST/usbx/common/core/src/ux_device_stack_configuration_set.c **** 
 320:Middlewares/ST/usbx/common/core/src/ux_device_stack_configuration_set.c **** #if UX_MAX_SLAVE_CLASS_DRIVER > 1
 321:Middlewares/ST/usbx/common/core/src/ux_device_stack_configuration_set.c ****                             /* Move to the next registered class.  */
 322:Middlewares/ST/usbx/common/core/src/ux_device_stack_configuration_set.c ****                             class_inst ++;
 323:Middlewares/ST/usbx/common/core/src/ux_device_stack_configuration_set.c ****                         }
 324:Middlewares/ST/usbx/common/core/src/ux_device_stack_configuration_set.c **** #endif
 325:Middlewares/ST/usbx/common/core/src/ux_device_stack_configuration_set.c ****                     }
 326:Middlewares/ST/usbx/common/core/src/ux_device_stack_configuration_set.c ****                     else
 327:Middlewares/ST/usbx/common/core/src/ux_device_stack_configuration_set.c **** 
 328:Middlewares/ST/usbx/common/core/src/ux_device_stack_configuration_set.c ****                         /* Memorize the class in the class/interface array.  We use the current cla
 329:Middlewares/ST/usbx/common/core/src/ux_device_stack_configuration_set.c ****                         _ux_system_slave -> ux_system_slave_interface_class_array[interface_descrip
 330:Middlewares/ST/usbx/common/core/src/ux_device_stack_configuration_set.c **** 
 331:Middlewares/ST/usbx/common/core/src/ux_device_stack_configuration_set.c ****                     /* Decrement the number of interfaces found in the same IAD.  */
 332:Middlewares/ST/usbx/common/core/src/ux_device_stack_configuration_set.c ****                     iad_number_interfaces--;
 333:Middlewares/ST/usbx/common/core/src/ux_device_stack_configuration_set.c **** 
 334:Middlewares/ST/usbx/common/core/src/ux_device_stack_configuration_set.c ****                     /* If none are left, get out of the IAD state machine.  */
 335:Middlewares/ST/usbx/common/core/src/ux_device_stack_configuration_set.c ****                     if (iad_number_interfaces == 0)
 336:Middlewares/ST/usbx/common/core/src/ux_device_stack_configuration_set.c **** 
 337:Middlewares/ST/usbx/common/core/src/ux_device_stack_configuration_set.c ****                         /* We have exhausted the interfaces within the IAD.  */
 338:Middlewares/ST/usbx/common/core/src/ux_device_stack_configuration_set.c ****                         iad_flag = UX_FALSE;
 339:Middlewares/ST/usbx/common/core/src/ux_device_stack_configuration_set.c **** 
 340:Middlewares/ST/usbx/common/core/src/ux_device_stack_configuration_set.c ****                 }
 341:Middlewares/ST/usbx/common/core/src/ux_device_stack_configuration_set.c ****                 else
 342:Middlewares/ST/usbx/common/core/src/ux_device_stack_configuration_set.c ****                 {
 343:Middlewares/ST/usbx/common/core/src/ux_device_stack_configuration_set.c **** 
 344:Middlewares/ST/usbx/common/core/src/ux_device_stack_configuration_set.c ****                     /* First interface. Scan the list of classes to find a match.  */
 345:Middlewares/ST/usbx/common/core/src/ux_device_stack_configuration_set.c ****                     class_inst =  _ux_system_slave -> ux_system_slave_class_array;
 346:Middlewares/ST/usbx/common/core/src/ux_device_stack_configuration_set.c **** 
 347:Middlewares/ST/usbx/common/core/src/ux_device_stack_configuration_set.c **** #if UX_MAX_SLAVE_CLASS_DRIVER > 1
 348:Middlewares/ST/usbx/common/core/src/ux_device_stack_configuration_set.c ****                     /* Parse all the class drivers.  */
 349:Middlewares/ST/usbx/common/core/src/ux_device_stack_configuration_set.c ****                     for (class_index = 0; class_index < _ux_system_slave -> ux_system_slave_max_cla
 350:Middlewares/ST/usbx/common/core/src/ux_device_stack_configuration_set.c ****                     {
 351:Middlewares/ST/usbx/common/core/src/ux_device_stack_configuration_set.c **** #endif
 352:Middlewares/ST/usbx/common/core/src/ux_device_stack_configuration_set.c **** 
 353:Middlewares/ST/usbx/common/core/src/ux_device_stack_configuration_set.c ****                         /* Check if this class driver is used.  */
ARM GAS  /tmp/ccABtzoq.s 			page 12


 354:Middlewares/ST/usbx/common/core/src/ux_device_stack_configuration_set.c ****                         if (class_inst -> ux_slave_class_status == UX_USED)
 355:Middlewares/ST/usbx/common/core/src/ux_device_stack_configuration_set.c ****                         {
 356:Middlewares/ST/usbx/common/core/src/ux_device_stack_configuration_set.c **** 
 357:Middlewares/ST/usbx/common/core/src/ux_device_stack_configuration_set.c ****                             /* Check if this is the same interface for the same configuration. */
 358:Middlewares/ST/usbx/common/core/src/ux_device_stack_configuration_set.c ****                             if ((interface_descriptor.bInterfaceNumber == class_inst -> ux_slave_cl
 359:Middlewares/ST/usbx/common/core/src/ux_device_stack_configuration_set.c ****                                     (configuration_value == class_inst -> ux_slave_class_configurat
 360:Middlewares/ST/usbx/common/core/src/ux_device_stack_configuration_set.c ****                             {
 361:Middlewares/ST/usbx/common/core/src/ux_device_stack_configuration_set.c **** 
 362:Middlewares/ST/usbx/common/core/src/ux_device_stack_configuration_set.c ****                                 /* Memorize the class in the class/interface array.  */
 363:Middlewares/ST/usbx/common/core/src/ux_device_stack_configuration_set.c ****                                 _ux_system_slave -> ux_system_slave_interface_class_array[interface
 364:Middlewares/ST/usbx/common/core/src/ux_device_stack_configuration_set.c **** 
 365:Middlewares/ST/usbx/common/core/src/ux_device_stack_configuration_set.c **** #if UX_MAX_SLAVE_CLASS_DRIVER > 1
 366:Middlewares/ST/usbx/common/core/src/ux_device_stack_configuration_set.c ****                                 /* We are done here.  */
 367:Middlewares/ST/usbx/common/core/src/ux_device_stack_configuration_set.c ****                                 break;
 368:Middlewares/ST/usbx/common/core/src/ux_device_stack_configuration_set.c **** #endif
 369:Middlewares/ST/usbx/common/core/src/ux_device_stack_configuration_set.c ****                             }
 370:Middlewares/ST/usbx/common/core/src/ux_device_stack_configuration_set.c ****                         }
 371:Middlewares/ST/usbx/common/core/src/ux_device_stack_configuration_set.c **** 
 372:Middlewares/ST/usbx/common/core/src/ux_device_stack_configuration_set.c **** #if UX_MAX_SLAVE_CLASS_DRIVER > 1
 373:Middlewares/ST/usbx/common/core/src/ux_device_stack_configuration_set.c ****                         /* Move to the next registered class.  */
 374:Middlewares/ST/usbx/common/core/src/ux_device_stack_configuration_set.c ****                         class_inst ++;
 375:Middlewares/ST/usbx/common/core/src/ux_device_stack_configuration_set.c ****                     }
 376:Middlewares/ST/usbx/common/core/src/ux_device_stack_configuration_set.c **** #endif
 377:Middlewares/ST/usbx/common/core/src/ux_device_stack_configuration_set.c ****                 }
 378:Middlewares/ST/usbx/common/core/src/ux_device_stack_configuration_set.c **** 
 379:Middlewares/ST/usbx/common/core/src/ux_device_stack_configuration_set.c ****                 /* Set the interface.  */
 380:Middlewares/ST/usbx/common/core/src/ux_device_stack_configuration_set.c ****                 _ux_device_stack_interface_set(device_framework, device_framework_length, 0);
 381:Middlewares/ST/usbx/common/core/src/ux_device_stack_configuration_set.c ****             }
 382:Middlewares/ST/usbx/common/core/src/ux_device_stack_configuration_set.c ****         }
 383:Middlewares/ST/usbx/common/core/src/ux_device_stack_configuration_set.c **** 
 384:Middlewares/ST/usbx/common/core/src/ux_device_stack_configuration_set.c ****         /* Adjust what is left of the device framework.  */
 385:Middlewares/ST/usbx/common/core/src/ux_device_stack_configuration_set.c ****         device_framework_length -=  descriptor_length;
 386:Middlewares/ST/usbx/common/core/src/ux_device_stack_configuration_set.c **** 
 387:Middlewares/ST/usbx/common/core/src/ux_device_stack_configuration_set.c ****         /* Point to the next descriptor.  */
 388:Middlewares/ST/usbx/common/core/src/ux_device_stack_configuration_set.c ****         device_framework +=  descriptor_length;
 389:Middlewares/ST/usbx/common/core/src/ux_device_stack_configuration_set.c ****     }
 390:Middlewares/ST/usbx/common/core/src/ux_device_stack_configuration_set.c **** 
 391:Middlewares/ST/usbx/common/core/src/ux_device_stack_configuration_set.c ****     /* Mark the device as configured now. */
 392:Middlewares/ST/usbx/common/core/src/ux_device_stack_configuration_set.c ****     device -> ux_slave_device_state =  UX_DEVICE_CONFIGURED;
 393:Middlewares/ST/usbx/common/core/src/ux_device_stack_configuration_set.c **** 
 394:Middlewares/ST/usbx/common/core/src/ux_device_stack_configuration_set.c ****     /* The DCD needs to update the device state too.  */
 395:Middlewares/ST/usbx/common/core/src/ux_device_stack_configuration_set.c ****     dcd -> ux_slave_dcd_function(dcd, UX_DCD_CHANGE_STATE, (VOID *) UX_DEVICE_CONFIGURED);
 396:Middlewares/ST/usbx/common/core/src/ux_device_stack_configuration_set.c **** 
 397:Middlewares/ST/usbx/common/core/src/ux_device_stack_configuration_set.c ****     /* Configuration mounted. */
 398:Middlewares/ST/usbx/common/core/src/ux_device_stack_configuration_set.c ****     return(UX_SUCCESS);
 399:Middlewares/ST/usbx/common/core/src/ux_device_stack_configuration_set.c **** }
 249              		.loc 1 399 1 view .LVU91
 250 00c2 2846     		mov	r0, r5
 251 00c4 23B0     		add	sp, sp, #140
 252              	.LCFI2:
 253              		.cfi_remember_state
 254              		.cfi_def_cfa_offset 36
 255              		@ sp needed
 256 00c6 BDE8F08F 		pop	{r4, r5, r6, r7, r8, r9, r10, fp, pc}
 257              	.LVL27:
 258              	.L27:
 259              	.LCFI3:
ARM GAS  /tmp/ccABtzoq.s 			page 13


 260              		.cfi_restore_state
 221:Middlewares/ST/usbx/common/core/src/ux_device_stack_configuration_set.c **** 
 261              		.loc 1 221 5 is_stmt 1 view .LVU92
 221:Middlewares/ST/usbx/common/core/src/ux_device_stack_configuration_set.c **** 
 262              		.loc 1 221 54 is_stmt 0 view .LVU93
 263 00ca C7F8EC60 		str	r6, [r7, #236]
 225:Middlewares/ST/usbx/common/core/src/ux_device_stack_configuration_set.c ****                 _ux_system_configuration_descriptor_structure,
 264              		.loc 1 225 5 is_stmt 1 view .LVU94
 265 00ce 07F1F003 		add	r3, r7, #240
 266 00d2 0822     		movs	r2, #8
 267 00d4 4249     		ldr	r1, .L33+4
 268 00d6 2046     		mov	r0, r4
 269 00d8 FFF7FEFF 		bl	_ux_utility_descriptor_parse
 270              	.LVL28:
 231:Middlewares/ST/usbx/common/core/src/ux_device_stack_configuration_set.c **** 
 271              		.loc 1 231 5 view .LVU95
 231:Middlewares/ST/usbx/common/core/src/ux_device_stack_configuration_set.c **** 
 272              		.loc 1 231 80 is_stmt 0 view .LVU96
 273 00dc 209B     		ldr	r3, [sp, #128]
 231:Middlewares/ST/usbx/common/core/src/ux_device_stack_configuration_set.c **** 
 274              		.loc 1 231 127 view .LVU97
 275 00de 13F0400F 		tst	r3, #64
 276 00e2 10D0     		beq	.L23
 231:Middlewares/ST/usbx/common/core/src/ux_device_stack_configuration_set.c **** 
 277              		.loc 1 231 127 discriminator 1 view .LVU98
 278 00e4 0221     		movs	r1, #2
 279              	.L11:
 231:Middlewares/ST/usbx/common/core/src/ux_device_stack_configuration_set.c **** 
 280              		.loc 1 231 22 discriminator 4 view .LVU99
 281 00e6 3D4A     		ldr	r2, .L33
 282 00e8 1268     		ldr	r2, [r2]
 231:Middlewares/ST/usbx/common/core/src/ux_device_stack_configuration_set.c **** 
 283              		.loc 1 231 53 discriminator 4 view .LVU100
 284 00ea C2F8A011 		str	r1, [r2, #416]
 234:Middlewares/ST/usbx/common/core/src/ux_device_stack_configuration_set.c **** 
 285              		.loc 1 234 5 is_stmt 1 view .LVU101
 234:Middlewares/ST/usbx/common/core/src/ux_device_stack_configuration_set.c **** 
 286              		.loc 1 234 125 is_stmt 0 view .LVU102
 287 00ee C3F34013 		ubfx	r3, r3, #5, #1
 234:Middlewares/ST/usbx/common/core/src/ux_device_stack_configuration_set.c **** 
 288              		.loc 1 234 66 view .LVU103
 289 00f2 C2F8A431 		str	r3, [r2, #420]
 237:Middlewares/ST/usbx/common/core/src/ux_device_stack_configuration_set.c **** 
 290              		.loc 1 237 5 is_stmt 1 view .LVU104
 237:Middlewares/ST/usbx/common/core/src/ux_device_stack_configuration_set.c **** 
 291              		.loc 1 237 29 is_stmt 0 view .LVU105
 292 00f6 1C9D     		ldr	r5, [sp, #112]
 293              	.LVL29:
 242:Middlewares/ST/usbx/common/core/src/ux_device_stack_configuration_set.c ****     {
 294              		.loc 1 242 5 is_stmt 1 view .LVU106
 101:Middlewares/ST/usbx/common/core/src/ux_device_stack_configuration_set.c **** #if UX_MAX_SLAVE_CLASS_DRIVER > 1
 295              		.loc 1 101 33 is_stmt 0 view .LVU107
 296 00f8 4FF00009 		mov	r9, #0
 100:Middlewares/ST/usbx/common/core/src/ux_device_stack_configuration_set.c **** ULONG                           iad_number_interfaces =  0;
 297              		.loc 1 100 33 view .LVU108
 298 00fc CB46     		mov	fp, r9
 117:Middlewares/ST/usbx/common/core/src/ux_device_stack_configuration_set.c **** 
ARM GAS  /tmp/ccABtzoq.s 			page 14


 299              		.loc 1 117 14 view .LVU109
 300 00fe CA46     		mov	r10, r9
  96:Middlewares/ST/usbx/common/core/src/ux_device_stack_configuration_set.c **** UX_SLAVE_CLASS_COMMAND          class_command;
 301              		.loc 1 96 34 view .LVU110
 302 0100 CDF81490 		str	r9, [sp, #20]
 242:Middlewares/ST/usbx/common/core/src/ux_device_stack_configuration_set.c ****     {
 303              		.loc 1 242 11 view .LVU111
 304 0104 06E0     		b	.L12
 305              	.LVL30:
 306              	.L23:
 231:Middlewares/ST/usbx/common/core/src/ux_device_stack_configuration_set.c **** 
 307              		.loc 1 231 127 discriminator 2 view .LVU112
 308 0106 0121     		movs	r1, #1
 309 0108 EDE7     		b	.L11
 310              	.LVL31:
 311              	.L13:
 266:Middlewares/ST/usbx/common/core/src/ux_device_stack_configuration_set.c ****         {
 312              		.loc 1 266 9 is_stmt 1 view .LVU113
 266:Middlewares/ST/usbx/common/core/src/ux_device_stack_configuration_set.c ****         {
 313              		.loc 1 266 11 is_stmt 0 view .LVU114
 314 010a 042B     		cmp	r3, #4
 315 010c 10D0     		beq	.L28
 316              	.LVL32:
 317              	.L14:
 385:Middlewares/ST/usbx/common/core/src/ux_device_stack_configuration_set.c **** 
 318              		.loc 1 385 9 is_stmt 1 view .LVU115
 385:Middlewares/ST/usbx/common/core/src/ux_device_stack_configuration_set.c **** 
 319              		.loc 1 385 33 is_stmt 0 view .LVU116
 320 010e A5EB0805 		sub	r5, r5, r8
 321              	.LVL33:
 388:Middlewares/ST/usbx/common/core/src/ux_device_stack_configuration_set.c ****     }
 322              		.loc 1 388 9 is_stmt 1 view .LVU117
 388:Middlewares/ST/usbx/common/core/src/ux_device_stack_configuration_set.c ****     }
 323              		.loc 1 388 26 is_stmt 0 view .LVU118
 324 0112 4444     		add	r4, r4, r8
 325              	.LVL34:
 326              	.L12:
 242:Middlewares/ST/usbx/common/core/src/ux_device_stack_configuration_set.c ****     {
 327              		.loc 1 242 36 is_stmt 1 view .LVU119
 328 0114 002D     		cmp	r5, #0
 329 0116 56D0     		beq	.L29
 246:Middlewares/ST/usbx/common/core/src/ux_device_stack_configuration_set.c **** 
 330              		.loc 1 246 9 view .LVU120
 246:Middlewares/ST/usbx/common/core/src/ux_device_stack_configuration_set.c **** 
 331              		.loc 1 246 38 is_stmt 0 view .LVU121
 332 0118 94F80080 		ldrb	r8, [r4]	@ zero_extendqisi2
 333              	.LVL35:
 249:Middlewares/ST/usbx/common/core/src/ux_device_stack_configuration_set.c **** 
 334              		.loc 1 249 9 is_stmt 1 view .LVU122
 249:Middlewares/ST/usbx/common/core/src/ux_device_stack_configuration_set.c **** 
 335              		.loc 1 249 25 is_stmt 0 view .LVU123
 336 011c 6378     		ldrb	r3, [r4, #1]	@ zero_extendqisi2
 337              	.LVL36:
 252:Middlewares/ST/usbx/common/core/src/ux_device_stack_configuration_set.c ****         {
 338              		.loc 1 252 9 is_stmt 1 view .LVU124
 252:Middlewares/ST/usbx/common/core/src/ux_device_stack_configuration_set.c ****         {
 339              		.loc 1 252 11 is_stmt 0 view .LVU125
ARM GAS  /tmp/ccABtzoq.s 			page 15


 340 011e 0B2B     		cmp	r3, #11
 341 0120 F3D1     		bne	.L13
 256:Middlewares/ST/usbx/common/core/src/ux_device_stack_configuration_set.c **** 
 342              		.loc 1 256 13 is_stmt 1 view .LVU126
 343              	.LVL37:
 259:Middlewares/ST/usbx/common/core/src/ux_device_stack_configuration_set.c **** 
 344              		.loc 1 259 13 view .LVU127
 259:Middlewares/ST/usbx/common/core/src/ux_device_stack_configuration_set.c **** 
 345              		.loc 1 259 44 is_stmt 0 view .LVU128
 346 0122 94F802B0 		ldrb	fp, [r4, #2]	@ zero_extendqisi2
 347              	.LVL38:
 262:Middlewares/ST/usbx/common/core/src/ux_device_stack_configuration_set.c ****         }
 348              		.loc 1 262 13 is_stmt 1 view .LVU129
 262:Middlewares/ST/usbx/common/core/src/ux_device_stack_configuration_set.c ****         }
 349              		.loc 1 262 46 is_stmt 0 view .LVU130
 350 0126 94F80390 		ldrb	r9, [r4, #3]	@ zero_extendqisi2
 351              	.LVL39:
 256:Middlewares/ST/usbx/common/core/src/ux_device_stack_configuration_set.c **** 
 352              		.loc 1 256 22 view .LVU131
 353 012a 4FF0010A 		mov	r10, #1
 354 012e ECE7     		b	.L13
 355              	.LVL40:
 356              	.L28:
 270:Middlewares/ST/usbx/common/core/src/ux_device_stack_configuration_set.c ****                         _ux_system_interface_descriptor_structure,
 357              		.loc 1 270 13 is_stmt 1 view .LVU132
 358 0130 11AB     		add	r3, sp, #68
 359              	.LVL41:
 270:Middlewares/ST/usbx/common/core/src/ux_device_stack_configuration_set.c ****                         _ux_system_interface_descriptor_structure,
 360              		.loc 1 270 13 is_stmt 0 view .LVU133
 361 0132 0922     		movs	r2, #9
 362 0134 2B49     		ldr	r1, .L33+8
 363 0136 2046     		mov	r0, r4
 364 0138 FFF7FEFF 		bl	_ux_utility_descriptor_parse
 365              	.LVL42:
 277:Middlewares/ST/usbx/common/core/src/ux_device_stack_configuration_set.c ****             {
 366              		.loc 1 277 13 is_stmt 1 view .LVU134
 277:Middlewares/ST/usbx/common/core/src/ux_device_stack_configuration_set.c ****             {
 367              		.loc 1 277 37 is_stmt 0 view .LVU135
 368 013c 149B     		ldr	r3, [sp, #80]
 277:Middlewares/ST/usbx/common/core/src/ux_device_stack_configuration_set.c ****             {
 369              		.loc 1 277 16 view .LVU136
 370 013e 002B     		cmp	r3, #0
 371 0140 E5D1     		bne	.L14
 281:Middlewares/ST/usbx/common/core/src/ux_device_stack_configuration_set.c ****                 {
 372              		.loc 1 281 17 is_stmt 1 view .LVU137
 281:Middlewares/ST/usbx/common/core/src/ux_device_stack_configuration_set.c ****                 {
 373              		.loc 1 281 20 is_stmt 0 view .LVU138
 374 0142 BAF1010F 		cmp	r10, #1
 375 0146 0CD0     		beq	.L30
 345:Middlewares/ST/usbx/common/core/src/ux_device_stack_configuration_set.c **** 
 376              		.loc 1 345 21 is_stmt 1 view .LVU139
 345:Middlewares/ST/usbx/common/core/src/ux_device_stack_configuration_set.c **** 
 377              		.loc 1 345 52 is_stmt 0 view .LVU140
 378 0148 244B     		ldr	r3, .L33
 379 014a 1A68     		ldr	r2, [r3]
 345:Middlewares/ST/usbx/common/core/src/ux_device_stack_configuration_set.c **** 
 380              		.loc 1 345 32 view .LVU141
ARM GAS  /tmp/ccABtzoq.s 			page 16


 381 014c D2F85831 		ldr	r3, [r2, #344]
 382              	.LVL43:
 354:Middlewares/ST/usbx/common/core/src/ux_device_stack_configuration_set.c ****                         {
 383              		.loc 1 354 25 is_stmt 1 view .LVU142
 354:Middlewares/ST/usbx/common/core/src/ux_device_stack_configuration_set.c ****                         {
 384              		.loc 1 354 40 is_stmt 0 view .LVU143
 385 0150 196C     		ldr	r1, [r3, #64]
 354:Middlewares/ST/usbx/common/core/src/ux_device_stack_configuration_set.c ****                         {
 386              		.loc 1 354 28 view .LVU144
 387 0152 0129     		cmp	r1, #1
 388 0154 29D0     		beq	.L31
 389              	.LVL44:
 390              	.L18:
 380:Middlewares/ST/usbx/common/core/src/ux_device_stack_configuration_set.c ****             }
 391              		.loc 1 380 17 is_stmt 1 view .LVU145
 392 0156 0022     		movs	r2, #0
 393 0158 2946     		mov	r1, r5
 394 015a 2046     		mov	r0, r4
 395 015c FFF7FEFF 		bl	_ux_device_stack_interface_set
 396              	.LVL45:
 397 0160 D5E7     		b	.L14
 398              	.L30:
 286:Middlewares/ST/usbx/common/core/src/ux_device_stack_configuration_set.c ****                     {
 399              		.loc 1 286 21 view .LVU146
 286:Middlewares/ST/usbx/common/core/src/ux_device_stack_configuration_set.c ****                     {
 400              		.loc 1 286 45 is_stmt 0 view .LVU147
 401 0162 139B     		ldr	r3, [sp, #76]
 286:Middlewares/ST/usbx/common/core/src/ux_device_stack_configuration_set.c ****                     {
 402              		.loc 1 286 24 view .LVU148
 403 0164 5B45     		cmp	r3, fp
 404 0166 0BD0     		beq	.L32
 329:Middlewares/ST/usbx/common/core/src/ux_device_stack_configuration_set.c **** 
 405              		.loc 1 329 25 is_stmt 1 view .LVU149
 329:Middlewares/ST/usbx/common/core/src/ux_device_stack_configuration_set.c **** 
 406              		.loc 1 329 42 is_stmt 0 view .LVU150
 407 0168 1C4A     		ldr	r2, .L33
 408 016a 1268     		ldr	r2, [r2]
 329:Middlewares/ST/usbx/common/core/src/ux_device_stack_configuration_set.c **** 
 409              		.loc 1 329 122 view .LVU151
 410 016c 5633     		adds	r3, r3, #86
 411 016e 02EB8303 		add	r3, r2, r3, lsl #2
 412 0172 059A     		ldr	r2, [sp, #20]
 413 0174 5A60     		str	r2, [r3, #4]
 414              	.L17:
 332:Middlewares/ST/usbx/common/core/src/ux_device_stack_configuration_set.c **** 
 415              		.loc 1 332 21 is_stmt 1 view .LVU152
 416              	.LVL46:
 335:Middlewares/ST/usbx/common/core/src/ux_device_stack_configuration_set.c **** 
 417              		.loc 1 335 21 view .LVU153
 335:Middlewares/ST/usbx/common/core/src/ux_device_stack_configuration_set.c **** 
 418              		.loc 1 335 24 is_stmt 0 view .LVU154
 419 0176 B9F10109 		subs	r9, r9, #1
 420              	.LVL47:
 335:Middlewares/ST/usbx/common/core/src/ux_device_stack_configuration_set.c **** 
 421              		.loc 1 335 24 view .LVU155
 422 017a ECD1     		bne	.L18
 338:Middlewares/ST/usbx/common/core/src/ux_device_stack_configuration_set.c **** 
ARM GAS  /tmp/ccABtzoq.s 			page 17


 423              		.loc 1 338 34 view .LVU156
 424 017c CA46     		mov	r10, r9
 425              	.LVL48:
 338:Middlewares/ST/usbx/common/core/src/ux_device_stack_configuration_set.c **** 
 426              		.loc 1 338 34 view .LVU157
 427 017e EAE7     		b	.L18
 428              	.LVL49:
 429              	.L32:
 290:Middlewares/ST/usbx/common/core/src/ux_device_stack_configuration_set.c **** 
 430              		.loc 1 290 25 is_stmt 1 view .LVU158
 290:Middlewares/ST/usbx/common/core/src/ux_device_stack_configuration_set.c **** 
 431              		.loc 1 290 56 is_stmt 0 view .LVU159
 432 0180 164A     		ldr	r2, .L33
 433 0182 1168     		ldr	r1, [r2]
 290:Middlewares/ST/usbx/common/core/src/ux_device_stack_configuration_set.c **** 
 434              		.loc 1 290 36 view .LVU160
 435 0184 D1F85821 		ldr	r2, [r1, #344]
 436              	.LVL50:
 299:Middlewares/ST/usbx/common/core/src/ux_device_stack_configuration_set.c ****                             {
 437              		.loc 1 299 29 is_stmt 1 view .LVU161
 299:Middlewares/ST/usbx/common/core/src/ux_device_stack_configuration_set.c ****                             {
 438              		.loc 1 299 44 is_stmt 0 view .LVU162
 439 0188 106C     		ldr	r0, [r2, #64]
 299:Middlewares/ST/usbx/common/core/src/ux_device_stack_configuration_set.c ****                             {
 440              		.loc 1 299 32 view .LVU163
 441 018a 0128     		cmp	r0, #1
 442 018c F3D1     		bne	.L17
 303:Middlewares/ST/usbx/common/core/src/ux_device_stack_configuration_set.c ****                                     (configuration_value == class_inst -> ux_slave_class_configurat
 443              		.loc 1 303 33 is_stmt 1 view .LVU164
 303:Middlewares/ST/usbx/common/core/src/ux_device_stack_configuration_set.c ****                                     (configuration_value == class_inst -> ux_slave_class_configurat
 444              		.loc 1 303 90 is_stmt 0 view .LVU165
 445 018e D2F80801 		ldr	r0, [r2, #264]
 303:Middlewares/ST/usbx/common/core/src/ux_device_stack_configuration_set.c ****                                     (configuration_value == class_inst -> ux_slave_class_configurat
 446              		.loc 1 303 36 view .LVU166
 447 0192 8342     		cmp	r3, r0
 448 0194 EFD1     		bne	.L17
 304:Middlewares/ST/usbx/common/core/src/ux_device_stack_configuration_set.c ****                                 {
 449              		.loc 1 304 72 view .LVU167
 450 0196 D2F80C01 		ldr	r0, [r2, #268]
 303:Middlewares/ST/usbx/common/core/src/ux_device_stack_configuration_set.c ****                                     (configuration_value == class_inst -> ux_slave_class_configurat
 451              		.loc 1 303 126 discriminator 1 view .LVU168
 452 019a B042     		cmp	r0, r6
 453 019c EBD1     		bne	.L17
 308:Middlewares/ST/usbx/common/core/src/ux_device_stack_configuration_set.c **** 
 454              		.loc 1 308 37 is_stmt 1 view .LVU169
 308:Middlewares/ST/usbx/common/core/src/ux_device_stack_configuration_set.c **** 
 455              		.loc 1 308 134 is_stmt 0 view .LVU170
 456 019e 5633     		adds	r3, r3, #86
 457 01a0 01EB8301 		add	r1, r1, r3, lsl #2
 458 01a4 4A60     		str	r2, [r1, #4]
 311:Middlewares/ST/usbx/common/core/src/ux_device_stack_configuration_set.c **** 
 459              		.loc 1 311 37 is_stmt 1 view .LVU171
 460              	.LVL51:
 311:Middlewares/ST/usbx/common/core/src/ux_device_stack_configuration_set.c **** 
 461              		.loc 1 311 51 is_stmt 0 view .LVU172
 462 01a6 0592     		str	r2, [sp, #20]
 463 01a8 E5E7     		b	.L17
ARM GAS  /tmp/ccABtzoq.s 			page 18


 464              	.LVL52:
 465              	.L31:
 358:Middlewares/ST/usbx/common/core/src/ux_device_stack_configuration_set.c ****                                     (configuration_value == class_inst -> ux_slave_class_configurat
 466              		.loc 1 358 29 is_stmt 1 view .LVU173
 358:Middlewares/ST/usbx/common/core/src/ux_device_stack_configuration_set.c ****                                     (configuration_value == class_inst -> ux_slave_class_configurat
 467              		.loc 1 358 54 is_stmt 0 view .LVU174
 468 01aa 1399     		ldr	r1, [sp, #76]
 358:Middlewares/ST/usbx/common/core/src/ux_device_stack_configuration_set.c ****                                     (configuration_value == class_inst -> ux_slave_class_configurat
 469              		.loc 1 358 86 view .LVU175
 470 01ac D3F80801 		ldr	r0, [r3, #264]
 358:Middlewares/ST/usbx/common/core/src/ux_device_stack_configuration_set.c ****                                     (configuration_value == class_inst -> ux_slave_class_configurat
 471              		.loc 1 358 32 view .LVU176
 472 01b0 8142     		cmp	r1, r0
 473 01b2 D0D1     		bne	.L18
 359:Middlewares/ST/usbx/common/core/src/ux_device_stack_configuration_set.c ****                             {
 474              		.loc 1 359 72 view .LVU177
 475 01b4 D3F80C01 		ldr	r0, [r3, #268]
 358:Middlewares/ST/usbx/common/core/src/ux_device_stack_configuration_set.c ****                                     (configuration_value == class_inst -> ux_slave_class_configurat
 476              		.loc 1 358 122 discriminator 1 view .LVU178
 477 01b8 B042     		cmp	r0, r6
 478 01ba CCD1     		bne	.L18
 363:Middlewares/ST/usbx/common/core/src/ux_device_stack_configuration_set.c **** 
 479              		.loc 1 363 33 is_stmt 1 view .LVU179
 363:Middlewares/ST/usbx/common/core/src/ux_device_stack_configuration_set.c **** 
 480              		.loc 1 363 130 is_stmt 0 view .LVU180
 481 01bc 5631     		adds	r1, r1, #86
 482 01be 02EB8102 		add	r2, r2, r1, lsl #2
 483 01c2 5360     		str	r3, [r2, #4]
 484 01c4 C7E7     		b	.L18
 485              	.LVL53:
 486              	.L29:
 392:Middlewares/ST/usbx/common/core/src/ux_device_stack_configuration_set.c **** 
 487              		.loc 1 392 5 is_stmt 1 view .LVU181
 392:Middlewares/ST/usbx/common/core/src/ux_device_stack_configuration_set.c **** 
 488              		.loc 1 392 37 is_stmt 0 view .LVU182
 489 01c6 0322     		movs	r2, #3
 490 01c8 3A62     		str	r2, [r7, #32]
 395:Middlewares/ST/usbx/common/core/src/ux_device_stack_configuration_set.c **** 
 491              		.loc 1 395 5 is_stmt 1 view .LVU183
 395:Middlewares/ST/usbx/common/core/src/ux_device_stack_configuration_set.c **** 
 492              		.loc 1 395 9 is_stmt 0 view .LVU184
 493 01ca BB69     		ldr	r3, [r7, #24]
 395:Middlewares/ST/usbx/common/core/src/ux_device_stack_configuration_set.c **** 
 494              		.loc 1 395 5 view .LVU185
 495 01cc 1321     		movs	r1, #19
 496 01ce 3846     		mov	r0, r7
 497 01d0 9847     		blx	r3
 498              	.LVL54:
 398:Middlewares/ST/usbx/common/core/src/ux_device_stack_configuration_set.c **** }
 499              		.loc 1 398 5 is_stmt 1 view .LVU186
 398:Middlewares/ST/usbx/common/core/src/ux_device_stack_configuration_set.c **** }
 500              		.loc 1 398 11 is_stmt 0 view .LVU187
 501 01d2 76E7     		b	.L1
 502              	.LVL55:
 503              	.L20:
 121:Middlewares/ST/usbx/common/core/src/ux_device_stack_configuration_set.c **** 
 504              		.loc 1 121 15 view .LVU188
ARM GAS  /tmp/ccABtzoq.s 			page 19


 505 01d4 0025     		movs	r5, #0
 506 01d6 74E7     		b	.L1
 507              	.LVL56:
 508              	.L21:
 161:Middlewares/ST/usbx/common/core/src/ux_device_stack_configuration_set.c **** 
 509              		.loc 1 161 15 view .LVU189
 510 01d8 FF25     		movs	r5, #255
 511 01da 72E7     		b	.L1
 512              	.L34:
 513              		.align	2
 514              	.L33:
 515 01dc 00000000 		.word	_ux_system_slave
 516 01e0 00000000 		.word	_ux_system_configuration_descriptor_structure
 517 01e4 00000000 		.word	_ux_system_interface_descriptor_structure
 518              		.cfi_endproc
 519              	.LFE11:
 521              		.text
 522              	.Letext0:
 523              		.file 2 "Middlewares/ST/threadx/ports/cortex_m7/gnu/inc/tx_port.h"
 524              		.file 3 "Middlewares/ST/threadx/common/inc/tx_api.h"
 525              		.file 4 "Middlewares/ST/threadx/common/inc/tx_trace.h"
 526              		.file 5 "Middlewares/ST/usbx/common/core/inc/ux_api.h"
 527              		.file 6 "Middlewares/ST/usbx/common/core/inc/ux_system.h"
 528              		.file 7 "Middlewares/ST/usbx/common/core/inc/ux_device_stack.h"
 529              		.file 8 "Middlewares/ST/usbx/common/core/inc/ux_utility.h"
 530              		.file 9 "<built-in>"
ARM GAS  /tmp/ccABtzoq.s 			page 20


DEFINED SYMBOLS
                            *ABS*:00000000 ux_device_stack_configuration_set.c
     /tmp/ccABtzoq.s:20     .text._ux_device_stack_configuration_set:00000000 $t
     /tmp/ccABtzoq.s:26     .text._ux_device_stack_configuration_set:00000000 _ux_device_stack_configuration_set
     /tmp/ccABtzoq.s:515    .text._ux_device_stack_configuration_set:000001dc $d

UNDEFINED SYMBOLS
memset
_ux_trace_event_insert
_ux_utility_descriptor_parse
_ux_device_stack_interface_delete
_ux_device_stack_interface_set
_ux_system_slave
_ux_system_configuration_descriptor_structure
_ux_system_interface_descriptor_structure
