ARM GAS  /tmp/ccyq2rqq.s 			page 1


   1              		.cpu cortex-m7
   2              		.arch armv7e-m
   3              		.fpu fpv5-d16
   4              		.eabi_attribute 28, 1
   5              		.eabi_attribute 20, 1
   6              		.eabi_attribute 21, 1
   7              		.eabi_attribute 23, 3
   8              		.eabi_attribute 24, 1
   9              		.eabi_attribute 25, 1
  10              		.eabi_attribute 26, 1
  11              		.eabi_attribute 30, 1
  12              		.eabi_attribute 34, 1
  13              		.eabi_attribute 18, 4
  14              		.file	"ux_device_class_storage_mode_sense.c"
  15              		.text
  16              	.Ltext0:
  17              		.cfi_sections	.debug_frame
  18              		.file 1 "Middlewares/ST/usbx/common/usbx_device_classes/src/ux_device_class_storage_mode_sense.c"
  19              		.section	.text._ux_device_class_storage_mode_sense,"ax",%progbits
  20              		.align	1
  21              		.global	_ux_device_class_storage_mode_sense
  22              		.syntax unified
  23              		.thumb
  24              		.thumb_func
  26              	_ux_device_class_storage_mode_sense:
  27              	.LVL0:
  28              	.LFB11:
   1:Middlewares/ST/usbx/common/usbx_device_classes/src/ux_device_class_storage_mode_sense.c **** /**************************************************************************/
   2:Middlewares/ST/usbx/common/usbx_device_classes/src/ux_device_class_storage_mode_sense.c **** /*                                                                        */
   3:Middlewares/ST/usbx/common/usbx_device_classes/src/ux_device_class_storage_mode_sense.c **** /*       Copyright (c) Microsoft Corporation. All rights reserved.        */
   4:Middlewares/ST/usbx/common/usbx_device_classes/src/ux_device_class_storage_mode_sense.c **** /*                                                                        */
   5:Middlewares/ST/usbx/common/usbx_device_classes/src/ux_device_class_storage_mode_sense.c **** /*       This software is licensed under the Microsoft Software License   */
   6:Middlewares/ST/usbx/common/usbx_device_classes/src/ux_device_class_storage_mode_sense.c **** /*       Terms for Microsoft Azure RTOS. Full text of the license can be  */
   7:Middlewares/ST/usbx/common/usbx_device_classes/src/ux_device_class_storage_mode_sense.c **** /*       found in the LICENSE file at https://aka.ms/AzureRTOS_EULA       */
   8:Middlewares/ST/usbx/common/usbx_device_classes/src/ux_device_class_storage_mode_sense.c **** /*       and in the root directory of this software.                      */
   9:Middlewares/ST/usbx/common/usbx_device_classes/src/ux_device_class_storage_mode_sense.c **** /*                                                                        */
  10:Middlewares/ST/usbx/common/usbx_device_classes/src/ux_device_class_storage_mode_sense.c **** /**************************************************************************/
  11:Middlewares/ST/usbx/common/usbx_device_classes/src/ux_device_class_storage_mode_sense.c **** 
  12:Middlewares/ST/usbx/common/usbx_device_classes/src/ux_device_class_storage_mode_sense.c **** 
  13:Middlewares/ST/usbx/common/usbx_device_classes/src/ux_device_class_storage_mode_sense.c **** /**************************************************************************/
  14:Middlewares/ST/usbx/common/usbx_device_classes/src/ux_device_class_storage_mode_sense.c **** /**************************************************************************/
  15:Middlewares/ST/usbx/common/usbx_device_classes/src/ux_device_class_storage_mode_sense.c **** /**                                                                       */ 
  16:Middlewares/ST/usbx/common/usbx_device_classes/src/ux_device_class_storage_mode_sense.c **** /** USBX Component                                                        */ 
  17:Middlewares/ST/usbx/common/usbx_device_classes/src/ux_device_class_storage_mode_sense.c **** /**                                                                       */
  18:Middlewares/ST/usbx/common/usbx_device_classes/src/ux_device_class_storage_mode_sense.c **** /**   Device Storage Class                                                */
  19:Middlewares/ST/usbx/common/usbx_device_classes/src/ux_device_class_storage_mode_sense.c **** /**                                                                       */
  20:Middlewares/ST/usbx/common/usbx_device_classes/src/ux_device_class_storage_mode_sense.c **** /**************************************************************************/
  21:Middlewares/ST/usbx/common/usbx_device_classes/src/ux_device_class_storage_mode_sense.c **** /**************************************************************************/
  22:Middlewares/ST/usbx/common/usbx_device_classes/src/ux_device_class_storage_mode_sense.c **** 
  23:Middlewares/ST/usbx/common/usbx_device_classes/src/ux_device_class_storage_mode_sense.c **** #define UX_SOURCE_CODE
  24:Middlewares/ST/usbx/common/usbx_device_classes/src/ux_device_class_storage_mode_sense.c **** 
  25:Middlewares/ST/usbx/common/usbx_device_classes/src/ux_device_class_storage_mode_sense.c **** 
  26:Middlewares/ST/usbx/common/usbx_device_classes/src/ux_device_class_storage_mode_sense.c **** /* Include necessary system files.  */
  27:Middlewares/ST/usbx/common/usbx_device_classes/src/ux_device_class_storage_mode_sense.c **** 
  28:Middlewares/ST/usbx/common/usbx_device_classes/src/ux_device_class_storage_mode_sense.c **** #include "ux_api.h"
  29:Middlewares/ST/usbx/common/usbx_device_classes/src/ux_device_class_storage_mode_sense.c **** #include "ux_device_class_storage.h"
  30:Middlewares/ST/usbx/common/usbx_device_classes/src/ux_device_class_storage_mode_sense.c **** #include "ux_device_stack.h"
ARM GAS  /tmp/ccyq2rqq.s 			page 2


  31:Middlewares/ST/usbx/common/usbx_device_classes/src/ux_device_class_storage_mode_sense.c **** 
  32:Middlewares/ST/usbx/common/usbx_device_classes/src/ux_device_class_storage_mode_sense.c **** #ifdef UX_SLAVE_CLASS_STORAGE_INCLUDE_MMC
  33:Middlewares/ST/usbx/common/usbx_device_classes/src/ux_device_class_storage_mode_sense.c **** #define USBX_DEVICE_CLASS_STORAGE_MODE_SENSE_PAGE_CDROM_LENGTH (0x42 + 2)
  34:Middlewares/ST/usbx/common/usbx_device_classes/src/ux_device_class_storage_mode_sense.c **** UCHAR usbx_device_class_storage_mode_sense_page_cdrom[USBX_DEVICE_CLASS_STORAGE_MODE_SENSE_PAGE_CDR
  35:Middlewares/ST/usbx/common/usbx_device_classes/src/ux_device_class_storage_mode_sense.c **** 
  36:Middlewares/ST/usbx/common/usbx_device_classes/src/ux_device_class_storage_mode_sense.c ****     0x2A, 0x42, 0x3F, 0x37, 0xF1, 0x77, 0x29, 0x23,
  37:Middlewares/ST/usbx/common/usbx_device_classes/src/ux_device_class_storage_mode_sense.c ****     0x10, 0x89, 0x01, 0x00, 0x02, 0x00, 0x05, 0x84, 
  38:Middlewares/ST/usbx/common/usbx_device_classes/src/ux_device_class_storage_mode_sense.c ****     0x00, 0x10, 0x10, 0x89, 0x00, 0x00, 0x00, 0x01,
  39:Middlewares/ST/usbx/common/usbx_device_classes/src/ux_device_class_storage_mode_sense.c ****     0x00, 0x00, 0x00, 0x00, 0x00, 0x00, 0x00, 0x00, 
  40:Middlewares/ST/usbx/common/usbx_device_classes/src/ux_device_class_storage_mode_sense.c ****     0x00, 0x00, 0x00, 0x00, 0x00, 0x00, 0x00, 0x00,
  41:Middlewares/ST/usbx/common/usbx_device_classes/src/ux_device_class_storage_mode_sense.c ****     0x00, 0x00, 0x00, 0x00, 0x00, 0x00, 0x00, 0x00, 
  42:Middlewares/ST/usbx/common/usbx_device_classes/src/ux_device_class_storage_mode_sense.c ****     0x00, 0x00, 0x00, 0x00, 0x00, 0x00, 0x00, 0x00,
  43:Middlewares/ST/usbx/common/usbx_device_classes/src/ux_device_class_storage_mode_sense.c ****     0x00, 0x00, 0x00, 0x00, 0x00, 0x00, 0x00, 0x00, 
  44:Middlewares/ST/usbx/common/usbx_device_classes/src/ux_device_class_storage_mode_sense.c ****     0x00, 0x00, 0x00, 0x00
  45:Middlewares/ST/usbx/common/usbx_device_classes/src/ux_device_class_storage_mode_sense.c **** 
  46:Middlewares/ST/usbx/common/usbx_device_classes/src/ux_device_class_storage_mode_sense.c **** };
  47:Middlewares/ST/usbx/common/usbx_device_classes/src/ux_device_class_storage_mode_sense.c **** #else
  48:Middlewares/ST/usbx/common/usbx_device_classes/src/ux_device_class_storage_mode_sense.c **** #define USBX_DEVICE_CLASS_STORAGE_MODE_SENSE_PAGE_CDROM_LENGTH (0)
  49:Middlewares/ST/usbx/common/usbx_device_classes/src/ux_device_class_storage_mode_sense.c **** #endif
  50:Middlewares/ST/usbx/common/usbx_device_classes/src/ux_device_class_storage_mode_sense.c **** #define USBX_DEVICE_CLASS_STORAGE_MODE_SENSE_PAGE_CACHE_LENGTH (UX_SLAVE_CLASS_STORAGE_CACHING_MODE
  51:Middlewares/ST/usbx/common/usbx_device_classes/src/ux_device_class_storage_mode_sense.c **** #define USBX_DEVICE_CLASS_STORAGE_MODE_SENSE_PAGE_IEC_LENGTH   (UX_SLAVE_CLASS_STORAGE_IEC_MODE_PAG
  52:Middlewares/ST/usbx/common/usbx_device_classes/src/ux_device_class_storage_mode_sense.c **** 
  53:Middlewares/ST/usbx/common/usbx_device_classes/src/ux_device_class_storage_mode_sense.c **** /* Ensure sense pages can fit in the bulk in endpoint's transfer buffer.  */
  54:Middlewares/ST/usbx/common/usbx_device_classes/src/ux_device_class_storage_mode_sense.c **** #define USBX_DEVICE_CLASS_STORAGE_MODE_SENSE_PAGE_ALL_RESPONSE_LENGTH (    \
  55:Middlewares/ST/usbx/common/usbx_device_classes/src/ux_device_class_storage_mode_sense.c ****     UX_SLAVE_CLASS_STORAGE_MODE_SENSE_PARAMETER_HEADER_LENGTH_10 +         \
  56:Middlewares/ST/usbx/common/usbx_device_classes/src/ux_device_class_storage_mode_sense.c ****     USBX_DEVICE_CLASS_STORAGE_MODE_SENSE_PAGE_CDROM_LENGTH +               \
  57:Middlewares/ST/usbx/common/usbx_device_classes/src/ux_device_class_storage_mode_sense.c ****     USBX_DEVICE_CLASS_STORAGE_MODE_SENSE_PAGE_CACHE_LENGTH +               \
  58:Middlewares/ST/usbx/common/usbx_device_classes/src/ux_device_class_storage_mode_sense.c ****     USBX_DEVICE_CLASS_STORAGE_MODE_SENSE_PAGE_IEC_LENGTH)
  59:Middlewares/ST/usbx/common/usbx_device_classes/src/ux_device_class_storage_mode_sense.c **** #if USBX_DEVICE_CLASS_STORAGE_MODE_SENSE_PAGE_ALL_RESPONSE_LENGTH > UX_SLAVE_REQUEST_DATA_MAX_LENGT
  60:Middlewares/ST/usbx/common/usbx_device_classes/src/ux_device_class_storage_mode_sense.c **** #error "The maximum-sized MODE_SENSE response cannot fit inside the bulk in endpoint's data buffer.
  61:Middlewares/ST/usbx/common/usbx_device_classes/src/ux_device_class_storage_mode_sense.c **** #endif
  62:Middlewares/ST/usbx/common/usbx_device_classes/src/ux_device_class_storage_mode_sense.c **** 
  63:Middlewares/ST/usbx/common/usbx_device_classes/src/ux_device_class_storage_mode_sense.c **** /**************************************************************************/ 
  64:Middlewares/ST/usbx/common/usbx_device_classes/src/ux_device_class_storage_mode_sense.c **** /*                                                                        */ 
  65:Middlewares/ST/usbx/common/usbx_device_classes/src/ux_device_class_storage_mode_sense.c **** /*  FUNCTION                                               RELEASE        */ 
  66:Middlewares/ST/usbx/common/usbx_device_classes/src/ux_device_class_storage_mode_sense.c **** /*                                                                        */ 
  67:Middlewares/ST/usbx/common/usbx_device_classes/src/ux_device_class_storage_mode_sense.c **** /*    _ux_device_class_storage_mode_sense                 PORTABLE C      */ 
  68:Middlewares/ST/usbx/common/usbx_device_classes/src/ux_device_class_storage_mode_sense.c **** /*                                                           6.1.10       */
  69:Middlewares/ST/usbx/common/usbx_device_classes/src/ux_device_class_storage_mode_sense.c **** /*  AUTHOR                                                                */
  70:Middlewares/ST/usbx/common/usbx_device_classes/src/ux_device_class_storage_mode_sense.c **** /*                                                                        */
  71:Middlewares/ST/usbx/common/usbx_device_classes/src/ux_device_class_storage_mode_sense.c **** /*    Chaoqiong Xiao, Microsoft Corporation                               */
  72:Middlewares/ST/usbx/common/usbx_device_classes/src/ux_device_class_storage_mode_sense.c **** /*                                                                        */
  73:Middlewares/ST/usbx/common/usbx_device_classes/src/ux_device_class_storage_mode_sense.c **** /*  DESCRIPTION                                                           */
  74:Middlewares/ST/usbx/common/usbx_device_classes/src/ux_device_class_storage_mode_sense.c **** /*                                                                        */ 
  75:Middlewares/ST/usbx/common/usbx_device_classes/src/ux_device_class_storage_mode_sense.c **** /*    This function performs a MODE_SENSE SCSI command. It supports       */ 
  76:Middlewares/ST/usbx/common/usbx_device_classes/src/ux_device_class_storage_mode_sense.c **** /*    the standard page for the CD-ROM.                                   */ 
  77:Middlewares/ST/usbx/common/usbx_device_classes/src/ux_device_class_storage_mode_sense.c **** /*                                                                        */ 
  78:Middlewares/ST/usbx/common/usbx_device_classes/src/ux_device_class_storage_mode_sense.c **** /*  INPUT                                                                 */ 
  79:Middlewares/ST/usbx/common/usbx_device_classes/src/ux_device_class_storage_mode_sense.c **** /*                                                                        */ 
  80:Middlewares/ST/usbx/common/usbx_device_classes/src/ux_device_class_storage_mode_sense.c **** /*    storage                               Pointer to storage class      */ 
  81:Middlewares/ST/usbx/common/usbx_device_classes/src/ux_device_class_storage_mode_sense.c **** /*    endpoint_in                           Pointer to IN endpoint        */
  82:Middlewares/ST/usbx/common/usbx_device_classes/src/ux_device_class_storage_mode_sense.c **** /*    endpoint_out                          Pointer to OUT endpoint       */
  83:Middlewares/ST/usbx/common/usbx_device_classes/src/ux_device_class_storage_mode_sense.c **** /*    cbwcb                                 Pointer to CBWCB              */ 
  84:Middlewares/ST/usbx/common/usbx_device_classes/src/ux_device_class_storage_mode_sense.c **** /*                                                                        */ 
  85:Middlewares/ST/usbx/common/usbx_device_classes/src/ux_device_class_storage_mode_sense.c **** /*  OUTPUT                                                                */ 
  86:Middlewares/ST/usbx/common/usbx_device_classes/src/ux_device_class_storage_mode_sense.c **** /*                                                                        */ 
  87:Middlewares/ST/usbx/common/usbx_device_classes/src/ux_device_class_storage_mode_sense.c **** /*    Completion Status                                                   */ 
ARM GAS  /tmp/ccyq2rqq.s 			page 3


  88:Middlewares/ST/usbx/common/usbx_device_classes/src/ux_device_class_storage_mode_sense.c **** /*                                                                        */ 
  89:Middlewares/ST/usbx/common/usbx_device_classes/src/ux_device_class_storage_mode_sense.c **** /*  CALLS                                                                 */ 
  90:Middlewares/ST/usbx/common/usbx_device_classes/src/ux_device_class_storage_mode_sense.c **** /*                                                                        */ 
  91:Middlewares/ST/usbx/common/usbx_device_classes/src/ux_device_class_storage_mode_sense.c **** /*    _ux_device_stack_transfer_request     Transfer request              */ 
  92:Middlewares/ST/usbx/common/usbx_device_classes/src/ux_device_class_storage_mode_sense.c **** /*    _ux_device_class_storage_csw_send     Send CSW                      */ 
  93:Middlewares/ST/usbx/common/usbx_device_classes/src/ux_device_class_storage_mode_sense.c **** /*    _ux_utility_short_get_big_endian      Get 16-bit big endian         */
  94:Middlewares/ST/usbx/common/usbx_device_classes/src/ux_device_class_storage_mode_sense.c **** /*    _ux_utility_short_put_big_endian      Put 16-bit big endian         */
  95:Middlewares/ST/usbx/common/usbx_device_classes/src/ux_device_class_storage_mode_sense.c **** /*    _ux_utility_memory_set                Set memory                    */
  96:Middlewares/ST/usbx/common/usbx_device_classes/src/ux_device_class_storage_mode_sense.c **** /*    _ux_utility_memory_copy               Copy memory                   */
  97:Middlewares/ST/usbx/common/usbx_device_classes/src/ux_device_class_storage_mode_sense.c **** /*                                                                        */ 
  98:Middlewares/ST/usbx/common/usbx_device_classes/src/ux_device_class_storage_mode_sense.c **** /*  CALLED BY                                                             */ 
  99:Middlewares/ST/usbx/common/usbx_device_classes/src/ux_device_class_storage_mode_sense.c **** /*                                                                        */ 
 100:Middlewares/ST/usbx/common/usbx_device_classes/src/ux_device_class_storage_mode_sense.c **** /*    Device Storage Class                                                */
 101:Middlewares/ST/usbx/common/usbx_device_classes/src/ux_device_class_storage_mode_sense.c **** /*                                                                        */ 
 102:Middlewares/ST/usbx/common/usbx_device_classes/src/ux_device_class_storage_mode_sense.c **** /*  RELEASE HISTORY                                                       */ 
 103:Middlewares/ST/usbx/common/usbx_device_classes/src/ux_device_class_storage_mode_sense.c **** /*                                                                        */ 
 104:Middlewares/ST/usbx/common/usbx_device_classes/src/ux_device_class_storage_mode_sense.c **** /*    DATE              NAME                      DESCRIPTION             */ 
 105:Middlewares/ST/usbx/common/usbx_device_classes/src/ux_device_class_storage_mode_sense.c **** /*                                                                        */ 
 106:Middlewares/ST/usbx/common/usbx_device_classes/src/ux_device_class_storage_mode_sense.c **** /*  05-19-2020     Chaoqiong Xiao           Initial Version 6.0           */
 107:Middlewares/ST/usbx/common/usbx_device_classes/src/ux_device_class_storage_mode_sense.c **** /*  09-30-2020     Chaoqiong Xiao           Modified comment(s),          */
 108:Middlewares/ST/usbx/common/usbx_device_classes/src/ux_device_class_storage_mode_sense.c **** /*                                            optimized command logic,    */
 109:Middlewares/ST/usbx/common/usbx_device_classes/src/ux_device_class_storage_mode_sense.c **** /*                                            verified memset and memcpy  */
 110:Middlewares/ST/usbx/common/usbx_device_classes/src/ux_device_class_storage_mode_sense.c **** /*                                            cases,                      */
 111:Middlewares/ST/usbx/common/usbx_device_classes/src/ux_device_class_storage_mode_sense.c **** /*                                            resulting in version 6.1    */
 112:Middlewares/ST/usbx/common/usbx_device_classes/src/ux_device_class_storage_mode_sense.c **** /*  01-31-2022     Chaoqiong Xiao           Modified comment(s),          */
 113:Middlewares/ST/usbx/common/usbx_device_classes/src/ux_device_class_storage_mode_sense.c **** /*                                            added standalone support,   */
 114:Middlewares/ST/usbx/common/usbx_device_classes/src/ux_device_class_storage_mode_sense.c **** /*                                            resulting in version 6.1.10 */
 115:Middlewares/ST/usbx/common/usbx_device_classes/src/ux_device_class_storage_mode_sense.c **** /*                                                                        */
 116:Middlewares/ST/usbx/common/usbx_device_classes/src/ux_device_class_storage_mode_sense.c **** /**************************************************************************/
 117:Middlewares/ST/usbx/common/usbx_device_classes/src/ux_device_class_storage_mode_sense.c **** UINT  _ux_device_class_storage_mode_sense(UX_SLAVE_CLASS_STORAGE *storage, 
 118:Middlewares/ST/usbx/common/usbx_device_classes/src/ux_device_class_storage_mode_sense.c ****                       ULONG               lun, 
 119:Middlewares/ST/usbx/common/usbx_device_classes/src/ux_device_class_storage_mode_sense.c ****                       UX_SLAVE_ENDPOINT   *endpoint_in,
 120:Middlewares/ST/usbx/common/usbx_device_classes/src/ux_device_class_storage_mode_sense.c ****                       UX_SLAVE_ENDPOINT   *endpoint_out, 
 121:Middlewares/ST/usbx/common/usbx_device_classes/src/ux_device_class_storage_mode_sense.c ****                       UCHAR               *cbwcb)
 122:Middlewares/ST/usbx/common/usbx_device_classes/src/ux_device_class_storage_mode_sense.c **** {
  29              		.loc 1 122 1 view -0
  30              		.cfi_startproc
  31              		@ args = 4, pretend = 0, frame = 8
  32              		@ frame_needed = 0, uses_anonymous_args = 0
  33              		.loc 1 122 1 is_stmt 0 view .LVU1
  34 0000 2DE9F04F 		push	{r4, r5, r6, r7, r8, r9, r10, fp, lr}
  35              	.LCFI0:
  36              		.cfi_def_cfa_offset 36
  37              		.cfi_offset 4, -36
  38              		.cfi_offset 5, -32
  39              		.cfi_offset 6, -28
  40              		.cfi_offset 7, -24
  41              		.cfi_offset 8, -20
  42              		.cfi_offset 9, -16
  43              		.cfi_offset 10, -12
  44              		.cfi_offset 11, -8
  45              		.cfi_offset 14, -4
  46 0004 87B0     		sub	sp, sp, #28
  47              	.LCFI1:
  48              		.cfi_def_cfa_offset 64
  49 0006 0646     		mov	r6, r0
  50 0008 0C46     		mov	r4, r1
ARM GAS  /tmp/ccyq2rqq.s 			page 4


  51 000a 1546     		mov	r5, r2
  52 000c 109F     		ldr	r7, [sp, #64]
 123:Middlewares/ST/usbx/common/usbx_device_classes/src/ux_device_class_storage_mode_sense.c **** 
 124:Middlewares/ST/usbx/common/usbx_device_classes/src/ux_device_class_storage_mode_sense.c **** UINT                    status;
  53              		.loc 1 124 1 is_stmt 1 view .LVU2
 125:Middlewares/ST/usbx/common/usbx_device_classes/src/ux_device_class_storage_mode_sense.c **** UX_SLAVE_TRANSFER       *transfer_request;
  54              		.loc 1 125 1 view .LVU3
 126:Middlewares/ST/usbx/common/usbx_device_classes/src/ux_device_class_storage_mode_sense.c **** ULONG                   mode_sense_reply_length;
  55              		.loc 1 126 1 view .LVU4
 127:Middlewares/ST/usbx/common/usbx_device_classes/src/ux_device_class_storage_mode_sense.c **** ULONG                   page_code;
  56              		.loc 1 127 1 view .LVU5
 128:Middlewares/ST/usbx/common/usbx_device_classes/src/ux_device_class_storage_mode_sense.c **** ULONG                   mode_sense_command;
  57              		.loc 1 128 1 view .LVU6
 129:Middlewares/ST/usbx/common/usbx_device_classes/src/ux_device_class_storage_mode_sense.c **** UCHAR                   read_only_flag;
  58              		.loc 1 129 1 view .LVU7
 130:Middlewares/ST/usbx/common/usbx_device_classes/src/ux_device_class_storage_mode_sense.c **** ULONG                   response_header_length;
  59              		.loc 1 130 1 view .LVU8
 131:Middlewares/ST/usbx/common/usbx_device_classes/src/ux_device_class_storage_mode_sense.c **** ULONG                   flags_index;
  60              		.loc 1 131 1 view .LVU9
 132:Middlewares/ST/usbx/common/usbx_device_classes/src/ux_device_class_storage_mode_sense.c **** ULONG                   mode_data_length;
  61              		.loc 1 132 1 view .LVU10
 133:Middlewares/ST/usbx/common/usbx_device_classes/src/ux_device_class_storage_mode_sense.c **** UCHAR                   *page_pointer;
  62              		.loc 1 133 1 view .LVU11
 134:Middlewares/ST/usbx/common/usbx_device_classes/src/ux_device_class_storage_mode_sense.c **** ULONG                   page_length;
  63              		.loc 1 134 1 view .LVU12
 135:Middlewares/ST/usbx/common/usbx_device_classes/src/ux_device_class_storage_mode_sense.c **** 
 136:Middlewares/ST/usbx/common/usbx_device_classes/src/ux_device_class_storage_mode_sense.c **** 
 137:Middlewares/ST/usbx/common/usbx_device_classes/src/ux_device_class_storage_mode_sense.c ****     UX_PARAMETER_NOT_USED(endpoint_out);
  64              		.loc 1 137 5 view .LVU13
 138:Middlewares/ST/usbx/common/usbx_device_classes/src/ux_device_class_storage_mode_sense.c **** 
 139:Middlewares/ST/usbx/common/usbx_device_classes/src/ux_device_class_storage_mode_sense.c ****     /* If trace is enabled, insert this event into the trace buffer.  */
 140:Middlewares/ST/usbx/common/usbx_device_classes/src/ux_device_class_storage_mode_sense.c ****     UX_TRACE_IN_LINE_INSERT(UX_TRACE_DEVICE_CLASS_STORAGE_MODE_SENSE, storage, lun, 0, 0, UX_TRACE_
  65              		.loc 1 140 5 view .LVU14
  66 000e 0023     		movs	r3, #0
  67              	.LVL1:
  68              		.loc 1 140 5 is_stmt 0 view .LVU15
  69 0010 0393     		str	r3, [sp, #12]
  70 0012 0293     		str	r3, [sp, #8]
  71 0014 4FF08042 		mov	r2, #1073741824
  72              	.LVL2:
  73              		.loc 1 140 5 view .LVU16
  74 0018 0192     		str	r2, [sp, #4]
  75 001a 0093     		str	r3, [sp]
  76 001c 0A46     		mov	r2, r1
  77 001e 0146     		mov	r1, r0
  78              	.LVL3:
  79              		.loc 1 140 5 view .LVU17
  80 0020 40F2CF30 		movw	r0, #975
  81              	.LVL4:
  82              		.loc 1 140 5 view .LVU18
  83 0024 FFF7FEFF 		bl	_ux_trace_event_insert
  84              	.LVL5:
 141:Middlewares/ST/usbx/common/usbx_device_classes/src/ux_device_class_storage_mode_sense.c **** 
 142:Middlewares/ST/usbx/common/usbx_device_classes/src/ux_device_class_storage_mode_sense.c ****     /* Obtain the pointer to the transfer request.  */
 143:Middlewares/ST/usbx/common/usbx_device_classes/src/ux_device_class_storage_mode_sense.c ****     transfer_request =  &endpoint_in -> ux_slave_endpoint_transfer_request;
  85              		.loc 1 143 5 is_stmt 1 view .LVU19
  86              		.loc 1 143 22 is_stmt 0 view .LVU20
ARM GAS  /tmp/ccyq2rqq.s 			page 5


  87 0028 05F1300B 		add	fp, r5, #48
  88              	.LVL6:
 144:Middlewares/ST/usbx/common/usbx_device_classes/src/ux_device_class_storage_mode_sense.c **** 
 145:Middlewares/ST/usbx/common/usbx_device_classes/src/ux_device_class_storage_mode_sense.c ****     /* Get the command format : we have 1a and 5a.  */
 146:Middlewares/ST/usbx/common/usbx_device_classes/src/ux_device_class_storage_mode_sense.c ****     mode_sense_command =  (ULONG) *(cbwcb + UX_SLAVE_CLASS_STORAGE_MODE_SENSE_OPERATION);
  89              		.loc 1 146 5 is_stmt 1 view .LVU21
  90              		.loc 1 146 35 is_stmt 0 view .LVU22
  91 002c 97F800A0 		ldrb	r10, [r7]	@ zero_extendqisi2
  92              	.LVL7:
 147:Middlewares/ST/usbx/common/usbx_device_classes/src/ux_device_class_storage_mode_sense.c ****     
 148:Middlewares/ST/usbx/common/usbx_device_classes/src/ux_device_class_storage_mode_sense.c ****     /* Extract the notification from the cbwcb.  */
 149:Middlewares/ST/usbx/common/usbx_device_classes/src/ux_device_class_storage_mode_sense.c ****     page_code =  (ULONG) *(cbwcb + UX_SLAVE_CLASS_STORAGE_MODE_SENSE_PC_PAGE_CODE);
  93              		.loc 1 149 5 is_stmt 1 view .LVU23
  94              		.loc 1 149 26 is_stmt 0 view .LVU24
  95 0030 97F80290 		ldrb	r9, [r7, #2]	@ zero_extendqisi2
  96              	.LVL8:
 150:Middlewares/ST/usbx/common/usbx_device_classes/src/ux_device_class_storage_mode_sense.c **** 
 151:Middlewares/ST/usbx/common/usbx_device_classes/src/ux_device_class_storage_mode_sense.c ****     /* Check the command.  */
 152:Middlewares/ST/usbx/common/usbx_device_classes/src/ux_device_class_storage_mode_sense.c ****     if (mode_sense_command == UX_SLAVE_CLASS_STORAGE_SCSI_MODE_SENSE_SHORT)
  97              		.loc 1 152 5 is_stmt 1 view .LVU25
  98              		.loc 1 152 8 is_stmt 0 view .LVU26
  99 0034 BAF11A0F 		cmp	r10, #26
 100 0038 50D1     		bne	.L2
 153:Middlewares/ST/usbx/common/usbx_device_classes/src/ux_device_class_storage_mode_sense.c ****     {
 154:Middlewares/ST/usbx/common/usbx_device_classes/src/ux_device_class_storage_mode_sense.c **** 
 155:Middlewares/ST/usbx/common/usbx_device_classes/src/ux_device_class_storage_mode_sense.c ****         /* Extract the length to be returned by the cbwcb.  */
 156:Middlewares/ST/usbx/common/usbx_device_classes/src/ux_device_class_storage_mode_sense.c ****         mode_sense_reply_length =  (ULONG) *(cbwcb + UX_SLAVE_CLASS_STORAGE_MODE_SENSE_ALLOCATION_L
 101              		.loc 1 156 9 is_stmt 1 view .LVU27
 102              		.loc 1 156 44 is_stmt 0 view .LVU28
 103 003a 3F79     		ldrb	r7, [r7, #4]	@ zero_extendqisi2
 104              	.LVL9:
 157:Middlewares/ST/usbx/common/usbx_device_classes/src/ux_device_class_storage_mode_sense.c ****         flags_index = UX_SLAVE_CLASS_STORAGE_MODE_SENSE_PARAMETER_FLAGS_6;
 105              		.loc 1 157 9 is_stmt 1 view .LVU29
 158:Middlewares/ST/usbx/common/usbx_device_classes/src/ux_device_class_storage_mode_sense.c ****         response_header_length = UX_SLAVE_CLASS_STORAGE_MODE_SENSE_PARAMETER_HEADER_LENGTH_6;
 106              		.loc 1 158 9 view .LVU30
 157:Middlewares/ST/usbx/common/usbx_device_classes/src/ux_device_class_storage_mode_sense.c ****         flags_index = UX_SLAVE_CLASS_STORAGE_MODE_SENSE_PARAMETER_FLAGS_6;
 107              		.loc 1 157 21 is_stmt 0 view .LVU31
 108 003c 0223     		movs	r3, #2
 109 003e 0593     		str	r3, [sp, #20]
 110              		.loc 1 158 32 view .LVU32
 111 0040 4FF00408 		mov	r8, #4
 112              	.LVL10:
 113              	.L3:
 159:Middlewares/ST/usbx/common/usbx_device_classes/src/ux_device_class_storage_mode_sense.c ****     }
 160:Middlewares/ST/usbx/common/usbx_device_classes/src/ux_device_class_storage_mode_sense.c **** 
 161:Middlewares/ST/usbx/common/usbx_device_classes/src/ux_device_class_storage_mode_sense.c ****     else
 162:Middlewares/ST/usbx/common/usbx_device_classes/src/ux_device_class_storage_mode_sense.c ****     {
 163:Middlewares/ST/usbx/common/usbx_device_classes/src/ux_device_class_storage_mode_sense.c **** 
 164:Middlewares/ST/usbx/common/usbx_device_classes/src/ux_device_class_storage_mode_sense.c ****         /* Extract the length to be returned by the cbwcb.  */
 165:Middlewares/ST/usbx/common/usbx_device_classes/src/ux_device_class_storage_mode_sense.c ****         mode_sense_reply_length =  _ux_utility_short_get_big_endian(cbwcb + UX_SLAVE_CLASS_STORAGE_
 166:Middlewares/ST/usbx/common/usbx_device_classes/src/ux_device_class_storage_mode_sense.c ****         flags_index = UX_SLAVE_CLASS_STORAGE_MODE_SENSE_PARAMETER_FLAGS_10;
 167:Middlewares/ST/usbx/common/usbx_device_classes/src/ux_device_class_storage_mode_sense.c ****         response_header_length = UX_SLAVE_CLASS_STORAGE_MODE_SENSE_PARAMETER_HEADER_LENGTH_10;
 168:Middlewares/ST/usbx/common/usbx_device_classes/src/ux_device_class_storage_mode_sense.c ****     }
 169:Middlewares/ST/usbx/common/usbx_device_classes/src/ux_device_class_storage_mode_sense.c **** 
 170:Middlewares/ST/usbx/common/usbx_device_classes/src/ux_device_class_storage_mode_sense.c ****     /* Ensure reply not exceed storage buffer.  */
 171:Middlewares/ST/usbx/common/usbx_device_classes/src/ux_device_class_storage_mode_sense.c ****     if (mode_sense_reply_length > UX_SLAVE_CLASS_STORAGE_BUFFER_SIZE)
 114              		.loc 1 171 5 is_stmt 1 view .LVU33
ARM GAS  /tmp/ccyq2rqq.s 			page 6


 115              		.loc 1 171 8 is_stmt 0 view .LVU34
 116 0044 B7F5006F 		cmp	r7, #2048
 117 0048 01D9     		bls	.L4
 172:Middlewares/ST/usbx/common/usbx_device_classes/src/ux_device_class_storage_mode_sense.c ****         mode_sense_reply_length = UX_SLAVE_CLASS_STORAGE_BUFFER_SIZE;
 118              		.loc 1 172 33 view .LVU35
 119 004a 4FF40067 		mov	r7, #2048
 120              	.LVL11:
 121              	.L4:
 173:Middlewares/ST/usbx/common/usbx_device_classes/src/ux_device_class_storage_mode_sense.c **** 
 174:Middlewares/ST/usbx/common/usbx_device_classes/src/ux_device_class_storage_mode_sense.c ****     /* Ensure memory buffer cleaned.  */
 175:Middlewares/ST/usbx/common/usbx_device_classes/src/ux_device_class_storage_mode_sense.c ****     _ux_utility_memory_set(transfer_request -> ux_slave_transfer_request_data_pointer, 0, mode_sens
 122              		.loc 1 175 5 is_stmt 1 view .LVU36
 123 004e 3A46     		mov	r2, r7
 124 0050 0021     		movs	r1, #0
 125 0052 E86B     		ldr	r0, [r5, #60]
 126 0054 FFF7FEFF 		bl	_ux_utility_memory_set
 127              	.LVL12:
 176:Middlewares/ST/usbx/common/usbx_device_classes/src/ux_device_class_storage_mode_sense.c **** 
 177:Middlewares/ST/usbx/common/usbx_device_classes/src/ux_device_class_storage_mode_sense.c ****     /* Establish READ ONLY flag.  */
 178:Middlewares/ST/usbx/common/usbx_device_classes/src/ux_device_class_storage_mode_sense.c ****     if (storage -> ux_slave_class_storage_lun[lun].ux_slave_class_storage_media_read_only_flag == U
 128              		.loc 1 178 5 view .LVU37
 129              		.loc 1 178 51 is_stmt 0 view .LVU38
 130 0058 C4EBC403 		rsb	r3, r4, r4, lsl #3
 131 005c 06EBC303 		add	r3, r6, r3, lsl #3
 132 0060 9B69     		ldr	r3, [r3, #24]
 133              		.loc 1 178 8 view .LVU39
 134 0062 012B     		cmp	r3, #1
 135 0064 43D0     		beq	.L13
 179:Middlewares/ST/usbx/common/usbx_device_classes/src/ux_device_class_storage_mode_sense.c ****     
 180:Middlewares/ST/usbx/common/usbx_device_classes/src/ux_device_class_storage_mode_sense.c ****         /* This device is Read Only.  */
 181:Middlewares/ST/usbx/common/usbx_device_classes/src/ux_device_class_storage_mode_sense.c ****         read_only_flag = UX_SLAVE_CLASS_STORAGE_MODE_SENSE_PARAMETER_FLAG_WP;
 182:Middlewares/ST/usbx/common/usbx_device_classes/src/ux_device_class_storage_mode_sense.c ****     
 183:Middlewares/ST/usbx/common/usbx_device_classes/src/ux_device_class_storage_mode_sense.c ****     else
 184:Middlewares/ST/usbx/common/usbx_device_classes/src/ux_device_class_storage_mode_sense.c ****     
 185:Middlewares/ST/usbx/common/usbx_device_classes/src/ux_device_class_storage_mode_sense.c ****         /* This device can be written to.  */
 186:Middlewares/ST/usbx/common/usbx_device_classes/src/ux_device_class_storage_mode_sense.c ****         read_only_flag = 0;        
 136              		.loc 1 186 24 view .LVU40
 137 0066 0023     		movs	r3, #0
 138 0068 0493     		str	r3, [sp, #16]
 139              	.L5:
 140              	.LVL13:
 187:Middlewares/ST/usbx/common/usbx_device_classes/src/ux_device_class_storage_mode_sense.c **** 
 188:Middlewares/ST/usbx/common/usbx_device_classes/src/ux_device_class_storage_mode_sense.c ****     /* Build response based on expected page codes.  */
 189:Middlewares/ST/usbx/common/usbx_device_classes/src/ux_device_class_storage_mode_sense.c **** 
 190:Middlewares/ST/usbx/common/usbx_device_classes/src/ux_device_class_storage_mode_sense.c ****     /* Initialize length and page pointer.  */
 191:Middlewares/ST/usbx/common/usbx_device_classes/src/ux_device_class_storage_mode_sense.c ****     mode_data_length = response_header_length;
 141              		.loc 1 191 5 is_stmt 1 view .LVU41
 192:Middlewares/ST/usbx/common/usbx_device_classes/src/ux_device_class_storage_mode_sense.c ****     page_pointer = transfer_request -> ux_slave_transfer_request_data_pointer + response_header_len
 142              		.loc 1 192 5 view .LVU42
 143              		.loc 1 192 37 is_stmt 0 view .LVU43
 144 006a EB6B     		ldr	r3, [r5, #60]
 145              		.loc 1 192 18 view .LVU44
 146 006c 4344     		add	r3, r3, r8
 147              	.LVL14:
 193:Middlewares/ST/usbx/common/usbx_device_classes/src/ux_device_class_storage_mode_sense.c **** 
 194:Middlewares/ST/usbx/common/usbx_device_classes/src/ux_device_class_storage_mode_sense.c **** #ifdef UX_SLAVE_CLASS_STORAGE_INCLUDE_MMC
 195:Middlewares/ST/usbx/common/usbx_device_classes/src/ux_device_class_storage_mode_sense.c ****     /* CD Capabilities and Mechanical Status mode page.  */
ARM GAS  /tmp/ccyq2rqq.s 			page 7


 196:Middlewares/ST/usbx/common/usbx_device_classes/src/ux_device_class_storage_mode_sense.c ****     if(page_code == UX_SLAVE_CLASS_STORAGE_MMC2_PAGE_CODE_CDROM ||
 197:Middlewares/ST/usbx/common/usbx_device_classes/src/ux_device_class_storage_mode_sense.c ****         page_code == UX_SLAVE_CLASS_STORAGE_PAGE_CODE_ALL)
 198:Middlewares/ST/usbx/common/usbx_device_classes/src/ux_device_class_storage_mode_sense.c ****     {
 199:Middlewares/ST/usbx/common/usbx_device_classes/src/ux_device_class_storage_mode_sense.c ****         page_length = USBX_DEVICE_CLASS_STORAGE_MODE_SENSE_PAGE_CDROM_LENGTH;
 200:Middlewares/ST/usbx/common/usbx_device_classes/src/ux_device_class_storage_mode_sense.c **** 
 201:Middlewares/ST/usbx/common/usbx_device_classes/src/ux_device_class_storage_mode_sense.c ****         /* Copy page data.  */
 202:Middlewares/ST/usbx/common/usbx_device_classes/src/ux_device_class_storage_mode_sense.c ****         _ux_utility_memory_copy(page_pointer, usbx_device_class_storage_mode_sense_page_cdrom, page
 203:Middlewares/ST/usbx/common/usbx_device_classes/src/ux_device_class_storage_mode_sense.c **** 
 204:Middlewares/ST/usbx/common/usbx_device_classes/src/ux_device_class_storage_mode_sense.c ****         /* Update pointer and length.  */
 205:Middlewares/ST/usbx/common/usbx_device_classes/src/ux_device_class_storage_mode_sense.c ****         mode_data_length += page_length;
 206:Middlewares/ST/usbx/common/usbx_device_classes/src/ux_device_class_storage_mode_sense.c ****         page_pointer += page_length;
 207:Middlewares/ST/usbx/common/usbx_device_classes/src/ux_device_class_storage_mode_sense.c ****     }
 208:Middlewares/ST/usbx/common/usbx_device_classes/src/ux_device_class_storage_mode_sense.c **** #endif
 209:Middlewares/ST/usbx/common/usbx_device_classes/src/ux_device_class_storage_mode_sense.c **** 
 210:Middlewares/ST/usbx/common/usbx_device_classes/src/ux_device_class_storage_mode_sense.c ****     /* Caching mode page is returned if cache flush callback implemented.  */
 211:Middlewares/ST/usbx/common/usbx_device_classes/src/ux_device_class_storage_mode_sense.c ****     if (storage -> ux_slave_class_storage_lun[lun].ux_slave_class_storage_media_flush != UX_NULL &&
 148              		.loc 1 211 5 is_stmt 1 view .LVU45
 149              		.loc 1 211 51 is_stmt 0 view .LVU46
 150 006e C4EBC404 		rsb	r4, r4, r4, lsl #3
 151              	.LVL15:
 152              		.loc 1 211 51 view .LVU47
 153 0072 06EBC404 		add	r4, r6, r4, lsl #3
 154 0076 626B     		ldr	r2, [r4, #52]
 155              		.loc 1 211 8 view .LVU48
 156 0078 82B1     		cbz	r2, .L6
 157              		.loc 1 211 98 discriminator 1 view .LVU49
 158 007a B9F13F0F 		cmp	r9, #63
 159 007e 18BF     		it	ne
 160 0080 B9F1080F 		cmpne	r9, #8
 161 0084 0AD1     		bne	.L6
 212:Middlewares/ST/usbx/common/usbx_device_classes/src/ux_device_class_storage_mode_sense.c ****         (page_code == UX_SLAVE_CLASS_STORAGE_PAGE_CODE_CACHE ||
 213:Middlewares/ST/usbx/common/usbx_device_classes/src/ux_device_class_storage_mode_sense.c ****         page_code == UX_SLAVE_CLASS_STORAGE_PAGE_CODE_ALL))
 214:Middlewares/ST/usbx/common/usbx_device_classes/src/ux_device_class_storage_mode_sense.c ****     {
 215:Middlewares/ST/usbx/common/usbx_device_classes/src/ux_device_class_storage_mode_sense.c ****         page_length = USBX_DEVICE_CLASS_STORAGE_MODE_SENSE_PAGE_CACHE_LENGTH;
 162              		.loc 1 215 9 is_stmt 1 view .LVU50
 163              	.LVL16:
 216:Middlewares/ST/usbx/common/usbx_device_classes/src/ux_device_class_storage_mode_sense.c **** 
 217:Middlewares/ST/usbx/common/usbx_device_classes/src/ux_device_class_storage_mode_sense.c ****         /* Store page code.  */
 218:Middlewares/ST/usbx/common/usbx_device_classes/src/ux_device_class_storage_mode_sense.c ****         *(page_pointer) = UX_SLAVE_CLASS_STORAGE_PAGE_CODE_CACHE;
 164              		.loc 1 218 9 view .LVU51
 165              		.loc 1 218 25 is_stmt 0 view .LVU52
 166 0086 0822     		movs	r2, #8
 167 0088 1A70     		strb	r2, [r3]
 219:Middlewares/ST/usbx/common/usbx_device_classes/src/ux_device_class_storage_mode_sense.c **** 
 220:Middlewares/ST/usbx/common/usbx_device_classes/src/ux_device_class_storage_mode_sense.c ****         /* Store the length of the page data.  */
 221:Middlewares/ST/usbx/common/usbx_device_classes/src/ux_device_class_storage_mode_sense.c ****         *(page_pointer + UX_SLAVE_CLASS_STORAGE_CACHING_MODE_PAGE_LENGTH) =
 168              		.loc 1 221 9 is_stmt 1 view .LVU53
 169              		.loc 1 221 75 is_stmt 0 view .LVU54
 170 008a 1222     		movs	r2, #18
 171 008c 5A70     		strb	r2, [r3, #1]
 222:Middlewares/ST/usbx/common/usbx_device_classes/src/ux_device_class_storage_mode_sense.c ****                             UX_SLAVE_CLASS_STORAGE_CACHING_MODE_PAGE_PAGE_LENGTH;
 223:Middlewares/ST/usbx/common/usbx_device_classes/src/ux_device_class_storage_mode_sense.c **** 
 224:Middlewares/ST/usbx/common/usbx_device_classes/src/ux_device_class_storage_mode_sense.c ****         /* Set the Write Cache Enabled (WCE) bit.  */
 225:Middlewares/ST/usbx/common/usbx_device_classes/src/ux_device_class_storage_mode_sense.c ****         *(page_pointer + UX_SLAVE_CLASS_STORAGE_CACHING_MODE_PAGE_FLAGS) |=
 172              		.loc 1 225 9 is_stmt 1 view .LVU55
 173 008e 9A78     		ldrb	r2, [r3, #2]	@ zero_extendqisi2
 174              		.loc 1 225 74 is_stmt 0 view .LVU56
ARM GAS  /tmp/ccyq2rqq.s 			page 8


 175 0090 42F00402 		orr	r2, r2, #4
 176 0094 9A70     		strb	r2, [r3, #2]
 226:Middlewares/ST/usbx/common/usbx_device_classes/src/ux_device_class_storage_mode_sense.c ****                             UX_SLAVE_CLASS_STORAGE_CACHING_MODE_PAGE_FLAG_WCE;
 227:Middlewares/ST/usbx/common/usbx_device_classes/src/ux_device_class_storage_mode_sense.c **** 
 228:Middlewares/ST/usbx/common/usbx_device_classes/src/ux_device_class_storage_mode_sense.c ****         mode_data_length += page_length;
 177              		.loc 1 228 9 is_stmt 1 view .LVU57
 178              		.loc 1 228 26 is_stmt 0 view .LVU58
 179 0096 08F11408 		add	r8, r8, #20
 180              	.LVL17:
 229:Middlewares/ST/usbx/common/usbx_device_classes/src/ux_device_class_storage_mode_sense.c ****         page_pointer += page_length;
 181              		.loc 1 229 9 is_stmt 1 view .LVU59
 182              		.loc 1 229 22 is_stmt 0 view .LVU60
 183 009a 1433     		adds	r3, r3, #20
 184              	.LVL18:
 185              	.L6:
 230:Middlewares/ST/usbx/common/usbx_device_classes/src/ux_device_class_storage_mode_sense.c ****     }
 231:Middlewares/ST/usbx/common/usbx_device_classes/src/ux_device_class_storage_mode_sense.c **** 
 232:Middlewares/ST/usbx/common/usbx_device_classes/src/ux_device_class_storage_mode_sense.c ****     /* Informational Exceptions Control mode page.  */
 233:Middlewares/ST/usbx/common/usbx_device_classes/src/ux_device_class_storage_mode_sense.c ****     if (page_code == UX_SLAVE_CLASS_STORAGE_PAGE_CODE_IEC ||
 186              		.loc 1 233 5 is_stmt 1 view .LVU61
 187              		.loc 1 233 8 is_stmt 0 view .LVU62
 188 009c B9F13F0F 		cmp	r9, #63
 189 00a0 18BF     		it	ne
 190 00a2 B9F11C0F 		cmpne	r9, #28
 191 00a6 05D1     		bne	.L7
 234:Middlewares/ST/usbx/common/usbx_device_classes/src/ux_device_class_storage_mode_sense.c ****         page_code == UX_SLAVE_CLASS_STORAGE_PAGE_CODE_ALL)
 235:Middlewares/ST/usbx/common/usbx_device_classes/src/ux_device_class_storage_mode_sense.c ****     {
 236:Middlewares/ST/usbx/common/usbx_device_classes/src/ux_device_class_storage_mode_sense.c ****         page_length = USBX_DEVICE_CLASS_STORAGE_MODE_SENSE_PAGE_IEC_LENGTH;
 192              		.loc 1 236 9 is_stmt 1 view .LVU63
 193              	.LVL19:
 237:Middlewares/ST/usbx/common/usbx_device_classes/src/ux_device_class_storage_mode_sense.c **** 
 238:Middlewares/ST/usbx/common/usbx_device_classes/src/ux_device_class_storage_mode_sense.c ****         /* Store page code.  */
 239:Middlewares/ST/usbx/common/usbx_device_classes/src/ux_device_class_storage_mode_sense.c ****         *(page_pointer) = UX_SLAVE_CLASS_STORAGE_PAGE_CODE_IEC;
 194              		.loc 1 239 9 view .LVU64
 195              		.loc 1 239 25 is_stmt 0 view .LVU65
 196 00a8 1C22     		movs	r2, #28
 197 00aa 1A70     		strb	r2, [r3]
 240:Middlewares/ST/usbx/common/usbx_device_classes/src/ux_device_class_storage_mode_sense.c **** 
 241:Middlewares/ST/usbx/common/usbx_device_classes/src/ux_device_class_storage_mode_sense.c ****         /* Store the length of the page data.  */
 242:Middlewares/ST/usbx/common/usbx_device_classes/src/ux_device_class_storage_mode_sense.c ****         *(page_pointer + 1) = UX_SLAVE_CLASS_STORAGE_IEC_MODE_PAGE_PAGE_LENGTH;
 198              		.loc 1 242 9 is_stmt 1 view .LVU66
 199              		.loc 1 242 29 is_stmt 0 view .LVU67
 200 00ac 0A22     		movs	r2, #10
 201 00ae 5A70     		strb	r2, [r3, #1]
 243:Middlewares/ST/usbx/common/usbx_device_classes/src/ux_device_class_storage_mode_sense.c **** 
 244:Middlewares/ST/usbx/common/usbx_device_classes/src/ux_device_class_storage_mode_sense.c ****         mode_data_length += page_length;
 202              		.loc 1 244 9 is_stmt 1 view .LVU68
 203              		.loc 1 244 26 is_stmt 0 view .LVU69
 204 00b0 08F10C08 		add	r8, r8, #12
 205              	.LVL20:
 245:Middlewares/ST/usbx/common/usbx_device_classes/src/ux_device_class_storage_mode_sense.c ****         page_pointer += page_length;
 206              		.loc 1 245 9 is_stmt 1 view .LVU70
 207              	.L7:
 246:Middlewares/ST/usbx/common/usbx_device_classes/src/ux_device_class_storage_mode_sense.c ****     }
 247:Middlewares/ST/usbx/common/usbx_device_classes/src/ux_device_class_storage_mode_sense.c **** 
 248:Middlewares/ST/usbx/common/usbx_device_classes/src/ux_device_class_storage_mode_sense.c ****     /* Put the payload length in the header.  */
 249:Middlewares/ST/usbx/common/usbx_device_classes/src/ux_device_class_storage_mode_sense.c ****     if (mode_sense_command == UX_SLAVE_CLASS_STORAGE_SCSI_MODE_SENSE_SHORT)
ARM GAS  /tmp/ccyq2rqq.s 			page 9


 208              		.loc 1 249 5 view .LVU71
 209              		.loc 1 249 8 is_stmt 0 view .LVU72
 210 00b4 BAF11A0F 		cmp	r10, #26
 211 00b8 1CD1     		bne	.L8
 250:Middlewares/ST/usbx/common/usbx_device_classes/src/ux_device_class_storage_mode_sense.c ****         * transfer_request -> ux_slave_transfer_request_data_pointer = (UCHAR)(mode_data_length);
 212              		.loc 1 250 9 is_stmt 1 view .LVU73
 213              		.loc 1 250 28 is_stmt 0 view .LVU74
 214 00ba EB6B     		ldr	r3, [r5, #60]
 215              		.loc 1 250 70 view .LVU75
 216 00bc 83F80080 		strb	r8, [r3]
 217              	.L9:
 251:Middlewares/ST/usbx/common/usbx_device_classes/src/ux_device_class_storage_mode_sense.c ****     else
 252:Middlewares/ST/usbx/common/usbx_device_classes/src/ux_device_class_storage_mode_sense.c ****         _ux_utility_short_put_big_endian(transfer_request -> ux_slave_transfer_request_data_pointer
 253:Middlewares/ST/usbx/common/usbx_device_classes/src/ux_device_class_storage_mode_sense.c **** 
 254:Middlewares/ST/usbx/common/usbx_device_classes/src/ux_device_class_storage_mode_sense.c ****     /* Store the write protection flag.  */
 255:Middlewares/ST/usbx/common/usbx_device_classes/src/ux_device_class_storage_mode_sense.c ****     *(transfer_request -> ux_slave_transfer_request_data_pointer + flags_index) = read_only_flag;
 218              		.loc 1 255 5 is_stmt 1 view .LVU76
 219              		.loc 1 255 24 is_stmt 0 view .LVU77
 220 00c0 EB6B     		ldr	r3, [r5, #60]
 221              		.loc 1 255 81 view .LVU78
 222 00c2 059A     		ldr	r2, [sp, #20]
 223 00c4 0499     		ldr	r1, [sp, #16]
 224 00c6 9954     		strb	r1, [r3, r2]
 256:Middlewares/ST/usbx/common/usbx_device_classes/src/ux_device_class_storage_mode_sense.c **** 
 257:Middlewares/ST/usbx/common/usbx_device_classes/src/ux_device_class_storage_mode_sense.c **** #if defined(UX_DEVICE_STANDALONE)
 258:Middlewares/ST/usbx/common/usbx_device_classes/src/ux_device_class_storage_mode_sense.c **** 
 259:Middlewares/ST/usbx/common/usbx_device_classes/src/ux_device_class_storage_mode_sense.c ****     /* Next: Transfer (DATA).  */
 260:Middlewares/ST/usbx/common/usbx_device_classes/src/ux_device_class_storage_mode_sense.c ****     storage -> ux_device_class_storage_state = UX_DEVICE_CLASS_STORAGE_STATE_TRANS_START;
 261:Middlewares/ST/usbx/common/usbx_device_classes/src/ux_device_class_storage_mode_sense.c ****     storage -> ux_device_class_storage_cmd_state = UX_DEVICE_CLASS_STORAGE_CMD_READ;
 262:Middlewares/ST/usbx/common/usbx_device_classes/src/ux_device_class_storage_mode_sense.c **** 
 263:Middlewares/ST/usbx/common/usbx_device_classes/src/ux_device_class_storage_mode_sense.c ****     storage -> ux_device_class_storage_transfer = transfer_request;
 264:Middlewares/ST/usbx/common/usbx_device_classes/src/ux_device_class_storage_mode_sense.c ****     storage -> ux_device_class_storage_device_length = mode_data_length;
 265:Middlewares/ST/usbx/common/usbx_device_classes/src/ux_device_class_storage_mode_sense.c ****     storage -> ux_device_class_storage_data_length = mode_data_length;
 266:Middlewares/ST/usbx/common/usbx_device_classes/src/ux_device_class_storage_mode_sense.c ****     storage -> ux_device_class_storage_data_count = 0;
 267:Middlewares/ST/usbx/common/usbx_device_classes/src/ux_device_class_storage_mode_sense.c **** 
 268:Middlewares/ST/usbx/common/usbx_device_classes/src/ux_device_class_storage_mode_sense.c **** #else
 269:Middlewares/ST/usbx/common/usbx_device_classes/src/ux_device_class_storage_mode_sense.c **** 
 270:Middlewares/ST/usbx/common/usbx_device_classes/src/ux_device_class_storage_mode_sense.c ****     /* Send a payload with the response buffer.  */
 271:Middlewares/ST/usbx/common/usbx_device_classes/src/ux_device_class_storage_mode_sense.c ****     _ux_device_stack_transfer_request(transfer_request, mode_sense_reply_length, mode_sense_reply_l
 225              		.loc 1 271 5 is_stmt 1 view .LVU79
 226 00c8 3A46     		mov	r2, r7
 227 00ca 3946     		mov	r1, r7
 228 00cc 5846     		mov	r0, fp
 229 00ce FFF7FEFF 		bl	_ux_device_stack_transfer_request
 230              	.LVL21:
 272:Middlewares/ST/usbx/common/usbx_device_classes/src/ux_device_class_storage_mode_sense.c **** #endif
 273:Middlewares/ST/usbx/common/usbx_device_classes/src/ux_device_class_storage_mode_sense.c **** 
 274:Middlewares/ST/usbx/common/usbx_device_classes/src/ux_device_class_storage_mode_sense.c ****     /* Now we set the CSW with success.  */
 275:Middlewares/ST/usbx/common/usbx_device_classes/src/ux_device_class_storage_mode_sense.c ****     storage -> ux_slave_class_storage_csw_status = UX_SLAVE_CLASS_STORAGE_CSW_PASSED;
 231              		.loc 1 275 5 view .LVU80
 232              		.loc 1 275 50 is_stmt 0 view .LVU81
 233 00d2 0020     		movs	r0, #0
 234 00d4 3065     		str	r0, [r6, #80]
 276:Middlewares/ST/usbx/common/usbx_device_classes/src/ux_device_class_storage_mode_sense.c ****     status = UX_SUCCESS;
 235              		.loc 1 276 5 is_stmt 1 view .LVU82
 236              	.LVL22:
 277:Middlewares/ST/usbx/common/usbx_device_classes/src/ux_device_class_storage_mode_sense.c **** 
ARM GAS  /tmp/ccyq2rqq.s 			page 10


 278:Middlewares/ST/usbx/common/usbx_device_classes/src/ux_device_class_storage_mode_sense.c ****     /* Return completion status.  */
 279:Middlewares/ST/usbx/common/usbx_device_classes/src/ux_device_class_storage_mode_sense.c ****     return(status);
 237              		.loc 1 279 5 view .LVU83
 280:Middlewares/ST/usbx/common/usbx_device_classes/src/ux_device_class_storage_mode_sense.c **** }
 238              		.loc 1 280 1 is_stmt 0 view .LVU84
 239 00d6 07B0     		add	sp, sp, #28
 240              	.LCFI2:
 241              		.cfi_remember_state
 242              		.cfi_def_cfa_offset 36
 243              		@ sp needed
 244 00d8 BDE8F08F 		pop	{r4, r5, r6, r7, r8, r9, r10, fp, pc}
 245              	.LVL23:
 246              	.L2:
 247              	.LCFI3:
 248              		.cfi_restore_state
 165:Middlewares/ST/usbx/common/usbx_device_classes/src/ux_device_class_storage_mode_sense.c ****         flags_index = UX_SLAVE_CLASS_STORAGE_MODE_SENSE_PARAMETER_FLAGS_10;
 249              		.loc 1 165 9 is_stmt 1 view .LVU85
 165:Middlewares/ST/usbx/common/usbx_device_classes/src/ux_device_class_storage_mode_sense.c ****         flags_index = UX_SLAVE_CLASS_STORAGE_MODE_SENSE_PARAMETER_FLAGS_10;
 250              		.loc 1 165 36 is_stmt 0 view .LVU86
 251 00dc F81D     		adds	r0, r7, #7
 252 00de FFF7FEFF 		bl	_ux_utility_short_get_big_endian
 253              	.LVL24:
 254 00e2 0746     		mov	r7, r0
 255              	.LVL25:
 166:Middlewares/ST/usbx/common/usbx_device_classes/src/ux_device_class_storage_mode_sense.c ****         response_header_length = UX_SLAVE_CLASS_STORAGE_MODE_SENSE_PARAMETER_HEADER_LENGTH_10;
 256              		.loc 1 166 9 is_stmt 1 view .LVU87
 167:Middlewares/ST/usbx/common/usbx_device_classes/src/ux_device_class_storage_mode_sense.c ****     }
 257              		.loc 1 167 9 view .LVU88
 166:Middlewares/ST/usbx/common/usbx_device_classes/src/ux_device_class_storage_mode_sense.c ****         response_header_length = UX_SLAVE_CLASS_STORAGE_MODE_SENSE_PARAMETER_HEADER_LENGTH_10;
 258              		.loc 1 166 21 is_stmt 0 view .LVU89
 259 00e4 0323     		movs	r3, #3
 260 00e6 0593     		str	r3, [sp, #20]
 167:Middlewares/ST/usbx/common/usbx_device_classes/src/ux_device_class_storage_mode_sense.c ****     }
 261              		.loc 1 167 32 view .LVU90
 262 00e8 4FF00808 		mov	r8, #8
 263 00ec AAE7     		b	.L3
 264              	.LVL26:
 265              	.L13:
 181:Middlewares/ST/usbx/common/usbx_device_classes/src/ux_device_class_storage_mode_sense.c ****     
 266              		.loc 1 181 24 view .LVU91
 267 00ee 8023     		movs	r3, #128
 268 00f0 0493     		str	r3, [sp, #16]
 269 00f2 BAE7     		b	.L5
 270              	.LVL27:
 271              	.L8:
 252:Middlewares/ST/usbx/common/usbx_device_classes/src/ux_device_class_storage_mode_sense.c **** 
 272              		.loc 1 252 9 is_stmt 1 view .LVU92
 273 00f4 1FFA88F1 		uxth	r1, r8
 274 00f8 E86B     		ldr	r0, [r5, #60]
 275 00fa FFF7FEFF 		bl	_ux_utility_short_put_big_endian
 276              	.LVL28:
 277 00fe DFE7     		b	.L9
 278              		.cfi_endproc
 279              	.LFE11:
 281              		.text
 282              	.Letext0:
 283              		.file 2 "Middlewares/ST/threadx/ports/cortex_m7/gnu/inc/tx_port.h"
ARM GAS  /tmp/ccyq2rqq.s 			page 11


 284              		.file 3 "Middlewares/ST/threadx/common/inc/tx_api.h"
 285              		.file 4 "Middlewares/ST/threadx/common/inc/tx_trace.h"
 286              		.file 5 "Middlewares/ST/usbx/common/core/inc/ux_api.h"
 287              		.file 6 "Middlewares/ST/usbx/common/usbx_device_classes/inc/ux_device_class_storage.h"
 288              		.file 7 "Middlewares/ST/usbx/common/core/inc/ux_utility.h"
 289              		.file 8 "Middlewares/ST/usbx/common/core/inc/ux_device_stack.h"
ARM GAS  /tmp/ccyq2rqq.s 			page 12


DEFINED SYMBOLS
                            *ABS*:00000000 ux_device_class_storage_mode_sense.c
     /tmp/ccyq2rqq.s:20     .text._ux_device_class_storage_mode_sense:00000000 $t
     /tmp/ccyq2rqq.s:26     .text._ux_device_class_storage_mode_sense:00000000 _ux_device_class_storage_mode_sense

UNDEFINED SYMBOLS
_ux_trace_event_insert
_ux_utility_memory_set
_ux_device_stack_transfer_request
_ux_utility_short_get_big_endian
_ux_utility_short_put_big_endian
