ARM GAS  /tmp/ccFF2ZgY.s 			page 1


   1              		.cpu cortex-m7
   2              		.arch armv7e-m
   3              		.fpu fpv5-d16
   4              		.eabi_attribute 28, 1
   5              		.eabi_attribute 20, 1
   6              		.eabi_attribute 21, 1
   7              		.eabi_attribute 23, 3
   8              		.eabi_attribute 24, 1
   9              		.eabi_attribute 25, 1
  10              		.eabi_attribute 26, 1
  11              		.eabi_attribute 30, 1
  12              		.eabi_attribute 34, 1
  13              		.eabi_attribute 18, 4
  14              		.file	"ux_device_stack_interface_delete.c"
  15              		.text
  16              	.Ltext0:
  17              		.cfi_sections	.debug_frame
  18              		.file 1 "Middlewares/ST/usbx/common/core/src/ux_device_stack_interface_delete.c"
  19              		.section	.text._ux_device_stack_interface_delete,"ax",%progbits
  20              		.align	1
  21              		.global	_ux_device_stack_interface_delete
  22              		.syntax unified
  23              		.thumb
  24              		.thumb_func
  26              	_ux_device_stack_interface_delete:
  27              	.LVL0:
  28              	.LFB11:
   1:Middlewares/ST/usbx/common/core/src/ux_device_stack_interface_delete.c **** /**************************************************************************/
   2:Middlewares/ST/usbx/common/core/src/ux_device_stack_interface_delete.c **** /*                                                                        */
   3:Middlewares/ST/usbx/common/core/src/ux_device_stack_interface_delete.c **** /*       Copyright (c) Microsoft Corporation. All rights reserved.        */
   4:Middlewares/ST/usbx/common/core/src/ux_device_stack_interface_delete.c **** /*                                                                        */
   5:Middlewares/ST/usbx/common/core/src/ux_device_stack_interface_delete.c **** /*       This software is licensed under the Microsoft Software License   */
   6:Middlewares/ST/usbx/common/core/src/ux_device_stack_interface_delete.c **** /*       Terms for Microsoft Azure RTOS. Full text of the license can be  */
   7:Middlewares/ST/usbx/common/core/src/ux_device_stack_interface_delete.c **** /*       found in the LICENSE file at https://aka.ms/AzureRTOS_EULA       */
   8:Middlewares/ST/usbx/common/core/src/ux_device_stack_interface_delete.c **** /*       and in the root directory of this software.                      */
   9:Middlewares/ST/usbx/common/core/src/ux_device_stack_interface_delete.c **** /*                                                                        */
  10:Middlewares/ST/usbx/common/core/src/ux_device_stack_interface_delete.c **** /**************************************************************************/
  11:Middlewares/ST/usbx/common/core/src/ux_device_stack_interface_delete.c **** 
  12:Middlewares/ST/usbx/common/core/src/ux_device_stack_interface_delete.c **** 
  13:Middlewares/ST/usbx/common/core/src/ux_device_stack_interface_delete.c **** /**************************************************************************/
  14:Middlewares/ST/usbx/common/core/src/ux_device_stack_interface_delete.c **** /**************************************************************************/
  15:Middlewares/ST/usbx/common/core/src/ux_device_stack_interface_delete.c **** /**                                                                       */ 
  16:Middlewares/ST/usbx/common/core/src/ux_device_stack_interface_delete.c **** /** USBX Component                                                        */ 
  17:Middlewares/ST/usbx/common/core/src/ux_device_stack_interface_delete.c **** /**                                                                       */
  18:Middlewares/ST/usbx/common/core/src/ux_device_stack_interface_delete.c **** /**   Device Stack                                                        */
  19:Middlewares/ST/usbx/common/core/src/ux_device_stack_interface_delete.c **** /**                                                                       */
  20:Middlewares/ST/usbx/common/core/src/ux_device_stack_interface_delete.c **** /**************************************************************************/
  21:Middlewares/ST/usbx/common/core/src/ux_device_stack_interface_delete.c **** /**************************************************************************/
  22:Middlewares/ST/usbx/common/core/src/ux_device_stack_interface_delete.c **** 
  23:Middlewares/ST/usbx/common/core/src/ux_device_stack_interface_delete.c **** #define UX_SOURCE_CODE
  24:Middlewares/ST/usbx/common/core/src/ux_device_stack_interface_delete.c **** 
  25:Middlewares/ST/usbx/common/core/src/ux_device_stack_interface_delete.c **** 
  26:Middlewares/ST/usbx/common/core/src/ux_device_stack_interface_delete.c **** /* Include necessary system files.  */
  27:Middlewares/ST/usbx/common/core/src/ux_device_stack_interface_delete.c **** 
  28:Middlewares/ST/usbx/common/core/src/ux_device_stack_interface_delete.c **** #include "ux_api.h"
  29:Middlewares/ST/usbx/common/core/src/ux_device_stack_interface_delete.c **** #include "ux_device_stack.h"
  30:Middlewares/ST/usbx/common/core/src/ux_device_stack_interface_delete.c **** 
ARM GAS  /tmp/ccFF2ZgY.s 			page 2


  31:Middlewares/ST/usbx/common/core/src/ux_device_stack_interface_delete.c **** 
  32:Middlewares/ST/usbx/common/core/src/ux_device_stack_interface_delete.c **** /**************************************************************************/
  33:Middlewares/ST/usbx/common/core/src/ux_device_stack_interface_delete.c **** /*                                                                        */
  34:Middlewares/ST/usbx/common/core/src/ux_device_stack_interface_delete.c **** /*  FUNCTION                                               RELEASE        */
  35:Middlewares/ST/usbx/common/core/src/ux_device_stack_interface_delete.c **** /*                                                                        */
  36:Middlewares/ST/usbx/common/core/src/ux_device_stack_interface_delete.c **** /*    _ux_device_stack_interface_delete                   PORTABLE C      */
  37:Middlewares/ST/usbx/common/core/src/ux_device_stack_interface_delete.c **** /*                                                           6.1          */
  38:Middlewares/ST/usbx/common/core/src/ux_device_stack_interface_delete.c **** /*  AUTHOR                                                                */
  39:Middlewares/ST/usbx/common/core/src/ux_device_stack_interface_delete.c **** /*                                                                        */
  40:Middlewares/ST/usbx/common/core/src/ux_device_stack_interface_delete.c **** /*    Chaoqiong Xiao, Microsoft Corporation                               */
  41:Middlewares/ST/usbx/common/core/src/ux_device_stack_interface_delete.c **** /*                                                                        */
  42:Middlewares/ST/usbx/common/core/src/ux_device_stack_interface_delete.c **** /*  DESCRIPTION                                                           */
  43:Middlewares/ST/usbx/common/core/src/ux_device_stack_interface_delete.c **** /*                                                                        */
  44:Middlewares/ST/usbx/common/core/src/ux_device_stack_interface_delete.c **** /*    This function deletes an interface. Semaphore and memory are        */
  45:Middlewares/ST/usbx/common/core/src/ux_device_stack_interface_delete.c **** /*    released and the controller driver is invoked to disable the        */
  46:Middlewares/ST/usbx/common/core/src/ux_device_stack_interface_delete.c **** /*    hardware endpoint.  The interface is then removed from the          */ 
  47:Middlewares/ST/usbx/common/core/src/ux_device_stack_interface_delete.c **** /*    configuration.                                                      */
  48:Middlewares/ST/usbx/common/core/src/ux_device_stack_interface_delete.c **** /*                                                                        */
  49:Middlewares/ST/usbx/common/core/src/ux_device_stack_interface_delete.c **** /*  INPUT                                                                 */
  50:Middlewares/ST/usbx/common/core/src/ux_device_stack_interface_delete.c **** /*                                                                        */
  51:Middlewares/ST/usbx/common/core/src/ux_device_stack_interface_delete.c **** /*    interface                             Pointer to interface          */
  52:Middlewares/ST/usbx/common/core/src/ux_device_stack_interface_delete.c **** /*                                                                        */
  53:Middlewares/ST/usbx/common/core/src/ux_device_stack_interface_delete.c **** /*  OUTPUT                                                                */
  54:Middlewares/ST/usbx/common/core/src/ux_device_stack_interface_delete.c **** /*                                                                        */
  55:Middlewares/ST/usbx/common/core/src/ux_device_stack_interface_delete.c **** /*    Completion Status                                                   */ 
  56:Middlewares/ST/usbx/common/core/src/ux_device_stack_interface_delete.c **** /*                                                                        */
  57:Middlewares/ST/usbx/common/core/src/ux_device_stack_interface_delete.c **** /*  CALLS                                                                 */ 
  58:Middlewares/ST/usbx/common/core/src/ux_device_stack_interface_delete.c **** /*                                                                        */ 
  59:Middlewares/ST/usbx/common/core/src/ux_device_stack_interface_delete.c **** /*    (ux_slave_dcd_function)               DCD dispatch function         */ 
  60:Middlewares/ST/usbx/common/core/src/ux_device_stack_interface_delete.c **** /*                                                                        */ 
  61:Middlewares/ST/usbx/common/core/src/ux_device_stack_interface_delete.c **** /*  CALLED BY                                                             */ 
  62:Middlewares/ST/usbx/common/core/src/ux_device_stack_interface_delete.c **** /*                                                                        */ 
  63:Middlewares/ST/usbx/common/core/src/ux_device_stack_interface_delete.c **** /*    Application                                                         */ 
  64:Middlewares/ST/usbx/common/core/src/ux_device_stack_interface_delete.c **** /*                                                                        */ 
  65:Middlewares/ST/usbx/common/core/src/ux_device_stack_interface_delete.c **** /*  RELEASE HISTORY                                                       */ 
  66:Middlewares/ST/usbx/common/core/src/ux_device_stack_interface_delete.c **** /*                                                                        */ 
  67:Middlewares/ST/usbx/common/core/src/ux_device_stack_interface_delete.c **** /*    DATE              NAME                      DESCRIPTION             */ 
  68:Middlewares/ST/usbx/common/core/src/ux_device_stack_interface_delete.c **** /*                                                                        */ 
  69:Middlewares/ST/usbx/common/core/src/ux_device_stack_interface_delete.c **** /*  05-19-2020     Chaoqiong Xiao           Initial Version 6.0           */
  70:Middlewares/ST/usbx/common/core/src/ux_device_stack_interface_delete.c **** /*  09-30-2020     Chaoqiong Xiao           Modified comment(s),          */
  71:Middlewares/ST/usbx/common/core/src/ux_device_stack_interface_delete.c **** /*                                            resulting in version 6.1    */
  72:Middlewares/ST/usbx/common/core/src/ux_device_stack_interface_delete.c **** /*                                                                        */
  73:Middlewares/ST/usbx/common/core/src/ux_device_stack_interface_delete.c **** /**************************************************************************/
  74:Middlewares/ST/usbx/common/core/src/ux_device_stack_interface_delete.c **** UINT  _ux_device_stack_interface_delete(UX_SLAVE_INTERFACE *interface)
  75:Middlewares/ST/usbx/common/core/src/ux_device_stack_interface_delete.c **** {
  29              		.loc 1 75 1 view -0
  30              		.cfi_startproc
  31              		@ args = 0, pretend = 0, frame = 0
  32              		@ frame_needed = 0, uses_anonymous_args = 0
  33              		.loc 1 75 1 is_stmt 0 view .LVU1
  34 0000 F0B5     		push	{r4, r5, r6, r7, lr}
  35              	.LCFI0:
  36              		.cfi_def_cfa_offset 20
  37              		.cfi_offset 4, -20
  38              		.cfi_offset 5, -16
  39              		.cfi_offset 6, -12
  40              		.cfi_offset 7, -8
ARM GAS  /tmp/ccFF2ZgY.s 			page 3


  41              		.cfi_offset 14, -4
  42 0002 85B0     		sub	sp, sp, #20
  43              	.LCFI1:
  44              		.cfi_def_cfa_offset 40
  45 0004 0646     		mov	r6, r0
  76:Middlewares/ST/usbx/common/core/src/ux_device_stack_interface_delete.c **** 
  77:Middlewares/ST/usbx/common/core/src/ux_device_stack_interface_delete.c **** UX_SLAVE_DCD            *dcd;
  46              		.loc 1 77 1 is_stmt 1 view .LVU2
  78:Middlewares/ST/usbx/common/core/src/ux_device_stack_interface_delete.c **** UX_SLAVE_DEVICE         *device;
  47              		.loc 1 78 1 view .LVU3
  79:Middlewares/ST/usbx/common/core/src/ux_device_stack_interface_delete.c **** UX_SLAVE_ENDPOINT       *endpoint;
  48              		.loc 1 79 1 view .LVU4
  80:Middlewares/ST/usbx/common/core/src/ux_device_stack_interface_delete.c **** UX_SLAVE_ENDPOINT       *next_endpoint;
  49              		.loc 1 80 1 view .LVU5
  81:Middlewares/ST/usbx/common/core/src/ux_device_stack_interface_delete.c **** 
  82:Middlewares/ST/usbx/common/core/src/ux_device_stack_interface_delete.c ****     /* If trace is enabled, register this object.  */
  83:Middlewares/ST/usbx/common/core/src/ux_device_stack_interface_delete.c ****     UX_TRACE_OBJECT_UNREGISTER(interface);
  50              		.loc 1 83 5 view .LVU6
  51 0006 FFF7FEFF 		bl	_ux_trace_object_unregister
  52              	.LVL1:
  53              		.loc 1 83 42 discriminator 1 view .LVU7
  84:Middlewares/ST/usbx/common/core/src/ux_device_stack_interface_delete.c **** 
  85:Middlewares/ST/usbx/common/core/src/ux_device_stack_interface_delete.c ****     /* If trace is enabled, insert this event into the trace buffer.  */
  86:Middlewares/ST/usbx/common/core/src/ux_device_stack_interface_delete.c ****     UX_TRACE_IN_LINE_INSERT(UX_TRACE_DEVICE_STACK_INTERFACE_DELETE, interface, 0, 0, 0, UX_TRACE_DE
  54              		.loc 1 86 5 view .LVU8
  55 000a 0022     		movs	r2, #0
  56 000c 0392     		str	r2, [sp, #12]
  57 000e 0292     		str	r2, [sp, #8]
  58 0010 4FF08063 		mov	r3, #67108864
  59 0014 0193     		str	r3, [sp, #4]
  60 0016 0092     		str	r2, [sp]
  61 0018 1346     		mov	r3, r2
  62 001a 3146     		mov	r1, r6
  63 001c 4FF45870 		mov	r0, #864
  64 0020 FFF7FEFF 		bl	_ux_trace_event_insert
  65              	.LVL2:
  87:Middlewares/ST/usbx/common/core/src/ux_device_stack_interface_delete.c **** 
  88:Middlewares/ST/usbx/common/core/src/ux_device_stack_interface_delete.c ****     /* Get the pointer to the device.  */
  89:Middlewares/ST/usbx/common/core/src/ux_device_stack_interface_delete.c ****     device =  &_ux_system_slave -> ux_system_slave_device;
  66              		.loc 1 89 5 view .LVU9
  67              		.loc 1 89 33 is_stmt 0 view .LVU10
  68 0024 0F4B     		ldr	r3, .L5
  69 0026 1F68     		ldr	r7, [r3]
  70              	.LVL3:
  90:Middlewares/ST/usbx/common/core/src/ux_device_stack_interface_delete.c **** 
  91:Middlewares/ST/usbx/common/core/src/ux_device_stack_interface_delete.c ****     /* Find the first endpoints associated with this interface.  */    
  92:Middlewares/ST/usbx/common/core/src/ux_device_stack_interface_delete.c ****     next_endpoint =  interface -> ux_slave_interface_first_endpoint;        
  71              		.loc 1 92 5 is_stmt 1 view .LVU11
  72              		.loc 1 92 19 is_stmt 0 view .LVU12
  73 0028 746B     		ldr	r4, [r6, #52]
  74              	.LVL4:
  93:Middlewares/ST/usbx/common/core/src/ux_device_stack_interface_delete.c ****     
  94:Middlewares/ST/usbx/common/core/src/ux_device_stack_interface_delete.c ****     /* Parse all the endpoints.  */    
  95:Middlewares/ST/usbx/common/core/src/ux_device_stack_interface_delete.c ****     while (next_endpoint != UX_NULL)
  75              		.loc 1 95 5 is_stmt 1 view .LVU13
  76              		.loc 1 95 11 is_stmt 0 view .LVU14
  77 002a 0DE0     		b	.L2
ARM GAS  /tmp/ccFF2ZgY.s 			page 4


  78              	.L3:
  96:Middlewares/ST/usbx/common/core/src/ux_device_stack_interface_delete.c ****     {
  97:Middlewares/ST/usbx/common/core/src/ux_device_stack_interface_delete.c **** 
  98:Middlewares/ST/usbx/common/core/src/ux_device_stack_interface_delete.c ****         /* Save this endpoint.  */
  99:Middlewares/ST/usbx/common/core/src/ux_device_stack_interface_delete.c ****         endpoint =  next_endpoint;
  79              		.loc 1 99 9 is_stmt 1 view .LVU15
  80              	.LVL5:
 100:Middlewares/ST/usbx/common/core/src/ux_device_stack_interface_delete.c ****         
 101:Middlewares/ST/usbx/common/core/src/ux_device_stack_interface_delete.c ****         /* Find the next endpoint.  */
 102:Middlewares/ST/usbx/common/core/src/ux_device_stack_interface_delete.c ****         next_endpoint =  endpoint -> ux_slave_endpoint_next_endpoint;
  81              		.loc 1 102 9 view .LVU16
  82              		.loc 1 102 23 is_stmt 0 view .LVU17
  83 002c 656A     		ldr	r5, [r4, #36]
  84              	.LVL6:
 103:Middlewares/ST/usbx/common/core/src/ux_device_stack_interface_delete.c ****         
 104:Middlewares/ST/usbx/common/core/src/ux_device_stack_interface_delete.c ****         /* Get the pointer to the DCD.  */
 105:Middlewares/ST/usbx/common/core/src/ux_device_stack_interface_delete.c ****         dcd =  &_ux_system_slave->ux_system_slave_dcd;
  85              		.loc 1 105 9 is_stmt 1 view .LVU18
  86              		.loc 1 105 33 is_stmt 0 view .LVU19
  87 002e 0D4B     		ldr	r3, .L5
  88 0030 1868     		ldr	r0, [r3]
  89              	.LVL7:
 106:Middlewares/ST/usbx/common/core/src/ux_device_stack_interface_delete.c **** 
 107:Middlewares/ST/usbx/common/core/src/ux_device_stack_interface_delete.c ****         /* The endpoint must be destroyed.  */
 108:Middlewares/ST/usbx/common/core/src/ux_device_stack_interface_delete.c ****         dcd -> ux_slave_dcd_function(dcd, UX_DCD_DESTROY_ENDPOINT, endpoint);
  90              		.loc 1 108 9 is_stmt 1 view .LVU20
  91              		.loc 1 108 13 is_stmt 0 view .LVU21
  92 0032 8369     		ldr	r3, [r0, #24]
  93              		.loc 1 108 9 view .LVU22
  94 0034 2246     		mov	r2, r4
  95 0036 0F21     		movs	r1, #15
  96 0038 9847     		blx	r3
  97              	.LVL8:
 109:Middlewares/ST/usbx/common/core/src/ux_device_stack_interface_delete.c **** 
 110:Middlewares/ST/usbx/common/core/src/ux_device_stack_interface_delete.c ****         /* Free the endpoint.  */
 111:Middlewares/ST/usbx/common/core/src/ux_device_stack_interface_delete.c ****         endpoint -> ux_slave_endpoint_status =  UX_UNUSED;
  98              		.loc 1 111 9 is_stmt 1 view .LVU23
  99              		.loc 1 111 46 is_stmt 0 view .LVU24
 100 003a 0023     		movs	r3, #0
 101 003c 2360     		str	r3, [r4]
 112:Middlewares/ST/usbx/common/core/src/ux_device_stack_interface_delete.c **** 
 113:Middlewares/ST/usbx/common/core/src/ux_device_stack_interface_delete.c ****         /* Make sure the endpoint instance is now cleaned up.  */
 114:Middlewares/ST/usbx/common/core/src/ux_device_stack_interface_delete.c ****         endpoint -> ux_slave_endpoint_state =  0;
 102              		.loc 1 114 9 is_stmt 1 view .LVU25
 103              		.loc 1 114 45 is_stmt 0 view .LVU26
 104 003e 6360     		str	r3, [r4, #4]
 115:Middlewares/ST/usbx/common/core/src/ux_device_stack_interface_delete.c ****         endpoint -> ux_slave_endpoint_next_endpoint =  UX_NULL;
 105              		.loc 1 115 9 is_stmt 1 view .LVU27
 106              		.loc 1 115 53 is_stmt 0 view .LVU28
 107 0040 6362     		str	r3, [r4, #36]
 116:Middlewares/ST/usbx/common/core/src/ux_device_stack_interface_delete.c ****         endpoint -> ux_slave_endpoint_interface =  UX_NULL;
 108              		.loc 1 116 9 is_stmt 1 view .LVU29
 109              		.loc 1 116 49 is_stmt 0 view .LVU30
 110 0042 A362     		str	r3, [r4, #40]
 117:Middlewares/ST/usbx/common/core/src/ux_device_stack_interface_delete.c ****         endpoint -> ux_slave_endpoint_device =  UX_NULL;
 111              		.loc 1 117 9 is_stmt 1 view .LVU31
 112              		.loc 1 117 46 is_stmt 0 view .LVU32
ARM GAS  /tmp/ccFF2ZgY.s 			page 5


 113 0044 E362     		str	r3, [r4, #44]
 102:Middlewares/ST/usbx/common/core/src/ux_device_stack_interface_delete.c ****         
 114              		.loc 1 102 23 view .LVU33
 115 0046 2C46     		mov	r4, r5
 116              	.LVL9:
 117              	.L2:
  95:Middlewares/ST/usbx/common/core/src/ux_device_stack_interface_delete.c ****     {
 118              		.loc 1 95 26 is_stmt 1 view .LVU34
 119 0048 002C     		cmp	r4, #0
 120 004a EFD1     		bne	.L3
 118:Middlewares/ST/usbx/common/core/src/ux_device_stack_interface_delete.c ****     }        
 119:Middlewares/ST/usbx/common/core/src/ux_device_stack_interface_delete.c **** 
 120:Middlewares/ST/usbx/common/core/src/ux_device_stack_interface_delete.c ****     /* It's always from first one (to delete).  */
 121:Middlewares/ST/usbx/common/core/src/ux_device_stack_interface_delete.c ****     /* Rebuild the first link.  */
 122:Middlewares/ST/usbx/common/core/src/ux_device_stack_interface_delete.c ****     device -> ux_slave_device_first_interface =  interface -> ux_slave_interface_next_interface;
 121              		.loc 1 122 5 view .LVU35
 122              		.loc 1 122 60 is_stmt 0 view .LVU36
 123 004c 336B     		ldr	r3, [r6, #48]
 124              		.loc 1 122 47 view .LVU37
 125 004e C7F81031 		str	r3, [r7, #272]
 123:Middlewares/ST/usbx/common/core/src/ux_device_stack_interface_delete.c **** 
 124:Middlewares/ST/usbx/common/core/src/ux_device_stack_interface_delete.c ****     /* The interface is removed from the link, its memory must be cleaned and returned to the pool.
 125:Middlewares/ST/usbx/common/core/src/ux_device_stack_interface_delete.c ****     interface -> ux_slave_interface_class          =  UX_NULL;
 126              		.loc 1 125 5 is_stmt 1 view .LVU38
 127              		.loc 1 125 52 is_stmt 0 view .LVU39
 128 0052 0020     		movs	r0, #0
 129 0054 7060     		str	r0, [r6, #4]
 126:Middlewares/ST/usbx/common/core/src/ux_device_stack_interface_delete.c ****     interface -> ux_slave_interface_class_instance =  UX_NULL;
 130              		.loc 1 126 5 is_stmt 1 view .LVU40
 131              		.loc 1 126 52 is_stmt 0 view .LVU41
 132 0056 B060     		str	r0, [r6, #8]
 127:Middlewares/ST/usbx/common/core/src/ux_device_stack_interface_delete.c ****     interface -> ux_slave_interface_next_interface =  UX_NULL;
 133              		.loc 1 127 5 is_stmt 1 view .LVU42
 134              		.loc 1 127 52 is_stmt 0 view .LVU43
 135 0058 3063     		str	r0, [r6, #48]
 128:Middlewares/ST/usbx/common/core/src/ux_device_stack_interface_delete.c ****     interface -> ux_slave_interface_first_endpoint =  UX_NULL;
 136              		.loc 1 128 5 is_stmt 1 view .LVU44
 137              		.loc 1 128 52 is_stmt 0 view .LVU45
 138 005a 7063     		str	r0, [r6, #52]
 129:Middlewares/ST/usbx/common/core/src/ux_device_stack_interface_delete.c ****     interface -> ux_slave_interface_status         =  UX_UNUSED;
 139              		.loc 1 129 5 is_stmt 1 view .LVU46
 140              		.loc 1 129 52 is_stmt 0 view .LVU47
 141 005c 3060     		str	r0, [r6]
 130:Middlewares/ST/usbx/common/core/src/ux_device_stack_interface_delete.c **** 
 131:Middlewares/ST/usbx/common/core/src/ux_device_stack_interface_delete.c ****     /* Return successful completion.  */    
 132:Middlewares/ST/usbx/common/core/src/ux_device_stack_interface_delete.c ****     return(UX_SUCCESS);       
 142              		.loc 1 132 5 is_stmt 1 view .LVU48
 133:Middlewares/ST/usbx/common/core/src/ux_device_stack_interface_delete.c **** }
 143              		.loc 1 133 1 is_stmt 0 view .LVU49
 144 005e 05B0     		add	sp, sp, #20
 145              	.LCFI2:
 146              		.cfi_def_cfa_offset 20
 147              		@ sp needed
 148 0060 F0BD     		pop	{r4, r5, r6, r7, pc}
 149              	.LVL10:
 150              	.L6:
 151              		.loc 1 133 1 view .LVU50
ARM GAS  /tmp/ccFF2ZgY.s 			page 6


 152 0062 00BF     		.align	2
 153              	.L5:
 154 0064 00000000 		.word	_ux_system_slave
 155              		.cfi_endproc
 156              	.LFE11:
 158              		.text
 159              	.Letext0:
 160              		.file 2 "Middlewares/ST/threadx/ports/cortex_m7/gnu/inc/tx_port.h"
 161              		.file 3 "Middlewares/ST/threadx/common/inc/tx_api.h"
 162              		.file 4 "Middlewares/ST/threadx/common/inc/tx_trace.h"
 163              		.file 5 "Middlewares/ST/usbx/common/core/inc/ux_api.h"
 164              		.file 6 "Middlewares/ST/usbx/common/core/inc/ux_system.h"
ARM GAS  /tmp/ccFF2ZgY.s 			page 7


DEFINED SYMBOLS
                            *ABS*:00000000 ux_device_stack_interface_delete.c
     /tmp/ccFF2ZgY.s:20     .text._ux_device_stack_interface_delete:00000000 $t
     /tmp/ccFF2ZgY.s:26     .text._ux_device_stack_interface_delete:00000000 _ux_device_stack_interface_delete
     /tmp/ccFF2ZgY.s:154    .text._ux_device_stack_interface_delete:00000064 $d

UNDEFINED SYMBOLS
_ux_trace_object_unregister
_ux_trace_event_insert
_ux_system_slave
