ARM GAS  /tmp/cckIxTGp.s 			page 1


   1              		.cpu cortex-m7
   2              		.arch armv7e-m
   3              		.fpu fpv5-d16
   4              		.eabi_attribute 28, 1
   5              		.eabi_attribute 20, 1
   6              		.eabi_attribute 21, 1
   7              		.eabi_attribute 23, 3
   8              		.eabi_attribute 24, 1
   9              		.eabi_attribute 25, 1
  10              		.eabi_attribute 26, 1
  11              		.eabi_attribute 30, 1
  12              		.eabi_attribute 34, 1
  13              		.eabi_attribute 18, 4
  14              		.file	"ux_device_stack_configuration_get.c"
  15              		.text
  16              	.Ltext0:
  17              		.cfi_sections	.debug_frame
  18              		.file 1 "Middlewares/ST/usbx/common/core/src/ux_device_stack_configuration_get.c"
  19              		.section	.text._ux_device_stack_configuration_get,"ax",%progbits
  20              		.align	1
  21              		.global	_ux_device_stack_configuration_get
  22              		.syntax unified
  23              		.thumb
  24              		.thumb_func
  26              	_ux_device_stack_configuration_get:
  27              	.LFB11:
   1:Middlewares/ST/usbx/common/core/src/ux_device_stack_configuration_get.c **** /**************************************************************************/
   2:Middlewares/ST/usbx/common/core/src/ux_device_stack_configuration_get.c **** /*                                                                        */
   3:Middlewares/ST/usbx/common/core/src/ux_device_stack_configuration_get.c **** /*       Copyright (c) Microsoft Corporation. All rights reserved.        */
   4:Middlewares/ST/usbx/common/core/src/ux_device_stack_configuration_get.c **** /*                                                                        */
   5:Middlewares/ST/usbx/common/core/src/ux_device_stack_configuration_get.c **** /*       This software is licensed under the Microsoft Software License   */
   6:Middlewares/ST/usbx/common/core/src/ux_device_stack_configuration_get.c **** /*       Terms for Microsoft Azure RTOS. Full text of the license can be  */
   7:Middlewares/ST/usbx/common/core/src/ux_device_stack_configuration_get.c **** /*       found in the LICENSE file at https://aka.ms/AzureRTOS_EULA       */
   8:Middlewares/ST/usbx/common/core/src/ux_device_stack_configuration_get.c **** /*       and in the root directory of this software.                      */
   9:Middlewares/ST/usbx/common/core/src/ux_device_stack_configuration_get.c **** /*                                                                        */
  10:Middlewares/ST/usbx/common/core/src/ux_device_stack_configuration_get.c **** /**************************************************************************/
  11:Middlewares/ST/usbx/common/core/src/ux_device_stack_configuration_get.c **** 
  12:Middlewares/ST/usbx/common/core/src/ux_device_stack_configuration_get.c **** 
  13:Middlewares/ST/usbx/common/core/src/ux_device_stack_configuration_get.c **** /**************************************************************************/
  14:Middlewares/ST/usbx/common/core/src/ux_device_stack_configuration_get.c **** /**************************************************************************/
  15:Middlewares/ST/usbx/common/core/src/ux_device_stack_configuration_get.c **** /**                                                                       */ 
  16:Middlewares/ST/usbx/common/core/src/ux_device_stack_configuration_get.c **** /** USBX Component                                                        */ 
  17:Middlewares/ST/usbx/common/core/src/ux_device_stack_configuration_get.c **** /**                                                                       */
  18:Middlewares/ST/usbx/common/core/src/ux_device_stack_configuration_get.c **** /**   Device Stack                                                        */
  19:Middlewares/ST/usbx/common/core/src/ux_device_stack_configuration_get.c **** /**                                                                       */
  20:Middlewares/ST/usbx/common/core/src/ux_device_stack_configuration_get.c **** /**************************************************************************/
  21:Middlewares/ST/usbx/common/core/src/ux_device_stack_configuration_get.c **** /**************************************************************************/
  22:Middlewares/ST/usbx/common/core/src/ux_device_stack_configuration_get.c **** 
  23:Middlewares/ST/usbx/common/core/src/ux_device_stack_configuration_get.c **** #define UX_SOURCE_CODE
  24:Middlewares/ST/usbx/common/core/src/ux_device_stack_configuration_get.c **** 
  25:Middlewares/ST/usbx/common/core/src/ux_device_stack_configuration_get.c **** 
  26:Middlewares/ST/usbx/common/core/src/ux_device_stack_configuration_get.c **** /* Include necessary system files.  */
  27:Middlewares/ST/usbx/common/core/src/ux_device_stack_configuration_get.c **** 
  28:Middlewares/ST/usbx/common/core/src/ux_device_stack_configuration_get.c **** #include "ux_api.h"
  29:Middlewares/ST/usbx/common/core/src/ux_device_stack_configuration_get.c **** #include "ux_device_stack.h"
  30:Middlewares/ST/usbx/common/core/src/ux_device_stack_configuration_get.c **** 
  31:Middlewares/ST/usbx/common/core/src/ux_device_stack_configuration_get.c **** 
ARM GAS  /tmp/cckIxTGp.s 			page 2


  32:Middlewares/ST/usbx/common/core/src/ux_device_stack_configuration_get.c **** /**************************************************************************/
  33:Middlewares/ST/usbx/common/core/src/ux_device_stack_configuration_get.c **** /*                                                                        */
  34:Middlewares/ST/usbx/common/core/src/ux_device_stack_configuration_get.c **** /*  FUNCTION                                               RELEASE        */
  35:Middlewares/ST/usbx/common/core/src/ux_device_stack_configuration_get.c **** /*                                                                        */
  36:Middlewares/ST/usbx/common/core/src/ux_device_stack_configuration_get.c **** /*    _ux_device_stack_configuration_get                  PORTABLE C      */
  37:Middlewares/ST/usbx/common/core/src/ux_device_stack_configuration_get.c **** /*                                                           6.1          */
  38:Middlewares/ST/usbx/common/core/src/ux_device_stack_configuration_get.c **** /*  AUTHOR                                                                */
  39:Middlewares/ST/usbx/common/core/src/ux_device_stack_configuration_get.c **** /*                                                                        */
  40:Middlewares/ST/usbx/common/core/src/ux_device_stack_configuration_get.c **** /*    Chaoqiong Xiao, Microsoft Corporation                               */
  41:Middlewares/ST/usbx/common/core/src/ux_device_stack_configuration_get.c **** /*                                                                        */
  42:Middlewares/ST/usbx/common/core/src/ux_device_stack_configuration_get.c **** /*  DESCRIPTION                                                           */
  43:Middlewares/ST/usbx/common/core/src/ux_device_stack_configuration_get.c **** /*                                                                        */
  44:Middlewares/ST/usbx/common/core/src/ux_device_stack_configuration_get.c **** /*    This function gets the current configuration for the device.        */
  45:Middlewares/ST/usbx/common/core/src/ux_device_stack_configuration_get.c **** /*                                                                        */
  46:Middlewares/ST/usbx/common/core/src/ux_device_stack_configuration_get.c **** /*  INPUT                                                                 */
  47:Middlewares/ST/usbx/common/core/src/ux_device_stack_configuration_get.c **** /*                                                                        */
  48:Middlewares/ST/usbx/common/core/src/ux_device_stack_configuration_get.c **** /*    None                                                                */ 
  49:Middlewares/ST/usbx/common/core/src/ux_device_stack_configuration_get.c **** /*                                                                        */
  50:Middlewares/ST/usbx/common/core/src/ux_device_stack_configuration_get.c **** /*  OUTPUT                                                                */
  51:Middlewares/ST/usbx/common/core/src/ux_device_stack_configuration_get.c **** /*                                                                        */
  52:Middlewares/ST/usbx/common/core/src/ux_device_stack_configuration_get.c **** /*    Completion Status                                                   */ 
  53:Middlewares/ST/usbx/common/core/src/ux_device_stack_configuration_get.c **** /*                                                                        */
  54:Middlewares/ST/usbx/common/core/src/ux_device_stack_configuration_get.c **** /*  CALLS                                                                 */ 
  55:Middlewares/ST/usbx/common/core/src/ux_device_stack_configuration_get.c **** /*                                                                        */ 
  56:Middlewares/ST/usbx/common/core/src/ux_device_stack_configuration_get.c **** /*    _ux_device_stack_transfer_request     Transfer request              */ 
  57:Middlewares/ST/usbx/common/core/src/ux_device_stack_configuration_get.c **** /*                                                                        */ 
  58:Middlewares/ST/usbx/common/core/src/ux_device_stack_configuration_get.c **** /*  CALLED BY                                                             */ 
  59:Middlewares/ST/usbx/common/core/src/ux_device_stack_configuration_get.c **** /*                                                                        */ 
  60:Middlewares/ST/usbx/common/core/src/ux_device_stack_configuration_get.c **** /*    Application                                                         */ 
  61:Middlewares/ST/usbx/common/core/src/ux_device_stack_configuration_get.c **** /*    Device Stack                                                        */
  62:Middlewares/ST/usbx/common/core/src/ux_device_stack_configuration_get.c **** /*                                                                        */ 
  63:Middlewares/ST/usbx/common/core/src/ux_device_stack_configuration_get.c **** /*  RELEASE HISTORY                                                       */ 
  64:Middlewares/ST/usbx/common/core/src/ux_device_stack_configuration_get.c **** /*                                                                        */ 
  65:Middlewares/ST/usbx/common/core/src/ux_device_stack_configuration_get.c **** /*    DATE              NAME                      DESCRIPTION             */ 
  66:Middlewares/ST/usbx/common/core/src/ux_device_stack_configuration_get.c **** /*                                                                        */ 
  67:Middlewares/ST/usbx/common/core/src/ux_device_stack_configuration_get.c **** /*  05-19-2020     Chaoqiong Xiao           Initial Version 6.0           */
  68:Middlewares/ST/usbx/common/core/src/ux_device_stack_configuration_get.c **** /*  09-30-2020     Chaoqiong Xiao           Modified comment(s),          */
  69:Middlewares/ST/usbx/common/core/src/ux_device_stack_configuration_get.c **** /*                                            resulting in version 6.1    */
  70:Middlewares/ST/usbx/common/core/src/ux_device_stack_configuration_get.c **** /*                                                                        */
  71:Middlewares/ST/usbx/common/core/src/ux_device_stack_configuration_get.c **** /**************************************************************************/
  72:Middlewares/ST/usbx/common/core/src/ux_device_stack_configuration_get.c **** UINT  _ux_device_stack_configuration_get(VOID)
  73:Middlewares/ST/usbx/common/core/src/ux_device_stack_configuration_get.c **** {
  28              		.loc 1 73 1 view -0
  29              		.cfi_startproc
  30              		@ args = 0, pretend = 0, frame = 0
  31              		@ frame_needed = 0, uses_anonymous_args = 0
  32 0000 30B5     		push	{r4, r5, lr}
  33              	.LCFI0:
  34              		.cfi_def_cfa_offset 12
  35              		.cfi_offset 4, -12
  36              		.cfi_offset 5, -8
  37              		.cfi_offset 14, -4
  38 0002 85B0     		sub	sp, sp, #20
  39              	.LCFI1:
  40              		.cfi_def_cfa_offset 32
  74:Middlewares/ST/usbx/common/core/src/ux_device_stack_configuration_get.c **** 
  75:Middlewares/ST/usbx/common/core/src/ux_device_stack_configuration_get.c **** UX_SLAVE_TRANSFER       *transfer_request;
ARM GAS  /tmp/cckIxTGp.s 			page 3


  41              		.loc 1 75 1 view .LVU1
  76:Middlewares/ST/usbx/common/core/src/ux_device_stack_configuration_get.c **** UX_SLAVE_DEVICE         *device;
  42              		.loc 1 76 1 view .LVU2
  77:Middlewares/ST/usbx/common/core/src/ux_device_stack_configuration_get.c **** UX_SLAVE_ENDPOINT       *endpoint;
  43              		.loc 1 77 1 view .LVU3
  78:Middlewares/ST/usbx/common/core/src/ux_device_stack_configuration_get.c **** UINT                    status;
  44              		.loc 1 78 1 view .LVU4
  79:Middlewares/ST/usbx/common/core/src/ux_device_stack_configuration_get.c **** 
  80:Middlewares/ST/usbx/common/core/src/ux_device_stack_configuration_get.c ****     /* Get the pointer to the device.  */
  81:Middlewares/ST/usbx/common/core/src/ux_device_stack_configuration_get.c ****     device =  &_ux_system_slave -> ux_system_slave_device;
  45              		.loc 1 81 5 view .LVU5
  46              		.loc 1 81 33 is_stmt 0 view .LVU6
  47 0004 104B     		ldr	r3, .L3
  48 0006 1C68     		ldr	r4, [r3]
  49              	.LVL0:
  82:Middlewares/ST/usbx/common/core/src/ux_device_stack_configuration_get.c **** 
  83:Middlewares/ST/usbx/common/core/src/ux_device_stack_configuration_get.c ****     /* Get the control endpoint for the device.  */
  84:Middlewares/ST/usbx/common/core/src/ux_device_stack_configuration_get.c ****     endpoint =  &device -> ux_slave_device_control_endpoint;
  50              		.loc 1 84 5 is_stmt 1 view .LVU7
  85:Middlewares/ST/usbx/common/core/src/ux_device_stack_configuration_get.c **** 
  86:Middlewares/ST/usbx/common/core/src/ux_device_stack_configuration_get.c ****     /* Get the pointer to the transfer request associated with the endpoint.  */
  87:Middlewares/ST/usbx/common/core/src/ux_device_stack_configuration_get.c ****     transfer_request =  &endpoint -> ux_slave_endpoint_transfer_request;
  51              		.loc 1 87 5 view .LVU8
  52              		.loc 1 87 22 is_stmt 0 view .LVU9
  53 0008 04F18C05 		add	r5, r4, #140
  54              	.LVL1:
  88:Middlewares/ST/usbx/common/core/src/ux_device_stack_configuration_get.c **** 
  89:Middlewares/ST/usbx/common/core/src/ux_device_stack_configuration_get.c ****     /* Set the value of the configuration in the buffer.  */
  90:Middlewares/ST/usbx/common/core/src/ux_device_stack_configuration_get.c ****     *transfer_request -> ux_slave_transfer_request_data_pointer =
  55              		.loc 1 90 5 is_stmt 1 view .LVU10
  56              		.loc 1 90 23 is_stmt 0 view .LVU11
  57 000c D4F89830 		ldr	r3, [r4, #152]
  91:Middlewares/ST/usbx/common/core/src/ux_device_stack_configuration_get.c ****                 (UCHAR) device -> ux_slave_device_configuration_selected;
  58              		.loc 1 91 17 view .LVU12
  59 0010 94F8EC20 		ldrb	r2, [r4, #236]	@ zero_extendqisi2
  90:Middlewares/ST/usbx/common/core/src/ux_device_stack_configuration_get.c ****                 (UCHAR) device -> ux_slave_device_configuration_selected;
  60              		.loc 1 90 65 view .LVU13
  61 0014 1A70     		strb	r2, [r3]
  92:Middlewares/ST/usbx/common/core/src/ux_device_stack_configuration_get.c **** 
  93:Middlewares/ST/usbx/common/core/src/ux_device_stack_configuration_get.c ****     /* If trace is enabled, insert this event into the trace buffer.  */
  94:Middlewares/ST/usbx/common/core/src/ux_device_stack_configuration_get.c ****     UX_TRACE_IN_LINE_INSERT(UX_TRACE_DEVICE_STACK_CONFIGURATION_GET, device -> ux_slave_device_conf
  62              		.loc 1 94 5 is_stmt 1 view .LVU14
  63 0016 D4F8EC10 		ldr	r1, [r4, #236]
  64 001a 0022     		movs	r2, #0
  65 001c 0392     		str	r2, [sp, #12]
  66 001e 0292     		str	r2, [sp, #8]
  67 0020 4FF08063 		mov	r3, #67108864
  68 0024 0193     		str	r3, [sp, #4]
  69 0026 0092     		str	r2, [sp]
  70 0028 1346     		mov	r3, r2
  71 002a 40F25730 		movw	r0, #855
  72 002e FFF7FEFF 		bl	_ux_trace_event_insert
  73              	.LVL2:
  95:Middlewares/ST/usbx/common/core/src/ux_device_stack_configuration_get.c **** 
  96:Middlewares/ST/usbx/common/core/src/ux_device_stack_configuration_get.c ****     /* Set the phase of the transfer to data out.  */
  97:Middlewares/ST/usbx/common/core/src/ux_device_stack_configuration_get.c ****     transfer_request -> ux_slave_transfer_request_phase =  UX_TRANSFER_PHASE_DATA_OUT;
  74              		.loc 1 97 5 view .LVU15
ARM GAS  /tmp/cckIxTGp.s 			page 4


  75              		.loc 1 97 57 is_stmt 0 view .LVU16
  76 0032 0323     		movs	r3, #3
  77 0034 C4F8B430 		str	r3, [r4, #180]
  98:Middlewares/ST/usbx/common/core/src/ux_device_stack_configuration_get.c **** 
  99:Middlewares/ST/usbx/common/core/src/ux_device_stack_configuration_get.c ****     /* Send the descriptor with the appropriate length to the host.  */
 100:Middlewares/ST/usbx/common/core/src/ux_device_stack_configuration_get.c ****     status =  _ux_device_stack_transfer_request(transfer_request, 1, 1);
  78              		.loc 1 100 5 is_stmt 1 view .LVU17
  79              		.loc 1 100 15 is_stmt 0 view .LVU18
  80 0038 0122     		movs	r2, #1
  81 003a 1146     		mov	r1, r2
  82 003c 2846     		mov	r0, r5
  83 003e FFF7FEFF 		bl	_ux_device_stack_transfer_request
  84              	.LVL3:
 101:Middlewares/ST/usbx/common/core/src/ux_device_stack_configuration_get.c **** 
 102:Middlewares/ST/usbx/common/core/src/ux_device_stack_configuration_get.c ****     /* Return the function status.  */
 103:Middlewares/ST/usbx/common/core/src/ux_device_stack_configuration_get.c ****     return(status);
  85              		.loc 1 103 5 is_stmt 1 view .LVU19
 104:Middlewares/ST/usbx/common/core/src/ux_device_stack_configuration_get.c **** }
  86              		.loc 1 104 1 is_stmt 0 view .LVU20
  87 0042 05B0     		add	sp, sp, #20
  88              	.LCFI2:
  89              		.cfi_def_cfa_offset 12
  90              		@ sp needed
  91 0044 30BD     		pop	{r4, r5, pc}
  92              	.LVL4:
  93              	.L4:
  94              		.loc 1 104 1 view .LVU21
  95 0046 00BF     		.align	2
  96              	.L3:
  97 0048 00000000 		.word	_ux_system_slave
  98              		.cfi_endproc
  99              	.LFE11:
 101              		.text
 102              	.Letext0:
 103              		.file 2 "Middlewares/ST/threadx/ports/cortex_m7/gnu/inc/tx_port.h"
 104              		.file 3 "Middlewares/ST/threadx/common/inc/tx_api.h"
 105              		.file 4 "Middlewares/ST/threadx/common/inc/tx_trace.h"
 106              		.file 5 "Middlewares/ST/usbx/common/core/inc/ux_api.h"
 107              		.file 6 "Middlewares/ST/usbx/common/core/inc/ux_system.h"
 108              		.file 7 "Middlewares/ST/usbx/common/core/inc/ux_device_stack.h"
ARM GAS  /tmp/cckIxTGp.s 			page 5


DEFINED SYMBOLS
                            *ABS*:00000000 ux_device_stack_configuration_get.c
     /tmp/cckIxTGp.s:20     .text._ux_device_stack_configuration_get:00000000 $t
     /tmp/cckIxTGp.s:26     .text._ux_device_stack_configuration_get:00000000 _ux_device_stack_configuration_get
     /tmp/cckIxTGp.s:97     .text._ux_device_stack_configuration_get:00000048 $d

UNDEFINED SYMBOLS
_ux_trace_event_insert
_ux_device_stack_transfer_request
_ux_system_slave
