ARM GAS  /tmp/cc4YCgFd.s 			page 1


   1              		.cpu cortex-m7
   2              		.arch armv7e-m
   3              		.fpu fpv5-d16
   4              		.eabi_attribute 28, 1
   5              		.eabi_attribute 20, 1
   6              		.eabi_attribute 21, 1
   7              		.eabi_attribute 23, 3
   8              		.eabi_attribute 24, 1
   9              		.eabi_attribute 25, 1
  10              		.eabi_attribute 26, 1
  11              		.eabi_attribute 30, 1
  12              		.eabi_attribute 34, 1
  13              		.eabi_attribute 18, 4
  14              		.file	"ux_host_stack_hcd_transfer_request.c"
  15              		.text
  16              	.Ltext0:
  17              		.cfi_sections	.debug_frame
  18              		.file 1 "Middlewares/ST/usbx/common/core/src/ux_host_stack_hcd_transfer_request.c"
  19              		.section	.text._ux_host_stack_hcd_transfer_request,"ax",%progbits
  20              		.align	1
  21              		.global	_ux_host_stack_hcd_transfer_request
  22              		.syntax unified
  23              		.thumb
  24              		.thumb_func
  26              	_ux_host_stack_hcd_transfer_request:
  27              	.LVL0:
  28              	.LFB11:
   1:Middlewares/ST/usbx/common/core/src/ux_host_stack_hcd_transfer_request.c **** /**************************************************************************/
   2:Middlewares/ST/usbx/common/core/src/ux_host_stack_hcd_transfer_request.c **** /*                                                                        */
   3:Middlewares/ST/usbx/common/core/src/ux_host_stack_hcd_transfer_request.c **** /*       Copyright (c) Microsoft Corporation. All rights reserved.        */
   4:Middlewares/ST/usbx/common/core/src/ux_host_stack_hcd_transfer_request.c **** /*                                                                        */
   5:Middlewares/ST/usbx/common/core/src/ux_host_stack_hcd_transfer_request.c **** /*       This software is licensed under the Microsoft Software License   */
   6:Middlewares/ST/usbx/common/core/src/ux_host_stack_hcd_transfer_request.c **** /*       Terms for Microsoft Azure RTOS. Full text of the license can be  */
   7:Middlewares/ST/usbx/common/core/src/ux_host_stack_hcd_transfer_request.c **** /*       found in the LICENSE file at https://aka.ms/AzureRTOS_EULA       */
   8:Middlewares/ST/usbx/common/core/src/ux_host_stack_hcd_transfer_request.c **** /*       and in the root directory of this software.                      */
   9:Middlewares/ST/usbx/common/core/src/ux_host_stack_hcd_transfer_request.c **** /*                                                                        */
  10:Middlewares/ST/usbx/common/core/src/ux_host_stack_hcd_transfer_request.c **** /**************************************************************************/
  11:Middlewares/ST/usbx/common/core/src/ux_host_stack_hcd_transfer_request.c **** 
  12:Middlewares/ST/usbx/common/core/src/ux_host_stack_hcd_transfer_request.c **** 
  13:Middlewares/ST/usbx/common/core/src/ux_host_stack_hcd_transfer_request.c **** /**************************************************************************/
  14:Middlewares/ST/usbx/common/core/src/ux_host_stack_hcd_transfer_request.c **** /**************************************************************************/
  15:Middlewares/ST/usbx/common/core/src/ux_host_stack_hcd_transfer_request.c **** /**                                                                       */ 
  16:Middlewares/ST/usbx/common/core/src/ux_host_stack_hcd_transfer_request.c **** /** USBX Component                                                        */ 
  17:Middlewares/ST/usbx/common/core/src/ux_host_stack_hcd_transfer_request.c **** /**                                                                       */
  18:Middlewares/ST/usbx/common/core/src/ux_host_stack_hcd_transfer_request.c **** /**   Host Stack                                                          */
  19:Middlewares/ST/usbx/common/core/src/ux_host_stack_hcd_transfer_request.c **** /**                                                                       */
  20:Middlewares/ST/usbx/common/core/src/ux_host_stack_hcd_transfer_request.c **** /**************************************************************************/
  21:Middlewares/ST/usbx/common/core/src/ux_host_stack_hcd_transfer_request.c **** /**************************************************************************/
  22:Middlewares/ST/usbx/common/core/src/ux_host_stack_hcd_transfer_request.c **** 
  23:Middlewares/ST/usbx/common/core/src/ux_host_stack_hcd_transfer_request.c **** 
  24:Middlewares/ST/usbx/common/core/src/ux_host_stack_hcd_transfer_request.c **** /* Include necessary system files.  */
  25:Middlewares/ST/usbx/common/core/src/ux_host_stack_hcd_transfer_request.c **** 
  26:Middlewares/ST/usbx/common/core/src/ux_host_stack_hcd_transfer_request.c **** #define UX_SOURCE_CODE
  27:Middlewares/ST/usbx/common/core/src/ux_host_stack_hcd_transfer_request.c **** 
  28:Middlewares/ST/usbx/common/core/src/ux_host_stack_hcd_transfer_request.c **** #include "ux_api.h"
  29:Middlewares/ST/usbx/common/core/src/ux_host_stack_hcd_transfer_request.c **** #include "ux_host_stack.h"
  30:Middlewares/ST/usbx/common/core/src/ux_host_stack_hcd_transfer_request.c **** 
ARM GAS  /tmp/cc4YCgFd.s 			page 2


  31:Middlewares/ST/usbx/common/core/src/ux_host_stack_hcd_transfer_request.c **** 
  32:Middlewares/ST/usbx/common/core/src/ux_host_stack_hcd_transfer_request.c **** /**************************************************************************/ 
  33:Middlewares/ST/usbx/common/core/src/ux_host_stack_hcd_transfer_request.c **** /*                                                                        */ 
  34:Middlewares/ST/usbx/common/core/src/ux_host_stack_hcd_transfer_request.c **** /*  FUNCTION                                               RELEASE        */ 
  35:Middlewares/ST/usbx/common/core/src/ux_host_stack_hcd_transfer_request.c **** /*                                                                        */ 
  36:Middlewares/ST/usbx/common/core/src/ux_host_stack_hcd_transfer_request.c **** /*    _ux_host_stack_hcd_transfer_request                 PORTABLE C      */ 
  37:Middlewares/ST/usbx/common/core/src/ux_host_stack_hcd_transfer_request.c **** /*                                                           6.1          */
  38:Middlewares/ST/usbx/common/core/src/ux_host_stack_hcd_transfer_request.c **** /*  AUTHOR                                                                */
  39:Middlewares/ST/usbx/common/core/src/ux_host_stack_hcd_transfer_request.c **** /*                                                                        */
  40:Middlewares/ST/usbx/common/core/src/ux_host_stack_hcd_transfer_request.c **** /*    Chaoqiong Xiao, Microsoft Corporation                               */
  41:Middlewares/ST/usbx/common/core/src/ux_host_stack_hcd_transfer_request.c **** /*                                                                        */
  42:Middlewares/ST/usbx/common/core/src/ux_host_stack_hcd_transfer_request.c **** /*  DESCRIPTION                                                           */
  43:Middlewares/ST/usbx/common/core/src/ux_host_stack_hcd_transfer_request.c **** /*                                                                        */ 
  44:Middlewares/ST/usbx/common/core/src/ux_host_stack_hcd_transfer_request.c **** /*    This function will route the transfer_request to the appropriate    */ 
  45:Middlewares/ST/usbx/common/core/src/ux_host_stack_hcd_transfer_request.c **** /*    HCD for transfer.                                                   */ 
  46:Middlewares/ST/usbx/common/core/src/ux_host_stack_hcd_transfer_request.c **** /*                                                                        */ 
  47:Middlewares/ST/usbx/common/core/src/ux_host_stack_hcd_transfer_request.c **** /*  INPUT                                                                 */ 
  48:Middlewares/ST/usbx/common/core/src/ux_host_stack_hcd_transfer_request.c **** /*                                                                        */ 
  49:Middlewares/ST/usbx/common/core/src/ux_host_stack_hcd_transfer_request.c **** /*    transfer_request                      Pointer to transfer request   */ 
  50:Middlewares/ST/usbx/common/core/src/ux_host_stack_hcd_transfer_request.c **** /*                                                                        */ 
  51:Middlewares/ST/usbx/common/core/src/ux_host_stack_hcd_transfer_request.c **** /*  OUTPUT                                                                */ 
  52:Middlewares/ST/usbx/common/core/src/ux_host_stack_hcd_transfer_request.c **** /*                                                                        */ 
  53:Middlewares/ST/usbx/common/core/src/ux_host_stack_hcd_transfer_request.c **** /*    Completion Status                                                   */ 
  54:Middlewares/ST/usbx/common/core/src/ux_host_stack_hcd_transfer_request.c **** /*                                                                        */ 
  55:Middlewares/ST/usbx/common/core/src/ux_host_stack_hcd_transfer_request.c **** /*  CALLS                                                                 */ 
  56:Middlewares/ST/usbx/common/core/src/ux_host_stack_hcd_transfer_request.c **** /*                                                                        */ 
  57:Middlewares/ST/usbx/common/core/src/ux_host_stack_hcd_transfer_request.c **** /*    (ux_hcd_entry_function)               HCD's entry function          */ 
  58:Middlewares/ST/usbx/common/core/src/ux_host_stack_hcd_transfer_request.c **** /*                                                                        */ 
  59:Middlewares/ST/usbx/common/core/src/ux_host_stack_hcd_transfer_request.c **** /*  CALLED BY                                                             */ 
  60:Middlewares/ST/usbx/common/core/src/ux_host_stack_hcd_transfer_request.c **** /*                                                                        */ 
  61:Middlewares/ST/usbx/common/core/src/ux_host_stack_hcd_transfer_request.c **** /*    USBX Components                                                     */ 
  62:Middlewares/ST/usbx/common/core/src/ux_host_stack_hcd_transfer_request.c **** /*                                                                        */ 
  63:Middlewares/ST/usbx/common/core/src/ux_host_stack_hcd_transfer_request.c **** /*  RELEASE HISTORY                                                       */ 
  64:Middlewares/ST/usbx/common/core/src/ux_host_stack_hcd_transfer_request.c **** /*                                                                        */ 
  65:Middlewares/ST/usbx/common/core/src/ux_host_stack_hcd_transfer_request.c **** /*    DATE              NAME                      DESCRIPTION             */ 
  66:Middlewares/ST/usbx/common/core/src/ux_host_stack_hcd_transfer_request.c **** /*                                                                        */ 
  67:Middlewares/ST/usbx/common/core/src/ux_host_stack_hcd_transfer_request.c **** /*  05-19-2020     Chaoqiong Xiao           Initial Version 6.0           */
  68:Middlewares/ST/usbx/common/core/src/ux_host_stack_hcd_transfer_request.c **** /*  09-30-2020     Chaoqiong Xiao           Modified comment(s),          */
  69:Middlewares/ST/usbx/common/core/src/ux_host_stack_hcd_transfer_request.c **** /*                                            optimized based on compile  */
  70:Middlewares/ST/usbx/common/core/src/ux_host_stack_hcd_transfer_request.c **** /*                                            definitions,                */
  71:Middlewares/ST/usbx/common/core/src/ux_host_stack_hcd_transfer_request.c **** /*                                            resulting in version 6.1    */
  72:Middlewares/ST/usbx/common/core/src/ux_host_stack_hcd_transfer_request.c **** /*                                                                        */
  73:Middlewares/ST/usbx/common/core/src/ux_host_stack_hcd_transfer_request.c **** /**************************************************************************/
  74:Middlewares/ST/usbx/common/core/src/ux_host_stack_hcd_transfer_request.c **** UINT  _ux_host_stack_hcd_transfer_request(UX_TRANSFER *transfer_request)
  75:Middlewares/ST/usbx/common/core/src/ux_host_stack_hcd_transfer_request.c **** {
  29              		.loc 1 75 1 view -0
  30              		.cfi_startproc
  31              		@ args = 0, pretend = 0, frame = 0
  32              		@ frame_needed = 0, uses_anonymous_args = 0
  33              		.loc 1 75 1 is_stmt 0 view .LVU1
  34 0000 10B5     		push	{r4, lr}
  35              	.LCFI0:
  36              		.cfi_def_cfa_offset 8
  37              		.cfi_offset 4, -8
  38              		.cfi_offset 14, -4
  39 0002 0246     		mov	r2, r0
  76:Middlewares/ST/usbx/common/core/src/ux_host_stack_hcd_transfer_request.c **** 
ARM GAS  /tmp/cc4YCgFd.s 			page 3


  77:Middlewares/ST/usbx/common/core/src/ux_host_stack_hcd_transfer_request.c **** UINT            status;
  40              		.loc 1 77 1 is_stmt 1 view .LVU2
  78:Middlewares/ST/usbx/common/core/src/ux_host_stack_hcd_transfer_request.c **** UX_HCD          *hcd;
  41              		.loc 1 78 1 view .LVU3
  79:Middlewares/ST/usbx/common/core/src/ux_host_stack_hcd_transfer_request.c ****     
  80:Middlewares/ST/usbx/common/core/src/ux_host_stack_hcd_transfer_request.c ****     /* Obtain the HCD.  */
  81:Middlewares/ST/usbx/common/core/src/ux_host_stack_hcd_transfer_request.c ****     hcd = UX_DEVICE_HCD_GET(transfer_request -> ux_transfer_request_endpoint -> ux_endpoint_device)
  42              		.loc 1 81 5 view .LVU4
  43              		.loc 1 81 11 is_stmt 0 view .LVU5
  44 0004 034B     		ldr	r3, .L3
  45 0006 1B68     		ldr	r3, [r3]
  46              		.loc 1 81 9 view .LVU6
  47 0008 D868     		ldr	r0, [r3, #12]
  48              	.LVL1:
  82:Middlewares/ST/usbx/common/core/src/ux_host_stack_hcd_transfer_request.c **** 
  83:Middlewares/ST/usbx/common/core/src/ux_host_stack_hcd_transfer_request.c ****     /* Call the HCD entry function to process the transfer request.  */
  84:Middlewares/ST/usbx/common/core/src/ux_host_stack_hcd_transfer_request.c ****     status =  hcd -> ux_hcd_entry_function(hcd, UX_HCD_TRANSFER_REQUEST, (VOID *) transfer_request)
  49              		.loc 1 84 5 is_stmt 1 view .LVU7
  50              		.loc 1 84 19 is_stmt 0 view .LVU8
  51 000a 046F     		ldr	r4, [r0, #112]
  52              		.loc 1 84 15 view .LVU9
  53 000c 0C21     		movs	r1, #12
  54 000e A047     		blx	r4
  55              	.LVL2:
  85:Middlewares/ST/usbx/common/core/src/ux_host_stack_hcd_transfer_request.c **** 
  86:Middlewares/ST/usbx/common/core/src/ux_host_stack_hcd_transfer_request.c ****     /* Return completion status.  */
  87:Middlewares/ST/usbx/common/core/src/ux_host_stack_hcd_transfer_request.c ****     return(status);    
  56              		.loc 1 87 5 is_stmt 1 view .LVU10
  88:Middlewares/ST/usbx/common/core/src/ux_host_stack_hcd_transfer_request.c **** }   
  57              		.loc 1 88 1 is_stmt 0 view .LVU11
  58 0010 10BD     		pop	{r4, pc}
  59              	.L4:
  60 0012 00BF     		.align	2
  61              	.L3:
  62 0014 00000000 		.word	_ux_system_host
  63              		.cfi_endproc
  64              	.LFE11:
  66              		.text
  67              	.Letext0:
  68              		.file 2 "Middlewares/ST/threadx/ports/cortex_m7/gnu/inc/tx_port.h"
  69              		.file 3 "Middlewares/ST/threadx/common/inc/tx_api.h"
  70              		.file 4 "Middlewares/ST/usbx/common/core/inc/ux_api.h"
  71              		.file 5 "Middlewares/ST/usbx/common/core/inc/ux_system.h"
ARM GAS  /tmp/cc4YCgFd.s 			page 4


DEFINED SYMBOLS
                            *ABS*:00000000 ux_host_stack_hcd_transfer_request.c
     /tmp/cc4YCgFd.s:20     .text._ux_host_stack_hcd_transfer_request:00000000 $t
     /tmp/cc4YCgFd.s:26     .text._ux_host_stack_hcd_transfer_request:00000000 _ux_host_stack_hcd_transfer_request
     /tmp/cc4YCgFd.s:62     .text._ux_host_stack_hcd_transfer_request:00000014 $d

UNDEFINED SYMBOLS
_ux_system_host
