ARM GAS  /tmp/cchKbi32.s 			page 1


   1              		.cpu cortex-m7
   2              		.arch armv7e-m
   3              		.fpu fpv5-d16
   4              		.eabi_attribute 28, 1
   5              		.eabi_attribute 20, 1
   6              		.eabi_attribute 21, 1
   7              		.eabi_attribute 23, 3
   8              		.eabi_attribute 24, 1
   9              		.eabi_attribute 25, 1
  10              		.eabi_attribute 26, 1
  11              		.eabi_attribute 30, 1
  12              		.eabi_attribute 34, 1
  13              		.eabi_attribute 18, 4
  14              		.file	"ux_host_stack_role_swap.c"
  15              		.text
  16              	.Ltext0:
  17              		.cfi_sections	.debug_frame
  18              		.file 1 "Middlewares/ST/usbx/common/core/src/ux_host_stack_role_swap.c"
  19              		.section	.text._ux_host_stack_role_swap,"ax",%progbits
  20              		.align	1
  21              		.global	_ux_host_stack_role_swap
  22              		.syntax unified
  23              		.thumb
  24              		.thumb_func
  26              	_ux_host_stack_role_swap:
  27              	.LVL0:
  28              	.LFB11:
   1:Middlewares/ST/usbx/common/core/src/ux_host_stack_role_swap.c **** /**************************************************************************/
   2:Middlewares/ST/usbx/common/core/src/ux_host_stack_role_swap.c **** /*                                                                        */
   3:Middlewares/ST/usbx/common/core/src/ux_host_stack_role_swap.c **** /*       Copyright (c) Microsoft Corporation. All rights reserved.        */
   4:Middlewares/ST/usbx/common/core/src/ux_host_stack_role_swap.c **** /*                                                                        */
   5:Middlewares/ST/usbx/common/core/src/ux_host_stack_role_swap.c **** /*       This software is licensed under the Microsoft Software License   */
   6:Middlewares/ST/usbx/common/core/src/ux_host_stack_role_swap.c **** /*       Terms for Microsoft Azure RTOS. Full text of the license can be  */
   7:Middlewares/ST/usbx/common/core/src/ux_host_stack_role_swap.c **** /*       found in the LICENSE file at https://aka.ms/AzureRTOS_EULA       */
   8:Middlewares/ST/usbx/common/core/src/ux_host_stack_role_swap.c **** /*       and in the root directory of this software.                      */
   9:Middlewares/ST/usbx/common/core/src/ux_host_stack_role_swap.c **** /*                                                                        */
  10:Middlewares/ST/usbx/common/core/src/ux_host_stack_role_swap.c **** /**************************************************************************/
  11:Middlewares/ST/usbx/common/core/src/ux_host_stack_role_swap.c **** 
  12:Middlewares/ST/usbx/common/core/src/ux_host_stack_role_swap.c **** 
  13:Middlewares/ST/usbx/common/core/src/ux_host_stack_role_swap.c **** /**************************************************************************/
  14:Middlewares/ST/usbx/common/core/src/ux_host_stack_role_swap.c **** /**************************************************************************/
  15:Middlewares/ST/usbx/common/core/src/ux_host_stack_role_swap.c **** /**                                                                       */ 
  16:Middlewares/ST/usbx/common/core/src/ux_host_stack_role_swap.c **** /** USBX Component                                                        */ 
  17:Middlewares/ST/usbx/common/core/src/ux_host_stack_role_swap.c **** /**                                                                       */
  18:Middlewares/ST/usbx/common/core/src/ux_host_stack_role_swap.c **** /**   Host Stack                                                          */
  19:Middlewares/ST/usbx/common/core/src/ux_host_stack_role_swap.c **** /**                                                                       */
  20:Middlewares/ST/usbx/common/core/src/ux_host_stack_role_swap.c **** /**************************************************************************/
  21:Middlewares/ST/usbx/common/core/src/ux_host_stack_role_swap.c **** /**************************************************************************/
  22:Middlewares/ST/usbx/common/core/src/ux_host_stack_role_swap.c **** 
  23:Middlewares/ST/usbx/common/core/src/ux_host_stack_role_swap.c **** 
  24:Middlewares/ST/usbx/common/core/src/ux_host_stack_role_swap.c **** /* Include necessary system files.  */
  25:Middlewares/ST/usbx/common/core/src/ux_host_stack_role_swap.c **** 
  26:Middlewares/ST/usbx/common/core/src/ux_host_stack_role_swap.c **** #define UX_SOURCE_CODE
  27:Middlewares/ST/usbx/common/core/src/ux_host_stack_role_swap.c **** 
  28:Middlewares/ST/usbx/common/core/src/ux_host_stack_role_swap.c **** #include "ux_api.h"
  29:Middlewares/ST/usbx/common/core/src/ux_host_stack_role_swap.c **** #include "ux_host_stack.h"
  30:Middlewares/ST/usbx/common/core/src/ux_host_stack_role_swap.c **** 
ARM GAS  /tmp/cchKbi32.s 			page 2


  31:Middlewares/ST/usbx/common/core/src/ux_host_stack_role_swap.c **** 
  32:Middlewares/ST/usbx/common/core/src/ux_host_stack_role_swap.c **** /**************************************************************************/ 
  33:Middlewares/ST/usbx/common/core/src/ux_host_stack_role_swap.c **** /*                                                                        */ 
  34:Middlewares/ST/usbx/common/core/src/ux_host_stack_role_swap.c **** /*  FUNCTION                                               RELEASE        */ 
  35:Middlewares/ST/usbx/common/core/src/ux_host_stack_role_swap.c **** /*                                                                        */ 
  36:Middlewares/ST/usbx/common/core/src/ux_host_stack_role_swap.c **** /*    _ux_host_stack_role_swap                            PORTABLE C      */ 
  37:Middlewares/ST/usbx/common/core/src/ux_host_stack_role_swap.c **** /*                                                           6.1.10       */
  38:Middlewares/ST/usbx/common/core/src/ux_host_stack_role_swap.c **** /*  AUTHOR                                                                */
  39:Middlewares/ST/usbx/common/core/src/ux_host_stack_role_swap.c **** /*                                                                        */
  40:Middlewares/ST/usbx/common/core/src/ux_host_stack_role_swap.c **** /*    Chaoqiong Xiao, Microsoft Corporation                               */
  41:Middlewares/ST/usbx/common/core/src/ux_host_stack_role_swap.c **** /*                                                                        */
  42:Middlewares/ST/usbx/common/core/src/ux_host_stack_role_swap.c **** /*  DESCRIPTION                                                           */
  43:Middlewares/ST/usbx/common/core/src/ux_host_stack_role_swap.c **** /*                                                                        */ 
  44:Middlewares/ST/usbx/common/core/src/ux_host_stack_role_swap.c **** /*    This function is called when the host or the device demand a role   */ 
  45:Middlewares/ST/usbx/common/core/src/ux_host_stack_role_swap.c **** /*    swap. This function may be called by an application or by the HNP   */ 
  46:Middlewares/ST/usbx/common/core/src/ux_host_stack_role_swap.c **** /*    thread.                                                             */ 
  47:Middlewares/ST/usbx/common/core/src/ux_host_stack_role_swap.c **** /*                                                                        */ 
  48:Middlewares/ST/usbx/common/core/src/ux_host_stack_role_swap.c **** /*  INPUT                                                                 */ 
  49:Middlewares/ST/usbx/common/core/src/ux_host_stack_role_swap.c **** /*                                                                        */ 
  50:Middlewares/ST/usbx/common/core/src/ux_host_stack_role_swap.c **** /*    hcd                                       Pointer to HCD            */ 
  51:Middlewares/ST/usbx/common/core/src/ux_host_stack_role_swap.c **** /*    device                                    Device pointer            */ 
  52:Middlewares/ST/usbx/common/core/src/ux_host_stack_role_swap.c **** /*                                                                        */ 
  53:Middlewares/ST/usbx/common/core/src/ux_host_stack_role_swap.c **** /*  OUTPUT                                                                */ 
  54:Middlewares/ST/usbx/common/core/src/ux_host_stack_role_swap.c **** /*                                                                        */ 
  55:Middlewares/ST/usbx/common/core/src/ux_host_stack_role_swap.c **** /*    Status                                                              */ 
  56:Middlewares/ST/usbx/common/core/src/ux_host_stack_role_swap.c **** /*                                                                        */ 
  57:Middlewares/ST/usbx/common/core/src/ux_host_stack_role_swap.c **** /*  CALLS                                                                 */ 
  58:Middlewares/ST/usbx/common/core/src/ux_host_stack_role_swap.c **** /*                                                                        */ 
  59:Middlewares/ST/usbx/common/core/src/ux_host_stack_role_swap.c **** /*    _ux_utility_semaphore_get                 Get semaphore             */
  60:Middlewares/ST/usbx/common/core/src/ux_host_stack_role_swap.c **** /*    _ux_host_stack_transfer_request           Transfer request          */
  61:Middlewares/ST/usbx/common/core/src/ux_host_stack_role_swap.c **** /*                                                                        */ 
  62:Middlewares/ST/usbx/common/core/src/ux_host_stack_role_swap.c **** /*  CALLED BY                                                             */ 
  63:Middlewares/ST/usbx/common/core/src/ux_host_stack_role_swap.c **** /*                                                                        */ 
  64:Middlewares/ST/usbx/common/core/src/ux_host_stack_role_swap.c **** /*    Application of HNP thread.                                          */ 
  65:Middlewares/ST/usbx/common/core/src/ux_host_stack_role_swap.c **** /*                                                                        */ 
  66:Middlewares/ST/usbx/common/core/src/ux_host_stack_role_swap.c **** /*  RELEASE HISTORY                                                       */ 
  67:Middlewares/ST/usbx/common/core/src/ux_host_stack_role_swap.c **** /*                                                                        */ 
  68:Middlewares/ST/usbx/common/core/src/ux_host_stack_role_swap.c **** /*    DATE              NAME                      DESCRIPTION             */ 
  69:Middlewares/ST/usbx/common/core/src/ux_host_stack_role_swap.c **** /*                                                                        */ 
  70:Middlewares/ST/usbx/common/core/src/ux_host_stack_role_swap.c **** /*  05-19-2020     Chaoqiong Xiao           Initial Version 6.0           */
  71:Middlewares/ST/usbx/common/core/src/ux_host_stack_role_swap.c **** /*  09-30-2020     Chaoqiong Xiao           Modified comment(s),          */
  72:Middlewares/ST/usbx/common/core/src/ux_host_stack_role_swap.c **** /*                                            optimized based on compile  */
  73:Middlewares/ST/usbx/common/core/src/ux_host_stack_role_swap.c **** /*                                            definitions,                */
  74:Middlewares/ST/usbx/common/core/src/ux_host_stack_role_swap.c **** /*                                            resulting in version 6.1    */
  75:Middlewares/ST/usbx/common/core/src/ux_host_stack_role_swap.c **** /*  01-31-2022     Chaoqiong Xiao           Modified comment(s),          */
  76:Middlewares/ST/usbx/common/core/src/ux_host_stack_role_swap.c **** /*                                            refined macros names,       */
  77:Middlewares/ST/usbx/common/core/src/ux_host_stack_role_swap.c **** /*                                            resulting in version 6.1.10 */
  78:Middlewares/ST/usbx/common/core/src/ux_host_stack_role_swap.c **** /*                                                                        */
  79:Middlewares/ST/usbx/common/core/src/ux_host_stack_role_swap.c **** /**************************************************************************/
  80:Middlewares/ST/usbx/common/core/src/ux_host_stack_role_swap.c **** UINT  _ux_host_stack_role_swap(UX_DEVICE *device)
  81:Middlewares/ST/usbx/common/core/src/ux_host_stack_role_swap.c **** {
  29              		.loc 1 81 1 view -0
  30              		.cfi_startproc
  31              		@ args = 0, pretend = 0, frame = 0
  32              		@ frame_needed = 0, uses_anonymous_args = 0
  33              		@ link register save eliminated.
  82:Middlewares/ST/usbx/common/core/src/ux_host_stack_role_swap.c **** 
ARM GAS  /tmp/cchKbi32.s 			page 3


  83:Middlewares/ST/usbx/common/core/src/ux_host_stack_role_swap.c **** #if !defined(UX_OTG_SUPPORT)
  84:Middlewares/ST/usbx/common/core/src/ux_host_stack_role_swap.c **** 
  85:Middlewares/ST/usbx/common/core/src/ux_host_stack_role_swap.c ****     UX_PARAMETER_NOT_USED(device);
  34              		.loc 1 85 5 view .LVU1
  86:Middlewares/ST/usbx/common/core/src/ux_host_stack_role_swap.c ****     return(UX_FUNCTION_NOT_SUPPORTED);
  35              		.loc 1 86 5 view .LVU2
  87:Middlewares/ST/usbx/common/core/src/ux_host_stack_role_swap.c **** #else
  88:Middlewares/ST/usbx/common/core/src/ux_host_stack_role_swap.c **** 
  89:Middlewares/ST/usbx/common/core/src/ux_host_stack_role_swap.c **** UX_ENDPOINT     *control_endpoint;
  90:Middlewares/ST/usbx/common/core/src/ux_host_stack_role_swap.c **** UX_TRANSFER     *transfer_request;
  91:Middlewares/ST/usbx/common/core/src/ux_host_stack_role_swap.c **** UINT            status;
  92:Middlewares/ST/usbx/common/core/src/ux_host_stack_role_swap.c ****         
  93:Middlewares/ST/usbx/common/core/src/ux_host_stack_role_swap.c ****     /* Retrieve the control endpoint and the transfer request associated with it.  */
  94:Middlewares/ST/usbx/common/core/src/ux_host_stack_role_swap.c ****     control_endpoint =  &device -> ux_device_control_endpoint;
  95:Middlewares/ST/usbx/common/core/src/ux_host_stack_role_swap.c ****     transfer_request =  &control_endpoint -> ux_endpoint_transfer_request;
  96:Middlewares/ST/usbx/common/core/src/ux_host_stack_role_swap.c **** 
  97:Middlewares/ST/usbx/common/core/src/ux_host_stack_role_swap.c ****     /* Protect the control endpoint semaphore here.  It will be unprotected in the 
  98:Middlewares/ST/usbx/common/core/src/ux_host_stack_role_swap.c ****        transfer request function.  */
  99:Middlewares/ST/usbx/common/core/src/ux_host_stack_role_swap.c ****     status =  _ux_host_semaphore_get(&device -> ux_device_protection_semaphore, UX_WAIT_FOREVER);
 100:Middlewares/ST/usbx/common/core/src/ux_host_stack_role_swap.c **** 
 101:Middlewares/ST/usbx/common/core/src/ux_host_stack_role_swap.c ****     /* Perform a SET_FEATURE on this device to inform the it we are ready to change role.  */
 102:Middlewares/ST/usbx/common/core/src/ux_host_stack_role_swap.c ****     transfer_request -> ux_transfer_request_requested_length =  0;
 103:Middlewares/ST/usbx/common/core/src/ux_host_stack_role_swap.c ****     transfer_request -> ux_transfer_request_function =          UX_SET_FEATURE;
 104:Middlewares/ST/usbx/common/core/src/ux_host_stack_role_swap.c ****     transfer_request -> ux_transfer_request_type =              UX_REQUEST_OUT | UX_REQUEST_TYPE_ST
 105:Middlewares/ST/usbx/common/core/src/ux_host_stack_role_swap.c ****     transfer_request -> ux_transfer_request_value =             UX_OTG_FEATURE_B_HNP_ENABLE;
 106:Middlewares/ST/usbx/common/core/src/ux_host_stack_role_swap.c ****     transfer_request -> ux_transfer_request_index =             0;
 107:Middlewares/ST/usbx/common/core/src/ux_host_stack_role_swap.c ****     
 108:Middlewares/ST/usbx/common/core/src/ux_host_stack_role_swap.c ****     /* Send request to HCD layer.  */
 109:Middlewares/ST/usbx/common/core/src/ux_host_stack_role_swap.c ****     status =  _ux_host_stack_transfer_request(transfer_request);
 110:Middlewares/ST/usbx/common/core/src/ux_host_stack_role_swap.c **** 
 111:Middlewares/ST/usbx/common/core/src/ux_host_stack_role_swap.c ****     /* If the status fails, simply ignore the command but do not proceed.  */
 112:Middlewares/ST/usbx/common/core/src/ux_host_stack_role_swap.c ****     if (status != UX_SUCCESS)
 113:Middlewares/ST/usbx/common/core/src/ux_host_stack_role_swap.c ****     
 114:Middlewares/ST/usbx/common/core/src/ux_host_stack_role_swap.c ****         /* We have an error. Do not proceed. */
 115:Middlewares/ST/usbx/common/core/src/ux_host_stack_role_swap.c ****         return(status);
 116:Middlewares/ST/usbx/common/core/src/ux_host_stack_role_swap.c **** 
 117:Middlewares/ST/usbx/common/core/src/ux_host_stack_role_swap.c ****     /* Keep track of the event for HNP synchronization.  */
 118:Middlewares/ST/usbx/common/core/src/ux_host_stack_role_swap.c ****     _ux_system_otg -> ux_system_otg_change_mode_event = UX_OTG_HOST_TO_SLAVE;
 119:Middlewares/ST/usbx/common/core/src/ux_host_stack_role_swap.c **** 
 120:Middlewares/ST/usbx/common/core/src/ux_host_stack_role_swap.c ****     /* Call the OTG function that will perform the swap.  */
 121:Middlewares/ST/usbx/common/core/src/ux_host_stack_role_swap.c ****     _ux_system_otg -> ux_system_otg_function(UX_OTG_HOST_TO_SLAVE);
 122:Middlewares/ST/usbx/common/core/src/ux_host_stack_role_swap.c ****     
 123:Middlewares/ST/usbx/common/core/src/ux_host_stack_role_swap.c ****     /* Reset the event.  */
 124:Middlewares/ST/usbx/common/core/src/ux_host_stack_role_swap.c ****     _ux_system_otg -> ux_system_otg_change_mode_event = 0;
 125:Middlewares/ST/usbx/common/core/src/ux_host_stack_role_swap.c ****     
 126:Middlewares/ST/usbx/common/core/src/ux_host_stack_role_swap.c ****     return(UX_SUCCESS);
 127:Middlewares/ST/usbx/common/core/src/ux_host_stack_role_swap.c **** #endif
 128:Middlewares/ST/usbx/common/core/src/ux_host_stack_role_swap.c **** }
  36              		.loc 1 128 1 is_stmt 0 view .LVU3
  37 0000 5420     		movs	r0, #84
  38              	.LVL1:
  39              		.loc 1 128 1 view .LVU4
  40 0002 7047     		bx	lr
  41              		.cfi_endproc
  42              	.LFE11:
  44              		.text
  45              	.Letext0:
ARM GAS  /tmp/cchKbi32.s 			page 4


  46              		.file 2 "Middlewares/ST/threadx/ports/cortex_m7/gnu/inc/tx_port.h"
  47              		.file 3 "Middlewares/ST/threadx/common/inc/tx_api.h"
  48              		.file 4 "Middlewares/ST/usbx/common/core/inc/ux_api.h"
ARM GAS  /tmp/cchKbi32.s 			page 5


DEFINED SYMBOLS
                            *ABS*:00000000 ux_host_stack_role_swap.c
     /tmp/cchKbi32.s:20     .text._ux_host_stack_role_swap:00000000 $t
     /tmp/cchKbi32.s:26     .text._ux_host_stack_role_swap:00000000 _ux_host_stack_role_swap

NO UNDEFINED SYMBOLS
