ARM GAS  /tmp/cc3eqQRX.s 			page 1


   1              		.cpu cortex-m7
   2              		.arch armv7e-m
   3              		.fpu fpv5-d16
   4              		.eabi_attribute 28, 1
   5              		.eabi_attribute 20, 1
   6              		.eabi_attribute 21, 1
   7              		.eabi_attribute 23, 3
   8              		.eabi_attribute 24, 1
   9              		.eabi_attribute 25, 1
  10              		.eabi_attribute 26, 1
  11              		.eabi_attribute 30, 1
  12              		.eabi_attribute 34, 1
  13              		.eabi_attribute 18, 4
  14              		.file	"ux_host_stack_rh_device_extraction.c"
  15              		.text
  16              	.Ltext0:
  17              		.cfi_sections	.debug_frame
  18              		.file 1 "Middlewares/ST/usbx/common/core/src/ux_host_stack_rh_device_extraction.c"
  19              		.section	.text._ux_host_stack_rh_device_extraction,"ax",%progbits
  20              		.align	1
  21              		.global	_ux_host_stack_rh_device_extraction
  22              		.syntax unified
  23              		.thumb
  24              		.thumb_func
  26              	_ux_host_stack_rh_device_extraction:
  27              	.LVL0:
  28              	.LFB11:
   1:Middlewares/ST/usbx/common/core/src/ux_host_stack_rh_device_extraction.c **** /**************************************************************************/
   2:Middlewares/ST/usbx/common/core/src/ux_host_stack_rh_device_extraction.c **** /*                                                                        */
   3:Middlewares/ST/usbx/common/core/src/ux_host_stack_rh_device_extraction.c **** /*       Copyright (c) Microsoft Corporation. All rights reserved.        */
   4:Middlewares/ST/usbx/common/core/src/ux_host_stack_rh_device_extraction.c **** /*                                                                        */
   5:Middlewares/ST/usbx/common/core/src/ux_host_stack_rh_device_extraction.c **** /*       This software is licensed under the Microsoft Software License   */
   6:Middlewares/ST/usbx/common/core/src/ux_host_stack_rh_device_extraction.c **** /*       Terms for Microsoft Azure RTOS. Full text of the license can be  */
   7:Middlewares/ST/usbx/common/core/src/ux_host_stack_rh_device_extraction.c **** /*       found in the LICENSE file at https://aka.ms/AzureRTOS_EULA       */
   8:Middlewares/ST/usbx/common/core/src/ux_host_stack_rh_device_extraction.c **** /*       and in the root directory of this software.                      */
   9:Middlewares/ST/usbx/common/core/src/ux_host_stack_rh_device_extraction.c **** /*                                                                        */
  10:Middlewares/ST/usbx/common/core/src/ux_host_stack_rh_device_extraction.c **** /**************************************************************************/
  11:Middlewares/ST/usbx/common/core/src/ux_host_stack_rh_device_extraction.c **** 
  12:Middlewares/ST/usbx/common/core/src/ux_host_stack_rh_device_extraction.c **** 
  13:Middlewares/ST/usbx/common/core/src/ux_host_stack_rh_device_extraction.c **** /**************************************************************************/
  14:Middlewares/ST/usbx/common/core/src/ux_host_stack_rh_device_extraction.c **** /**************************************************************************/
  15:Middlewares/ST/usbx/common/core/src/ux_host_stack_rh_device_extraction.c **** /**                                                                       */ 
  16:Middlewares/ST/usbx/common/core/src/ux_host_stack_rh_device_extraction.c **** /** USBX Component                                                        */ 
  17:Middlewares/ST/usbx/common/core/src/ux_host_stack_rh_device_extraction.c **** /**                                                                       */
  18:Middlewares/ST/usbx/common/core/src/ux_host_stack_rh_device_extraction.c **** /**   Host Stack                                                          */
  19:Middlewares/ST/usbx/common/core/src/ux_host_stack_rh_device_extraction.c **** /**                                                                       */
  20:Middlewares/ST/usbx/common/core/src/ux_host_stack_rh_device_extraction.c **** /**************************************************************************/
  21:Middlewares/ST/usbx/common/core/src/ux_host_stack_rh_device_extraction.c **** /**************************************************************************/
  22:Middlewares/ST/usbx/common/core/src/ux_host_stack_rh_device_extraction.c **** 
  23:Middlewares/ST/usbx/common/core/src/ux_host_stack_rh_device_extraction.c **** 
  24:Middlewares/ST/usbx/common/core/src/ux_host_stack_rh_device_extraction.c **** /* Include necessary system files.  */
  25:Middlewares/ST/usbx/common/core/src/ux_host_stack_rh_device_extraction.c **** 
  26:Middlewares/ST/usbx/common/core/src/ux_host_stack_rh_device_extraction.c **** #define UX_SOURCE_CODE
  27:Middlewares/ST/usbx/common/core/src/ux_host_stack_rh_device_extraction.c **** 
  28:Middlewares/ST/usbx/common/core/src/ux_host_stack_rh_device_extraction.c **** #include "ux_api.h"
  29:Middlewares/ST/usbx/common/core/src/ux_host_stack_rh_device_extraction.c **** #include "ux_host_stack.h"
  30:Middlewares/ST/usbx/common/core/src/ux_host_stack_rh_device_extraction.c **** 
ARM GAS  /tmp/cc3eqQRX.s 			page 2


  31:Middlewares/ST/usbx/common/core/src/ux_host_stack_rh_device_extraction.c **** 
  32:Middlewares/ST/usbx/common/core/src/ux_host_stack_rh_device_extraction.c **** /**************************************************************************/ 
  33:Middlewares/ST/usbx/common/core/src/ux_host_stack_rh_device_extraction.c **** /*                                                                        */ 
  34:Middlewares/ST/usbx/common/core/src/ux_host_stack_rh_device_extraction.c **** /*  FUNCTION                                               RELEASE        */ 
  35:Middlewares/ST/usbx/common/core/src/ux_host_stack_rh_device_extraction.c **** /*                                                                        */ 
  36:Middlewares/ST/usbx/common/core/src/ux_host_stack_rh_device_extraction.c **** /*    _ux_host_stack_rh_device_extraction                 PORTABLE C      */ 
  37:Middlewares/ST/usbx/common/core/src/ux_host_stack_rh_device_extraction.c **** /*                                                           6.1          */
  38:Middlewares/ST/usbx/common/core/src/ux_host_stack_rh_device_extraction.c **** /*  AUTHOR                                                                */
  39:Middlewares/ST/usbx/common/core/src/ux_host_stack_rh_device_extraction.c **** /*                                                                        */
  40:Middlewares/ST/usbx/common/core/src/ux_host_stack_rh_device_extraction.c **** /*    Chaoqiong Xiao, Microsoft Corporation                               */
  41:Middlewares/ST/usbx/common/core/src/ux_host_stack_rh_device_extraction.c **** /*                                                                        */
  42:Middlewares/ST/usbx/common/core/src/ux_host_stack_rh_device_extraction.c **** /*  DESCRIPTION                                                           */
  43:Middlewares/ST/usbx/common/core/src/ux_host_stack_rh_device_extraction.c **** /*                                                                        */ 
  44:Middlewares/ST/usbx/common/core/src/ux_host_stack_rh_device_extraction.c **** /*    This function handles a device extraction on a downstream port      */ 
  45:Middlewares/ST/usbx/common/core/src/ux_host_stack_rh_device_extraction.c **** /*    of the root hub pointed by HCD.                                     */ 
  46:Middlewares/ST/usbx/common/core/src/ux_host_stack_rh_device_extraction.c **** /*                                                                        */ 
  47:Middlewares/ST/usbx/common/core/src/ux_host_stack_rh_device_extraction.c **** /*  INPUT                                                                 */ 
  48:Middlewares/ST/usbx/common/core/src/ux_host_stack_rh_device_extraction.c **** /*                                                                        */ 
  49:Middlewares/ST/usbx/common/core/src/ux_host_stack_rh_device_extraction.c **** /*    HCD                                   Pointer to HCD structure      */ 
  50:Middlewares/ST/usbx/common/core/src/ux_host_stack_rh_device_extraction.c **** /*    port_index                            Port index of insertion       */ 
  51:Middlewares/ST/usbx/common/core/src/ux_host_stack_rh_device_extraction.c **** /*                                                                        */ 
  52:Middlewares/ST/usbx/common/core/src/ux_host_stack_rh_device_extraction.c **** /*  OUTPUT                                                                */ 
  53:Middlewares/ST/usbx/common/core/src/ux_host_stack_rh_device_extraction.c **** /*                                                                        */ 
  54:Middlewares/ST/usbx/common/core/src/ux_host_stack_rh_device_extraction.c **** /*    Completion Status                                                   */ 
  55:Middlewares/ST/usbx/common/core/src/ux_host_stack_rh_device_extraction.c **** /*                                                                        */ 
  56:Middlewares/ST/usbx/common/core/src/ux_host_stack_rh_device_extraction.c **** /*  CALLS                                                                 */ 
  57:Middlewares/ST/usbx/common/core/src/ux_host_stack_rh_device_extraction.c **** /*                                                                        */ 
  58:Middlewares/ST/usbx/common/core/src/ux_host_stack_rh_device_extraction.c **** /*    _ux_host_stack_device_remove          Remove device                 */ 
  59:Middlewares/ST/usbx/common/core/src/ux_host_stack_rh_device_extraction.c **** /*                                                                        */ 
  60:Middlewares/ST/usbx/common/core/src/ux_host_stack_rh_device_extraction.c **** /*  CALLED BY                                                             */ 
  61:Middlewares/ST/usbx/common/core/src/ux_host_stack_rh_device_extraction.c **** /*                                                                        */ 
  62:Middlewares/ST/usbx/common/core/src/ux_host_stack_rh_device_extraction.c **** /*    USBX Components                                                     */ 
  63:Middlewares/ST/usbx/common/core/src/ux_host_stack_rh_device_extraction.c **** /*                                                                        */ 
  64:Middlewares/ST/usbx/common/core/src/ux_host_stack_rh_device_extraction.c **** /*  RELEASE HISTORY                                                       */ 
  65:Middlewares/ST/usbx/common/core/src/ux_host_stack_rh_device_extraction.c **** /*                                                                        */ 
  66:Middlewares/ST/usbx/common/core/src/ux_host_stack_rh_device_extraction.c **** /*    DATE              NAME                      DESCRIPTION             */ 
  67:Middlewares/ST/usbx/common/core/src/ux_host_stack_rh_device_extraction.c **** /*                                                                        */ 
  68:Middlewares/ST/usbx/common/core/src/ux_host_stack_rh_device_extraction.c **** /*  05-19-2020     Chaoqiong Xiao           Initial Version 6.0           */
  69:Middlewares/ST/usbx/common/core/src/ux_host_stack_rh_device_extraction.c **** /*  09-30-2020     Chaoqiong Xiao           Modified comment(s),          */
  70:Middlewares/ST/usbx/common/core/src/ux_host_stack_rh_device_extraction.c **** /*                                            resulting in version 6.1    */
  71:Middlewares/ST/usbx/common/core/src/ux_host_stack_rh_device_extraction.c **** /*                                                                        */
  72:Middlewares/ST/usbx/common/core/src/ux_host_stack_rh_device_extraction.c **** /**************************************************************************/
  73:Middlewares/ST/usbx/common/core/src/ux_host_stack_rh_device_extraction.c **** UINT  _ux_host_stack_rh_device_extraction(UX_HCD *hcd, UINT port_index)
  74:Middlewares/ST/usbx/common/core/src/ux_host_stack_rh_device_extraction.c **** {
  29              		.loc 1 74 1 view -0
  30              		.cfi_startproc
  31              		@ args = 0, pretend = 0, frame = 0
  32              		@ frame_needed = 0, uses_anonymous_args = 0
  33              		.loc 1 74 1 is_stmt 0 view .LVU1
  34 0000 70B5     		push	{r4, r5, r6, lr}
  35              	.LCFI0:
  36              		.cfi_def_cfa_offset 16
  37              		.cfi_offset 4, -16
  38              		.cfi_offset 5, -12
  39              		.cfi_offset 6, -8
  40              		.cfi_offset 14, -4
  41 0002 84B0     		sub	sp, sp, #16
ARM GAS  /tmp/cc3eqQRX.s 			page 3


  42              	.LCFI1:
  43              		.cfi_def_cfa_offset 32
  44 0004 0546     		mov	r5, r0
  45 0006 0E46     		mov	r6, r1
  75:Middlewares/ST/usbx/common/core/src/ux_host_stack_rh_device_extraction.c **** 
  76:Middlewares/ST/usbx/common/core/src/ux_host_stack_rh_device_extraction.c ****     /* If trace is enabled, insert this event into the trace buffer.  */
  77:Middlewares/ST/usbx/common/core/src/ux_host_stack_rh_device_extraction.c ****     UX_TRACE_IN_LINE_INSERT(UX_TRACE_HOST_STACK_RH_DEVICE_EXTRACTION, hcd, port_index, 0, 0, UX_TRA
  46              		.loc 1 77 5 is_stmt 1 view .LVU2
  47 0008 0024     		movs	r4, #0
  48 000a 0394     		str	r4, [sp, #12]
  49 000c 0294     		str	r4, [sp, #8]
  50 000e 4FF00073 		mov	r3, #33554432
  51 0012 0193     		str	r3, [sp, #4]
  52 0014 0094     		str	r4, [sp]
  53 0016 2346     		mov	r3, r4
  54 0018 0A46     		mov	r2, r1
  55 001a 0146     		mov	r1, r0
  56              	.LVL1:
  57              		.loc 1 77 5 is_stmt 0 view .LVU3
  58 001c 40F27620 		movw	r0, #630
  59              	.LVL2:
  60              		.loc 1 77 5 view .LVU4
  61 0020 FFF7FEFF 		bl	_ux_trace_event_insert
  62              	.LVL3:
  78:Middlewares/ST/usbx/common/core/src/ux_host_stack_rh_device_extraction.c **** 
  79:Middlewares/ST/usbx/common/core/src/ux_host_stack_rh_device_extraction.c ****     /* Ask the stack to remove the device, pass the value 0 as the parent root hub.  */
  80:Middlewares/ST/usbx/common/core/src/ux_host_stack_rh_device_extraction.c ****     _ux_host_stack_device_remove(hcd, 0, port_index);
  63              		.loc 1 80 5 is_stmt 1 view .LVU5
  64 0024 3246     		mov	r2, r6
  65 0026 2146     		mov	r1, r4
  66 0028 2846     		mov	r0, r5
  67 002a FFF7FEFF 		bl	_ux_host_stack_device_remove
  68              	.LVL4:
  81:Middlewares/ST/usbx/common/core/src/ux_host_stack_rh_device_extraction.c **** 
  82:Middlewares/ST/usbx/common/core/src/ux_host_stack_rh_device_extraction.c ****     /* The device has been removed, so the port is free again.  */
  83:Middlewares/ST/usbx/common/core/src/ux_host_stack_rh_device_extraction.c ****     hcd -> ux_hcd_rh_device_connection &= (ULONG)~(1 << port_index);
  69              		.loc 1 83 5 view .LVU6
  70              		.loc 1 83 9 is_stmt 0 view .LVU7
  71 002e AB6E     		ldr	r3, [r5, #104]
  72              		.loc 1 83 54 view .LVU8
  73 0030 0122     		movs	r2, #1
  74 0032 B240     		lsls	r2, r2, r6
  75              		.loc 1 83 40 view .LVU9
  76 0034 23EA0203 		bic	r3, r3, r2
  77 0038 AB66     		str	r3, [r5, #104]
  84:Middlewares/ST/usbx/common/core/src/ux_host_stack_rh_device_extraction.c **** 
  85:Middlewares/ST/usbx/common/core/src/ux_host_stack_rh_device_extraction.c ****     /* That command should never fail!  */
  86:Middlewares/ST/usbx/common/core/src/ux_host_stack_rh_device_extraction.c ****     return(UX_SUCCESS);
  78              		.loc 1 86 5 is_stmt 1 view .LVU10
  87:Middlewares/ST/usbx/common/core/src/ux_host_stack_rh_device_extraction.c **** }
  79              		.loc 1 87 1 is_stmt 0 view .LVU11
  80 003a 2046     		mov	r0, r4
  81 003c 04B0     		add	sp, sp, #16
  82              	.LCFI2:
  83              		.cfi_def_cfa_offset 16
  84              		@ sp needed
  85 003e 70BD     		pop	{r4, r5, r6, pc}
ARM GAS  /tmp/cc3eqQRX.s 			page 4


  86              		.loc 1 87 1 view .LVU12
  87              		.cfi_endproc
  88              	.LFE11:
  90              		.text
  91              	.Letext0:
  92              		.file 2 "Middlewares/ST/threadx/ports/cortex_m7/gnu/inc/tx_port.h"
  93              		.file 3 "Middlewares/ST/threadx/common/inc/tx_api.h"
  94              		.file 4 "Middlewares/ST/threadx/common/inc/tx_trace.h"
  95              		.file 5 "Middlewares/ST/usbx/common/core/inc/ux_api.h"
  96              		.file 6 "Middlewares/ST/usbx/common/core/inc/ux_host_stack.h"
ARM GAS  /tmp/cc3eqQRX.s 			page 5


DEFINED SYMBOLS
                            *ABS*:00000000 ux_host_stack_rh_device_extraction.c
     /tmp/cc3eqQRX.s:20     .text._ux_host_stack_rh_device_extraction:00000000 $t
     /tmp/cc3eqQRX.s:26     .text._ux_host_stack_rh_device_extraction:00000000 _ux_host_stack_rh_device_extraction

UNDEFINED SYMBOLS
_ux_trace_event_insert
_ux_host_stack_device_remove
