ARM GAS  /tmp/ccJaFEL7.s 			page 1


   1              		.cpu cortex-m7
   2              		.arch armv7e-m
   3              		.fpu fpv5-d16
   4              		.eabi_attribute 28, 1
   5              		.eabi_attribute 20, 1
   6              		.eabi_attribute 21, 1
   7              		.eabi_attribute 23, 3
   8              		.eabi_attribute 24, 1
   9              		.eabi_attribute 25, 1
  10              		.eabi_attribute 26, 1
  11              		.eabi_attribute 30, 1
  12              		.eabi_attribute 34, 1
  13              		.eabi_attribute 18, 4
  14              		.file	"ux_host_class_storage_max_lun_get.c"
  15              		.text
  16              	.Ltext0:
  17              		.cfi_sections	.debug_frame
  18              		.file 1 "Middlewares/ST/usbx/common/usbx_host_classes/src/ux_host_class_storage_max_lun_get.c"
  19              		.section	.text._ux_host_class_storage_max_lun_get,"ax",%progbits
  20              		.align	1
  21              		.global	_ux_host_class_storage_max_lun_get
  22              		.syntax unified
  23              		.thumb
  24              		.thumb_func
  26              	_ux_host_class_storage_max_lun_get:
  27              	.LVL0:
  28              	.LFB11:
   1:Middlewares/ST/usbx/common/usbx_host_classes/src/ux_host_class_storage_max_lun_get.c **** /**************************************************************************/
   2:Middlewares/ST/usbx/common/usbx_host_classes/src/ux_host_class_storage_max_lun_get.c **** /*                                                                        */
   3:Middlewares/ST/usbx/common/usbx_host_classes/src/ux_host_class_storage_max_lun_get.c **** /*       Copyright (c) Microsoft Corporation. All rights reserved.        */
   4:Middlewares/ST/usbx/common/usbx_host_classes/src/ux_host_class_storage_max_lun_get.c **** /*                                                                        */
   5:Middlewares/ST/usbx/common/usbx_host_classes/src/ux_host_class_storage_max_lun_get.c **** /*       This software is licensed under the Microsoft Software License   */
   6:Middlewares/ST/usbx/common/usbx_host_classes/src/ux_host_class_storage_max_lun_get.c **** /*       Terms for Microsoft Azure RTOS. Full text of the license can be  */
   7:Middlewares/ST/usbx/common/usbx_host_classes/src/ux_host_class_storage_max_lun_get.c **** /*       found in the LICENSE file at https://aka.ms/AzureRTOS_EULA       */
   8:Middlewares/ST/usbx/common/usbx_host_classes/src/ux_host_class_storage_max_lun_get.c **** /*       and in the root directory of this software.                      */
   9:Middlewares/ST/usbx/common/usbx_host_classes/src/ux_host_class_storage_max_lun_get.c **** /*                                                                        */
  10:Middlewares/ST/usbx/common/usbx_host_classes/src/ux_host_class_storage_max_lun_get.c **** /**************************************************************************/
  11:Middlewares/ST/usbx/common/usbx_host_classes/src/ux_host_class_storage_max_lun_get.c **** 
  12:Middlewares/ST/usbx/common/usbx_host_classes/src/ux_host_class_storage_max_lun_get.c **** 
  13:Middlewares/ST/usbx/common/usbx_host_classes/src/ux_host_class_storage_max_lun_get.c **** /**************************************************************************/
  14:Middlewares/ST/usbx/common/usbx_host_classes/src/ux_host_class_storage_max_lun_get.c **** /**************************************************************************/
  15:Middlewares/ST/usbx/common/usbx_host_classes/src/ux_host_class_storage_max_lun_get.c **** /**                                                                       */
  16:Middlewares/ST/usbx/common/usbx_host_classes/src/ux_host_class_storage_max_lun_get.c **** /** USBX Component                                                        */
  17:Middlewares/ST/usbx/common/usbx_host_classes/src/ux_host_class_storage_max_lun_get.c **** /**                                                                       */
  18:Middlewares/ST/usbx/common/usbx_host_classes/src/ux_host_class_storage_max_lun_get.c **** /**   Storage Class                                                       */
  19:Middlewares/ST/usbx/common/usbx_host_classes/src/ux_host_class_storage_max_lun_get.c **** /**                                                                       */
  20:Middlewares/ST/usbx/common/usbx_host_classes/src/ux_host_class_storage_max_lun_get.c **** /**************************************************************************/
  21:Middlewares/ST/usbx/common/usbx_host_classes/src/ux_host_class_storage_max_lun_get.c **** /**************************************************************************/
  22:Middlewares/ST/usbx/common/usbx_host_classes/src/ux_host_class_storage_max_lun_get.c **** 
  23:Middlewares/ST/usbx/common/usbx_host_classes/src/ux_host_class_storage_max_lun_get.c **** 
  24:Middlewares/ST/usbx/common/usbx_host_classes/src/ux_host_class_storage_max_lun_get.c **** /* Include necessary system files.  */
  25:Middlewares/ST/usbx/common/usbx_host_classes/src/ux_host_class_storage_max_lun_get.c **** 
  26:Middlewares/ST/usbx/common/usbx_host_classes/src/ux_host_class_storage_max_lun_get.c **** #define UX_SOURCE_CODE
  27:Middlewares/ST/usbx/common/usbx_host_classes/src/ux_host_class_storage_max_lun_get.c **** 
  28:Middlewares/ST/usbx/common/usbx_host_classes/src/ux_host_class_storage_max_lun_get.c **** #include "ux_api.h"
  29:Middlewares/ST/usbx/common/usbx_host_classes/src/ux_host_class_storage_max_lun_get.c **** #include "ux_host_class_storage.h"
  30:Middlewares/ST/usbx/common/usbx_host_classes/src/ux_host_class_storage_max_lun_get.c **** #include "ux_host_stack.h"
ARM GAS  /tmp/ccJaFEL7.s 			page 2


  31:Middlewares/ST/usbx/common/usbx_host_classes/src/ux_host_class_storage_max_lun_get.c **** 
  32:Middlewares/ST/usbx/common/usbx_host_classes/src/ux_host_class_storage_max_lun_get.c **** 
  33:Middlewares/ST/usbx/common/usbx_host_classes/src/ux_host_class_storage_max_lun_get.c **** /**************************************************************************/
  34:Middlewares/ST/usbx/common/usbx_host_classes/src/ux_host_class_storage_max_lun_get.c **** /*                                                                        */
  35:Middlewares/ST/usbx/common/usbx_host_classes/src/ux_host_class_storage_max_lun_get.c **** /*  FUNCTION                                               RELEASE        */
  36:Middlewares/ST/usbx/common/usbx_host_classes/src/ux_host_class_storage_max_lun_get.c **** /*                                                                        */
  37:Middlewares/ST/usbx/common/usbx_host_classes/src/ux_host_class_storage_max_lun_get.c **** /*    _ux_host_class_storage_max_lun_get                  PORTABLE C      */
  38:Middlewares/ST/usbx/common/usbx_host_classes/src/ux_host_class_storage_max_lun_get.c **** /*                                                           6.1.10       */
  39:Middlewares/ST/usbx/common/usbx_host_classes/src/ux_host_class_storage_max_lun_get.c **** /*  AUTHOR                                                                */
  40:Middlewares/ST/usbx/common/usbx_host_classes/src/ux_host_class_storage_max_lun_get.c **** /*                                                                        */
  41:Middlewares/ST/usbx/common/usbx_host_classes/src/ux_host_class_storage_max_lun_get.c **** /*    Chaoqiong Xiao, Microsoft Corporation                               */
  42:Middlewares/ST/usbx/common/usbx_host_classes/src/ux_host_class_storage_max_lun_get.c **** /*                                                                        */
  43:Middlewares/ST/usbx/common/usbx_host_classes/src/ux_host_class_storage_max_lun_get.c **** /*  DESCRIPTION                                                           */
  44:Middlewares/ST/usbx/common/usbx_host_classes/src/ux_host_class_storage_max_lun_get.c **** /*                                                                        */
  45:Middlewares/ST/usbx/common/usbx_host_classes/src/ux_host_class_storage_max_lun_get.c **** /*    This function retrieves the maximum number of LUNs from the device. */
  46:Middlewares/ST/usbx/common/usbx_host_classes/src/ux_host_class_storage_max_lun_get.c **** /*                                                                        */
  47:Middlewares/ST/usbx/common/usbx_host_classes/src/ux_host_class_storage_max_lun_get.c **** /*  INPUT                                                                 */
  48:Middlewares/ST/usbx/common/usbx_host_classes/src/ux_host_class_storage_max_lun_get.c **** /*                                                                        */
  49:Middlewares/ST/usbx/common/usbx_host_classes/src/ux_host_class_storage_max_lun_get.c **** /*    storage                               Pointer to storage class      */
  50:Middlewares/ST/usbx/common/usbx_host_classes/src/ux_host_class_storage_max_lun_get.c **** /*                                                                        */
  51:Middlewares/ST/usbx/common/usbx_host_classes/src/ux_host_class_storage_max_lun_get.c **** /*  OUTPUT                                                                */
  52:Middlewares/ST/usbx/common/usbx_host_classes/src/ux_host_class_storage_max_lun_get.c **** /*                                                                        */
  53:Middlewares/ST/usbx/common/usbx_host_classes/src/ux_host_class_storage_max_lun_get.c **** /*    Completion Status                                                   */
  54:Middlewares/ST/usbx/common/usbx_host_classes/src/ux_host_class_storage_max_lun_get.c **** /*                                                                        */
  55:Middlewares/ST/usbx/common/usbx_host_classes/src/ux_host_class_storage_max_lun_get.c **** /*  CALLS                                                                 */
  56:Middlewares/ST/usbx/common/usbx_host_classes/src/ux_host_class_storage_max_lun_get.c **** /*                                                                        */
  57:Middlewares/ST/usbx/common/usbx_host_classes/src/ux_host_class_storage_max_lun_get.c **** /*    _ux_host_stack_transfer_request       Process transfer request      */
  58:Middlewares/ST/usbx/common/usbx_host_classes/src/ux_host_class_storage_max_lun_get.c **** /*    _ux_utility_memory_allocate           Allocate memory block         */
  59:Middlewares/ST/usbx/common/usbx_host_classes/src/ux_host_class_storage_max_lun_get.c **** /*    _ux_utility_memory_free               Release memory block          */
  60:Middlewares/ST/usbx/common/usbx_host_classes/src/ux_host_class_storage_max_lun_get.c **** /*    _ux_host_semaphore_get                Get semaphore                 */
  61:Middlewares/ST/usbx/common/usbx_host_classes/src/ux_host_class_storage_max_lun_get.c **** /*                                                                        */
  62:Middlewares/ST/usbx/common/usbx_host_classes/src/ux_host_class_storage_max_lun_get.c **** /*  CALLED BY                                                             */
  63:Middlewares/ST/usbx/common/usbx_host_classes/src/ux_host_class_storage_max_lun_get.c **** /*                                                                        */
  64:Middlewares/ST/usbx/common/usbx_host_classes/src/ux_host_class_storage_max_lun_get.c **** /*    Storage Class                                                       */
  65:Middlewares/ST/usbx/common/usbx_host_classes/src/ux_host_class_storage_max_lun_get.c **** /*                                                                        */
  66:Middlewares/ST/usbx/common/usbx_host_classes/src/ux_host_class_storage_max_lun_get.c **** /*  RELEASE HISTORY                                                       */
  67:Middlewares/ST/usbx/common/usbx_host_classes/src/ux_host_class_storage_max_lun_get.c **** /*                                                                        */
  68:Middlewares/ST/usbx/common/usbx_host_classes/src/ux_host_class_storage_max_lun_get.c **** /*    DATE              NAME                      DESCRIPTION             */
  69:Middlewares/ST/usbx/common/usbx_host_classes/src/ux_host_class_storage_max_lun_get.c **** /*                                                                        */
  70:Middlewares/ST/usbx/common/usbx_host_classes/src/ux_host_class_storage_max_lun_get.c **** /*  05-19-2020     Chaoqiong Xiao           Initial Version 6.0           */
  71:Middlewares/ST/usbx/common/usbx_host_classes/src/ux_host_class_storage_max_lun_get.c **** /*  09-30-2020     Chaoqiong Xiao           Modified comment(s),          */
  72:Middlewares/ST/usbx/common/usbx_host_classes/src/ux_host_class_storage_max_lun_get.c **** /*                                            resulting in version 6.1    */
  73:Middlewares/ST/usbx/common/usbx_host_classes/src/ux_host_class_storage_max_lun_get.c **** /*  01-31-2022     Chaoqiong Xiao           Modified comment(s),          */
  74:Middlewares/ST/usbx/common/usbx_host_classes/src/ux_host_class_storage_max_lun_get.c **** /*                                            added standalone support,   */
  75:Middlewares/ST/usbx/common/usbx_host_classes/src/ux_host_class_storage_max_lun_get.c **** /*                                            resulting in version 6.1.10 */
  76:Middlewares/ST/usbx/common/usbx_host_classes/src/ux_host_class_storage_max_lun_get.c **** /*                                                                        */
  77:Middlewares/ST/usbx/common/usbx_host_classes/src/ux_host_class_storage_max_lun_get.c **** /**************************************************************************/
  78:Middlewares/ST/usbx/common/usbx_host_classes/src/ux_host_class_storage_max_lun_get.c **** UINT  _ux_host_class_storage_max_lun_get(UX_HOST_CLASS_STORAGE *storage)
  79:Middlewares/ST/usbx/common/usbx_host_classes/src/ux_host_class_storage_max_lun_get.c **** {
  29              		.loc 1 79 1 view -0
  30              		.cfi_startproc
  31              		@ args = 0, pretend = 0, frame = 0
  32              		@ frame_needed = 0, uses_anonymous_args = 0
  33              		.loc 1 79 1 is_stmt 0 view .LVU1
  34 0000 2DE9F041 		push	{r4, r5, r6, r7, r8, lr}
  35              	.LCFI0:
  36              		.cfi_def_cfa_offset 24
ARM GAS  /tmp/ccJaFEL7.s 			page 3


  37              		.cfi_offset 4, -24
  38              		.cfi_offset 5, -20
  39              		.cfi_offset 6, -16
  40              		.cfi_offset 7, -12
  41              		.cfi_offset 8, -8
  42              		.cfi_offset 14, -4
  43 0004 84B0     		sub	sp, sp, #16
  44              	.LCFI1:
  45              		.cfi_def_cfa_offset 40
  46 0006 0546     		mov	r5, r0
  80:Middlewares/ST/usbx/common/usbx_host_classes/src/ux_host_class_storage_max_lun_get.c **** 
  81:Middlewares/ST/usbx/common/usbx_host_classes/src/ux_host_class_storage_max_lun_get.c **** UX_ENDPOINT     *control_endpoint;
  47              		.loc 1 81 1 is_stmt 1 view .LVU2
  82:Middlewares/ST/usbx/common/usbx_host_classes/src/ux_host_class_storage_max_lun_get.c **** UX_TRANSFER     *transfer_request;
  48              		.loc 1 82 1 view .LVU3
  83:Middlewares/ST/usbx/common/usbx_host_classes/src/ux_host_class_storage_max_lun_get.c **** UINT            status;
  49              		.loc 1 83 1 view .LVU4
  84:Middlewares/ST/usbx/common/usbx_host_classes/src/ux_host_class_storage_max_lun_get.c **** UCHAR           *storage_data_buffer;
  50              		.loc 1 84 1 view .LVU5
  85:Middlewares/ST/usbx/common/usbx_host_classes/src/ux_host_class_storage_max_lun_get.c **** 
  86:Middlewares/ST/usbx/common/usbx_host_classes/src/ux_host_class_storage_max_lun_get.c **** 
  87:Middlewares/ST/usbx/common/usbx_host_classes/src/ux_host_class_storage_max_lun_get.c ****     /* In the case of non BO device or an error on the command the number of lun should be
  88:Middlewares/ST/usbx/common/usbx_host_classes/src/ux_host_class_storage_max_lun_get.c ****        set to 0, indicating 1 lun.  */
  89:Middlewares/ST/usbx/common/usbx_host_classes/src/ux_host_class_storage_max_lun_get.c ****     storage -> ux_host_class_storage_max_lun =  0;
  51              		.loc 1 89 5 view .LVU6
  52              		.loc 1 89 46 is_stmt 0 view .LVU7
  53 0008 0023     		movs	r3, #0
  54 000a C367     		str	r3, [r0, #124]
  90:Middlewares/ST/usbx/common/usbx_host_classes/src/ux_host_class_storage_max_lun_get.c **** 
  91:Middlewares/ST/usbx/common/usbx_host_classes/src/ux_host_class_storage_max_lun_get.c **** #ifdef UX_HOST_CLASS_STORAGE_INCLUDE_LEGACY_PROTOCOL_SUPPORT
  92:Middlewares/ST/usbx/common/usbx_host_classes/src/ux_host_class_storage_max_lun_get.c ****     /* Check the device type. */
  93:Middlewares/ST/usbx/common/usbx_host_classes/src/ux_host_class_storage_max_lun_get.c ****     if (storage -> ux_host_class_storage_interface -> ux_interface_descriptor.bInterfaceProtocol ==
  94:Middlewares/ST/usbx/common/usbx_host_classes/src/ux_host_class_storage_max_lun_get.c ****     {
  95:Middlewares/ST/usbx/common/usbx_host_classes/src/ux_host_class_storage_max_lun_get.c **** #endif
  96:Middlewares/ST/usbx/common/usbx_host_classes/src/ux_host_class_storage_max_lun_get.c **** 
  97:Middlewares/ST/usbx/common/usbx_host_classes/src/ux_host_class_storage_max_lun_get.c ****     /* We need to get the default control endpoint transfer_request pointer.  */
  98:Middlewares/ST/usbx/common/usbx_host_classes/src/ux_host_class_storage_max_lun_get.c ****     control_endpoint =  &storage -> ux_host_class_storage_device -> ux_device_control_endpoint;
  55              		.loc 1 98 5 is_stmt 1 view .LVU8
  56              		.loc 1 98 34 is_stmt 0 view .LVU9
  57 000c 8468     		ldr	r4, [r0, #8]
  58              	.LVL1:
  99:Middlewares/ST/usbx/common/usbx_host_classes/src/ux_host_class_storage_max_lun_get.c ****     transfer_request =  &control_endpoint -> ux_endpoint_transfer_request;
  59              		.loc 1 99 5 is_stmt 1 view .LVU10
 100:Middlewares/ST/usbx/common/usbx_host_classes/src/ux_host_class_storage_max_lun_get.c **** 
 101:Middlewares/ST/usbx/common/usbx_host_classes/src/ux_host_class_storage_max_lun_get.c ****     /* We need to prevent other threads from simultaneously using the control endpoint. */
 102:Middlewares/ST/usbx/common/usbx_host_classes/src/ux_host_class_storage_max_lun_get.c ****     status = _ux_host_semaphore_get(&control_endpoint -> ux_endpoint_device -> ux_device_protection
  60              		.loc 1 102 5 view .LVU11
  61              		.loc 1 102 55 is_stmt 0 view .LVU12
  62 000e D4F8A800 		ldr	r0, [r4, #168]
  63              	.LVL2:
  64              		.loc 1 102 14 view .LVU13
  65 0012 4FF0FF31 		mov	r1, #-1
  66 0016 1C30     		adds	r0, r0, #28
  67 0018 FFF7FEFF 		bl	_ux_utility_semaphore_get
  68              	.LVL3:
 103:Middlewares/ST/usbx/common/usbx_host_classes/src/ux_host_class_storage_max_lun_get.c ****     if (status != UX_SUCCESS)
  69              		.loc 1 103 5 is_stmt 1 view .LVU14
ARM GAS  /tmp/ccJaFEL7.s 			page 4


  70              		.loc 1 103 8 is_stmt 0 view .LVU15
  71 001c 0646     		mov	r6, r0
  72 001e 18B1     		cbz	r0, .L6
  73              	.LVL4:
  74              	.L1:
 104:Middlewares/ST/usbx/common/usbx_host_classes/src/ux_host_class_storage_max_lun_get.c ****         return(status);
 105:Middlewares/ST/usbx/common/usbx_host_classes/src/ux_host_class_storage_max_lun_get.c **** 
 106:Middlewares/ST/usbx/common/usbx_host_classes/src/ux_host_class_storage_max_lun_get.c ****     /* Need to allocate memory for the descriptor.  */
 107:Middlewares/ST/usbx/common/usbx_host_classes/src/ux_host_class_storage_max_lun_get.c ****     storage_data_buffer =  _ux_utility_memory_allocate(UX_SAFE_ALIGN, UX_CACHE_SAFE_MEMORY, 1);
 108:Middlewares/ST/usbx/common/usbx_host_classes/src/ux_host_class_storage_max_lun_get.c ****     if (storage_data_buffer == UX_NULL)
 109:Middlewares/ST/usbx/common/usbx_host_classes/src/ux_host_class_storage_max_lun_get.c ****         return(UX_MEMORY_INSUFFICIENT);
 110:Middlewares/ST/usbx/common/usbx_host_classes/src/ux_host_class_storage_max_lun_get.c **** 
 111:Middlewares/ST/usbx/common/usbx_host_classes/src/ux_host_class_storage_max_lun_get.c ****     /* Create a transfer_request for the GET_MAX_LUN request.  */
 112:Middlewares/ST/usbx/common/usbx_host_classes/src/ux_host_class_storage_max_lun_get.c ****     transfer_request -> ux_transfer_request_data_pointer =      storage_data_buffer;
 113:Middlewares/ST/usbx/common/usbx_host_classes/src/ux_host_class_storage_max_lun_get.c ****     transfer_request -> ux_transfer_request_requested_length =  1;
 114:Middlewares/ST/usbx/common/usbx_host_classes/src/ux_host_class_storage_max_lun_get.c ****     transfer_request -> ux_transfer_request_function =          UX_HOST_CLASS_STORAGE_GET_MAX_LUN;
 115:Middlewares/ST/usbx/common/usbx_host_classes/src/ux_host_class_storage_max_lun_get.c ****     transfer_request -> ux_transfer_request_type =              UX_REQUEST_IN | UX_REQUEST_TYPE_CLA
 116:Middlewares/ST/usbx/common/usbx_host_classes/src/ux_host_class_storage_max_lun_get.c ****     transfer_request -> ux_transfer_request_value =             0;
 117:Middlewares/ST/usbx/common/usbx_host_classes/src/ux_host_class_storage_max_lun_get.c ****     transfer_request -> ux_transfer_request_index =             storage -> ux_host_class_storage_in
 118:Middlewares/ST/usbx/common/usbx_host_classes/src/ux_host_class_storage_max_lun_get.c **** 
 119:Middlewares/ST/usbx/common/usbx_host_classes/src/ux_host_class_storage_max_lun_get.c **** #if defined(UX_HOST_STANDALONE)
 120:Middlewares/ST/usbx/common/usbx_host_classes/src/ux_host_class_storage_max_lun_get.c ****     storage -> ux_host_class_storage_memory = storage_data_buffer;
 121:Middlewares/ST/usbx/common/usbx_host_classes/src/ux_host_class_storage_max_lun_get.c ****     storage -> ux_host_class_storage_trans = transfer_request;
 122:Middlewares/ST/usbx/common/usbx_host_classes/src/ux_host_class_storage_max_lun_get.c ****     storage -> ux_host_class_storage_state_state = UX_HOST_CLASS_STORAGE_STATE_TRANSFER;
 123:Middlewares/ST/usbx/common/usbx_host_classes/src/ux_host_class_storage_max_lun_get.c ****     storage -> ux_host_class_storage_state_next = UX_HOST_CLASS_STORAGE_STATE_MAX_LUN_SAVE;
 124:Middlewares/ST/usbx/common/usbx_host_classes/src/ux_host_class_storage_max_lun_get.c ****     UX_TRANSFER_STATE_RESET(transfer_request);
 125:Middlewares/ST/usbx/common/usbx_host_classes/src/ux_host_class_storage_max_lun_get.c **** #else
 126:Middlewares/ST/usbx/common/usbx_host_classes/src/ux_host_class_storage_max_lun_get.c **** 
 127:Middlewares/ST/usbx/common/usbx_host_classes/src/ux_host_class_storage_max_lun_get.c ****     /* Send request to HCD layer.  */
 128:Middlewares/ST/usbx/common/usbx_host_classes/src/ux_host_class_storage_max_lun_get.c ****     status =  _ux_host_stack_transfer_request(transfer_request);
 129:Middlewares/ST/usbx/common/usbx_host_classes/src/ux_host_class_storage_max_lun_get.c **** 
 130:Middlewares/ST/usbx/common/usbx_host_classes/src/ux_host_class_storage_max_lun_get.c ****     /* Check for correct transfer and entire descriptor returned.  */
 131:Middlewares/ST/usbx/common/usbx_host_classes/src/ux_host_class_storage_max_lun_get.c ****     if ((status == UX_SUCCESS) && (transfer_request -> ux_transfer_request_actual_length == 1))
 132:Middlewares/ST/usbx/common/usbx_host_classes/src/ux_host_class_storage_max_lun_get.c ****     {
 133:Middlewares/ST/usbx/common/usbx_host_classes/src/ux_host_class_storage_max_lun_get.c **** 
 134:Middlewares/ST/usbx/common/usbx_host_classes/src/ux_host_class_storage_max_lun_get.c ****         /* Retrieve the number of max LUN for this device.  */
 135:Middlewares/ST/usbx/common/usbx_host_classes/src/ux_host_class_storage_max_lun_get.c ****         storage -> ux_host_class_storage_max_lun =  *storage_data_buffer;
 136:Middlewares/ST/usbx/common/usbx_host_classes/src/ux_host_class_storage_max_lun_get.c **** 
 137:Middlewares/ST/usbx/common/usbx_host_classes/src/ux_host_class_storage_max_lun_get.c ****         /* Is the max LUN index greater than our LUN array's?  */
 138:Middlewares/ST/usbx/common/usbx_host_classes/src/ux_host_class_storage_max_lun_get.c ****         if (storage -> ux_host_class_storage_max_lun > UX_MAX_HOST_LUN - 1)
 139:Middlewares/ST/usbx/common/usbx_host_classes/src/ux_host_class_storage_max_lun_get.c ****         {
 140:Middlewares/ST/usbx/common/usbx_host_classes/src/ux_host_class_storage_max_lun_get.c **** 
 141:Middlewares/ST/usbx/common/usbx_host_classes/src/ux_host_class_storage_max_lun_get.c ****             /* Cap it off.  */
 142:Middlewares/ST/usbx/common/usbx_host_classes/src/ux_host_class_storage_max_lun_get.c ****             storage -> ux_host_class_storage_max_lun =  UX_MAX_HOST_LUN - 1;
 143:Middlewares/ST/usbx/common/usbx_host_classes/src/ux_host_class_storage_max_lun_get.c **** 
 144:Middlewares/ST/usbx/common/usbx_host_classes/src/ux_host_class_storage_max_lun_get.c ****             /* Notify application so it knows to increase UX_MAX_HOST_LUN.  */
 145:Middlewares/ST/usbx/common/usbx_host_classes/src/ux_host_class_storage_max_lun_get.c ****             _ux_system_error_handler(UX_SYSTEM_LEVEL_THREAD, UX_SYSTEM_CONTEXT_CLASS, UX_HOST_CLASS
 146:Middlewares/ST/usbx/common/usbx_host_classes/src/ux_host_class_storage_max_lun_get.c **** 
 147:Middlewares/ST/usbx/common/usbx_host_classes/src/ux_host_class_storage_max_lun_get.c ****             /* If trace is enabled, insert this event into the trace buffer.  */
 148:Middlewares/ST/usbx/common/usbx_host_classes/src/ux_host_class_storage_max_lun_get.c ****             UX_TRACE_IN_LINE_INSERT(UX_TRACE_ERROR, UX_HOST_CLASS_MEMORY_ERROR, storage, 0, 0, UX_T
 149:Middlewares/ST/usbx/common/usbx_host_classes/src/ux_host_class_storage_max_lun_get.c ****         }
 150:Middlewares/ST/usbx/common/usbx_host_classes/src/ux_host_class_storage_max_lun_get.c ****     }
 151:Middlewares/ST/usbx/common/usbx_host_classes/src/ux_host_class_storage_max_lun_get.c **** 
 152:Middlewares/ST/usbx/common/usbx_host_classes/src/ux_host_class_storage_max_lun_get.c ****     /* Free all used resources.  */
 153:Middlewares/ST/usbx/common/usbx_host_classes/src/ux_host_class_storage_max_lun_get.c ****     _ux_utility_memory_free(storage_data_buffer);
 154:Middlewares/ST/usbx/common/usbx_host_classes/src/ux_host_class_storage_max_lun_get.c **** #endif
 155:Middlewares/ST/usbx/common/usbx_host_classes/src/ux_host_class_storage_max_lun_get.c **** 
ARM GAS  /tmp/ccJaFEL7.s 			page 5


 156:Middlewares/ST/usbx/common/usbx_host_classes/src/ux_host_class_storage_max_lun_get.c **** #ifdef UX_HOST_CLASS_STORAGE_INCLUDE_LEGACY_PROTOCOL_SUPPORT
 157:Middlewares/ST/usbx/common/usbx_host_classes/src/ux_host_class_storage_max_lun_get.c ****     }
 158:Middlewares/ST/usbx/common/usbx_host_classes/src/ux_host_class_storage_max_lun_get.c **** #if defined(UX_HOST_STANDALONE)
 159:Middlewares/ST/usbx/common/usbx_host_classes/src/ux_host_class_storage_max_lun_get.c ****     else
 160:Middlewares/ST/usbx/common/usbx_host_classes/src/ux_host_class_storage_max_lun_get.c ****     {
 161:Middlewares/ST/usbx/common/usbx_host_classes/src/ux_host_class_storage_max_lun_get.c ****         storage -> ux_host_class_storage_trans = UX_NULL;
 162:Middlewares/ST/usbx/common/usbx_host_classes/src/ux_host_class_storage_max_lun_get.c ****         storage -> ux_host_class_storage_state_state = UX_HOST_CLASS_STORAGE_STATE_MAX_LUN_SAVE;
 163:Middlewares/ST/usbx/common/usbx_host_classes/src/ux_host_class_storage_max_lun_get.c ****     }
 164:Middlewares/ST/usbx/common/usbx_host_classes/src/ux_host_class_storage_max_lun_get.c **** #endif
 165:Middlewares/ST/usbx/common/usbx_host_classes/src/ux_host_class_storage_max_lun_get.c **** #endif
 166:Middlewares/ST/usbx/common/usbx_host_classes/src/ux_host_class_storage_max_lun_get.c **** 
 167:Middlewares/ST/usbx/common/usbx_host_classes/src/ux_host_class_storage_max_lun_get.c ****     /* We always succeed.  */
 168:Middlewares/ST/usbx/common/usbx_host_classes/src/ux_host_class_storage_max_lun_get.c ****     return(UX_SUCCESS);
 169:Middlewares/ST/usbx/common/usbx_host_classes/src/ux_host_class_storage_max_lun_get.c **** }
  75              		.loc 1 169 1 view .LVU16
  76 0020 3046     		mov	r0, r6
  77 0022 04B0     		add	sp, sp, #16
  78              	.LCFI2:
  79              		.cfi_remember_state
  80              		.cfi_def_cfa_offset 24
  81              		@ sp needed
  82 0024 BDE8F081 		pop	{r4, r5, r6, r7, r8, pc}
  83              	.LVL5:
  84              	.L6:
  85              	.LCFI3:
  86              		.cfi_restore_state
  87              		.loc 1 169 1 view .LVU17
  88 0028 04F1AC07 		add	r7, r4, #172
 107:Middlewares/ST/usbx/common/usbx_host_classes/src/ux_host_class_storage_max_lun_get.c ****     if (storage_data_buffer == UX_NULL)
  89              		.loc 1 107 5 is_stmt 1 view .LVU18
 107:Middlewares/ST/usbx/common/usbx_host_classes/src/ux_host_class_storage_max_lun_get.c ****     if (storage_data_buffer == UX_NULL)
  90              		.loc 1 107 28 is_stmt 0 view .LVU19
  91 002c 0122     		movs	r2, #1
  92 002e 1146     		mov	r1, r2
  93 0030 4FF0FF30 		mov	r0, #-1
  94              	.LVL6:
 107:Middlewares/ST/usbx/common/usbx_host_classes/src/ux_host_class_storage_max_lun_get.c ****     if (storage_data_buffer == UX_NULL)
  95              		.loc 1 107 28 view .LVU20
  96 0034 FFF7FEFF 		bl	_ux_utility_memory_allocate
  97              	.LVL7:
 108:Middlewares/ST/usbx/common/usbx_host_classes/src/ux_host_class_storage_max_lun_get.c ****         return(UX_MEMORY_INSUFFICIENT);
  98              		.loc 1 108 5 is_stmt 1 view .LVU21
 108:Middlewares/ST/usbx/common/usbx_host_classes/src/ux_host_class_storage_max_lun_get.c ****         return(UX_MEMORY_INSUFFICIENT);
  99              		.loc 1 108 8 is_stmt 0 view .LVU22
 100 0038 8046     		mov	r8, r0
 101 003a 0028     		cmp	r0, #0
 102 003c 37D0     		beq	.L4
 112:Middlewares/ST/usbx/common/usbx_host_classes/src/ux_host_class_storage_max_lun_get.c ****     transfer_request -> ux_transfer_request_requested_length =  1;
 103              		.loc 1 112 5 is_stmt 1 view .LVU23
 112:Middlewares/ST/usbx/common/usbx_host_classes/src/ux_host_class_storage_max_lun_get.c ****     transfer_request -> ux_transfer_request_requested_length =  1;
 104              		.loc 1 112 58 is_stmt 0 view .LVU24
 105 003e C4F8B400 		str	r0, [r4, #180]
 113:Middlewares/ST/usbx/common/usbx_host_classes/src/ux_host_class_storage_max_lun_get.c ****     transfer_request -> ux_transfer_request_function =          UX_HOST_CLASS_STORAGE_GET_MAX_LUN;
 106              		.loc 1 113 5 is_stmt 1 view .LVU25
 113:Middlewares/ST/usbx/common/usbx_host_classes/src/ux_host_class_storage_max_lun_get.c ****     transfer_request -> ux_transfer_request_function =          UX_HOST_CLASS_STORAGE_GET_MAX_LUN;
 107              		.loc 1 113 62 is_stmt 0 view .LVU26
 108 0042 0123     		movs	r3, #1
ARM GAS  /tmp/ccJaFEL7.s 			page 6


 109 0044 C4F8B830 		str	r3, [r4, #184]
 114:Middlewares/ST/usbx/common/usbx_host_classes/src/ux_host_class_storage_max_lun_get.c ****     transfer_request -> ux_transfer_request_type =              UX_REQUEST_IN | UX_REQUEST_TYPE_CLA
 110              		.loc 1 114 5 is_stmt 1 view .LVU27
 114:Middlewares/ST/usbx/common/usbx_host_classes/src/ux_host_class_storage_max_lun_get.c ****     transfer_request -> ux_transfer_request_type =              UX_REQUEST_IN | UX_REQUEST_TYPE_CLA
 111              		.loc 1 114 54 is_stmt 0 view .LVU28
 112 0048 FE23     		movs	r3, #254
 113 004a C4F8C430 		str	r3, [r4, #196]
 115:Middlewares/ST/usbx/common/usbx_host_classes/src/ux_host_class_storage_max_lun_get.c ****     transfer_request -> ux_transfer_request_value =             0;
 114              		.loc 1 115 5 is_stmt 1 view .LVU29
 115:Middlewares/ST/usbx/common/usbx_host_classes/src/ux_host_class_storage_max_lun_get.c ****     transfer_request -> ux_transfer_request_value =             0;
 115              		.loc 1 115 50 is_stmt 0 view .LVU30
 116 004e A123     		movs	r3, #161
 117 0050 C4F8C030 		str	r3, [r4, #192]
 116:Middlewares/ST/usbx/common/usbx_host_classes/src/ux_host_class_storage_max_lun_get.c ****     transfer_request -> ux_transfer_request_index =             storage -> ux_host_class_storage_in
 118              		.loc 1 116 5 is_stmt 1 view .LVU31
 116:Middlewares/ST/usbx/common/usbx_host_classes/src/ux_host_class_storage_max_lun_get.c ****     transfer_request -> ux_transfer_request_index =             storage -> ux_host_class_storage_in
 119              		.loc 1 116 51 is_stmt 0 view .LVU32
 120 0054 0023     		movs	r3, #0
 121 0056 C4F8C830 		str	r3, [r4, #200]
 117:Middlewares/ST/usbx/common/usbx_host_classes/src/ux_host_class_storage_max_lun_get.c **** 
 122              		.loc 1 117 5 is_stmt 1 view .LVU33
 117:Middlewares/ST/usbx/common/usbx_host_classes/src/ux_host_class_storage_max_lun_get.c **** 
 123              		.loc 1 117 73 is_stmt 0 view .LVU34
 124 005a EB68     		ldr	r3, [r5, #12]
 117:Middlewares/ST/usbx/common/usbx_host_classes/src/ux_host_class_storage_max_lun_get.c **** 
 125              		.loc 1 117 134 view .LVU35
 126 005c 5B69     		ldr	r3, [r3, #20]
 117:Middlewares/ST/usbx/common/usbx_host_classes/src/ux_host_class_storage_max_lun_get.c **** 
 127              		.loc 1 117 51 view .LVU36
 128 005e C4F8CC30 		str	r3, [r4, #204]
 128:Middlewares/ST/usbx/common/usbx_host_classes/src/ux_host_class_storage_max_lun_get.c **** 
 129              		.loc 1 128 5 is_stmt 1 view .LVU37
 128:Middlewares/ST/usbx/common/usbx_host_classes/src/ux_host_class_storage_max_lun_get.c **** 
 130              		.loc 1 128 15 is_stmt 0 view .LVU38
 131 0062 3846     		mov	r0, r7
 132              	.LVL8:
 128:Middlewares/ST/usbx/common/usbx_host_classes/src/ux_host_class_storage_max_lun_get.c **** 
 133              		.loc 1 128 15 view .LVU39
 134 0064 FFF7FEFF 		bl	_ux_host_stack_transfer_request
 135              	.LVL9:
 131:Middlewares/ST/usbx/common/usbx_host_classes/src/ux_host_class_storage_max_lun_get.c ****     {
 136              		.loc 1 131 5 is_stmt 1 view .LVU40
 131:Middlewares/ST/usbx/common/usbx_host_classes/src/ux_host_class_storage_max_lun_get.c ****     {
 137              		.loc 1 131 8 is_stmt 0 view .LVU41
 138 0068 18B9     		cbnz	r0, .L3
 131:Middlewares/ST/usbx/common/usbx_host_classes/src/ux_host_class_storage_max_lun_get.c ****     {
 139              		.loc 1 131 53 discriminator 1 view .LVU42
 140 006a D4F8BC30 		ldr	r3, [r4, #188]
 131:Middlewares/ST/usbx/common/usbx_host_classes/src/ux_host_class_storage_max_lun_get.c ****     {
 141              		.loc 1 131 32 discriminator 1 view .LVU43
 142 006e 012B     		cmp	r3, #1
 143 0070 03D0     		beq	.L7
 144              	.LVL10:
 145              	.L3:
 153:Middlewares/ST/usbx/common/usbx_host_classes/src/ux_host_class_storage_max_lun_get.c **** #endif
 146              		.loc 1 153 5 is_stmt 1 view .LVU44
 147 0072 4046     		mov	r0, r8
ARM GAS  /tmp/ccJaFEL7.s 			page 7


 148 0074 FFF7FEFF 		bl	_ux_utility_memory_free
 149              	.LVL11:
 168:Middlewares/ST/usbx/common/usbx_host_classes/src/ux_host_class_storage_max_lun_get.c **** }
 150              		.loc 1 168 5 view .LVU45
 168:Middlewares/ST/usbx/common/usbx_host_classes/src/ux_host_class_storage_max_lun_get.c **** }
 151              		.loc 1 168 11 is_stmt 0 view .LVU46
 152 0078 D2E7     		b	.L1
 153              	.LVL12:
 154              	.L7:
 135:Middlewares/ST/usbx/common/usbx_host_classes/src/ux_host_class_storage_max_lun_get.c **** 
 155              		.loc 1 135 9 is_stmt 1 view .LVU47
 135:Middlewares/ST/usbx/common/usbx_host_classes/src/ux_host_class_storage_max_lun_get.c **** 
 156              		.loc 1 135 53 is_stmt 0 view .LVU48
 157 007a 98F80030 		ldrb	r3, [r8]	@ zero_extendqisi2
 135:Middlewares/ST/usbx/common/usbx_host_classes/src/ux_host_class_storage_max_lun_get.c **** 
 158              		.loc 1 135 50 view .LVU49
 159 007e EB67     		str	r3, [r5, #124]
 138:Middlewares/ST/usbx/common/usbx_host_classes/src/ux_host_class_storage_max_lun_get.c ****         {
 160              		.loc 1 138 9 is_stmt 1 view .LVU50
 138:Middlewares/ST/usbx/common/usbx_host_classes/src/ux_host_class_storage_max_lun_get.c ****         {
 161              		.loc 1 138 12 is_stmt 0 view .LVU51
 162 0080 002B     		cmp	r3, #0
 163 0082 F6D0     		beq	.L3
 142:Middlewares/ST/usbx/common/usbx_host_classes/src/ux_host_class_storage_max_lun_get.c **** 
 164              		.loc 1 142 13 is_stmt 1 view .LVU52
 142:Middlewares/ST/usbx/common/usbx_host_classes/src/ux_host_class_storage_max_lun_get.c **** 
 165              		.loc 1 142 54 is_stmt 0 view .LVU53
 166 0084 0024     		movs	r4, #0
 167              	.LVL13:
 142:Middlewares/ST/usbx/common/usbx_host_classes/src/ux_host_class_storage_max_lun_get.c **** 
 168              		.loc 1 142 54 view .LVU54
 169 0086 EC67     		str	r4, [r5, #124]
 145:Middlewares/ST/usbx/common/usbx_host_classes/src/ux_host_class_storage_max_lun_get.c **** 
 170              		.loc 1 145 13 is_stmt 1 view .LVU55
 171 0088 6122     		movs	r2, #97
 172 008a 0721     		movs	r1, #7
 173 008c 0220     		movs	r0, #2
 174              	.LVL14:
 145:Middlewares/ST/usbx/common/usbx_host_classes/src/ux_host_class_storage_max_lun_get.c **** 
 175              		.loc 1 145 13 is_stmt 0 view .LVU56
 176 008e FFF7FEFF 		bl	_ux_system_error_handler
 177              	.LVL15:
 148:Middlewares/ST/usbx/common/usbx_host_classes/src/ux_host_class_storage_max_lun_get.c ****         }
 178              		.loc 1 148 13 is_stmt 1 view .LVU57
 179 0092 0394     		str	r4, [sp, #12]
 180 0094 0294     		str	r4, [sp, #8]
 181 0096 4FF08073 		mov	r3, #16777216
 182 009a 0193     		str	r3, [sp, #4]
 183 009c 0094     		str	r4, [sp]
 184 009e 2346     		mov	r3, r4
 185 00a0 2A46     		mov	r2, r5
 186 00a2 6121     		movs	r1, #97
 187 00a4 40F2E730 		movw	r0, #999
 188 00a8 FFF7FEFF 		bl	_ux_trace_event_insert
 189              	.LVL16:
 190 00ac E1E7     		b	.L3
 191              	.LVL17:
ARM GAS  /tmp/ccJaFEL7.s 			page 8


 192              	.L4:
 109:Middlewares/ST/usbx/common/usbx_host_classes/src/ux_host_class_storage_max_lun_get.c **** 
 193              		.loc 1 109 15 is_stmt 0 view .LVU58
 194 00ae 1226     		movs	r6, #18
 195              	.LVL18:
 109:Middlewares/ST/usbx/common/usbx_host_classes/src/ux_host_class_storage_max_lun_get.c **** 
 196              		.loc 1 109 15 view .LVU59
 197 00b0 B6E7     		b	.L1
 198              		.cfi_endproc
 199              	.LFE11:
 201              		.text
 202              	.Letext0:
 203              		.file 2 "Middlewares/ST/threadx/ports/cortex_m7/gnu/inc/tx_port.h"
 204              		.file 3 "Middlewares/ST/threadx/common/inc/tx_api.h"
 205              		.file 4 "Middlewares/ST/threadx/common/inc/tx_trace.h"
 206              		.file 5 "Middlewares/ST/usbx/common/core/inc/ux_api.h"
 207              		.file 6 "Middlewares/ST/usbx/common/usbx_host_classes/inc/ux_host_class_storage.h"
 208              		.file 7 "Middlewares/ST/usbx/common/core/inc/ux_utility.h"
 209              		.file 8 "Middlewares/ST/usbx/common/core/inc/ux_host_stack.h"
ARM GAS  /tmp/ccJaFEL7.s 			page 9


DEFINED SYMBOLS
                            *ABS*:00000000 ux_host_class_storage_max_lun_get.c
     /tmp/ccJaFEL7.s:20     .text._ux_host_class_storage_max_lun_get:00000000 $t
     /tmp/ccJaFEL7.s:26     .text._ux_host_class_storage_max_lun_get:00000000 _ux_host_class_storage_max_lun_get

UNDEFINED SYMBOLS
_ux_utility_semaphore_get
_ux_utility_memory_allocate
_ux_host_stack_transfer_request
_ux_utility_memory_free
_ux_system_error_handler
_ux_trace_event_insert
