ARM GAS  /tmp/cc1dOtYX.s 			page 1


   1              		.cpu cortex-m7
   2              		.arch armv7e-m
   3              		.fpu fpv5-d16
   4              		.eabi_attribute 28, 1
   5              		.eabi_attribute 20, 1
   6              		.eabi_attribute 21, 1
   7              		.eabi_attribute 23, 3
   8              		.eabi_attribute 24, 1
   9              		.eabi_attribute 25, 1
  10              		.eabi_attribute 26, 1
  11              		.eabi_attribute 30, 1
  12              		.eabi_attribute 34, 1
  13              		.eabi_attribute 18, 4
  14              		.file	"ux_host_class_audio_configure.c"
  15              		.text
  16              	.Ltext0:
  17              		.cfi_sections	.debug_frame
  18              		.file 1 "Middlewares/ST/usbx/common/usbx_host_classes/src/ux_host_class_audio_configure.c"
  19              		.section	.text._ux_host_class_audio_configure,"ax",%progbits
  20              		.align	1
  21              		.global	_ux_host_class_audio_configure
  22              		.syntax unified
  23              		.thumb
  24              		.thumb_func
  26              	_ux_host_class_audio_configure:
  27              	.LVL0:
  28              	.LFB11:
   1:Middlewares/ST/usbx/common/usbx_host_classes/src/ux_host_class_audio_configure.c **** /**************************************************************************/
   2:Middlewares/ST/usbx/common/usbx_host_classes/src/ux_host_class_audio_configure.c **** /*                                                                        */
   3:Middlewares/ST/usbx/common/usbx_host_classes/src/ux_host_class_audio_configure.c **** /*       Copyright (c) Microsoft Corporation. All rights reserved.        */
   4:Middlewares/ST/usbx/common/usbx_host_classes/src/ux_host_class_audio_configure.c **** /*                                                                        */
   5:Middlewares/ST/usbx/common/usbx_host_classes/src/ux_host_class_audio_configure.c **** /*       This software is licensed under the Microsoft Software License   */
   6:Middlewares/ST/usbx/common/usbx_host_classes/src/ux_host_class_audio_configure.c **** /*       Terms for Microsoft Azure RTOS. Full text of the license can be  */
   7:Middlewares/ST/usbx/common/usbx_host_classes/src/ux_host_class_audio_configure.c **** /*       found in the LICENSE file at https://aka.ms/AzureRTOS_EULA       */
   8:Middlewares/ST/usbx/common/usbx_host_classes/src/ux_host_class_audio_configure.c **** /*       and in the root directory of this software.                      */
   9:Middlewares/ST/usbx/common/usbx_host_classes/src/ux_host_class_audio_configure.c **** /*                                                                        */
  10:Middlewares/ST/usbx/common/usbx_host_classes/src/ux_host_class_audio_configure.c **** /**************************************************************************/
  11:Middlewares/ST/usbx/common/usbx_host_classes/src/ux_host_class_audio_configure.c **** 
  12:Middlewares/ST/usbx/common/usbx_host_classes/src/ux_host_class_audio_configure.c **** 
  13:Middlewares/ST/usbx/common/usbx_host_classes/src/ux_host_class_audio_configure.c **** /**************************************************************************/
  14:Middlewares/ST/usbx/common/usbx_host_classes/src/ux_host_class_audio_configure.c **** /**************************************************************************/
  15:Middlewares/ST/usbx/common/usbx_host_classes/src/ux_host_class_audio_configure.c **** /**                                                                       */ 
  16:Middlewares/ST/usbx/common/usbx_host_classes/src/ux_host_class_audio_configure.c **** /** USBX Component                                                        */ 
  17:Middlewares/ST/usbx/common/usbx_host_classes/src/ux_host_class_audio_configure.c **** /**                                                                       */
  18:Middlewares/ST/usbx/common/usbx_host_classes/src/ux_host_class_audio_configure.c **** /**   Audio Class                                                         */
  19:Middlewares/ST/usbx/common/usbx_host_classes/src/ux_host_class_audio_configure.c **** /**                                                                       */
  20:Middlewares/ST/usbx/common/usbx_host_classes/src/ux_host_class_audio_configure.c **** /**************************************************************************/
  21:Middlewares/ST/usbx/common/usbx_host_classes/src/ux_host_class_audio_configure.c **** /**************************************************************************/
  22:Middlewares/ST/usbx/common/usbx_host_classes/src/ux_host_class_audio_configure.c **** 
  23:Middlewares/ST/usbx/common/usbx_host_classes/src/ux_host_class_audio_configure.c **** 
  24:Middlewares/ST/usbx/common/usbx_host_classes/src/ux_host_class_audio_configure.c **** /* Include necessary system files.  */
  25:Middlewares/ST/usbx/common/usbx_host_classes/src/ux_host_class_audio_configure.c **** 
  26:Middlewares/ST/usbx/common/usbx_host_classes/src/ux_host_class_audio_configure.c **** #define UX_SOURCE_CODE
  27:Middlewares/ST/usbx/common/usbx_host_classes/src/ux_host_class_audio_configure.c **** 
  28:Middlewares/ST/usbx/common/usbx_host_classes/src/ux_host_class_audio_configure.c **** #include "ux_api.h"
  29:Middlewares/ST/usbx/common/usbx_host_classes/src/ux_host_class_audio_configure.c **** #include "ux_host_class_audio.h"
  30:Middlewares/ST/usbx/common/usbx_host_classes/src/ux_host_class_audio_configure.c **** #include "ux_host_stack.h"
ARM GAS  /tmp/cc1dOtYX.s 			page 2


  31:Middlewares/ST/usbx/common/usbx_host_classes/src/ux_host_class_audio_configure.c **** 
  32:Middlewares/ST/usbx/common/usbx_host_classes/src/ux_host_class_audio_configure.c **** 
  33:Middlewares/ST/usbx/common/usbx_host_classes/src/ux_host_class_audio_configure.c **** /**************************************************************************/ 
  34:Middlewares/ST/usbx/common/usbx_host_classes/src/ux_host_class_audio_configure.c **** /*                                                                        */ 
  35:Middlewares/ST/usbx/common/usbx_host_classes/src/ux_host_class_audio_configure.c **** /*  FUNCTION                                               RELEASE        */ 
  36:Middlewares/ST/usbx/common/usbx_host_classes/src/ux_host_class_audio_configure.c **** /*                                                                        */ 
  37:Middlewares/ST/usbx/common/usbx_host_classes/src/ux_host_class_audio_configure.c **** /*    _ux_host_class_audio_configure                      PORTABLE C      */ 
  38:Middlewares/ST/usbx/common/usbx_host_classes/src/ux_host_class_audio_configure.c **** /*                                                           6.1          */
  39:Middlewares/ST/usbx/common/usbx_host_classes/src/ux_host_class_audio_configure.c **** /*  AUTHOR                                                                */
  40:Middlewares/ST/usbx/common/usbx_host_classes/src/ux_host_class_audio_configure.c **** /*                                                                        */
  41:Middlewares/ST/usbx/common/usbx_host_classes/src/ux_host_class_audio_configure.c **** /*    Chaoqiong Xiao, Microsoft Corporation                               */
  42:Middlewares/ST/usbx/common/usbx_host_classes/src/ux_host_class_audio_configure.c **** /*                                                                        */
  43:Middlewares/ST/usbx/common/usbx_host_classes/src/ux_host_class_audio_configure.c **** /*  DESCRIPTION                                                           */
  44:Middlewares/ST/usbx/common/usbx_host_classes/src/ux_host_class_audio_configure.c **** /*                                                                        */ 
  45:Middlewares/ST/usbx/common/usbx_host_classes/src/ux_host_class_audio_configure.c **** /*     This function calls the USBX stack to do a SET_CONFIGURATION to    */
  46:Middlewares/ST/usbx/common/usbx_host_classes/src/ux_host_class_audio_configure.c **** /*     the device. Once the device is configured, its interface(s) will   */
  47:Middlewares/ST/usbx/common/usbx_host_classes/src/ux_host_class_audio_configure.c **** /*     be activated.                                                      */ 
  48:Middlewares/ST/usbx/common/usbx_host_classes/src/ux_host_class_audio_configure.c **** /*                                                                        */ 
  49:Middlewares/ST/usbx/common/usbx_host_classes/src/ux_host_class_audio_configure.c **** /*  INPUT                                                                 */ 
  50:Middlewares/ST/usbx/common/usbx_host_classes/src/ux_host_class_audio_configure.c **** /*                                                                        */ 
  51:Middlewares/ST/usbx/common/usbx_host_classes/src/ux_host_class_audio_configure.c **** /*    audio                                 Pointer to audio class        */ 
  52:Middlewares/ST/usbx/common/usbx_host_classes/src/ux_host_class_audio_configure.c **** /*                                                                        */ 
  53:Middlewares/ST/usbx/common/usbx_host_classes/src/ux_host_class_audio_configure.c **** /*  OUTPUT                                                                */ 
  54:Middlewares/ST/usbx/common/usbx_host_classes/src/ux_host_class_audio_configure.c **** /*                                                                        */ 
  55:Middlewares/ST/usbx/common/usbx_host_classes/src/ux_host_class_audio_configure.c **** /*    Completion Status                                                   */ 
  56:Middlewares/ST/usbx/common/usbx_host_classes/src/ux_host_class_audio_configure.c **** /*                                                                        */ 
  57:Middlewares/ST/usbx/common/usbx_host_classes/src/ux_host_class_audio_configure.c **** /*  CALLS                                                                 */ 
  58:Middlewares/ST/usbx/common/usbx_host_classes/src/ux_host_class_audio_configure.c **** /*                                                                        */ 
  59:Middlewares/ST/usbx/common/usbx_host_classes/src/ux_host_class_audio_configure.c **** /*    _ux_host_stack_configuration_interface_get    Get interface         */ 
  60:Middlewares/ST/usbx/common/usbx_host_classes/src/ux_host_class_audio_configure.c **** /*    _ux_host_stack_device_configuration_get       Get configuration     */ 
  61:Middlewares/ST/usbx/common/usbx_host_classes/src/ux_host_class_audio_configure.c **** /*    _ux_host_stack_device_configuration_select    Select configuration  */ 
  62:Middlewares/ST/usbx/common/usbx_host_classes/src/ux_host_class_audio_configure.c **** /*                                                                        */ 
  63:Middlewares/ST/usbx/common/usbx_host_classes/src/ux_host_class_audio_configure.c **** /*  CALLED BY                                                             */ 
  64:Middlewares/ST/usbx/common/usbx_host_classes/src/ux_host_class_audio_configure.c **** /*                                                                        */ 
  65:Middlewares/ST/usbx/common/usbx_host_classes/src/ux_host_class_audio_configure.c **** /*    Audio Class                                                         */ 
  66:Middlewares/ST/usbx/common/usbx_host_classes/src/ux_host_class_audio_configure.c **** /*                                                                        */ 
  67:Middlewares/ST/usbx/common/usbx_host_classes/src/ux_host_class_audio_configure.c **** /*  RELEASE HISTORY                                                       */ 
  68:Middlewares/ST/usbx/common/usbx_host_classes/src/ux_host_class_audio_configure.c **** /*                                                                        */ 
  69:Middlewares/ST/usbx/common/usbx_host_classes/src/ux_host_class_audio_configure.c **** /*    DATE              NAME                      DESCRIPTION             */ 
  70:Middlewares/ST/usbx/common/usbx_host_classes/src/ux_host_class_audio_configure.c **** /*                                                                        */ 
  71:Middlewares/ST/usbx/common/usbx_host_classes/src/ux_host_class_audio_configure.c **** /*  05-19-2020     Chaoqiong Xiao           Initial Version 6.0           */
  72:Middlewares/ST/usbx/common/usbx_host_classes/src/ux_host_class_audio_configure.c **** /*  09-30-2020     Chaoqiong Xiao           Modified comment(s),          */
  73:Middlewares/ST/usbx/common/usbx_host_classes/src/ux_host_class_audio_configure.c **** /*                                            optimized based on compile  */
  74:Middlewares/ST/usbx/common/usbx_host_classes/src/ux_host_class_audio_configure.c **** /*                                            definitions,                */
  75:Middlewares/ST/usbx/common/usbx_host_classes/src/ux_host_class_audio_configure.c **** /*                                            resulting in version 6.1    */
  76:Middlewares/ST/usbx/common/usbx_host_classes/src/ux_host_class_audio_configure.c **** /*                                                                        */
  77:Middlewares/ST/usbx/common/usbx_host_classes/src/ux_host_class_audio_configure.c **** /**************************************************************************/
  78:Middlewares/ST/usbx/common/usbx_host_classes/src/ux_host_class_audio_configure.c **** UINT  _ux_host_class_audio_configure(UX_HOST_CLASS_AUDIO *audio)
  79:Middlewares/ST/usbx/common/usbx_host_classes/src/ux_host_class_audio_configure.c **** {
  29              		.loc 1 79 1 view -0
  30              		.cfi_startproc
  31              		@ args = 0, pretend = 0, frame = 8
  32              		@ frame_needed = 0, uses_anonymous_args = 0
  33              		.loc 1 79 1 is_stmt 0 view .LVU1
  34 0000 30B5     		push	{r4, r5, lr}
  35              	.LCFI0:
  36              		.cfi_def_cfa_offset 12
ARM GAS  /tmp/cc1dOtYX.s 			page 3


  37              		.cfi_offset 4, -12
  38              		.cfi_offset 5, -8
  39              		.cfi_offset 14, -4
  40 0002 87B0     		sub	sp, sp, #28
  41              	.LCFI1:
  42              		.cfi_def_cfa_offset 40
  43 0004 0446     		mov	r4, r0
  80:Middlewares/ST/usbx/common/usbx_host_classes/src/ux_host_class_audio_configure.c **** 
  81:Middlewares/ST/usbx/common/usbx_host_classes/src/ux_host_class_audio_configure.c **** UINT                    status;
  44              		.loc 1 81 1 is_stmt 1 view .LVU2
  82:Middlewares/ST/usbx/common/usbx_host_classes/src/ux_host_class_audio_configure.c **** UX_CONFIGURATION        *configuration;
  45              		.loc 1 82 1 view .LVU3
  83:Middlewares/ST/usbx/common/usbx_host_classes/src/ux_host_class_audio_configure.c **** UX_INTERFACE            *interface;
  46              		.loc 1 83 1 view .LVU4
  84:Middlewares/ST/usbx/common/usbx_host_classes/src/ux_host_class_audio_configure.c **** ULONG                   interface_number;
  47              		.loc 1 84 1 view .LVU5
  85:Middlewares/ST/usbx/common/usbx_host_classes/src/ux_host_class_audio_configure.c **** #if UX_MAX_DEVICES > 1
  86:Middlewares/ST/usbx/common/usbx_host_classes/src/ux_host_class_audio_configure.c **** UX_DEVICE               *parent_device;
  48              		.loc 1 86 1 view .LVU6
  87:Middlewares/ST/usbx/common/usbx_host_classes/src/ux_host_class_audio_configure.c **** #endif
  88:Middlewares/ST/usbx/common/usbx_host_classes/src/ux_host_class_audio_configure.c **** 
  89:Middlewares/ST/usbx/common/usbx_host_classes/src/ux_host_class_audio_configure.c **** 
  90:Middlewares/ST/usbx/common/usbx_host_classes/src/ux_host_class_audio_configure.c ****     /* If the device has been configured already, we don't need to do it
  91:Middlewares/ST/usbx/common/usbx_host_classes/src/ux_host_class_audio_configure.c ****        again. */
  92:Middlewares/ST/usbx/common/usbx_host_classes/src/ux_host_class_audio_configure.c ****     if (audio -> ux_host_class_audio_device -> ux_device_state == UX_DEVICE_CONFIGURED)
  49              		.loc 1 92 5 view .LVU7
  50              		.loc 1 92 15 is_stmt 0 view .LVU8
  51 0006 8068     		ldr	r0, [r0, #8]
  52              	.LVL1:
  53              		.loc 1 92 45 view .LVU9
  54 0008 8368     		ldr	r3, [r0, #8]
  55              		.loc 1 92 8 view .LVU10
  56 000a 032B     		cmp	r3, #3
  57 000c 64D0     		beq	.L8
  93:Middlewares/ST/usbx/common/usbx_host_classes/src/ux_host_class_audio_configure.c ****         return(UX_SUCCESS);
  94:Middlewares/ST/usbx/common/usbx_host_classes/src/ux_host_class_audio_configure.c **** 
  95:Middlewares/ST/usbx/common/usbx_host_classes/src/ux_host_class_audio_configure.c ****     /* An audio device normally has one configuration. So retrieve the 1st configuration
  96:Middlewares/ST/usbx/common/usbx_host_classes/src/ux_host_class_audio_configure.c ****        only.  */
  97:Middlewares/ST/usbx/common/usbx_host_classes/src/ux_host_class_audio_configure.c ****     status =  _ux_host_stack_device_configuration_get(audio -> ux_host_class_audio_device, 0, &conf
  58              		.loc 1 97 5 is_stmt 1 view .LVU11
  59              		.loc 1 97 15 is_stmt 0 view .LVU12
  60 000e 05AA     		add	r2, sp, #20
  61 0010 0021     		movs	r1, #0
  62 0012 FFF7FEFF 		bl	_ux_host_stack_device_configuration_get
  63              	.LVL2:
  98:Middlewares/ST/usbx/common/usbx_host_classes/src/ux_host_class_audio_configure.c ****     if (status != UX_SUCCESS)
  64              		.loc 1 98 5 is_stmt 1 view .LVU13
  65              		.loc 1 98 8 is_stmt 0 view .LVU14
  66 0016 0546     		mov	r5, r0
  67 0018 68B9     		cbnz	r0, .L10
  99:Middlewares/ST/usbx/common/usbx_host_classes/src/ux_host_class_audio_configure.c ****     {
 100:Middlewares/ST/usbx/common/usbx_host_classes/src/ux_host_class_audio_configure.c **** 
 101:Middlewares/ST/usbx/common/usbx_host_classes/src/ux_host_class_audio_configure.c ****         /* Error trap. */
 102:Middlewares/ST/usbx/common/usbx_host_classes/src/ux_host_class_audio_configure.c ****         _ux_system_error_handler(UX_SYSTEM_LEVEL_THREAD, UX_SYSTEM_CONTEXT_CLASS, UX_CONFIGURATION_
 103:Middlewares/ST/usbx/common/usbx_host_classes/src/ux_host_class_audio_configure.c **** 
 104:Middlewares/ST/usbx/common/usbx_host_classes/src/ux_host_class_audio_configure.c ****         /* If trace is enabled, insert this event into the trace buffer.  */
 105:Middlewares/ST/usbx/common/usbx_host_classes/src/ux_host_class_audio_configure.c ****         UX_TRACE_IN_LINE_INSERT(UX_TRACE_ERROR, UX_CONFIGURATION_HANDLE_UNKNOWN, audio -> ux_host_c
ARM GAS  /tmp/cc1dOtYX.s 			page 4


 106:Middlewares/ST/usbx/common/usbx_host_classes/src/ux_host_class_audio_configure.c ****     
 107:Middlewares/ST/usbx/common/usbx_host_classes/src/ux_host_class_audio_configure.c ****         return(UX_CONFIGURATION_HANDLE_UNKNOWN);
 108:Middlewares/ST/usbx/common/usbx_host_classes/src/ux_host_class_audio_configure.c ****      
 109:Middlewares/ST/usbx/common/usbx_host_classes/src/ux_host_class_audio_configure.c ****     }
 110:Middlewares/ST/usbx/common/usbx_host_classes/src/ux_host_class_audio_configure.c **** 
 111:Middlewares/ST/usbx/common/usbx_host_classes/src/ux_host_class_audio_configure.c **** #if UX_MAX_DEVICES > 1
 112:Middlewares/ST/usbx/common/usbx_host_classes/src/ux_host_class_audio_configure.c ****     /* Check the audio power source and check the parent power source for 
 113:Middlewares/ST/usbx/common/usbx_host_classes/src/ux_host_class_audio_configure.c ****        incompatible connections.  */
 114:Middlewares/ST/usbx/common/usbx_host_classes/src/ux_host_class_audio_configure.c ****     if (audio -> ux_host_class_audio_device -> ux_device_power_source == UX_DEVICE_BUS_POWERED)
  68              		.loc 1 114 5 is_stmt 1 view .LVU15
  69              		.loc 1 114 15 is_stmt 0 view .LVU16
  70 001a A368     		ldr	r3, [r4, #8]
  71              		.loc 1 114 45 view .LVU17
  72 001c 5A69     		ldr	r2, [r3, #20]
  73              		.loc 1 114 8 view .LVU18
  74 001e 012A     		cmp	r2, #1
  75 0020 05D1     		bne	.L4
 115:Middlewares/ST/usbx/common/usbx_host_classes/src/ux_host_class_audio_configure.c ****     {
 116:Middlewares/ST/usbx/common/usbx_host_classes/src/ux_host_class_audio_configure.c **** 
 117:Middlewares/ST/usbx/common/usbx_host_classes/src/ux_host_class_audio_configure.c ****         /* Get parent device.  */
 118:Middlewares/ST/usbx/common/usbx_host_classes/src/ux_host_class_audio_configure.c ****         parent_device =  audio -> ux_host_class_audio_device -> ux_device_parent;
  76              		.loc 1 118 9 is_stmt 1 view .LVU19
  77              		.loc 1 118 23 is_stmt 0 view .LVU20
  78 0022 D3F81431 		ldr	r3, [r3, #276]
  79              	.LVL3:
 119:Middlewares/ST/usbx/common/usbx_host_classes/src/ux_host_class_audio_configure.c ****         
 120:Middlewares/ST/usbx/common/usbx_host_classes/src/ux_host_class_audio_configure.c ****         /* If the device is NULL, the parent is the root audio and we don't have to worry 
 121:Middlewares/ST/usbx/common/usbx_host_classes/src/ux_host_class_audio_configure.c ****            if the parent is not the root audio, check for its power source.  */
 122:Middlewares/ST/usbx/common/usbx_host_classes/src/ux_host_class_audio_configure.c ****         if ((parent_device != UX_NULL) && (parent_device -> ux_device_power_source == UX_DEVICE_BUS
  80              		.loc 1 122 9 is_stmt 1 view .LVU21
  81              		.loc 1 122 12 is_stmt 0 view .LVU22
  82 0026 13B1     		cbz	r3, .L4
  83              		.loc 1 122 58 discriminator 1 view .LVU23
  84 0028 5B69     		ldr	r3, [r3, #20]
  85              	.LVL4:
  86              		.loc 1 122 40 discriminator 1 view .LVU24
  87 002a 012B     		cmp	r3, #1
  88 002c 17D0     		beq	.L11
  89              	.LVL5:
  90              	.L4:
 123:Middlewares/ST/usbx/common/usbx_host_classes/src/ux_host_class_audio_configure.c ****         {                        
 124:Middlewares/ST/usbx/common/usbx_host_classes/src/ux_host_class_audio_configure.c **** 
 125:Middlewares/ST/usbx/common/usbx_host_classes/src/ux_host_class_audio_configure.c ****             /* Error trap. */
 126:Middlewares/ST/usbx/common/usbx_host_classes/src/ux_host_class_audio_configure.c ****             _ux_system_error_handler(UX_SYSTEM_LEVEL_THREAD, UX_SYSTEM_CONTEXT_CLASS, UX_CONNECTION
 127:Middlewares/ST/usbx/common/usbx_host_classes/src/ux_host_class_audio_configure.c **** 
 128:Middlewares/ST/usbx/common/usbx_host_classes/src/ux_host_class_audio_configure.c ****             /* If trace is enabled, insert this event into the trace buffer.  */
 129:Middlewares/ST/usbx/common/usbx_host_classes/src/ux_host_class_audio_configure.c ****             UX_TRACE_IN_LINE_INSERT(UX_TRACE_ERROR, UX_CONNECTION_INCOMPATIBLE, audio, 0, 0, UX_TRA
 130:Middlewares/ST/usbx/common/usbx_host_classes/src/ux_host_class_audio_configure.c **** 
 131:Middlewares/ST/usbx/common/usbx_host_classes/src/ux_host_class_audio_configure.c ****             return(UX_CONNECTION_INCOMPATIBLE);
 132:Middlewares/ST/usbx/common/usbx_host_classes/src/ux_host_class_audio_configure.c ****         }            
 133:Middlewares/ST/usbx/common/usbx_host_classes/src/ux_host_class_audio_configure.c ****     }
 134:Middlewares/ST/usbx/common/usbx_host_classes/src/ux_host_class_audio_configure.c **** #endif
 135:Middlewares/ST/usbx/common/usbx_host_classes/src/ux_host_class_audio_configure.c **** 
 136:Middlewares/ST/usbx/common/usbx_host_classes/src/ux_host_class_audio_configure.c ****     /* We have the valid configuration. Ask the USBX stack to set this configuration */        
 137:Middlewares/ST/usbx/common/usbx_host_classes/src/ux_host_class_audio_configure.c ****     status =  _ux_host_stack_device_configuration_select(configuration);
  91              		.loc 1 137 5 is_stmt 1 view .LVU25
  92              		.loc 1 137 15 is_stmt 0 view .LVU26
ARM GAS  /tmp/cc1dOtYX.s 			page 5


  93 002e 0598     		ldr	r0, [sp, #20]
  94              	.LVL6:
  95              		.loc 1 137 15 view .LVU27
  96 0030 FFF7FEFF 		bl	_ux_host_stack_device_configuration_select
  97              	.LVL7:
 138:Middlewares/ST/usbx/common/usbx_host_classes/src/ux_host_class_audio_configure.c **** 
 139:Middlewares/ST/usbx/common/usbx_host_classes/src/ux_host_class_audio_configure.c ****     /* Start with interface number 0.  */
 140:Middlewares/ST/usbx/common/usbx_host_classes/src/ux_host_class_audio_configure.c ****     interface_number =  0;
  98              		.loc 1 140 5 is_stmt 1 view .LVU28
  99              		.loc 1 140 5 is_stmt 0 view .LVU29
 100 0034 28E0     		b	.L7
 101              	.LVL8:
 102              	.L10:
 102:Middlewares/ST/usbx/common/usbx_host_classes/src/ux_host_class_audio_configure.c **** 
 103              		.loc 1 102 9 is_stmt 1 view .LVU30
 104 0036 5122     		movs	r2, #81
 105 0038 0721     		movs	r1, #7
 106 003a 0220     		movs	r0, #2
 107              	.LVL9:
 102:Middlewares/ST/usbx/common/usbx_host_classes/src/ux_host_class_audio_configure.c **** 
 108              		.loc 1 102 9 is_stmt 0 view .LVU31
 109 003c FFF7FEFF 		bl	_ux_system_error_handler
 110              	.LVL10:
 105:Middlewares/ST/usbx/common/usbx_host_classes/src/ux_host_class_audio_configure.c ****     
 111              		.loc 1 105 9 is_stmt 1 view .LVU32
 112 0040 0023     		movs	r3, #0
 113 0042 0393     		str	r3, [sp, #12]
 114 0044 0293     		str	r3, [sp, #8]
 115 0046 4FF08072 		mov	r2, #16777216
 116 004a 0192     		str	r2, [sp, #4]
 117 004c 0093     		str	r3, [sp]
 118 004e A268     		ldr	r2, [r4, #8]
 119 0050 5121     		movs	r1, #81
 120 0052 40F2E730 		movw	r0, #999
 121 0056 FFF7FEFF 		bl	_ux_trace_event_insert
 122              	.LVL11:
 107:Middlewares/ST/usbx/common/usbx_host_classes/src/ux_host_class_audio_configure.c ****      
 123              		.loc 1 107 9 view .LVU33
 107:Middlewares/ST/usbx/common/usbx_host_classes/src/ux_host_class_audio_configure.c ****      
 124              		.loc 1 107 15 is_stmt 0 view .LVU34
 125 005a 5125     		movs	r5, #81
 126              	.LVL12:
 107:Middlewares/ST/usbx/common/usbx_host_classes/src/ux_host_class_audio_configure.c ****      
 127              		.loc 1 107 15 view .LVU35
 128 005c 25E0     		b	.L1
 129              	.LVL13:
 130              	.L11:
 126:Middlewares/ST/usbx/common/usbx_host_classes/src/ux_host_class_audio_configure.c **** 
 131              		.loc 1 126 13 is_stmt 1 view .LVU36
 132 005e 5A22     		movs	r2, #90
 133 0060 0721     		movs	r1, #7
 134 0062 0220     		movs	r0, #2
 135              	.LVL14:
 126:Middlewares/ST/usbx/common/usbx_host_classes/src/ux_host_class_audio_configure.c **** 
 136              		.loc 1 126 13 is_stmt 0 view .LVU37
 137 0064 FFF7FEFF 		bl	_ux_system_error_handler
 138              	.LVL15:
ARM GAS  /tmp/cc1dOtYX.s 			page 6


 129:Middlewares/ST/usbx/common/usbx_host_classes/src/ux_host_class_audio_configure.c **** 
 139              		.loc 1 129 13 is_stmt 1 view .LVU38
 140 0068 0023     		movs	r3, #0
 141 006a 0393     		str	r3, [sp, #12]
 142 006c 0293     		str	r3, [sp, #8]
 143 006e 4FF08072 		mov	r2, #16777216
 144 0072 0192     		str	r2, [sp, #4]
 145 0074 0093     		str	r3, [sp]
 146 0076 2246     		mov	r2, r4
 147 0078 5A21     		movs	r1, #90
 148 007a 40F2E730 		movw	r0, #999
 149 007e FFF7FEFF 		bl	_ux_trace_event_insert
 150              	.LVL16:
 131:Middlewares/ST/usbx/common/usbx_host_classes/src/ux_host_class_audio_configure.c ****         }            
 151              		.loc 1 131 13 view .LVU39
 131:Middlewares/ST/usbx/common/usbx_host_classes/src/ux_host_class_audio_configure.c ****         }            
 152              		.loc 1 131 19 is_stmt 0 view .LVU40
 153 0082 5A25     		movs	r5, #90
 154              	.LVL17:
 131:Middlewares/ST/usbx/common/usbx_host_classes/src/ux_host_class_audio_configure.c ****         }            
 155              		.loc 1 131 19 view .LVU41
 156 0084 11E0     		b	.L1
 157              	.LVL18:
 158              	.L5:
 141:Middlewares/ST/usbx/common/usbx_host_classes/src/ux_host_class_audio_configure.c **** 
 142:Middlewares/ST/usbx/common/usbx_host_classes/src/ux_host_class_audio_configure.c ****     /* We only need to retrieve the audio streaming interface.  */
 143:Middlewares/ST/usbx/common/usbx_host_classes/src/ux_host_class_audio_configure.c ****     do 
 144:Middlewares/ST/usbx/common/usbx_host_classes/src/ux_host_class_audio_configure.c ****     {
 145:Middlewares/ST/usbx/common/usbx_host_classes/src/ux_host_class_audio_configure.c **** 
 146:Middlewares/ST/usbx/common/usbx_host_classes/src/ux_host_class_audio_configure.c ****         /* Pickup interface.  */
 147:Middlewares/ST/usbx/common/usbx_host_classes/src/ux_host_class_audio_configure.c ****         status =  _ux_host_stack_configuration_interface_get(configuration, (UINT) interface_number
 148:Middlewares/ST/usbx/common/usbx_host_classes/src/ux_host_class_audio_configure.c **** 
 149:Middlewares/ST/usbx/common/usbx_host_classes/src/ux_host_class_audio_configure.c ****         /* Check completion status.  */
 150:Middlewares/ST/usbx/common/usbx_host_classes/src/ux_host_class_audio_configure.c ****         if (status == UX_SUCCESS)
 151:Middlewares/ST/usbx/common/usbx_host_classes/src/ux_host_class_audio_configure.c ****         {
 152:Middlewares/ST/usbx/common/usbx_host_classes/src/ux_host_class_audio_configure.c **** 
 153:Middlewares/ST/usbx/common/usbx_host_classes/src/ux_host_class_audio_configure.c ****             /* Check the type of interface we have found - is it streaming?  */
 154:Middlewares/ST/usbx/common/usbx_host_classes/src/ux_host_class_audio_configure.c ****             if (interface -> ux_interface_descriptor.bInterfaceSubClass == UX_HOST_CLASS_AUDIO_SUBC
 155:Middlewares/ST/usbx/common/usbx_host_classes/src/ux_host_class_audio_configure.c ****             {
 156:Middlewares/ST/usbx/common/usbx_host_classes/src/ux_host_class_audio_configure.c ****  
 157:Middlewares/ST/usbx/common/usbx_host_classes/src/ux_host_class_audio_configure.c ****                 audio -> ux_host_class_audio_streaming_interface =  interface;
 158:Middlewares/ST/usbx/common/usbx_host_classes/src/ux_host_class_audio_configure.c ****                 audio -> ux_host_class_audio_streaming_interface -> ux_interface_class_instance =  
 159:Middlewares/ST/usbx/common/usbx_host_classes/src/ux_host_class_audio_configure.c ****                 break;
 160:Middlewares/ST/usbx/common/usbx_host_classes/src/ux_host_class_audio_configure.c ****             }
 161:Middlewares/ST/usbx/common/usbx_host_classes/src/ux_host_class_audio_configure.c ****         }
 162:Middlewares/ST/usbx/common/usbx_host_classes/src/ux_host_class_audio_configure.c ****     } while(status == UX_SUCCESS);
 159              		.loc 1 162 20 is_stmt 1 view .LVU42
 160 0086 73B9     		cbnz	r3, .L6
 161              	.LVL19:
 162              	.L7:
 143:Middlewares/ST/usbx/common/usbx_host_classes/src/ux_host_class_audio_configure.c ****     {
 163              		.loc 1 143 5 view .LVU43
 147:Middlewares/ST/usbx/common/usbx_host_classes/src/ux_host_class_audio_configure.c **** 
 164              		.loc 1 147 9 view .LVU44
 147:Middlewares/ST/usbx/common/usbx_host_classes/src/ux_host_class_audio_configure.c **** 
 165              		.loc 1 147 19 is_stmt 0 view .LVU45
 166 0088 04AB     		add	r3, sp, #16
ARM GAS  /tmp/cc1dOtYX.s 			page 7


 167 008a 0022     		movs	r2, #0
 168 008c 1146     		mov	r1, r2
 169 008e 0598     		ldr	r0, [sp, #20]
 170 0090 FFF7FEFF 		bl	_ux_host_stack_configuration_interface_get
 171              	.LVL20:
 150:Middlewares/ST/usbx/common/usbx_host_classes/src/ux_host_class_audio_configure.c ****         {
 172              		.loc 1 150 9 is_stmt 1 view .LVU46
 150:Middlewares/ST/usbx/common/usbx_host_classes/src/ux_host_class_audio_configure.c ****         {
 173              		.loc 1 150 12 is_stmt 0 view .LVU47
 174 0094 0346     		mov	r3, r0
 175 0096 0028     		cmp	r0, #0
 176 0098 F5D1     		bne	.L5
 154:Middlewares/ST/usbx/common/usbx_host_classes/src/ux_host_class_audio_configure.c ****             {
 177              		.loc 1 154 13 is_stmt 1 view .LVU48
 154:Middlewares/ST/usbx/common/usbx_host_classes/src/ux_host_class_audio_configure.c ****             {
 178              		.loc 1 154 27 is_stmt 0 view .LVU49
 179 009a 049A     		ldr	r2, [sp, #16]
 154:Middlewares/ST/usbx/common/usbx_host_classes/src/ux_host_class_audio_configure.c ****             {
 180              		.loc 1 154 53 view .LVU50
 181 009c 516A     		ldr	r1, [r2, #36]
 154:Middlewares/ST/usbx/common/usbx_host_classes/src/ux_host_class_audio_configure.c ****             {
 182              		.loc 1 154 16 view .LVU51
 183 009e 0229     		cmp	r1, #2
 184 00a0 F1D1     		bne	.L5
 157:Middlewares/ST/usbx/common/usbx_host_classes/src/ux_host_class_audio_configure.c ****                 audio -> ux_host_class_audio_streaming_interface -> ux_interface_class_instance =  
 185              		.loc 1 157 17 is_stmt 1 view .LVU52
 157:Middlewares/ST/usbx/common/usbx_host_classes/src/ux_host_class_audio_configure.c ****                 audio -> ux_host_class_audio_streaming_interface -> ux_interface_class_instance =  
 186              		.loc 1 157 66 is_stmt 0 view .LVU53
 187 00a2 E260     		str	r2, [r4, #12]
 158:Middlewares/ST/usbx/common/usbx_host_classes/src/ux_host_class_audio_configure.c ****                 break;
 188              		.loc 1 158 17 is_stmt 1 view .LVU54
 158:Middlewares/ST/usbx/common/usbx_host_classes/src/ux_host_class_audio_configure.c ****                 break;
 189              		.loc 1 158 97 is_stmt 0 view .LVU55
 190 00a4 5463     		str	r4, [r2, #52]
 159:Middlewares/ST/usbx/common/usbx_host_classes/src/ux_host_class_audio_configure.c ****             }
 191              		.loc 1 159 17 is_stmt 1 view .LVU56
 192              	.L6:
 163:Middlewares/ST/usbx/common/usbx_host_classes/src/ux_host_class_audio_configure.c **** 
 164:Middlewares/ST/usbx/common/usbx_host_classes/src/ux_host_class_audio_configure.c ****     /* After we have parsed the audio interfaces, ensure the streaming interfaces is resent.  */
 165:Middlewares/ST/usbx/common/usbx_host_classes/src/ux_host_class_audio_configure.c ****     if (audio -> ux_host_class_audio_streaming_interface == UX_NULL)
 193              		.loc 1 165 5 view .LVU57
 194              		.loc 1 165 15 is_stmt 0 view .LVU58
 195 00a6 E368     		ldr	r3, [r4, #12]
 196              		.loc 1 165 8 view .LVU59
 197 00a8 13B1     		cbz	r3, .L12
 198              	.LVL21:
 199              	.L1:
 166:Middlewares/ST/usbx/common/usbx_host_classes/src/ux_host_class_audio_configure.c ****     {
 167:Middlewares/ST/usbx/common/usbx_host_classes/src/ux_host_class_audio_configure.c **** 
 168:Middlewares/ST/usbx/common/usbx_host_classes/src/ux_host_class_audio_configure.c ****         /* Error trap. */
 169:Middlewares/ST/usbx/common/usbx_host_classes/src/ux_host_class_audio_configure.c ****         _ux_system_error_handler(UX_SYSTEM_LEVEL_THREAD, UX_SYSTEM_CONTEXT_CLASS, UX_INTERFACE_HAND
 170:Middlewares/ST/usbx/common/usbx_host_classes/src/ux_host_class_audio_configure.c **** 
 171:Middlewares/ST/usbx/common/usbx_host_classes/src/ux_host_class_audio_configure.c ****         /* If trace is enabled, insert this event into the trace buffer.  */
 172:Middlewares/ST/usbx/common/usbx_host_classes/src/ux_host_class_audio_configure.c ****         UX_TRACE_IN_LINE_INSERT(UX_TRACE_ERROR, UX_INTERFACE_HANDLE_UNKNOWN, interface, 0, 0, UX_TR
 173:Middlewares/ST/usbx/common/usbx_host_classes/src/ux_host_class_audio_configure.c **** 
 174:Middlewares/ST/usbx/common/usbx_host_classes/src/ux_host_class_audio_configure.c ****         /* We get here when we could not locate the interface(s) handle */
 175:Middlewares/ST/usbx/common/usbx_host_classes/src/ux_host_class_audio_configure.c ****         return(UX_INTERFACE_HANDLE_UNKNOWN);
ARM GAS  /tmp/cc1dOtYX.s 			page 8


 176:Middlewares/ST/usbx/common/usbx_host_classes/src/ux_host_class_audio_configure.c ****     }
 177:Middlewares/ST/usbx/common/usbx_host_classes/src/ux_host_class_audio_configure.c ****     else
 178:Middlewares/ST/usbx/common/usbx_host_classes/src/ux_host_class_audio_configure.c ****     {
 179:Middlewares/ST/usbx/common/usbx_host_classes/src/ux_host_class_audio_configure.c **** 
 180:Middlewares/ST/usbx/common/usbx_host_classes/src/ux_host_class_audio_configure.c ****         return(UX_SUCCESS);        
 181:Middlewares/ST/usbx/common/usbx_host_classes/src/ux_host_class_audio_configure.c ****     }
 182:Middlewares/ST/usbx/common/usbx_host_classes/src/ux_host_class_audio_configure.c **** }
 200              		.loc 1 182 1 view .LVU60
 201 00aa 2846     		mov	r0, r5
 202 00ac 07B0     		add	sp, sp, #28
 203              	.LCFI2:
 204              		.cfi_remember_state
 205              		.cfi_def_cfa_offset 12
 206              		@ sp needed
 207 00ae 30BD     		pop	{r4, r5, pc}
 208              	.LVL22:
 209              	.L12:
 210              	.LCFI3:
 211              		.cfi_restore_state
 169:Middlewares/ST/usbx/common/usbx_host_classes/src/ux_host_class_audio_configure.c **** 
 212              		.loc 1 169 9 is_stmt 1 view .LVU61
 213 00b0 5222     		movs	r2, #82
 214 00b2 0721     		movs	r1, #7
 215 00b4 0220     		movs	r0, #2
 216              	.LVL23:
 169:Middlewares/ST/usbx/common/usbx_host_classes/src/ux_host_class_audio_configure.c **** 
 217              		.loc 1 169 9 is_stmt 0 view .LVU62
 218 00b6 FFF7FEFF 		bl	_ux_system_error_handler
 219              	.LVL24:
 172:Middlewares/ST/usbx/common/usbx_host_classes/src/ux_host_class_audio_configure.c **** 
 220              		.loc 1 172 9 is_stmt 1 view .LVU63
 221 00ba 0023     		movs	r3, #0
 222 00bc 0393     		str	r3, [sp, #12]
 223 00be 0293     		str	r3, [sp, #8]
 224 00c0 4FF08072 		mov	r2, #16777216
 225 00c4 0192     		str	r2, [sp, #4]
 226 00c6 0093     		str	r3, [sp]
 227 00c8 049A     		ldr	r2, [sp, #16]
 228 00ca 5221     		movs	r1, #82
 229 00cc 40F2E730 		movw	r0, #999
 230 00d0 FFF7FEFF 		bl	_ux_trace_event_insert
 231              	.LVL25:
 175:Middlewares/ST/usbx/common/usbx_host_classes/src/ux_host_class_audio_configure.c ****     }
 232              		.loc 1 175 9 view .LVU64
 175:Middlewares/ST/usbx/common/usbx_host_classes/src/ux_host_class_audio_configure.c ****     }
 233              		.loc 1 175 15 is_stmt 0 view .LVU65
 234 00d4 5225     		movs	r5, #82
 235 00d6 E8E7     		b	.L1
 236              	.LVL26:
 237              	.L8:
  93:Middlewares/ST/usbx/common/usbx_host_classes/src/ux_host_class_audio_configure.c **** 
 238              		.loc 1 93 15 view .LVU66
 239 00d8 0025     		movs	r5, #0
 240 00da E6E7     		b	.L1
 241              		.cfi_endproc
 242              	.LFE11:
 244              		.text
ARM GAS  /tmp/cc1dOtYX.s 			page 9


 245              	.Letext0:
 246              		.file 2 "Middlewares/ST/threadx/ports/cortex_m7/gnu/inc/tx_port.h"
 247              		.file 3 "Middlewares/ST/threadx/common/inc/tx_api.h"
 248              		.file 4 "Middlewares/ST/threadx/common/inc/tx_trace.h"
 249              		.file 5 "Middlewares/ST/usbx/common/core/inc/ux_api.h"
 250              		.file 6 "Middlewares/ST/usbx/common/usbx_host_classes/inc/ux_host_class_audio.h"
 251              		.file 7 "Middlewares/ST/usbx/common/core/inc/ux_host_stack.h"
 252              		.file 8 "Middlewares/ST/usbx/common/core/inc/ux_utility.h"
ARM GAS  /tmp/cc1dOtYX.s 			page 10


DEFINED SYMBOLS
                            *ABS*:00000000 ux_host_class_audio_configure.c
     /tmp/cc1dOtYX.s:20     .text._ux_host_class_audio_configure:00000000 $t
     /tmp/cc1dOtYX.s:26     .text._ux_host_class_audio_configure:00000000 _ux_host_class_audio_configure

UNDEFINED SYMBOLS
_ux_host_stack_device_configuration_get
_ux_host_stack_device_configuration_select
_ux_system_error_handler
_ux_trace_event_insert
_ux_host_stack_configuration_interface_get
