ARM GAS  /tmp/cc3qUwZG.s 			page 1


   1              		.cpu cortex-m7
   2              		.arch armv7e-m
   3              		.fpu fpv5-d16
   4              		.eabi_attribute 28, 1
   5              		.eabi_attribute 20, 1
   6              		.eabi_attribute 21, 1
   7              		.eabi_attribute 23, 3
   8              		.eabi_attribute 24, 1
   9              		.eabi_attribute 25, 1
  10              		.eabi_attribute 26, 1
  11              		.eabi_attribute 30, 1
  12              		.eabi_attribute 34, 1
  13              		.eabi_attribute 18, 4
  14              		.file	"ux_host_stack_new_configuration_create.c"
  15              		.text
  16              	.Ltext0:
  17              		.cfi_sections	.debug_frame
  18              		.file 1 "Middlewares/ST/usbx/common/core/src/ux_host_stack_new_configuration_create.c"
  19              		.section	.text._ux_host_stack_new_configuration_create,"ax",%progbits
  20              		.align	1
  21              		.global	_ux_host_stack_new_configuration_create
  22              		.syntax unified
  23              		.thumb
  24              		.thumb_func
  26              	_ux_host_stack_new_configuration_create:
  27              	.LVL0:
  28              	.LFB11:
   1:Middlewares/ST/usbx/common/core/src/ux_host_stack_new_configuration_create.c **** /**************************************************************************/
   2:Middlewares/ST/usbx/common/core/src/ux_host_stack_new_configuration_create.c **** /*                                                                        */
   3:Middlewares/ST/usbx/common/core/src/ux_host_stack_new_configuration_create.c **** /*       Copyright (c) Microsoft Corporation. All rights reserved.        */
   4:Middlewares/ST/usbx/common/core/src/ux_host_stack_new_configuration_create.c **** /*                                                                        */
   5:Middlewares/ST/usbx/common/core/src/ux_host_stack_new_configuration_create.c **** /*       This software is licensed under the Microsoft Software License   */
   6:Middlewares/ST/usbx/common/core/src/ux_host_stack_new_configuration_create.c **** /*       Terms for Microsoft Azure RTOS. Full text of the license can be  */
   7:Middlewares/ST/usbx/common/core/src/ux_host_stack_new_configuration_create.c **** /*       found in the LICENSE file at https://aka.ms/AzureRTOS_EULA       */
   8:Middlewares/ST/usbx/common/core/src/ux_host_stack_new_configuration_create.c **** /*       and in the root directory of this software.                      */
   9:Middlewares/ST/usbx/common/core/src/ux_host_stack_new_configuration_create.c **** /*                                                                        */
  10:Middlewares/ST/usbx/common/core/src/ux_host_stack_new_configuration_create.c **** /**************************************************************************/
  11:Middlewares/ST/usbx/common/core/src/ux_host_stack_new_configuration_create.c **** 
  12:Middlewares/ST/usbx/common/core/src/ux_host_stack_new_configuration_create.c **** 
  13:Middlewares/ST/usbx/common/core/src/ux_host_stack_new_configuration_create.c **** /**************************************************************************/
  14:Middlewares/ST/usbx/common/core/src/ux_host_stack_new_configuration_create.c **** /**************************************************************************/
  15:Middlewares/ST/usbx/common/core/src/ux_host_stack_new_configuration_create.c **** /**                                                                       */ 
  16:Middlewares/ST/usbx/common/core/src/ux_host_stack_new_configuration_create.c **** /** USBX Component                                                        */ 
  17:Middlewares/ST/usbx/common/core/src/ux_host_stack_new_configuration_create.c **** /**                                                                       */
  18:Middlewares/ST/usbx/common/core/src/ux_host_stack_new_configuration_create.c **** /**   Host Stack                                                          */
  19:Middlewares/ST/usbx/common/core/src/ux_host_stack_new_configuration_create.c **** /**                                                                       */
  20:Middlewares/ST/usbx/common/core/src/ux_host_stack_new_configuration_create.c **** /**************************************************************************/
  21:Middlewares/ST/usbx/common/core/src/ux_host_stack_new_configuration_create.c **** /**************************************************************************/
  22:Middlewares/ST/usbx/common/core/src/ux_host_stack_new_configuration_create.c **** 
  23:Middlewares/ST/usbx/common/core/src/ux_host_stack_new_configuration_create.c **** 
  24:Middlewares/ST/usbx/common/core/src/ux_host_stack_new_configuration_create.c **** /* Include necessary system files.  */
  25:Middlewares/ST/usbx/common/core/src/ux_host_stack_new_configuration_create.c **** 
  26:Middlewares/ST/usbx/common/core/src/ux_host_stack_new_configuration_create.c **** #define UX_SOURCE_CODE
  27:Middlewares/ST/usbx/common/core/src/ux_host_stack_new_configuration_create.c **** 
  28:Middlewares/ST/usbx/common/core/src/ux_host_stack_new_configuration_create.c **** #include "ux_api.h"
  29:Middlewares/ST/usbx/common/core/src/ux_host_stack_new_configuration_create.c **** #include "ux_host_stack.h"
  30:Middlewares/ST/usbx/common/core/src/ux_host_stack_new_configuration_create.c **** 
ARM GAS  /tmp/cc3qUwZG.s 			page 2


  31:Middlewares/ST/usbx/common/core/src/ux_host_stack_new_configuration_create.c **** 
  32:Middlewares/ST/usbx/common/core/src/ux_host_stack_new_configuration_create.c **** /**************************************************************************/ 
  33:Middlewares/ST/usbx/common/core/src/ux_host_stack_new_configuration_create.c **** /*                                                                        */ 
  34:Middlewares/ST/usbx/common/core/src/ux_host_stack_new_configuration_create.c **** /*  FUNCTION                                               RELEASE        */ 
  35:Middlewares/ST/usbx/common/core/src/ux_host_stack_new_configuration_create.c **** /*                                                                        */ 
  36:Middlewares/ST/usbx/common/core/src/ux_host_stack_new_configuration_create.c **** /*    _ux_host_stack_new_configuration_create             PORTABLE C      */ 
  37:Middlewares/ST/usbx/common/core/src/ux_host_stack_new_configuration_create.c **** /*                                                           6.1          */
  38:Middlewares/ST/usbx/common/core/src/ux_host_stack_new_configuration_create.c **** /*  AUTHOR                                                                */
  39:Middlewares/ST/usbx/common/core/src/ux_host_stack_new_configuration_create.c **** /*                                                                        */
  40:Middlewares/ST/usbx/common/core/src/ux_host_stack_new_configuration_create.c **** /*    Chaoqiong Xiao, Microsoft Corporation                               */
  41:Middlewares/ST/usbx/common/core/src/ux_host_stack_new_configuration_create.c **** /*                                                                        */
  42:Middlewares/ST/usbx/common/core/src/ux_host_stack_new_configuration_create.c **** /*  DESCRIPTION                                                           */
  43:Middlewares/ST/usbx/common/core/src/ux_host_stack_new_configuration_create.c **** /*                                                                        */ 
  44:Middlewares/ST/usbx/common/core/src/ux_host_stack_new_configuration_create.c **** /*    This function creates a new configuration for the current device    */
  45:Middlewares/ST/usbx/common/core/src/ux_host_stack_new_configuration_create.c **** /*    a device can have multiple configurations.                          */ 
  46:Middlewares/ST/usbx/common/core/src/ux_host_stack_new_configuration_create.c **** /*                                                                        */ 
  47:Middlewares/ST/usbx/common/core/src/ux_host_stack_new_configuration_create.c **** /*  INPUT                                                                 */ 
  48:Middlewares/ST/usbx/common/core/src/ux_host_stack_new_configuration_create.c **** /*                                                                        */ 
  49:Middlewares/ST/usbx/common/core/src/ux_host_stack_new_configuration_create.c **** /*    device                                Pointer to the descriptor     */ 
  50:Middlewares/ST/usbx/common/core/src/ux_host_stack_new_configuration_create.c **** /*                                            for the device              */
  51:Middlewares/ST/usbx/common/core/src/ux_host_stack_new_configuration_create.c **** /*    configuration_descriptor              Configuration descriptor      */ 
  52:Middlewares/ST/usbx/common/core/src/ux_host_stack_new_configuration_create.c **** /*                                            previously parsed           */
  53:Middlewares/ST/usbx/common/core/src/ux_host_stack_new_configuration_create.c **** /*                                                                        */ 
  54:Middlewares/ST/usbx/common/core/src/ux_host_stack_new_configuration_create.c **** /*  OUTPUT                                                                */ 
  55:Middlewares/ST/usbx/common/core/src/ux_host_stack_new_configuration_create.c **** /*                                                                        */ 
  56:Middlewares/ST/usbx/common/core/src/ux_host_stack_new_configuration_create.c **** /*    None                                                                */ 
  57:Middlewares/ST/usbx/common/core/src/ux_host_stack_new_configuration_create.c **** /*                                                                        */ 
  58:Middlewares/ST/usbx/common/core/src/ux_host_stack_new_configuration_create.c **** /*  CALLS                                                                 */ 
  59:Middlewares/ST/usbx/common/core/src/ux_host_stack_new_configuration_create.c **** /*                                                                        */ 
  60:Middlewares/ST/usbx/common/core/src/ux_host_stack_new_configuration_create.c **** /*    None                                                                */ 
  61:Middlewares/ST/usbx/common/core/src/ux_host_stack_new_configuration_create.c **** /*                                                                        */ 
  62:Middlewares/ST/usbx/common/core/src/ux_host_stack_new_configuration_create.c **** /*  CALLED BY                                                             */ 
  63:Middlewares/ST/usbx/common/core/src/ux_host_stack_new_configuration_create.c **** /*                                                                        */ 
  64:Middlewares/ST/usbx/common/core/src/ux_host_stack_new_configuration_create.c **** /*    USBX Components                                                     */ 
  65:Middlewares/ST/usbx/common/core/src/ux_host_stack_new_configuration_create.c **** /*                                                                        */ 
  66:Middlewares/ST/usbx/common/core/src/ux_host_stack_new_configuration_create.c **** /*  RELEASE HISTORY                                                       */ 
  67:Middlewares/ST/usbx/common/core/src/ux_host_stack_new_configuration_create.c **** /*                                                                        */ 
  68:Middlewares/ST/usbx/common/core/src/ux_host_stack_new_configuration_create.c **** /*    DATE              NAME                      DESCRIPTION             */ 
  69:Middlewares/ST/usbx/common/core/src/ux_host_stack_new_configuration_create.c **** /*                                                                        */ 
  70:Middlewares/ST/usbx/common/core/src/ux_host_stack_new_configuration_create.c **** /*  05-19-2020     Chaoqiong Xiao           Initial Version 6.0           */
  71:Middlewares/ST/usbx/common/core/src/ux_host_stack_new_configuration_create.c **** /*  09-30-2020     Chaoqiong Xiao           Modified comment(s),          */
  72:Middlewares/ST/usbx/common/core/src/ux_host_stack_new_configuration_create.c **** /*                                            resulting in version 6.1    */
  73:Middlewares/ST/usbx/common/core/src/ux_host_stack_new_configuration_create.c **** /*                                                                        */
  74:Middlewares/ST/usbx/common/core/src/ux_host_stack_new_configuration_create.c **** /**************************************************************************/
  75:Middlewares/ST/usbx/common/core/src/ux_host_stack_new_configuration_create.c **** VOID  _ux_host_stack_new_configuration_create(UX_DEVICE *device, UX_CONFIGURATION *configuration)
  76:Middlewares/ST/usbx/common/core/src/ux_host_stack_new_configuration_create.c **** {
  29              		.loc 1 76 1 view -0
  30              		.cfi_startproc
  31              		@ args = 0, pretend = 0, frame = 0
  32              		@ frame_needed = 0, uses_anonymous_args = 0
  33              		.loc 1 76 1 is_stmt 0 view .LVU1
  34 0000 30B5     		push	{r4, r5, lr}
  35              	.LCFI0:
  36              		.cfi_def_cfa_offset 12
  37              		.cfi_offset 4, -12
  38              		.cfi_offset 5, -8
  39              		.cfi_offset 14, -4
ARM GAS  /tmp/cc3qUwZG.s 			page 3


  40 0002 85B0     		sub	sp, sp, #20
  41              	.LCFI1:
  42              		.cfi_def_cfa_offset 32
  43 0004 0546     		mov	r5, r0
  44 0006 0C46     		mov	r4, r1
  77:Middlewares/ST/usbx/common/core/src/ux_host_stack_new_configuration_create.c **** 
  78:Middlewares/ST/usbx/common/core/src/ux_host_stack_new_configuration_create.c **** UX_CONFIGURATION    *list_configuration;
  45              		.loc 1 78 1 is_stmt 1 view .LVU2
  79:Middlewares/ST/usbx/common/core/src/ux_host_stack_new_configuration_create.c **** 
  80:Middlewares/ST/usbx/common/core/src/ux_host_stack_new_configuration_create.c ****     /* If trace is enabled, insert this event into the trace buffer.  */
  81:Middlewares/ST/usbx/common/core/src/ux_host_stack_new_configuration_create.c ****     UX_TRACE_IN_LINE_INSERT(UX_TRACE_HOST_STACK_NEW_CONFIGURATION_CREATE, device, configuration, 0,
  46              		.loc 1 81 5 view .LVU3
  47 0008 0023     		movs	r3, #0
  48 000a 0393     		str	r3, [sp, #12]
  49 000c 0293     		str	r3, [sp, #8]
  50 000e 4FF00072 		mov	r2, #33554432
  51 0012 0192     		str	r2, [sp, #4]
  52 0014 0093     		str	r3, [sp]
  53 0016 0A46     		mov	r2, r1
  54 0018 0146     		mov	r1, r0
  55              	.LVL1:
  56              		.loc 1 81 5 is_stmt 0 view .LVU4
  57 001a 40F27220 		movw	r0, #626
  58              	.LVL2:
  59              		.loc 1 81 5 view .LVU5
  60 001e FFF7FEFF 		bl	_ux_trace_event_insert
  61              	.LVL3:
  82:Middlewares/ST/usbx/common/core/src/ux_host_stack_new_configuration_create.c **** 
  83:Middlewares/ST/usbx/common/core/src/ux_host_stack_new_configuration_create.c ****     /* The device that owns this configuration is memorized in the 
  84:Middlewares/ST/usbx/common/core/src/ux_host_stack_new_configuration_create.c ****        configuration container itself, easier for back chaining.  */
  85:Middlewares/ST/usbx/common/core/src/ux_host_stack_new_configuration_create.c ****     configuration -> ux_configuration_device =  device;
  62              		.loc 1 85 5 is_stmt 1 view .LVU6
  63              		.loc 1 85 46 is_stmt 0 view .LVU7
  64 0022 6563     		str	r5, [r4, #52]
  86:Middlewares/ST/usbx/common/core/src/ux_host_stack_new_configuration_create.c **** 
  87:Middlewares/ST/usbx/common/core/src/ux_host_stack_new_configuration_create.c ****     /* Save the configuration handle in the container, this is for ensuring the
  88:Middlewares/ST/usbx/common/core/src/ux_host_stack_new_configuration_create.c ****        configuration container is not corrupted.  */
  89:Middlewares/ST/usbx/common/core/src/ux_host_stack_new_configuration_create.c ****     configuration -> ux_configuration_handle =  (ULONG) (ALIGN_TYPE) configuration;
  65              		.loc 1 89 5 is_stmt 1 view .LVU8
  66              		.loc 1 89 46 is_stmt 0 view .LVU9
  67 0024 2460     		str	r4, [r4]
  90:Middlewares/ST/usbx/common/core/src/ux_host_stack_new_configuration_create.c **** 
  91:Middlewares/ST/usbx/common/core/src/ux_host_stack_new_configuration_create.c ****     /* There is 2 cases for the creation of the configuration descriptor 
  92:Middlewares/ST/usbx/common/core/src/ux_host_stack_new_configuration_create.c ****        if this is the first one, the configuration descriptor is hooked
  93:Middlewares/ST/usbx/common/core/src/ux_host_stack_new_configuration_create.c ****        to the device. If it is not the first one, the configuration is 
  94:Middlewares/ST/usbx/common/core/src/ux_host_stack_new_configuration_create.c ****        hooked to the end of the chain of configurations.  */
  95:Middlewares/ST/usbx/common/core/src/ux_host_stack_new_configuration_create.c ****     if (device -> ux_device_first_configuration == UX_NULL)
  68              		.loc 1 95 5 is_stmt 1 view .LVU10
  69              		.loc 1 95 16 is_stmt 0 view .LVU11
  70 0026 2B6C     		ldr	r3, [r5, #64]
  71              		.loc 1 95 8 view .LVU12
  72 0028 33B1     		cbz	r3, .L5
  73              	.L2:
  74              	.LVL4:
  96:Middlewares/ST/usbx/common/core/src/ux_host_stack_new_configuration_create.c ****     {
  97:Middlewares/ST/usbx/common/core/src/ux_host_stack_new_configuration_create.c ****         device -> ux_device_first_configuration =  configuration;
  98:Middlewares/ST/usbx/common/core/src/ux_host_stack_new_configuration_create.c ****     }
ARM GAS  /tmp/cc3qUwZG.s 			page 4


  99:Middlewares/ST/usbx/common/core/src/ux_host_stack_new_configuration_create.c ****     else
 100:Middlewares/ST/usbx/common/core/src/ux_host_stack_new_configuration_create.c ****     {
 101:Middlewares/ST/usbx/common/core/src/ux_host_stack_new_configuration_create.c **** 
 102:Middlewares/ST/usbx/common/core/src/ux_host_stack_new_configuration_create.c ****         /* Get the pointer to the first configuration.  */
 103:Middlewares/ST/usbx/common/core/src/ux_host_stack_new_configuration_create.c ****         list_configuration =  device -> ux_device_first_configuration;
 104:Middlewares/ST/usbx/common/core/src/ux_host_stack_new_configuration_create.c **** 
 105:Middlewares/ST/usbx/common/core/src/ux_host_stack_new_configuration_create.c ****         /* And traverse until we have reached the end of the configuration list.  */
 106:Middlewares/ST/usbx/common/core/src/ux_host_stack_new_configuration_create.c ****         while (list_configuration -> ux_configuration_next_configuration != UX_NULL)
  75              		.loc 1 106 74 is_stmt 1 view .LVU13
  76 002a 1A46     		mov	r2, r3
  77              		.loc 1 106 35 is_stmt 0 view .LVU14
  78 002c 1B6B     		ldr	r3, [r3, #48]
  79              	.LVL5:
  80              		.loc 1 106 74 view .LVU15
  81 002e 002B     		cmp	r3, #0
  82 0030 FBD1     		bne	.L2
 107:Middlewares/ST/usbx/common/core/src/ux_host_stack_new_configuration_create.c ****         {
 108:Middlewares/ST/usbx/common/core/src/ux_host_stack_new_configuration_create.c ****             list_configuration =  list_configuration -> ux_configuration_next_configuration;
 109:Middlewares/ST/usbx/common/core/src/ux_host_stack_new_configuration_create.c ****         }
 110:Middlewares/ST/usbx/common/core/src/ux_host_stack_new_configuration_create.c **** 
 111:Middlewares/ST/usbx/common/core/src/ux_host_stack_new_configuration_create.c ****         /* Hook the new configuration.  */
 112:Middlewares/ST/usbx/common/core/src/ux_host_stack_new_configuration_create.c ****         list_configuration -> ux_configuration_next_configuration =  configuration;
  83              		.loc 1 112 9 is_stmt 1 view .LVU16
  84              		.loc 1 112 67 is_stmt 0 view .LVU17
  85 0032 1463     		str	r4, [r2, #48]
 113:Middlewares/ST/usbx/common/core/src/ux_host_stack_new_configuration_create.c ****     }
 114:Middlewares/ST/usbx/common/core/src/ux_host_stack_new_configuration_create.c **** 
 115:Middlewares/ST/usbx/common/core/src/ux_host_stack_new_configuration_create.c ****     /* Return to caller.  */
 116:Middlewares/ST/usbx/common/core/src/ux_host_stack_new_configuration_create.c ****     return;
  86              		.loc 1 116 5 is_stmt 1 view .LVU18
  87              	.LVL6:
  88              	.L1:
 117:Middlewares/ST/usbx/common/core/src/ux_host_stack_new_configuration_create.c **** }
  89              		.loc 1 117 1 is_stmt 0 view .LVU19
  90 0034 05B0     		add	sp, sp, #20
  91              	.LCFI2:
  92              		.cfi_remember_state
  93              		.cfi_def_cfa_offset 12
  94              		@ sp needed
  95 0036 30BD     		pop	{r4, r5, pc}
  96              	.LVL7:
  97              	.L5:
  98              	.LCFI3:
  99              		.cfi_restore_state
  97:Middlewares/ST/usbx/common/core/src/ux_host_stack_new_configuration_create.c ****     }
 100              		.loc 1 97 9 is_stmt 1 view .LVU20
  97:Middlewares/ST/usbx/common/core/src/ux_host_stack_new_configuration_create.c ****     }
 101              		.loc 1 97 49 is_stmt 0 view .LVU21
 102 0038 2C64     		str	r4, [r5, #64]
 103 003a FBE7     		b	.L1
 104              		.cfi_endproc
 105              	.LFE11:
 107              		.text
 108              	.Letext0:
 109              		.file 2 "Middlewares/ST/threadx/ports/cortex_m7/gnu/inc/tx_port.h"
 110              		.file 3 "Middlewares/ST/threadx/common/inc/tx_api.h"
 111              		.file 4 "Middlewares/ST/threadx/common/inc/tx_trace.h"
ARM GAS  /tmp/cc3qUwZG.s 			page 5


 112              		.file 5 "Middlewares/ST/usbx/common/core/inc/ux_api.h"
ARM GAS  /tmp/cc3qUwZG.s 			page 6


DEFINED SYMBOLS
                            *ABS*:00000000 ux_host_stack_new_configuration_create.c
     /tmp/cc3qUwZG.s:20     .text._ux_host_stack_new_configuration_create:00000000 $t
     /tmp/cc3qUwZG.s:26     .text._ux_host_stack_new_configuration_create:00000000 _ux_host_stack_new_configuration_create

UNDEFINED SYMBOLS
_ux_trace_event_insert
