ARM GAS  /tmp/ccS2bB4j.s 			page 1


   1              		.cpu cortex-m7
   2              		.arch armv7e-m
   3              		.fpu fpv5-d16
   4              		.eabi_attribute 28, 1
   5              		.eabi_attribute 20, 1
   6              		.eabi_attribute 21, 1
   7              		.eabi_attribute 23, 3
   8              		.eabi_attribute 24, 1
   9              		.eabi_attribute 25, 1
  10              		.eabi_attribute 26, 1
  11              		.eabi_attribute 30, 1
  12              		.eabi_attribute 34, 1
  13              		.eabi_attribute 18, 4
  14              		.file	"ux_host_stack_new_interface_create.c"
  15              		.text
  16              	.Ltext0:
  17              		.cfi_sections	.debug_frame
  18              		.file 1 "Middlewares/ST/usbx/common/core/src/ux_host_stack_new_interface_create.c"
  19              		.section	.text._ux_host_stack_new_interface_create,"ax",%progbits
  20              		.align	1
  21              		.global	_ux_host_stack_new_interface_create
  22              		.syntax unified
  23              		.thumb
  24              		.thumb_func
  26              	_ux_host_stack_new_interface_create:
  27              	.LVL0:
  28              	.LFB11:
   1:Middlewares/ST/usbx/common/core/src/ux_host_stack_new_interface_create.c **** /**************************************************************************/
   2:Middlewares/ST/usbx/common/core/src/ux_host_stack_new_interface_create.c **** /*                                                                        */
   3:Middlewares/ST/usbx/common/core/src/ux_host_stack_new_interface_create.c **** /*       Copyright (c) Microsoft Corporation. All rights reserved.        */
   4:Middlewares/ST/usbx/common/core/src/ux_host_stack_new_interface_create.c **** /*                                                                        */
   5:Middlewares/ST/usbx/common/core/src/ux_host_stack_new_interface_create.c **** /*       This software is licensed under the Microsoft Software License   */
   6:Middlewares/ST/usbx/common/core/src/ux_host_stack_new_interface_create.c **** /*       Terms for Microsoft Azure RTOS. Full text of the license can be  */
   7:Middlewares/ST/usbx/common/core/src/ux_host_stack_new_interface_create.c **** /*       found in the LICENSE file at https://aka.ms/AzureRTOS_EULA       */
   8:Middlewares/ST/usbx/common/core/src/ux_host_stack_new_interface_create.c **** /*       and in the root directory of this software.                      */
   9:Middlewares/ST/usbx/common/core/src/ux_host_stack_new_interface_create.c **** /*                                                                        */
  10:Middlewares/ST/usbx/common/core/src/ux_host_stack_new_interface_create.c **** /**************************************************************************/
  11:Middlewares/ST/usbx/common/core/src/ux_host_stack_new_interface_create.c **** 
  12:Middlewares/ST/usbx/common/core/src/ux_host_stack_new_interface_create.c **** 
  13:Middlewares/ST/usbx/common/core/src/ux_host_stack_new_interface_create.c **** /**************************************************************************/
  14:Middlewares/ST/usbx/common/core/src/ux_host_stack_new_interface_create.c **** /**************************************************************************/
  15:Middlewares/ST/usbx/common/core/src/ux_host_stack_new_interface_create.c **** /**                                                                       */ 
  16:Middlewares/ST/usbx/common/core/src/ux_host_stack_new_interface_create.c **** /** USBX Component                                                        */ 
  17:Middlewares/ST/usbx/common/core/src/ux_host_stack_new_interface_create.c **** /**                                                                       */
  18:Middlewares/ST/usbx/common/core/src/ux_host_stack_new_interface_create.c **** /**   Host Stack                                                          */
  19:Middlewares/ST/usbx/common/core/src/ux_host_stack_new_interface_create.c **** /**                                                                       */
  20:Middlewares/ST/usbx/common/core/src/ux_host_stack_new_interface_create.c **** /**************************************************************************/
  21:Middlewares/ST/usbx/common/core/src/ux_host_stack_new_interface_create.c **** /**************************************************************************/
  22:Middlewares/ST/usbx/common/core/src/ux_host_stack_new_interface_create.c **** 
  23:Middlewares/ST/usbx/common/core/src/ux_host_stack_new_interface_create.c **** 
  24:Middlewares/ST/usbx/common/core/src/ux_host_stack_new_interface_create.c **** /* Include necessary system files.  */
  25:Middlewares/ST/usbx/common/core/src/ux_host_stack_new_interface_create.c **** 
  26:Middlewares/ST/usbx/common/core/src/ux_host_stack_new_interface_create.c **** #define UX_SOURCE_CODE
  27:Middlewares/ST/usbx/common/core/src/ux_host_stack_new_interface_create.c **** 
  28:Middlewares/ST/usbx/common/core/src/ux_host_stack_new_interface_create.c **** #include "ux_api.h"
  29:Middlewares/ST/usbx/common/core/src/ux_host_stack_new_interface_create.c **** #include "ux_host_stack.h"
  30:Middlewares/ST/usbx/common/core/src/ux_host_stack_new_interface_create.c **** 
ARM GAS  /tmp/ccS2bB4j.s 			page 2


  31:Middlewares/ST/usbx/common/core/src/ux_host_stack_new_interface_create.c **** 
  32:Middlewares/ST/usbx/common/core/src/ux_host_stack_new_interface_create.c **** /**************************************************************************/ 
  33:Middlewares/ST/usbx/common/core/src/ux_host_stack_new_interface_create.c **** /*                                                                        */ 
  34:Middlewares/ST/usbx/common/core/src/ux_host_stack_new_interface_create.c **** /*  FUNCTION                                               RELEASE        */ 
  35:Middlewares/ST/usbx/common/core/src/ux_host_stack_new_interface_create.c **** /*                                                                        */ 
  36:Middlewares/ST/usbx/common/core/src/ux_host_stack_new_interface_create.c **** /*    _ux_host_stack_new_interface_create                 PORTABLE C      */ 
  37:Middlewares/ST/usbx/common/core/src/ux_host_stack_new_interface_create.c **** /*                                                           6.1          */
  38:Middlewares/ST/usbx/common/core/src/ux_host_stack_new_interface_create.c **** /*  AUTHOR                                                                */
  39:Middlewares/ST/usbx/common/core/src/ux_host_stack_new_interface_create.c **** /*                                                                        */
  40:Middlewares/ST/usbx/common/core/src/ux_host_stack_new_interface_create.c **** /*    Chaoqiong Xiao, Microsoft Corporation                               */
  41:Middlewares/ST/usbx/common/core/src/ux_host_stack_new_interface_create.c **** /*                                                                        */
  42:Middlewares/ST/usbx/common/core/src/ux_host_stack_new_interface_create.c **** /*  DESCRIPTION                                                           */
  43:Middlewares/ST/usbx/common/core/src/ux_host_stack_new_interface_create.c **** /*                                                                        */ 
  44:Middlewares/ST/usbx/common/core/src/ux_host_stack_new_interface_create.c **** /*    This function creates a new interface for the current configuration */
  45:Middlewares/ST/usbx/common/core/src/ux_host_stack_new_interface_create.c **** /*    scanned. A device has at least 1 alternate setting per interface    */ 
  46:Middlewares/ST/usbx/common/core/src/ux_host_stack_new_interface_create.c **** /*    which is the default one.                                           */
  47:Middlewares/ST/usbx/common/core/src/ux_host_stack_new_interface_create.c **** /*                                                                        */
  48:Middlewares/ST/usbx/common/core/src/ux_host_stack_new_interface_create.c **** /*    The interface is hooked to the configuration that owns it.          */
  49:Middlewares/ST/usbx/common/core/src/ux_host_stack_new_interface_create.c **** /*                                                                        */
  50:Middlewares/ST/usbx/common/core/src/ux_host_stack_new_interface_create.c **** /*    From the interface descriptor, all the endpoints are hooked but     */
  51:Middlewares/ST/usbx/common/core/src/ux_host_stack_new_interface_create.c **** /*    not activated.                                                      */ 
  52:Middlewares/ST/usbx/common/core/src/ux_host_stack_new_interface_create.c **** /*                                                                        */ 
  53:Middlewares/ST/usbx/common/core/src/ux_host_stack_new_interface_create.c **** /*  INPUT                                                                 */ 
  54:Middlewares/ST/usbx/common/core/src/ux_host_stack_new_interface_create.c **** /*                                                                        */ 
  55:Middlewares/ST/usbx/common/core/src/ux_host_stack_new_interface_create.c **** /*    configuration                         Configuration container that  */ 
  56:Middlewares/ST/usbx/common/core/src/ux_host_stack_new_interface_create.c **** /*                                            owns this interface         */
  57:Middlewares/ST/usbx/common/core/src/ux_host_stack_new_interface_create.c **** /*    interface_pointer                     Pointer to a unparsed         */ 
  58:Middlewares/ST/usbx/common/core/src/ux_host_stack_new_interface_create.c **** /*                                            interface descriptor        */
  59:Middlewares/ST/usbx/common/core/src/ux_host_stack_new_interface_create.c **** /*    length                                Length remaining in this      */ 
  60:Middlewares/ST/usbx/common/core/src/ux_host_stack_new_interface_create.c **** /*                                            descriptor                  */
  61:Middlewares/ST/usbx/common/core/src/ux_host_stack_new_interface_create.c **** /*                                                                        */ 
  62:Middlewares/ST/usbx/common/core/src/ux_host_stack_new_interface_create.c **** /*  OUTPUT                                                                */ 
  63:Middlewares/ST/usbx/common/core/src/ux_host_stack_new_interface_create.c **** /*                                                                        */ 
  64:Middlewares/ST/usbx/common/core/src/ux_host_stack_new_interface_create.c **** /*    Completion Status                                                   */ 
  65:Middlewares/ST/usbx/common/core/src/ux_host_stack_new_interface_create.c **** /*                                                                        */ 
  66:Middlewares/ST/usbx/common/core/src/ux_host_stack_new_interface_create.c **** /*  CALLS                                                                 */ 
  67:Middlewares/ST/usbx/common/core/src/ux_host_stack_new_interface_create.c **** /*                                                                        */ 
  68:Middlewares/ST/usbx/common/core/src/ux_host_stack_new_interface_create.c **** /*    _ux_host_stack_new_endpoint_create    Create new endpoint           */ 
  69:Middlewares/ST/usbx/common/core/src/ux_host_stack_new_interface_create.c **** /*    _ux_utility_descriptor_parse          Parse the descriptor          */ 
  70:Middlewares/ST/usbx/common/core/src/ux_host_stack_new_interface_create.c **** /*    _ux_utility_memory_allocate           Allocate memory block         */ 
  71:Middlewares/ST/usbx/common/core/src/ux_host_stack_new_interface_create.c **** /*                                                                        */ 
  72:Middlewares/ST/usbx/common/core/src/ux_host_stack_new_interface_create.c **** /*  CALLED BY                                                             */ 
  73:Middlewares/ST/usbx/common/core/src/ux_host_stack_new_interface_create.c **** /*                                                                        */ 
  74:Middlewares/ST/usbx/common/core/src/ux_host_stack_new_interface_create.c **** /*    USBX Components                                                     */ 
  75:Middlewares/ST/usbx/common/core/src/ux_host_stack_new_interface_create.c **** /*                                                                        */ 
  76:Middlewares/ST/usbx/common/core/src/ux_host_stack_new_interface_create.c **** /*  RELEASE HISTORY                                                       */ 
  77:Middlewares/ST/usbx/common/core/src/ux_host_stack_new_interface_create.c **** /*                                                                        */ 
  78:Middlewares/ST/usbx/common/core/src/ux_host_stack_new_interface_create.c **** /*    DATE              NAME                      DESCRIPTION             */ 
  79:Middlewares/ST/usbx/common/core/src/ux_host_stack_new_interface_create.c **** /*                                                                        */ 
  80:Middlewares/ST/usbx/common/core/src/ux_host_stack_new_interface_create.c **** /*  05-19-2020     Chaoqiong Xiao           Initial Version 6.0           */
  81:Middlewares/ST/usbx/common/core/src/ux_host_stack_new_interface_create.c **** /*  09-30-2020     Chaoqiong Xiao           Modified comment(s),          */
  82:Middlewares/ST/usbx/common/core/src/ux_host_stack_new_interface_create.c **** /*                                            resulting in version 6.1    */
  83:Middlewares/ST/usbx/common/core/src/ux_host_stack_new_interface_create.c **** /*                                                                        */
  84:Middlewares/ST/usbx/common/core/src/ux_host_stack_new_interface_create.c **** /**************************************************************************/
  85:Middlewares/ST/usbx/common/core/src/ux_host_stack_new_interface_create.c **** UINT  _ux_host_stack_new_interface_create(UX_CONFIGURATION *configuration,
  86:Middlewares/ST/usbx/common/core/src/ux_host_stack_new_interface_create.c ****                                             UCHAR * descriptor, ULONG length)
  87:Middlewares/ST/usbx/common/core/src/ux_host_stack_new_interface_create.c **** {
ARM GAS  /tmp/ccS2bB4j.s 			page 3


  29              		.loc 1 87 1 view -0
  30              		.cfi_startproc
  31              		@ args = 0, pretend = 0, frame = 0
  32              		@ frame_needed = 0, uses_anonymous_args = 0
  33              		.loc 1 87 1 is_stmt 0 view .LVU1
  34 0000 2DE9F047 		push	{r4, r5, r6, r7, r8, r9, r10, lr}
  35              	.LCFI0:
  36              		.cfi_def_cfa_offset 32
  37              		.cfi_offset 4, -32
  38              		.cfi_offset 5, -28
  39              		.cfi_offset 6, -24
  40              		.cfi_offset 7, -20
  41              		.cfi_offset 8, -16
  42              		.cfi_offset 9, -12
  43              		.cfi_offset 10, -8
  44              		.cfi_offset 14, -4
  45 0004 84B0     		sub	sp, sp, #16
  46              	.LCFI1:
  47              		.cfi_def_cfa_offset 48
  48 0006 0446     		mov	r4, r0
  49 0008 8846     		mov	r8, r1
  50 000a 1746     		mov	r7, r2
  88:Middlewares/ST/usbx/common/core/src/ux_host_stack_new_interface_create.c **** 
  89:Middlewares/ST/usbx/common/core/src/ux_host_stack_new_interface_create.c **** UX_INTERFACE        *list_interface;
  51              		.loc 1 89 1 is_stmt 1 view .LVU2
  90:Middlewares/ST/usbx/common/core/src/ux_host_stack_new_interface_create.c **** UX_INTERFACE        *interface;
  52              		.loc 1 90 1 view .LVU3
  91:Middlewares/ST/usbx/common/core/src/ux_host_stack_new_interface_create.c **** UINT                number_endpoints;
  53              		.loc 1 91 1 view .LVU4
  92:Middlewares/ST/usbx/common/core/src/ux_host_stack_new_interface_create.c **** UINT                descriptor_length;
  54              		.loc 1 92 1 view .LVU5
  93:Middlewares/ST/usbx/common/core/src/ux_host_stack_new_interface_create.c **** UINT                descriptor_type;
  55              		.loc 1 93 1 view .LVU6
  94:Middlewares/ST/usbx/common/core/src/ux_host_stack_new_interface_create.c **** UINT                status;
  56              		.loc 1 94 1 view .LVU7
  95:Middlewares/ST/usbx/common/core/src/ux_host_stack_new_interface_create.c **** UCHAR               *this_interface_descriptor;
  57              		.loc 1 95 1 view .LVU8
  96:Middlewares/ST/usbx/common/core/src/ux_host_stack_new_interface_create.c **** 
  97:Middlewares/ST/usbx/common/core/src/ux_host_stack_new_interface_create.c ****     /* Obtain memory for storing this new interface.  */
  98:Middlewares/ST/usbx/common/core/src/ux_host_stack_new_interface_create.c ****     interface =  (UX_INTERFACE *) _ux_utility_memory_allocate(UX_NO_ALIGN, UX_REGULAR_MEMORY, sizeo
  58              		.loc 1 98 5 view .LVU9
  59              		.loc 1 98 35 is_stmt 0 view .LVU10
  60 000c 5022     		movs	r2, #80
  61              	.LVL1:
  62              		.loc 1 98 35 view .LVU11
  63 000e 0021     		movs	r1, #0
  64              	.LVL2:
  65              		.loc 1 98 35 view .LVU12
  66 0010 0846     		mov	r0, r1
  67              	.LVL3:
  68              		.loc 1 98 35 view .LVU13
  69 0012 FFF7FEFF 		bl	_ux_utility_memory_allocate
  70              	.LVL4:
  99:Middlewares/ST/usbx/common/core/src/ux_host_stack_new_interface_create.c ****     
 100:Middlewares/ST/usbx/common/core/src/ux_host_stack_new_interface_create.c ****     /* If no memory left, exit with error.  */        
 101:Middlewares/ST/usbx/common/core/src/ux_host_stack_new_interface_create.c ****     if (interface == UX_NULL)
  71              		.loc 1 101 5 is_stmt 1 view .LVU14
ARM GAS  /tmp/ccS2bB4j.s 			page 4


  72              		.loc 1 101 8 is_stmt 0 view .LVU15
  73 0016 0028     		cmp	r0, #0
  74 0018 71D0     		beq	.L12
  75 001a 8146     		mov	r9, r0
 102:Middlewares/ST/usbx/common/core/src/ux_host_stack_new_interface_create.c ****         return(UX_MEMORY_INSUFFICIENT);
 103:Middlewares/ST/usbx/common/core/src/ux_host_stack_new_interface_create.c **** 
 104:Middlewares/ST/usbx/common/core/src/ux_host_stack_new_interface_create.c ****     /* Save the interface handle in the container, this is for ensuring the
 105:Middlewares/ST/usbx/common/core/src/ux_host_stack_new_interface_create.c ****        interface container is not corrupted.  */
 106:Middlewares/ST/usbx/common/core/src/ux_host_stack_new_interface_create.c ****     interface -> ux_interface_handle =  (ULONG) (ALIGN_TYPE) interface;
  76              		.loc 1 106 5 is_stmt 1 view .LVU16
  77              		.loc 1 106 38 is_stmt 0 view .LVU17
  78 001c 0060     		str	r0, [r0]
 107:Middlewares/ST/usbx/common/core/src/ux_host_stack_new_interface_create.c **** 
 108:Middlewares/ST/usbx/common/core/src/ux_host_stack_new_interface_create.c ****     /* Parse the interface descriptor and make it machine independent.  */
 109:Middlewares/ST/usbx/common/core/src/ux_host_stack_new_interface_create.c ****     _ux_utility_descriptor_parse(descriptor,
  79              		.loc 1 109 5 is_stmt 1 view .LVU18
  80 001e 00F10C03 		add	r3, r0, #12
  81 0022 0922     		movs	r2, #9
  82 0024 3749     		ldr	r1, .L18
  83 0026 4046     		mov	r0, r8
  84              	.LVL5:
  85              		.loc 1 109 5 is_stmt 0 view .LVU19
  86 0028 FFF7FEFF 		bl	_ux_utility_descriptor_parse
  87              	.LVL6:
 110:Middlewares/ST/usbx/common/core/src/ux_host_stack_new_interface_create.c ****                             _ux_system_interface_descriptor_structure,
 111:Middlewares/ST/usbx/common/core/src/ux_host_stack_new_interface_create.c ****                             UX_INTERFACE_DESCRIPTOR_ENTRIES,
 112:Middlewares/ST/usbx/common/core/src/ux_host_stack_new_interface_create.c ****                             (UCHAR *) &interface -> ux_interface_descriptor);
 113:Middlewares/ST/usbx/common/core/src/ux_host_stack_new_interface_create.c **** 
 114:Middlewares/ST/usbx/common/core/src/ux_host_stack_new_interface_create.c ****     /* The configuration that owns this interface is memorized in the 
 115:Middlewares/ST/usbx/common/core/src/ux_host_stack_new_interface_create.c ****        interface container itself, easier for back chaining.  */
 116:Middlewares/ST/usbx/common/core/src/ux_host_stack_new_interface_create.c ****     interface -> ux_interface_configuration =  configuration;
  88              		.loc 1 116 5 is_stmt 1 view .LVU20
  89              		.loc 1 116 45 is_stmt 0 view .LVU21
  90 002c C9F84040 		str	r4, [r9, #64]
 117:Middlewares/ST/usbx/common/core/src/ux_host_stack_new_interface_create.c ****     
 118:Middlewares/ST/usbx/common/core/src/ux_host_stack_new_interface_create.c ****     /* If the interface belongs to an IAD, remember the IAD Class/SubClass/Protocol.  */
 119:Middlewares/ST/usbx/common/core/src/ux_host_stack_new_interface_create.c ****     interface -> ux_interface_iad_class    = configuration -> ux_configuration_iad_class;
  91              		.loc 1 119 5 is_stmt 1 view .LVU22
  92              		.loc 1 119 60 is_stmt 0 view .LVU23
  93 0030 A36B     		ldr	r3, [r4, #56]
  94              		.loc 1 119 44 view .LVU24
  95 0032 C9F84430 		str	r3, [r9, #68]
 120:Middlewares/ST/usbx/common/core/src/ux_host_stack_new_interface_create.c ****     interface -> ux_interface_iad_subclass = configuration -> ux_configuration_iad_subclass;
  96              		.loc 1 120 5 is_stmt 1 view .LVU25
  97              		.loc 1 120 60 is_stmt 0 view .LVU26
  98 0036 E36B     		ldr	r3, [r4, #60]
  99              		.loc 1 120 44 view .LVU27
 100 0038 C9F84830 		str	r3, [r9, #72]
 121:Middlewares/ST/usbx/common/core/src/ux_host_stack_new_interface_create.c ****     interface -> ux_interface_iad_protocol = configuration -> ux_configuration_iad_protocol;
 101              		.loc 1 121 5 is_stmt 1 view .LVU28
 102              		.loc 1 121 60 is_stmt 0 view .LVU29
 103 003c 236C     		ldr	r3, [r4, #64]
 104              		.loc 1 121 44 view .LVU30
 105 003e C9F84C30 		str	r3, [r9, #76]
 122:Middlewares/ST/usbx/common/core/src/ux_host_stack_new_interface_create.c **** 
 123:Middlewares/ST/usbx/common/core/src/ux_host_stack_new_interface_create.c ****     /* There is 2 cases for the creation of the interface descriptor 
 124:Middlewares/ST/usbx/common/core/src/ux_host_stack_new_interface_create.c ****        if this is the first one, the interface descriptor is hooked
ARM GAS  /tmp/ccS2bB4j.s 			page 5


 125:Middlewares/ST/usbx/common/core/src/ux_host_stack_new_interface_create.c ****        to the configuration. If it is not the first one, the interface 
 126:Middlewares/ST/usbx/common/core/src/ux_host_stack_new_interface_create.c ****        is hooked to the end of the chain of interfaces.  */
 127:Middlewares/ST/usbx/common/core/src/ux_host_stack_new_interface_create.c ****     if (configuration -> ux_configuration_first_interface == UX_NULL)
 106              		.loc 1 127 5 is_stmt 1 view .LVU31
 107              		.loc 1 127 23 is_stmt 0 view .LVU32
 108 0042 E36A     		ldr	r3, [r4, #44]
 109              		.loc 1 127 8 view .LVU33
 110 0044 4BB1     		cbz	r3, .L15
 111              	.L3:
 112              	.LVL7:
 128:Middlewares/ST/usbx/common/core/src/ux_host_stack_new_interface_create.c ****     {
 129:Middlewares/ST/usbx/common/core/src/ux_host_stack_new_interface_create.c ****         configuration -> ux_configuration_first_interface =  interface;
 130:Middlewares/ST/usbx/common/core/src/ux_host_stack_new_interface_create.c ****     }
 131:Middlewares/ST/usbx/common/core/src/ux_host_stack_new_interface_create.c ****     else
 132:Middlewares/ST/usbx/common/core/src/ux_host_stack_new_interface_create.c ****     {
 133:Middlewares/ST/usbx/common/core/src/ux_host_stack_new_interface_create.c ****     
 134:Middlewares/ST/usbx/common/core/src/ux_host_stack_new_interface_create.c ****         list_interface =  configuration -> ux_configuration_first_interface;
 135:Middlewares/ST/usbx/common/core/src/ux_host_stack_new_interface_create.c ****         
 136:Middlewares/ST/usbx/common/core/src/ux_host_stack_new_interface_create.c ****         /* Traverse the list until we reach the end */
 137:Middlewares/ST/usbx/common/core/src/ux_host_stack_new_interface_create.c ****         while (list_interface -> ux_interface_next_interface != UX_NULL)
 113              		.loc 1 137 62 is_stmt 1 view .LVU34
 114 0046 1A46     		mov	r2, r3
 115              		.loc 1 137 31 is_stmt 0 view .LVU35
 116 0048 DB6B     		ldr	r3, [r3, #60]
 117              	.LVL8:
 118              		.loc 1 137 62 view .LVU36
 119 004a 002B     		cmp	r3, #0
 120 004c FBD1     		bne	.L3
 138:Middlewares/ST/usbx/common/core/src/ux_host_stack_new_interface_create.c ****         {
 139:Middlewares/ST/usbx/common/core/src/ux_host_stack_new_interface_create.c **** 
 140:Middlewares/ST/usbx/common/core/src/ux_host_stack_new_interface_create.c ****             list_interface =  list_interface -> ux_interface_next_interface;
 141:Middlewares/ST/usbx/common/core/src/ux_host_stack_new_interface_create.c ****         }
 142:Middlewares/ST/usbx/common/core/src/ux_host_stack_new_interface_create.c **** 
 143:Middlewares/ST/usbx/common/core/src/ux_host_stack_new_interface_create.c ****         /* Hook the interface.  */
 144:Middlewares/ST/usbx/common/core/src/ux_host_stack_new_interface_create.c ****         list_interface -> ux_interface_next_interface =  interface;
 121              		.loc 1 144 9 is_stmt 1 view .LVU37
 122              		.loc 1 144 55 is_stmt 0 view .LVU38
 123 004e C2F83C90 		str	r9, [r2, #60]
 124              	.LVL9:
 125              	.L4:
 145:Middlewares/ST/usbx/common/core/src/ux_host_stack_new_interface_create.c ****     }
 146:Middlewares/ST/usbx/common/core/src/ux_host_stack_new_interface_create.c **** 
 147:Middlewares/ST/usbx/common/core/src/ux_host_stack_new_interface_create.c ****     /* Traverse the interface in search of all endpoints that belong to it.
 148:Middlewares/ST/usbx/common/core/src/ux_host_stack_new_interface_create.c ****        We need the length remaining in the descriptor and the number of endpoints
 149:Middlewares/ST/usbx/common/core/src/ux_host_stack_new_interface_create.c ****        reported for this interface.  */
 150:Middlewares/ST/usbx/common/core/src/ux_host_stack_new_interface_create.c ****     number_endpoints =  interface -> ux_interface_descriptor.bNumEndpoints;
 126              		.loc 1 150 5 is_stmt 1 view .LVU39
 127              		.loc 1 150 22 is_stmt 0 view .LVU40
 128 0052 D9F81CA0 		ldr	r10, [r9, #28]
 129              	.LVL10:
 151:Middlewares/ST/usbx/common/core/src/ux_host_stack_new_interface_create.c **** 
 152:Middlewares/ST/usbx/common/core/src/ux_host_stack_new_interface_create.c ****     this_interface_descriptor = descriptor;
 130              		.loc 1 152 5 is_stmt 1 view .LVU41
 153:Middlewares/ST/usbx/common/core/src/ux_host_stack_new_interface_create.c **** 
 154:Middlewares/ST/usbx/common/core/src/ux_host_stack_new_interface_create.c ****     while (length && (number_endpoints != 0))
 131              		.loc 1 154 5 view .LVU42
 132              		.loc 1 154 11 is_stmt 0 view .LVU43
ARM GAS  /tmp/ccS2bB4j.s 			page 6


 133 0056 4446     		mov	r4, r8
 134              	.LVL11:
 135              		.loc 1 154 11 view .LVU44
 136 0058 24E0     		b	.L5
 137              	.LVL12:
 138              	.L15:
 129:Middlewares/ST/usbx/common/core/src/ux_host_stack_new_interface_create.c ****     }
 139              		.loc 1 129 9 is_stmt 1 view .LVU45
 129:Middlewares/ST/usbx/common/core/src/ux_host_stack_new_interface_create.c ****     }
 140              		.loc 1 129 59 is_stmt 0 view .LVU46
 141 005a C4F82C90 		str	r9, [r4, #44]
 142 005e F8E7     		b	.L4
 143              	.LVL13:
 144              	.L16:
 155:Middlewares/ST/usbx/common/core/src/ux_host_stack_new_interface_create.c ****     {
 156:Middlewares/ST/usbx/common/core/src/ux_host_stack_new_interface_create.c **** 
 157:Middlewares/ST/usbx/common/core/src/ux_host_stack_new_interface_create.c ****         /* Gather the length and type of the descriptor.  */
 158:Middlewares/ST/usbx/common/core/src/ux_host_stack_new_interface_create.c ****         descriptor_length =  *descriptor;
 159:Middlewares/ST/usbx/common/core/src/ux_host_stack_new_interface_create.c ****         descriptor_type =    *(descriptor+1);
 160:Middlewares/ST/usbx/common/core/src/ux_host_stack_new_interface_create.c **** 
 161:Middlewares/ST/usbx/common/core/src/ux_host_stack_new_interface_create.c ****         /* make sure this descriptor has at least the minimum length.  */
 162:Middlewares/ST/usbx/common/core/src/ux_host_stack_new_interface_create.c ****         if (descriptor_length < 3)
 163:Middlewares/ST/usbx/common/core/src/ux_host_stack_new_interface_create.c ****         {
 164:Middlewares/ST/usbx/common/core/src/ux_host_stack_new_interface_create.c **** 
 165:Middlewares/ST/usbx/common/core/src/ux_host_stack_new_interface_create.c ****             /* Error trap. */
 166:Middlewares/ST/usbx/common/core/src/ux_host_stack_new_interface_create.c ****             _ux_system_error_handler(UX_SYSTEM_LEVEL_THREAD, UX_SYSTEM_CONTEXT_ENUMERATOR, UX_DESCR
 145              		.loc 1 166 13 is_stmt 1 view .LVU47
 146 0060 4222     		movs	r2, #66
 147 0062 0421     		movs	r1, #4
 148 0064 0220     		movs	r0, #2
 149 0066 FFF7FEFF 		bl	_ux_system_error_handler
 150              	.LVL14:
 167:Middlewares/ST/usbx/common/core/src/ux_host_stack_new_interface_create.c **** 
 168:Middlewares/ST/usbx/common/core/src/ux_host_stack_new_interface_create.c ****             /* If trace is enabled, insert this event into the trace buffer.  */
 169:Middlewares/ST/usbx/common/core/src/ux_host_stack_new_interface_create.c ****             UX_TRACE_IN_LINE_INSERT(UX_TRACE_ERROR, UX_DESCRIPTOR_CORRUPTED, descriptor, 0, 0, UX_T
 151              		.loc 1 169 13 view .LVU48
 152 006a 0023     		movs	r3, #0
 153 006c 0393     		str	r3, [sp, #12]
 154 006e 0293     		str	r3, [sp, #8]
 155 0070 4FF08072 		mov	r2, #16777216
 156 0074 0192     		str	r2, [sp, #4]
 157 0076 0093     		str	r3, [sp]
 158 0078 2246     		mov	r2, r4
 159 007a 4221     		movs	r1, #66
 160 007c 40F2E730 		movw	r0, #999
 161 0080 FFF7FEFF 		bl	_ux_trace_event_insert
 162              	.LVL15:
 170:Middlewares/ST/usbx/common/core/src/ux_host_stack_new_interface_create.c **** 
 171:Middlewares/ST/usbx/common/core/src/ux_host_stack_new_interface_create.c ****             return(UX_DESCRIPTOR_CORRUPTED);
 163              		.loc 1 171 13 view .LVU49
 164              		.loc 1 171 19 is_stmt 0 view .LVU50
 165 0084 4223     		movs	r3, #66
 166 0086 34E0     		b	.L1
 167              	.LVL16:
 168              	.L17:
 172:Middlewares/ST/usbx/common/core/src/ux_host_stack_new_interface_create.c ****         }            
 173:Middlewares/ST/usbx/common/core/src/ux_host_stack_new_interface_create.c **** 
ARM GAS  /tmp/ccS2bB4j.s 			page 7


 174:Middlewares/ST/usbx/common/core/src/ux_host_stack_new_interface_create.c ****         /* Check the type for an interface descriptor.  */
 175:Middlewares/ST/usbx/common/core/src/ux_host_stack_new_interface_create.c ****         if (descriptor_type == UX_ENDPOINT_DESCRIPTOR_ITEM)
 176:Middlewares/ST/usbx/common/core/src/ux_host_stack_new_interface_create.c ****         {
 177:Middlewares/ST/usbx/common/core/src/ux_host_stack_new_interface_create.c **** 
 178:Middlewares/ST/usbx/common/core/src/ux_host_stack_new_interface_create.c ****             /* We have found an endpoint descriptor for this interface.  */
 179:Middlewares/ST/usbx/common/core/src/ux_host_stack_new_interface_create.c ****             status =  _ux_host_stack_new_endpoint_create(interface, descriptor);
 180:Middlewares/ST/usbx/common/core/src/ux_host_stack_new_interface_create.c **** 
 181:Middlewares/ST/usbx/common/core/src/ux_host_stack_new_interface_create.c ****             /* Check return status.  */
 182:Middlewares/ST/usbx/common/core/src/ux_host_stack_new_interface_create.c ****             if(status != UX_SUCCESS)
 183:Middlewares/ST/usbx/common/core/src/ux_host_stack_new_interface_create.c ****                 return(status);
 184:Middlewares/ST/usbx/common/core/src/ux_host_stack_new_interface_create.c **** 
 185:Middlewares/ST/usbx/common/core/src/ux_host_stack_new_interface_create.c ****             number_endpoints--;
 169              		.loc 1 185 13 is_stmt 1 view .LVU51
 170              		.loc 1 185 29 is_stmt 0 view .LVU52
 171 0088 0AF1FF3A 		add	r10, r10, #-1
 172              	.LVL17:
 173              	.L7:
 186:Middlewares/ST/usbx/common/core/src/ux_host_stack_new_interface_create.c ****         }       
 187:Middlewares/ST/usbx/common/core/src/ux_host_stack_new_interface_create.c **** 
 188:Middlewares/ST/usbx/common/core/src/ux_host_stack_new_interface_create.c ****         /* Verify if the descriptor is still valid, or we moved to next interface.  */
 189:Middlewares/ST/usbx/common/core/src/ux_host_stack_new_interface_create.c ****         if ((descriptor_length > length) || (descriptor_type == UX_INTERFACE_DESCRIPTOR_ITEM && des
 174              		.loc 1 189 9 is_stmt 1 view .LVU53
 175              		.loc 1 189 12 is_stmt 0 view .LVU54
 176 008c AF42     		cmp	r7, r5
 177 008e 1DD3     		bcc	.L8
 178              		.loc 1 189 94 discriminator 1 view .LVU55
 179 0090 042E     		cmp	r6, #4
 180 0092 14BF     		ite	ne
 181 0094 0026     		movne	r6, #0
 182              	.LVL18:
 183              		.loc 1 189 94 discriminator 1 view .LVU56
 184 0096 0126     		moveq	r6, #1
 185 0098 4445     		cmp	r4, r8
 186 009a 08BF     		it	eq
 187 009c 0026     		moveq	r6, #0
 188              		.loc 1 189 42 discriminator 1 view .LVU57
 189 009e AEB9     		cbnz	r6, .L8
 190:Middlewares/ST/usbx/common/core/src/ux_host_stack_new_interface_create.c ****         {
 191:Middlewares/ST/usbx/common/core/src/ux_host_stack_new_interface_create.c **** 
 192:Middlewares/ST/usbx/common/core/src/ux_host_stack_new_interface_create.c ****             /* Error trap. */
 193:Middlewares/ST/usbx/common/core/src/ux_host_stack_new_interface_create.c ****             _ux_system_error_handler(UX_SYSTEM_LEVEL_THREAD, UX_SYSTEM_CONTEXT_ENUMERATOR, UX_DESCR
 194:Middlewares/ST/usbx/common/core/src/ux_host_stack_new_interface_create.c **** 
 195:Middlewares/ST/usbx/common/core/src/ux_host_stack_new_interface_create.c ****             /* If trace is enabled, insert this event into the trace buffer.  */
 196:Middlewares/ST/usbx/common/core/src/ux_host_stack_new_interface_create.c ****             UX_TRACE_IN_LINE_INSERT(UX_TRACE_ERROR, UX_DESCRIPTOR_CORRUPTED, descriptor, 0, 0, UX_T
 197:Middlewares/ST/usbx/common/core/src/ux_host_stack_new_interface_create.c **** 
 198:Middlewares/ST/usbx/common/core/src/ux_host_stack_new_interface_create.c ****             return(UX_DESCRIPTOR_CORRUPTED);
 199:Middlewares/ST/usbx/common/core/src/ux_host_stack_new_interface_create.c ****         }
 200:Middlewares/ST/usbx/common/core/src/ux_host_stack_new_interface_create.c **** 
 201:Middlewares/ST/usbx/common/core/src/ux_host_stack_new_interface_create.c ****         /* Jump to the next descriptor if we have not reached the end.  */
 202:Middlewares/ST/usbx/common/core/src/ux_host_stack_new_interface_create.c ****         descriptor +=  descriptor_length;
 190              		.loc 1 202 9 is_stmt 1 view .LVU58
 191              		.loc 1 202 20 is_stmt 0 view .LVU59
 192 00a0 2C44     		add	r4, r4, r5
 193              	.LVL19:
 203:Middlewares/ST/usbx/common/core/src/ux_host_stack_new_interface_create.c ****         length -=  descriptor_length;
 194              		.loc 1 203 9 is_stmt 1 view .LVU60
 195              		.loc 1 203 16 is_stmt 0 view .LVU61
ARM GAS  /tmp/ccS2bB4j.s 			page 8


 196 00a2 7F1B     		subs	r7, r7, r5
 197              	.LVL20:
 198              	.L5:
 154:Middlewares/ST/usbx/common/core/src/ux_host_stack_new_interface_create.c ****     {
 199              		.loc 1 154 19 is_stmt 1 view .LVU62
 154:Middlewares/ST/usbx/common/core/src/ux_host_stack_new_interface_create.c ****     {
 200              		.loc 1 154 40 is_stmt 0 view .LVU63
 201 00a4 BAF10003 		subs	r3, r10, #0
 202 00a8 18BF     		it	ne
 203 00aa 0123     		movne	r3, #1
 154:Middlewares/ST/usbx/common/core/src/ux_host_stack_new_interface_create.c ****     {
 204              		.loc 1 154 19 view .LVU64
 205 00ac 2FB3     		cbz	r7, .L13
 154:Middlewares/ST/usbx/common/core/src/ux_host_stack_new_interface_create.c ****     {
 206              		.loc 1 154 19 view .LVU65
 207 00ae 23B3     		cbz	r3, .L13
 158:Middlewares/ST/usbx/common/core/src/ux_host_stack_new_interface_create.c ****         descriptor_type =    *(descriptor+1);
 208              		.loc 1 158 9 is_stmt 1 view .LVU66
 158:Middlewares/ST/usbx/common/core/src/ux_host_stack_new_interface_create.c ****         descriptor_type =    *(descriptor+1);
 209              		.loc 1 158 30 is_stmt 0 view .LVU67
 210 00b0 2578     		ldrb	r5, [r4]	@ zero_extendqisi2
 211              	.LVL21:
 159:Middlewares/ST/usbx/common/core/src/ux_host_stack_new_interface_create.c **** 
 212              		.loc 1 159 9 is_stmt 1 view .LVU68
 159:Middlewares/ST/usbx/common/core/src/ux_host_stack_new_interface_create.c **** 
 213              		.loc 1 159 30 is_stmt 0 view .LVU69
 214 00b2 6678     		ldrb	r6, [r4, #1]	@ zero_extendqisi2
 215              	.LVL22:
 162:Middlewares/ST/usbx/common/core/src/ux_host_stack_new_interface_create.c ****         {
 216              		.loc 1 162 9 is_stmt 1 view .LVU70
 162:Middlewares/ST/usbx/common/core/src/ux_host_stack_new_interface_create.c ****         {
 217              		.loc 1 162 12 is_stmt 0 view .LVU71
 218 00b4 022D     		cmp	r5, #2
 219 00b6 D3D9     		bls	.L16
 175:Middlewares/ST/usbx/common/core/src/ux_host_stack_new_interface_create.c ****         {
 220              		.loc 1 175 9 is_stmt 1 view .LVU72
 175:Middlewares/ST/usbx/common/core/src/ux_host_stack_new_interface_create.c ****         {
 221              		.loc 1 175 12 is_stmt 0 view .LVU73
 222 00b8 052E     		cmp	r6, #5
 223 00ba E7D1     		bne	.L7
 179:Middlewares/ST/usbx/common/core/src/ux_host_stack_new_interface_create.c **** 
 224              		.loc 1 179 13 is_stmt 1 view .LVU74
 179:Middlewares/ST/usbx/common/core/src/ux_host_stack_new_interface_create.c **** 
 225              		.loc 1 179 23 is_stmt 0 view .LVU75
 226 00bc 2146     		mov	r1, r4
 227 00be 4846     		mov	r0, r9
 228 00c0 FFF7FEFF 		bl	_ux_host_stack_new_endpoint_create
 229              	.LVL23:
 182:Middlewares/ST/usbx/common/core/src/ux_host_stack_new_interface_create.c ****                 return(status);
 230              		.loc 1 182 13 is_stmt 1 view .LVU76
 182:Middlewares/ST/usbx/common/core/src/ux_host_stack_new_interface_create.c ****                 return(status);
 231              		.loc 1 182 15 is_stmt 0 view .LVU77
 232 00c4 0346     		mov	r3, r0
 233 00c6 0028     		cmp	r0, #0
 234 00c8 DED0     		beq	.L17
 235 00ca 12E0     		b	.L1
 236              	.LVL24:
ARM GAS  /tmp/ccS2bB4j.s 			page 9


 237              	.L8:
 193:Middlewares/ST/usbx/common/core/src/ux_host_stack_new_interface_create.c **** 
 238              		.loc 1 193 13 is_stmt 1 view .LVU78
 239 00cc 4222     		movs	r2, #66
 240 00ce 0421     		movs	r1, #4
 241 00d0 0220     		movs	r0, #2
 242 00d2 FFF7FEFF 		bl	_ux_system_error_handler
 243              	.LVL25:
 196:Middlewares/ST/usbx/common/core/src/ux_host_stack_new_interface_create.c **** 
 244              		.loc 1 196 13 view .LVU79
 245 00d6 0023     		movs	r3, #0
 246 00d8 0393     		str	r3, [sp, #12]
 247 00da 0293     		str	r3, [sp, #8]
 248 00dc 4FF08072 		mov	r2, #16777216
 249 00e0 0192     		str	r2, [sp, #4]
 250 00e2 0093     		str	r3, [sp]
 251 00e4 2246     		mov	r2, r4
 252 00e6 4221     		movs	r1, #66
 253 00e8 40F2E730 		movw	r0, #999
 254 00ec FFF7FEFF 		bl	_ux_trace_event_insert
 255              	.LVL26:
 198:Middlewares/ST/usbx/common/core/src/ux_host_stack_new_interface_create.c ****         }
 256              		.loc 1 198 13 view .LVU80
 198:Middlewares/ST/usbx/common/core/src/ux_host_stack_new_interface_create.c ****         }
 257              		.loc 1 198 19 is_stmt 0 view .LVU81
 258 00f0 4223     		movs	r3, #66
 259              	.LVL27:
 260              	.L1:
 204:Middlewares/ST/usbx/common/core/src/ux_host_stack_new_interface_create.c ****     }
 205:Middlewares/ST/usbx/common/core/src/ux_host_stack_new_interface_create.c **** 
 206:Middlewares/ST/usbx/common/core/src/ux_host_stack_new_interface_create.c ****     /* Return success!  */
 207:Middlewares/ST/usbx/common/core/src/ux_host_stack_new_interface_create.c ****     return(UX_SUCCESS);
 208:Middlewares/ST/usbx/common/core/src/ux_host_stack_new_interface_create.c **** }
 261              		.loc 1 208 1 view .LVU82
 262 00f2 1846     		mov	r0, r3
 263 00f4 04B0     		add	sp, sp, #16
 264              	.LCFI2:
 265              		.cfi_remember_state
 266              		.cfi_def_cfa_offset 32
 267              		@ sp needed
 268 00f6 BDE8F087 		pop	{r4, r5, r6, r7, r8, r9, r10, pc}
 269              	.LVL28:
 270              	.L13:
 271              	.LCFI3:
 272              		.cfi_restore_state
 207:Middlewares/ST/usbx/common/core/src/ux_host_stack_new_interface_create.c **** }
 273              		.loc 1 207 11 view .LVU83
 274 00fa 0023     		movs	r3, #0
 275 00fc F9E7     		b	.L1
 276              	.LVL29:
 277              	.L12:
 102:Middlewares/ST/usbx/common/core/src/ux_host_stack_new_interface_create.c **** 
 278              		.loc 1 102 15 view .LVU84
 279 00fe 1223     		movs	r3, #18
 280 0100 F7E7     		b	.L1
 281              	.L19:
 282 0102 00BF     		.align	2
ARM GAS  /tmp/ccS2bB4j.s 			page 10


 283              	.L18:
 284 0104 00000000 		.word	_ux_system_interface_descriptor_structure
 285              		.cfi_endproc
 286              	.LFE11:
 288              		.text
 289              	.Letext0:
 290              		.file 2 "Middlewares/ST/threadx/ports/cortex_m7/gnu/inc/tx_port.h"
 291              		.file 3 "Middlewares/ST/threadx/common/inc/tx_api.h"
 292              		.file 4 "Middlewares/ST/threadx/common/inc/tx_trace.h"
 293              		.file 5 "Middlewares/ST/usbx/common/core/inc/ux_api.h"
 294              		.file 6 "Middlewares/ST/usbx/common/core/inc/ux_utility.h"
 295              		.file 7 "Middlewares/ST/usbx/common/core/inc/ux_host_stack.h"
 296              		.file 8 "Middlewares/ST/usbx/common/core/inc/ux_system.h"
ARM GAS  /tmp/ccS2bB4j.s 			page 11


DEFINED SYMBOLS
                            *ABS*:00000000 ux_host_stack_new_interface_create.c
     /tmp/ccS2bB4j.s:20     .text._ux_host_stack_new_interface_create:00000000 $t
     /tmp/ccS2bB4j.s:26     .text._ux_host_stack_new_interface_create:00000000 _ux_host_stack_new_interface_create
     /tmp/ccS2bB4j.s:284    .text._ux_host_stack_new_interface_create:00000104 $d

UNDEFINED SYMBOLS
_ux_utility_memory_allocate
_ux_utility_descriptor_parse
_ux_system_error_handler
_ux_trace_event_insert
_ux_host_stack_new_endpoint_create
_ux_system_interface_descriptor_structure
