ARM GAS  /tmp/cckFYdT7.s 			page 1


   1              		.cpu cortex-m7
   2              		.arch armv7e-m
   3              		.fpu fpv5-d16
   4              		.eabi_attribute 28, 1
   5              		.eabi_attribute 20, 1
   6              		.eabi_attribute 21, 1
   7              		.eabi_attribute 23, 3
   8              		.eabi_attribute 24, 1
   9              		.eabi_attribute 25, 1
  10              		.eabi_attribute 26, 1
  11              		.eabi_attribute 30, 1
  12              		.eabi_attribute 34, 1
  13              		.eabi_attribute 18, 4
  14              		.file	"ux_host_stack_uninitialize.c"
  15              		.text
  16              	.Ltext0:
  17              		.cfi_sections	.debug_frame
  18              		.file 1 "Middlewares/ST/usbx/common/core/src/ux_host_stack_uninitialize.c"
  19              		.section	.text._ux_host_stack_uninitialize,"ax",%progbits
  20              		.align	1
  21              		.global	_ux_host_stack_uninitialize
  22              		.syntax unified
  23              		.thumb
  24              		.thumb_func
  26              	_ux_host_stack_uninitialize:
  27              	.LFB11:
   1:Middlewares/ST/usbx/common/core/src/ux_host_stack_uninitialize.c **** /**************************************************************************/
   2:Middlewares/ST/usbx/common/core/src/ux_host_stack_uninitialize.c **** /*                                                                        */
   3:Middlewares/ST/usbx/common/core/src/ux_host_stack_uninitialize.c **** /*       Copyright (c) Microsoft Corporation. All rights reserved.        */
   4:Middlewares/ST/usbx/common/core/src/ux_host_stack_uninitialize.c **** /*                                                                        */
   5:Middlewares/ST/usbx/common/core/src/ux_host_stack_uninitialize.c **** /*       This software is licensed under the Microsoft Software License   */
   6:Middlewares/ST/usbx/common/core/src/ux_host_stack_uninitialize.c **** /*       Terms for Microsoft Azure RTOS. Full text of the license can be  */
   7:Middlewares/ST/usbx/common/core/src/ux_host_stack_uninitialize.c **** /*       found in the LICENSE file at https://aka.ms/AzureRTOS_EULA       */
   8:Middlewares/ST/usbx/common/core/src/ux_host_stack_uninitialize.c **** /*       and in the root directory of this software.                      */
   9:Middlewares/ST/usbx/common/core/src/ux_host_stack_uninitialize.c **** /*                                                                        */
  10:Middlewares/ST/usbx/common/core/src/ux_host_stack_uninitialize.c **** /**************************************************************************/
  11:Middlewares/ST/usbx/common/core/src/ux_host_stack_uninitialize.c **** 
  12:Middlewares/ST/usbx/common/core/src/ux_host_stack_uninitialize.c **** 
  13:Middlewares/ST/usbx/common/core/src/ux_host_stack_uninitialize.c **** /**************************************************************************/
  14:Middlewares/ST/usbx/common/core/src/ux_host_stack_uninitialize.c **** /**************************************************************************/
  15:Middlewares/ST/usbx/common/core/src/ux_host_stack_uninitialize.c **** /**                                                                       */
  16:Middlewares/ST/usbx/common/core/src/ux_host_stack_uninitialize.c **** /** USBX Component                                                        */
  17:Middlewares/ST/usbx/common/core/src/ux_host_stack_uninitialize.c **** /**                                                                       */
  18:Middlewares/ST/usbx/common/core/src/ux_host_stack_uninitialize.c **** /**   Host Stack                                                          */
  19:Middlewares/ST/usbx/common/core/src/ux_host_stack_uninitialize.c **** /**                                                                       */
  20:Middlewares/ST/usbx/common/core/src/ux_host_stack_uninitialize.c **** /**************************************************************************/
  21:Middlewares/ST/usbx/common/core/src/ux_host_stack_uninitialize.c **** /**************************************************************************/
  22:Middlewares/ST/usbx/common/core/src/ux_host_stack_uninitialize.c **** 
  23:Middlewares/ST/usbx/common/core/src/ux_host_stack_uninitialize.c **** 
  24:Middlewares/ST/usbx/common/core/src/ux_host_stack_uninitialize.c **** /* Include necessary system files.  */
  25:Middlewares/ST/usbx/common/core/src/ux_host_stack_uninitialize.c **** 
  26:Middlewares/ST/usbx/common/core/src/ux_host_stack_uninitialize.c **** #define UX_SOURCE_CODE
  27:Middlewares/ST/usbx/common/core/src/ux_host_stack_uninitialize.c **** 
  28:Middlewares/ST/usbx/common/core/src/ux_host_stack_uninitialize.c **** #include "ux_api.h"
  29:Middlewares/ST/usbx/common/core/src/ux_host_stack_uninitialize.c **** #include "ux_host_stack.h"
  30:Middlewares/ST/usbx/common/core/src/ux_host_stack_uninitialize.c **** 
  31:Middlewares/ST/usbx/common/core/src/ux_host_stack_uninitialize.c **** 
ARM GAS  /tmp/cckFYdT7.s 			page 2


  32:Middlewares/ST/usbx/common/core/src/ux_host_stack_uninitialize.c **** /**************************************************************************/
  33:Middlewares/ST/usbx/common/core/src/ux_host_stack_uninitialize.c **** /*                                                                        */
  34:Middlewares/ST/usbx/common/core/src/ux_host_stack_uninitialize.c **** /*  FUNCTION                                               RELEASE        */
  35:Middlewares/ST/usbx/common/core/src/ux_host_stack_uninitialize.c **** /*                                                                        */
  36:Middlewares/ST/usbx/common/core/src/ux_host_stack_uninitialize.c **** /*    _ux_host_stack_uninitialize                         PORTABLE C      */
  37:Middlewares/ST/usbx/common/core/src/ux_host_stack_uninitialize.c **** /*                                                           6.1.10       */
  38:Middlewares/ST/usbx/common/core/src/ux_host_stack_uninitialize.c **** /*  AUTHOR                                                                */
  39:Middlewares/ST/usbx/common/core/src/ux_host_stack_uninitialize.c **** /*                                                                        */
  40:Middlewares/ST/usbx/common/core/src/ux_host_stack_uninitialize.c **** /*    Chaoqiong Xiao, Microsoft Corporation                               */
  41:Middlewares/ST/usbx/common/core/src/ux_host_stack_uninitialize.c **** /*                                                                        */
  42:Middlewares/ST/usbx/common/core/src/ux_host_stack_uninitialize.c **** /*  DESCRIPTION                                                           */
  43:Middlewares/ST/usbx/common/core/src/ux_host_stack_uninitialize.c **** /*                                                                        */
  44:Middlewares/ST/usbx/common/core/src/ux_host_stack_uninitialize.c **** /*    This function uninitializes all the host code for USBX to work on a */
  45:Middlewares/ST/usbx/common/core/src/ux_host_stack_uninitialize.c **** /*    specific platform.                                                  */
  46:Middlewares/ST/usbx/common/core/src/ux_host_stack_uninitialize.c **** /*                                                                        */
  47:Middlewares/ST/usbx/common/core/src/ux_host_stack_uninitialize.c **** /*    Note following steps must be done before host stack uninitialize:   */
  48:Middlewares/ST/usbx/common/core/src/ux_host_stack_uninitialize.c **** /*    All HCDs must be unregistered (devices also removed).               */
  49:Middlewares/ST/usbx/common/core/src/ux_host_stack_uninitialize.c **** /*    All classes unregistered (clients attached also removed).           */
  50:Middlewares/ST/usbx/common/core/src/ux_host_stack_uninitialize.c **** /*                                                                        */
  51:Middlewares/ST/usbx/common/core/src/ux_host_stack_uninitialize.c **** /*  INPUT                                                                 */
  52:Middlewares/ST/usbx/common/core/src/ux_host_stack_uninitialize.c **** /*                                                                        */
  53:Middlewares/ST/usbx/common/core/src/ux_host_stack_uninitialize.c **** /*                                                                        */
  54:Middlewares/ST/usbx/common/core/src/ux_host_stack_uninitialize.c **** /*  OUTPUT                                                                */
  55:Middlewares/ST/usbx/common/core/src/ux_host_stack_uninitialize.c **** /*                                                                        */
  56:Middlewares/ST/usbx/common/core/src/ux_host_stack_uninitialize.c **** /*    Completion Status                                                   */
  57:Middlewares/ST/usbx/common/core/src/ux_host_stack_uninitialize.c **** /*    UX_SUCCESS                            Uninitialized success         */
  58:Middlewares/ST/usbx/common/core/src/ux_host_stack_uninitialize.c **** /*                                                                        */
  59:Middlewares/ST/usbx/common/core/src/ux_host_stack_uninitialize.c **** /*                                                                        */
  60:Middlewares/ST/usbx/common/core/src/ux_host_stack_uninitialize.c **** /*  CALLS                                                                 */
  61:Middlewares/ST/usbx/common/core/src/ux_host_stack_uninitialize.c **** /*                                                                        */
  62:Middlewares/ST/usbx/common/core/src/ux_host_stack_uninitialize.c **** /*    _ux_utility_memory_free               Free host memory              */
  63:Middlewares/ST/usbx/common/core/src/ux_host_stack_uninitialize.c **** /*    _ux_utility_thread_delete             Delete host thread            */
  64:Middlewares/ST/usbx/common/core/src/ux_host_stack_uninitialize.c **** /*    _ux_utility_semaphore_delete          Delete host semaphore         */
  65:Middlewares/ST/usbx/common/core/src/ux_host_stack_uninitialize.c **** /*                                                                        */
  66:Middlewares/ST/usbx/common/core/src/ux_host_stack_uninitialize.c **** /*  CALLED BY                                                             */
  67:Middlewares/ST/usbx/common/core/src/ux_host_stack_uninitialize.c **** /*                                                                        */
  68:Middlewares/ST/usbx/common/core/src/ux_host_stack_uninitialize.c **** /*    Application                                                         */
  69:Middlewares/ST/usbx/common/core/src/ux_host_stack_uninitialize.c **** /*                                                                        */
  70:Middlewares/ST/usbx/common/core/src/ux_host_stack_uninitialize.c **** /*  RELEASE HISTORY                                                       */
  71:Middlewares/ST/usbx/common/core/src/ux_host_stack_uninitialize.c **** /*                                                                        */
  72:Middlewares/ST/usbx/common/core/src/ux_host_stack_uninitialize.c **** /*    DATE              NAME                      DESCRIPTION             */
  73:Middlewares/ST/usbx/common/core/src/ux_host_stack_uninitialize.c **** /*                                                                        */
  74:Middlewares/ST/usbx/common/core/src/ux_host_stack_uninitialize.c **** /*  09-30-2020     Chaoqiong Xiao           Initial Version 6.1           */
  75:Middlewares/ST/usbx/common/core/src/ux_host_stack_uninitialize.c **** /*  08-02-2021     Xiuwen Cai               Modified comment(s),          */
  76:Middlewares/ST/usbx/common/core/src/ux_host_stack_uninitialize.c **** /*                                            fixed compile issue,        */
  77:Middlewares/ST/usbx/common/core/src/ux_host_stack_uninitialize.c **** /*                                            resulting in version 6.1.8  */
  78:Middlewares/ST/usbx/common/core/src/ux_host_stack_uninitialize.c **** /*  01-31-2022     Chaoqiong Xiao           Modified comment(s),          */
  79:Middlewares/ST/usbx/common/core/src/ux_host_stack_uninitialize.c **** /*                                            added standalone support,   */
  80:Middlewares/ST/usbx/common/core/src/ux_host_stack_uninitialize.c **** /*                                            resulting in version 6.1.10 */
  81:Middlewares/ST/usbx/common/core/src/ux_host_stack_uninitialize.c **** /*                                                                        */
  82:Middlewares/ST/usbx/common/core/src/ux_host_stack_uninitialize.c **** /**************************************************************************/
  83:Middlewares/ST/usbx/common/core/src/ux_host_stack_uninitialize.c **** UINT  _ux_host_stack_uninitialize(VOID)
  84:Middlewares/ST/usbx/common/core/src/ux_host_stack_uninitialize.c **** {
  28              		.loc 1 84 1 view -0
  29              		.cfi_startproc
  30              		@ args = 0, pretend = 0, frame = 0
  31              		@ frame_needed = 0, uses_anonymous_args = 0
ARM GAS  /tmp/cckFYdT7.s 			page 3


  32 0000 30B5     		push	{r4, r5, lr}
  33              	.LCFI0:
  34              		.cfi_def_cfa_offset 12
  35              		.cfi_offset 4, -12
  36              		.cfi_offset 5, -8
  37              		.cfi_offset 14, -4
  38 0002 85B0     		sub	sp, sp, #20
  39              	.LCFI1:
  40              		.cfi_def_cfa_offset 32
  85:Middlewares/ST/usbx/common/core/src/ux_host_stack_uninitialize.c **** 
  86:Middlewares/ST/usbx/common/core/src/ux_host_stack_uninitialize.c ****     /* If trace is enabled, insert this event into the trace buffer.  */
  87:Middlewares/ST/usbx/common/core/src/ux_host_stack_uninitialize.c ****     UX_TRACE_IN_LINE_INSERT(UX_TRACE_HOST_STACK_UNINITIALIZE, 0, 0, 0, 0, UX_TRACE_HOST_STACK_EVENT
  41              		.loc 1 87 5 view .LVU1
  42 0004 0025     		movs	r5, #0
  43 0006 0395     		str	r5, [sp, #12]
  44 0008 0295     		str	r5, [sp, #8]
  45 000a 4FF00073 		mov	r3, #33554432
  46 000e 0193     		str	r3, [sp, #4]
  47 0010 0095     		str	r5, [sp]
  48 0012 2B46     		mov	r3, r5
  49 0014 2A46     		mov	r2, r5
  50 0016 2946     		mov	r1, r5
  51 0018 40F27A20 		movw	r0, #634
  52 001c FFF7FEFF 		bl	_ux_trace_event_insert
  53              	.LVL0:
  88:Middlewares/ST/usbx/common/core/src/ux_host_stack_uninitialize.c **** 
  89:Middlewares/ST/usbx/common/core/src/ux_host_stack_uninitialize.c **** #if !defined(UX_HOST_STANDALONE)
  90:Middlewares/ST/usbx/common/core/src/ux_host_stack_uninitialize.c ****     /* Delete enumeration thread.  */
  91:Middlewares/ST/usbx/common/core/src/ux_host_stack_uninitialize.c ****     _ux_utility_thread_delete(&_ux_system_host -> ux_system_host_enum_thread);
  54              		.loc 1 91 5 view .LVU2
  55              		.loc 1 91 48 is_stmt 0 view .LVU3
  56 0020 144C     		ldr	r4, .L3
  57 0022 2068     		ldr	r0, [r4]
  58              		.loc 1 91 5 view .LVU4
  59 0024 2830     		adds	r0, r0, #40
  60 0026 FFF7FEFF 		bl	_ux_utility_thread_delete
  61              	.LVL1:
  92:Middlewares/ST/usbx/common/core/src/ux_host_stack_uninitialize.c **** 
  93:Middlewares/ST/usbx/common/core/src/ux_host_stack_uninitialize.c ****     /* Delete enumeration semaphore.  */
  94:Middlewares/ST/usbx/common/core/src/ux_host_stack_uninitialize.c ****     _ux_utility_semaphore_delete(&_ux_system_host -> ux_system_host_enum_semaphore);
  62              		.loc 1 94 5 is_stmt 1 view .LVU5
  63              		.loc 1 94 51 is_stmt 0 view .LVU6
  64 002a 2068     		ldr	r0, [r4]
  65              		.loc 1 94 5 view .LVU7
  66 002c D830     		adds	r0, r0, #216
  67 002e FFF7FEFF 		bl	_ux_utility_semaphore_delete
  68              	.LVL2:
  95:Middlewares/ST/usbx/common/core/src/ux_host_stack_uninitialize.c **** 
  96:Middlewares/ST/usbx/common/core/src/ux_host_stack_uninitialize.c ****     /* Free enumeration thread stack.  */
  97:Middlewares/ST/usbx/common/core/src/ux_host_stack_uninitialize.c ****     _ux_utility_memory_free(_ux_system_host -> ux_system_host_enum_thread_stack);
  69              		.loc 1 97 5 is_stmt 1 view .LVU8
  70              		.loc 1 97 45 is_stmt 0 view .LVU9
  71 0032 2368     		ldr	r3, [r4]
  72              		.loc 1 97 5 view .LVU10
  73 0034 586A     		ldr	r0, [r3, #36]
  74 0036 FFF7FEFF 		bl	_ux_utility_memory_free
  75              	.LVL3:
ARM GAS  /tmp/cckFYdT7.s 			page 4


  98:Middlewares/ST/usbx/common/core/src/ux_host_stack_uninitialize.c **** 
  99:Middlewares/ST/usbx/common/core/src/ux_host_stack_uninitialize.c ****     /* Delete HCD thread.  */
 100:Middlewares/ST/usbx/common/core/src/ux_host_stack_uninitialize.c ****     _ux_utility_thread_delete(&_ux_system_host -> ux_system_host_hcd_thread);
  76              		.loc 1 100 5 is_stmt 1 view .LVU11
  77              		.loc 1 100 48 is_stmt 0 view .LVU12
  78 003a 2068     		ldr	r0, [r4]
  79              		.loc 1 100 5 view .LVU13
  80 003c FC30     		adds	r0, r0, #252
  81 003e FFF7FEFF 		bl	_ux_utility_thread_delete
  82              	.LVL4:
 101:Middlewares/ST/usbx/common/core/src/ux_host_stack_uninitialize.c **** 
 102:Middlewares/ST/usbx/common/core/src/ux_host_stack_uninitialize.c ****     /* Delete HCD semaphore.  */
 103:Middlewares/ST/usbx/common/core/src/ux_host_stack_uninitialize.c ****     _ux_utility_semaphore_delete(&_ux_system_host -> ux_system_host_hcd_semaphore);
  83              		.loc 1 103 5 is_stmt 1 view .LVU14
  84              		.loc 1 103 51 is_stmt 0 view .LVU15
  85 0042 2068     		ldr	r0, [r4]
  86              		.loc 1 103 5 view .LVU16
  87 0044 00F5D670 		add	r0, r0, #428
  88 0048 FFF7FEFF 		bl	_ux_utility_semaphore_delete
  89              	.LVL5:
 104:Middlewares/ST/usbx/common/core/src/ux_host_stack_uninitialize.c **** 
 105:Middlewares/ST/usbx/common/core/src/ux_host_stack_uninitialize.c ****     /* Free HCD thread stack.  */
 106:Middlewares/ST/usbx/common/core/src/ux_host_stack_uninitialize.c ****     _ux_utility_memory_free(_ux_system_host -> ux_system_host_hcd_thread_stack);
  90              		.loc 1 106 5 is_stmt 1 view .LVU17
  91              		.loc 1 106 45 is_stmt 0 view .LVU18
  92 004c 2368     		ldr	r3, [r4]
  93              		.loc 1 106 5 view .LVU19
  94 004e D3F8F800 		ldr	r0, [r3, #248]
  95 0052 FFF7FEFF 		bl	_ux_utility_memory_free
  96              	.LVL6:
 107:Middlewares/ST/usbx/common/core/src/ux_host_stack_uninitialize.c **** #endif
 108:Middlewares/ST/usbx/common/core/src/ux_host_stack_uninitialize.c **** 
 109:Middlewares/ST/usbx/common/core/src/ux_host_stack_uninitialize.c **** #if defined(UX_OTG_SUPPORT) && !defined(UX_OTG_STANDALONE)
 110:Middlewares/ST/usbx/common/core/src/ux_host_stack_uninitialize.c **** 
 111:Middlewares/ST/usbx/common/core/src/ux_host_stack_uninitialize.c ****     /* Delete HNP thread.  */
 112:Middlewares/ST/usbx/common/core/src/ux_host_stack_uninitialize.c ****     _ux_utility_thread_delete(&_ux_system_host -> ux_system_host_hnp_polling_thread);
 113:Middlewares/ST/usbx/common/core/src/ux_host_stack_uninitialize.c **** 
 114:Middlewares/ST/usbx/common/core/src/ux_host_stack_uninitialize.c ****     /* Free HNP thread stack.  */
 115:Middlewares/ST/usbx/common/core/src/ux_host_stack_uninitialize.c ****     _ux_utility_memory_free(_ux_system_host -> ux_system_host_hnp_polling_thread_stack);
 116:Middlewares/ST/usbx/common/core/src/ux_host_stack_uninitialize.c **** #endif
 117:Middlewares/ST/usbx/common/core/src/ux_host_stack_uninitialize.c **** 
 118:Middlewares/ST/usbx/common/core/src/ux_host_stack_uninitialize.c ****     /* Free HCD array.  */
 119:Middlewares/ST/usbx/common/core/src/ux_host_stack_uninitialize.c ****     _ux_utility_memory_free(_ux_system_host -> ux_system_host_hcd_array);
  97              		.loc 1 119 5 is_stmt 1 view .LVU20
  98              		.loc 1 119 45 is_stmt 0 view .LVU21
  99 0056 2368     		ldr	r3, [r4]
 100              		.loc 1 119 5 view .LVU22
 101 0058 D868     		ldr	r0, [r3, #12]
 102 005a FFF7FEFF 		bl	_ux_utility_memory_free
 103              	.LVL7:
 120:Middlewares/ST/usbx/common/core/src/ux_host_stack_uninitialize.c **** 
 121:Middlewares/ST/usbx/common/core/src/ux_host_stack_uninitialize.c ****     /* Free Class array.  */
 122:Middlewares/ST/usbx/common/core/src/ux_host_stack_uninitialize.c ****     _ux_utility_memory_free(_ux_system_host -> ux_system_host_class_array);
 104              		.loc 1 122 5 is_stmt 1 view .LVU23
 105              		.loc 1 122 45 is_stmt 0 view .LVU24
 106 005e 2368     		ldr	r3, [r4]
 107              		.loc 1 122 5 view .LVU25
ARM GAS  /tmp/cckFYdT7.s 			page 5


 108 0060 5868     		ldr	r0, [r3, #4]
 109 0062 FFF7FEFF 		bl	_ux_utility_memory_free
 110              	.LVL8:
 123:Middlewares/ST/usbx/common/core/src/ux_host_stack_uninitialize.c **** 
 124:Middlewares/ST/usbx/common/core/src/ux_host_stack_uninitialize.c ****     /* Free Device array.  */
 125:Middlewares/ST/usbx/common/core/src/ux_host_stack_uninitialize.c ****     _ux_utility_memory_free(_ux_system_host -> ux_system_host_device_array);
 111              		.loc 1 125 5 is_stmt 1 view .LVU26
 112              		.loc 1 125 45 is_stmt 0 view .LVU27
 113 0066 2368     		ldr	r3, [r4]
 114              		.loc 1 125 5 view .LVU28
 115 0068 5869     		ldr	r0, [r3, #20]
 116 006a FFF7FEFF 		bl	_ux_utility_memory_free
 117              	.LVL9:
 126:Middlewares/ST/usbx/common/core/src/ux_host_stack_uninitialize.c **** 
 127:Middlewares/ST/usbx/common/core/src/ux_host_stack_uninitialize.c ****     /* Return success to caller.  */
 128:Middlewares/ST/usbx/common/core/src/ux_host_stack_uninitialize.c ****     return(UX_SUCCESS);
 118              		.loc 1 128 5 is_stmt 1 view .LVU29
 129:Middlewares/ST/usbx/common/core/src/ux_host_stack_uninitialize.c **** }
 119              		.loc 1 129 1 is_stmt 0 view .LVU30
 120 006e 2846     		mov	r0, r5
 121 0070 05B0     		add	sp, sp, #20
 122              	.LCFI2:
 123              		.cfi_def_cfa_offset 12
 124              		@ sp needed
 125 0072 30BD     		pop	{r4, r5, pc}
 126              	.L4:
 127              		.align	2
 128              	.L3:
 129 0074 00000000 		.word	_ux_system_host
 130              		.cfi_endproc
 131              	.LFE11:
 133              		.text
 134              	.Letext0:
 135              		.file 2 "Middlewares/ST/threadx/ports/cortex_m7/gnu/inc/tx_port.h"
 136              		.file 3 "Middlewares/ST/threadx/common/inc/tx_api.h"
 137              		.file 4 "Middlewares/ST/threadx/common/inc/tx_trace.h"
 138              		.file 5 "Middlewares/ST/usbx/common/core/inc/ux_api.h"
 139              		.file 6 "Middlewares/ST/usbx/common/core/inc/ux_utility.h"
 140              		.file 7 "Middlewares/ST/usbx/common/core/inc/ux_system.h"
ARM GAS  /tmp/cckFYdT7.s 			page 6


DEFINED SYMBOLS
                            *ABS*:00000000 ux_host_stack_uninitialize.c
     /tmp/cckFYdT7.s:20     .text._ux_host_stack_uninitialize:00000000 $t
     /tmp/cckFYdT7.s:26     .text._ux_host_stack_uninitialize:00000000 _ux_host_stack_uninitialize
     /tmp/cckFYdT7.s:129    .text._ux_host_stack_uninitialize:00000074 $d

UNDEFINED SYMBOLS
_ux_trace_event_insert
_ux_utility_thread_delete
_ux_utility_semaphore_delete
_ux_utility_memory_free
_ux_system_host
