ARM GAS  /tmp/ccgwTk3Z.s 			page 1


   1              		.cpu cortex-m7
   2              		.arch armv7e-m
   3              		.fpu fpv5-d16
   4              		.eabi_attribute 28, 1
   5              		.eabi_attribute 20, 1
   6              		.eabi_attribute 21, 1
   7              		.eabi_attribute 23, 3
   8              		.eabi_attribute 24, 1
   9              		.eabi_attribute 25, 1
  10              		.eabi_attribute 26, 1
  11              		.eabi_attribute 30, 1
  12              		.eabi_attribute 34, 1
  13              		.eabi_attribute 18, 4
  14              		.file	"ux_host_class_storage_device_reset.c"
  15              		.text
  16              	.Ltext0:
  17              		.cfi_sections	.debug_frame
  18              		.file 1 "Middlewares/ST/usbx/common/usbx_host_classes/src/ux_host_class_storage_device_reset.c"
  19              		.section	.text._ux_host_class_storage_device_reset,"ax",%progbits
  20              		.align	1
  21              		.global	_ux_host_class_storage_device_reset
  22              		.syntax unified
  23              		.thumb
  24              		.thumb_func
  26              	_ux_host_class_storage_device_reset:
  27              	.LVL0:
  28              	.LFB11:
   1:Middlewares/ST/usbx/common/usbx_host_classes/src/ux_host_class_storage_device_reset.c **** /**************************************************************************/
   2:Middlewares/ST/usbx/common/usbx_host_classes/src/ux_host_class_storage_device_reset.c **** /*                                                                        */
   3:Middlewares/ST/usbx/common/usbx_host_classes/src/ux_host_class_storage_device_reset.c **** /*       Copyright (c) Microsoft Corporation. All rights reserved.        */
   4:Middlewares/ST/usbx/common/usbx_host_classes/src/ux_host_class_storage_device_reset.c **** /*                                                                        */
   5:Middlewares/ST/usbx/common/usbx_host_classes/src/ux_host_class_storage_device_reset.c **** /*       This software is licensed under the Microsoft Software License   */
   6:Middlewares/ST/usbx/common/usbx_host_classes/src/ux_host_class_storage_device_reset.c **** /*       Terms for Microsoft Azure RTOS. Full text of the license can be  */
   7:Middlewares/ST/usbx/common/usbx_host_classes/src/ux_host_class_storage_device_reset.c **** /*       found in the LICENSE file at https://aka.ms/AzureRTOS_EULA       */
   8:Middlewares/ST/usbx/common/usbx_host_classes/src/ux_host_class_storage_device_reset.c **** /*       and in the root directory of this software.                      */
   9:Middlewares/ST/usbx/common/usbx_host_classes/src/ux_host_class_storage_device_reset.c **** /*                                                                        */
  10:Middlewares/ST/usbx/common/usbx_host_classes/src/ux_host_class_storage_device_reset.c **** /**************************************************************************/
  11:Middlewares/ST/usbx/common/usbx_host_classes/src/ux_host_class_storage_device_reset.c **** 
  12:Middlewares/ST/usbx/common/usbx_host_classes/src/ux_host_class_storage_device_reset.c **** 
  13:Middlewares/ST/usbx/common/usbx_host_classes/src/ux_host_class_storage_device_reset.c **** /**************************************************************************/
  14:Middlewares/ST/usbx/common/usbx_host_classes/src/ux_host_class_storage_device_reset.c **** /**************************************************************************/
  15:Middlewares/ST/usbx/common/usbx_host_classes/src/ux_host_class_storage_device_reset.c **** /**                                                                       */
  16:Middlewares/ST/usbx/common/usbx_host_classes/src/ux_host_class_storage_device_reset.c **** /** USBX Component                                                        */
  17:Middlewares/ST/usbx/common/usbx_host_classes/src/ux_host_class_storage_device_reset.c **** /**                                                                       */
  18:Middlewares/ST/usbx/common/usbx_host_classes/src/ux_host_class_storage_device_reset.c **** /**   Storage Class                                                       */
  19:Middlewares/ST/usbx/common/usbx_host_classes/src/ux_host_class_storage_device_reset.c **** /**                                                                       */
  20:Middlewares/ST/usbx/common/usbx_host_classes/src/ux_host_class_storage_device_reset.c **** /**************************************************************************/
  21:Middlewares/ST/usbx/common/usbx_host_classes/src/ux_host_class_storage_device_reset.c **** /**************************************************************************/
  22:Middlewares/ST/usbx/common/usbx_host_classes/src/ux_host_class_storage_device_reset.c **** 
  23:Middlewares/ST/usbx/common/usbx_host_classes/src/ux_host_class_storage_device_reset.c **** 
  24:Middlewares/ST/usbx/common/usbx_host_classes/src/ux_host_class_storage_device_reset.c **** /* Include necessary system files.  */
  25:Middlewares/ST/usbx/common/usbx_host_classes/src/ux_host_class_storage_device_reset.c **** 
  26:Middlewares/ST/usbx/common/usbx_host_classes/src/ux_host_class_storage_device_reset.c **** #define UX_SOURCE_CODE
  27:Middlewares/ST/usbx/common/usbx_host_classes/src/ux_host_class_storage_device_reset.c **** 
  28:Middlewares/ST/usbx/common/usbx_host_classes/src/ux_host_class_storage_device_reset.c **** #include "ux_api.h"
  29:Middlewares/ST/usbx/common/usbx_host_classes/src/ux_host_class_storage_device_reset.c **** #include "ux_host_class_storage.h"
  30:Middlewares/ST/usbx/common/usbx_host_classes/src/ux_host_class_storage_device_reset.c **** #include "ux_host_stack.h"
ARM GAS  /tmp/ccgwTk3Z.s 			page 2


  31:Middlewares/ST/usbx/common/usbx_host_classes/src/ux_host_class_storage_device_reset.c **** 
  32:Middlewares/ST/usbx/common/usbx_host_classes/src/ux_host_class_storage_device_reset.c **** 
  33:Middlewares/ST/usbx/common/usbx_host_classes/src/ux_host_class_storage_device_reset.c **** /**************************************************************************/
  34:Middlewares/ST/usbx/common/usbx_host_classes/src/ux_host_class_storage_device_reset.c **** /*                                                                        */
  35:Middlewares/ST/usbx/common/usbx_host_classes/src/ux_host_class_storage_device_reset.c **** /*  FUNCTION                                               RELEASE        */
  36:Middlewares/ST/usbx/common/usbx_host_classes/src/ux_host_class_storage_device_reset.c **** /*                                                                        */
  37:Middlewares/ST/usbx/common/usbx_host_classes/src/ux_host_class_storage_device_reset.c **** /*    _ux_host_class_storage_device_reset                 PORTABLE C      */
  38:Middlewares/ST/usbx/common/usbx_host_classes/src/ux_host_class_storage_device_reset.c **** /*                                                           6.1.10       */
  39:Middlewares/ST/usbx/common/usbx_host_classes/src/ux_host_class_storage_device_reset.c **** /*  AUTHOR                                                                */
  40:Middlewares/ST/usbx/common/usbx_host_classes/src/ux_host_class_storage_device_reset.c **** /*                                                                        */
  41:Middlewares/ST/usbx/common/usbx_host_classes/src/ux_host_class_storage_device_reset.c **** /*    Chaoqiong Xiao, Microsoft Corporation                               */
  42:Middlewares/ST/usbx/common/usbx_host_classes/src/ux_host_class_storage_device_reset.c **** /*                                                                        */
  43:Middlewares/ST/usbx/common/usbx_host_classes/src/ux_host_class_storage_device_reset.c **** /*  DESCRIPTION                                                           */
  44:Middlewares/ST/usbx/common/usbx_host_classes/src/ux_host_class_storage_device_reset.c **** /*                                                                        */
  45:Middlewares/ST/usbx/common/usbx_host_classes/src/ux_host_class_storage_device_reset.c **** /*    This function will perform a reset on the device if it is a         */
  46:Middlewares/ST/usbx/common/usbx_host_classes/src/ux_host_class_storage_device_reset.c **** /*    Bulk Only device.                                                   */
  47:Middlewares/ST/usbx/common/usbx_host_classes/src/ux_host_class_storage_device_reset.c **** /*                                                                        */
  48:Middlewares/ST/usbx/common/usbx_host_classes/src/ux_host_class_storage_device_reset.c **** /*  INPUT                                                                 */
  49:Middlewares/ST/usbx/common/usbx_host_classes/src/ux_host_class_storage_device_reset.c **** /*                                                                        */
  50:Middlewares/ST/usbx/common/usbx_host_classes/src/ux_host_class_storage_device_reset.c **** /*    storage                               Pointer to storage class      */
  51:Middlewares/ST/usbx/common/usbx_host_classes/src/ux_host_class_storage_device_reset.c **** /*                                                                        */
  52:Middlewares/ST/usbx/common/usbx_host_classes/src/ux_host_class_storage_device_reset.c **** /*  OUTPUT                                                                */
  53:Middlewares/ST/usbx/common/usbx_host_classes/src/ux_host_class_storage_device_reset.c **** /*                                                                        */
  54:Middlewares/ST/usbx/common/usbx_host_classes/src/ux_host_class_storage_device_reset.c **** /*    Completion Status                                                   */
  55:Middlewares/ST/usbx/common/usbx_host_classes/src/ux_host_class_storage_device_reset.c **** /*                                                                        */
  56:Middlewares/ST/usbx/common/usbx_host_classes/src/ux_host_class_storage_device_reset.c **** /*  CALLS                                                                 */
  57:Middlewares/ST/usbx/common/usbx_host_classes/src/ux_host_class_storage_device_reset.c **** /*                                                                        */
  58:Middlewares/ST/usbx/common/usbx_host_classes/src/ux_host_class_storage_device_reset.c **** /*    _ux_host_stack_transfer_request       Process transfer request      */
  59:Middlewares/ST/usbx/common/usbx_host_classes/src/ux_host_class_storage_device_reset.c **** /*    _ux_host_stack_endpoint_reset         Reset endpoint                */
  60:Middlewares/ST/usbx/common/usbx_host_classes/src/ux_host_class_storage_device_reset.c **** /*                                                                        */
  61:Middlewares/ST/usbx/common/usbx_host_classes/src/ux_host_class_storage_device_reset.c **** /*  CALLED BY                                                             */
  62:Middlewares/ST/usbx/common/usbx_host_classes/src/ux_host_class_storage_device_reset.c **** /*                                                                        */
  63:Middlewares/ST/usbx/common/usbx_host_classes/src/ux_host_class_storage_device_reset.c **** /*    Storage Class                                                       */
  64:Middlewares/ST/usbx/common/usbx_host_classes/src/ux_host_class_storage_device_reset.c **** /*                                                                        */
  65:Middlewares/ST/usbx/common/usbx_host_classes/src/ux_host_class_storage_device_reset.c **** /*  RELEASE HISTORY                                                       */
  66:Middlewares/ST/usbx/common/usbx_host_classes/src/ux_host_class_storage_device_reset.c **** /*                                                                        */
  67:Middlewares/ST/usbx/common/usbx_host_classes/src/ux_host_class_storage_device_reset.c **** /*    DATE              NAME                      DESCRIPTION             */
  68:Middlewares/ST/usbx/common/usbx_host_classes/src/ux_host_class_storage_device_reset.c **** /*                                                                        */
  69:Middlewares/ST/usbx/common/usbx_host_classes/src/ux_host_class_storage_device_reset.c **** /*  05-19-2020     Chaoqiong Xiao           Initial Version 6.0           */
  70:Middlewares/ST/usbx/common/usbx_host_classes/src/ux_host_class_storage_device_reset.c **** /*  09-30-2020     Chaoqiong Xiao           Modified comment(s),          */
  71:Middlewares/ST/usbx/common/usbx_host_classes/src/ux_host_class_storage_device_reset.c **** /*                                            resulting in version 6.1    */
  72:Middlewares/ST/usbx/common/usbx_host_classes/src/ux_host_class_storage_device_reset.c **** /*  01-31-2022     Chaoqiong Xiao           Modified comment(s),          */
  73:Middlewares/ST/usbx/common/usbx_host_classes/src/ux_host_class_storage_device_reset.c **** /*                                            added standalone support,   */
  74:Middlewares/ST/usbx/common/usbx_host_classes/src/ux_host_class_storage_device_reset.c **** /*                                            resulting in version 6.1.10 */
  75:Middlewares/ST/usbx/common/usbx_host_classes/src/ux_host_class_storage_device_reset.c **** /*                                                                        */
  76:Middlewares/ST/usbx/common/usbx_host_classes/src/ux_host_class_storage_device_reset.c **** /**************************************************************************/
  77:Middlewares/ST/usbx/common/usbx_host_classes/src/ux_host_class_storage_device_reset.c **** UINT  _ux_host_class_storage_device_reset(UX_HOST_CLASS_STORAGE *storage)
  78:Middlewares/ST/usbx/common/usbx_host_classes/src/ux_host_class_storage_device_reset.c **** {
  29              		.loc 1 78 1 view -0
  30              		.cfi_startproc
  31              		@ args = 0, pretend = 0, frame = 0
  32              		@ frame_needed = 0, uses_anonymous_args = 0
  33              		.loc 1 78 1 is_stmt 0 view .LVU1
  34 0000 70B5     		push	{r4, r5, r6, lr}
  35              	.LCFI0:
  36              		.cfi_def_cfa_offset 16
  37              		.cfi_offset 4, -16
ARM GAS  /tmp/ccgwTk3Z.s 			page 3


  38              		.cfi_offset 5, -12
  39              		.cfi_offset 6, -8
  40              		.cfi_offset 14, -4
  41 0002 0546     		mov	r5, r0
  79:Middlewares/ST/usbx/common/usbx_host_classes/src/ux_host_class_storage_device_reset.c **** 
  80:Middlewares/ST/usbx/common/usbx_host_classes/src/ux_host_class_storage_device_reset.c **** UX_ENDPOINT     *control_endpoint;
  42              		.loc 1 80 1 is_stmt 1 view .LVU2
  81:Middlewares/ST/usbx/common/usbx_host_classes/src/ux_host_class_storage_device_reset.c **** UX_TRANSFER     *transfer_request;
  43              		.loc 1 81 1 view .LVU3
  82:Middlewares/ST/usbx/common/usbx_host_classes/src/ux_host_class_storage_device_reset.c **** UINT            status;
  44              		.loc 1 82 1 view .LVU4
  83:Middlewares/ST/usbx/common/usbx_host_classes/src/ux_host_class_storage_device_reset.c **** 
  84:Middlewares/ST/usbx/common/usbx_host_classes/src/ux_host_class_storage_device_reset.c **** 
  85:Middlewares/ST/usbx/common/usbx_host_classes/src/ux_host_class_storage_device_reset.c **** #ifdef UX_HOST_CLASS_STORAGE_INCLUDE_LEGACY_PROTOCOL_SUPPORT
  86:Middlewares/ST/usbx/common/usbx_host_classes/src/ux_host_class_storage_device_reset.c ****     /* We need to perform a reset only for BO devices.  */
  87:Middlewares/ST/usbx/common/usbx_host_classes/src/ux_host_class_storage_device_reset.c ****     if (storage -> ux_host_class_storage_interface -> ux_interface_descriptor.bInterfaceProtocol ==
  88:Middlewares/ST/usbx/common/usbx_host_classes/src/ux_host_class_storage_device_reset.c ****     {
  89:Middlewares/ST/usbx/common/usbx_host_classes/src/ux_host_class_storage_device_reset.c **** #endif
  90:Middlewares/ST/usbx/common/usbx_host_classes/src/ux_host_class_storage_device_reset.c **** 
  91:Middlewares/ST/usbx/common/usbx_host_classes/src/ux_host_class_storage_device_reset.c ****     /* We need to get the default control endpoint transfer request pointer.  */
  92:Middlewares/ST/usbx/common/usbx_host_classes/src/ux_host_class_storage_device_reset.c ****     control_endpoint =  &storage -> ux_host_class_storage_device -> ux_device_control_endpoint;
  45              		.loc 1 92 5 view .LVU5
  46              		.loc 1 92 34 is_stmt 0 view .LVU6
  47 0004 8468     		ldr	r4, [r0, #8]
  48              	.LVL1:
  93:Middlewares/ST/usbx/common/usbx_host_classes/src/ux_host_class_storage_device_reset.c ****     transfer_request =  &control_endpoint -> ux_endpoint_transfer_request;
  49              		.loc 1 93 5 is_stmt 1 view .LVU7
  50              		.loc 1 93 22 is_stmt 0 view .LVU8
  51 0006 04F1AC06 		add	r6, r4, #172
  52              	.LVL2:
  94:Middlewares/ST/usbx/common/usbx_host_classes/src/ux_host_class_storage_device_reset.c **** 
  95:Middlewares/ST/usbx/common/usbx_host_classes/src/ux_host_class_storage_device_reset.c ****     /* We need to prevent other threads from simultaneously using the endpoint. */
  96:Middlewares/ST/usbx/common/usbx_host_classes/src/ux_host_class_storage_device_reset.c ****     status = _ux_host_semaphore_get(&control_endpoint -> ux_endpoint_device -> ux_device_protection
  53              		.loc 1 96 5 is_stmt 1 view .LVU9
  54              		.loc 1 96 55 is_stmt 0 view .LVU10
  55 000a D4F8A800 		ldr	r0, [r4, #168]
  56              	.LVL3:
  57              		.loc 1 96 14 view .LVU11
  58 000e 4FF0FF31 		mov	r1, #-1
  59 0012 1C30     		adds	r0, r0, #28
  60 0014 FFF7FEFF 		bl	_ux_utility_semaphore_get
  61              	.LVL4:
  97:Middlewares/ST/usbx/common/usbx_host_classes/src/ux_host_class_storage_device_reset.c **** 
  98:Middlewares/ST/usbx/common/usbx_host_classes/src/ux_host_class_storage_device_reset.c ****     /* Create a transfer_request for the RESET request.  */
  99:Middlewares/ST/usbx/common/usbx_host_classes/src/ux_host_class_storage_device_reset.c ****     transfer_request -> ux_transfer_request_data_pointer =      UX_NULL;
  62              		.loc 1 99 5 is_stmt 1 view .LVU12
  63              		.loc 1 99 58 is_stmt 0 view .LVU13
  64 0018 0023     		movs	r3, #0
  65 001a C4F8B430 		str	r3, [r4, #180]
 100:Middlewares/ST/usbx/common/usbx_host_classes/src/ux_host_class_storage_device_reset.c ****     transfer_request -> ux_transfer_request_requested_length =  0;
  66              		.loc 1 100 5 is_stmt 1 view .LVU14
  67              		.loc 1 100 62 is_stmt 0 view .LVU15
  68 001e C4F8B830 		str	r3, [r4, #184]
 101:Middlewares/ST/usbx/common/usbx_host_classes/src/ux_host_class_storage_device_reset.c ****     transfer_request -> ux_transfer_request_function =          UX_HOST_CLASS_STORAGE_RESET;
  69              		.loc 1 101 5 is_stmt 1 view .LVU16
  70              		.loc 1 101 54 is_stmt 0 view .LVU17
  71 0022 FF22     		movs	r2, #255
ARM GAS  /tmp/ccgwTk3Z.s 			page 4


  72 0024 C4F8C420 		str	r2, [r4, #196]
 102:Middlewares/ST/usbx/common/usbx_host_classes/src/ux_host_class_storage_device_reset.c ****     transfer_request -> ux_transfer_request_type =              UX_REQUEST_OUT | UX_REQUEST_TYPE_CL
  73              		.loc 1 102 5 is_stmt 1 view .LVU18
  74              		.loc 1 102 50 is_stmt 0 view .LVU19
  75 0028 2122     		movs	r2, #33
  76 002a C4F8C020 		str	r2, [r4, #192]
 103:Middlewares/ST/usbx/common/usbx_host_classes/src/ux_host_class_storage_device_reset.c ****     transfer_request -> ux_transfer_request_value =             0;
  77              		.loc 1 103 5 is_stmt 1 view .LVU20
  78              		.loc 1 103 51 is_stmt 0 view .LVU21
  79 002e C4F8C830 		str	r3, [r4, #200]
 104:Middlewares/ST/usbx/common/usbx_host_classes/src/ux_host_class_storage_device_reset.c ****     transfer_request -> ux_transfer_request_index  =            storage -> ux_host_class_storage_in
  80              		.loc 1 104 5 is_stmt 1 view .LVU22
  81              		.loc 1 104 73 is_stmt 0 view .LVU23
  82 0032 EB68     		ldr	r3, [r5, #12]
  83              		.loc 1 104 134 view .LVU24
  84 0034 5B69     		ldr	r3, [r3, #20]
  85              		.loc 1 104 52 view .LVU25
  86 0036 C4F8CC30 		str	r3, [r4, #204]
 105:Middlewares/ST/usbx/common/usbx_host_classes/src/ux_host_class_storage_device_reset.c **** 
 106:Middlewares/ST/usbx/common/usbx_host_classes/src/ux_host_class_storage_device_reset.c ****     /* Send request to HCD layer.  */
 107:Middlewares/ST/usbx/common/usbx_host_classes/src/ux_host_class_storage_device_reset.c ****     status =  _ux_host_stack_transfer_request(transfer_request);
  87              		.loc 1 107 5 is_stmt 1 view .LVU26
  88              		.loc 1 107 15 is_stmt 0 view .LVU27
  89 003a 3046     		mov	r0, r6
  90 003c FFF7FEFF 		bl	_ux_host_stack_transfer_request
  91              	.LVL5:
  92 0040 0446     		mov	r4, r0
  93              	.LVL6:
 108:Middlewares/ST/usbx/common/usbx_host_classes/src/ux_host_class_storage_device_reset.c **** 
 109:Middlewares/ST/usbx/common/usbx_host_classes/src/ux_host_class_storage_device_reset.c ****     /* Per the spec, reset the endpoints as well.  */
 110:Middlewares/ST/usbx/common/usbx_host_classes/src/ux_host_class_storage_device_reset.c ****     _ux_host_stack_endpoint_reset(storage -> ux_host_class_storage_bulk_in_endpoint);
  94              		.loc 1 110 5 is_stmt 1 view .LVU28
  95 0042 6869     		ldr	r0, [r5, #20]
  96              	.LVL7:
  97              		.loc 1 110 5 is_stmt 0 view .LVU29
  98 0044 FFF7FEFF 		bl	_ux_host_stack_endpoint_reset
  99              	.LVL8:
 111:Middlewares/ST/usbx/common/usbx_host_classes/src/ux_host_class_storage_device_reset.c ****     _ux_host_stack_endpoint_reset(storage -> ux_host_class_storage_bulk_out_endpoint);
 100              		.loc 1 111 5 is_stmt 1 view .LVU30
 101 0048 2869     		ldr	r0, [r5, #16]
 102 004a FFF7FEFF 		bl	_ux_host_stack_endpoint_reset
 103              	.LVL9:
 112:Middlewares/ST/usbx/common/usbx_host_classes/src/ux_host_class_storage_device_reset.c **** 
 113:Middlewares/ST/usbx/common/usbx_host_classes/src/ux_host_class_storage_device_reset.c ****     /* Return completion status.  */
 114:Middlewares/ST/usbx/common/usbx_host_classes/src/ux_host_class_storage_device_reset.c ****     return(status);
 104              		.loc 1 114 5 view .LVU31
 115:Middlewares/ST/usbx/common/usbx_host_classes/src/ux_host_class_storage_device_reset.c **** 
 116:Middlewares/ST/usbx/common/usbx_host_classes/src/ux_host_class_storage_device_reset.c **** #ifdef UX_HOST_CLASS_STORAGE_INCLUDE_LEGACY_PROTOCOL_SUPPORT
 117:Middlewares/ST/usbx/common/usbx_host_classes/src/ux_host_class_storage_device_reset.c ****     }
 118:Middlewares/ST/usbx/common/usbx_host_classes/src/ux_host_class_storage_device_reset.c **** 
 119:Middlewares/ST/usbx/common/usbx_host_classes/src/ux_host_class_storage_device_reset.c ****     /* In case the device is not a BO device, we always succeed.  */
 120:Middlewares/ST/usbx/common/usbx_host_classes/src/ux_host_class_storage_device_reset.c ****     return(UX_SUCCESS);
 121:Middlewares/ST/usbx/common/usbx_host_classes/src/ux_host_class_storage_device_reset.c **** #endif
 122:Middlewares/ST/usbx/common/usbx_host_classes/src/ux_host_class_storage_device_reset.c **** }
 105              		.loc 1 122 1 is_stmt 0 view .LVU32
 106 004e 2046     		mov	r0, r4
 107 0050 70BD     		pop	{r4, r5, r6, pc}
ARM GAS  /tmp/ccgwTk3Z.s 			page 5


 108              		.loc 1 122 1 view .LVU33
 109              		.cfi_endproc
 110              	.LFE11:
 112              		.text
 113              	.Letext0:
 114              		.file 2 "Middlewares/ST/threadx/ports/cortex_m7/gnu/inc/tx_port.h"
 115              		.file 3 "Middlewares/ST/threadx/common/inc/tx_api.h"
 116              		.file 4 "Middlewares/ST/usbx/common/core/inc/ux_api.h"
 117              		.file 5 "Middlewares/ST/usbx/common/usbx_host_classes/inc/ux_host_class_storage.h"
 118              		.file 6 "Middlewares/ST/usbx/common/core/inc/ux_host_stack.h"
 119              		.file 7 "Middlewares/ST/usbx/common/core/inc/ux_utility.h"
ARM GAS  /tmp/ccgwTk3Z.s 			page 6


DEFINED SYMBOLS
                            *ABS*:00000000 ux_host_class_storage_device_reset.c
     /tmp/ccgwTk3Z.s:20     .text._ux_host_class_storage_device_reset:00000000 $t
     /tmp/ccgwTk3Z.s:26     .text._ux_host_class_storage_device_reset:00000000 _ux_host_class_storage_device_reset

UNDEFINED SYMBOLS
_ux_utility_semaphore_get
_ux_host_stack_transfer_request
_ux_host_stack_endpoint_reset
