ARM GAS  /tmp/ccoOY5Mb.s 			page 1


   1              		.cpu cortex-m7
   2              		.arch armv7e-m
   3              		.fpu fpv5-d16
   4              		.eabi_attribute 28, 1
   5              		.eabi_attribute 20, 1
   6              		.eabi_attribute 21, 1
   7              		.eabi_attribute 23, 3
   8              		.eabi_attribute 24, 1
   9              		.eabi_attribute 25, 1
  10              		.eabi_attribute 26, 1
  11              		.eabi_attribute 30, 1
  12              		.eabi_attribute 34, 1
  13              		.eabi_attribute 18, 4
  14              		.file	"ux_host_stack_new_device_get.c"
  15              		.text
  16              	.Ltext0:
  17              		.cfi_sections	.debug_frame
  18              		.file 1 "Middlewares/ST/usbx/common/core/src/ux_host_stack_new_device_get.c"
  19              		.section	.text._ux_host_stack_new_device_get,"ax",%progbits
  20              		.align	1
  21              		.global	_ux_host_stack_new_device_get
  22              		.syntax unified
  23              		.thumb
  24              		.thumb_func
  26              	_ux_host_stack_new_device_get:
  27              	.LFB11:
   1:Middlewares/ST/usbx/common/core/src/ux_host_stack_new_device_get.c **** /**************************************************************************/
   2:Middlewares/ST/usbx/common/core/src/ux_host_stack_new_device_get.c **** /*                                                                        */
   3:Middlewares/ST/usbx/common/core/src/ux_host_stack_new_device_get.c **** /*       Copyright (c) Microsoft Corporation. All rights reserved.        */
   4:Middlewares/ST/usbx/common/core/src/ux_host_stack_new_device_get.c **** /*                                                                        */
   5:Middlewares/ST/usbx/common/core/src/ux_host_stack_new_device_get.c **** /*       This software is licensed under the Microsoft Software License   */
   6:Middlewares/ST/usbx/common/core/src/ux_host_stack_new_device_get.c **** /*       Terms for Microsoft Azure RTOS. Full text of the license can be  */
   7:Middlewares/ST/usbx/common/core/src/ux_host_stack_new_device_get.c **** /*       found in the LICENSE file at https://aka.ms/AzureRTOS_EULA       */
   8:Middlewares/ST/usbx/common/core/src/ux_host_stack_new_device_get.c **** /*       and in the root directory of this software.                      */
   9:Middlewares/ST/usbx/common/core/src/ux_host_stack_new_device_get.c **** /*                                                                        */
  10:Middlewares/ST/usbx/common/core/src/ux_host_stack_new_device_get.c **** /**************************************************************************/
  11:Middlewares/ST/usbx/common/core/src/ux_host_stack_new_device_get.c **** 
  12:Middlewares/ST/usbx/common/core/src/ux_host_stack_new_device_get.c **** 
  13:Middlewares/ST/usbx/common/core/src/ux_host_stack_new_device_get.c **** /**************************************************************************/
  14:Middlewares/ST/usbx/common/core/src/ux_host_stack_new_device_get.c **** /**************************************************************************/
  15:Middlewares/ST/usbx/common/core/src/ux_host_stack_new_device_get.c **** /**                                                                       */ 
  16:Middlewares/ST/usbx/common/core/src/ux_host_stack_new_device_get.c **** /** USBX Component                                                        */ 
  17:Middlewares/ST/usbx/common/core/src/ux_host_stack_new_device_get.c **** /**                                                                       */
  18:Middlewares/ST/usbx/common/core/src/ux_host_stack_new_device_get.c **** /**   Host Stack                                                          */
  19:Middlewares/ST/usbx/common/core/src/ux_host_stack_new_device_get.c **** /**                                                                       */
  20:Middlewares/ST/usbx/common/core/src/ux_host_stack_new_device_get.c **** /**************************************************************************/
  21:Middlewares/ST/usbx/common/core/src/ux_host_stack_new_device_get.c **** /**************************************************************************/
  22:Middlewares/ST/usbx/common/core/src/ux_host_stack_new_device_get.c **** 
  23:Middlewares/ST/usbx/common/core/src/ux_host_stack_new_device_get.c **** 
  24:Middlewares/ST/usbx/common/core/src/ux_host_stack_new_device_get.c **** /* Include necessary system files.  */
  25:Middlewares/ST/usbx/common/core/src/ux_host_stack_new_device_get.c **** 
  26:Middlewares/ST/usbx/common/core/src/ux_host_stack_new_device_get.c **** #define UX_SOURCE_CODE
  27:Middlewares/ST/usbx/common/core/src/ux_host_stack_new_device_get.c **** 
  28:Middlewares/ST/usbx/common/core/src/ux_host_stack_new_device_get.c **** #include "ux_api.h"
  29:Middlewares/ST/usbx/common/core/src/ux_host_stack_new_device_get.c **** #include "ux_host_stack.h"
  30:Middlewares/ST/usbx/common/core/src/ux_host_stack_new_device_get.c **** 
  31:Middlewares/ST/usbx/common/core/src/ux_host_stack_new_device_get.c **** 
ARM GAS  /tmp/ccoOY5Mb.s 			page 2


  32:Middlewares/ST/usbx/common/core/src/ux_host_stack_new_device_get.c **** /**************************************************************************/ 
  33:Middlewares/ST/usbx/common/core/src/ux_host_stack_new_device_get.c **** /*                                                                        */ 
  34:Middlewares/ST/usbx/common/core/src/ux_host_stack_new_device_get.c **** /*  FUNCTION                                               RELEASE        */ 
  35:Middlewares/ST/usbx/common/core/src/ux_host_stack_new_device_get.c **** /*                                                                        */ 
  36:Middlewares/ST/usbx/common/core/src/ux_host_stack_new_device_get.c **** /*    _ux_host_stack_new_device_get                       PORTABLE C      */ 
  37:Middlewares/ST/usbx/common/core/src/ux_host_stack_new_device_get.c **** /*                                                           6.1          */
  38:Middlewares/ST/usbx/common/core/src/ux_host_stack_new_device_get.c **** /*  AUTHOR                                                                */
  39:Middlewares/ST/usbx/common/core/src/ux_host_stack_new_device_get.c **** /*                                                                        */
  40:Middlewares/ST/usbx/common/core/src/ux_host_stack_new_device_get.c **** /*    Chaoqiong Xiao, Microsoft Corporation                               */
  41:Middlewares/ST/usbx/common/core/src/ux_host_stack_new_device_get.c **** /*                                                                        */
  42:Middlewares/ST/usbx/common/core/src/ux_host_stack_new_device_get.c **** /*  DESCRIPTION                                                           */
  43:Middlewares/ST/usbx/common/core/src/ux_host_stack_new_device_get.c **** /*                                                                        */ 
  44:Middlewares/ST/usbx/common/core/src/ux_host_stack_new_device_get.c **** /*    This function obtains a free device container for the new device.   */ 
  45:Middlewares/ST/usbx/common/core/src/ux_host_stack_new_device_get.c **** /*                                                                        */ 
  46:Middlewares/ST/usbx/common/core/src/ux_host_stack_new_device_get.c **** /*  INPUT                                                                 */ 
  47:Middlewares/ST/usbx/common/core/src/ux_host_stack_new_device_get.c **** /*                                                                        */ 
  48:Middlewares/ST/usbx/common/core/src/ux_host_stack_new_device_get.c **** /*    None                                                                */ 
  49:Middlewares/ST/usbx/common/core/src/ux_host_stack_new_device_get.c **** /*                                                                        */ 
  50:Middlewares/ST/usbx/common/core/src/ux_host_stack_new_device_get.c **** /*  OUTPUT                                                                */ 
  51:Middlewares/ST/usbx/common/core/src/ux_host_stack_new_device_get.c **** /*                                                                        */ 
  52:Middlewares/ST/usbx/common/core/src/ux_host_stack_new_device_get.c **** /*    UX_DEVICE pointer                                                   */ 
  53:Middlewares/ST/usbx/common/core/src/ux_host_stack_new_device_get.c **** /*                                                                        */ 
  54:Middlewares/ST/usbx/common/core/src/ux_host_stack_new_device_get.c **** /*  CALLS                                                                 */ 
  55:Middlewares/ST/usbx/common/core/src/ux_host_stack_new_device_get.c **** /*                                                                        */ 
  56:Middlewares/ST/usbx/common/core/src/ux_host_stack_new_device_get.c **** /*    _ux_utility_memory_set                Set memory to a value         */ 
  57:Middlewares/ST/usbx/common/core/src/ux_host_stack_new_device_get.c **** /*                                                                        */ 
  58:Middlewares/ST/usbx/common/core/src/ux_host_stack_new_device_get.c **** /*  CALLED BY                                                             */ 
  59:Middlewares/ST/usbx/common/core/src/ux_host_stack_new_device_get.c **** /*                                                                        */ 
  60:Middlewares/ST/usbx/common/core/src/ux_host_stack_new_device_get.c **** /*    USBX Components                                                     */ 
  61:Middlewares/ST/usbx/common/core/src/ux_host_stack_new_device_get.c **** /*                                                                        */ 
  62:Middlewares/ST/usbx/common/core/src/ux_host_stack_new_device_get.c **** /*  RELEASE HISTORY                                                       */ 
  63:Middlewares/ST/usbx/common/core/src/ux_host_stack_new_device_get.c **** /*                                                                        */ 
  64:Middlewares/ST/usbx/common/core/src/ux_host_stack_new_device_get.c **** /*    DATE              NAME                      DESCRIPTION             */ 
  65:Middlewares/ST/usbx/common/core/src/ux_host_stack_new_device_get.c **** /*                                                                        */ 
  66:Middlewares/ST/usbx/common/core/src/ux_host_stack_new_device_get.c **** /*  05-19-2020     Chaoqiong Xiao           Initial Version 6.0           */
  67:Middlewares/ST/usbx/common/core/src/ux_host_stack_new_device_get.c **** /*  09-30-2020     Chaoqiong Xiao           Modified comment(s),          */
  68:Middlewares/ST/usbx/common/core/src/ux_host_stack_new_device_get.c **** /*                                            optimized based on compile  */
  69:Middlewares/ST/usbx/common/core/src/ux_host_stack_new_device_get.c **** /*                                            definitions, verified       */
  70:Middlewares/ST/usbx/common/core/src/ux_host_stack_new_device_get.c **** /*                                            memset and memcpy cases,    */
  71:Middlewares/ST/usbx/common/core/src/ux_host_stack_new_device_get.c **** /*                                            resulting in version 6.1    */
  72:Middlewares/ST/usbx/common/core/src/ux_host_stack_new_device_get.c **** /*                                                                        */
  73:Middlewares/ST/usbx/common/core/src/ux_host_stack_new_device_get.c **** /**************************************************************************/
  74:Middlewares/ST/usbx/common/core/src/ux_host_stack_new_device_get.c **** UX_DEVICE  *_ux_host_stack_new_device_get(VOID)
  75:Middlewares/ST/usbx/common/core/src/ux_host_stack_new_device_get.c **** {
  28              		.loc 1 75 1 view -0
  29              		.cfi_startproc
  30              		@ args = 0, pretend = 0, frame = 0
  31              		@ frame_needed = 0, uses_anonymous_args = 0
  32 0000 10B5     		push	{r4, lr}
  33              	.LCFI0:
  34              		.cfi_def_cfa_offset 8
  35              		.cfi_offset 4, -8
  36              		.cfi_offset 14, -4
  76:Middlewares/ST/usbx/common/core/src/ux_host_stack_new_device_get.c **** 
  77:Middlewares/ST/usbx/common/core/src/ux_host_stack_new_device_get.c **** #if UX_MAX_DEVICES > 1
  78:Middlewares/ST/usbx/common/core/src/ux_host_stack_new_device_get.c **** ULONG           container_index;
  37              		.loc 1 78 1 view .LVU1
ARM GAS  /tmp/ccoOY5Mb.s 			page 3


  79:Middlewares/ST/usbx/common/core/src/ux_host_stack_new_device_get.c **** #endif
  80:Middlewares/ST/usbx/common/core/src/ux_host_stack_new_device_get.c **** UX_DEVICE       *device;
  38              		.loc 1 80 1 view .LVU2
  81:Middlewares/ST/usbx/common/core/src/ux_host_stack_new_device_get.c ****     
  82:Middlewares/ST/usbx/common/core/src/ux_host_stack_new_device_get.c **** 
  83:Middlewares/ST/usbx/common/core/src/ux_host_stack_new_device_get.c ****     /* Start with the first device.  */
  84:Middlewares/ST/usbx/common/core/src/ux_host_stack_new_device_get.c ****     device =  _ux_system_host -> ux_system_host_device_array;    
  39              		.loc 1 84 5 view .LVU3
  40              		.loc 1 84 31 is_stmt 0 view .LVU4
  41 0002 0D4B     		ldr	r3, .L8
  42 0004 1868     		ldr	r0, [r3]
  43              		.loc 1 84 12 view .LVU5
  44 0006 4469     		ldr	r4, [r0, #20]
  45              	.LVL0:
  85:Middlewares/ST/usbx/common/core/src/ux_host_stack_new_device_get.c **** 
  86:Middlewares/ST/usbx/common/core/src/ux_host_stack_new_device_get.c **** #if UX_MAX_DEVICES > 1
  87:Middlewares/ST/usbx/common/core/src/ux_host_stack_new_device_get.c ****     /* Reset the container index.  */
  88:Middlewares/ST/usbx/common/core/src/ux_host_stack_new_device_get.c ****     container_index =  0;
  46              		.loc 1 88 5 is_stmt 1 view .LVU6
  89:Middlewares/ST/usbx/common/core/src/ux_host_stack_new_device_get.c **** 
  90:Middlewares/ST/usbx/common/core/src/ux_host_stack_new_device_get.c ****     /* Search the list until the end.  */
  91:Middlewares/ST/usbx/common/core/src/ux_host_stack_new_device_get.c ****     while (container_index++ < _ux_system_host -> ux_system_host_max_devices)
  47              		.loc 1 91 5 view .LVU7
  88:Middlewares/ST/usbx/common/core/src/ux_host_stack_new_device_get.c **** 
  48              		.loc 1 88 21 is_stmt 0 view .LVU8
  49 0008 0023     		movs	r3, #0
  50              		.loc 1 91 11 view .LVU9
  51 000a 02E0     		b	.L2
  52              	.LVL1:
  53              	.L3:
  92:Middlewares/ST/usbx/common/core/src/ux_host_stack_new_device_get.c **** #endif
  93:Middlewares/ST/usbx/common/core/src/ux_host_stack_new_device_get.c ****     {
  94:Middlewares/ST/usbx/common/core/src/ux_host_stack_new_device_get.c **** 
  95:Middlewares/ST/usbx/common/core/src/ux_host_stack_new_device_get.c ****         /* Until we have found an unused entry.  */
  96:Middlewares/ST/usbx/common/core/src/ux_host_stack_new_device_get.c ****         if (device -> ux_device_handle == UX_UNUSED)
  97:Middlewares/ST/usbx/common/core/src/ux_host_stack_new_device_get.c ****         {
  98:Middlewares/ST/usbx/common/core/src/ux_host_stack_new_device_get.c **** 
  99:Middlewares/ST/usbx/common/core/src/ux_host_stack_new_device_get.c ****             /* Reset the entire entry.  */
 100:Middlewares/ST/usbx/common/core/src/ux_host_stack_new_device_get.c ****             _ux_utility_memory_set(device, 0, sizeof(UX_DEVICE)); /* Use case of memset is verified
 101:Middlewares/ST/usbx/common/core/src/ux_host_stack_new_device_get.c **** 
 102:Middlewares/ST/usbx/common/core/src/ux_host_stack_new_device_get.c ****             /* This entry is now used.  */
 103:Middlewares/ST/usbx/common/core/src/ux_host_stack_new_device_get.c ****             device -> ux_device_handle =  UX_USED;
 104:Middlewares/ST/usbx/common/core/src/ux_host_stack_new_device_get.c **** 
 105:Middlewares/ST/usbx/common/core/src/ux_host_stack_new_device_get.c ****             /* Return the device pointer.  */
 106:Middlewares/ST/usbx/common/core/src/ux_host_stack_new_device_get.c ****             return(device);
 107:Middlewares/ST/usbx/common/core/src/ux_host_stack_new_device_get.c ****         }
 108:Middlewares/ST/usbx/common/core/src/ux_host_stack_new_device_get.c **** #if UX_MAX_DEVICES > 1
 109:Middlewares/ST/usbx/common/core/src/ux_host_stack_new_device_get.c **** 
 110:Middlewares/ST/usbx/common/core/src/ux_host_stack_new_device_get.c ****         /* Move to the next device entry.  */
 111:Middlewares/ST/usbx/common/core/src/ux_host_stack_new_device_get.c ****         device++;
  54              		.loc 1 111 9 is_stmt 1 view .LVU10
  55              		.loc 1 111 15 is_stmt 0 view .LVU11
  56 000c 04F5AE74 		add	r4, r4, #348
  57              	.LVL2:
  91:Middlewares/ST/usbx/common/core/src/ux_host_stack_new_device_get.c **** #endif
  58              		.loc 1 91 27 view .LVU12
  59 0010 0B46     		mov	r3, r1
ARM GAS  /tmp/ccoOY5Mb.s 			page 4


  60              	.LVL3:
  61              	.L2:
  91:Middlewares/ST/usbx/common/core/src/ux_host_stack_new_device_get.c **** #endif
  62              		.loc 1 91 30 is_stmt 1 view .LVU13
  91:Middlewares/ST/usbx/common/core/src/ux_host_stack_new_device_get.c **** #endif
  63              		.loc 1 91 27 is_stmt 0 view .LVU14
  64 0012 591C     		adds	r1, r3, #1
  65              	.LVL4:
  91:Middlewares/ST/usbx/common/core/src/ux_host_stack_new_device_get.c **** #endif
  66              		.loc 1 91 48 view .LVU15
  67 0014 0269     		ldr	r2, [r0, #16]
  91:Middlewares/ST/usbx/common/core/src/ux_host_stack_new_device_get.c **** #endif
  68              		.loc 1 91 30 view .LVU16
  69 0016 9A42     		cmp	r2, r3
  70 0018 0BD9     		bls	.L7
  96:Middlewares/ST/usbx/common/core/src/ux_host_stack_new_device_get.c ****         {
  71              		.loc 1 96 9 is_stmt 1 view .LVU17
  96:Middlewares/ST/usbx/common/core/src/ux_host_stack_new_device_get.c ****         {
  72              		.loc 1 96 20 is_stmt 0 view .LVU18
  73 001a 2368     		ldr	r3, [r4]
  96:Middlewares/ST/usbx/common/core/src/ux_host_stack_new_device_get.c ****         {
  74              		.loc 1 96 12 view .LVU19
  75 001c 002B     		cmp	r3, #0
  76 001e F5D1     		bne	.L3
 100:Middlewares/ST/usbx/common/core/src/ux_host_stack_new_device_get.c **** 
  77              		.loc 1 100 13 is_stmt 1 view .LVU20
  78 0020 4FF4AE72 		mov	r2, #348
  79 0024 0021     		movs	r1, #0
  80              	.LVL5:
 100:Middlewares/ST/usbx/common/core/src/ux_host_stack_new_device_get.c **** 
  81              		.loc 1 100 13 is_stmt 0 view .LVU21
  82 0026 2046     		mov	r0, r4
  83 0028 FFF7FEFF 		bl	_ux_utility_memory_set
  84              	.LVL6:
 103:Middlewares/ST/usbx/common/core/src/ux_host_stack_new_device_get.c **** 
  85              		.loc 1 103 13 is_stmt 1 view .LVU22
 103:Middlewares/ST/usbx/common/core/src/ux_host_stack_new_device_get.c **** 
  86              		.loc 1 103 40 is_stmt 0 view .LVU23
  87 002c 0123     		movs	r3, #1
  88 002e 2360     		str	r3, [r4]
 106:Middlewares/ST/usbx/common/core/src/ux_host_stack_new_device_get.c ****         }
  89              		.loc 1 106 13 is_stmt 1 view .LVU24
 106:Middlewares/ST/usbx/common/core/src/ux_host_stack_new_device_get.c ****         }
  90              		.loc 1 106 19 is_stmt 0 view .LVU25
  91 0030 00E0     		b	.L1
  92              	.LVL7:
  93              	.L7:
 112:Middlewares/ST/usbx/common/core/src/ux_host_stack_new_device_get.c **** #endif
 113:Middlewares/ST/usbx/common/core/src/ux_host_stack_new_device_get.c ****     }
 114:Middlewares/ST/usbx/common/core/src/ux_host_stack_new_device_get.c **** 
 115:Middlewares/ST/usbx/common/core/src/ux_host_stack_new_device_get.c ****     /* No unused devices, return NULL.  */
 116:Middlewares/ST/usbx/common/core/src/ux_host_stack_new_device_get.c ****     return(UX_NULL);
  94              		.loc 1 116 11 view .LVU26
  95 0032 0024     		movs	r4, #0
  96              	.LVL8:
  97              	.L1:
 117:Middlewares/ST/usbx/common/core/src/ux_host_stack_new_device_get.c **** }
ARM GAS  /tmp/ccoOY5Mb.s 			page 5


  98              		.loc 1 117 1 view .LVU27
  99 0034 2046     		mov	r0, r4
 100 0036 10BD     		pop	{r4, pc}
 101              	.L9:
 102              		.align	2
 103              	.L8:
 104 0038 00000000 		.word	_ux_system_host
 105              		.cfi_endproc
 106              	.LFE11:
 108              		.text
 109              	.Letext0:
 110              		.file 2 "Middlewares/ST/threadx/ports/cortex_m7/gnu/inc/tx_port.h"
 111              		.file 3 "Middlewares/ST/threadx/common/inc/tx_api.h"
 112              		.file 4 "Middlewares/ST/usbx/common/core/inc/ux_api.h"
 113              		.file 5 "Middlewares/ST/usbx/common/core/inc/ux_system.h"
 114              		.file 6 "Middlewares/ST/usbx/common/core/inc/ux_utility.h"
ARM GAS  /tmp/ccoOY5Mb.s 			page 6


DEFINED SYMBOLS
                            *ABS*:00000000 ux_host_stack_new_device_get.c
     /tmp/ccoOY5Mb.s:20     .text._ux_host_stack_new_device_get:00000000 $t
     /tmp/ccoOY5Mb.s:26     .text._ux_host_stack_new_device_get:00000000 _ux_host_stack_new_device_get
     /tmp/ccoOY5Mb.s:104    .text._ux_host_stack_new_device_get:00000038 $d

UNDEFINED SYMBOLS
_ux_utility_memory_set
_ux_system_host
