ARM GAS  /tmp/ccds5eiO.s 			page 1


   1              		.cpu cortex-m7
   2              		.arch armv7e-m
   3              		.fpu fpv5-d16
   4              		.eabi_attribute 28, 1
   5              		.eabi_attribute 20, 1
   6              		.eabi_attribute 21, 1
   7              		.eabi_attribute 23, 3
   8              		.eabi_attribute 24, 1
   9              		.eabi_attribute 25, 1
  10              		.eabi_attribute 26, 1
  11              		.eabi_attribute 30, 1
  12              		.eabi_attribute 34, 1
  13              		.eabi_attribute 18, 4
  14              		.file	"ux_host_class_audio_read.c"
  15              		.text
  16              	.Ltext0:
  17              		.cfi_sections	.debug_frame
  18              		.file 1 "Middlewares/ST/usbx/common/usbx_host_classes/src/ux_host_class_audio_read.c"
  19              		.section	.text._ux_host_class_audio_read,"ax",%progbits
  20              		.align	1
  21              		.global	_ux_host_class_audio_read
  22              		.syntax unified
  23              		.thumb
  24              		.thumb_func
  26              	_ux_host_class_audio_read:
  27              	.LVL0:
  28              	.LFB11:
   1:Middlewares/ST/usbx/common/usbx_host_classes/src/ux_host_class_audio_read.c **** /**************************************************************************/
   2:Middlewares/ST/usbx/common/usbx_host_classes/src/ux_host_class_audio_read.c **** /*                                                                        */
   3:Middlewares/ST/usbx/common/usbx_host_classes/src/ux_host_class_audio_read.c **** /*       Copyright (c) Microsoft Corporation. All rights reserved.        */
   4:Middlewares/ST/usbx/common/usbx_host_classes/src/ux_host_class_audio_read.c **** /*                                                                        */
   5:Middlewares/ST/usbx/common/usbx_host_classes/src/ux_host_class_audio_read.c **** /*       This software is licensed under the Microsoft Software License   */
   6:Middlewares/ST/usbx/common/usbx_host_classes/src/ux_host_class_audio_read.c **** /*       Terms for Microsoft Azure RTOS. Full text of the license can be  */
   7:Middlewares/ST/usbx/common/usbx_host_classes/src/ux_host_class_audio_read.c **** /*       found in the LICENSE file at https://aka.ms/AzureRTOS_EULA       */
   8:Middlewares/ST/usbx/common/usbx_host_classes/src/ux_host_class_audio_read.c **** /*       and in the root directory of this software.                      */
   9:Middlewares/ST/usbx/common/usbx_host_classes/src/ux_host_class_audio_read.c **** /*                                                                        */
  10:Middlewares/ST/usbx/common/usbx_host_classes/src/ux_host_class_audio_read.c **** /**************************************************************************/
  11:Middlewares/ST/usbx/common/usbx_host_classes/src/ux_host_class_audio_read.c **** 
  12:Middlewares/ST/usbx/common/usbx_host_classes/src/ux_host_class_audio_read.c **** 
  13:Middlewares/ST/usbx/common/usbx_host_classes/src/ux_host_class_audio_read.c **** /**************************************************************************/
  14:Middlewares/ST/usbx/common/usbx_host_classes/src/ux_host_class_audio_read.c **** /**************************************************************************/
  15:Middlewares/ST/usbx/common/usbx_host_classes/src/ux_host_class_audio_read.c **** /**                                                                       */ 
  16:Middlewares/ST/usbx/common/usbx_host_classes/src/ux_host_class_audio_read.c **** /** USBX Component                                                        */ 
  17:Middlewares/ST/usbx/common/usbx_host_classes/src/ux_host_class_audio_read.c **** /**                                                                       */
  18:Middlewares/ST/usbx/common/usbx_host_classes/src/ux_host_class_audio_read.c **** /**   Audio Class                                                         */
  19:Middlewares/ST/usbx/common/usbx_host_classes/src/ux_host_class_audio_read.c **** /**                                                                       */
  20:Middlewares/ST/usbx/common/usbx_host_classes/src/ux_host_class_audio_read.c **** /**************************************************************************/
  21:Middlewares/ST/usbx/common/usbx_host_classes/src/ux_host_class_audio_read.c **** /**************************************************************************/
  22:Middlewares/ST/usbx/common/usbx_host_classes/src/ux_host_class_audio_read.c **** 
  23:Middlewares/ST/usbx/common/usbx_host_classes/src/ux_host_class_audio_read.c **** 
  24:Middlewares/ST/usbx/common/usbx_host_classes/src/ux_host_class_audio_read.c **** /* Include necessary system files.  */
  25:Middlewares/ST/usbx/common/usbx_host_classes/src/ux_host_class_audio_read.c **** 
  26:Middlewares/ST/usbx/common/usbx_host_classes/src/ux_host_class_audio_read.c **** #define UX_SOURCE_CODE
  27:Middlewares/ST/usbx/common/usbx_host_classes/src/ux_host_class_audio_read.c **** 
  28:Middlewares/ST/usbx/common/usbx_host_classes/src/ux_host_class_audio_read.c **** #include "ux_api.h"
  29:Middlewares/ST/usbx/common/usbx_host_classes/src/ux_host_class_audio_read.c **** #include "ux_host_class_audio.h"
  30:Middlewares/ST/usbx/common/usbx_host_classes/src/ux_host_class_audio_read.c **** #include "ux_host_stack.h"
ARM GAS  /tmp/ccds5eiO.s 			page 2


  31:Middlewares/ST/usbx/common/usbx_host_classes/src/ux_host_class_audio_read.c **** 
  32:Middlewares/ST/usbx/common/usbx_host_classes/src/ux_host_class_audio_read.c **** 
  33:Middlewares/ST/usbx/common/usbx_host_classes/src/ux_host_class_audio_read.c **** /**************************************************************************/ 
  34:Middlewares/ST/usbx/common/usbx_host_classes/src/ux_host_class_audio_read.c **** /*                                                                        */ 
  35:Middlewares/ST/usbx/common/usbx_host_classes/src/ux_host_class_audio_read.c **** /*  FUNCTION                                               RELEASE        */ 
  36:Middlewares/ST/usbx/common/usbx_host_classes/src/ux_host_class_audio_read.c **** /*                                                                        */ 
  37:Middlewares/ST/usbx/common/usbx_host_classes/src/ux_host_class_audio_read.c **** /*    _ux_host_class_audio_read                           PORTABLE C      */ 
  38:Middlewares/ST/usbx/common/usbx_host_classes/src/ux_host_class_audio_read.c **** /*                                                           6.1.10       */
  39:Middlewares/ST/usbx/common/usbx_host_classes/src/ux_host_class_audio_read.c **** /*  AUTHOR                                                                */
  40:Middlewares/ST/usbx/common/usbx_host_classes/src/ux_host_class_audio_read.c **** /*                                                                        */
  41:Middlewares/ST/usbx/common/usbx_host_classes/src/ux_host_class_audio_read.c **** /*    Chaoqiong Xiao, Microsoft Corporation                               */
  42:Middlewares/ST/usbx/common/usbx_host_classes/src/ux_host_class_audio_read.c **** /*                                                                        */
  43:Middlewares/ST/usbx/common/usbx_host_classes/src/ux_host_class_audio_read.c **** /*  DESCRIPTION                                                           */
  44:Middlewares/ST/usbx/common/usbx_host_classes/src/ux_host_class_audio_read.c **** /*                                                                        */ 
  45:Middlewares/ST/usbx/common/usbx_host_classes/src/ux_host_class_audio_read.c **** /*    This function reads from the audio streaming interface.             */ 
  46:Middlewares/ST/usbx/common/usbx_host_classes/src/ux_host_class_audio_read.c **** /*                                                                        */ 
  47:Middlewares/ST/usbx/common/usbx_host_classes/src/ux_host_class_audio_read.c **** /*  INPUT                                                                 */ 
  48:Middlewares/ST/usbx/common/usbx_host_classes/src/ux_host_class_audio_read.c **** /*                                                                        */ 
  49:Middlewares/ST/usbx/common/usbx_host_classes/src/ux_host_class_audio_read.c **** /*    audio                                 Pointer to audio class        */ 
  50:Middlewares/ST/usbx/common/usbx_host_classes/src/ux_host_class_audio_read.c **** /*    audio_transfer_request                Pointer to transfer request   */ 
  51:Middlewares/ST/usbx/common/usbx_host_classes/src/ux_host_class_audio_read.c **** /*                                                                        */ 
  52:Middlewares/ST/usbx/common/usbx_host_classes/src/ux_host_class_audio_read.c **** /*  OUTPUT                                                                */ 
  53:Middlewares/ST/usbx/common/usbx_host_classes/src/ux_host_class_audio_read.c **** /*                                                                        */ 
  54:Middlewares/ST/usbx/common/usbx_host_classes/src/ux_host_class_audio_read.c **** /*    Completion Status                                                   */ 
  55:Middlewares/ST/usbx/common/usbx_host_classes/src/ux_host_class_audio_read.c **** /*                                                                        */ 
  56:Middlewares/ST/usbx/common/usbx_host_classes/src/ux_host_class_audio_read.c **** /*  CALLS                                                                 */ 
  57:Middlewares/ST/usbx/common/usbx_host_classes/src/ux_host_class_audio_read.c **** /*                                                                        */ 
  58:Middlewares/ST/usbx/common/usbx_host_classes/src/ux_host_class_audio_read.c **** /*    _ux_host_class_audio_transfer_request Audio transfer request        */ 
  59:Middlewares/ST/usbx/common/usbx_host_classes/src/ux_host_class_audio_read.c **** /*    _ux_host_stack_class_instance_verify  Verify instance is valid      */ 
  60:Middlewares/ST/usbx/common/usbx_host_classes/src/ux_host_class_audio_read.c **** /*    _ux_host_semaphore_get                Get semaphore                 */ 
  61:Middlewares/ST/usbx/common/usbx_host_classes/src/ux_host_class_audio_read.c **** /*    _ux_host_semaphore_put                Put semaphore                 */ 
  62:Middlewares/ST/usbx/common/usbx_host_classes/src/ux_host_class_audio_read.c **** /*                                                                        */ 
  63:Middlewares/ST/usbx/common/usbx_host_classes/src/ux_host_class_audio_read.c **** /*  CALLED BY                                                             */ 
  64:Middlewares/ST/usbx/common/usbx_host_classes/src/ux_host_class_audio_read.c **** /*                                                                        */ 
  65:Middlewares/ST/usbx/common/usbx_host_classes/src/ux_host_class_audio_read.c **** /*    Application                                                         */ 
  66:Middlewares/ST/usbx/common/usbx_host_classes/src/ux_host_class_audio_read.c **** /*    Audio Class                                                         */ 
  67:Middlewares/ST/usbx/common/usbx_host_classes/src/ux_host_class_audio_read.c **** /*                                                                        */ 
  68:Middlewares/ST/usbx/common/usbx_host_classes/src/ux_host_class_audio_read.c **** /*  RELEASE HISTORY                                                       */ 
  69:Middlewares/ST/usbx/common/usbx_host_classes/src/ux_host_class_audio_read.c **** /*                                                                        */ 
  70:Middlewares/ST/usbx/common/usbx_host_classes/src/ux_host_class_audio_read.c **** /*    DATE              NAME                      DESCRIPTION             */ 
  71:Middlewares/ST/usbx/common/usbx_host_classes/src/ux_host_class_audio_read.c **** /*                                                                        */ 
  72:Middlewares/ST/usbx/common/usbx_host_classes/src/ux_host_class_audio_read.c **** /*  05-19-2020     Chaoqiong Xiao           Initial Version 6.0           */
  73:Middlewares/ST/usbx/common/usbx_host_classes/src/ux_host_class_audio_read.c **** /*  09-30-2020     Chaoqiong Xiao           Modified comment(s),          */
  74:Middlewares/ST/usbx/common/usbx_host_classes/src/ux_host_class_audio_read.c **** /*                                            resulting in version 6.1    */
  75:Middlewares/ST/usbx/common/usbx_host_classes/src/ux_host_class_audio_read.c **** /*  10-15-2021     Chaoqiong Xiao           Modified comment(s),          */
  76:Middlewares/ST/usbx/common/usbx_host_classes/src/ux_host_class_audio_read.c **** /*                                            use pre-calculated value    */
  77:Middlewares/ST/usbx/common/usbx_host_classes/src/ux_host_class_audio_read.c **** /*                                            instead of wMaxPacketSize,  */
  78:Middlewares/ST/usbx/common/usbx_host_classes/src/ux_host_class_audio_read.c **** /*                                            resulting in version 6.1.9  */
  79:Middlewares/ST/usbx/common/usbx_host_classes/src/ux_host_class_audio_read.c **** /*  01-31-2022     Chaoqiong Xiao           Modified comment(s),          */
  80:Middlewares/ST/usbx/common/usbx_host_classes/src/ux_host_class_audio_read.c **** /*                                            refined macros names,       */
  81:Middlewares/ST/usbx/common/usbx_host_classes/src/ux_host_class_audio_read.c **** /*                                            resulting in version 6.1.10 */
  82:Middlewares/ST/usbx/common/usbx_host_classes/src/ux_host_class_audio_read.c **** /*                                                                        */
  83:Middlewares/ST/usbx/common/usbx_host_classes/src/ux_host_class_audio_read.c **** /**************************************************************************/
  84:Middlewares/ST/usbx/common/usbx_host_classes/src/ux_host_class_audio_read.c **** UINT  _ux_host_class_audio_read(UX_HOST_CLASS_AUDIO *audio, UX_HOST_CLASS_AUDIO_TRANSFER_REQUEST *a
  85:Middlewares/ST/usbx/common/usbx_host_classes/src/ux_host_class_audio_read.c **** {
  29              		.loc 1 85 1 view -0
  30              		.cfi_startproc
ARM GAS  /tmp/ccds5eiO.s 			page 3


  31              		@ args = 0, pretend = 0, frame = 0
  32              		@ frame_needed = 0, uses_anonymous_args = 0
  33              		.loc 1 85 1 is_stmt 0 view .LVU1
  34 0000 70B5     		push	{r4, r5, r6, lr}
  35              	.LCFI0:
  36              		.cfi_def_cfa_offset 16
  37              		.cfi_offset 4, -16
  38              		.cfi_offset 5, -12
  39              		.cfi_offset 6, -8
  40              		.cfi_offset 14, -4
  41 0002 84B0     		sub	sp, sp, #16
  42              	.LCFI1:
  43              		.cfi_def_cfa_offset 32
  44 0004 0446     		mov	r4, r0
  45 0006 0D46     		mov	r5, r1
  86:Middlewares/ST/usbx/common/usbx_host_classes/src/ux_host_class_audio_read.c **** 
  87:Middlewares/ST/usbx/common/usbx_host_classes/src/ux_host_class_audio_read.c **** UINT        status;
  46              		.loc 1 87 1 is_stmt 1 view .LVU2
  88:Middlewares/ST/usbx/common/usbx_host_classes/src/ux_host_class_audio_read.c **** 
  89:Middlewares/ST/usbx/common/usbx_host_classes/src/ux_host_class_audio_read.c ****     /* If trace is enabled, insert this event into the trace buffer.  */
  90:Middlewares/ST/usbx/common/usbx_host_classes/src/ux_host_class_audio_read.c ****     UX_TRACE_IN_LINE_INSERT(UX_TRACE_HOST_CLASS_AUDIO_READ, audio, audio_transfer_request -> ux_hos
  47              		.loc 1 90 5 view .LVU3
  48 0008 0023     		movs	r3, #0
  49 000a 0393     		str	r3, [sp, #12]
  50 000c 0293     		str	r3, [sp, #8]
  51 000e 4FF00052 		mov	r2, #536870912
  52 0012 0192     		str	r2, [sp, #4]
  53 0014 0093     		str	r3, [sp]
  54 0016 8B68     		ldr	r3, [r1, #8]
  55 0018 4A68     		ldr	r2, [r1, #4]
  56 001a 0146     		mov	r1, r0
  57              	.LVL1:
  58              		.loc 1 90 5 is_stmt 0 view .LVU4
  59 001c 4FF42670 		mov	r0, #664
  60              	.LVL2:
  61              		.loc 1 90 5 view .LVU5
  62 0020 FFF7FEFF 		bl	_ux_trace_event_insert
  63              	.LVL3:
  91:Middlewares/ST/usbx/common/usbx_host_classes/src/ux_host_class_audio_read.c ****                             audio_transfer_request -> ux_host_class_audio_transfer_request_requeste
  92:Middlewares/ST/usbx/common/usbx_host_classes/src/ux_host_class_audio_read.c **** 
  93:Middlewares/ST/usbx/common/usbx_host_classes/src/ux_host_class_audio_read.c ****     /* Ensure the instance is valid.  */
  94:Middlewares/ST/usbx/common/usbx_host_classes/src/ux_host_class_audio_read.c ****     if (_ux_host_stack_class_instance_verify(_ux_system_host_class_audio_name, (VOID *) audio) != U
  64              		.loc 1 94 5 is_stmt 1 view .LVU6
  65              		.loc 1 94 9 is_stmt 0 view .LVU7
  66 0024 2146     		mov	r1, r4
  67 0026 2048     		ldr	r0, .L10
  68 0028 FFF7FEFF 		bl	_ux_host_stack_class_instance_verify
  69              	.LVL4:
  70              		.loc 1 94 8 discriminator 1 view .LVU8
  71 002c D8B9     		cbnz	r0, .L7
  95:Middlewares/ST/usbx/common/usbx_host_classes/src/ux_host_class_audio_read.c ****     {        
  96:Middlewares/ST/usbx/common/usbx_host_classes/src/ux_host_class_audio_read.c **** 
  97:Middlewares/ST/usbx/common/usbx_host_classes/src/ux_host_class_audio_read.c ****         /* Error trap. */
  98:Middlewares/ST/usbx/common/usbx_host_classes/src/ux_host_class_audio_read.c ****         _ux_system_error_handler(UX_SYSTEM_LEVEL_THREAD, UX_SYSTEM_CONTEXT_CLASS, UX_HOST_CLASS_INS
  99:Middlewares/ST/usbx/common/usbx_host_classes/src/ux_host_class_audio_read.c **** 
 100:Middlewares/ST/usbx/common/usbx_host_classes/src/ux_host_class_audio_read.c ****         /* If trace is enabled, insert this event into the trace buffer.  */
 101:Middlewares/ST/usbx/common/usbx_host_classes/src/ux_host_class_audio_read.c ****         UX_TRACE_IN_LINE_INSERT(UX_TRACE_ERROR, UX_HOST_CLASS_INSTANCE_UNKNOWN, audio, 0, 0, UX_TRA
ARM GAS  /tmp/ccds5eiO.s 			page 4


 102:Middlewares/ST/usbx/common/usbx_host_classes/src/ux_host_class_audio_read.c **** 
 103:Middlewares/ST/usbx/common/usbx_host_classes/src/ux_host_class_audio_read.c ****         return(UX_HOST_CLASS_INSTANCE_UNKNOWN);
 104:Middlewares/ST/usbx/common/usbx_host_classes/src/ux_host_class_audio_read.c ****     }
 105:Middlewares/ST/usbx/common/usbx_host_classes/src/ux_host_class_audio_read.c **** 
 106:Middlewares/ST/usbx/common/usbx_host_classes/src/ux_host_class_audio_read.c ****     /* Protect thread reentry to this instance.  */
 107:Middlewares/ST/usbx/common/usbx_host_classes/src/ux_host_class_audio_read.c ****     status =  _ux_host_semaphore_get(&audio -> ux_host_class_audio_semaphore, UX_WAIT_FOREVER);
  72              		.loc 1 107 5 is_stmt 1 view .LVU9
  73              		.loc 1 107 15 is_stmt 0 view .LVU10
  74 002e 04F19C06 		add	r6, r4, #156
  75 0032 4FF0FF31 		mov	r1, #-1
  76 0036 3046     		mov	r0, r6
  77 0038 FFF7FEFF 		bl	_ux_utility_semaphore_get
  78              	.LVL5:
 108:Middlewares/ST/usbx/common/usbx_host_classes/src/ux_host_class_audio_read.c ****     if (status != UX_SUCCESS)
  79              		.loc 1 108 5 is_stmt 1 view .LVU11
  80              		.loc 1 108 8 is_stmt 0 view .LVU12
  81 003c 88B9     		cbnz	r0, .L1
 109:Middlewares/ST/usbx/common/usbx_host_classes/src/ux_host_class_audio_read.c ****         return(status);
 110:Middlewares/ST/usbx/common/usbx_host_classes/src/ux_host_class_audio_read.c **** 
 111:Middlewares/ST/usbx/common/usbx_host_classes/src/ux_host_class_audio_read.c ****     /* By default the transmission will be successful.  */
 112:Middlewares/ST/usbx/common/usbx_host_classes/src/ux_host_class_audio_read.c ****     status =  UX_SUCCESS;
  82              		.loc 1 112 5 is_stmt 1 view .LVU13
  83              	.LVL6:
 113:Middlewares/ST/usbx/common/usbx_host_classes/src/ux_host_class_audio_read.c ****     
 114:Middlewares/ST/usbx/common/usbx_host_classes/src/ux_host_class_audio_read.c ****     /* Ensure we have a selected interface that allows isoch transmission.  */
 115:Middlewares/ST/usbx/common/usbx_host_classes/src/ux_host_class_audio_read.c ****     if (audio -> ux_host_class_audio_isochronous_endpoint -> ux_endpoint_descriptor.wMaxPacketSize 
  84              		.loc 1 115 5 view .LVU14
  85              		.loc 1 115 15 is_stmt 0 view .LVU15
  86 003e 6369     		ldr	r3, [r4, #20]
  87              		.loc 1 115 84 view .LVU16
  88 0040 DB69     		ldr	r3, [r3, #28]
  89              		.loc 1 115 8 view .LVU17
  90 0042 23B3     		cbz	r3, .L8
 116:Middlewares/ST/usbx/common/usbx_host_classes/src/ux_host_class_audio_read.c ****     {
 117:Middlewares/ST/usbx/common/usbx_host_classes/src/ux_host_class_audio_read.c **** 
 118:Middlewares/ST/usbx/common/usbx_host_classes/src/ux_host_class_audio_read.c ****         /* Unprotect thread reentry to this instance.  */
 119:Middlewares/ST/usbx/common/usbx_host_classes/src/ux_host_class_audio_read.c ****         status =  _ux_host_semaphore_put(&audio -> ux_host_class_audio_semaphore);
 120:Middlewares/ST/usbx/common/usbx_host_classes/src/ux_host_class_audio_read.c **** 
 121:Middlewares/ST/usbx/common/usbx_host_classes/src/ux_host_class_audio_read.c ****         /* Error trap. */
 122:Middlewares/ST/usbx/common/usbx_host_classes/src/ux_host_class_audio_read.c ****         _ux_system_error_handler(UX_SYSTEM_LEVEL_THREAD, UX_SYSTEM_CONTEXT_CLASS, UX_HOST_CLASS_AUD
 123:Middlewares/ST/usbx/common/usbx_host_classes/src/ux_host_class_audio_read.c **** 
 124:Middlewares/ST/usbx/common/usbx_host_classes/src/ux_host_class_audio_read.c ****         /* Return error status.  */
 125:Middlewares/ST/usbx/common/usbx_host_classes/src/ux_host_class_audio_read.c ****         return(UX_HOST_CLASS_AUDIO_WRONG_INTERFACE);
 126:Middlewares/ST/usbx/common/usbx_host_classes/src/ux_host_class_audio_read.c ****     }
 127:Middlewares/ST/usbx/common/usbx_host_classes/src/ux_host_class_audio_read.c ****     
 128:Middlewares/ST/usbx/common/usbx_host_classes/src/ux_host_class_audio_read.c ****     /* Hook the audio transfer request to the chain of transfer requests in the audio instance.  */
 129:Middlewares/ST/usbx/common/usbx_host_classes/src/ux_host_class_audio_read.c ****     audio_transfer_request -> ux_host_class_audio_transfer_request_next_audio_transfer_request =  a
  91              		.loc 1 129 5 is_stmt 1 view .LVU18
  92              		.loc 1 129 105 is_stmt 0 view .LVU19
  93 0044 E369     		ldr	r3, [r4, #28]
  94              		.loc 1 129 96 view .LVU20
  95 0046 AB63     		str	r3, [r5, #56]
 130:Middlewares/ST/usbx/common/usbx_host_classes/src/ux_host_class_audio_read.c ****     audio -> ux_host_class_audio_tail_transfer_request =  audio_transfer_request;
  96              		.loc 1 130 5 is_stmt 1 view .LVU21
  97              		.loc 1 130 56 is_stmt 0 view .LVU22
  98 0048 E561     		str	r5, [r4, #28]
 131:Middlewares/ST/usbx/common/usbx_host_classes/src/ux_host_class_audio_read.c **** 
ARM GAS  /tmp/ccds5eiO.s 			page 5


 132:Middlewares/ST/usbx/common/usbx_host_classes/src/ux_host_class_audio_read.c ****     /* Check if this is the first time we have had a transfer request, if so update the head as wel
 133:Middlewares/ST/usbx/common/usbx_host_classes/src/ux_host_class_audio_read.c ****     if (audio -> ux_host_class_audio_head_transfer_request == UX_NULL)
  99              		.loc 1 133 5 is_stmt 1 view .LVU23
 100              		.loc 1 133 15 is_stmt 0 view .LVU24
 101 004a A369     		ldr	r3, [r4, #24]
 102              		.loc 1 133 8 view .LVU25
 103 004c 4BB3     		cbz	r3, .L9
 104              	.L5:
 134:Middlewares/ST/usbx/common/usbx_host_classes/src/ux_host_class_audio_read.c ****         audio -> ux_host_class_audio_head_transfer_request =  audio_transfer_request;
 135:Middlewares/ST/usbx/common/usbx_host_classes/src/ux_host_class_audio_read.c **** 
 136:Middlewares/ST/usbx/common/usbx_host_classes/src/ux_host_class_audio_read.c ****     /* For audio in, we read packets at a time, so the transfer request size is the size of the
 137:Middlewares/ST/usbx/common/usbx_host_classes/src/ux_host_class_audio_read.c ****        endpoint.  */
 138:Middlewares/ST/usbx/common/usbx_host_classes/src/ux_host_class_audio_read.c ****     audio_transfer_request -> ux_host_class_audio_transfer_request_requested_length =  
 105              		.loc 1 138 5 is_stmt 1 view .LVU26
 139:Middlewares/ST/usbx/common/usbx_host_classes/src/ux_host_class_audio_read.c ****                     audio -> ux_host_class_audio_isochronous_endpoint ->
 106              		.loc 1 139 27 is_stmt 0 view .LVU27
 107 004e 6369     		ldr	r3, [r4, #20]
 140:Middlewares/ST/usbx/common/usbx_host_classes/src/ux_host_class_audio_read.c ****                              ux_endpoint_transfer_request.ux_transfer_request_packet_length;
 108              		.loc 1 140 58 view .LVU28
 109 0050 9B6E     		ldr	r3, [r3, #104]
 138:Middlewares/ST/usbx/common/usbx_host_classes/src/ux_host_class_audio_read.c ****                     audio -> ux_host_class_audio_isochronous_endpoint ->
 110              		.loc 1 138 85 view .LVU29
 111 0052 AB60     		str	r3, [r5, #8]
 141:Middlewares/ST/usbx/common/usbx_host_classes/src/ux_host_class_audio_read.c **** 
 142:Middlewares/ST/usbx/common/usbx_host_classes/src/ux_host_class_audio_read.c ****     /* Ask the stack to hook this transfer request to the iso ED.  */
 143:Middlewares/ST/usbx/common/usbx_host_classes/src/ux_host_class_audio_read.c ****     status =  _ux_host_class_audio_transfer_request(audio, audio_transfer_request);
 112              		.loc 1 143 5 is_stmt 1 view .LVU30
 113              		.loc 1 143 15 is_stmt 0 view .LVU31
 114 0054 2946     		mov	r1, r5
 115 0056 2046     		mov	r0, r4
 116 0058 FFF7FEFF 		bl	_ux_host_class_audio_transfer_request
 117              	.LVL7:
 144:Middlewares/ST/usbx/common/usbx_host_classes/src/ux_host_class_audio_read.c **** 
 145:Middlewares/ST/usbx/common/usbx_host_classes/src/ux_host_class_audio_read.c ****     /* Unprotect thread reentry to this instance.  */
 146:Middlewares/ST/usbx/common/usbx_host_classes/src/ux_host_class_audio_read.c ****     status =  _ux_host_semaphore_put(&audio -> ux_host_class_audio_semaphore);
 118              		.loc 1 146 5 is_stmt 1 view .LVU32
 119              		.loc 1 146 15 is_stmt 0 view .LVU33
 120 005c 3046     		mov	r0, r6
 121 005e FFF7FEFF 		bl	_ux_utility_semaphore_put
 122              	.LVL8:
 147:Middlewares/ST/usbx/common/usbx_host_classes/src/ux_host_class_audio_read.c **** 
 148:Middlewares/ST/usbx/common/usbx_host_classes/src/ux_host_class_audio_read.c ****     /* Return completion status.  */
 149:Middlewares/ST/usbx/common/usbx_host_classes/src/ux_host_class_audio_read.c ****     return(status);
 123              		.loc 1 149 5 is_stmt 1 view .LVU34
 124              	.L1:
 150:Middlewares/ST/usbx/common/usbx_host_classes/src/ux_host_class_audio_read.c **** }
 125              		.loc 1 150 1 is_stmt 0 view .LVU35
 126 0062 04B0     		add	sp, sp, #16
 127              	.LCFI2:
 128              		.cfi_remember_state
 129              		.cfi_def_cfa_offset 16
 130              		@ sp needed
 131 0064 70BD     		pop	{r4, r5, r6, pc}
 132              	.LVL9:
 133              	.L7:
 134              	.LCFI3:
 135              		.cfi_restore_state
ARM GAS  /tmp/ccds5eiO.s 			page 6


  98:Middlewares/ST/usbx/common/usbx_host_classes/src/ux_host_class_audio_read.c **** 
 136              		.loc 1 98 9 is_stmt 1 view .LVU36
 137 0066 5B22     		movs	r2, #91
 138 0068 0721     		movs	r1, #7
 139 006a 0220     		movs	r0, #2
 140 006c FFF7FEFF 		bl	_ux_system_error_handler
 141              	.LVL10:
 101:Middlewares/ST/usbx/common/usbx_host_classes/src/ux_host_class_audio_read.c **** 
 142              		.loc 1 101 9 view .LVU37
 143 0070 0023     		movs	r3, #0
 144 0072 0393     		str	r3, [sp, #12]
 145 0074 0293     		str	r3, [sp, #8]
 146 0076 4FF08072 		mov	r2, #16777216
 147 007a 0192     		str	r2, [sp, #4]
 148 007c 0093     		str	r3, [sp]
 149 007e 2246     		mov	r2, r4
 150 0080 5B21     		movs	r1, #91
 151 0082 40F2E730 		movw	r0, #999
 152 0086 FFF7FEFF 		bl	_ux_trace_event_insert
 153              	.LVL11:
 103:Middlewares/ST/usbx/common/usbx_host_classes/src/ux_host_class_audio_read.c ****     }
 154              		.loc 1 103 9 view .LVU38
 103:Middlewares/ST/usbx/common/usbx_host_classes/src/ux_host_class_audio_read.c ****     }
 155              		.loc 1 103 15 is_stmt 0 view .LVU39
 156 008a 5B20     		movs	r0, #91
 157 008c E9E7     		b	.L1
 158              	.LVL12:
 159              	.L8:
 119:Middlewares/ST/usbx/common/usbx_host_classes/src/ux_host_class_audio_read.c **** 
 160              		.loc 1 119 9 is_stmt 1 view .LVU40
 119:Middlewares/ST/usbx/common/usbx_host_classes/src/ux_host_class_audio_read.c **** 
 161              		.loc 1 119 19 is_stmt 0 view .LVU41
 162 008e 3046     		mov	r0, r6
 163 0090 FFF7FEFF 		bl	_ux_utility_semaphore_put
 164              	.LVL13:
 122:Middlewares/ST/usbx/common/usbx_host_classes/src/ux_host_class_audio_read.c **** 
 165              		.loc 1 122 9 is_stmt 1 view .LVU42
 166 0094 8122     		movs	r2, #129
 167 0096 0721     		movs	r1, #7
 168 0098 0220     		movs	r0, #2
 169 009a FFF7FEFF 		bl	_ux_system_error_handler
 170              	.LVL14:
 125:Middlewares/ST/usbx/common/usbx_host_classes/src/ux_host_class_audio_read.c ****     }
 171              		.loc 1 125 9 view .LVU43
 125:Middlewares/ST/usbx/common/usbx_host_classes/src/ux_host_class_audio_read.c ****     }
 172              		.loc 1 125 15 is_stmt 0 view .LVU44
 173 009e 8120     		movs	r0, #129
 174 00a0 DFE7     		b	.L1
 175              	.LVL15:
 176              	.L9:
 134:Middlewares/ST/usbx/common/usbx_host_classes/src/ux_host_class_audio_read.c **** 
 177              		.loc 1 134 9 is_stmt 1 view .LVU45
 134:Middlewares/ST/usbx/common/usbx_host_classes/src/ux_host_class_audio_read.c **** 
 178              		.loc 1 134 60 is_stmt 0 view .LVU46
 179 00a2 A561     		str	r5, [r4, #24]
 180 00a4 D3E7     		b	.L5
 181              	.L11:
ARM GAS  /tmp/ccds5eiO.s 			page 7


 182 00a6 00BF     		.align	2
 183              	.L10:
 184 00a8 00000000 		.word	_ux_system_host_class_audio_name
 185              		.cfi_endproc
 186              	.LFE11:
 188              		.text
 189              	.Letext0:
 190              		.file 2 "Middlewares/ST/threadx/ports/cortex_m7/gnu/inc/tx_port.h"
 191              		.file 3 "Middlewares/ST/threadx/common/inc/tx_api.h"
 192              		.file 4 "Middlewares/ST/threadx/common/inc/tx_trace.h"
 193              		.file 5 "Middlewares/ST/usbx/common/core/inc/ux_api.h"
 194              		.file 6 "Middlewares/ST/usbx/common/usbx_host_classes/inc/ux_host_class_audio.h"
 195              		.file 7 "Middlewares/ST/usbx/common/core/inc/ux_utility.h"
 196              		.file 8 "Middlewares/ST/usbx/common/core/inc/ux_host_stack.h"
 197              		.file 9 "Middlewares/ST/usbx/common/core/inc/ux_system.h"
ARM GAS  /tmp/ccds5eiO.s 			page 8


DEFINED SYMBOLS
                            *ABS*:00000000 ux_host_class_audio_read.c
     /tmp/ccds5eiO.s:20     .text._ux_host_class_audio_read:00000000 $t
     /tmp/ccds5eiO.s:26     .text._ux_host_class_audio_read:00000000 _ux_host_class_audio_read
     /tmp/ccds5eiO.s:184    .text._ux_host_class_audio_read:000000a8 $d

UNDEFINED SYMBOLS
_ux_trace_event_insert
_ux_host_stack_class_instance_verify
_ux_utility_semaphore_get
_ux_host_class_audio_transfer_request
_ux_utility_semaphore_put
_ux_system_error_handler
_ux_system_host_class_audio_name
