ARM GAS  /tmp/ccTBcTOK.s 			page 1


   1              		.cpu cortex-m7
   2              		.arch armv7e-m
   3              		.fpu fpv5-d16
   4              		.eabi_attribute 28, 1
   5              		.eabi_attribute 20, 1
   6              		.eabi_attribute 21, 1
   7              		.eabi_attribute 23, 3
   8              		.eabi_attribute 24, 1
   9              		.eabi_attribute 25, 1
  10              		.eabi_attribute 26, 1
  11              		.eabi_attribute 30, 1
  12              		.eabi_attribute 34, 1
  13              		.eabi_attribute 18, 4
  14              		.file	"ux_host_stack_endpoint_instance_create.c"
  15              		.text
  16              	.Ltext0:
  17              		.cfi_sections	.debug_frame
  18              		.file 1 "Middlewares/ST/usbx/common/core/src/ux_host_stack_endpoint_instance_create.c"
  19              		.section	.rodata._ux_host_stack_endpoint_instance_create.str1.4,"aMS",%progbits,1
  20              		.align	2
  21              	.LC0:
  22 0000 75785F74 		.ascii	"ux_transfer_request_semaphore\000"
  22      72616E73 
  22      6665725F 
  22      72657175 
  22      6573745F 
  23              		.section	.text._ux_host_stack_endpoint_instance_create,"ax",%progbits
  24              		.align	1
  25              		.global	_ux_host_stack_endpoint_instance_create
  26              		.syntax unified
  27              		.thumb
  28              		.thumb_func
  30              	_ux_host_stack_endpoint_instance_create:
  31              	.LVL0:
  32              	.LFB11:
   1:Middlewares/ST/usbx/common/core/src/ux_host_stack_endpoint_instance_create.c **** /**************************************************************************/
   2:Middlewares/ST/usbx/common/core/src/ux_host_stack_endpoint_instance_create.c **** /*                                                                        */
   3:Middlewares/ST/usbx/common/core/src/ux_host_stack_endpoint_instance_create.c **** /*       Copyright (c) Microsoft Corporation. All rights reserved.        */
   4:Middlewares/ST/usbx/common/core/src/ux_host_stack_endpoint_instance_create.c **** /*                                                                        */
   5:Middlewares/ST/usbx/common/core/src/ux_host_stack_endpoint_instance_create.c **** /*       This software is licensed under the Microsoft Software License   */
   6:Middlewares/ST/usbx/common/core/src/ux_host_stack_endpoint_instance_create.c **** /*       Terms for Microsoft Azure RTOS. Full text of the license can be  */
   7:Middlewares/ST/usbx/common/core/src/ux_host_stack_endpoint_instance_create.c **** /*       found in the LICENSE file at https://aka.ms/AzureRTOS_EULA       */
   8:Middlewares/ST/usbx/common/core/src/ux_host_stack_endpoint_instance_create.c **** /*       and in the root directory of this software.                      */
   9:Middlewares/ST/usbx/common/core/src/ux_host_stack_endpoint_instance_create.c **** /*                                                                        */
  10:Middlewares/ST/usbx/common/core/src/ux_host_stack_endpoint_instance_create.c **** /**************************************************************************/
  11:Middlewares/ST/usbx/common/core/src/ux_host_stack_endpoint_instance_create.c **** 
  12:Middlewares/ST/usbx/common/core/src/ux_host_stack_endpoint_instance_create.c **** 
  13:Middlewares/ST/usbx/common/core/src/ux_host_stack_endpoint_instance_create.c **** /**************************************************************************/
  14:Middlewares/ST/usbx/common/core/src/ux_host_stack_endpoint_instance_create.c **** /**************************************************************************/
  15:Middlewares/ST/usbx/common/core/src/ux_host_stack_endpoint_instance_create.c **** /**                                                                       */ 
  16:Middlewares/ST/usbx/common/core/src/ux_host_stack_endpoint_instance_create.c **** /** USBX Component                                                        */ 
  17:Middlewares/ST/usbx/common/core/src/ux_host_stack_endpoint_instance_create.c **** /**                                                                       */
  18:Middlewares/ST/usbx/common/core/src/ux_host_stack_endpoint_instance_create.c **** /**   Host Stack                                                          */
  19:Middlewares/ST/usbx/common/core/src/ux_host_stack_endpoint_instance_create.c **** /**                                                                       */
  20:Middlewares/ST/usbx/common/core/src/ux_host_stack_endpoint_instance_create.c **** /**************************************************************************/
  21:Middlewares/ST/usbx/common/core/src/ux_host_stack_endpoint_instance_create.c **** /**************************************************************************/
  22:Middlewares/ST/usbx/common/core/src/ux_host_stack_endpoint_instance_create.c **** 
ARM GAS  /tmp/ccTBcTOK.s 			page 2


  23:Middlewares/ST/usbx/common/core/src/ux_host_stack_endpoint_instance_create.c **** 
  24:Middlewares/ST/usbx/common/core/src/ux_host_stack_endpoint_instance_create.c **** /* Include necessary system files.  */
  25:Middlewares/ST/usbx/common/core/src/ux_host_stack_endpoint_instance_create.c **** 
  26:Middlewares/ST/usbx/common/core/src/ux_host_stack_endpoint_instance_create.c **** #define UX_SOURCE_CODE
  27:Middlewares/ST/usbx/common/core/src/ux_host_stack_endpoint_instance_create.c **** 
  28:Middlewares/ST/usbx/common/core/src/ux_host_stack_endpoint_instance_create.c **** #include "ux_api.h"
  29:Middlewares/ST/usbx/common/core/src/ux_host_stack_endpoint_instance_create.c **** #include "ux_host_stack.h"
  30:Middlewares/ST/usbx/common/core/src/ux_host_stack_endpoint_instance_create.c **** 
  31:Middlewares/ST/usbx/common/core/src/ux_host_stack_endpoint_instance_create.c **** 
  32:Middlewares/ST/usbx/common/core/src/ux_host_stack_endpoint_instance_create.c **** /**************************************************************************/ 
  33:Middlewares/ST/usbx/common/core/src/ux_host_stack_endpoint_instance_create.c **** /*                                                                        */ 
  34:Middlewares/ST/usbx/common/core/src/ux_host_stack_endpoint_instance_create.c **** /*  FUNCTION                                               RELEASE        */ 
  35:Middlewares/ST/usbx/common/core/src/ux_host_stack_endpoint_instance_create.c **** /*                                                                        */ 
  36:Middlewares/ST/usbx/common/core/src/ux_host_stack_endpoint_instance_create.c **** /*    _ux_host_stack_endpoint_instance_create             PORTABLE C      */ 
  37:Middlewares/ST/usbx/common/core/src/ux_host_stack_endpoint_instance_create.c **** /*                                                           6.1.10       */
  38:Middlewares/ST/usbx/common/core/src/ux_host_stack_endpoint_instance_create.c **** /*  AUTHOR                                                                */
  39:Middlewares/ST/usbx/common/core/src/ux_host_stack_endpoint_instance_create.c **** /*                                                                        */
  40:Middlewares/ST/usbx/common/core/src/ux_host_stack_endpoint_instance_create.c **** /*    Chaoqiong Xiao, Microsoft Corporation                               */
  41:Middlewares/ST/usbx/common/core/src/ux_host_stack_endpoint_instance_create.c **** /*                                                                        */
  42:Middlewares/ST/usbx/common/core/src/ux_host_stack_endpoint_instance_create.c **** /*  DESCRIPTION                                                           */
  43:Middlewares/ST/usbx/common/core/src/ux_host_stack_endpoint_instance_create.c **** /*                                                                        */ 
  44:Middlewares/ST/usbx/common/core/src/ux_host_stack_endpoint_instance_create.c **** /*    This function will create an endpoint instance. The HCD layer is    */
  45:Middlewares/ST/usbx/common/core/src/ux_host_stack_endpoint_instance_create.c **** /*    invoked to create each endpoint and the bandwidth claimed by each   */
  46:Middlewares/ST/usbx/common/core/src/ux_host_stack_endpoint_instance_create.c **** /*    endpoint is allocated.                                              */ 
  47:Middlewares/ST/usbx/common/core/src/ux_host_stack_endpoint_instance_create.c **** /*                                                                        */ 
  48:Middlewares/ST/usbx/common/core/src/ux_host_stack_endpoint_instance_create.c **** /*  INPUT                                                                 */ 
  49:Middlewares/ST/usbx/common/core/src/ux_host_stack_endpoint_instance_create.c **** /*                                                                        */ 
  50:Middlewares/ST/usbx/common/core/src/ux_host_stack_endpoint_instance_create.c **** /*    endpoint                              Endpoint to delete            */ 
  51:Middlewares/ST/usbx/common/core/src/ux_host_stack_endpoint_instance_create.c **** /*                                                                        */ 
  52:Middlewares/ST/usbx/common/core/src/ux_host_stack_endpoint_instance_create.c **** /*  OUTPUT                                                                */ 
  53:Middlewares/ST/usbx/common/core/src/ux_host_stack_endpoint_instance_create.c **** /*                                                                        */ 
  54:Middlewares/ST/usbx/common/core/src/ux_host_stack_endpoint_instance_create.c **** /*    Completion Status                                                   */ 
  55:Middlewares/ST/usbx/common/core/src/ux_host_stack_endpoint_instance_create.c **** /*                                                                        */ 
  56:Middlewares/ST/usbx/common/core/src/ux_host_stack_endpoint_instance_create.c **** /*  CALLS                                                                 */ 
  57:Middlewares/ST/usbx/common/core/src/ux_host_stack_endpoint_instance_create.c **** /*                                                                        */ 
  58:Middlewares/ST/usbx/common/core/src/ux_host_stack_endpoint_instance_create.c **** /*    _ux_host_stack_bandwidth_check        Check bandwidth               */ 
  59:Middlewares/ST/usbx/common/core/src/ux_host_stack_endpoint_instance_create.c **** /*    _ux_host_stack_bandwidth_claim        Claim bandwidth               */ 
  60:Middlewares/ST/usbx/common/core/src/ux_host_stack_endpoint_instance_create.c **** /*    _ux_utility_semaphore_create          Semaphore create              */ 
  61:Middlewares/ST/usbx/common/core/src/ux_host_stack_endpoint_instance_create.c **** /*    (ux_hcd_entry_function)               HCD entry function            */ 
  62:Middlewares/ST/usbx/common/core/src/ux_host_stack_endpoint_instance_create.c **** /*                                                                        */ 
  63:Middlewares/ST/usbx/common/core/src/ux_host_stack_endpoint_instance_create.c **** /*  CALLED BY                                                             */ 
  64:Middlewares/ST/usbx/common/core/src/ux_host_stack_endpoint_instance_create.c **** /*                                                                        */ 
  65:Middlewares/ST/usbx/common/core/src/ux_host_stack_endpoint_instance_create.c **** /*    USBX Components                                                     */ 
  66:Middlewares/ST/usbx/common/core/src/ux_host_stack_endpoint_instance_create.c **** /*                                                                        */ 
  67:Middlewares/ST/usbx/common/core/src/ux_host_stack_endpoint_instance_create.c **** /*  RELEASE HISTORY                                                       */ 
  68:Middlewares/ST/usbx/common/core/src/ux_host_stack_endpoint_instance_create.c **** /*                                                                        */ 
  69:Middlewares/ST/usbx/common/core/src/ux_host_stack_endpoint_instance_create.c **** /*    DATE              NAME                      DESCRIPTION             */ 
  70:Middlewares/ST/usbx/common/core/src/ux_host_stack_endpoint_instance_create.c **** /*                                                                        */ 
  71:Middlewares/ST/usbx/common/core/src/ux_host_stack_endpoint_instance_create.c **** /*  05-19-2020     Chaoqiong Xiao           Initial Version 6.0           */
  72:Middlewares/ST/usbx/common/core/src/ux_host_stack_endpoint_instance_create.c **** /*  09-30-2020     Chaoqiong Xiao           Modified comment(s),          */
  73:Middlewares/ST/usbx/common/core/src/ux_host_stack_endpoint_instance_create.c **** /*                                            optimized based on compile  */
  74:Middlewares/ST/usbx/common/core/src/ux_host_stack_endpoint_instance_create.c **** /*                                            definitions,                */
  75:Middlewares/ST/usbx/common/core/src/ux_host_stack_endpoint_instance_create.c **** /*                                            resulting in version 6.1    */
  76:Middlewares/ST/usbx/common/core/src/ux_host_stack_endpoint_instance_create.c **** /*  06-02-2021     Chaoqiong Xiao           Modified comment(s),          */
  77:Middlewares/ST/usbx/common/core/src/ux_host_stack_endpoint_instance_create.c **** /*                                            fixed trace enabled error,  */
  78:Middlewares/ST/usbx/common/core/src/ux_host_stack_endpoint_instance_create.c **** /*                                            filled default endpoint     */
  79:Middlewares/ST/usbx/common/core/src/ux_host_stack_endpoint_instance_create.c **** /*                                            request endpoint pointer,   */
ARM GAS  /tmp/ccTBcTOK.s 			page 3


  80:Middlewares/ST/usbx/common/core/src/ux_host_stack_endpoint_instance_create.c **** /*                                            resulting in version 6.1.7  */
  81:Middlewares/ST/usbx/common/core/src/ux_host_stack_endpoint_instance_create.c **** /*  01-31-2022     Chaoqiong Xiao           Modified comment(s),          */
  82:Middlewares/ST/usbx/common/core/src/ux_host_stack_endpoint_instance_create.c **** /*                                            added standalone support,   */
  83:Middlewares/ST/usbx/common/core/src/ux_host_stack_endpoint_instance_create.c **** /*                                            resulting in version 6.1.10 */
  84:Middlewares/ST/usbx/common/core/src/ux_host_stack_endpoint_instance_create.c **** /*                                                                        */
  85:Middlewares/ST/usbx/common/core/src/ux_host_stack_endpoint_instance_create.c **** /**************************************************************************/
  86:Middlewares/ST/usbx/common/core/src/ux_host_stack_endpoint_instance_create.c **** UINT  _ux_host_stack_endpoint_instance_create(UX_ENDPOINT *endpoint)
  87:Middlewares/ST/usbx/common/core/src/ux_host_stack_endpoint_instance_create.c **** {
  33              		.loc 1 87 1 view -0
  34              		.cfi_startproc
  35              		@ args = 0, pretend = 0, frame = 0
  36              		@ frame_needed = 0, uses_anonymous_args = 0
  37              		.loc 1 87 1 is_stmt 0 view .LVU1
  38 0000 F0B5     		push	{r4, r5, r6, r7, lr}
  39              	.LCFI0:
  40              		.cfi_def_cfa_offset 20
  41              		.cfi_offset 4, -20
  42              		.cfi_offset 5, -16
  43              		.cfi_offset 6, -12
  44              		.cfi_offset 7, -8
  45              		.cfi_offset 14, -4
  46 0002 85B0     		sub	sp, sp, #20
  47              	.LCFI1:
  48              		.cfi_def_cfa_offset 40
  49 0004 0446     		mov	r4, r0
  88:Middlewares/ST/usbx/common/core/src/ux_host_stack_endpoint_instance_create.c **** 
  89:Middlewares/ST/usbx/common/core/src/ux_host_stack_endpoint_instance_create.c **** UX_HCD          *hcd;
  50              		.loc 1 89 1 is_stmt 1 view .LVU2
  90:Middlewares/ST/usbx/common/core/src/ux_host_stack_endpoint_instance_create.c **** UINT            status;
  51              		.loc 1 90 1 view .LVU3
  91:Middlewares/ST/usbx/common/core/src/ux_host_stack_endpoint_instance_create.c **** UCHAR           endpoint_type;
  52              		.loc 1 91 1 view .LVU4
  92:Middlewares/ST/usbx/common/core/src/ux_host_stack_endpoint_instance_create.c **** 
  93:Middlewares/ST/usbx/common/core/src/ux_host_stack_endpoint_instance_create.c **** 
  94:Middlewares/ST/usbx/common/core/src/ux_host_stack_endpoint_instance_create.c ****     /* Obtain the HCD for this endpoint.  */
  95:Middlewares/ST/usbx/common/core/src/ux_host_stack_endpoint_instance_create.c ****     hcd = UX_DEVICE_HCD_GET(endpoint -> ux_endpoint_device);
  53              		.loc 1 95 5 view .LVU5
  54              		.loc 1 95 11 is_stmt 0 view .LVU6
  55 0006 234B     		ldr	r3, .L9
  56 0008 1B68     		ldr	r3, [r3]
  57              		.loc 1 95 9 view .LVU7
  58 000a DE68     		ldr	r6, [r3, #12]
  59              	.LVL1:
  96:Middlewares/ST/usbx/common/core/src/ux_host_stack_endpoint_instance_create.c **** 
  97:Middlewares/ST/usbx/common/core/src/ux_host_stack_endpoint_instance_create.c ****     /* If trace is enabled, insert this event into the trace buffer.  */
  98:Middlewares/ST/usbx/common/core/src/ux_host_stack_endpoint_instance_create.c ****     UX_TRACE_IN_LINE_INSERT(UX_TRACE_HOST_STACK_ENDPOINT_INSTANCE_CREATE, endpoint -> ux_endpoint_d
  60              		.loc 1 98 5 is_stmt 1 view .LVU8
  61 000c 0023     		movs	r3, #0
  62 000e 0393     		str	r3, [sp, #12]
  63 0010 0293     		str	r3, [sp, #8]
  64 0012 4FF00072 		mov	r2, #33554432
  65 0016 0192     		str	r2, [sp, #4]
  66 0018 0093     		str	r3, [sp]
  67 001a 0246     		mov	r2, r0
  68 001c C16A     		ldr	r1, [r0, #44]
  69 001e 40F26720 		movw	r0, #615
  70              	.LVL2:
ARM GAS  /tmp/ccTBcTOK.s 			page 4


  71              		.loc 1 98 5 is_stmt 0 view .LVU9
  72 0022 FFF7FEFF 		bl	_ux_trace_event_insert
  73              	.LVL3:
  99:Middlewares/ST/usbx/common/core/src/ux_host_stack_endpoint_instance_create.c **** 
 100:Middlewares/ST/usbx/common/core/src/ux_host_stack_endpoint_instance_create.c ****     
 101:Middlewares/ST/usbx/common/core/src/ux_host_stack_endpoint_instance_create.c ****     /* If the endpoint needs guaranteed bandwidth, check if we have enough */
 102:Middlewares/ST/usbx/common/core/src/ux_host_stack_endpoint_instance_create.c ****     endpoint_type = (endpoint -> ux_endpoint_descriptor.bmAttributes) & UX_MASK_ENDPOINT_TYPE;
  74              		.loc 1 102 5 is_stmt 1 view .LVU10
  75              		.loc 1 102 71 is_stmt 0 view .LVU11
  76 0026 237E     		ldrb	r3, [r4, #24]	@ zero_extendqisi2
  77              	.LVL4:
 103:Middlewares/ST/usbx/common/core/src/ux_host_stack_endpoint_instance_create.c ****     switch (endpoint_type)
  78              		.loc 1 103 5 is_stmt 1 view .LVU12
  79 0028 13F00305 		ands	r5, r3, #3
  80 002c 01D0     		beq	.L2
  81 002e 022D     		cmp	r5, #2
  82 0030 15D1     		bne	.L6
  83              	.LVL5:
  84              	.L2:
 104:Middlewares/ST/usbx/common/core/src/ux_host_stack_endpoint_instance_create.c ****     {
 105:Middlewares/ST/usbx/common/core/src/ux_host_stack_endpoint_instance_create.c **** 
 106:Middlewares/ST/usbx/common/core/src/ux_host_stack_endpoint_instance_create.c ****     case UX_CONTROL_ENDPOINT:
 107:Middlewares/ST/usbx/common/core/src/ux_host_stack_endpoint_instance_create.c ****     case UX_BULK_ENDPOINT:
 108:Middlewares/ST/usbx/common/core/src/ux_host_stack_endpoint_instance_create.c ****         
 109:Middlewares/ST/usbx/common/core/src/ux_host_stack_endpoint_instance_create.c ****         break;
 110:Middlewares/ST/usbx/common/core/src/ux_host_stack_endpoint_instance_create.c **** 
 111:Middlewares/ST/usbx/common/core/src/ux_host_stack_endpoint_instance_create.c ****     default:
 112:Middlewares/ST/usbx/common/core/src/ux_host_stack_endpoint_instance_create.c **** 
 113:Middlewares/ST/usbx/common/core/src/ux_host_stack_endpoint_instance_create.c ****         /* Check the bandwidth for this endpoint */
 114:Middlewares/ST/usbx/common/core/src/ux_host_stack_endpoint_instance_create.c ****         if (_ux_host_stack_bandwidth_check(hcd, endpoint) != UX_SUCCESS)
 115:Middlewares/ST/usbx/common/core/src/ux_host_stack_endpoint_instance_create.c ****         {
 116:Middlewares/ST/usbx/common/core/src/ux_host_stack_endpoint_instance_create.c **** 
 117:Middlewares/ST/usbx/common/core/src/ux_host_stack_endpoint_instance_create.c ****             /* Error trap. */
 118:Middlewares/ST/usbx/common/core/src/ux_host_stack_endpoint_instance_create.c ****             _ux_system_error_handler(UX_SYSTEM_LEVEL_THREAD, UX_SYSTEM_CONTEXT_ENUMERATOR, UX_NO_BA
 119:Middlewares/ST/usbx/common/core/src/ux_host_stack_endpoint_instance_create.c **** 
 120:Middlewares/ST/usbx/common/core/src/ux_host_stack_endpoint_instance_create.c ****             return(UX_NO_BANDWIDTH_AVAILABLE);
 121:Middlewares/ST/usbx/common/core/src/ux_host_stack_endpoint_instance_create.c ****         }
 122:Middlewares/ST/usbx/common/core/src/ux_host_stack_endpoint_instance_create.c **** 
 123:Middlewares/ST/usbx/common/core/src/ux_host_stack_endpoint_instance_create.c **** 
 124:Middlewares/ST/usbx/common/core/src/ux_host_stack_endpoint_instance_create.c ****         break;
 125:Middlewares/ST/usbx/common/core/src/ux_host_stack_endpoint_instance_create.c ****     }
 126:Middlewares/ST/usbx/common/core/src/ux_host_stack_endpoint_instance_create.c **** 
 127:Middlewares/ST/usbx/common/core/src/ux_host_stack_endpoint_instance_create.c ****     /* Create this endpoint.  */
 128:Middlewares/ST/usbx/common/core/src/ux_host_stack_endpoint_instance_create.c ****     status = hcd -> ux_hcd_entry_function(hcd, UX_HCD_CREATE_ENDPOINT, (VOID *) endpoint);
  85              		.loc 1 128 5 view .LVU13
  86              		.loc 1 128 18 is_stmt 0 view .LVU14
  87 0032 336F     		ldr	r3, [r6, #112]
  88              		.loc 1 128 14 view .LVU15
  89 0034 2246     		mov	r2, r4
  90 0036 0E21     		movs	r1, #14
  91 0038 3046     		mov	r0, r6
  92 003a 9847     		blx	r3
  93              	.LVL6:
 129:Middlewares/ST/usbx/common/core/src/ux_host_stack_endpoint_instance_create.c **** 
 130:Middlewares/ST/usbx/common/core/src/ux_host_stack_endpoint_instance_create.c ****     /* Check status.  */
 131:Middlewares/ST/usbx/common/core/src/ux_host_stack_endpoint_instance_create.c ****     if (status != UX_SUCCESS)
  94              		.loc 1 131 5 is_stmt 1 view .LVU16
ARM GAS  /tmp/ccTBcTOK.s 			page 5


  95              		.loc 1 131 8 is_stmt 0 view .LVU17
  96 003c 0746     		mov	r7, r0
  97 003e 58B9     		cbnz	r0, .L1
 132:Middlewares/ST/usbx/common/core/src/ux_host_stack_endpoint_instance_create.c ****     {
 133:Middlewares/ST/usbx/common/core/src/ux_host_stack_endpoint_instance_create.c **** 
 134:Middlewares/ST/usbx/common/core/src/ux_host_stack_endpoint_instance_create.c ****         /* Return completion status.  */
 135:Middlewares/ST/usbx/common/core/src/ux_host_stack_endpoint_instance_create.c ****         return(status);
 136:Middlewares/ST/usbx/common/core/src/ux_host_stack_endpoint_instance_create.c ****     }
 137:Middlewares/ST/usbx/common/core/src/ux_host_stack_endpoint_instance_create.c **** 
 138:Middlewares/ST/usbx/common/core/src/ux_host_stack_endpoint_instance_create.c ****     /* Claim bandwidth if needed.  */
 139:Middlewares/ST/usbx/common/core/src/ux_host_stack_endpoint_instance_create.c ****     if ((endpoint_type == UX_INTERRUPT_ENDPOINT) || (endpoint_type == UX_ISOCHRONOUS_ENDPOINT))
  98              		.loc 1 139 5 is_stmt 1 view .LVU18
  99              		.loc 1 139 8 is_stmt 0 view .LVU19
 100 0040 012D     		cmp	r5, #1
 101 0042 18BF     		it	ne
 102 0044 032D     		cmpne	r5, #3
 103 0046 17D0     		beq	.L7
 104              	.LVL7:
 105              	.L4:
 140:Middlewares/ST/usbx/common/core/src/ux_host_stack_endpoint_instance_create.c ****     {
 141:Middlewares/ST/usbx/common/core/src/ux_host_stack_endpoint_instance_create.c **** 
 142:Middlewares/ST/usbx/common/core/src/ux_host_stack_endpoint_instance_create.c ****         /* Claim its bandwidth */
 143:Middlewares/ST/usbx/common/core/src/ux_host_stack_endpoint_instance_create.c ****         _ux_host_stack_bandwidth_claim(hcd, endpoint);
 144:Middlewares/ST/usbx/common/core/src/ux_host_stack_endpoint_instance_create.c ****     }
 145:Middlewares/ST/usbx/common/core/src/ux_host_stack_endpoint_instance_create.c **** 
 146:Middlewares/ST/usbx/common/core/src/ux_host_stack_endpoint_instance_create.c ****     /* Create a semaphore for this endpoint to be attached to its transfer request.  */
 147:Middlewares/ST/usbx/common/core/src/ux_host_stack_endpoint_instance_create.c ****     status =  _ux_host_semaphore_create(&endpoint -> ux_endpoint_transfer_request.ux_transfer_reque
 106              		.loc 1 147 5 is_stmt 1 view .LVU20
 107              		.loc 1 147 15 is_stmt 0 view .LVU21
 108 0048 0022     		movs	r2, #0
 109 004a 1349     		ldr	r1, .L9+4
 110 004c 04F17400 		add	r0, r4, #116
 111 0050 FFF7FEFF 		bl	_ux_utility_semaphore_create
 112              	.LVL8:
 148:Middlewares/ST/usbx/common/core/src/ux_host_stack_endpoint_instance_create.c ****                                                                 "ux_transfer_request_semaphore", 0)
 149:Middlewares/ST/usbx/common/core/src/ux_host_stack_endpoint_instance_create.c **** 
 150:Middlewares/ST/usbx/common/core/src/ux_host_stack_endpoint_instance_create.c ****     /* Check status.  */
 151:Middlewares/ST/usbx/common/core/src/ux_host_stack_endpoint_instance_create.c ****     if (status == UX_SUCCESS)
 113              		.loc 1 151 5 is_stmt 1 view .LVU22
 114              		.loc 1 151 8 is_stmt 0 view .LVU23
 115 0054 0746     		mov	r7, r0
 116 0056 A0B1     		cbz	r0, .L8
 117              	.LVL9:
 118              	.L1:
 152:Middlewares/ST/usbx/common/core/src/ux_host_stack_endpoint_instance_create.c ****     {
 153:Middlewares/ST/usbx/common/core/src/ux_host_stack_endpoint_instance_create.c **** 
 154:Middlewares/ST/usbx/common/core/src/ux_host_stack_endpoint_instance_create.c ****         /* If trace is enabled, register this object.  */
 155:Middlewares/ST/usbx/common/core/src/ux_host_stack_endpoint_instance_create.c ****         UX_TRACE_OBJECT_REGISTER(UX_TRACE_HOST_OBJECT_TYPE_ENDPOINT, endpoint, 0, 0, 0)
 156:Middlewares/ST/usbx/common/core/src/ux_host_stack_endpoint_instance_create.c **** 
 157:Middlewares/ST/usbx/common/core/src/ux_host_stack_endpoint_instance_create.c ****     }
 158:Middlewares/ST/usbx/common/core/src/ux_host_stack_endpoint_instance_create.c **** 
 159:Middlewares/ST/usbx/common/core/src/ux_host_stack_endpoint_instance_create.c ****     /* Return completion status.  */
 160:Middlewares/ST/usbx/common/core/src/ux_host_stack_endpoint_instance_create.c ****     return(status);
 161:Middlewares/ST/usbx/common/core/src/ux_host_stack_endpoint_instance_create.c **** }
 119              		.loc 1 161 1 view .LVU24
 120 0058 3846     		mov	r0, r7
 121 005a 05B0     		add	sp, sp, #20
ARM GAS  /tmp/ccTBcTOK.s 			page 6


 122              	.LCFI2:
 123              		.cfi_remember_state
 124              		.cfi_def_cfa_offset 20
 125              		@ sp needed
 126 005c F0BD     		pop	{r4, r5, r6, r7, pc}
 127              	.LVL10:
 128              	.L6:
 129              	.LCFI3:
 130              		.cfi_restore_state
 114:Middlewares/ST/usbx/common/core/src/ux_host_stack_endpoint_instance_create.c ****         {
 131              		.loc 1 114 9 is_stmt 1 view .LVU25
 114:Middlewares/ST/usbx/common/core/src/ux_host_stack_endpoint_instance_create.c ****         {
 132              		.loc 1 114 13 is_stmt 0 view .LVU26
 133 005e 2146     		mov	r1, r4
 134 0060 3046     		mov	r0, r6
 135 0062 FFF7FEFF 		bl	_ux_host_stack_bandwidth_check
 136              	.LVL11:
 114:Middlewares/ST/usbx/common/core/src/ux_host_stack_endpoint_instance_create.c ****         {
 137              		.loc 1 114 12 discriminator 1 view .LVU27
 138 0066 0028     		cmp	r0, #0
 139 0068 E3D0     		beq	.L2
 118:Middlewares/ST/usbx/common/core/src/ux_host_stack_endpoint_instance_create.c **** 
 140              		.loc 1 118 13 is_stmt 1 view .LVU28
 141 006a 4122     		movs	r2, #65
 142 006c 0421     		movs	r1, #4
 143 006e 0220     		movs	r0, #2
 144 0070 FFF7FEFF 		bl	_ux_system_error_handler
 145              	.LVL12:
 120:Middlewares/ST/usbx/common/core/src/ux_host_stack_endpoint_instance_create.c ****         }
 146              		.loc 1 120 13 view .LVU29
 120:Middlewares/ST/usbx/common/core/src/ux_host_stack_endpoint_instance_create.c ****         }
 147              		.loc 1 120 19 is_stmt 0 view .LVU30
 148 0074 4127     		movs	r7, #65
 149 0076 EFE7     		b	.L1
 150              	.LVL13:
 151              	.L7:
 143:Middlewares/ST/usbx/common/core/src/ux_host_stack_endpoint_instance_create.c ****     }
 152              		.loc 1 143 9 is_stmt 1 view .LVU31
 153 0078 2146     		mov	r1, r4
 154 007a 3046     		mov	r0, r6
 155              	.LVL14:
 143:Middlewares/ST/usbx/common/core/src/ux_host_stack_endpoint_instance_create.c ****     }
 156              		.loc 1 143 9 is_stmt 0 view .LVU32
 157 007c FFF7FEFF 		bl	_ux_host_stack_bandwidth_claim
 158              	.LVL15:
 159 0080 E2E7     		b	.L4
 160              	.LVL16:
 161              	.L8:
 155:Middlewares/ST/usbx/common/core/src/ux_host_stack_endpoint_instance_create.c **** 
 162              		.loc 1 155 9 is_stmt 1 view .LVU33
 163 0082 0022     		movs	r2, #0
 164 0084 0092     		str	r2, [sp]
 165 0086 1346     		mov	r3, r2
 166 0088 2146     		mov	r1, r4
 167 008a 1720     		movs	r0, #23
 168              	.LVL17:
 155:Middlewares/ST/usbx/common/core/src/ux_host_stack_endpoint_instance_create.c **** 
ARM GAS  /tmp/ccTBcTOK.s 			page 7


 169              		.loc 1 155 9 is_stmt 0 view .LVU34
 170 008c FFF7FEFF 		bl	_ux_trace_object_register
 171              	.LVL18:
 172 0090 E2E7     		b	.L1
 173              	.L10:
 174 0092 00BF     		.align	2
 175              	.L9:
 176 0094 00000000 		.word	_ux_system_host
 177 0098 00000000 		.word	.LC0
 178              		.cfi_endproc
 179              	.LFE11:
 181              		.text
 182              	.Letext0:
 183              		.file 2 "Middlewares/ST/threadx/ports/cortex_m7/gnu/inc/tx_port.h"
 184              		.file 3 "Middlewares/ST/threadx/common/inc/tx_api.h"
 185              		.file 4 "Middlewares/ST/threadx/common/inc/tx_trace.h"
 186              		.file 5 "Middlewares/ST/usbx/common/core/inc/ux_api.h"
 187              		.file 6 "Middlewares/ST/usbx/common/core/inc/ux_host_stack.h"
 188              		.file 7 "Middlewares/ST/usbx/common/core/inc/ux_utility.h"
 189              		.file 8 "Middlewares/ST/usbx/common/core/inc/ux_system.h"
ARM GAS  /tmp/ccTBcTOK.s 			page 8


DEFINED SYMBOLS
                            *ABS*:00000000 ux_host_stack_endpoint_instance_create.c
     /tmp/ccTBcTOK.s:20     .rodata._ux_host_stack_endpoint_instance_create.str1.4:00000000 $d
     /tmp/ccTBcTOK.s:24     .text._ux_host_stack_endpoint_instance_create:00000000 $t
     /tmp/ccTBcTOK.s:30     .text._ux_host_stack_endpoint_instance_create:00000000 _ux_host_stack_endpoint_instance_create
     /tmp/ccTBcTOK.s:176    .text._ux_host_stack_endpoint_instance_create:00000094 $d

UNDEFINED SYMBOLS
_ux_trace_event_insert
_ux_utility_semaphore_create
_ux_host_stack_bandwidth_check
_ux_system_error_handler
_ux_host_stack_bandwidth_claim
_ux_trace_object_register
_ux_system_host
