ARM GAS  /tmp/ccrTW4vk.s 			page 1


   1              		.cpu cortex-m7
   2              		.arch armv7e-m
   3              		.fpu fpv5-d16
   4              		.eabi_attribute 28, 1
   5              		.eabi_attribute 20, 1
   6              		.eabi_attribute 21, 1
   7              		.eabi_attribute 23, 3
   8              		.eabi_attribute 24, 1
   9              		.eabi_attribute 25, 1
  10              		.eabi_attribute 26, 1
  11              		.eabi_attribute 30, 1
  12              		.eabi_attribute 34, 1
  13              		.eabi_attribute 18, 4
  14              		.file	"ux_host_stack_configuration_instance_create.c"
  15              		.text
  16              	.Ltext0:
  17              		.cfi_sections	.debug_frame
  18              		.file 1 "Middlewares/ST/usbx/common/core/src/ux_host_stack_configuration_instance_create.c"
  19              		.section	.text._ux_host_stack_configuration_instance_create,"ax",%progbits
  20              		.align	1
  21              		.global	_ux_host_stack_configuration_instance_create
  22              		.syntax unified
  23              		.thumb
  24              		.thumb_func
  26              	_ux_host_stack_configuration_instance_create:
  27              	.LVL0:
  28              	.LFB11:
   1:Middlewares/ST/usbx/common/core/src/ux_host_stack_configuration_instance_create.c **** /**************************************************************************/
   2:Middlewares/ST/usbx/common/core/src/ux_host_stack_configuration_instance_create.c **** /*                                                                        */
   3:Middlewares/ST/usbx/common/core/src/ux_host_stack_configuration_instance_create.c **** /*       Copyright (c) Microsoft Corporation. All rights reserved.        */
   4:Middlewares/ST/usbx/common/core/src/ux_host_stack_configuration_instance_create.c **** /*                                                                        */
   5:Middlewares/ST/usbx/common/core/src/ux_host_stack_configuration_instance_create.c **** /*       This software is licensed under the Microsoft Software License   */
   6:Middlewares/ST/usbx/common/core/src/ux_host_stack_configuration_instance_create.c **** /*       Terms for Microsoft Azure RTOS. Full text of the license can be  */
   7:Middlewares/ST/usbx/common/core/src/ux_host_stack_configuration_instance_create.c **** /*       found in the LICENSE file at https://aka.ms/AzureRTOS_EULA       */
   8:Middlewares/ST/usbx/common/core/src/ux_host_stack_configuration_instance_create.c **** /*       and in the root directory of this software.                      */
   9:Middlewares/ST/usbx/common/core/src/ux_host_stack_configuration_instance_create.c **** /*                                                                        */
  10:Middlewares/ST/usbx/common/core/src/ux_host_stack_configuration_instance_create.c **** /**************************************************************************/
  11:Middlewares/ST/usbx/common/core/src/ux_host_stack_configuration_instance_create.c **** 
  12:Middlewares/ST/usbx/common/core/src/ux_host_stack_configuration_instance_create.c **** 
  13:Middlewares/ST/usbx/common/core/src/ux_host_stack_configuration_instance_create.c **** /**************************************************************************/
  14:Middlewares/ST/usbx/common/core/src/ux_host_stack_configuration_instance_create.c **** /**************************************************************************/
  15:Middlewares/ST/usbx/common/core/src/ux_host_stack_configuration_instance_create.c **** /**                                                                       */ 
  16:Middlewares/ST/usbx/common/core/src/ux_host_stack_configuration_instance_create.c **** /** USBX Component                                                        */ 
  17:Middlewares/ST/usbx/common/core/src/ux_host_stack_configuration_instance_create.c **** /**                                                                       */
  18:Middlewares/ST/usbx/common/core/src/ux_host_stack_configuration_instance_create.c **** /**   Host Stack                                                          */
  19:Middlewares/ST/usbx/common/core/src/ux_host_stack_configuration_instance_create.c **** /**                                                                       */
  20:Middlewares/ST/usbx/common/core/src/ux_host_stack_configuration_instance_create.c **** /**************************************************************************/
  21:Middlewares/ST/usbx/common/core/src/ux_host_stack_configuration_instance_create.c **** /**************************************************************************/
  22:Middlewares/ST/usbx/common/core/src/ux_host_stack_configuration_instance_create.c **** 
  23:Middlewares/ST/usbx/common/core/src/ux_host_stack_configuration_instance_create.c **** 
  24:Middlewares/ST/usbx/common/core/src/ux_host_stack_configuration_instance_create.c **** /* Include necessary system files.  */
  25:Middlewares/ST/usbx/common/core/src/ux_host_stack_configuration_instance_create.c **** 
  26:Middlewares/ST/usbx/common/core/src/ux_host_stack_configuration_instance_create.c **** #define UX_SOURCE_CODE
  27:Middlewares/ST/usbx/common/core/src/ux_host_stack_configuration_instance_create.c **** 
  28:Middlewares/ST/usbx/common/core/src/ux_host_stack_configuration_instance_create.c **** #include "ux_api.h"
  29:Middlewares/ST/usbx/common/core/src/ux_host_stack_configuration_instance_create.c **** #include "ux_host_stack.h"
  30:Middlewares/ST/usbx/common/core/src/ux_host_stack_configuration_instance_create.c **** 
ARM GAS  /tmp/ccrTW4vk.s 			page 2


  31:Middlewares/ST/usbx/common/core/src/ux_host_stack_configuration_instance_create.c **** 
  32:Middlewares/ST/usbx/common/core/src/ux_host_stack_configuration_instance_create.c **** /**************************************************************************/ 
  33:Middlewares/ST/usbx/common/core/src/ux_host_stack_configuration_instance_create.c **** /*                                                                        */ 
  34:Middlewares/ST/usbx/common/core/src/ux_host_stack_configuration_instance_create.c **** /*  FUNCTION                                               RELEASE        */ 
  35:Middlewares/ST/usbx/common/core/src/ux_host_stack_configuration_instance_create.c **** /*                                                                        */ 
  36:Middlewares/ST/usbx/common/core/src/ux_host_stack_configuration_instance_create.c **** /*    _ux_host_stack_configuration_instance_create        PORTABLE C      */ 
  37:Middlewares/ST/usbx/common/core/src/ux_host_stack_configuration_instance_create.c **** /*                                                           6.1          */
  38:Middlewares/ST/usbx/common/core/src/ux_host_stack_configuration_instance_create.c **** /*  AUTHOR                                                                */
  39:Middlewares/ST/usbx/common/core/src/ux_host_stack_configuration_instance_create.c **** /*                                                                        */
  40:Middlewares/ST/usbx/common/core/src/ux_host_stack_configuration_instance_create.c **** /*    Chaoqiong Xiao, Microsoft Corporation                               */
  41:Middlewares/ST/usbx/common/core/src/ux_host_stack_configuration_instance_create.c **** /*                                                                        */
  42:Middlewares/ST/usbx/common/core/src/ux_host_stack_configuration_instance_create.c **** /*  DESCRIPTION                                                           */
  43:Middlewares/ST/usbx/common/core/src/ux_host_stack_configuration_instance_create.c **** /*                                                                        */ 
  44:Middlewares/ST/usbx/common/core/src/ux_host_stack_configuration_instance_create.c **** /*    This function will create a configuration instance. It scan all the */
  45:Middlewares/ST/usbx/common/core/src/ux_host_stack_configuration_instance_create.c **** /*    interfaces hooked to the configuration and enable each interface    */
  46:Middlewares/ST/usbx/common/core/src/ux_host_stack_configuration_instance_create.c **** /*    with the alternate setting 0.                                       */ 
  47:Middlewares/ST/usbx/common/core/src/ux_host_stack_configuration_instance_create.c **** /*                                                                        */ 
  48:Middlewares/ST/usbx/common/core/src/ux_host_stack_configuration_instance_create.c **** /*  INPUT                                                                 */ 
  49:Middlewares/ST/usbx/common/core/src/ux_host_stack_configuration_instance_create.c **** /*                                                                        */ 
  50:Middlewares/ST/usbx/common/core/src/ux_host_stack_configuration_instance_create.c **** /*    configuration                         Pointer to configuration      */ 
  51:Middlewares/ST/usbx/common/core/src/ux_host_stack_configuration_instance_create.c **** /*                                                                        */ 
  52:Middlewares/ST/usbx/common/core/src/ux_host_stack_configuration_instance_create.c **** /*  OUTPUT                                                                */ 
  53:Middlewares/ST/usbx/common/core/src/ux_host_stack_configuration_instance_create.c **** /*                                                                        */ 
  54:Middlewares/ST/usbx/common/core/src/ux_host_stack_configuration_instance_create.c **** /*    Completion Status                                                   */ 
  55:Middlewares/ST/usbx/common/core/src/ux_host_stack_configuration_instance_create.c **** /*                                                                        */ 
  56:Middlewares/ST/usbx/common/core/src/ux_host_stack_configuration_instance_create.c **** /*  CALLS                                                                 */ 
  57:Middlewares/ST/usbx/common/core/src/ux_host_stack_configuration_instance_create.c **** /*                                                                        */ 
  58:Middlewares/ST/usbx/common/core/src/ux_host_stack_configuration_instance_create.c **** /*    _ux_host_stack_interface_instance_create  Create interface instance */ 
  59:Middlewares/ST/usbx/common/core/src/ux_host_stack_configuration_instance_create.c **** /*                                                                        */ 
  60:Middlewares/ST/usbx/common/core/src/ux_host_stack_configuration_instance_create.c **** /*  CALLED BY                                                             */ 
  61:Middlewares/ST/usbx/common/core/src/ux_host_stack_configuration_instance_create.c **** /*                                                                        */ 
  62:Middlewares/ST/usbx/common/core/src/ux_host_stack_configuration_instance_create.c **** /*    USBX Components                                                     */ 
  63:Middlewares/ST/usbx/common/core/src/ux_host_stack_configuration_instance_create.c **** /*                                                                        */ 
  64:Middlewares/ST/usbx/common/core/src/ux_host_stack_configuration_instance_create.c **** /*  RELEASE HISTORY                                                       */ 
  65:Middlewares/ST/usbx/common/core/src/ux_host_stack_configuration_instance_create.c **** /*                                                                        */ 
  66:Middlewares/ST/usbx/common/core/src/ux_host_stack_configuration_instance_create.c **** /*    DATE              NAME                      DESCRIPTION             */ 
  67:Middlewares/ST/usbx/common/core/src/ux_host_stack_configuration_instance_create.c **** /*                                                                        */ 
  68:Middlewares/ST/usbx/common/core/src/ux_host_stack_configuration_instance_create.c **** /*  05-19-2020     Chaoqiong Xiao           Initial Version 6.0           */
  69:Middlewares/ST/usbx/common/core/src/ux_host_stack_configuration_instance_create.c **** /*  09-30-2020     Chaoqiong Xiao           Modified comment(s),          */
  70:Middlewares/ST/usbx/common/core/src/ux_host_stack_configuration_instance_create.c **** /*                                            resulting in version 6.1    */
  71:Middlewares/ST/usbx/common/core/src/ux_host_stack_configuration_instance_create.c **** /*                                                                        */
  72:Middlewares/ST/usbx/common/core/src/ux_host_stack_configuration_instance_create.c **** /**************************************************************************/
  73:Middlewares/ST/usbx/common/core/src/ux_host_stack_configuration_instance_create.c **** UINT  _ux_host_stack_configuration_instance_create(UX_CONFIGURATION *configuration)
  74:Middlewares/ST/usbx/common/core/src/ux_host_stack_configuration_instance_create.c **** {
  29              		.loc 1 74 1 view -0
  30              		.cfi_startproc
  31              		@ args = 0, pretend = 0, frame = 0
  32              		@ frame_needed = 0, uses_anonymous_args = 0
  33              		.loc 1 74 1 is_stmt 0 view .LVU1
  34 0000 10B5     		push	{r4, lr}
  35              	.LCFI0:
  36              		.cfi_def_cfa_offset 8
  37              		.cfi_offset 4, -8
  38              		.cfi_offset 14, -4
  39 0002 84B0     		sub	sp, sp, #16
  40              	.LCFI1:
  41              		.cfi_def_cfa_offset 24
ARM GAS  /tmp/ccrTW4vk.s 			page 3


  42 0004 0446     		mov	r4, r0
  75:Middlewares/ST/usbx/common/core/src/ux_host_stack_configuration_instance_create.c **** 
  76:Middlewares/ST/usbx/common/core/src/ux_host_stack_configuration_instance_create.c **** UX_INTERFACE    *interface;
  43              		.loc 1 76 1 is_stmt 1 view .LVU2
  77:Middlewares/ST/usbx/common/core/src/ux_host_stack_configuration_instance_create.c **** UINT            status;
  44              		.loc 1 77 1 view .LVU3
  78:Middlewares/ST/usbx/common/core/src/ux_host_stack_configuration_instance_create.c ****     
  79:Middlewares/ST/usbx/common/core/src/ux_host_stack_configuration_instance_create.c ****     /* If trace is enabled, insert this event into the trace buffer.  */
  80:Middlewares/ST/usbx/common/core/src/ux_host_stack_configuration_instance_create.c ****     UX_TRACE_IN_LINE_INSERT(UX_TRACE_HOST_STACK_CONFIGURATION_INSTANCE_CREATE, configuration, 0, 0,
  45              		.loc 1 80 5 view .LVU4
  46 0006 0022     		movs	r2, #0
  47 0008 0392     		str	r2, [sp, #12]
  48 000a 0292     		str	r2, [sp, #8]
  49 000c 4FF00073 		mov	r3, #33554432
  50 0010 0193     		str	r3, [sp, #4]
  51 0012 0092     		str	r2, [sp]
  52 0014 1346     		mov	r3, r2
  53 0016 0146     		mov	r1, r0
  54 0018 40F25D20 		movw	r0, #605
  55              	.LVL1:
  56              		.loc 1 80 5 is_stmt 0 view .LVU5
  57 001c FFF7FEFF 		bl	_ux_trace_event_insert
  58              	.LVL2:
  81:Middlewares/ST/usbx/common/core/src/ux_host_stack_configuration_instance_create.c **** 
  82:Middlewares/ST/usbx/common/core/src/ux_host_stack_configuration_instance_create.c ****     /* Obtain the first interface for this configuration.  */
  83:Middlewares/ST/usbx/common/core/src/ux_host_stack_configuration_instance_create.c ****     interface =  configuration -> ux_configuration_first_interface;
  59              		.loc 1 83 5 is_stmt 1 view .LVU6
  60              		.loc 1 83 15 is_stmt 0 view .LVU7
  61 0020 E46A     		ldr	r4, [r4, #44]
  62              	.LVL3:
  84:Middlewares/ST/usbx/common/core/src/ux_host_stack_configuration_instance_create.c **** 
  85:Middlewares/ST/usbx/common/core/src/ux_host_stack_configuration_instance_create.c ****     /* Each selected alternate setting 0 for each interface must be created.  */
  86:Middlewares/ST/usbx/common/core/src/ux_host_stack_configuration_instance_create.c ****     while (interface != UX_NULL)
  63              		.loc 1 86 5 is_stmt 1 view .LVU8
  64              		.loc 1 86 11 is_stmt 0 view .LVU9
  65 0022 00E0     		b	.L2
  66              	.L3:
  87:Middlewares/ST/usbx/common/core/src/ux_host_stack_configuration_instance_create.c ****     {
  88:Middlewares/ST/usbx/common/core/src/ux_host_stack_configuration_instance_create.c **** 
  89:Middlewares/ST/usbx/common/core/src/ux_host_stack_configuration_instance_create.c ****         /* Check if we are dealing with the first alternate setting.  */
  90:Middlewares/ST/usbx/common/core/src/ux_host_stack_configuration_instance_create.c ****         if (interface -> ux_interface_descriptor.bAlternateSetting == 0)
  91:Middlewares/ST/usbx/common/core/src/ux_host_stack_configuration_instance_create.c ****         {
  92:Middlewares/ST/usbx/common/core/src/ux_host_stack_configuration_instance_create.c ****             /* Create the interface. */
  93:Middlewares/ST/usbx/common/core/src/ux_host_stack_configuration_instance_create.c ****             status = _ux_host_stack_interface_instance_create(interface);
  94:Middlewares/ST/usbx/common/core/src/ux_host_stack_configuration_instance_create.c **** 
  95:Middlewares/ST/usbx/common/core/src/ux_host_stack_configuration_instance_create.c ****             /* Check status, the controller may have refused the endpoint creation.  */
  96:Middlewares/ST/usbx/common/core/src/ux_host_stack_configuration_instance_create.c ****             if (status != UX_SUCCESS)
  97:Middlewares/ST/usbx/common/core/src/ux_host_stack_configuration_instance_create.c ****             
  98:Middlewares/ST/usbx/common/core/src/ux_host_stack_configuration_instance_create.c ****                 /* An error occurred.  The interface cannot be mounted.  */
  99:Middlewares/ST/usbx/common/core/src/ux_host_stack_configuration_instance_create.c ****                 return(status);
 100:Middlewares/ST/usbx/common/core/src/ux_host_stack_configuration_instance_create.c ****             
 101:Middlewares/ST/usbx/common/core/src/ux_host_stack_configuration_instance_create.c ****         }
 102:Middlewares/ST/usbx/common/core/src/ux_host_stack_configuration_instance_create.c **** 
 103:Middlewares/ST/usbx/common/core/src/ux_host_stack_configuration_instance_create.c ****         /* Next interface.  */
 104:Middlewares/ST/usbx/common/core/src/ux_host_stack_configuration_instance_create.c ****         interface =  interface -> ux_interface_next_interface;
  67              		.loc 1 104 9 is_stmt 1 view .LVU10
  68              		.loc 1 104 19 is_stmt 0 view .LVU11
ARM GAS  /tmp/ccrTW4vk.s 			page 4


  69 0024 E46B     		ldr	r4, [r4, #60]
  70              	.LVL4:
  71              	.L2:
  86:Middlewares/ST/usbx/common/core/src/ux_host_stack_configuration_instance_create.c ****     {
  72              		.loc 1 86 22 is_stmt 1 view .LVU12
  73 0026 4CB1     		cbz	r4, .L7
  90:Middlewares/ST/usbx/common/core/src/ux_host_stack_configuration_instance_create.c ****         {
  74              		.loc 1 90 9 view .LVU13
  90:Middlewares/ST/usbx/common/core/src/ux_host_stack_configuration_instance_create.c ****         {
  75              		.loc 1 90 49 is_stmt 0 view .LVU14
  76 0028 A369     		ldr	r3, [r4, #24]
  90:Middlewares/ST/usbx/common/core/src/ux_host_stack_configuration_instance_create.c ****         {
  77              		.loc 1 90 12 view .LVU15
  78 002a 002B     		cmp	r3, #0
  79 002c FAD1     		bne	.L3
  93:Middlewares/ST/usbx/common/core/src/ux_host_stack_configuration_instance_create.c **** 
  80              		.loc 1 93 13 is_stmt 1 view .LVU16
  93:Middlewares/ST/usbx/common/core/src/ux_host_stack_configuration_instance_create.c **** 
  81              		.loc 1 93 22 is_stmt 0 view .LVU17
  82 002e 2046     		mov	r0, r4
  83 0030 FFF7FEFF 		bl	_ux_host_stack_interface_instance_create
  84              	.LVL5:
  96:Middlewares/ST/usbx/common/core/src/ux_host_stack_configuration_instance_create.c ****             
  85              		.loc 1 96 13 is_stmt 1 view .LVU18
  96:Middlewares/ST/usbx/common/core/src/ux_host_stack_configuration_instance_create.c ****             
  86              		.loc 1 96 16 is_stmt 0 view .LVU19
  87 0034 0346     		mov	r3, r0
  88 0036 0028     		cmp	r0, #0
  89 0038 F4D0     		beq	.L3
  90 003a 00E0     		b	.L1
  91              	.LVL6:
  92              	.L7:
 105:Middlewares/ST/usbx/common/core/src/ux_host_stack_configuration_instance_create.c ****     }
 106:Middlewares/ST/usbx/common/core/src/ux_host_stack_configuration_instance_create.c **** 
 107:Middlewares/ST/usbx/common/core/src/ux_host_stack_configuration_instance_create.c ****     /* Return successful completion.  */
 108:Middlewares/ST/usbx/common/core/src/ux_host_stack_configuration_instance_create.c ****     return(UX_SUCCESS); 
  93              		.loc 1 108 11 view .LVU20
  94 003c 0023     		movs	r3, #0
  95              	.L1:
 109:Middlewares/ST/usbx/common/core/src/ux_host_stack_configuration_instance_create.c **** }
  96              		.loc 1 109 1 view .LVU21
  97 003e 1846     		mov	r0, r3
  98 0040 04B0     		add	sp, sp, #16
  99              	.LCFI2:
 100              		.cfi_def_cfa_offset 8
 101              		@ sp needed
 102 0042 10BD     		pop	{r4, pc}
 103              		.loc 1 109 1 view .LVU22
 104              		.cfi_endproc
 105              	.LFE11:
 107              		.text
 108              	.Letext0:
 109              		.file 2 "Middlewares/ST/threadx/ports/cortex_m7/gnu/inc/tx_port.h"
 110              		.file 3 "Middlewares/ST/threadx/common/inc/tx_api.h"
 111              		.file 4 "Middlewares/ST/threadx/common/inc/tx_trace.h"
 112              		.file 5 "Middlewares/ST/usbx/common/core/inc/ux_api.h"
 113              		.file 6 "Middlewares/ST/usbx/common/core/inc/ux_host_stack.h"
ARM GAS  /tmp/ccrTW4vk.s 			page 5


ARM GAS  /tmp/ccrTW4vk.s 			page 6


DEFINED SYMBOLS
                            *ABS*:00000000 ux_host_stack_configuration_instance_create.c
     /tmp/ccrTW4vk.s:20     .text._ux_host_stack_configuration_instance_create:00000000 $t
     /tmp/ccrTW4vk.s:26     .text._ux_host_stack_configuration_instance_create:00000000 _ux_host_stack_configuration_instance_create

UNDEFINED SYMBOLS
_ux_trace_event_insert
_ux_host_stack_interface_instance_create
