ARM GAS  /tmp/ccRnyIs3.s 			page 1


   1              		.cpu cortex-m7
   2              		.arch armv7e-m
   3              		.fpu fpv5-d16
   4              		.eabi_attribute 28, 1
   5              		.eabi_attribute 20, 1
   6              		.eabi_attribute 21, 1
   7              		.eabi_attribute 23, 3
   8              		.eabi_attribute 24, 1
   9              		.eabi_attribute 25, 1
  10              		.eabi_attribute 26, 1
  11              		.eabi_attribute 30, 1
  12              		.eabi_attribute 34, 1
  13              		.eabi_attribute 18, 4
  14              		.file	"ux_host_class_audio_control_value_set.c"
  15              		.text
  16              	.Ltext0:
  17              		.cfi_sections	.debug_frame
  18              		.file 1 "Middlewares/ST/usbx/common/usbx_host_classes/src/ux_host_class_audio_control_value_set.c"
  19              		.section	.text._ux_host_class_audio_control_value_set,"ax",%progbits
  20              		.align	1
  21              		.global	_ux_host_class_audio_control_value_set
  22              		.syntax unified
  23              		.thumb
  24              		.thumb_func
  26              	_ux_host_class_audio_control_value_set:
  27              	.LVL0:
  28              	.LFB11:
   1:Middlewares/ST/usbx/common/usbx_host_classes/src/ux_host_class_audio_control_value_set.c **** /**************************************************************************/
   2:Middlewares/ST/usbx/common/usbx_host_classes/src/ux_host_class_audio_control_value_set.c **** /*                                                                        */
   3:Middlewares/ST/usbx/common/usbx_host_classes/src/ux_host_class_audio_control_value_set.c **** /*       Copyright (c) Microsoft Corporation. All rights reserved.        */
   4:Middlewares/ST/usbx/common/usbx_host_classes/src/ux_host_class_audio_control_value_set.c **** /*                                                                        */
   5:Middlewares/ST/usbx/common/usbx_host_classes/src/ux_host_class_audio_control_value_set.c **** /*       This software is licensed under the Microsoft Software License   */
   6:Middlewares/ST/usbx/common/usbx_host_classes/src/ux_host_class_audio_control_value_set.c **** /*       Terms for Microsoft Azure RTOS. Full text of the license can be  */
   7:Middlewares/ST/usbx/common/usbx_host_classes/src/ux_host_class_audio_control_value_set.c **** /*       found in the LICENSE file at https://aka.ms/AzureRTOS_EULA       */
   8:Middlewares/ST/usbx/common/usbx_host_classes/src/ux_host_class_audio_control_value_set.c **** /*       and in the root directory of this software.                      */
   9:Middlewares/ST/usbx/common/usbx_host_classes/src/ux_host_class_audio_control_value_set.c **** /*                                                                        */
  10:Middlewares/ST/usbx/common/usbx_host_classes/src/ux_host_class_audio_control_value_set.c **** /**************************************************************************/
  11:Middlewares/ST/usbx/common/usbx_host_classes/src/ux_host_class_audio_control_value_set.c **** 
  12:Middlewares/ST/usbx/common/usbx_host_classes/src/ux_host_class_audio_control_value_set.c **** 
  13:Middlewares/ST/usbx/common/usbx_host_classes/src/ux_host_class_audio_control_value_set.c **** /**************************************************************************/
  14:Middlewares/ST/usbx/common/usbx_host_classes/src/ux_host_class_audio_control_value_set.c **** /**************************************************************************/
  15:Middlewares/ST/usbx/common/usbx_host_classes/src/ux_host_class_audio_control_value_set.c **** /**                                                                       */ 
  16:Middlewares/ST/usbx/common/usbx_host_classes/src/ux_host_class_audio_control_value_set.c **** /** USBX Component                                                        */ 
  17:Middlewares/ST/usbx/common/usbx_host_classes/src/ux_host_class_audio_control_value_set.c **** /**                                                                       */
  18:Middlewares/ST/usbx/common/usbx_host_classes/src/ux_host_class_audio_control_value_set.c **** /**   Audio Class                                                         */
  19:Middlewares/ST/usbx/common/usbx_host_classes/src/ux_host_class_audio_control_value_set.c **** /**                                                                       */
  20:Middlewares/ST/usbx/common/usbx_host_classes/src/ux_host_class_audio_control_value_set.c **** /**************************************************************************/
  21:Middlewares/ST/usbx/common/usbx_host_classes/src/ux_host_class_audio_control_value_set.c **** /**************************************************************************/
  22:Middlewares/ST/usbx/common/usbx_host_classes/src/ux_host_class_audio_control_value_set.c **** 
  23:Middlewares/ST/usbx/common/usbx_host_classes/src/ux_host_class_audio_control_value_set.c **** 
  24:Middlewares/ST/usbx/common/usbx_host_classes/src/ux_host_class_audio_control_value_set.c **** /* Include necessary system files.  */
  25:Middlewares/ST/usbx/common/usbx_host_classes/src/ux_host_class_audio_control_value_set.c **** 
  26:Middlewares/ST/usbx/common/usbx_host_classes/src/ux_host_class_audio_control_value_set.c **** #define UX_SOURCE_CODE
  27:Middlewares/ST/usbx/common/usbx_host_classes/src/ux_host_class_audio_control_value_set.c **** 
  28:Middlewares/ST/usbx/common/usbx_host_classes/src/ux_host_class_audio_control_value_set.c **** #include "ux_api.h"
  29:Middlewares/ST/usbx/common/usbx_host_classes/src/ux_host_class_audio_control_value_set.c **** #include "ux_host_class_audio.h"
  30:Middlewares/ST/usbx/common/usbx_host_classes/src/ux_host_class_audio_control_value_set.c **** #include "ux_host_stack.h"
ARM GAS  /tmp/ccRnyIs3.s 			page 2


  31:Middlewares/ST/usbx/common/usbx_host_classes/src/ux_host_class_audio_control_value_set.c **** 
  32:Middlewares/ST/usbx/common/usbx_host_classes/src/ux_host_class_audio_control_value_set.c **** 
  33:Middlewares/ST/usbx/common/usbx_host_classes/src/ux_host_class_audio_control_value_set.c **** /**************************************************************************/ 
  34:Middlewares/ST/usbx/common/usbx_host_classes/src/ux_host_class_audio_control_value_set.c **** /*                                                                        */ 
  35:Middlewares/ST/usbx/common/usbx_host_classes/src/ux_host_class_audio_control_value_set.c **** /*  FUNCTION                                               RELEASE        */ 
  36:Middlewares/ST/usbx/common/usbx_host_classes/src/ux_host_class_audio_control_value_set.c **** /*                                                                        */ 
  37:Middlewares/ST/usbx/common/usbx_host_classes/src/ux_host_class_audio_control_value_set.c **** /*    _ux_host_class_audio_control_value_set              PORTABLE C      */ 
  38:Middlewares/ST/usbx/common/usbx_host_classes/src/ux_host_class_audio_control_value_set.c **** /*                                                           6.1.10       */
  39:Middlewares/ST/usbx/common/usbx_host_classes/src/ux_host_class_audio_control_value_set.c **** /*  AUTHOR                                                                */
  40:Middlewares/ST/usbx/common/usbx_host_classes/src/ux_host_class_audio_control_value_set.c **** /*                                                                        */
  41:Middlewares/ST/usbx/common/usbx_host_classes/src/ux_host_class_audio_control_value_set.c **** /*    Chaoqiong Xiao, Microsoft Corporation                               */
  42:Middlewares/ST/usbx/common/usbx_host_classes/src/ux_host_class_audio_control_value_set.c **** /*                                                                        */
  43:Middlewares/ST/usbx/common/usbx_host_classes/src/ux_host_class_audio_control_value_set.c **** /*  DESCRIPTION                                                           */
  44:Middlewares/ST/usbx/common/usbx_host_classes/src/ux_host_class_audio_control_value_set.c **** /*                                                                        */ 
  45:Middlewares/ST/usbx/common/usbx_host_classes/src/ux_host_class_audio_control_value_set.c **** /*    This function updates the dynamic values for a single audio control */ 
  46:Middlewares/ST/usbx/common/usbx_host_classes/src/ux_host_class_audio_control_value_set.c **** /*    on either the master channel or a specific channel.                 */ 
  47:Middlewares/ST/usbx/common/usbx_host_classes/src/ux_host_class_audio_control_value_set.c **** /*                                                                        */ 
  48:Middlewares/ST/usbx/common/usbx_host_classes/src/ux_host_class_audio_control_value_set.c **** /*  INPUT                                                                 */ 
  49:Middlewares/ST/usbx/common/usbx_host_classes/src/ux_host_class_audio_control_value_set.c **** /*                                                                        */ 
  50:Middlewares/ST/usbx/common/usbx_host_classes/src/ux_host_class_audio_control_value_set.c **** /*    audio                                 Pointer to audio class        */ 
  51:Middlewares/ST/usbx/common/usbx_host_classes/src/ux_host_class_audio_control_value_set.c **** /*    audio_control                         Pointer to audio control      */ 
  52:Middlewares/ST/usbx/common/usbx_host_classes/src/ux_host_class_audio_control_value_set.c **** /*                                                                        */ 
  53:Middlewares/ST/usbx/common/usbx_host_classes/src/ux_host_class_audio_control_value_set.c **** /*  OUTPUT                                                                */ 
  54:Middlewares/ST/usbx/common/usbx_host_classes/src/ux_host_class_audio_control_value_set.c **** /*                                                                        */ 
  55:Middlewares/ST/usbx/common/usbx_host_classes/src/ux_host_class_audio_control_value_set.c **** /*    Completion Status                                                   */ 
  56:Middlewares/ST/usbx/common/usbx_host_classes/src/ux_host_class_audio_control_value_set.c **** /*                                                                        */ 
  57:Middlewares/ST/usbx/common/usbx_host_classes/src/ux_host_class_audio_control_value_set.c **** /*  CALLS                                                                 */ 
  58:Middlewares/ST/usbx/common/usbx_host_classes/src/ux_host_class_audio_control_value_set.c **** /*                                                                        */ 
  59:Middlewares/ST/usbx/common/usbx_host_classes/src/ux_host_class_audio_control_value_set.c **** /*    _ux_host_stack_class_instance_verify  Verify instance is valid      */ 
  60:Middlewares/ST/usbx/common/usbx_host_classes/src/ux_host_class_audio_control_value_set.c **** /*    _ux_host_stack_transfer_request       Process transfer request      */ 
  61:Middlewares/ST/usbx/common/usbx_host_classes/src/ux_host_class_audio_control_value_set.c **** /*    _ux_host_semaphore_get                Get semaphore                 */ 
  62:Middlewares/ST/usbx/common/usbx_host_classes/src/ux_host_class_audio_control_value_set.c **** /*    _ux_host_semaphore_put                Release semaphore             */ 
  63:Middlewares/ST/usbx/common/usbx_host_classes/src/ux_host_class_audio_control_value_set.c **** /*    _ux_utility_memory_allocate           Allocate memory block         */ 
  64:Middlewares/ST/usbx/common/usbx_host_classes/src/ux_host_class_audio_control_value_set.c **** /*    _ux_utility_memory_free               Release memory block          */ 
  65:Middlewares/ST/usbx/common/usbx_host_classes/src/ux_host_class_audio_control_value_set.c **** /*    _ux_utility_short_put                 Write 16-bit value            */ 
  66:Middlewares/ST/usbx/common/usbx_host_classes/src/ux_host_class_audio_control_value_set.c **** /*                                                                        */ 
  67:Middlewares/ST/usbx/common/usbx_host_classes/src/ux_host_class_audio_control_value_set.c **** /*  CALLED BY                                                             */ 
  68:Middlewares/ST/usbx/common/usbx_host_classes/src/ux_host_class_audio_control_value_set.c **** /*                                                                        */ 
  69:Middlewares/ST/usbx/common/usbx_host_classes/src/ux_host_class_audio_control_value_set.c **** /*    Application                                                         */ 
  70:Middlewares/ST/usbx/common/usbx_host_classes/src/ux_host_class_audio_control_value_set.c **** /*    Audio Class                                                         */ 
  71:Middlewares/ST/usbx/common/usbx_host_classes/src/ux_host_class_audio_control_value_set.c **** /*                                                                        */ 
  72:Middlewares/ST/usbx/common/usbx_host_classes/src/ux_host_class_audio_control_value_set.c **** /*  RELEASE HISTORY                                                       */ 
  73:Middlewares/ST/usbx/common/usbx_host_classes/src/ux_host_class_audio_control_value_set.c **** /*                                                                        */ 
  74:Middlewares/ST/usbx/common/usbx_host_classes/src/ux_host_class_audio_control_value_set.c **** /*    DATE              NAME                      DESCRIPTION             */ 
  75:Middlewares/ST/usbx/common/usbx_host_classes/src/ux_host_class_audio_control_value_set.c **** /*                                                                        */ 
  76:Middlewares/ST/usbx/common/usbx_host_classes/src/ux_host_class_audio_control_value_set.c **** /*  05-19-2020     Chaoqiong Xiao           Initial Version 6.0           */
  77:Middlewares/ST/usbx/common/usbx_host_classes/src/ux_host_class_audio_control_value_set.c **** /*  09-30-2020     Chaoqiong Xiao           Modified comment(s),          */
  78:Middlewares/ST/usbx/common/usbx_host_classes/src/ux_host_class_audio_control_value_set.c **** /*                                            resulting in version 6.1    */
  79:Middlewares/ST/usbx/common/usbx_host_classes/src/ux_host_class_audio_control_value_set.c **** /*  01-31-2022     Chaoqiong Xiao           Modified comment(s),          */
  80:Middlewares/ST/usbx/common/usbx_host_classes/src/ux_host_class_audio_control_value_set.c **** /*                                            refined macros names,       */
  81:Middlewares/ST/usbx/common/usbx_host_classes/src/ux_host_class_audio_control_value_set.c **** /*                                            resulting in version 6.1.10 */
  82:Middlewares/ST/usbx/common/usbx_host_classes/src/ux_host_class_audio_control_value_set.c **** /*                                                                        */
  83:Middlewares/ST/usbx/common/usbx_host_classes/src/ux_host_class_audio_control_value_set.c **** /**************************************************************************/
  84:Middlewares/ST/usbx/common/usbx_host_classes/src/ux_host_class_audio_control_value_set.c **** UINT  _ux_host_class_audio_control_value_set(UX_HOST_CLASS_AUDIO *audio, UX_HOST_CLASS_AUDIO_CONTRO
  85:Middlewares/ST/usbx/common/usbx_host_classes/src/ux_host_class_audio_control_value_set.c **** {
  29              		.loc 1 85 1 view -0
  30              		.cfi_startproc
ARM GAS  /tmp/ccRnyIs3.s 			page 3


  31              		@ args = 0, pretend = 0, frame = 0
  32              		@ frame_needed = 0, uses_anonymous_args = 0
  33              		.loc 1 85 1 is_stmt 0 view .LVU1
  34 0000 2DE9F043 		push	{r4, r5, r6, r7, r8, r9, lr}
  35              	.LCFI0:
  36              		.cfi_def_cfa_offset 28
  37              		.cfi_offset 4, -28
  38              		.cfi_offset 5, -24
  39              		.cfi_offset 6, -20
  40              		.cfi_offset 7, -16
  41              		.cfi_offset 8, -12
  42              		.cfi_offset 9, -8
  43              		.cfi_offset 14, -4
  44 0004 85B0     		sub	sp, sp, #20
  45              	.LCFI1:
  46              		.cfi_def_cfa_offset 48
  47 0006 0446     		mov	r4, r0
  48 0008 0D46     		mov	r5, r1
  86:Middlewares/ST/usbx/common/usbx_host_classes/src/ux_host_class_audio_control_value_set.c **** 
  87:Middlewares/ST/usbx/common/usbx_host_classes/src/ux_host_class_audio_control_value_set.c **** UX_ENDPOINT     *control_endpoint;
  49              		.loc 1 87 1 is_stmt 1 view .LVU2
  88:Middlewares/ST/usbx/common/usbx_host_classes/src/ux_host_class_audio_control_value_set.c **** UX_TRANSFER     *transfer_request;
  50              		.loc 1 88 1 view .LVU3
  89:Middlewares/ST/usbx/common/usbx_host_classes/src/ux_host_class_audio_control_value_set.c **** UINT            status;
  51              		.loc 1 89 1 view .LVU4
  90:Middlewares/ST/usbx/common/usbx_host_classes/src/ux_host_class_audio_control_value_set.c **** UCHAR *         control_buffer;
  52              		.loc 1 90 1 view .LVU5
  91:Middlewares/ST/usbx/common/usbx_host_classes/src/ux_host_class_audio_control_value_set.c **** 
  92:Middlewares/ST/usbx/common/usbx_host_classes/src/ux_host_class_audio_control_value_set.c ****     /* If trace is enabled, insert this event into the trace buffer.  */
  93:Middlewares/ST/usbx/common/usbx_host_classes/src/ux_host_class_audio_control_value_set.c ****     UX_TRACE_IN_LINE_INSERT(UX_TRACE_HOST_CLASS_AUDIO_CONTROL_VALUE_SET, audio, audio_control, 0, 0
  53              		.loc 1 93 5 view .LVU6
  54 000a 0023     		movs	r3, #0
  55 000c 0393     		str	r3, [sp, #12]
  56 000e 0293     		str	r3, [sp, #8]
  57 0010 4FF00052 		mov	r2, #536870912
  58 0014 0192     		str	r2, [sp, #4]
  59 0016 0093     		str	r3, [sp]
  60 0018 0A46     		mov	r2, r1
  61 001a 0146     		mov	r1, r0
  62              	.LVL1:
  63              		.loc 1 93 5 is_stmt 0 view .LVU7
  64 001c 40F29620 		movw	r0, #662
  65              	.LVL2:
  66              		.loc 1 93 5 view .LVU8
  67 0020 FFF7FEFF 		bl	_ux_trace_event_insert
  68              	.LVL3:
  94:Middlewares/ST/usbx/common/usbx_host_classes/src/ux_host_class_audio_control_value_set.c **** 
  95:Middlewares/ST/usbx/common/usbx_host_classes/src/ux_host_class_audio_control_value_set.c ****     /* Ensure the instance is valid.  */
  96:Middlewares/ST/usbx/common/usbx_host_classes/src/ux_host_class_audio_control_value_set.c ****     if (_ux_host_stack_class_instance_verify(_ux_system_host_class_audio_name, (VOID *) audio) != U
  69              		.loc 1 96 5 is_stmt 1 view .LVU9
  70              		.loc 1 96 9 is_stmt 0 view .LVU10
  71 0024 2146     		mov	r1, r4
  72 0026 2F48     		ldr	r0, .L9
  73 0028 FFF7FEFF 		bl	_ux_host_stack_class_instance_verify
  74              	.LVL4:
  75              		.loc 1 96 8 discriminator 1 view .LVU11
  76 002c 60B9     		cbnz	r0, .L6
ARM GAS  /tmp/ccRnyIs3.s 			page 4


  97:Middlewares/ST/usbx/common/usbx_host_classes/src/ux_host_class_audio_control_value_set.c ****     {        
  98:Middlewares/ST/usbx/common/usbx_host_classes/src/ux_host_class_audio_control_value_set.c **** 
  99:Middlewares/ST/usbx/common/usbx_host_classes/src/ux_host_class_audio_control_value_set.c ****         /* If trace is enabled, insert this event into the trace buffer.  */
 100:Middlewares/ST/usbx/common/usbx_host_classes/src/ux_host_class_audio_control_value_set.c ****         UX_TRACE_IN_LINE_INSERT(UX_TRACE_ERROR, UX_HOST_CLASS_INSTANCE_UNKNOWN, audio, 0, 0, UX_TRA
 101:Middlewares/ST/usbx/common/usbx_host_classes/src/ux_host_class_audio_control_value_set.c **** 
 102:Middlewares/ST/usbx/common/usbx_host_classes/src/ux_host_class_audio_control_value_set.c ****         return(UX_HOST_CLASS_INSTANCE_UNKNOWN);
 103:Middlewares/ST/usbx/common/usbx_host_classes/src/ux_host_class_audio_control_value_set.c ****     }
 104:Middlewares/ST/usbx/common/usbx_host_classes/src/ux_host_class_audio_control_value_set.c **** 
 105:Middlewares/ST/usbx/common/usbx_host_classes/src/ux_host_class_audio_control_value_set.c ****     /* Protect thread reentry to this instance.  */
 106:Middlewares/ST/usbx/common/usbx_host_classes/src/ux_host_class_audio_control_value_set.c ****     status =  _ux_host_semaphore_get(&audio -> ux_host_class_audio_semaphore, UX_WAIT_FOREVER);
  77              		.loc 1 106 5 is_stmt 1 view .LVU12
  78              		.loc 1 106 15 is_stmt 0 view .LVU13
  79 002e 04F19C06 		add	r6, r4, #156
  80 0032 4FF0FF31 		mov	r1, #-1
  81 0036 3046     		mov	r0, r6
  82 0038 FFF7FEFF 		bl	_ux_utility_semaphore_get
  83              	.LVL5:
 107:Middlewares/ST/usbx/common/usbx_host_classes/src/ux_host_class_audio_control_value_set.c ****     if (status != UX_SUCCESS)
  84              		.loc 1 107 5 is_stmt 1 view .LVU14
  85              		.loc 1 107 8 is_stmt 0 view .LVU15
  86 003c 0346     		mov	r3, r0
  87 003e 90B1     		cbz	r0, .L7
  88              	.LVL6:
  89              	.L1:
 108:Middlewares/ST/usbx/common/usbx_host_classes/src/ux_host_class_audio_control_value_set.c ****         return(status);
 109:Middlewares/ST/usbx/common/usbx_host_classes/src/ux_host_class_audio_control_value_set.c **** 
 110:Middlewares/ST/usbx/common/usbx_host_classes/src/ux_host_class_audio_control_value_set.c ****     /* We need to get the default control endpoint transfer request pointer.  */
 111:Middlewares/ST/usbx/common/usbx_host_classes/src/ux_host_class_audio_control_value_set.c ****     control_endpoint =  &audio -> ux_host_class_audio_device -> ux_device_control_endpoint;
 112:Middlewares/ST/usbx/common/usbx_host_classes/src/ux_host_class_audio_control_value_set.c ****     transfer_request =  &control_endpoint -> ux_endpoint_transfer_request;
 113:Middlewares/ST/usbx/common/usbx_host_classes/src/ux_host_class_audio_control_value_set.c **** 
 114:Middlewares/ST/usbx/common/usbx_host_classes/src/ux_host_class_audio_control_value_set.c ****     /* Need to allocate memory for the control buffer.  */
 115:Middlewares/ST/usbx/common/usbx_host_classes/src/ux_host_class_audio_control_value_set.c ****     control_buffer =  _ux_utility_memory_allocate(UX_SAFE_ALIGN, UX_CACHE_SAFE_MEMORY, 2);
 116:Middlewares/ST/usbx/common/usbx_host_classes/src/ux_host_class_audio_control_value_set.c ****     if (control_buffer == UX_NULL)
 117:Middlewares/ST/usbx/common/usbx_host_classes/src/ux_host_class_audio_control_value_set.c ****     {
 118:Middlewares/ST/usbx/common/usbx_host_classes/src/ux_host_class_audio_control_value_set.c **** 
 119:Middlewares/ST/usbx/common/usbx_host_classes/src/ux_host_class_audio_control_value_set.c ****         /* Unprotect thread reentry to this instance.  */
 120:Middlewares/ST/usbx/common/usbx_host_classes/src/ux_host_class_audio_control_value_set.c ****         status =  _ux_host_semaphore_put(&audio -> ux_host_class_audio_semaphore);
 121:Middlewares/ST/usbx/common/usbx_host_classes/src/ux_host_class_audio_control_value_set.c **** 
 122:Middlewares/ST/usbx/common/usbx_host_classes/src/ux_host_class_audio_control_value_set.c ****         /* Return an error.  */        
 123:Middlewares/ST/usbx/common/usbx_host_classes/src/ux_host_class_audio_control_value_set.c ****         return(UX_MEMORY_INSUFFICIENT);
 124:Middlewares/ST/usbx/common/usbx_host_classes/src/ux_host_class_audio_control_value_set.c ****     }
 125:Middlewares/ST/usbx/common/usbx_host_classes/src/ux_host_class_audio_control_value_set.c **** 
 126:Middlewares/ST/usbx/common/usbx_host_classes/src/ux_host_class_audio_control_value_set.c ****     /* Update the control buffer with the current control value.  */
 127:Middlewares/ST/usbx/common/usbx_host_classes/src/ux_host_class_audio_control_value_set.c ****     _ux_utility_short_put(control_buffer, (USHORT) audio_control -> ux_host_class_audio_control_cur
 128:Middlewares/ST/usbx/common/usbx_host_classes/src/ux_host_class_audio_control_value_set.c ****     
 129:Middlewares/ST/usbx/common/usbx_host_classes/src/ux_host_class_audio_control_value_set.c ****     /* Protect the control endpoint semaphore here.  It will be unprotected in the 
 130:Middlewares/ST/usbx/common/usbx_host_classes/src/ux_host_class_audio_control_value_set.c ****        transfer request function.  */
 131:Middlewares/ST/usbx/common/usbx_host_classes/src/ux_host_class_audio_control_value_set.c ****     status =  _ux_host_semaphore_get(&audio -> ux_host_class_audio_device -> ux_device_protection_s
 132:Middlewares/ST/usbx/common/usbx_host_classes/src/ux_host_class_audio_control_value_set.c **** 
 133:Middlewares/ST/usbx/common/usbx_host_classes/src/ux_host_class_audio_control_value_set.c ****     /* Check for status.  */
 134:Middlewares/ST/usbx/common/usbx_host_classes/src/ux_host_class_audio_control_value_set.c ****     if (status != UX_SUCCESS)
 135:Middlewares/ST/usbx/common/usbx_host_classes/src/ux_host_class_audio_control_value_set.c ****     
 136:Middlewares/ST/usbx/common/usbx_host_classes/src/ux_host_class_audio_control_value_set.c ****         /* Something went wrong. */
 137:Middlewares/ST/usbx/common/usbx_host_classes/src/ux_host_class_audio_control_value_set.c ****         return(status);
 138:Middlewares/ST/usbx/common/usbx_host_classes/src/ux_host_class_audio_control_value_set.c ****         
 139:Middlewares/ST/usbx/common/usbx_host_classes/src/ux_host_class_audio_control_value_set.c ****     /* Create a transfer request for the SET_CUR_buffer request.  */
 140:Middlewares/ST/usbx/common/usbx_host_classes/src/ux_host_class_audio_control_value_set.c ****     transfer_request -> ux_transfer_request_data_pointer =      control_buffer;
ARM GAS  /tmp/ccRnyIs3.s 			page 5


 141:Middlewares/ST/usbx/common/usbx_host_classes/src/ux_host_class_audio_control_value_set.c ****     transfer_request -> ux_transfer_request_requested_length =  2;
 142:Middlewares/ST/usbx/common/usbx_host_classes/src/ux_host_class_audio_control_value_set.c ****     transfer_request -> ux_transfer_request_function =          UX_HOST_CLASS_AUDIO_SET_CUR;
 143:Middlewares/ST/usbx/common/usbx_host_classes/src/ux_host_class_audio_control_value_set.c ****     transfer_request -> ux_transfer_request_type =              UX_REQUEST_OUT | UX_REQUEST_TYPE_CL
 144:Middlewares/ST/usbx/common/usbx_host_classes/src/ux_host_class_audio_control_value_set.c ****     transfer_request -> ux_transfer_request_value =             audio_control -> ux_host_class_audi
 145:Middlewares/ST/usbx/common/usbx_host_classes/src/ux_host_class_audio_control_value_set.c ****     transfer_request -> ux_transfer_request_index =             audio -> ux_host_class_audio_contro
 146:Middlewares/ST/usbx/common/usbx_host_classes/src/ux_host_class_audio_control_value_set.c **** 
 147:Middlewares/ST/usbx/common/usbx_host_classes/src/ux_host_class_audio_control_value_set.c ****     /* Send request to HCD layer.  */
 148:Middlewares/ST/usbx/common/usbx_host_classes/src/ux_host_class_audio_control_value_set.c ****     status =  _ux_host_stack_transfer_request(transfer_request);
 149:Middlewares/ST/usbx/common/usbx_host_classes/src/ux_host_class_audio_control_value_set.c **** 
 150:Middlewares/ST/usbx/common/usbx_host_classes/src/ux_host_class_audio_control_value_set.c ****     /* Free all used resources.  */
 151:Middlewares/ST/usbx/common/usbx_host_classes/src/ux_host_class_audio_control_value_set.c ****     _ux_utility_memory_free(control_buffer);
 152:Middlewares/ST/usbx/common/usbx_host_classes/src/ux_host_class_audio_control_value_set.c **** 
 153:Middlewares/ST/usbx/common/usbx_host_classes/src/ux_host_class_audio_control_value_set.c ****     /* Unprotect thread reentry to this instance.  */
 154:Middlewares/ST/usbx/common/usbx_host_classes/src/ux_host_class_audio_control_value_set.c ****     status =  _ux_host_semaphore_put(&audio -> ux_host_class_audio_semaphore);
 155:Middlewares/ST/usbx/common/usbx_host_classes/src/ux_host_class_audio_control_value_set.c **** 
 156:Middlewares/ST/usbx/common/usbx_host_classes/src/ux_host_class_audio_control_value_set.c ****     /* Return completion status.  */
 157:Middlewares/ST/usbx/common/usbx_host_classes/src/ux_host_class_audio_control_value_set.c ****     return(status);
 158:Middlewares/ST/usbx/common/usbx_host_classes/src/ux_host_class_audio_control_value_set.c **** }
  90              		.loc 1 158 1 view .LVU16
  91 0040 1846     		mov	r0, r3
  92 0042 05B0     		add	sp, sp, #20
  93              	.LCFI2:
  94              		.cfi_remember_state
  95              		.cfi_def_cfa_offset 28
  96              		@ sp needed
  97 0044 BDE8F083 		pop	{r4, r5, r6, r7, r8, r9, pc}
  98              	.LVL7:
  99              	.L6:
 100              	.LCFI3:
 101              		.cfi_restore_state
 100:Middlewares/ST/usbx/common/usbx_host_classes/src/ux_host_class_audio_control_value_set.c **** 
 102              		.loc 1 100 9 is_stmt 1 view .LVU17
 103 0048 0023     		movs	r3, #0
 104 004a 0393     		str	r3, [sp, #12]
 105 004c 0293     		str	r3, [sp, #8]
 106 004e 4FF08072 		mov	r2, #16777216
 107 0052 0192     		str	r2, [sp, #4]
 108 0054 0093     		str	r3, [sp]
 109 0056 2246     		mov	r2, r4
 110 0058 5B21     		movs	r1, #91
 111 005a 40F2E730 		movw	r0, #999
 112 005e FFF7FEFF 		bl	_ux_trace_event_insert
 113              	.LVL8:
 102:Middlewares/ST/usbx/common/usbx_host_classes/src/ux_host_class_audio_control_value_set.c ****     }
 114              		.loc 1 102 9 view .LVU18
 102:Middlewares/ST/usbx/common/usbx_host_classes/src/ux_host_class_audio_control_value_set.c ****     }
 115              		.loc 1 102 15 is_stmt 0 view .LVU19
 116 0062 5B23     		movs	r3, #91
 117 0064 ECE7     		b	.L1
 118              	.LVL9:
 119              	.L7:
 111:Middlewares/ST/usbx/common/usbx_host_classes/src/ux_host_class_audio_control_value_set.c ****     transfer_request =  &control_endpoint -> ux_endpoint_transfer_request;
 120              		.loc 1 111 5 is_stmt 1 view .LVU20
 111:Middlewares/ST/usbx/common/usbx_host_classes/src/ux_host_class_audio_control_value_set.c ****     transfer_request =  &control_endpoint -> ux_endpoint_transfer_request;
 121              		.loc 1 111 32 is_stmt 0 view .LVU21
 122 0066 A768     		ldr	r7, [r4, #8]
 123              	.LVL10:
ARM GAS  /tmp/ccRnyIs3.s 			page 6


 112:Middlewares/ST/usbx/common/usbx_host_classes/src/ux_host_class_audio_control_value_set.c **** 
 124              		.loc 1 112 5 is_stmt 1 view .LVU22
 112:Middlewares/ST/usbx/common/usbx_host_classes/src/ux_host_class_audio_control_value_set.c **** 
 125              		.loc 1 112 22 is_stmt 0 view .LVU23
 126 0068 07F1AC09 		add	r9, r7, #172
 127              	.LVL11:
 115:Middlewares/ST/usbx/common/usbx_host_classes/src/ux_host_class_audio_control_value_set.c ****     if (control_buffer == UX_NULL)
 128              		.loc 1 115 5 is_stmt 1 view .LVU24
 115:Middlewares/ST/usbx/common/usbx_host_classes/src/ux_host_class_audio_control_value_set.c ****     if (control_buffer == UX_NULL)
 129              		.loc 1 115 23 is_stmt 0 view .LVU25
 130 006c 0222     		movs	r2, #2
 131 006e 0121     		movs	r1, #1
 132 0070 4FF0FF30 		mov	r0, #-1
 133              	.LVL12:
 115:Middlewares/ST/usbx/common/usbx_host_classes/src/ux_host_class_audio_control_value_set.c ****     if (control_buffer == UX_NULL)
 134              		.loc 1 115 23 view .LVU26
 135 0074 FFF7FEFF 		bl	_ux_utility_memory_allocate
 136              	.LVL13:
 116:Middlewares/ST/usbx/common/usbx_host_classes/src/ux_host_class_audio_control_value_set.c ****     {
 137              		.loc 1 116 5 is_stmt 1 view .LVU27
 116:Middlewares/ST/usbx/common/usbx_host_classes/src/ux_host_class_audio_control_value_set.c ****     {
 138              		.loc 1 116 8 is_stmt 0 view .LVU28
 139 0078 8046     		mov	r8, r0
 140 007a 68B3     		cbz	r0, .L8
 127:Middlewares/ST/usbx/common/usbx_host_classes/src/ux_host_class_audio_control_value_set.c ****     
 141              		.loc 1 127 5 is_stmt 1 view .LVU29
 142 007c A98A     		ldrh	r1, [r5, #20]
 143 007e FFF7FEFF 		bl	_ux_utility_short_put
 144              	.LVL14:
 131:Middlewares/ST/usbx/common/usbx_host_classes/src/ux_host_class_audio_control_value_set.c **** 
 145              		.loc 1 131 5 view .LVU30
 131:Middlewares/ST/usbx/common/usbx_host_classes/src/ux_host_class_audio_control_value_set.c **** 
 146              		.loc 1 131 45 is_stmt 0 view .LVU31
 147 0082 A068     		ldr	r0, [r4, #8]
 131:Middlewares/ST/usbx/common/usbx_host_classes/src/ux_host_class_audio_control_value_set.c **** 
 148              		.loc 1 131 15 view .LVU32
 149 0084 4FF0FF31 		mov	r1, #-1
 150 0088 1C30     		adds	r0, r0, #28
 151 008a FFF7FEFF 		bl	_ux_utility_semaphore_get
 152              	.LVL15:
 134:Middlewares/ST/usbx/common/usbx_host_classes/src/ux_host_class_audio_control_value_set.c ****     
 153              		.loc 1 134 5 is_stmt 1 view .LVU33
 134:Middlewares/ST/usbx/common/usbx_host_classes/src/ux_host_class_audio_control_value_set.c ****     
 154              		.loc 1 134 8 is_stmt 0 view .LVU34
 155 008e 0346     		mov	r3, r0
 156 0090 0028     		cmp	r0, #0
 157 0092 D5D1     		bne	.L1
 140:Middlewares/ST/usbx/common/usbx_host_classes/src/ux_host_class_audio_control_value_set.c ****     transfer_request -> ux_transfer_request_requested_length =  2;
 158              		.loc 1 140 5 is_stmt 1 view .LVU35
 140:Middlewares/ST/usbx/common/usbx_host_classes/src/ux_host_class_audio_control_value_set.c ****     transfer_request -> ux_transfer_request_requested_length =  2;
 159              		.loc 1 140 58 is_stmt 0 view .LVU36
 160 0094 C7F8B480 		str	r8, [r7, #180]
 141:Middlewares/ST/usbx/common/usbx_host_classes/src/ux_host_class_audio_control_value_set.c ****     transfer_request -> ux_transfer_request_function =          UX_HOST_CLASS_AUDIO_SET_CUR;
 161              		.loc 1 141 5 is_stmt 1 view .LVU37
 141:Middlewares/ST/usbx/common/usbx_host_classes/src/ux_host_class_audio_control_value_set.c ****     transfer_request -> ux_transfer_request_function =          UX_HOST_CLASS_AUDIO_SET_CUR;
 162              		.loc 1 141 62 is_stmt 0 view .LVU38
 163 0098 0223     		movs	r3, #2
ARM GAS  /tmp/ccRnyIs3.s 			page 7


 164 009a C7F8B830 		str	r3, [r7, #184]
 142:Middlewares/ST/usbx/common/usbx_host_classes/src/ux_host_class_audio_control_value_set.c ****     transfer_request -> ux_transfer_request_type =              UX_REQUEST_OUT | UX_REQUEST_TYPE_CL
 165              		.loc 1 142 5 is_stmt 1 view .LVU39
 142:Middlewares/ST/usbx/common/usbx_host_classes/src/ux_host_class_audio_control_value_set.c ****     transfer_request -> ux_transfer_request_type =              UX_REQUEST_OUT | UX_REQUEST_TYPE_CL
 166              		.loc 1 142 54 is_stmt 0 view .LVU40
 167 009e 0123     		movs	r3, #1
 168 00a0 C7F8C430 		str	r3, [r7, #196]
 143:Middlewares/ST/usbx/common/usbx_host_classes/src/ux_host_class_audio_control_value_set.c ****     transfer_request -> ux_transfer_request_value =             audio_control -> ux_host_class_audi
 169              		.loc 1 143 5 is_stmt 1 view .LVU41
 143:Middlewares/ST/usbx/common/usbx_host_classes/src/ux_host_class_audio_control_value_set.c ****     transfer_request -> ux_transfer_request_value =             audio_control -> ux_host_class_audi
 170              		.loc 1 143 50 is_stmt 0 view .LVU42
 171 00a4 2123     		movs	r3, #33
 172 00a6 C7F8C030 		str	r3, [r7, #192]
 144:Middlewares/ST/usbx/common/usbx_host_classes/src/ux_host_class_audio_control_value_set.c ****     transfer_request -> ux_transfer_request_index =             audio -> ux_host_class_audio_contro
 173              		.loc 1 144 5 is_stmt 1 view .LVU43
 144:Middlewares/ST/usbx/common/usbx_host_classes/src/ux_host_class_audio_control_value_set.c ****     transfer_request -> ux_transfer_request_index =             audio -> ux_host_class_audio_contro
 174              		.loc 1 144 79 is_stmt 0 view .LVU44
 175 00aa 6B68     		ldr	r3, [r5, #4]
 144:Middlewares/ST/usbx/common/usbx_host_classes/src/ux_host_class_audio_control_value_set.c ****     transfer_request -> ux_transfer_request_index =             audio -> ux_host_class_audio_contro
 176              		.loc 1 144 135 view .LVU45
 177 00ac 2A68     		ldr	r2, [r5]
 144:Middlewares/ST/usbx/common/usbx_host_classes/src/ux_host_class_audio_control_value_set.c ****     transfer_request -> ux_transfer_request_index =             audio -> ux_host_class_audio_contro
 178              		.loc 1 144 118 view .LVU46
 179 00ae 43EA0223 		orr	r3, r3, r2, lsl #8
 144:Middlewares/ST/usbx/common/usbx_host_classes/src/ux_host_class_audio_control_value_set.c ****     transfer_request -> ux_transfer_request_index =             audio -> ux_host_class_audio_contro
 180              		.loc 1 144 51 view .LVU47
 181 00b2 C7F8C830 		str	r3, [r7, #200]
 145:Middlewares/ST/usbx/common/usbx_host_classes/src/ux_host_class_audio_control_value_set.c **** 
 182              		.loc 1 145 5 is_stmt 1 view .LVU48
 145:Middlewares/ST/usbx/common/usbx_host_classes/src/ux_host_class_audio_control_value_set.c **** 
 183              		.loc 1 145 71 is_stmt 0 view .LVU49
 184 00b6 2369     		ldr	r3, [r4, #16]
 145:Middlewares/ST/usbx/common/usbx_host_classes/src/ux_host_class_audio_control_value_set.c **** 
 185              		.loc 1 145 128 view .LVU50
 186 00b8 626B     		ldr	r2, [r4, #52]
 145:Middlewares/ST/usbx/common/usbx_host_classes/src/ux_host_class_audio_control_value_set.c **** 
 187              		.loc 1 145 119 view .LVU51
 188 00ba 43EA0223 		orr	r3, r3, r2, lsl #8
 145:Middlewares/ST/usbx/common/usbx_host_classes/src/ux_host_class_audio_control_value_set.c **** 
 189              		.loc 1 145 51 view .LVU52
 190 00be C7F8CC30 		str	r3, [r7, #204]
 148:Middlewares/ST/usbx/common/usbx_host_classes/src/ux_host_class_audio_control_value_set.c **** 
 191              		.loc 1 148 5 is_stmt 1 view .LVU53
 148:Middlewares/ST/usbx/common/usbx_host_classes/src/ux_host_class_audio_control_value_set.c **** 
 192              		.loc 1 148 15 is_stmt 0 view .LVU54
 193 00c2 4846     		mov	r0, r9
 194              	.LVL16:
 148:Middlewares/ST/usbx/common/usbx_host_classes/src/ux_host_class_audio_control_value_set.c **** 
 195              		.loc 1 148 15 view .LVU55
 196 00c4 FFF7FEFF 		bl	_ux_host_stack_transfer_request
 197              	.LVL17:
 151:Middlewares/ST/usbx/common/usbx_host_classes/src/ux_host_class_audio_control_value_set.c **** 
 198              		.loc 1 151 5 is_stmt 1 view .LVU56
 199 00c8 4046     		mov	r0, r8
 200 00ca FFF7FEFF 		bl	_ux_utility_memory_free
 201              	.LVL18:
 154:Middlewares/ST/usbx/common/usbx_host_classes/src/ux_host_class_audio_control_value_set.c **** 
ARM GAS  /tmp/ccRnyIs3.s 			page 8


 202              		.loc 1 154 5 view .LVU57
 154:Middlewares/ST/usbx/common/usbx_host_classes/src/ux_host_class_audio_control_value_set.c **** 
 203              		.loc 1 154 15 is_stmt 0 view .LVU58
 204 00ce 3046     		mov	r0, r6
 205 00d0 FFF7FEFF 		bl	_ux_utility_semaphore_put
 206              	.LVL19:
 207 00d4 0346     		mov	r3, r0
 208              	.LVL20:
 157:Middlewares/ST/usbx/common/usbx_host_classes/src/ux_host_class_audio_control_value_set.c **** }
 209              		.loc 1 157 5 is_stmt 1 view .LVU59
 157:Middlewares/ST/usbx/common/usbx_host_classes/src/ux_host_class_audio_control_value_set.c **** }
 210              		.loc 1 157 11 is_stmt 0 view .LVU60
 211 00d6 B3E7     		b	.L1
 212              	.LVL21:
 213              	.L8:
 120:Middlewares/ST/usbx/common/usbx_host_classes/src/ux_host_class_audio_control_value_set.c **** 
 214              		.loc 1 120 9 is_stmt 1 view .LVU61
 120:Middlewares/ST/usbx/common/usbx_host_classes/src/ux_host_class_audio_control_value_set.c **** 
 215              		.loc 1 120 19 is_stmt 0 view .LVU62
 216 00d8 3046     		mov	r0, r6
 217              	.LVL22:
 120:Middlewares/ST/usbx/common/usbx_host_classes/src/ux_host_class_audio_control_value_set.c **** 
 218              		.loc 1 120 19 view .LVU63
 219 00da FFF7FEFF 		bl	_ux_utility_semaphore_put
 220              	.LVL23:
 123:Middlewares/ST/usbx/common/usbx_host_classes/src/ux_host_class_audio_control_value_set.c ****     }
 221              		.loc 1 123 9 is_stmt 1 view .LVU64
 123:Middlewares/ST/usbx/common/usbx_host_classes/src/ux_host_class_audio_control_value_set.c ****     }
 222              		.loc 1 123 15 is_stmt 0 view .LVU65
 223 00de 1223     		movs	r3, #18
 224 00e0 AEE7     		b	.L1
 225              	.L10:
 226 00e2 00BF     		.align	2
 227              	.L9:
 228 00e4 00000000 		.word	_ux_system_host_class_audio_name
 229              		.cfi_endproc
 230              	.LFE11:
 232              		.text
 233              	.Letext0:
 234              		.file 2 "Middlewares/ST/threadx/ports/cortex_m7/gnu/inc/tx_port.h"
 235              		.file 3 "Middlewares/ST/threadx/common/inc/tx_api.h"
 236              		.file 4 "Middlewares/ST/threadx/common/inc/tx_trace.h"
 237              		.file 5 "Middlewares/ST/usbx/common/core/inc/ux_api.h"
 238              		.file 6 "Middlewares/ST/usbx/common/usbx_host_classes/inc/ux_host_class_audio.h"
 239              		.file 7 "Middlewares/ST/usbx/common/core/inc/ux_utility.h"
 240              		.file 8 "Middlewares/ST/usbx/common/core/inc/ux_host_stack.h"
 241              		.file 9 "Middlewares/ST/usbx/common/core/inc/ux_system.h"
ARM GAS  /tmp/ccRnyIs3.s 			page 9


DEFINED SYMBOLS
                            *ABS*:00000000 ux_host_class_audio_control_value_set.c
     /tmp/ccRnyIs3.s:20     .text._ux_host_class_audio_control_value_set:00000000 $t
     /tmp/ccRnyIs3.s:26     .text._ux_host_class_audio_control_value_set:00000000 _ux_host_class_audio_control_value_set
     /tmp/ccRnyIs3.s:228    .text._ux_host_class_audio_control_value_set:000000e4 $d

UNDEFINED SYMBOLS
_ux_trace_event_insert
_ux_host_stack_class_instance_verify
_ux_utility_semaphore_get
_ux_utility_memory_allocate
_ux_utility_short_put
_ux_host_stack_transfer_request
_ux_utility_memory_free
_ux_utility_semaphore_put
_ux_system_host_class_audio_name
