ARM GAS  /tmp/ccUQ1wq7.s 			page 1


   1              		.cpu cortex-m7
   2              		.arch armv7e-m
   3              		.fpu fpv5-d16
   4              		.eabi_attribute 28, 1
   5              		.eabi_attribute 20, 1
   6              		.eabi_attribute 21, 1
   7              		.eabi_attribute 23, 3
   8              		.eabi_attribute 24, 1
   9              		.eabi_attribute 25, 1
  10              		.eabi_attribute 26, 1
  11              		.eabi_attribute 30, 1
  12              		.eabi_attribute 34, 1
  13              		.eabi_attribute 18, 4
  14              		.file	"ux_host_class_audio_streaming_terminal_get.c"
  15              		.text
  16              	.Ltext0:
  17              		.cfi_sections	.debug_frame
  18              		.file 1 "Middlewares/ST/usbx/common/usbx_host_classes/src/ux_host_class_audio_streaming_terminal_g
  19              		.section	.text._ux_host_class_audio_streaming_terminal_get,"ax",%progbits
  20              		.align	1
  21              		.global	_ux_host_class_audio_streaming_terminal_get
  22              		.syntax unified
  23              		.thumb
  24              		.thumb_func
  26              	_ux_host_class_audio_streaming_terminal_get:
  27              	.LVL0:
  28              	.LFB11:
   1:Middlewares/ST/usbx/common/usbx_host_classes/src/ux_host_class_audio_streaming_terminal_get.c **** /**************************************************************************/
   2:Middlewares/ST/usbx/common/usbx_host_classes/src/ux_host_class_audio_streaming_terminal_get.c **** /*                                                                        */
   3:Middlewares/ST/usbx/common/usbx_host_classes/src/ux_host_class_audio_streaming_terminal_get.c **** /*       Copyright (c) Microsoft Corporation. All rights reserved.        */
   4:Middlewares/ST/usbx/common/usbx_host_classes/src/ux_host_class_audio_streaming_terminal_get.c **** /*                                                                        */
   5:Middlewares/ST/usbx/common/usbx_host_classes/src/ux_host_class_audio_streaming_terminal_get.c **** /*       This software is licensed under the Microsoft Software License   */
   6:Middlewares/ST/usbx/common/usbx_host_classes/src/ux_host_class_audio_streaming_terminal_get.c **** /*       Terms for Microsoft Azure RTOS. Full text of the license can be  */
   7:Middlewares/ST/usbx/common/usbx_host_classes/src/ux_host_class_audio_streaming_terminal_get.c **** /*       found in the LICENSE file at https://aka.ms/AzureRTOS_EULA       */
   8:Middlewares/ST/usbx/common/usbx_host_classes/src/ux_host_class_audio_streaming_terminal_get.c **** /*       and in the root directory of this software.                      */
   9:Middlewares/ST/usbx/common/usbx_host_classes/src/ux_host_class_audio_streaming_terminal_get.c **** /*                                                                        */
  10:Middlewares/ST/usbx/common/usbx_host_classes/src/ux_host_class_audio_streaming_terminal_get.c **** /**************************************************************************/
  11:Middlewares/ST/usbx/common/usbx_host_classes/src/ux_host_class_audio_streaming_terminal_get.c **** 
  12:Middlewares/ST/usbx/common/usbx_host_classes/src/ux_host_class_audio_streaming_terminal_get.c **** 
  13:Middlewares/ST/usbx/common/usbx_host_classes/src/ux_host_class_audio_streaming_terminal_get.c **** /**************************************************************************/
  14:Middlewares/ST/usbx/common/usbx_host_classes/src/ux_host_class_audio_streaming_terminal_get.c **** /**************************************************************************/
  15:Middlewares/ST/usbx/common/usbx_host_classes/src/ux_host_class_audio_streaming_terminal_get.c **** /**                                                                       */ 
  16:Middlewares/ST/usbx/common/usbx_host_classes/src/ux_host_class_audio_streaming_terminal_get.c **** /** USBX Component                                                        */ 
  17:Middlewares/ST/usbx/common/usbx_host_classes/src/ux_host_class_audio_streaming_terminal_get.c **** /**                                                                       */
  18:Middlewares/ST/usbx/common/usbx_host_classes/src/ux_host_class_audio_streaming_terminal_get.c **** /**   Audio Class                                                         */
  19:Middlewares/ST/usbx/common/usbx_host_classes/src/ux_host_class_audio_streaming_terminal_get.c **** /**                                                                       */
  20:Middlewares/ST/usbx/common/usbx_host_classes/src/ux_host_class_audio_streaming_terminal_get.c **** /**************************************************************************/
  21:Middlewares/ST/usbx/common/usbx_host_classes/src/ux_host_class_audio_streaming_terminal_get.c **** /**************************************************************************/
  22:Middlewares/ST/usbx/common/usbx_host_classes/src/ux_host_class_audio_streaming_terminal_get.c **** 
  23:Middlewares/ST/usbx/common/usbx_host_classes/src/ux_host_class_audio_streaming_terminal_get.c **** 
  24:Middlewares/ST/usbx/common/usbx_host_classes/src/ux_host_class_audio_streaming_terminal_get.c **** /* Include necessary system files.  */
  25:Middlewares/ST/usbx/common/usbx_host_classes/src/ux_host_class_audio_streaming_terminal_get.c **** 
  26:Middlewares/ST/usbx/common/usbx_host_classes/src/ux_host_class_audio_streaming_terminal_get.c **** #define UX_SOURCE_CODE
  27:Middlewares/ST/usbx/common/usbx_host_classes/src/ux_host_class_audio_streaming_terminal_get.c **** 
  28:Middlewares/ST/usbx/common/usbx_host_classes/src/ux_host_class_audio_streaming_terminal_get.c **** #include "ux_api.h"
  29:Middlewares/ST/usbx/common/usbx_host_classes/src/ux_host_class_audio_streaming_terminal_get.c **** #include "ux_host_class_audio.h"
  30:Middlewares/ST/usbx/common/usbx_host_classes/src/ux_host_class_audio_streaming_terminal_get.c **** #include "ux_host_stack.h"
ARM GAS  /tmp/ccUQ1wq7.s 			page 2


  31:Middlewares/ST/usbx/common/usbx_host_classes/src/ux_host_class_audio_streaming_terminal_get.c **** 
  32:Middlewares/ST/usbx/common/usbx_host_classes/src/ux_host_class_audio_streaming_terminal_get.c **** 
  33:Middlewares/ST/usbx/common/usbx_host_classes/src/ux_host_class_audio_streaming_terminal_get.c **** /**************************************************************************/ 
  34:Middlewares/ST/usbx/common/usbx_host_classes/src/ux_host_class_audio_streaming_terminal_get.c **** /*                                                                        */ 
  35:Middlewares/ST/usbx/common/usbx_host_classes/src/ux_host_class_audio_streaming_terminal_get.c **** /*  FUNCTION                                               RELEASE        */ 
  36:Middlewares/ST/usbx/common/usbx_host_classes/src/ux_host_class_audio_streaming_terminal_get.c **** /*                                                                        */ 
  37:Middlewares/ST/usbx/common/usbx_host_classes/src/ux_host_class_audio_streaming_terminal_get.c **** /*    _ux_host_class_audio_streaming_terminal_get         PORTABLE C      */ 
  38:Middlewares/ST/usbx/common/usbx_host_classes/src/ux_host_class_audio_streaming_terminal_get.c **** /*                                                           6.1          */
  39:Middlewares/ST/usbx/common/usbx_host_classes/src/ux_host_class_audio_streaming_terminal_get.c **** /*  AUTHOR                                                                */
  40:Middlewares/ST/usbx/common/usbx_host_classes/src/ux_host_class_audio_streaming_terminal_get.c **** /*                                                                        */
  41:Middlewares/ST/usbx/common/usbx_host_classes/src/ux_host_class_audio_streaming_terminal_get.c **** /*    Chaoqiong Xiao, Microsoft Corporation                               */
  42:Middlewares/ST/usbx/common/usbx_host_classes/src/ux_host_class_audio_streaming_terminal_get.c **** /*                                                                        */
  43:Middlewares/ST/usbx/common/usbx_host_classes/src/ux_host_class_audio_streaming_terminal_get.c **** /*  DESCRIPTION                                                           */
  44:Middlewares/ST/usbx/common/usbx_host_classes/src/ux_host_class_audio_streaming_terminal_get.c **** /*                                                                        */ 
  45:Middlewares/ST/usbx/common/usbx_host_classes/src/ux_host_class_audio_streaming_terminal_get.c **** /*    This function searches and retrieves the streaming terminal. This   */
  46:Middlewares/ST/usbx/common/usbx_host_classes/src/ux_host_class_audio_streaming_terminal_get.c **** /*    terminal is used to further search which of the input\output        */ 
  47:Middlewares/ST/usbx/common/usbx_host_classes/src/ux_host_class_audio_streaming_terminal_get.c **** /*    terminals describes if the device is audio IN or audio OUT.         */ 
  48:Middlewares/ST/usbx/common/usbx_host_classes/src/ux_host_class_audio_streaming_terminal_get.c **** /*                                                                        */ 
  49:Middlewares/ST/usbx/common/usbx_host_classes/src/ux_host_class_audio_streaming_terminal_get.c **** /*  INPUT                                                                 */ 
  50:Middlewares/ST/usbx/common/usbx_host_classes/src/ux_host_class_audio_streaming_terminal_get.c **** /*                                                                        */ 
  51:Middlewares/ST/usbx/common/usbx_host_classes/src/ux_host_class_audio_streaming_terminal_get.c **** /*    audio                                 Pointer to audio class        */ 
  52:Middlewares/ST/usbx/common/usbx_host_classes/src/ux_host_class_audio_streaming_terminal_get.c **** /*                                                                        */ 
  53:Middlewares/ST/usbx/common/usbx_host_classes/src/ux_host_class_audio_streaming_terminal_get.c **** /*  OUTPUT                                                                */ 
  54:Middlewares/ST/usbx/common/usbx_host_classes/src/ux_host_class_audio_streaming_terminal_get.c **** /*                                                                        */ 
  55:Middlewares/ST/usbx/common/usbx_host_classes/src/ux_host_class_audio_streaming_terminal_get.c **** /*    Completion Status                                                   */ 
  56:Middlewares/ST/usbx/common/usbx_host_classes/src/ux_host_class_audio_streaming_terminal_get.c **** /*                                                                        */ 
  57:Middlewares/ST/usbx/common/usbx_host_classes/src/ux_host_class_audio_streaming_terminal_get.c **** /*  CALLS                                                                 */ 
  58:Middlewares/ST/usbx/common/usbx_host_classes/src/ux_host_class_audio_streaming_terminal_get.c **** /*                                                                        */ 
  59:Middlewares/ST/usbx/common/usbx_host_classes/src/ux_host_class_audio_streaming_terminal_get.c **** /*    _ux_utility_descriptor_parse          Parse descriptor              */ 
  60:Middlewares/ST/usbx/common/usbx_host_classes/src/ux_host_class_audio_streaming_terminal_get.c **** /*                                                                        */ 
  61:Middlewares/ST/usbx/common/usbx_host_classes/src/ux_host_class_audio_streaming_terminal_get.c **** /*  CALLED BY                                                             */ 
  62:Middlewares/ST/usbx/common/usbx_host_classes/src/ux_host_class_audio_streaming_terminal_get.c **** /*                                                                        */ 
  63:Middlewares/ST/usbx/common/usbx_host_classes/src/ux_host_class_audio_streaming_terminal_get.c **** /*    Audio Class                                                         */ 
  64:Middlewares/ST/usbx/common/usbx_host_classes/src/ux_host_class_audio_streaming_terminal_get.c **** /*                                                                        */ 
  65:Middlewares/ST/usbx/common/usbx_host_classes/src/ux_host_class_audio_streaming_terminal_get.c **** /*  RELEASE HISTORY                                                       */ 
  66:Middlewares/ST/usbx/common/usbx_host_classes/src/ux_host_class_audio_streaming_terminal_get.c **** /*                                                                        */ 
  67:Middlewares/ST/usbx/common/usbx_host_classes/src/ux_host_class_audio_streaming_terminal_get.c **** /*    DATE              NAME                      DESCRIPTION             */ 
  68:Middlewares/ST/usbx/common/usbx_host_classes/src/ux_host_class_audio_streaming_terminal_get.c **** /*                                                                        */ 
  69:Middlewares/ST/usbx/common/usbx_host_classes/src/ux_host_class_audio_streaming_terminal_get.c **** /*  05-19-2020     Chaoqiong Xiao           Initial Version 6.0           */
  70:Middlewares/ST/usbx/common/usbx_host_classes/src/ux_host_class_audio_streaming_terminal_get.c **** /*  09-30-2020     Chaoqiong Xiao           Modified comment(s),          */
  71:Middlewares/ST/usbx/common/usbx_host_classes/src/ux_host_class_audio_streaming_terminal_get.c **** /*                                            resulting in version 6.1    */
  72:Middlewares/ST/usbx/common/usbx_host_classes/src/ux_host_class_audio_streaming_terminal_get.c **** /*                                                                        */
  73:Middlewares/ST/usbx/common/usbx_host_classes/src/ux_host_class_audio_streaming_terminal_get.c **** /**************************************************************************/
  74:Middlewares/ST/usbx/common/usbx_host_classes/src/ux_host_class_audio_streaming_terminal_get.c **** UINT  _ux_host_class_audio_streaming_terminal_get(UX_HOST_CLASS_AUDIO *audio)
  75:Middlewares/ST/usbx/common/usbx_host_classes/src/ux_host_class_audio_streaming_terminal_get.c **** {
  29              		.loc 1 75 1 view -0
  30              		.cfi_startproc
  31              		@ args = 0, pretend = 0, frame = 64
  32              		@ frame_needed = 0, uses_anonymous_args = 0
  33              		.loc 1 75 1 is_stmt 0 view .LVU1
  34 0000 F0B5     		push	{r4, r5, r6, r7, lr}
  35              	.LCFI0:
  36              		.cfi_def_cfa_offset 20
  37              		.cfi_offset 4, -20
  38              		.cfi_offset 5, -16
  39              		.cfi_offset 6, -12
  40              		.cfi_offset 7, -8
ARM GAS  /tmp/ccUQ1wq7.s 			page 3


  41              		.cfi_offset 14, -4
  42 0002 95B0     		sub	sp, sp, #84
  43              	.LCFI1:
  44              		.cfi_def_cfa_offset 104
  45 0004 0746     		mov	r7, r0
  76:Middlewares/ST/usbx/common/usbx_host_classes/src/ux_host_class_audio_streaming_terminal_get.c **** 
  77:Middlewares/ST/usbx/common/usbx_host_classes/src/ux_host_class_audio_streaming_terminal_get.c **** UCHAR *                                             descriptor;
  46              		.loc 1 77 1 is_stmt 1 view .LVU2
  78:Middlewares/ST/usbx/common/usbx_host_classes/src/ux_host_class_audio_streaming_terminal_get.c **** UX_INTERFACE_DESCRIPTOR                             interface_descriptor;
  47              		.loc 1 78 1 view .LVU3
  79:Middlewares/ST/usbx/common/usbx_host_classes/src/ux_host_class_audio_streaming_terminal_get.c **** UX_HOST_CLASS_AUDIO_STREAMING_INTERFACE_DESCRIPTOR  streaming_interface_descriptor;
  48              		.loc 1 79 1 view .LVU4
  80:Middlewares/ST/usbx/common/usbx_host_classes/src/ux_host_class_audio_streaming_terminal_get.c **** ULONG                                               total_descriptor_length;
  49              		.loc 1 80 1 view .LVU5
  81:Middlewares/ST/usbx/common/usbx_host_classes/src/ux_host_class_audio_streaming_terminal_get.c **** ULONG                                               descriptor_length;
  50              		.loc 1 81 1 view .LVU6
  82:Middlewares/ST/usbx/common/usbx_host_classes/src/ux_host_class_audio_streaming_terminal_get.c **** ULONG                                               descriptor_type;
  51              		.loc 1 82 1 view .LVU7
  83:Middlewares/ST/usbx/common/usbx_host_classes/src/ux_host_class_audio_streaming_terminal_get.c **** ULONG                                               descriptor_subtype;
  52              		.loc 1 83 1 view .LVU8
  84:Middlewares/ST/usbx/common/usbx_host_classes/src/ux_host_class_audio_streaming_terminal_get.c **** ULONG                                               descriptor_found;
  53              		.loc 1 84 1 view .LVU9
  85:Middlewares/ST/usbx/common/usbx_host_classes/src/ux_host_class_audio_streaming_terminal_get.c ****     
  86:Middlewares/ST/usbx/common/usbx_host_classes/src/ux_host_class_audio_streaming_terminal_get.c **** 
  87:Middlewares/ST/usbx/common/usbx_host_classes/src/ux_host_class_audio_streaming_terminal_get.c ****     /* Get the descriptor to the entire configuration */
  88:Middlewares/ST/usbx/common/usbx_host_classes/src/ux_host_class_audio_streaming_terminal_get.c ****     descriptor =  audio -> ux_host_class_audio_configuration_descriptor;
  54              		.loc 1 88 5 view .LVU10
  55              		.loc 1 88 16 is_stmt 0 view .LVU11
  56 0006 C46A     		ldr	r4, [r0, #44]
  57              	.LVL1:
  89:Middlewares/ST/usbx/common/usbx_host_classes/src/ux_host_class_audio_streaming_terminal_get.c ****     total_descriptor_length =  audio -> ux_host_class_audio_configuration_descriptor_length;
  58              		.loc 1 89 5 is_stmt 1 view .LVU12
  59              		.loc 1 89 29 is_stmt 0 view .LVU13
  60 0008 066B     		ldr	r6, [r0, #48]
  61              	.LVL2:
  90:Middlewares/ST/usbx/common/usbx_host_classes/src/ux_host_class_audio_streaming_terminal_get.c ****     
  91:Middlewares/ST/usbx/common/usbx_host_classes/src/ux_host_class_audio_streaming_terminal_get.c ****     /* Default is Interface descriptor not yet found.  */    
  92:Middlewares/ST/usbx/common/usbx_host_classes/src/ux_host_class_audio_streaming_terminal_get.c ****     descriptor_found =  UX_FALSE;
  62              		.loc 1 92 5 is_stmt 1 view .LVU14
  93:Middlewares/ST/usbx/common/usbx_host_classes/src/ux_host_class_audio_streaming_terminal_get.c ****     audio -> ux_host_class_audio_terminal_link =  0xffffffff;
  63              		.loc 1 93 5 view .LVU15
  64              		.loc 1 93 48 is_stmt 0 view .LVU16
  65 000a 4FF0FF33 		mov	r3, #-1
  66 000e 4362     		str	r3, [r0, #36]
  94:Middlewares/ST/usbx/common/usbx_host_classes/src/ux_host_class_audio_streaming_terminal_get.c ****     
  95:Middlewares/ST/usbx/common/usbx_host_classes/src/ux_host_class_audio_streaming_terminal_get.c ****     /* Scan the descriptor for the Audio Streaming interface.  */
  96:Middlewares/ST/usbx/common/usbx_host_classes/src/ux_host_class_audio_streaming_terminal_get.c ****     while (total_descriptor_length)
  67              		.loc 1 96 5 is_stmt 1 view .LVU17
  92:Middlewares/ST/usbx/common/usbx_host_classes/src/ux_host_class_audio_streaming_terminal_get.c ****     audio -> ux_host_class_audio_terminal_link =  0xffffffff;
  68              		.loc 1 92 22 is_stmt 0 view .LVU18
  69 0010 0022     		movs	r2, #0
  70              		.loc 1 96 11 view .LVU19
  71 0012 21E0     		b	.L2
  72              	.LVL3:
  73              	.L16:
  97:Middlewares/ST/usbx/common/usbx_host_classes/src/ux_host_class_audio_streaming_terminal_get.c ****     {
  98:Middlewares/ST/usbx/common/usbx_host_classes/src/ux_host_class_audio_streaming_terminal_get.c **** 
ARM GAS  /tmp/ccUQ1wq7.s 			page 4


  99:Middlewares/ST/usbx/common/usbx_host_classes/src/ux_host_class_audio_streaming_terminal_get.c ****         /* Gather the length, type and subtype of the descriptor.  */
 100:Middlewares/ST/usbx/common/usbx_host_classes/src/ux_host_class_audio_streaming_terminal_get.c ****         descriptor_length =   *descriptor;
 101:Middlewares/ST/usbx/common/usbx_host_classes/src/ux_host_class_audio_streaming_terminal_get.c ****         descriptor_type =     *(descriptor + 1);
 102:Middlewares/ST/usbx/common/usbx_host_classes/src/ux_host_class_audio_streaming_terminal_get.c ****         descriptor_subtype =  *(descriptor + 2);
 103:Middlewares/ST/usbx/common/usbx_host_classes/src/ux_host_class_audio_streaming_terminal_get.c **** 
 104:Middlewares/ST/usbx/common/usbx_host_classes/src/ux_host_class_audio_streaming_terminal_get.c ****         /* Make sure this descriptor has at least the minimum length.  */
 105:Middlewares/ST/usbx/common/usbx_host_classes/src/ux_host_class_audio_streaming_terminal_get.c ****         if (descriptor_length < 3)
 106:Middlewares/ST/usbx/common/usbx_host_classes/src/ux_host_class_audio_streaming_terminal_get.c ****         {
 107:Middlewares/ST/usbx/common/usbx_host_classes/src/ux_host_class_audio_streaming_terminal_get.c **** 
 108:Middlewares/ST/usbx/common/usbx_host_classes/src/ux_host_class_audio_streaming_terminal_get.c ****             /* Error trap. */
 109:Middlewares/ST/usbx/common/usbx_host_classes/src/ux_host_class_audio_streaming_terminal_get.c ****             _ux_system_error_handler(UX_SYSTEM_LEVEL_THREAD, UX_SYSTEM_CONTEXT_CLASS, UX_DESCRIPTOR
  74              		.loc 1 109 13 is_stmt 1 view .LVU20
  75 0014 4222     		movs	r2, #66
  76              	.LVL4:
  77              		.loc 1 109 13 is_stmt 0 view .LVU21
  78 0016 0721     		movs	r1, #7
  79              	.LVL5:
  80              		.loc 1 109 13 view .LVU22
  81 0018 0220     		movs	r0, #2
  82 001a FFF7FEFF 		bl	_ux_system_error_handler
  83              	.LVL6:
 110:Middlewares/ST/usbx/common/usbx_host_classes/src/ux_host_class_audio_streaming_terminal_get.c **** 
 111:Middlewares/ST/usbx/common/usbx_host_classes/src/ux_host_class_audio_streaming_terminal_get.c ****             /* If trace is enabled, insert this event into the trace buffer.  */
 112:Middlewares/ST/usbx/common/usbx_host_classes/src/ux_host_class_audio_streaming_terminal_get.c ****             UX_TRACE_IN_LINE_INSERT(UX_TRACE_ERROR, UX_DESCRIPTOR_CORRUPTED, descriptor, 0, 0, UX_T
  84              		.loc 1 112 13 is_stmt 1 view .LVU23
  85 001e 0023     		movs	r3, #0
  86 0020 0393     		str	r3, [sp, #12]
  87 0022 0293     		str	r3, [sp, #8]
  88 0024 4FF08072 		mov	r2, #16777216
  89 0028 0192     		str	r2, [sp, #4]
  90 002a 0093     		str	r3, [sp]
  91 002c 2246     		mov	r2, r4
  92 002e 4221     		movs	r1, #66
  93 0030 40F2E730 		movw	r0, #999
  94 0034 FFF7FEFF 		bl	_ux_trace_event_insert
  95              	.LVL7:
 113:Middlewares/ST/usbx/common/usbx_host_classes/src/ux_host_class_audio_streaming_terminal_get.c **** 
 114:Middlewares/ST/usbx/common/usbx_host_classes/src/ux_host_class_audio_streaming_terminal_get.c ****             return(UX_DESCRIPTOR_CORRUPTED);
  96              		.loc 1 114 13 view .LVU24
  97              		.loc 1 114 19 is_stmt 0 view .LVU25
  98 0038 4220     		movs	r0, #66
  99 003a 4CE0     		b	.L1
 100              	.LVL8:
 101              	.L5:
 115:Middlewares/ST/usbx/common/usbx_host_classes/src/ux_host_class_audio_streaming_terminal_get.c ****         }
 116:Middlewares/ST/usbx/common/usbx_host_classes/src/ux_host_class_audio_streaming_terminal_get.c ****         
 117:Middlewares/ST/usbx/common/usbx_host_classes/src/ux_host_class_audio_streaming_terminal_get.c ****         /* Process relative to the descriptor type.  */
 118:Middlewares/ST/usbx/common/usbx_host_classes/src/ux_host_class_audio_streaming_terminal_get.c ****         switch(descriptor_type)
 119:Middlewares/ST/usbx/common/usbx_host_classes/src/ux_host_class_audio_streaming_terminal_get.c ****         {
 120:Middlewares/ST/usbx/common/usbx_host_classes/src/ux_host_class_audio_streaming_terminal_get.c **** 
 121:Middlewares/ST/usbx/common/usbx_host_classes/src/ux_host_class_audio_streaming_terminal_get.c **** 
 122:Middlewares/ST/usbx/common/usbx_host_classes/src/ux_host_class_audio_streaming_terminal_get.c ****         case UX_INTERFACE_DESCRIPTOR_ITEM:
 123:Middlewares/ST/usbx/common/usbx_host_classes/src/ux_host_class_audio_streaming_terminal_get.c **** 
 124:Middlewares/ST/usbx/common/usbx_host_classes/src/ux_host_class_audio_streaming_terminal_get.c ****             /* Parse the interface descriptor and make it machine independent.  */
 125:Middlewares/ST/usbx/common/usbx_host_classes/src/ux_host_class_audio_streaming_terminal_get.c ****             _ux_utility_descriptor_parse(descriptor, _ux_system_interface_descriptor_structure,
 102              		.loc 1 125 13 is_stmt 1 view .LVU26
 103 003c 0BAB     		add	r3, sp, #44
ARM GAS  /tmp/ccUQ1wq7.s 			page 5


 104              	.LVL9:
 105              		.loc 1 125 13 is_stmt 0 view .LVU27
 106 003e 0922     		movs	r2, #9
 107              	.LVL10:
 108              		.loc 1 125 13 view .LVU28
 109 0040 2649     		ldr	r1, .L18
 110              	.LVL11:
 111              		.loc 1 125 13 view .LVU29
 112 0042 2046     		mov	r0, r4
 113 0044 FFF7FEFF 		bl	_ux_utility_descriptor_parse
 114              	.LVL12:
 126:Middlewares/ST/usbx/common/usbx_host_classes/src/ux_host_class_audio_streaming_terminal_get.c ****                                             UX_INTERFACE_DESCRIPTOR_ENTRIES, (UCHAR *) &interface_d
 127:Middlewares/ST/usbx/common/usbx_host_classes/src/ux_host_class_audio_streaming_terminal_get.c **** 
 128:Middlewares/ST/usbx/common/usbx_host_classes/src/ux_host_class_audio_streaming_terminal_get.c ****             /* Ensure we have the correct interface for Audio streaming.  */
 129:Middlewares/ST/usbx/common/usbx_host_classes/src/ux_host_class_audio_streaming_terminal_get.c ****             if ((interface_descriptor.bInterfaceClass == UX_HOST_CLASS_AUDIO_CLASS) &&
 115              		.loc 1 129 13 is_stmt 1 view .LVU30
 116              		.loc 1 129 38 is_stmt 0 view .LVU31
 117 0048 109A     		ldr	r2, [sp, #64]
 118              		.loc 1 129 16 view .LVU32
 119 004a 012A     		cmp	r2, #1
 120 004c 1DD0     		beq	.L13
 130:Middlewares/ST/usbx/common/usbx_host_classes/src/ux_host_class_audio_streaming_terminal_get.c ****                 (interface_descriptor.bInterfaceSubClass == UX_HOST_CLASS_AUDIO_SUBCLASS_STREAMING)
 131:Middlewares/ST/usbx/common/usbx_host_classes/src/ux_host_class_audio_streaming_terminal_get.c ****                 (interface_descriptor.bInterfaceNumber == audio -> ux_host_class_audio_streaming_in
 132:Middlewares/ST/usbx/common/usbx_host_classes/src/ux_host_class_audio_streaming_terminal_get.c ****                 
 133:Middlewares/ST/usbx/common/usbx_host_classes/src/ux_host_class_audio_streaming_terminal_get.c ****                 /* Mark we have found it.  */
 134:Middlewares/ST/usbx/common/usbx_host_classes/src/ux_host_class_audio_streaming_terminal_get.c ****                 descriptor_found =  UX_TRUE;
 135:Middlewares/ST/usbx/common/usbx_host_classes/src/ux_host_class_audio_streaming_terminal_get.c ****             else
 136:Middlewares/ST/usbx/common/usbx_host_classes/src/ux_host_class_audio_streaming_terminal_get.c ****             
 137:Middlewares/ST/usbx/common/usbx_host_classes/src/ux_host_class_audio_streaming_terminal_get.c ****                 descriptor_found =  UX_FALSE;
 121              		.loc 1 137 34 view .LVU33
 122 004e 0022     		movs	r2, #0
 123              	.L7:
 124              	.LVL13:
 138:Middlewares/ST/usbx/common/usbx_host_classes/src/ux_host_class_audio_streaming_terminal_get.c ****             break;
 139:Middlewares/ST/usbx/common/usbx_host_classes/src/ux_host_class_audio_streaming_terminal_get.c ****                 
 140:Middlewares/ST/usbx/common/usbx_host_classes/src/ux_host_class_audio_streaming_terminal_get.c ****      
 141:Middlewares/ST/usbx/common/usbx_host_classes/src/ux_host_class_audio_streaming_terminal_get.c ****         case UX_HOST_CLASS_AUDIO_CS_INTERFACE:
 142:Middlewares/ST/usbx/common/usbx_host_classes/src/ux_host_class_audio_streaming_terminal_get.c **** 
 143:Middlewares/ST/usbx/common/usbx_host_classes/src/ux_host_class_audio_streaming_terminal_get.c ****             /* First make sure we have found the correct generic interface descriptor.  */
 144:Middlewares/ST/usbx/common/usbx_host_classes/src/ux_host_class_audio_streaming_terminal_get.c ****             if (descriptor_found == UX_TRUE)
 145:Middlewares/ST/usbx/common/usbx_host_classes/src/ux_host_class_audio_streaming_terminal_get.c ****             {
 146:Middlewares/ST/usbx/common/usbx_host_classes/src/ux_host_class_audio_streaming_terminal_get.c **** 
 147:Middlewares/ST/usbx/common/usbx_host_classes/src/ux_host_class_audio_streaming_terminal_get.c ****                 /* Check the sub type.  */
 148:Middlewares/ST/usbx/common/usbx_host_classes/src/ux_host_class_audio_streaming_terminal_get.c ****                 switch(descriptor_subtype)
 149:Middlewares/ST/usbx/common/usbx_host_classes/src/ux_host_class_audio_streaming_terminal_get.c ****                 {
 150:Middlewares/ST/usbx/common/usbx_host_classes/src/ux_host_class_audio_streaming_terminal_get.c **** 
 151:Middlewares/ST/usbx/common/usbx_host_classes/src/ux_host_class_audio_streaming_terminal_get.c **** 
 152:Middlewares/ST/usbx/common/usbx_host_classes/src/ux_host_class_audio_streaming_terminal_get.c ****                 case UX_HOST_CLASS_AUDIO_CS_AS_GENERAL:
 153:Middlewares/ST/usbx/common/usbx_host_classes/src/ux_host_class_audio_streaming_terminal_get.c ****                         
 154:Middlewares/ST/usbx/common/usbx_host_classes/src/ux_host_class_audio_streaming_terminal_get.c ****                     /* Make the descriptor machine independent.  */
 155:Middlewares/ST/usbx/common/usbx_host_classes/src/ux_host_class_audio_streaming_terminal_get.c ****                     _ux_utility_descriptor_parse(descriptor, _ux_system_class_audio_streaming_inter
 156:Middlewares/ST/usbx/common/usbx_host_classes/src/ux_host_class_audio_streaming_terminal_get.c ****                                             UX_HOST_CLASS_AUDIO_STREAMING_INTERFACE_DESCRIPTOR_ENTR
 157:Middlewares/ST/usbx/common/usbx_host_classes/src/ux_host_class_audio_streaming_terminal_get.c ****                     
 158:Middlewares/ST/usbx/common/usbx_host_classes/src/ux_host_class_audio_streaming_terminal_get.c ****                     /* Save the terminal link.  */
 159:Middlewares/ST/usbx/common/usbx_host_classes/src/ux_host_class_audio_streaming_terminal_get.c ****                     audio -> ux_host_class_audio_terminal_link =  streaming_interface_descriptor.bT
 160:Middlewares/ST/usbx/common/usbx_host_classes/src/ux_host_class_audio_streaming_terminal_get.c ****                     return(UX_SUCCESS);
 161:Middlewares/ST/usbx/common/usbx_host_classes/src/ux_host_class_audio_streaming_terminal_get.c ****                 }
ARM GAS  /tmp/ccUQ1wq7.s 			page 6


 162:Middlewares/ST/usbx/common/usbx_host_classes/src/ux_host_class_audio_streaming_terminal_get.c ****             }
 163:Middlewares/ST/usbx/common/usbx_host_classes/src/ux_host_class_audio_streaming_terminal_get.c ****             break;
 164:Middlewares/ST/usbx/common/usbx_host_classes/src/ux_host_class_audio_streaming_terminal_get.c ****         }       
 165:Middlewares/ST/usbx/common/usbx_host_classes/src/ux_host_class_audio_streaming_terminal_get.c **** 
 166:Middlewares/ST/usbx/common/usbx_host_classes/src/ux_host_class_audio_streaming_terminal_get.c ****         /* Verify if the descriptor is still valid.  */
 167:Middlewares/ST/usbx/common/usbx_host_classes/src/ux_host_class_audio_streaming_terminal_get.c ****         if (descriptor_length > total_descriptor_length)
 125              		.loc 1 167 9 is_stmt 1 view .LVU34
 126              		.loc 1 167 12 is_stmt 0 view .LVU35
 127 0050 AE42     		cmp	r6, r5
 128 0052 26D3     		bcc	.L14
 168:Middlewares/ST/usbx/common/usbx_host_classes/src/ux_host_class_audio_streaming_terminal_get.c ****         {
 169:Middlewares/ST/usbx/common/usbx_host_classes/src/ux_host_class_audio_streaming_terminal_get.c **** 
 170:Middlewares/ST/usbx/common/usbx_host_classes/src/ux_host_class_audio_streaming_terminal_get.c ****             /* Error trap. */
 171:Middlewares/ST/usbx/common/usbx_host_classes/src/ux_host_class_audio_streaming_terminal_get.c ****             _ux_system_error_handler(UX_SYSTEM_LEVEL_THREAD, UX_SYSTEM_CONTEXT_CLASS, UX_DESCRIPTOR
 172:Middlewares/ST/usbx/common/usbx_host_classes/src/ux_host_class_audio_streaming_terminal_get.c **** 
 173:Middlewares/ST/usbx/common/usbx_host_classes/src/ux_host_class_audio_streaming_terminal_get.c ****             /* If trace is enabled, insert this event into the trace buffer.  */
 174:Middlewares/ST/usbx/common/usbx_host_classes/src/ux_host_class_audio_streaming_terminal_get.c ****             UX_TRACE_IN_LINE_INSERT(UX_TRACE_ERROR, UX_DESCRIPTOR_CORRUPTED, descriptor, 0, 0, UX_T
 175:Middlewares/ST/usbx/common/usbx_host_classes/src/ux_host_class_audio_streaming_terminal_get.c **** 
 176:Middlewares/ST/usbx/common/usbx_host_classes/src/ux_host_class_audio_streaming_terminal_get.c ****             return(UX_DESCRIPTOR_CORRUPTED);
 177:Middlewares/ST/usbx/common/usbx_host_classes/src/ux_host_class_audio_streaming_terminal_get.c ****         }            
 178:Middlewares/ST/usbx/common/usbx_host_classes/src/ux_host_class_audio_streaming_terminal_get.c **** 
 179:Middlewares/ST/usbx/common/usbx_host_classes/src/ux_host_class_audio_streaming_terminal_get.c ****         /* Jump to the next descriptor if we have not reached the end.  */
 180:Middlewares/ST/usbx/common/usbx_host_classes/src/ux_host_class_audio_streaming_terminal_get.c ****         descriptor +=  descriptor_length;
 129              		.loc 1 180 9 is_stmt 1 view .LVU36
 130              		.loc 1 180 20 is_stmt 0 view .LVU37
 131 0054 2C44     		add	r4, r4, r5
 132              	.LVL14:
 181:Middlewares/ST/usbx/common/usbx_host_classes/src/ux_host_class_audio_streaming_terminal_get.c **** 
 182:Middlewares/ST/usbx/common/usbx_host_classes/src/ux_host_class_audio_streaming_terminal_get.c ****         /* And adjust the length left to parse in the descriptor.  */
 183:Middlewares/ST/usbx/common/usbx_host_classes/src/ux_host_class_audio_streaming_terminal_get.c ****         total_descriptor_length -=  descriptor_length;
 133              		.loc 1 183 9 is_stmt 1 view .LVU38
 134              		.loc 1 183 33 is_stmt 0 view .LVU39
 135 0056 761B     		subs	r6, r6, r5
 136              	.LVL15:
 137              	.L2:
  96:Middlewares/ST/usbx/common/usbx_host_classes/src/ux_host_class_audio_streaming_terminal_get.c ****     {
 138              		.loc 1 96 12 is_stmt 1 view .LVU40
 139 0058 002E     		cmp	r6, #0
 140 005a 36D0     		beq	.L15
 100:Middlewares/ST/usbx/common/usbx_host_classes/src/ux_host_class_audio_streaming_terminal_get.c ****         descriptor_type =     *(descriptor + 1);
 141              		.loc 1 100 9 view .LVU41
 100:Middlewares/ST/usbx/common/usbx_host_classes/src/ux_host_class_audio_streaming_terminal_get.c ****         descriptor_type =     *(descriptor + 1);
 142              		.loc 1 100 31 is_stmt 0 view .LVU42
 143 005c 2578     		ldrb	r5, [r4]	@ zero_extendqisi2
 144              	.LVL16:
 101:Middlewares/ST/usbx/common/usbx_host_classes/src/ux_host_class_audio_streaming_terminal_get.c ****         descriptor_subtype =  *(descriptor + 2);
 145              		.loc 1 101 9 is_stmt 1 view .LVU43
 101:Middlewares/ST/usbx/common/usbx_host_classes/src/ux_host_class_audio_streaming_terminal_get.c ****         descriptor_subtype =  *(descriptor + 2);
 146              		.loc 1 101 31 is_stmt 0 view .LVU44
 147 005e 6378     		ldrb	r3, [r4, #1]	@ zero_extendqisi2
 148              	.LVL17:
 102:Middlewares/ST/usbx/common/usbx_host_classes/src/ux_host_class_audio_streaming_terminal_get.c **** 
 149              		.loc 1 102 9 is_stmt 1 view .LVU45
 102:Middlewares/ST/usbx/common/usbx_host_classes/src/ux_host_class_audio_streaming_terminal_get.c **** 
 150              		.loc 1 102 31 is_stmt 0 view .LVU46
 151 0060 A178     		ldrb	r1, [r4, #2]	@ zero_extendqisi2
 152              	.LVL18:
ARM GAS  /tmp/ccUQ1wq7.s 			page 7


 105:Middlewares/ST/usbx/common/usbx_host_classes/src/ux_host_class_audio_streaming_terminal_get.c ****         {
 153              		.loc 1 105 9 is_stmt 1 view .LVU47
 105:Middlewares/ST/usbx/common/usbx_host_classes/src/ux_host_class_audio_streaming_terminal_get.c ****         {
 154              		.loc 1 105 12 is_stmt 0 view .LVU48
 155 0062 022D     		cmp	r5, #2
 156 0064 D6D9     		bls	.L16
 118:Middlewares/ST/usbx/common/usbx_host_classes/src/ux_host_class_audio_streaming_terminal_get.c ****         {
 157              		.loc 1 118 9 is_stmt 1 view .LVU49
 158 0066 042B     		cmp	r3, #4
 159 0068 E8D0     		beq	.L5
 160 006a 242B     		cmp	r3, #36
 161 006c F0D1     		bne	.L7
 144:Middlewares/ST/usbx/common/usbx_host_classes/src/ux_host_class_audio_streaming_terminal_get.c ****             {
 162              		.loc 1 144 13 view .LVU50
 144:Middlewares/ST/usbx/common/usbx_host_classes/src/ux_host_class_audio_streaming_terminal_get.c ****             {
 163              		.loc 1 144 16 is_stmt 0 view .LVU51
 164 006e 012A     		cmp	r2, #1
 165 0070 EED1     		bne	.L7
 148:Middlewares/ST/usbx/common/usbx_host_classes/src/ux_host_class_audio_streaming_terminal_get.c ****                 {
 166              		.loc 1 148 17 is_stmt 1 view .LVU52
 167 0072 0129     		cmp	r1, #1
 168 0074 ECD1     		bne	.L7
 155:Middlewares/ST/usbx/common/usbx_host_classes/src/ux_host_class_audio_streaming_terminal_get.c ****                                             UX_HOST_CLASS_AUDIO_STREAMING_INTERFACE_DESCRIPTOR_ENTR
 169              		.loc 1 155 21 view .LVU53
 170 0076 05AB     		add	r3, sp, #20
 171              	.LVL19:
 155:Middlewares/ST/usbx/common/usbx_host_classes/src/ux_host_class_audio_streaming_terminal_get.c ****                                             UX_HOST_CLASS_AUDIO_STREAMING_INTERFACE_DESCRIPTOR_ENTR
 172              		.loc 1 155 21 is_stmt 0 view .LVU54
 173 0078 0622     		movs	r2, #6
 174              	.LVL20:
 155:Middlewares/ST/usbx/common/usbx_host_classes/src/ux_host_class_audio_streaming_terminal_get.c ****                                             UX_HOST_CLASS_AUDIO_STREAMING_INTERFACE_DESCRIPTOR_ENTR
 175              		.loc 1 155 21 view .LVU55
 176 007a 1949     		ldr	r1, .L18+4
 177              	.LVL21:
 155:Middlewares/ST/usbx/common/usbx_host_classes/src/ux_host_class_audio_streaming_terminal_get.c ****                                             UX_HOST_CLASS_AUDIO_STREAMING_INTERFACE_DESCRIPTOR_ENTR
 178              		.loc 1 155 21 view .LVU56
 179 007c 2046     		mov	r0, r4
 180 007e FFF7FEFF 		bl	_ux_utility_descriptor_parse
 181              	.LVL22:
 159:Middlewares/ST/usbx/common/usbx_host_classes/src/ux_host_class_audio_streaming_terminal_get.c ****                     return(UX_SUCCESS);
 182              		.loc 1 159 21 is_stmt 1 view .LVU57
 159:Middlewares/ST/usbx/common/usbx_host_classes/src/ux_host_class_audio_streaming_terminal_get.c ****                     return(UX_SUCCESS);
 183              		.loc 1 159 97 is_stmt 0 view .LVU58
 184 0082 089B     		ldr	r3, [sp, #32]
 159:Middlewares/ST/usbx/common/usbx_host_classes/src/ux_host_class_audio_streaming_terminal_get.c ****                     return(UX_SUCCESS);
 185              		.loc 1 159 64 view .LVU59
 186 0084 7B62     		str	r3, [r7, #36]
 160:Middlewares/ST/usbx/common/usbx_host_classes/src/ux_host_class_audio_streaming_terminal_get.c ****                 }
 187              		.loc 1 160 21 is_stmt 1 view .LVU60
 160:Middlewares/ST/usbx/common/usbx_host_classes/src/ux_host_class_audio_streaming_terminal_get.c ****                 }
 188              		.loc 1 160 27 is_stmt 0 view .LVU61
 189 0086 0020     		movs	r0, #0
 190 0088 25E0     		b	.L1
 191              	.L13:
 130:Middlewares/ST/usbx/common/usbx_host_classes/src/ux_host_class_audio_streaming_terminal_get.c ****                 (interface_descriptor.bInterfaceNumber == audio -> ux_host_class_audio_streaming_in
 192              		.loc 1 130 38 view .LVU62
 193 008a 119B     		ldr	r3, [sp, #68]
ARM GAS  /tmp/ccUQ1wq7.s 			page 8


 129:Middlewares/ST/usbx/common/usbx_host_classes/src/ux_host_class_audio_streaming_terminal_get.c ****                 (interface_descriptor.bInterfaceSubClass == UX_HOST_CLASS_AUDIO_SUBCLASS_STREAMING)
 194              		.loc 1 129 85 discriminator 1 view .LVU63
 195 008c 022B     		cmp	r3, #2
 196 008e 01D0     		beq	.L17
 137:Middlewares/ST/usbx/common/usbx_host_classes/src/ux_host_class_audio_streaming_terminal_get.c ****             break;
 197              		.loc 1 137 34 view .LVU64
 198 0090 0022     		movs	r2, #0
 199 0092 DDE7     		b	.L7
 200              	.L17:
 131:Middlewares/ST/usbx/common/usbx_host_classes/src/ux_host_class_audio_streaming_terminal_get.c ****                 
 201              		.loc 1 131 65 view .LVU65
 202 0094 FB68     		ldr	r3, [r7, #12]
 131:Middlewares/ST/usbx/common/usbx_host_classes/src/ux_host_class_audio_streaming_terminal_get.c ****                 
 203              		.loc 1 131 134 view .LVU66
 204 0096 5B69     		ldr	r3, [r3, #20]
 130:Middlewares/ST/usbx/common/usbx_host_classes/src/ux_host_class_audio_streaming_terminal_get.c ****                 (interface_descriptor.bInterfaceNumber == audio -> ux_host_class_audio_streaming_in
 205              		.loc 1 130 101 view .LVU67
 206 0098 0D99     		ldr	r1, [sp, #52]
 207 009a 9942     		cmp	r1, r3
 208 009c D8D0     		beq	.L7
 137:Middlewares/ST/usbx/common/usbx_host_classes/src/ux_host_class_audio_streaming_terminal_get.c ****             break;
 209              		.loc 1 137 34 view .LVU68
 210 009e 0022     		movs	r2, #0
 211 00a0 D6E7     		b	.L7
 212              	.LVL23:
 213              	.L14:
 171:Middlewares/ST/usbx/common/usbx_host_classes/src/ux_host_class_audio_streaming_terminal_get.c **** 
 214              		.loc 1 171 13 is_stmt 1 view .LVU69
 215 00a2 4222     		movs	r2, #66
 216              	.LVL24:
 171:Middlewares/ST/usbx/common/usbx_host_classes/src/ux_host_class_audio_streaming_terminal_get.c **** 
 217              		.loc 1 171 13 is_stmt 0 view .LVU70
 218 00a4 0721     		movs	r1, #7
 219 00a6 0220     		movs	r0, #2
 220 00a8 FFF7FEFF 		bl	_ux_system_error_handler
 221              	.LVL25:
 174:Middlewares/ST/usbx/common/usbx_host_classes/src/ux_host_class_audio_streaming_terminal_get.c **** 
 222              		.loc 1 174 13 is_stmt 1 view .LVU71
 223 00ac 0023     		movs	r3, #0
 224 00ae 0393     		str	r3, [sp, #12]
 225 00b0 0293     		str	r3, [sp, #8]
 226 00b2 4FF08072 		mov	r2, #16777216
 227 00b6 0192     		str	r2, [sp, #4]
 228 00b8 0093     		str	r3, [sp]
 229 00ba 2246     		mov	r2, r4
 230 00bc 4221     		movs	r1, #66
 231 00be 40F2E730 		movw	r0, #999
 232 00c2 FFF7FEFF 		bl	_ux_trace_event_insert
 233              	.LVL26:
 176:Middlewares/ST/usbx/common/usbx_host_classes/src/ux_host_class_audio_streaming_terminal_get.c ****         }            
 234              		.loc 1 176 13 view .LVU72
 176:Middlewares/ST/usbx/common/usbx_host_classes/src/ux_host_class_audio_streaming_terminal_get.c ****         }            
 235              		.loc 1 176 19 is_stmt 0 view .LVU73
 236 00c6 4220     		movs	r0, #66
 237 00c8 05E0     		b	.L1
 238              	.LVL27:
 239              	.L15:
ARM GAS  /tmp/ccUQ1wq7.s 			page 9


 184:Middlewares/ST/usbx/common/usbx_host_classes/src/ux_host_class_audio_streaming_terminal_get.c ****     }
 185:Middlewares/ST/usbx/common/usbx_host_classes/src/ux_host_class_audio_streaming_terminal_get.c **** 
 186:Middlewares/ST/usbx/common/usbx_host_classes/src/ux_host_class_audio_streaming_terminal_get.c ****     /* Error trap. */
 187:Middlewares/ST/usbx/common/usbx_host_classes/src/ux_host_class_audio_streaming_terminal_get.c ****     _ux_system_error_handler(UX_SYSTEM_LEVEL_THREAD, UX_SYSTEM_CONTEXT_CLASS, UX_HOST_CLASS_AUDIO_W
 240              		.loc 1 187 5 is_stmt 1 view .LVU74
 241 00ca 8022     		movs	r2, #128
 242              	.LVL28:
 243              		.loc 1 187 5 is_stmt 0 view .LVU75
 244 00cc 0721     		movs	r1, #7
 245 00ce 0220     		movs	r0, #2
 246 00d0 FFF7FEFF 		bl	_ux_system_error_handler
 247              	.LVL29:
 188:Middlewares/ST/usbx/common/usbx_host_classes/src/ux_host_class_audio_streaming_terminal_get.c **** 
 189:Middlewares/ST/usbx/common/usbx_host_classes/src/ux_host_class_audio_streaming_terminal_get.c ****     /* We get here when either the report descriptor has a problem or we could
 190:Middlewares/ST/usbx/common/usbx_host_classes/src/ux_host_class_audio_streaming_terminal_get.c ****        not find the right audio device.  */
 191:Middlewares/ST/usbx/common/usbx_host_classes/src/ux_host_class_audio_streaming_terminal_get.c ****     return(UX_HOST_CLASS_AUDIO_WRONG_TYPE);
 248              		.loc 1 191 5 is_stmt 1 view .LVU76
 249              		.loc 1 191 11 is_stmt 0 view .LVU77
 250 00d4 8020     		movs	r0, #128
 251              	.LVL30:
 252              	.L1:
 192:Middlewares/ST/usbx/common/usbx_host_classes/src/ux_host_class_audio_streaming_terminal_get.c **** }
 253              		.loc 1 192 1 view .LVU78
 254 00d6 15B0     		add	sp, sp, #84
 255              	.LCFI2:
 256              		.cfi_def_cfa_offset 20
 257              		@ sp needed
 258 00d8 F0BD     		pop	{r4, r5, r6, r7, pc}
 259              	.LVL31:
 260              	.L19:
 261              		.loc 1 192 1 view .LVU79
 262 00da 00BF     		.align	2
 263              	.L18:
 264 00dc 00000000 		.word	_ux_system_interface_descriptor_structure
 265 00e0 00000000 		.word	_ux_system_class_audio_streaming_interface_descriptor_structure
 266              		.cfi_endproc
 267              	.LFE11:
 269              		.text
 270              	.Letext0:
 271              		.file 2 "Middlewares/ST/threadx/ports/cortex_m7/gnu/inc/tx_port.h"
 272              		.file 3 "Middlewares/ST/threadx/common/inc/tx_api.h"
 273              		.file 4 "Middlewares/ST/threadx/common/inc/tx_trace.h"
 274              		.file 5 "Middlewares/ST/usbx/common/core/inc/ux_api.h"
 275              		.file 6 "Middlewares/ST/usbx/common/core/inc/ux_system.h"
 276              		.file 7 "Middlewares/ST/usbx/common/usbx_host_classes/inc/ux_host_class_audio.h"
 277              		.file 8 "Middlewares/ST/usbx/common/core/inc/ux_utility.h"
ARM GAS  /tmp/ccUQ1wq7.s 			page 10


DEFINED SYMBOLS
                            *ABS*:00000000 ux_host_class_audio_streaming_terminal_get.c
     /tmp/ccUQ1wq7.s:20     .text._ux_host_class_audio_streaming_terminal_get:00000000 $t
     /tmp/ccUQ1wq7.s:26     .text._ux_host_class_audio_streaming_terminal_get:00000000 _ux_host_class_audio_streaming_terminal_get
     /tmp/ccUQ1wq7.s:264    .text._ux_host_class_audio_streaming_terminal_get:000000dc $d

UNDEFINED SYMBOLS
_ux_system_error_handler
_ux_trace_event_insert
_ux_utility_descriptor_parse
_ux_system_interface_descriptor_structure
_ux_system_class_audio_streaming_interface_descriptor_structure
