ARM GAS  /tmp/ccg4AmKB.s 			page 1


   1              		.cpu cortex-m7
   2              		.arch armv7e-m
   3              		.fpu fpv5-d16
   4              		.eabi_attribute 28, 1
   5              		.eabi_attribute 20, 1
   6              		.eabi_attribute 21, 1
   7              		.eabi_attribute 23, 3
   8              		.eabi_attribute 24, 1
   9              		.eabi_attribute 25, 1
  10              		.eabi_attribute 26, 1
  11              		.eabi_attribute 30, 1
  12              		.eabi_attribute 34, 1
  13              		.eabi_attribute 18, 4
  14              		.file	"ux_host_class_storage_media_write.c"
  15              		.text
  16              	.Ltext0:
  17              		.cfi_sections	.debug_frame
  18              		.file 1 "Middlewares/ST/usbx/common/usbx_host_classes/src/ux_host_class_storage_media_write.c"
  19              		.section	.text._ux_host_class_storage_write_initialize,"ax",%progbits
  20              		.align	1
  21              		.syntax unified
  22              		.thumb
  23              		.thumb_func
  25              	_ux_host_class_storage_write_initialize:
  26              	.LVL0:
  27              	.LFB11:
   1:Middlewares/ST/usbx/common/usbx_host_classes/src/ux_host_class_storage_media_write.c **** /**************************************************************************/
   2:Middlewares/ST/usbx/common/usbx_host_classes/src/ux_host_class_storage_media_write.c **** /*                                                                        */
   3:Middlewares/ST/usbx/common/usbx_host_classes/src/ux_host_class_storage_media_write.c **** /*       Copyright (c) Microsoft Corporation. All rights reserved.        */
   4:Middlewares/ST/usbx/common/usbx_host_classes/src/ux_host_class_storage_media_write.c **** /*                                                                        */
   5:Middlewares/ST/usbx/common/usbx_host_classes/src/ux_host_class_storage_media_write.c **** /*       This software is licensed under the Microsoft Software License   */
   6:Middlewares/ST/usbx/common/usbx_host_classes/src/ux_host_class_storage_media_write.c **** /*       Terms for Microsoft Azure RTOS. Full text of the license can be  */
   7:Middlewares/ST/usbx/common/usbx_host_classes/src/ux_host_class_storage_media_write.c **** /*       found in the LICENSE file at https://aka.ms/AzureRTOS_EULA       */
   8:Middlewares/ST/usbx/common/usbx_host_classes/src/ux_host_class_storage_media_write.c **** /*       and in the root directory of this software.                      */
   9:Middlewares/ST/usbx/common/usbx_host_classes/src/ux_host_class_storage_media_write.c **** /*                                                                        */
  10:Middlewares/ST/usbx/common/usbx_host_classes/src/ux_host_class_storage_media_write.c **** /**************************************************************************/
  11:Middlewares/ST/usbx/common/usbx_host_classes/src/ux_host_class_storage_media_write.c **** 
  12:Middlewares/ST/usbx/common/usbx_host_classes/src/ux_host_class_storage_media_write.c **** 
  13:Middlewares/ST/usbx/common/usbx_host_classes/src/ux_host_class_storage_media_write.c **** /**************************************************************************/
  14:Middlewares/ST/usbx/common/usbx_host_classes/src/ux_host_class_storage_media_write.c **** /**************************************************************************/
  15:Middlewares/ST/usbx/common/usbx_host_classes/src/ux_host_class_storage_media_write.c **** /**                                                                       */ 
  16:Middlewares/ST/usbx/common/usbx_host_classes/src/ux_host_class_storage_media_write.c **** /** USBX Component                                                        */ 
  17:Middlewares/ST/usbx/common/usbx_host_classes/src/ux_host_class_storage_media_write.c **** /**                                                                       */
  18:Middlewares/ST/usbx/common/usbx_host_classes/src/ux_host_class_storage_media_write.c **** /**   Storage Class                                                       */
  19:Middlewares/ST/usbx/common/usbx_host_classes/src/ux_host_class_storage_media_write.c **** /**                                                                       */
  20:Middlewares/ST/usbx/common/usbx_host_classes/src/ux_host_class_storage_media_write.c **** /**************************************************************************/
  21:Middlewares/ST/usbx/common/usbx_host_classes/src/ux_host_class_storage_media_write.c **** /**************************************************************************/
  22:Middlewares/ST/usbx/common/usbx_host_classes/src/ux_host_class_storage_media_write.c **** 
  23:Middlewares/ST/usbx/common/usbx_host_classes/src/ux_host_class_storage_media_write.c **** 
  24:Middlewares/ST/usbx/common/usbx_host_classes/src/ux_host_class_storage_media_write.c **** /* Include necessary system files.  */
  25:Middlewares/ST/usbx/common/usbx_host_classes/src/ux_host_class_storage_media_write.c **** 
  26:Middlewares/ST/usbx/common/usbx_host_classes/src/ux_host_class_storage_media_write.c **** #define UX_SOURCE_CODE
  27:Middlewares/ST/usbx/common/usbx_host_classes/src/ux_host_class_storage_media_write.c **** 
  28:Middlewares/ST/usbx/common/usbx_host_classes/src/ux_host_class_storage_media_write.c **** #include "ux_api.h"
  29:Middlewares/ST/usbx/common/usbx_host_classes/src/ux_host_class_storage_media_write.c **** #include "ux_host_class_storage.h"
  30:Middlewares/ST/usbx/common/usbx_host_classes/src/ux_host_class_storage_media_write.c **** #include "ux_host_stack.h"
  31:Middlewares/ST/usbx/common/usbx_host_classes/src/ux_host_class_storage_media_write.c **** 
ARM GAS  /tmp/ccg4AmKB.s 			page 2


  32:Middlewares/ST/usbx/common/usbx_host_classes/src/ux_host_class_storage_media_write.c **** 
  33:Middlewares/ST/usbx/common/usbx_host_classes/src/ux_host_class_storage_media_write.c **** #if defined(UX_HOST_STANDALONE)
  34:Middlewares/ST/usbx/common/usbx_host_classes/src/ux_host_class_storage_media_write.c **** VOID _ux_host_class_storage_write_initialize(UX_HOST_CLASS_STORAGE *storage,
  35:Middlewares/ST/usbx/common/usbx_host_classes/src/ux_host_class_storage_media_write.c ****                 ULONG sector_start, ULONG sector_count);
  36:Middlewares/ST/usbx/common/usbx_host_classes/src/ux_host_class_storage_media_write.c **** 
  37:Middlewares/ST/usbx/common/usbx_host_classes/src/ux_host_class_storage_media_write.c **** VOID
  38:Middlewares/ST/usbx/common/usbx_host_classes/src/ux_host_class_storage_media_write.c **** #else
  39:Middlewares/ST/usbx/common/usbx_host_classes/src/ux_host_class_storage_media_write.c **** static inline VOID
  40:Middlewares/ST/usbx/common/usbx_host_classes/src/ux_host_class_storage_media_write.c **** #endif
  41:Middlewares/ST/usbx/common/usbx_host_classes/src/ux_host_class_storage_media_write.c **** _ux_host_class_storage_write_initialize(UX_HOST_CLASS_STORAGE *storage,
  42:Middlewares/ST/usbx/common/usbx_host_classes/src/ux_host_class_storage_media_write.c ****                 ULONG sector_start, ULONG sector_count)
  43:Middlewares/ST/usbx/common/usbx_host_classes/src/ux_host_class_storage_media_write.c **** {
  28              		.loc 1 43 1 view -0
  29              		.cfi_startproc
  30              		@ args = 0, pretend = 0, frame = 0
  31              		@ frame_needed = 0, uses_anonymous_args = 0
  32              		.loc 1 43 1 is_stmt 0 view .LVU1
  33 0000 70B5     		push	{r4, r5, r6, lr}
  34              	.LCFI0:
  35              		.cfi_def_cfa_offset 16
  36              		.cfi_offset 4, -16
  37              		.cfi_offset 5, -12
  38              		.cfi_offset 6, -8
  39              		.cfi_offset 14, -4
  40 0002 0446     		mov	r4, r0
  41 0004 0E46     		mov	r6, r1
  42 0006 1546     		mov	r5, r2
  44:Middlewares/ST/usbx/common/usbx_host_classes/src/ux_host_class_storage_media_write.c **** UCHAR       *cbw;
  43              		.loc 1 44 1 is_stmt 1 view .LVU2
  45:Middlewares/ST/usbx/common/usbx_host_classes/src/ux_host_class_storage_media_write.c **** UCHAR       *cbw_cb;
  44              		.loc 1 45 1 view .LVU3
  46:Middlewares/ST/usbx/common/usbx_host_classes/src/ux_host_class_storage_media_write.c **** ULONG       command_length;
  45              		.loc 1 46 1 view .LVU4
  47:Middlewares/ST/usbx/common/usbx_host_classes/src/ux_host_class_storage_media_write.c **** 
  48:Middlewares/ST/usbx/common/usbx_host_classes/src/ux_host_class_storage_media_write.c ****     /* Use a pointer for the cbw, easier to manipulate.  */
  49:Middlewares/ST/usbx/common/usbx_host_classes/src/ux_host_class_storage_media_write.c ****     cbw = (UCHAR *)storage -> ux_host_class_storage_cbw;
  46              		.loc 1 49 5 view .LVU5
  47              	.LVL1:
  50:Middlewares/ST/usbx/common/usbx_host_classes/src/ux_host_class_storage_media_write.c ****     cbw_cb = cbw + UX_HOST_CLASS_STORAGE_CBW_CB;
  48              		.loc 1 50 5 view .LVU6
  51:Middlewares/ST/usbx/common/usbx_host_classes/src/ux_host_class_storage_media_write.c **** 
  52:Middlewares/ST/usbx/common/usbx_host_classes/src/ux_host_class_storage_media_write.c ****     /* Get the Write Command Length.  */
  53:Middlewares/ST/usbx/common/usbx_host_classes/src/ux_host_class_storage_media_write.c **** #ifdef UX_HOST_CLASS_STORAGE_INCLUDE_LEGACY_PROTOCOL_SUPPORT
  54:Middlewares/ST/usbx/common/usbx_host_classes/src/ux_host_class_storage_media_write.c ****     if (storage -> ux_host_class_storage_interface -> ux_interface_descriptor.bInterfaceSubClass ==
  55:Middlewares/ST/usbx/common/usbx_host_classes/src/ux_host_class_storage_media_write.c ****         UX_HOST_CLASS_STORAGE_SUBCLASS_UFI)
  56:Middlewares/ST/usbx/common/usbx_host_classes/src/ux_host_class_storage_media_write.c ****         command_length =  UX_HOST_CLASS_STORAGE_WRITE_COMMAND_LENGTH_UFI;
  57:Middlewares/ST/usbx/common/usbx_host_classes/src/ux_host_class_storage_media_write.c ****     else
  58:Middlewares/ST/usbx/common/usbx_host_classes/src/ux_host_class_storage_media_write.c ****         command_length =  UX_HOST_CLASS_STORAGE_WRITE_COMMAND_LENGTH_SBC;
  59:Middlewares/ST/usbx/common/usbx_host_classes/src/ux_host_class_storage_media_write.c **** #else
  60:Middlewares/ST/usbx/common/usbx_host_classes/src/ux_host_class_storage_media_write.c ****     command_length =  UX_HOST_CLASS_STORAGE_WRITE_COMMAND_LENGTH_SBC;
  49              		.loc 1 60 5 view .LVU7
  61:Middlewares/ST/usbx/common/usbx_host_classes/src/ux_host_class_storage_media_write.c **** #endif
  62:Middlewares/ST/usbx/common/usbx_host_classes/src/ux_host_class_storage_media_write.c **** 
  63:Middlewares/ST/usbx/common/usbx_host_classes/src/ux_host_class_storage_media_write.c ****     /* Initialize the CBW for this command.  */
  64:Middlewares/ST/usbx/common/usbx_host_classes/src/ux_host_class_storage_media_write.c ****     _ux_host_class_storage_cbw_initialize(storage, UX_HOST_CLASS_STORAGE_DATA_OUT,
  50              		.loc 1 64 5 view .LVU8
  65:Middlewares/ST/usbx/common/usbx_host_classes/src/ux_host_class_storage_media_write.c ****                                     sector_count * storage -> ux_host_class_storage_sector_size,
ARM GAS  /tmp/ccg4AmKB.s 			page 3


  51              		.loc 1 65 60 is_stmt 0 view .LVU9
  52 0008 D0F88820 		ldr	r2, [r0, #136]
  53              	.LVL2:
  64:Middlewares/ST/usbx/common/usbx_host_classes/src/ux_host_class_storage_media_write.c ****                                     sector_count * storage -> ux_host_class_storage_sector_size,
  54              		.loc 1 64 5 view .LVU10
  55 000c 0A23     		movs	r3, #10
  56 000e 05FB02F2 		mul	r2, r5, r2
  57 0012 0021     		movs	r1, #0
  58              	.LVL3:
  64:Middlewares/ST/usbx/common/usbx_host_classes/src/ux_host_class_storage_media_write.c ****                                     sector_count * storage -> ux_host_class_storage_sector_size,
  59              		.loc 1 64 5 view .LVU11
  60 0014 FFF7FEFF 		bl	_ux_host_class_storage_cbw_initialize
  61              	.LVL4:
  66:Middlewares/ST/usbx/common/usbx_host_classes/src/ux_host_class_storage_media_write.c ****                                     command_length);
  67:Middlewares/ST/usbx/common/usbx_host_classes/src/ux_host_class_storage_media_write.c **** 
  68:Middlewares/ST/usbx/common/usbx_host_classes/src/ux_host_class_storage_media_write.c ****     /* Prepare the MEDIA WRITE command block.  */
  69:Middlewares/ST/usbx/common/usbx_host_classes/src/ux_host_class_storage_media_write.c ****     *(cbw_cb + UX_HOST_CLASS_STORAGE_WRITE_OPERATION) =  UX_HOST_CLASS_STORAGE_SCSI_WRITE16;
  62              		.loc 1 69 5 is_stmt 1 view .LVU12
  63              		.loc 1 69 55 is_stmt 0 view .LVU13
  64 0018 2A23     		movs	r3, #42
  65 001a 84F82B30 		strb	r3, [r4, #43]
  70:Middlewares/ST/usbx/common/usbx_host_classes/src/ux_host_class_storage_media_write.c **** 
  71:Middlewares/ST/usbx/common/usbx_host_classes/src/ux_host_class_storage_media_write.c ****     /* Store the sector start (LBA field).  */
  72:Middlewares/ST/usbx/common/usbx_host_classes/src/ux_host_class_storage_media_write.c ****     _ux_utility_long_put_big_endian(cbw_cb + UX_HOST_CLASS_STORAGE_WRITE_LBA, sector_start);
  66              		.loc 1 72 5 is_stmt 1 view .LVU14
  67 001e 3146     		mov	r1, r6
  68 0020 04F12D00 		add	r0, r4, #45
  69 0024 FFF7FEFF 		bl	_ux_utility_long_put_big_endian
  70              	.LVL5:
  73:Middlewares/ST/usbx/common/usbx_host_classes/src/ux_host_class_storage_media_write.c **** 
  74:Middlewares/ST/usbx/common/usbx_host_classes/src/ux_host_class_storage_media_write.c ****     /* Store the number of sectors to write.  */
  75:Middlewares/ST/usbx/common/usbx_host_classes/src/ux_host_class_storage_media_write.c ****     _ux_utility_short_put_big_endian(cbw_cb + UX_HOST_CLASS_STORAGE_WRITE_TRANSFER_LENGTH, (USHORT)
  71              		.loc 1 75 5 view .LVU15
  72 0028 A9B2     		uxth	r1, r5
  73 002a 04F13200 		add	r0, r4, #50
  74 002e FFF7FEFF 		bl	_ux_utility_short_put_big_endian
  75              	.LVL6:
  76:Middlewares/ST/usbx/common/usbx_host_classes/src/ux_host_class_storage_media_write.c **** }
  76              		.loc 1 76 1 is_stmt 0 view .LVU16
  77 0032 70BD     		pop	{r4, r5, r6, pc}
  78              		.loc 1 76 1 view .LVU17
  79              		.cfi_endproc
  80              	.LFE11:
  82              		.section	.text._ux_host_class_storage_media_write,"ax",%progbits
  83              		.align	1
  84              		.global	_ux_host_class_storage_media_write
  85              		.syntax unified
  86              		.thumb
  87              		.thumb_func
  89              	_ux_host_class_storage_media_write:
  90              	.LVL7:
  91              	.LFB12:
  77:Middlewares/ST/usbx/common/usbx_host_classes/src/ux_host_class_storage_media_write.c **** 
  78:Middlewares/ST/usbx/common/usbx_host_classes/src/ux_host_class_storage_media_write.c **** 
  79:Middlewares/ST/usbx/common/usbx_host_classes/src/ux_host_class_storage_media_write.c **** /**************************************************************************/ 
  80:Middlewares/ST/usbx/common/usbx_host_classes/src/ux_host_class_storage_media_write.c **** /*                                                                        */ 
  81:Middlewares/ST/usbx/common/usbx_host_classes/src/ux_host_class_storage_media_write.c **** /*  FUNCTION                                               RELEASE        */ 
ARM GAS  /tmp/ccg4AmKB.s 			page 4


  82:Middlewares/ST/usbx/common/usbx_host_classes/src/ux_host_class_storage_media_write.c **** /*                                                                        */ 
  83:Middlewares/ST/usbx/common/usbx_host_classes/src/ux_host_class_storage_media_write.c **** /*    _ux_host_class_storage_media_write                  PORTABLE C      */ 
  84:Middlewares/ST/usbx/common/usbx_host_classes/src/ux_host_class_storage_media_write.c **** /*                                                           6.1.10       */
  85:Middlewares/ST/usbx/common/usbx_host_classes/src/ux_host_class_storage_media_write.c **** /*  AUTHOR                                                                */
  86:Middlewares/ST/usbx/common/usbx_host_classes/src/ux_host_class_storage_media_write.c **** /*                                                                        */
  87:Middlewares/ST/usbx/common/usbx_host_classes/src/ux_host_class_storage_media_write.c **** /*    Chaoqiong Xiao, Microsoft Corporation                               */
  88:Middlewares/ST/usbx/common/usbx_host_classes/src/ux_host_class_storage_media_write.c **** /*                                                                        */
  89:Middlewares/ST/usbx/common/usbx_host_classes/src/ux_host_class_storage_media_write.c **** /*  DESCRIPTION                                                           */
  90:Middlewares/ST/usbx/common/usbx_host_classes/src/ux_host_class_storage_media_write.c **** /*                                                                        */ 
  91:Middlewares/ST/usbx/common/usbx_host_classes/src/ux_host_class_storage_media_write.c **** /*    This function will write one or more logical sector to the media.   */ 
  92:Middlewares/ST/usbx/common/usbx_host_classes/src/ux_host_class_storage_media_write.c **** /*                                                                        */ 
  93:Middlewares/ST/usbx/common/usbx_host_classes/src/ux_host_class_storage_media_write.c **** /*  INPUT                                                                 */ 
  94:Middlewares/ST/usbx/common/usbx_host_classes/src/ux_host_class_storage_media_write.c **** /*                                                                        */ 
  95:Middlewares/ST/usbx/common/usbx_host_classes/src/ux_host_class_storage_media_write.c **** /*    storage                               Pointer to storage class      */ 
  96:Middlewares/ST/usbx/common/usbx_host_classes/src/ux_host_class_storage_media_write.c **** /*    sector_start                          Starting sector               */ 
  97:Middlewares/ST/usbx/common/usbx_host_classes/src/ux_host_class_storage_media_write.c **** /*    sector_count                          Number of sectors to write    */ 
  98:Middlewares/ST/usbx/common/usbx_host_classes/src/ux_host_class_storage_media_write.c **** /*    data_pointer                          Pointer to data to write      */ 
  99:Middlewares/ST/usbx/common/usbx_host_classes/src/ux_host_class_storage_media_write.c **** /*                                                                        */ 
 100:Middlewares/ST/usbx/common/usbx_host_classes/src/ux_host_class_storage_media_write.c **** /*  OUTPUT                                                                */ 
 101:Middlewares/ST/usbx/common/usbx_host_classes/src/ux_host_class_storage_media_write.c **** /*                                                                        */ 
 102:Middlewares/ST/usbx/common/usbx_host_classes/src/ux_host_class_storage_media_write.c **** /*    Completion Status                                                   */ 
 103:Middlewares/ST/usbx/common/usbx_host_classes/src/ux_host_class_storage_media_write.c **** /*                                                                        */ 
 104:Middlewares/ST/usbx/common/usbx_host_classes/src/ux_host_class_storage_media_write.c **** /*  CALLS                                                                 */ 
 105:Middlewares/ST/usbx/common/usbx_host_classes/src/ux_host_class_storage_media_write.c **** /*                                                                        */ 
 106:Middlewares/ST/usbx/common/usbx_host_classes/src/ux_host_class_storage_media_write.c **** /*    _ux_host_class_storage_cbw_initialize Initialize the CBW            */ 
 107:Middlewares/ST/usbx/common/usbx_host_classes/src/ux_host_class_storage_media_write.c **** /*    _ux_host_class_storage_transport      Send command                  */ 
 108:Middlewares/ST/usbx/common/usbx_host_classes/src/ux_host_class_storage_media_write.c **** /*    _ux_utility_long_put_big_endian       Put 32-bit word               */ 
 109:Middlewares/ST/usbx/common/usbx_host_classes/src/ux_host_class_storage_media_write.c **** /*    _ux_utility_short_put_big_endian      Put 16-bit word               */ 
 110:Middlewares/ST/usbx/common/usbx_host_classes/src/ux_host_class_storage_media_write.c **** /*                                                                        */ 
 111:Middlewares/ST/usbx/common/usbx_host_classes/src/ux_host_class_storage_media_write.c **** /*  CALLED BY                                                             */ 
 112:Middlewares/ST/usbx/common/usbx_host_classes/src/ux_host_class_storage_media_write.c **** /*                                                                        */ 
 113:Middlewares/ST/usbx/common/usbx_host_classes/src/ux_host_class_storage_media_write.c **** /*    Storage Class                                                       */ 
 114:Middlewares/ST/usbx/common/usbx_host_classes/src/ux_host_class_storage_media_write.c **** /*                                                                        */ 
 115:Middlewares/ST/usbx/common/usbx_host_classes/src/ux_host_class_storage_media_write.c **** /*  RELEASE HISTORY                                                       */ 
 116:Middlewares/ST/usbx/common/usbx_host_classes/src/ux_host_class_storage_media_write.c **** /*                                                                        */ 
 117:Middlewares/ST/usbx/common/usbx_host_classes/src/ux_host_class_storage_media_write.c **** /*    DATE              NAME                      DESCRIPTION             */ 
 118:Middlewares/ST/usbx/common/usbx_host_classes/src/ux_host_class_storage_media_write.c **** /*                                                                        */ 
 119:Middlewares/ST/usbx/common/usbx_host_classes/src/ux_host_class_storage_media_write.c **** /*  05-19-2020     Chaoqiong Xiao           Initial Version 6.0           */
 120:Middlewares/ST/usbx/common/usbx_host_classes/src/ux_host_class_storage_media_write.c **** /*  09-30-2020     Chaoqiong Xiao           Modified comment(s),          */
 121:Middlewares/ST/usbx/common/usbx_host_classes/src/ux_host_class_storage_media_write.c **** /*                                            resulting in version 6.1    */
 122:Middlewares/ST/usbx/common/usbx_host_classes/src/ux_host_class_storage_media_write.c **** /*  01-31-2022     Chaoqiong Xiao           Modified comment(s),          */
 123:Middlewares/ST/usbx/common/usbx_host_classes/src/ux_host_class_storage_media_write.c **** /*                                            added standalone support,   */
 124:Middlewares/ST/usbx/common/usbx_host_classes/src/ux_host_class_storage_media_write.c **** /*                                            resulting in version 6.1.10 */
 125:Middlewares/ST/usbx/common/usbx_host_classes/src/ux_host_class_storage_media_write.c **** /*                                                                        */
 126:Middlewares/ST/usbx/common/usbx_host_classes/src/ux_host_class_storage_media_write.c **** /**************************************************************************/
 127:Middlewares/ST/usbx/common/usbx_host_classes/src/ux_host_class_storage_media_write.c **** UINT  _ux_host_class_storage_media_write(UX_HOST_CLASS_STORAGE *storage, ULONG sector_start,
 128:Middlewares/ST/usbx/common/usbx_host_classes/src/ux_host_class_storage_media_write.c ****                                         ULONG sector_count, UCHAR *data_pointer)
 129:Middlewares/ST/usbx/common/usbx_host_classes/src/ux_host_class_storage_media_write.c **** {
  92              		.loc 1 129 1 is_stmt 1 view -0
  93              		.cfi_startproc
  94              		@ args = 0, pretend = 0, frame = 0
  95              		@ frame_needed = 0, uses_anonymous_args = 0
  96              		.loc 1 129 1 is_stmt 0 view .LVU19
  97 0000 F0B5     		push	{r4, r5, r6, r7, lr}
  98              	.LCFI1:
  99              		.cfi_def_cfa_offset 20
 100              		.cfi_offset 4, -20
ARM GAS  /tmp/ccg4AmKB.s 			page 5


 101              		.cfi_offset 5, -16
 102              		.cfi_offset 6, -12
 103              		.cfi_offset 7, -8
 104              		.cfi_offset 14, -4
 105 0002 85B0     		sub	sp, sp, #20
 106              	.LCFI2:
 107              		.cfi_def_cfa_offset 40
 108 0004 0546     		mov	r5, r0
 109 0006 0C46     		mov	r4, r1
 110 0008 1746     		mov	r7, r2
 111 000a 1E46     		mov	r6, r3
 130:Middlewares/ST/usbx/common/usbx_host_classes/src/ux_host_class_storage_media_write.c **** #if defined(UX_HOST_STANDALONE)
 131:Middlewares/ST/usbx/common/usbx_host_classes/src/ux_host_class_storage_media_write.c **** UINT            status;
 132:Middlewares/ST/usbx/common/usbx_host_classes/src/ux_host_class_storage_media_write.c ****     do {
 133:Middlewares/ST/usbx/common/usbx_host_classes/src/ux_host_class_storage_media_write.c ****         status = _ux_host_class_storage_read_write_run(storage, UX_FALSE,
 134:Middlewares/ST/usbx/common/usbx_host_classes/src/ux_host_class_storage_media_write.c ****                                     sector_start, sector_count, data_pointer);
 135:Middlewares/ST/usbx/common/usbx_host_classes/src/ux_host_class_storage_media_write.c ****     } while(status == UX_STATE_WAIT);
 136:Middlewares/ST/usbx/common/usbx_host_classes/src/ux_host_class_storage_media_write.c ****     return(storage -> ux_host_class_storage_status);
 137:Middlewares/ST/usbx/common/usbx_host_classes/src/ux_host_class_storage_media_write.c **** #else
 138:Middlewares/ST/usbx/common/usbx_host_classes/src/ux_host_class_storage_media_write.c **** UINT            status;
 112              		.loc 1 138 1 is_stmt 1 view .LVU20
 139:Middlewares/ST/usbx/common/usbx_host_classes/src/ux_host_class_storage_media_write.c **** UINT            media_retry;
 113              		.loc 1 139 1 view .LVU21
 140:Middlewares/ST/usbx/common/usbx_host_classes/src/ux_host_class_storage_media_write.c **** 
 141:Middlewares/ST/usbx/common/usbx_host_classes/src/ux_host_class_storage_media_write.c ****     /* If trace is enabled, insert this event into the trace buffer.  */
 142:Middlewares/ST/usbx/common/usbx_host_classes/src/ux_host_class_storage_media_write.c ****     UX_TRACE_IN_LINE_INSERT(UX_TRACE_HOST_CLASS_STORAGE_MEDIA_WRITE, storage, sector_start, sector_
 114              		.loc 1 142 5 view .LVU22
 115 000c 0023     		movs	r3, #0
 116              	.LVL8:
 117              		.loc 1 142 5 is_stmt 0 view .LVU23
 118 000e 0393     		str	r3, [sp, #12]
 119 0010 0293     		str	r3, [sp, #8]
 120 0012 4FF00053 		mov	r3, #536870912
 121 0016 0193     		str	r3, [sp, #4]
 122 0018 0096     		str	r6, [sp]
 123 001a 1346     		mov	r3, r2
 124 001c 0A46     		mov	r2, r1
 125              	.LVL9:
 126              		.loc 1 142 5 view .LVU24
 127 001e 0146     		mov	r1, r0
 128              	.LVL10:
 129              		.loc 1 142 5 view .LVU25
 130 0020 40F21330 		movw	r0, #787
 131              	.LVL11:
 132              		.loc 1 142 5 view .LVU26
 133 0024 FFF7FEFF 		bl	_ux_trace_event_insert
 134              	.LVL12:
 143:Middlewares/ST/usbx/common/usbx_host_classes/src/ux_host_class_storage_media_write.c **** 
 144:Middlewares/ST/usbx/common/usbx_host_classes/src/ux_host_class_storage_media_write.c ****     /* Initialize CBW.  */
 145:Middlewares/ST/usbx/common/usbx_host_classes/src/ux_host_class_storage_media_write.c ****     _ux_host_class_storage_write_initialize(storage, sector_start, sector_count);
 135              		.loc 1 145 5 is_stmt 1 view .LVU27
 136 0028 3A46     		mov	r2, r7
 137 002a 2146     		mov	r1, r4
 138 002c 2846     		mov	r0, r5
 139 002e FFF7FEFF 		bl	_ux_host_class_storage_write_initialize
 140              	.LVL13:
 146:Middlewares/ST/usbx/common/usbx_host_classes/src/ux_host_class_storage_media_write.c **** 
ARM GAS  /tmp/ccg4AmKB.s 			page 6


 147:Middlewares/ST/usbx/common/usbx_host_classes/src/ux_host_class_storage_media_write.c ****     /* Reset the retry count.  */
 148:Middlewares/ST/usbx/common/usbx_host_classes/src/ux_host_class_storage_media_write.c ****     media_retry =  UX_HOST_CLASS_STORAGE_REQUEST_SENSE_RETRY;
 141              		.loc 1 148 5 view .LVU28
 149:Middlewares/ST/usbx/common/usbx_host_classes/src/ux_host_class_storage_media_write.c **** 
 150:Middlewares/ST/usbx/common/usbx_host_classes/src/ux_host_class_storage_media_write.c ****     /* We may need several attempts.  */
 151:Middlewares/ST/usbx/common/usbx_host_classes/src/ux_host_class_storage_media_write.c ****     while (media_retry-- != 0)
 142              		.loc 1 151 5 view .LVU29
 148:Middlewares/ST/usbx/common/usbx_host_classes/src/ux_host_class_storage_media_write.c **** 
 143              		.loc 1 148 17 is_stmt 0 view .LVU30
 144 0032 0A24     		movs	r4, #10
 145              	.LVL14:
 146              	.L4:
 147              		.loc 1 151 26 is_stmt 1 view .LVU31
 148 0034 2246     		mov	r2, r4
 149              		.loc 1 151 23 is_stmt 0 view .LVU32
 150 0036 013C     		subs	r4, r4, #1
 151              	.LVL15:
 152              		.loc 1 151 26 view .LVU33
 153 0038 52B1     		cbz	r2, .L8
 152:Middlewares/ST/usbx/common/usbx_host_classes/src/ux_host_class_storage_media_write.c ****     {
 153:Middlewares/ST/usbx/common/usbx_host_classes/src/ux_host_class_storage_media_write.c **** 
 154:Middlewares/ST/usbx/common/usbx_host_classes/src/ux_host_class_storage_media_write.c ****         /* Send the command to transport layer.  */
 155:Middlewares/ST/usbx/common/usbx_host_classes/src/ux_host_class_storage_media_write.c ****         status =  _ux_host_class_storage_transport(storage, data_pointer);
 154              		.loc 1 155 9 is_stmt 1 view .LVU34
 155              		.loc 1 155 19 is_stmt 0 view .LVU35
 156 003a 3146     		mov	r1, r6
 157 003c 2846     		mov	r0, r5
 158 003e FFF7FEFF 		bl	_ux_host_class_storage_transport
 159              	.LVL16:
 156:Middlewares/ST/usbx/common/usbx_host_classes/src/ux_host_class_storage_media_write.c ****         if (status != UX_SUCCESS)
 160              		.loc 1 156 9 is_stmt 1 view .LVU36
 161              		.loc 1 156 12 is_stmt 0 view .LVU37
 162 0042 0246     		mov	r2, r0
 163 0044 28B9     		cbnz	r0, .L3
 157:Middlewares/ST/usbx/common/usbx_host_classes/src/ux_host_class_storage_media_write.c ****             return(status);
 158:Middlewares/ST/usbx/common/usbx_host_classes/src/ux_host_class_storage_media_write.c **** 
 159:Middlewares/ST/usbx/common/usbx_host_classes/src/ux_host_class_storage_media_write.c ****         /* Check the sense code */
 160:Middlewares/ST/usbx/common/usbx_host_classes/src/ux_host_class_storage_media_write.c ****         if (storage -> ux_host_class_storage_sense_code == UX_SUCCESS)
 164              		.loc 1 160 9 is_stmt 1 view .LVU38
 165              		.loc 1 160 21 is_stmt 0 view .LVU39
 166 0046 D5F89020 		ldr	r2, [r5, #144]
 167              		.loc 1 160 12 view .LVU40
 168 004a 002A     		cmp	r2, #0
 169 004c F2D1     		bne	.L4
 170 004e 00E0     		b	.L3
 171              	.LVL17:
 172              	.L8:
 161:Middlewares/ST/usbx/common/usbx_host_classes/src/ux_host_class_storage_media_write.c ****             return(UX_SUCCESS);
 162:Middlewares/ST/usbx/common/usbx_host_classes/src/ux_host_class_storage_media_write.c ****     }
 163:Middlewares/ST/usbx/common/usbx_host_classes/src/ux_host_class_storage_media_write.c **** 
 164:Middlewares/ST/usbx/common/usbx_host_classes/src/ux_host_class_storage_media_write.c ****     /* Return sense error.  */
 165:Middlewares/ST/usbx/common/usbx_host_classes/src/ux_host_class_storage_media_write.c ****     return(UX_HOST_CLASS_STORAGE_SENSE_ERROR);                                            
 173              		.loc 1 165 11 view .LVU41
 174 0050 0322     		movs	r2, #3
 175              	.L3:
 166:Middlewares/ST/usbx/common/usbx_host_classes/src/ux_host_class_storage_media_write.c **** #endif
 167:Middlewares/ST/usbx/common/usbx_host_classes/src/ux_host_class_storage_media_write.c **** }
ARM GAS  /tmp/ccg4AmKB.s 			page 7


 176              		.loc 1 167 1 view .LVU42
 177 0052 1046     		mov	r0, r2
 178 0054 05B0     		add	sp, sp, #20
 179              	.LCFI3:
 180              		.cfi_def_cfa_offset 20
 181              		@ sp needed
 182 0056 F0BD     		pop	{r4, r5, r6, r7, pc}
 183              		.loc 1 167 1 view .LVU43
 184              		.cfi_endproc
 185              	.LFE12:
 187              		.text
 188              	.Letext0:
 189              		.file 2 "Middlewares/ST/threadx/ports/cortex_m7/gnu/inc/tx_port.h"
 190              		.file 3 "Middlewares/ST/threadx/common/inc/tx_api.h"
 191              		.file 4 "Middlewares/ST/threadx/common/inc/tx_trace.h"
 192              		.file 5 "Middlewares/ST/usbx/common/core/inc/ux_api.h"
 193              		.file 6 "Middlewares/ST/usbx/common/usbx_host_classes/inc/ux_host_class_storage.h"
 194              		.file 7 "Middlewares/ST/usbx/common/core/inc/ux_utility.h"
ARM GAS  /tmp/ccg4AmKB.s 			page 8


DEFINED SYMBOLS
                            *ABS*:00000000 ux_host_class_storage_media_write.c
     /tmp/ccg4AmKB.s:20     .text._ux_host_class_storage_write_initialize:00000000 $t
     /tmp/ccg4AmKB.s:25     .text._ux_host_class_storage_write_initialize:00000000 _ux_host_class_storage_write_initialize
     /tmp/ccg4AmKB.s:83     .text._ux_host_class_storage_media_write:00000000 $t
     /tmp/ccg4AmKB.s:89     .text._ux_host_class_storage_media_write:00000000 _ux_host_class_storage_media_write

UNDEFINED SYMBOLS
_ux_host_class_storage_cbw_initialize
_ux_utility_long_put_big_endian
_ux_utility_short_put_big_endian
_ux_trace_event_insert
_ux_host_class_storage_transport
