ARM GAS  /tmp/cc0FNjCT.s 			page 1


   1              		.cpu cortex-m7
   2              		.arch armv7e-m
   3              		.fpu fpv5-d16
   4              		.eabi_attribute 28, 1
   5              		.eabi_attribute 20, 1
   6              		.eabi_attribute 21, 1
   7              		.eabi_attribute 23, 3
   8              		.eabi_attribute 24, 1
   9              		.eabi_attribute 25, 1
  10              		.eabi_attribute 26, 1
  11              		.eabi_attribute 30, 1
  12              		.eabi_attribute 34, 1
  13              		.eabi_attribute 18, 4
  14              		.file	"ux_host_class_audio_alternate_setting_locate.c"
  15              		.text
  16              	.Ltext0:
  17              		.cfi_sections	.debug_frame
  18              		.file 1 "Middlewares/ST/usbx/common/usbx_host_classes/src/ux_host_class_audio_alternate_setting_lo
  19              		.section	.text._ux_host_class_audio_alternate_setting_locate,"ax",%progbits
  20              		.align	1
  21              		.global	_ux_host_class_audio_alternate_setting_locate
  22              		.syntax unified
  23              		.thumb
  24              		.thumb_func
  26              	_ux_host_class_audio_alternate_setting_locate:
  27              	.LVL0:
  28              	.LFB11:
   1:Middlewares/ST/usbx/common/usbx_host_classes/src/ux_host_class_audio_alternate_setting_locate.c **** /**************************************************************************/
   2:Middlewares/ST/usbx/common/usbx_host_classes/src/ux_host_class_audio_alternate_setting_locate.c **** /*                                                                        */
   3:Middlewares/ST/usbx/common/usbx_host_classes/src/ux_host_class_audio_alternate_setting_locate.c **** /*       Copyright (c) Microsoft Corporation. All rights reserved.        */
   4:Middlewares/ST/usbx/common/usbx_host_classes/src/ux_host_class_audio_alternate_setting_locate.c **** /*                                                                        */
   5:Middlewares/ST/usbx/common/usbx_host_classes/src/ux_host_class_audio_alternate_setting_locate.c **** /*       This software is licensed under the Microsoft Software License   */
   6:Middlewares/ST/usbx/common/usbx_host_classes/src/ux_host_class_audio_alternate_setting_locate.c **** /*       Terms for Microsoft Azure RTOS. Full text of the license can be  */
   7:Middlewares/ST/usbx/common/usbx_host_classes/src/ux_host_class_audio_alternate_setting_locate.c **** /*       found in the LICENSE file at https://aka.ms/AzureRTOS_EULA       */
   8:Middlewares/ST/usbx/common/usbx_host_classes/src/ux_host_class_audio_alternate_setting_locate.c **** /*       and in the root directory of this software.                      */
   9:Middlewares/ST/usbx/common/usbx_host_classes/src/ux_host_class_audio_alternate_setting_locate.c **** /*                                                                        */
  10:Middlewares/ST/usbx/common/usbx_host_classes/src/ux_host_class_audio_alternate_setting_locate.c **** /**************************************************************************/
  11:Middlewares/ST/usbx/common/usbx_host_classes/src/ux_host_class_audio_alternate_setting_locate.c **** 
  12:Middlewares/ST/usbx/common/usbx_host_classes/src/ux_host_class_audio_alternate_setting_locate.c **** 
  13:Middlewares/ST/usbx/common/usbx_host_classes/src/ux_host_class_audio_alternate_setting_locate.c **** /**************************************************************************/
  14:Middlewares/ST/usbx/common/usbx_host_classes/src/ux_host_class_audio_alternate_setting_locate.c **** /**************************************************************************/
  15:Middlewares/ST/usbx/common/usbx_host_classes/src/ux_host_class_audio_alternate_setting_locate.c **** /**                                                                       */ 
  16:Middlewares/ST/usbx/common/usbx_host_classes/src/ux_host_class_audio_alternate_setting_locate.c **** /** USBX Component                                                        */ 
  17:Middlewares/ST/usbx/common/usbx_host_classes/src/ux_host_class_audio_alternate_setting_locate.c **** /**                                                                       */
  18:Middlewares/ST/usbx/common/usbx_host_classes/src/ux_host_class_audio_alternate_setting_locate.c **** /**   Audio Class                                                         */
  19:Middlewares/ST/usbx/common/usbx_host_classes/src/ux_host_class_audio_alternate_setting_locate.c **** /**                                                                       */
  20:Middlewares/ST/usbx/common/usbx_host_classes/src/ux_host_class_audio_alternate_setting_locate.c **** /**************************************************************************/
  21:Middlewares/ST/usbx/common/usbx_host_classes/src/ux_host_class_audio_alternate_setting_locate.c **** /**************************************************************************/
  22:Middlewares/ST/usbx/common/usbx_host_classes/src/ux_host_class_audio_alternate_setting_locate.c **** 
  23:Middlewares/ST/usbx/common/usbx_host_classes/src/ux_host_class_audio_alternate_setting_locate.c **** 
  24:Middlewares/ST/usbx/common/usbx_host_classes/src/ux_host_class_audio_alternate_setting_locate.c **** /* Include necessary system files.  */
  25:Middlewares/ST/usbx/common/usbx_host_classes/src/ux_host_class_audio_alternate_setting_locate.c **** 
  26:Middlewares/ST/usbx/common/usbx_host_classes/src/ux_host_class_audio_alternate_setting_locate.c **** #define UX_SOURCE_CODE
  27:Middlewares/ST/usbx/common/usbx_host_classes/src/ux_host_class_audio_alternate_setting_locate.c **** 
  28:Middlewares/ST/usbx/common/usbx_host_classes/src/ux_host_class_audio_alternate_setting_locate.c **** #include "ux_api.h"
  29:Middlewares/ST/usbx/common/usbx_host_classes/src/ux_host_class_audio_alternate_setting_locate.c **** #include "ux_host_class_audio.h"
  30:Middlewares/ST/usbx/common/usbx_host_classes/src/ux_host_class_audio_alternate_setting_locate.c **** #include "ux_host_stack.h"
ARM GAS  /tmp/cc0FNjCT.s 			page 2


  31:Middlewares/ST/usbx/common/usbx_host_classes/src/ux_host_class_audio_alternate_setting_locate.c **** 
  32:Middlewares/ST/usbx/common/usbx_host_classes/src/ux_host_class_audio_alternate_setting_locate.c **** 
  33:Middlewares/ST/usbx/common/usbx_host_classes/src/ux_host_class_audio_alternate_setting_locate.c **** /**************************************************************************/ 
  34:Middlewares/ST/usbx/common/usbx_host_classes/src/ux_host_class_audio_alternate_setting_locate.c **** /*                                                                        */ 
  35:Middlewares/ST/usbx/common/usbx_host_classes/src/ux_host_class_audio_alternate_setting_locate.c **** /*  FUNCTION                                               RELEASE        */ 
  36:Middlewares/ST/usbx/common/usbx_host_classes/src/ux_host_class_audio_alternate_setting_locate.c **** /*                                                                        */ 
  37:Middlewares/ST/usbx/common/usbx_host_classes/src/ux_host_class_audio_alternate_setting_locate.c **** /*    _ux_host_class_audio_alternate_setting_locate       PORTABLE C      */ 
  38:Middlewares/ST/usbx/common/usbx_host_classes/src/ux_host_class_audio_alternate_setting_locate.c **** /*                                                           6.1          */
  39:Middlewares/ST/usbx/common/usbx_host_classes/src/ux_host_class_audio_alternate_setting_locate.c **** /*  AUTHOR                                                                */
  40:Middlewares/ST/usbx/common/usbx_host_classes/src/ux_host_class_audio_alternate_setting_locate.c **** /*                                                                        */
  41:Middlewares/ST/usbx/common/usbx_host_classes/src/ux_host_class_audio_alternate_setting_locate.c **** /*    Chaoqiong Xiao, Microsoft Corporation                               */
  42:Middlewares/ST/usbx/common/usbx_host_classes/src/ux_host_class_audio_alternate_setting_locate.c **** /*                                                                        */
  43:Middlewares/ST/usbx/common/usbx_host_classes/src/ux_host_class_audio_alternate_setting_locate.c **** /*  DESCRIPTION                                                           */
  44:Middlewares/ST/usbx/common/usbx_host_classes/src/ux_host_class_audio_alternate_setting_locate.c **** /*                                                                        */ 
  45:Middlewares/ST/usbx/common/usbx_host_classes/src/ux_host_class_audio_alternate_setting_locate.c **** /*     This function finds the right alternate setting according to the   */
  46:Middlewares/ST/usbx/common/usbx_host_classes/src/ux_host_class_audio_alternate_setting_locate.c **** /*     sampling desired.                                                  */ 
  47:Middlewares/ST/usbx/common/usbx_host_classes/src/ux_host_class_audio_alternate_setting_locate.c **** /*                                                                        */ 
  48:Middlewares/ST/usbx/common/usbx_host_classes/src/ux_host_class_audio_alternate_setting_locate.c **** /*  INPUT                                                                 */ 
  49:Middlewares/ST/usbx/common/usbx_host_classes/src/ux_host_class_audio_alternate_setting_locate.c **** /*                                                                        */ 
  50:Middlewares/ST/usbx/common/usbx_host_classes/src/ux_host_class_audio_alternate_setting_locate.c **** /*    audio                                 Pointer to audio class        */ 
  51:Middlewares/ST/usbx/common/usbx_host_classes/src/ux_host_class_audio_alternate_setting_locate.c **** /*    audio_sampling                        Pointer to audio sampling     */ 
  52:Middlewares/ST/usbx/common/usbx_host_classes/src/ux_host_class_audio_alternate_setting_locate.c **** /*    alternate_setting                     Pointer to located alternate  */ 
  53:Middlewares/ST/usbx/common/usbx_host_classes/src/ux_host_class_audio_alternate_setting_locate.c **** /*                                            setting                     */ 
  54:Middlewares/ST/usbx/common/usbx_host_classes/src/ux_host_class_audio_alternate_setting_locate.c **** /*                                                                        */ 
  55:Middlewares/ST/usbx/common/usbx_host_classes/src/ux_host_class_audio_alternate_setting_locate.c **** /*  OUTPUT                                                                */ 
  56:Middlewares/ST/usbx/common/usbx_host_classes/src/ux_host_class_audio_alternate_setting_locate.c **** /*                                                                        */ 
  57:Middlewares/ST/usbx/common/usbx_host_classes/src/ux_host_class_audio_alternate_setting_locate.c **** /*    Completion Status                                                   */ 
  58:Middlewares/ST/usbx/common/usbx_host_classes/src/ux_host_class_audio_alternate_setting_locate.c **** /*                                                                        */ 
  59:Middlewares/ST/usbx/common/usbx_host_classes/src/ux_host_class_audio_alternate_setting_locate.c **** /*  CALLS                                                                 */ 
  60:Middlewares/ST/usbx/common/usbx_host_classes/src/ux_host_class_audio_alternate_setting_locate.c **** /*                                                                        */ 
  61:Middlewares/ST/usbx/common/usbx_host_classes/src/ux_host_class_audio_alternate_setting_locate.c **** /*    _ux_utility_descriptor_parse          Parse descriptor              */ 
  62:Middlewares/ST/usbx/common/usbx_host_classes/src/ux_host_class_audio_alternate_setting_locate.c **** /*                                                                        */ 
  63:Middlewares/ST/usbx/common/usbx_host_classes/src/ux_host_class_audio_alternate_setting_locate.c **** /*  CALLED BY                                                             */ 
  64:Middlewares/ST/usbx/common/usbx_host_classes/src/ux_host_class_audio_alternate_setting_locate.c **** /*                                                                        */ 
  65:Middlewares/ST/usbx/common/usbx_host_classes/src/ux_host_class_audio_alternate_setting_locate.c **** /*    Audio Class                                                         */ 
  66:Middlewares/ST/usbx/common/usbx_host_classes/src/ux_host_class_audio_alternate_setting_locate.c **** /*                                                                        */ 
  67:Middlewares/ST/usbx/common/usbx_host_classes/src/ux_host_class_audio_alternate_setting_locate.c **** /*  RELEASE HISTORY                                                       */ 
  68:Middlewares/ST/usbx/common/usbx_host_classes/src/ux_host_class_audio_alternate_setting_locate.c **** /*                                                                        */ 
  69:Middlewares/ST/usbx/common/usbx_host_classes/src/ux_host_class_audio_alternate_setting_locate.c **** /*    DATE              NAME                      DESCRIPTION             */ 
  70:Middlewares/ST/usbx/common/usbx_host_classes/src/ux_host_class_audio_alternate_setting_locate.c **** /*                                                                        */ 
  71:Middlewares/ST/usbx/common/usbx_host_classes/src/ux_host_class_audio_alternate_setting_locate.c **** /*  05-19-2020     Chaoqiong Xiao           Initial Version 6.0           */
  72:Middlewares/ST/usbx/common/usbx_host_classes/src/ux_host_class_audio_alternate_setting_locate.c **** /*  09-30-2020     Chaoqiong Xiao           Modified comment(s),          */
  73:Middlewares/ST/usbx/common/usbx_host_classes/src/ux_host_class_audio_alternate_setting_locate.c **** /*                                            resulting in version 6.1    */
  74:Middlewares/ST/usbx/common/usbx_host_classes/src/ux_host_class_audio_alternate_setting_locate.c **** /*                                                                        */
  75:Middlewares/ST/usbx/common/usbx_host_classes/src/ux_host_class_audio_alternate_setting_locate.c **** /**************************************************************************/
  76:Middlewares/ST/usbx/common/usbx_host_classes/src/ux_host_class_audio_alternate_setting_locate.c **** UINT  _ux_host_class_audio_alternate_setting_locate(UX_HOST_CLASS_AUDIO *audio, UX_HOST_CLASS_AUDIO
  77:Middlewares/ST/usbx/common/usbx_host_classes/src/ux_host_class_audio_alternate_setting_locate.c ****                                                     UINT *alternate_setting)
  78:Middlewares/ST/usbx/common/usbx_host_classes/src/ux_host_class_audio_alternate_setting_locate.c **** {
  29              		.loc 1 78 1 view -0
  30              		.cfi_startproc
  31              		@ args = 0, pretend = 0, frame = 72
  32              		@ frame_needed = 0, uses_anonymous_args = 0
  33              		.loc 1 78 1 is_stmt 0 view .LVU1
  34 0000 2DE9F047 		push	{r4, r5, r6, r7, r8, r9, r10, lr}
  35              	.LCFI0:
  36              		.cfi_def_cfa_offset 32
  37              		.cfi_offset 4, -32
ARM GAS  /tmp/cc0FNjCT.s 			page 3


  38              		.cfi_offset 5, -28
  39              		.cfi_offset 6, -24
  40              		.cfi_offset 7, -20
  41              		.cfi_offset 8, -16
  42              		.cfi_offset 9, -12
  43              		.cfi_offset 10, -8
  44              		.cfi_offset 14, -4
  45 0004 96B0     		sub	sp, sp, #88
  46              	.LCFI1:
  47              		.cfi_def_cfa_offset 120
  48 0006 8046     		mov	r8, r0
  49 0008 8946     		mov	r9, r1
  50 000a 9246     		mov	r10, r2
  79:Middlewares/ST/usbx/common/usbx_host_classes/src/ux_host_class_audio_alternate_setting_locate.c **** 
  80:Middlewares/ST/usbx/common/usbx_host_classes/src/ux_host_class_audio_alternate_setting_locate.c **** UCHAR *                                  descriptor;
  51              		.loc 1 80 1 is_stmt 1 view .LVU2
  81:Middlewares/ST/usbx/common/usbx_host_classes/src/ux_host_class_audio_alternate_setting_locate.c **** UX_INTERFACE_DESCRIPTOR                  interface_descriptor;
  52              		.loc 1 81 1 view .LVU3
  82:Middlewares/ST/usbx/common/usbx_host_classes/src/ux_host_class_audio_alternate_setting_locate.c **** UX_HOST_CLASS_AUDIO_INTERFACE_DESCRIPTOR audio_interface_descriptor;
  53              		.loc 1 82 1 view .LVU4
  83:Middlewares/ST/usbx/common/usbx_host_classes/src/ux_host_class_audio_alternate_setting_locate.c **** ULONG                                    total_descriptor_length;
  54              		.loc 1 83 1 view .LVU5
  84:Middlewares/ST/usbx/common/usbx_host_classes/src/ux_host_class_audio_alternate_setting_locate.c **** UINT                                     descriptor_length;
  55              		.loc 1 84 1 view .LVU6
  85:Middlewares/ST/usbx/common/usbx_host_classes/src/ux_host_class_audio_alternate_setting_locate.c **** UINT                                     descriptor_type;
  56              		.loc 1 85 1 view .LVU7
  86:Middlewares/ST/usbx/common/usbx_host_classes/src/ux_host_class_audio_alternate_setting_locate.c **** UINT                                     descriptor_subtype;
  57              		.loc 1 86 1 view .LVU8
  87:Middlewares/ST/usbx/common/usbx_host_classes/src/ux_host_class_audio_alternate_setting_locate.c **** UINT                                     interface_found;
  58              		.loc 1 87 1 view .LVU9
  88:Middlewares/ST/usbx/common/usbx_host_classes/src/ux_host_class_audio_alternate_setting_locate.c **** ULONG                                    lower_frequency;
  59              		.loc 1 88 1 view .LVU10
  89:Middlewares/ST/usbx/common/usbx_host_classes/src/ux_host_class_audio_alternate_setting_locate.c **** ULONG                                    higher_frequency;
  60              		.loc 1 89 1 view .LVU11
  90:Middlewares/ST/usbx/common/usbx_host_classes/src/ux_host_class_audio_alternate_setting_locate.c **** UINT                                     specific_frequency_count;
  61              		.loc 1 90 1 view .LVU12
  91:Middlewares/ST/usbx/common/usbx_host_classes/src/ux_host_class_audio_alternate_setting_locate.c ****     
  92:Middlewares/ST/usbx/common/usbx_host_classes/src/ux_host_class_audio_alternate_setting_locate.c **** 
  93:Middlewares/ST/usbx/common/usbx_host_classes/src/ux_host_class_audio_alternate_setting_locate.c ****     /* Get the descriptor to the entire configuration.  */
  94:Middlewares/ST/usbx/common/usbx_host_classes/src/ux_host_class_audio_alternate_setting_locate.c ****     descriptor =  audio -> ux_host_class_audio_configuration_descriptor;
  62              		.loc 1 94 5 view .LVU13
  63              		.loc 1 94 16 is_stmt 0 view .LVU14
  64 000c C46A     		ldr	r4, [r0, #44]
  65              	.LVL1:
  95:Middlewares/ST/usbx/common/usbx_host_classes/src/ux_host_class_audio_alternate_setting_locate.c ****     total_descriptor_length =  audio -> ux_host_class_audio_configuration_descriptor_length;
  66              		.loc 1 95 5 is_stmt 1 view .LVU15
  67              		.loc 1 95 29 is_stmt 0 view .LVU16
  68 000e 066B     		ldr	r6, [r0, #48]
  69              	.LVL2:
  96:Middlewares/ST/usbx/common/usbx_host_classes/src/ux_host_class_audio_alternate_setting_locate.c ****     
  97:Middlewares/ST/usbx/common/usbx_host_classes/src/ux_host_class_audio_alternate_setting_locate.c ****     /* Default is Interface descriptor not yet found.  */    
  98:Middlewares/ST/usbx/common/usbx_host_classes/src/ux_host_class_audio_alternate_setting_locate.c ****     interface_found =  UX_FALSE;
  70              		.loc 1 98 5 is_stmt 1 view .LVU17
  99:Middlewares/ST/usbx/common/usbx_host_classes/src/ux_host_class_audio_alternate_setting_locate.c ****     
 100:Middlewares/ST/usbx/common/usbx_host_classes/src/ux_host_class_audio_alternate_setting_locate.c ****     /* Scan the descriptor for the Audio Streaming interface.  */
 101:Middlewares/ST/usbx/common/usbx_host_classes/src/ux_host_class_audio_alternate_setting_locate.c ****     while (total_descriptor_length)
  71              		.loc 1 101 5 view .LVU18
ARM GAS  /tmp/cc0FNjCT.s 			page 4


  98:Middlewares/ST/usbx/common/usbx_host_classes/src/ux_host_class_audio_alternate_setting_locate.c ****     
  72              		.loc 1 98 21 is_stmt 0 view .LVU19
  73 0010 0027     		movs	r7, #0
  74              		.loc 1 101 11 view .LVU20
  75 0012 21E0     		b	.L2
  76              	.LVL3:
  77              	.L20:
 102:Middlewares/ST/usbx/common/usbx_host_classes/src/ux_host_class_audio_alternate_setting_locate.c ****     {
 103:Middlewares/ST/usbx/common/usbx_host_classes/src/ux_host_class_audio_alternate_setting_locate.c **** 
 104:Middlewares/ST/usbx/common/usbx_host_classes/src/ux_host_class_audio_alternate_setting_locate.c ****         /* Gather the length, type and subtype of the descriptor.  */
 105:Middlewares/ST/usbx/common/usbx_host_classes/src/ux_host_class_audio_alternate_setting_locate.c ****         descriptor_length =   *descriptor;
 106:Middlewares/ST/usbx/common/usbx_host_classes/src/ux_host_class_audio_alternate_setting_locate.c ****         descriptor_type =     *(descriptor + 1);
 107:Middlewares/ST/usbx/common/usbx_host_classes/src/ux_host_class_audio_alternate_setting_locate.c ****         descriptor_subtype =  *(descriptor + 2);
 108:Middlewares/ST/usbx/common/usbx_host_classes/src/ux_host_class_audio_alternate_setting_locate.c **** 
 109:Middlewares/ST/usbx/common/usbx_host_classes/src/ux_host_class_audio_alternate_setting_locate.c ****         /* Make sure this descriptor has at least the minimum length.  */
 110:Middlewares/ST/usbx/common/usbx_host_classes/src/ux_host_class_audio_alternate_setting_locate.c ****         if (descriptor_length < 3)
 111:Middlewares/ST/usbx/common/usbx_host_classes/src/ux_host_class_audio_alternate_setting_locate.c ****         {
 112:Middlewares/ST/usbx/common/usbx_host_classes/src/ux_host_class_audio_alternate_setting_locate.c **** 
 113:Middlewares/ST/usbx/common/usbx_host_classes/src/ux_host_class_audio_alternate_setting_locate.c ****             /* Error trap. */
 114:Middlewares/ST/usbx/common/usbx_host_classes/src/ux_host_class_audio_alternate_setting_locate.c ****             _ux_system_error_handler(UX_SYSTEM_LEVEL_THREAD, UX_SYSTEM_CONTEXT_CLASS, UX_DESCRIPTOR
  78              		.loc 1 114 13 is_stmt 1 view .LVU21
  79 0014 4222     		movs	r2, #66
  80              	.LVL4:
  81              		.loc 1 114 13 is_stmt 0 view .LVU22
  82 0016 0721     		movs	r1, #7
  83 0018 0220     		movs	r0, #2
  84 001a FFF7FEFF 		bl	_ux_system_error_handler
  85              	.LVL5:
 115:Middlewares/ST/usbx/common/usbx_host_classes/src/ux_host_class_audio_alternate_setting_locate.c **** 
 116:Middlewares/ST/usbx/common/usbx_host_classes/src/ux_host_class_audio_alternate_setting_locate.c ****             /* If trace is enabled, insert this event into the trace buffer.  */
 117:Middlewares/ST/usbx/common/usbx_host_classes/src/ux_host_class_audio_alternate_setting_locate.c ****             UX_TRACE_IN_LINE_INSERT(UX_TRACE_ERROR, UX_DESCRIPTOR_CORRUPTED, descriptor, 0, 0, UX_T
  86              		.loc 1 117 13 is_stmt 1 view .LVU23
  87 001e 0023     		movs	r3, #0
  88 0020 0393     		str	r3, [sp, #12]
  89 0022 0293     		str	r3, [sp, #8]
  90 0024 4FF08072 		mov	r2, #16777216
  91 0028 0192     		str	r2, [sp, #4]
  92 002a 0093     		str	r3, [sp]
  93 002c 2246     		mov	r2, r4
  94 002e 4221     		movs	r1, #66
  95 0030 40F2E730 		movw	r0, #999
  96 0034 FFF7FEFF 		bl	_ux_trace_event_insert
  97              	.LVL6:
 118:Middlewares/ST/usbx/common/usbx_host_classes/src/ux_host_class_audio_alternate_setting_locate.c **** 
 119:Middlewares/ST/usbx/common/usbx_host_classes/src/ux_host_class_audio_alternate_setting_locate.c ****             return(UX_DESCRIPTOR_CORRUPTED);
  98              		.loc 1 119 13 view .LVU24
  99              		.loc 1 119 19 is_stmt 0 view .LVU25
 100 0038 4220     		movs	r0, #66
 101 003a 84E0     		b	.L1
 102              	.LVL7:
 103              	.L5:
 120:Middlewares/ST/usbx/common/usbx_host_classes/src/ux_host_class_audio_alternate_setting_locate.c ****         }
 121:Middlewares/ST/usbx/common/usbx_host_classes/src/ux_host_class_audio_alternate_setting_locate.c ****         /* Process relative to descriptor type.  */
 122:Middlewares/ST/usbx/common/usbx_host_classes/src/ux_host_class_audio_alternate_setting_locate.c ****         switch (descriptor_type)
 123:Middlewares/ST/usbx/common/usbx_host_classes/src/ux_host_class_audio_alternate_setting_locate.c ****         {
 124:Middlewares/ST/usbx/common/usbx_host_classes/src/ux_host_class_audio_alternate_setting_locate.c **** 
 125:Middlewares/ST/usbx/common/usbx_host_classes/src/ux_host_class_audio_alternate_setting_locate.c **** 
ARM GAS  /tmp/cc0FNjCT.s 			page 5


 126:Middlewares/ST/usbx/common/usbx_host_classes/src/ux_host_class_audio_alternate_setting_locate.c ****         case UX_INTERFACE_DESCRIPTOR_ITEM:
 127:Middlewares/ST/usbx/common/usbx_host_classes/src/ux_host_class_audio_alternate_setting_locate.c **** 
 128:Middlewares/ST/usbx/common/usbx_host_classes/src/ux_host_class_audio_alternate_setting_locate.c ****             /* Parse the interface descriptor and make it machine independent.  */
 129:Middlewares/ST/usbx/common/usbx_host_classes/src/ux_host_class_audio_alternate_setting_locate.c ****             _ux_utility_descriptor_parse(descriptor, _ux_system_interface_descriptor_structure,
 104              		.loc 1 129 13 is_stmt 1 view .LVU26
 105 003c 0DAB     		add	r3, sp, #52
 106              	.LVL8:
 107              		.loc 1 129 13 is_stmt 0 view .LVU27
 108 003e 0922     		movs	r2, #9
 109              	.LVL9:
 110              		.loc 1 129 13 view .LVU28
 111 0040 4349     		ldr	r1, .L22
 112 0042 2046     		mov	r0, r4
 113 0044 FFF7FEFF 		bl	_ux_utility_descriptor_parse
 114              	.LVL10:
 130:Middlewares/ST/usbx/common/usbx_host_classes/src/ux_host_class_audio_alternate_setting_locate.c ****                                             UX_INTERFACE_DESCRIPTOR_ENTRIES, (UCHAR *) &interface_d
 131:Middlewares/ST/usbx/common/usbx_host_classes/src/ux_host_class_audio_alternate_setting_locate.c **** 
 132:Middlewares/ST/usbx/common/usbx_host_classes/src/ux_host_class_audio_alternate_setting_locate.c ****             /* Ensure we have the correct interface for Audio streaming.  */
 133:Middlewares/ST/usbx/common/usbx_host_classes/src/ux_host_class_audio_alternate_setting_locate.c ****             if ((interface_descriptor.bInterfaceClass == UX_HOST_CLASS_AUDIO_CLASS) &&
 115              		.loc 1 133 13 is_stmt 1 view .LVU29
 116              		.loc 1 133 38 is_stmt 0 view .LVU30
 117 0048 129F     		ldr	r7, [sp, #72]
 118              	.LVL11:
 119              		.loc 1 133 16 view .LVU31
 120 004a 012F     		cmp	r7, #1
 121 004c 3DD0     		beq	.L17
 134:Middlewares/ST/usbx/common/usbx_host_classes/src/ux_host_class_audio_alternate_setting_locate.c ****                 (interface_descriptor.bInterfaceSubClass == UX_HOST_CLASS_AUDIO_SUBCLASS_STREAMING)
 135:Middlewares/ST/usbx/common/usbx_host_classes/src/ux_host_class_audio_alternate_setting_locate.c ****             {
 136:Middlewares/ST/usbx/common/usbx_host_classes/src/ux_host_class_audio_alternate_setting_locate.c **** 
 137:Middlewares/ST/usbx/common/usbx_host_classes/src/ux_host_class_audio_alternate_setting_locate.c ****                 /* Mark we have found it.  */
 138:Middlewares/ST/usbx/common/usbx_host_classes/src/ux_host_class_audio_alternate_setting_locate.c ****                 interface_found =  UX_TRUE;
 139:Middlewares/ST/usbx/common/usbx_host_classes/src/ux_host_class_audio_alternate_setting_locate.c ****                     
 140:Middlewares/ST/usbx/common/usbx_host_classes/src/ux_host_class_audio_alternate_setting_locate.c ****                 /* And memorize the alternate setting.  */
 141:Middlewares/ST/usbx/common/usbx_host_classes/src/ux_host_class_audio_alternate_setting_locate.c ****                 *alternate_setting =  interface_descriptor.bAlternateSetting;
 142:Middlewares/ST/usbx/common/usbx_host_classes/src/ux_host_class_audio_alternate_setting_locate.c ****             }
 143:Middlewares/ST/usbx/common/usbx_host_classes/src/ux_host_class_audio_alternate_setting_locate.c ****             else
 144:Middlewares/ST/usbx/common/usbx_host_classes/src/ux_host_class_audio_alternate_setting_locate.c ****             {
 145:Middlewares/ST/usbx/common/usbx_host_classes/src/ux_host_class_audio_alternate_setting_locate.c **** 
 146:Middlewares/ST/usbx/common/usbx_host_classes/src/ux_host_class_audio_alternate_setting_locate.c ****                 /* Haven't found it.  */
 147:Middlewares/ST/usbx/common/usbx_host_classes/src/ux_host_class_audio_alternate_setting_locate.c ****                 interface_found =  UX_FALSE;
 122              		.loc 1 147 33 view .LVU32
 123 004e 0027     		movs	r7, #0
 124              	.LVL12:
 125              	.L7:
 148:Middlewares/ST/usbx/common/usbx_host_classes/src/ux_host_class_audio_alternate_setting_locate.c ****             }
 149:Middlewares/ST/usbx/common/usbx_host_classes/src/ux_host_class_audio_alternate_setting_locate.c ****             break;
 150:Middlewares/ST/usbx/common/usbx_host_classes/src/ux_host_class_audio_alternate_setting_locate.c ****         
 151:Middlewares/ST/usbx/common/usbx_host_classes/src/ux_host_class_audio_alternate_setting_locate.c ****                 
 152:Middlewares/ST/usbx/common/usbx_host_classes/src/ux_host_class_audio_alternate_setting_locate.c ****         case UX_HOST_CLASS_AUDIO_CS_INTERFACE:
 153:Middlewares/ST/usbx/common/usbx_host_classes/src/ux_host_class_audio_alternate_setting_locate.c **** 
 154:Middlewares/ST/usbx/common/usbx_host_classes/src/ux_host_class_audio_alternate_setting_locate.c ****             /* First make sure we have found the correct generic interface descriptor.  */
 155:Middlewares/ST/usbx/common/usbx_host_classes/src/ux_host_class_audio_alternate_setting_locate.c ****             if ((interface_found == UX_TRUE) && (descriptor_subtype == UX_HOST_CLASS_AUDIO_CS_FORMA
 156:Middlewares/ST/usbx/common/usbx_host_classes/src/ux_host_class_audio_alternate_setting_locate.c ****             {
 157:Middlewares/ST/usbx/common/usbx_host_classes/src/ux_host_class_audio_alternate_setting_locate.c **** 
 158:Middlewares/ST/usbx/common/usbx_host_classes/src/ux_host_class_audio_alternate_setting_locate.c ****                 /* Parse the FORMAT_TYPE descriptor and make it machine independent.  */
 159:Middlewares/ST/usbx/common/usbx_host_classes/src/ux_host_class_audio_alternate_setting_locate.c ****                 _ux_utility_descriptor_parse(descriptor, _ux_system_class_audio_interface_descripto
 160:Middlewares/ST/usbx/common/usbx_host_classes/src/ux_host_class_audio_alternate_setting_locate.c ****                                                 UX_HOST_CLASS_AUDIO_INTERFACE_DESCRIPTOR_ENTRIES, (
ARM GAS  /tmp/cc0FNjCT.s 			page 6


 161:Middlewares/ST/usbx/common/usbx_host_classes/src/ux_host_class_audio_alternate_setting_locate.c **** 
 162:Middlewares/ST/usbx/common/usbx_host_classes/src/ux_host_class_audio_alternate_setting_locate.c ****                 /* This descriptor must refer to a PCM audio type.  */
 163:Middlewares/ST/usbx/common/usbx_host_classes/src/ux_host_class_audio_alternate_setting_locate.c ****                 if (audio_interface_descriptor.bFormatType != UX_HOST_CLASS_AUDIO_FORMAT_TYPE_I)   
 164:Middlewares/ST/usbx/common/usbx_host_classes/src/ux_host_class_audio_alternate_setting_locate.c ****                     break;
 165:Middlewares/ST/usbx/common/usbx_host_classes/src/ux_host_class_audio_alternate_setting_locate.c **** 
 166:Middlewares/ST/usbx/common/usbx_host_classes/src/ux_host_class_audio_alternate_setting_locate.c ****                 /* The number of channels demanded by the application must match.  */
 167:Middlewares/ST/usbx/common/usbx_host_classes/src/ux_host_class_audio_alternate_setting_locate.c ****                 if (audio_sampling -> ux_host_class_audio_sampling_channels != audio_interface_desc
 168:Middlewares/ST/usbx/common/usbx_host_classes/src/ux_host_class_audio_alternate_setting_locate.c ****                     break;
 169:Middlewares/ST/usbx/common/usbx_host_classes/src/ux_host_class_audio_alternate_setting_locate.c **** 
 170:Middlewares/ST/usbx/common/usbx_host_classes/src/ux_host_class_audio_alternate_setting_locate.c ****                 /* The resolution demanded by the application must match.  */
 171:Middlewares/ST/usbx/common/usbx_host_classes/src/ux_host_class_audio_alternate_setting_locate.c ****                 if (audio_sampling -> ux_host_class_audio_sampling_resolution != audio_interface_de
 172:Middlewares/ST/usbx/common/usbx_host_classes/src/ux_host_class_audio_alternate_setting_locate.c ****                     break;
 173:Middlewares/ST/usbx/common/usbx_host_classes/src/ux_host_class_audio_alternate_setting_locate.c **** 
 174:Middlewares/ST/usbx/common/usbx_host_classes/src/ux_host_class_audio_alternate_setting_locate.c ****                 /* Check the frequency demanded. The descriptor frequency is either defined
 175:Middlewares/ST/usbx/common/usbx_host_classes/src/ux_host_class_audio_alternate_setting_locate.c ****                    as a min and max frequency or an array of specified values.  */
 176:Middlewares/ST/usbx/common/usbx_host_classes/src/ux_host_class_audio_alternate_setting_locate.c ****                 if (audio_interface_descriptor.bSamFreqType == 0)
 177:Middlewares/ST/usbx/common/usbx_host_classes/src/ux_host_class_audio_alternate_setting_locate.c ****                 {
 178:Middlewares/ST/usbx/common/usbx_host_classes/src/ux_host_class_audio_alternate_setting_locate.c ****                         
 179:Middlewares/ST/usbx/common/usbx_host_classes/src/ux_host_class_audio_alternate_setting_locate.c ****                     /* The declaration of frequency is contiguous, so get the minimum and maximum *
 180:Middlewares/ST/usbx/common/usbx_host_classes/src/ux_host_class_audio_alternate_setting_locate.c ****                     lower_frequency =  (ULONG)  *(descriptor + UX_HOST_CLASS_AUDIO_INTERFACE_DESCRI
 181:Middlewares/ST/usbx/common/usbx_host_classes/src/ux_host_class_audio_alternate_setting_locate.c ****                                        ((ULONG) *(descriptor + UX_HOST_CLASS_AUDIO_INTERFACE_DESCRI
 182:Middlewares/ST/usbx/common/usbx_host_classes/src/ux_host_class_audio_alternate_setting_locate.c ****                                        ((ULONG) *(descriptor + UX_HOST_CLASS_AUDIO_INTERFACE_DESCRI
 183:Middlewares/ST/usbx/common/usbx_host_classes/src/ux_host_class_audio_alternate_setting_locate.c **** 
 184:Middlewares/ST/usbx/common/usbx_host_classes/src/ux_host_class_audio_alternate_setting_locate.c ****                     higher_frequency =  (ULONG)  *(descriptor + UX_HOST_CLASS_AUDIO_INTERFACE_DESCR
 185:Middlewares/ST/usbx/common/usbx_host_classes/src/ux_host_class_audio_alternate_setting_locate.c ****                                         ((ULONG) *(descriptor + UX_HOST_CLASS_AUDIO_INTERFACE_DESCR
 186:Middlewares/ST/usbx/common/usbx_host_classes/src/ux_host_class_audio_alternate_setting_locate.c ****                                         ((ULONG) *(descriptor + UX_HOST_CLASS_AUDIO_INTERFACE_DESCR
 187:Middlewares/ST/usbx/common/usbx_host_classes/src/ux_host_class_audio_alternate_setting_locate.c **** 
 188:Middlewares/ST/usbx/common/usbx_host_classes/src/ux_host_class_audio_alternate_setting_locate.c ****                     /* Now compare with what is required.  */
 189:Middlewares/ST/usbx/common/usbx_host_classes/src/ux_host_class_audio_alternate_setting_locate.c ****                     if ((audio_sampling -> ux_host_class_audio_sampling_frequency >= lower_frequenc
 190:Middlewares/ST/usbx/common/usbx_host_classes/src/ux_host_class_audio_alternate_setting_locate.c ****                         (audio_sampling -> ux_host_class_audio_sampling_frequency <= higher_frequen
 191:Middlewares/ST/usbx/common/usbx_host_classes/src/ux_host_class_audio_alternate_setting_locate.c ****                     {
 192:Middlewares/ST/usbx/common/usbx_host_classes/src/ux_host_class_audio_alternate_setting_locate.c **** 
 193:Middlewares/ST/usbx/common/usbx_host_classes/src/ux_host_class_audio_alternate_setting_locate.c ****                         /* We have found the right alternate setting.  */
 194:Middlewares/ST/usbx/common/usbx_host_classes/src/ux_host_class_audio_alternate_setting_locate.c ****                         return(UX_SUCCESS);
 195:Middlewares/ST/usbx/common/usbx_host_classes/src/ux_host_class_audio_alternate_setting_locate.c ****                     }
 196:Middlewares/ST/usbx/common/usbx_host_classes/src/ux_host_class_audio_alternate_setting_locate.c ****                 }
 197:Middlewares/ST/usbx/common/usbx_host_classes/src/ux_host_class_audio_alternate_setting_locate.c ****                 else
 198:Middlewares/ST/usbx/common/usbx_host_classes/src/ux_host_class_audio_alternate_setting_locate.c ****                 {
 199:Middlewares/ST/usbx/common/usbx_host_classes/src/ux_host_class_audio_alternate_setting_locate.c **** 
 200:Middlewares/ST/usbx/common/usbx_host_classes/src/ux_host_class_audio_alternate_setting_locate.c ****                     /* The declaration of the frequency is declared as an array of specific values.
 201:Middlewares/ST/usbx/common/usbx_host_classes/src/ux_host_class_audio_alternate_setting_locate.c ****                     for (specific_frequency_count = 0; specific_frequency_count < audio_interface_d
 202:Middlewares/ST/usbx/common/usbx_host_classes/src/ux_host_class_audio_alternate_setting_locate.c ****                             specific_frequency_count++)
 203:Middlewares/ST/usbx/common/usbx_host_classes/src/ux_host_class_audio_alternate_setting_locate.c ****                     {
 204:Middlewares/ST/usbx/common/usbx_host_classes/src/ux_host_class_audio_alternate_setting_locate.c **** 
 205:Middlewares/ST/usbx/common/usbx_host_classes/src/ux_host_class_audio_alternate_setting_locate.c ****                         lower_frequency =  (ULONG)  *(descriptor + UX_HOST_CLASS_AUDIO_INTERFACE_DE
 206:Middlewares/ST/usbx/common/usbx_host_classes/src/ux_host_class_audio_alternate_setting_locate.c ****                                            ((ULONG) *(descriptor + UX_HOST_CLASS_AUDIO_INTERFACE_DE
 207:Middlewares/ST/usbx/common/usbx_host_classes/src/ux_host_class_audio_alternate_setting_locate.c ****                                            ((ULONG) *(descriptor + UX_HOST_CLASS_AUDIO_INTERFACE_DE
 208:Middlewares/ST/usbx/common/usbx_host_classes/src/ux_host_class_audio_alternate_setting_locate.c **** 
 209:Middlewares/ST/usbx/common/usbx_host_classes/src/ux_host_class_audio_alternate_setting_locate.c ****                         /* Now compare with what is required.  */
 210:Middlewares/ST/usbx/common/usbx_host_classes/src/ux_host_class_audio_alternate_setting_locate.c ****                         if (audio_sampling -> ux_host_class_audio_sampling_frequency == lower_frequ
 211:Middlewares/ST/usbx/common/usbx_host_classes/src/ux_host_class_audio_alternate_setting_locate.c ****                         {
 212:Middlewares/ST/usbx/common/usbx_host_classes/src/ux_host_class_audio_alternate_setting_locate.c **** 
 213:Middlewares/ST/usbx/common/usbx_host_classes/src/ux_host_class_audio_alternate_setting_locate.c ****                             /* We have found the right alternate setting.  */
 214:Middlewares/ST/usbx/common/usbx_host_classes/src/ux_host_class_audio_alternate_setting_locate.c ****                             return(UX_SUCCESS);
 215:Middlewares/ST/usbx/common/usbx_host_classes/src/ux_host_class_audio_alternate_setting_locate.c ****                         }
 216:Middlewares/ST/usbx/common/usbx_host_classes/src/ux_host_class_audio_alternate_setting_locate.c ****                     }
 217:Middlewares/ST/usbx/common/usbx_host_classes/src/ux_host_class_audio_alternate_setting_locate.c ****                 }                        
ARM GAS  /tmp/cc0FNjCT.s 			page 7


 218:Middlewares/ST/usbx/common/usbx_host_classes/src/ux_host_class_audio_alternate_setting_locate.c ****             }
 219:Middlewares/ST/usbx/common/usbx_host_classes/src/ux_host_class_audio_alternate_setting_locate.c ****             break;
 220:Middlewares/ST/usbx/common/usbx_host_classes/src/ux_host_class_audio_alternate_setting_locate.c ****         }       
 221:Middlewares/ST/usbx/common/usbx_host_classes/src/ux_host_class_audio_alternate_setting_locate.c **** 
 222:Middlewares/ST/usbx/common/usbx_host_classes/src/ux_host_class_audio_alternate_setting_locate.c ****         /* Verify if the descriptor is still valid.  */
 223:Middlewares/ST/usbx/common/usbx_host_classes/src/ux_host_class_audio_alternate_setting_locate.c ****         if (descriptor_length > total_descriptor_length)
 126              		.loc 1 223 9 is_stmt 1 view .LVU33
 127              		.loc 1 223 12 is_stmt 0 view .LVU34
 128 0050 AE42     		cmp	r6, r5
 129 0052 5BD3     		bcc	.L18
 224:Middlewares/ST/usbx/common/usbx_host_classes/src/ux_host_class_audio_alternate_setting_locate.c ****         {
 225:Middlewares/ST/usbx/common/usbx_host_classes/src/ux_host_class_audio_alternate_setting_locate.c **** 
 226:Middlewares/ST/usbx/common/usbx_host_classes/src/ux_host_class_audio_alternate_setting_locate.c ****             /* If trace is enabled, insert this event into the trace buffer.  */
 227:Middlewares/ST/usbx/common/usbx_host_classes/src/ux_host_class_audio_alternate_setting_locate.c ****             UX_TRACE_IN_LINE_INSERT(UX_TRACE_ERROR, UX_DESCRIPTOR_CORRUPTED, descriptor, 0, 0, UX_T
 228:Middlewares/ST/usbx/common/usbx_host_classes/src/ux_host_class_audio_alternate_setting_locate.c **** 
 229:Middlewares/ST/usbx/common/usbx_host_classes/src/ux_host_class_audio_alternate_setting_locate.c ****             return(UX_DESCRIPTOR_CORRUPTED);
 230:Middlewares/ST/usbx/common/usbx_host_classes/src/ux_host_class_audio_alternate_setting_locate.c ****         }
 231:Middlewares/ST/usbx/common/usbx_host_classes/src/ux_host_class_audio_alternate_setting_locate.c ****         
 232:Middlewares/ST/usbx/common/usbx_host_classes/src/ux_host_class_audio_alternate_setting_locate.c ****         /* Jump to the next descriptor if we have not reached the end.  */
 233:Middlewares/ST/usbx/common/usbx_host_classes/src/ux_host_class_audio_alternate_setting_locate.c ****         descriptor +=  descriptor_length;
 130              		.loc 1 233 9 is_stmt 1 view .LVU35
 131              		.loc 1 233 20 is_stmt 0 view .LVU36
 132 0054 2C44     		add	r4, r4, r5
 133              	.LVL13:
 234:Middlewares/ST/usbx/common/usbx_host_classes/src/ux_host_class_audio_alternate_setting_locate.c **** 
 235:Middlewares/ST/usbx/common/usbx_host_classes/src/ux_host_class_audio_alternate_setting_locate.c ****         /* And adjust the length left to parse in the descriptor.  */
 236:Middlewares/ST/usbx/common/usbx_host_classes/src/ux_host_class_audio_alternate_setting_locate.c ****         total_descriptor_length -=  descriptor_length;
 134              		.loc 1 236 9 is_stmt 1 view .LVU37
 135              		.loc 1 236 33 is_stmt 0 view .LVU38
 136 0056 761B     		subs	r6, r6, r5
 137              	.LVL14:
 138              	.L2:
 101:Middlewares/ST/usbx/common/usbx_host_classes/src/ux_host_class_audio_alternate_setting_locate.c ****     {
 139              		.loc 1 101 12 is_stmt 1 view .LVU39
 140 0058 002E     		cmp	r6, #0
 141 005a 66D0     		beq	.L19
 105:Middlewares/ST/usbx/common/usbx_host_classes/src/ux_host_class_audio_alternate_setting_locate.c ****         descriptor_type =     *(descriptor + 1);
 142              		.loc 1 105 9 view .LVU40
 105:Middlewares/ST/usbx/common/usbx_host_classes/src/ux_host_class_audio_alternate_setting_locate.c ****         descriptor_type =     *(descriptor + 1);
 143              		.loc 1 105 31 is_stmt 0 view .LVU41
 144 005c 2578     		ldrb	r5, [r4]	@ zero_extendqisi2
 145              	.LVL15:
 106:Middlewares/ST/usbx/common/usbx_host_classes/src/ux_host_class_audio_alternate_setting_locate.c ****         descriptor_subtype =  *(descriptor + 2);
 146              		.loc 1 106 9 is_stmt 1 view .LVU42
 106:Middlewares/ST/usbx/common/usbx_host_classes/src/ux_host_class_audio_alternate_setting_locate.c ****         descriptor_subtype =  *(descriptor + 2);
 147              		.loc 1 106 31 is_stmt 0 view .LVU43
 148 005e 6378     		ldrb	r3, [r4, #1]	@ zero_extendqisi2
 149              	.LVL16:
 107:Middlewares/ST/usbx/common/usbx_host_classes/src/ux_host_class_audio_alternate_setting_locate.c **** 
 150              		.loc 1 107 9 is_stmt 1 view .LVU44
 107:Middlewares/ST/usbx/common/usbx_host_classes/src/ux_host_class_audio_alternate_setting_locate.c **** 
 151              		.loc 1 107 31 is_stmt 0 view .LVU45
 152 0060 A278     		ldrb	r2, [r4, #2]	@ zero_extendqisi2
 153              	.LVL17:
 110:Middlewares/ST/usbx/common/usbx_host_classes/src/ux_host_class_audio_alternate_setting_locate.c ****         {
 154              		.loc 1 110 9 is_stmt 1 view .LVU46
 110:Middlewares/ST/usbx/common/usbx_host_classes/src/ux_host_class_audio_alternate_setting_locate.c ****         {
ARM GAS  /tmp/cc0FNjCT.s 			page 8


 155              		.loc 1 110 12 is_stmt 0 view .LVU47
 156 0062 022D     		cmp	r5, #2
 157 0064 D6D9     		bls	.L20
 122:Middlewares/ST/usbx/common/usbx_host_classes/src/ux_host_class_audio_alternate_setting_locate.c ****         {
 158              		.loc 1 122 9 is_stmt 1 view .LVU48
 159 0066 042B     		cmp	r3, #4
 160 0068 E8D0     		beq	.L5
 161 006a 242B     		cmp	r3, #36
 162 006c F0D1     		bne	.L7
 155:Middlewares/ST/usbx/common/usbx_host_classes/src/ux_host_class_audio_alternate_setting_locate.c ****             {
 163              		.loc 1 155 13 view .LVU49
 155:Middlewares/ST/usbx/common/usbx_host_classes/src/ux_host_class_audio_alternate_setting_locate.c ****             {
 164              		.loc 1 155 16 is_stmt 0 view .LVU50
 165 006e 012F     		cmp	r7, #1
 166 0070 08BF     		it	eq
 167 0072 022A     		cmpeq	r2, #2
 168 0074 ECD1     		bne	.L7
 159:Middlewares/ST/usbx/common/usbx_host_classes/src/ux_host_class_audio_alternate_setting_locate.c ****                                                 UX_HOST_CLASS_AUDIO_INTERFACE_DESCRIPTOR_ENTRIES, (
 169              		.loc 1 159 17 is_stmt 1 view .LVU51
 170 0076 05AB     		add	r3, sp, #20
 171              	.LVL18:
 159:Middlewares/ST/usbx/common/usbx_host_classes/src/ux_host_class_audio_alternate_setting_locate.c ****                                                 UX_HOST_CLASS_AUDIO_INTERFACE_DESCRIPTOR_ENTRIES, (
 172              		.loc 1 159 17 is_stmt 0 view .LVU52
 173 0078 0822     		movs	r2, #8
 174              	.LVL19:
 159:Middlewares/ST/usbx/common/usbx_host_classes/src/ux_host_class_audio_alternate_setting_locate.c ****                                                 UX_HOST_CLASS_AUDIO_INTERFACE_DESCRIPTOR_ENTRIES, (
 175              		.loc 1 159 17 view .LVU53
 176 007a 3649     		ldr	r1, .L22+4
 177 007c 2046     		mov	r0, r4
 178 007e FFF7FEFF 		bl	_ux_utility_descriptor_parse
 179              	.LVL20:
 163:Middlewares/ST/usbx/common/usbx_host_classes/src/ux_host_class_audio_alternate_setting_locate.c ****                     break;
 180              		.loc 1 163 17 is_stmt 1 view .LVU54
 163:Middlewares/ST/usbx/common/usbx_host_classes/src/ux_host_class_audio_alternate_setting_locate.c ****                     break;
 181              		.loc 1 163 47 is_stmt 0 view .LVU55
 182 0082 089B     		ldr	r3, [sp, #32]
 163:Middlewares/ST/usbx/common/usbx_host_classes/src/ux_host_class_audio_alternate_setting_locate.c ****                     break;
 183              		.loc 1 163 20 view .LVU56
 184 0084 012B     		cmp	r3, #1
 185 0086 E3D1     		bne	.L7
 167:Middlewares/ST/usbx/common/usbx_host_classes/src/ux_host_class_audio_alternate_setting_locate.c ****                     break;
 186              		.loc 1 167 17 is_stmt 1 view .LVU57
 167:Middlewares/ST/usbx/common/usbx_host_classes/src/ux_host_class_audio_alternate_setting_locate.c ****                     break;
 187              		.loc 1 167 36 is_stmt 0 view .LVU58
 188 0088 D9F80020 		ldr	r2, [r9]
 167:Middlewares/ST/usbx/common/usbx_host_classes/src/ux_host_class_audio_alternate_setting_locate.c ****                     break;
 189              		.loc 1 167 106 view .LVU59
 190 008c 099B     		ldr	r3, [sp, #36]
 167:Middlewares/ST/usbx/common/usbx_host_classes/src/ux_host_class_audio_alternate_setting_locate.c ****                     break;
 191              		.loc 1 167 20 view .LVU60
 192 008e 9A42     		cmp	r2, r3
 193 0090 DED1     		bne	.L7
 171:Middlewares/ST/usbx/common/usbx_host_classes/src/ux_host_class_audio_alternate_setting_locate.c ****                     break;
 194              		.loc 1 171 17 is_stmt 1 view .LVU61
 171:Middlewares/ST/usbx/common/usbx_host_classes/src/ux_host_class_audio_alternate_setting_locate.c ****                     break;
 195              		.loc 1 171 36 is_stmt 0 view .LVU62
 196 0092 D9F80820 		ldr	r2, [r9, #8]
ARM GAS  /tmp/cc0FNjCT.s 			page 9


 171:Middlewares/ST/usbx/common/usbx_host_classes/src/ux_host_class_audio_alternate_setting_locate.c ****                     break;
 197              		.loc 1 171 108 view .LVU63
 198 0096 0B9B     		ldr	r3, [sp, #44]
 171:Middlewares/ST/usbx/common/usbx_host_classes/src/ux_host_class_audio_alternate_setting_locate.c ****                     break;
 199              		.loc 1 171 20 view .LVU64
 200 0098 9A42     		cmp	r2, r3
 201 009a D9D1     		bne	.L7
 176:Middlewares/ST/usbx/common/usbx_host_classes/src/ux_host_class_audio_alternate_setting_locate.c ****                 {
 202              		.loc 1 176 17 is_stmt 1 view .LVU65
 176:Middlewares/ST/usbx/common/usbx_host_classes/src/ux_host_class_audio_alternate_setting_locate.c ****                 {
 203              		.loc 1 176 47 is_stmt 0 view .LVU66
 204 009c 0C98     		ldr	r0, [sp, #48]
 176:Middlewares/ST/usbx/common/usbx_host_classes/src/ux_host_class_audio_alternate_setting_locate.c ****                 {
 205              		.loc 1 176 20 view .LVU67
 206 009e E8B9     		cbnz	r0, .L14
 180:Middlewares/ST/usbx/common/usbx_host_classes/src/ux_host_class_audio_alternate_setting_locate.c ****                                        ((ULONG) *(descriptor + UX_HOST_CLASS_AUDIO_INTERFACE_DESCRI
 207              		.loc 1 180 21 is_stmt 1 view .LVU68
 180:Middlewares/ST/usbx/common/usbx_host_classes/src/ux_host_class_audio_alternate_setting_locate.c ****                                        ((ULONG) *(descriptor + UX_HOST_CLASS_AUDIO_INTERFACE_DESCRI
 208              		.loc 1 180 49 is_stmt 0 view .LVU69
 209 00a0 237A     		ldrb	r3, [r4, #8]	@ zero_extendqisi2
 181:Middlewares/ST/usbx/common/usbx_host_classes/src/ux_host_class_audio_alternate_setting_locate.c ****                                        ((ULONG) *(descriptor + UX_HOST_CLASS_AUDIO_INTERFACE_DESCRI
 210              		.loc 1 181 49 view .LVU70
 211 00a2 627A     		ldrb	r2, [r4, #9]	@ zero_extendqisi2
 180:Middlewares/ST/usbx/common/usbx_host_classes/src/ux_host_class_audio_alternate_setting_locate.c ****                                        ((ULONG) *(descriptor + UX_HOST_CLASS_AUDIO_INTERFACE_DESCRI
 212              		.loc 1 180 113 view .LVU71
 213 00a4 43EA0223 		orr	r3, r3, r2, lsl #8
 182:Middlewares/ST/usbx/common/usbx_host_classes/src/ux_host_class_audio_alternate_setting_locate.c **** 
 214              		.loc 1 182 49 view .LVU72
 215 00a8 A27A     		ldrb	r2, [r4, #10]	@ zero_extendqisi2
 180:Middlewares/ST/usbx/common/usbx_host_classes/src/ux_host_class_audio_alternate_setting_locate.c ****                                        ((ULONG) *(descriptor + UX_HOST_CLASS_AUDIO_INTERFACE_DESCRI
 216              		.loc 1 180 37 view .LVU73
 217 00aa 43EA0243 		orr	r3, r3, r2, lsl #16
 218              	.LVL21:
 184:Middlewares/ST/usbx/common/usbx_host_classes/src/ux_host_class_audio_alternate_setting_locate.c ****                                         ((ULONG) *(descriptor + UX_HOST_CLASS_AUDIO_INTERFACE_DESCR
 219              		.loc 1 184 21 is_stmt 1 view .LVU74
 184:Middlewares/ST/usbx/common/usbx_host_classes/src/ux_host_class_audio_alternate_setting_locate.c ****                                         ((ULONG) *(descriptor + UX_HOST_CLASS_AUDIO_INTERFACE_DESCR
 220              		.loc 1 184 50 is_stmt 0 view .LVU75
 221 00ae E27A     		ldrb	r2, [r4, #11]	@ zero_extendqisi2
 185:Middlewares/ST/usbx/common/usbx_host_classes/src/ux_host_class_audio_alternate_setting_locate.c ****                                         ((ULONG) *(descriptor + UX_HOST_CLASS_AUDIO_INTERFACE_DESCR
 222              		.loc 1 185 50 view .LVU76
 223 00b0 217B     		ldrb	r1, [r4, #12]	@ zero_extendqisi2
 184:Middlewares/ST/usbx/common/usbx_host_classes/src/ux_host_class_audio_alternate_setting_locate.c ****                                         ((ULONG) *(descriptor + UX_HOST_CLASS_AUDIO_INTERFACE_DESCR
 224              		.loc 1 184 118 view .LVU77
 225 00b2 42EA0122 		orr	r2, r2, r1, lsl #8
 186:Middlewares/ST/usbx/common/usbx_host_classes/src/ux_host_class_audio_alternate_setting_locate.c **** 
 226              		.loc 1 186 50 view .LVU78
 227 00b6 617B     		ldrb	r1, [r4, #13]	@ zero_extendqisi2
 184:Middlewares/ST/usbx/common/usbx_host_classes/src/ux_host_class_audio_alternate_setting_locate.c ****                                         ((ULONG) *(descriptor + UX_HOST_CLASS_AUDIO_INTERFACE_DESCR
 228              		.loc 1 184 38 view .LVU79
 229 00b8 42EA0142 		orr	r2, r2, r1, lsl #16
 230              	.LVL22:
 189:Middlewares/ST/usbx/common/usbx_host_classes/src/ux_host_class_audio_alternate_setting_locate.c ****                         (audio_sampling -> ux_host_class_audio_sampling_frequency <= higher_frequen
 231              		.loc 1 189 21 is_stmt 1 view .LVU80
 189:Middlewares/ST/usbx/common/usbx_host_classes/src/ux_host_class_audio_alternate_setting_locate.c ****                         (audio_sampling -> ux_host_class_audio_sampling_frequency <= higher_frequen
 232              		.loc 1 189 41 is_stmt 0 view .LVU81
 233 00bc D9F80410 		ldr	r1, [r9, #4]
 189:Middlewares/ST/usbx/common/usbx_host_classes/src/ux_host_class_audio_alternate_setting_locate.c ****                         (audio_sampling -> ux_host_class_audio_sampling_frequency <= higher_frequen
ARM GAS  /tmp/cc0FNjCT.s 			page 10


 234              		.loc 1 189 24 view .LVU82
 235 00c0 9942     		cmp	r1, r3
 236 00c2 C5D3     		bcc	.L7
 189:Middlewares/ST/usbx/common/usbx_host_classes/src/ux_host_class_audio_alternate_setting_locate.c ****                         (audio_sampling -> ux_host_class_audio_sampling_frequency <= higher_frequen
 237              		.loc 1 189 103 discriminator 1 view .LVU83
 238 00c4 9142     		cmp	r1, r2
 239 00c6 C3D8     		bhi	.L7
 240 00c8 3DE0     		b	.L1
 241              	.LVL23:
 242              	.L17:
 134:Middlewares/ST/usbx/common/usbx_host_classes/src/ux_host_class_audio_alternate_setting_locate.c ****             {
 243              		.loc 1 134 38 view .LVU84
 244 00ca 139B     		ldr	r3, [sp, #76]
 133:Middlewares/ST/usbx/common/usbx_host_classes/src/ux_host_class_audio_alternate_setting_locate.c ****                 (interface_descriptor.bInterfaceSubClass == UX_HOST_CLASS_AUDIO_SUBCLASS_STREAMING)
 245              		.loc 1 133 85 discriminator 1 view .LVU85
 246 00cc 022B     		cmp	r3, #2
 247 00ce 01D0     		beq	.L21
 147:Middlewares/ST/usbx/common/usbx_host_classes/src/ux_host_class_audio_alternate_setting_locate.c ****             }
 248              		.loc 1 147 33 view .LVU86
 249 00d0 0027     		movs	r7, #0
 250 00d2 BDE7     		b	.L7
 251              	.L21:
 138:Middlewares/ST/usbx/common/usbx_host_classes/src/ux_host_class_audio_alternate_setting_locate.c ****                     
 252              		.loc 1 138 17 is_stmt 1 view .LVU87
 253              	.LVL24:
 141:Middlewares/ST/usbx/common/usbx_host_classes/src/ux_host_class_audio_alternate_setting_locate.c ****             }
 254              		.loc 1 141 17 view .LVU88
 141:Middlewares/ST/usbx/common/usbx_host_classes/src/ux_host_class_audio_alternate_setting_locate.c ****             }
 255              		.loc 1 141 59 is_stmt 0 view .LVU89
 256 00d4 109B     		ldr	r3, [sp, #64]
 141:Middlewares/ST/usbx/common/usbx_host_classes/src/ux_host_class_audio_alternate_setting_locate.c ****             }
 257              		.loc 1 141 36 view .LVU90
 258 00d6 CAF80030 		str	r3, [r10]
 259 00da B9E7     		b	.L7
 260              	.LVL25:
 261              	.L14:
 201:Middlewares/ST/usbx/common/usbx_host_classes/src/ux_host_class_audio_alternate_setting_locate.c ****                             specific_frequency_count++)
 262              		.loc 1 201 51 view .LVU91
 263 00dc 0021     		movs	r1, #0
 264              	.L8:
 265              	.LVL26:
 201:Middlewares/ST/usbx/common/usbx_host_classes/src/ux_host_class_audio_alternate_setting_locate.c ****                             specific_frequency_count++)
 266              		.loc 1 201 81 is_stmt 1 discriminator 1 view .LVU92
 267 00de 8842     		cmp	r0, r1
 268 00e0 B6D9     		bls	.L7
 205:Middlewares/ST/usbx/common/usbx_host_classes/src/ux_host_class_audio_alternate_setting_locate.c ****                                            ((ULONG) *(descriptor + UX_HOST_CLASS_AUDIO_INTERFACE_DE
 269              		.loc 1 205 25 view .LVU93
 205:Middlewares/ST/usbx/common/usbx_host_classes/src/ux_host_class_audio_alternate_setting_locate.c ****                                            ((ULONG) *(descriptor + UX_HOST_CLASS_AUDIO_INTERFACE_DE
 270              		.loc 1 205 144 is_stmt 0 view .LVU94
 271 00e2 01EB4102 		add	r2, r1, r1, lsl #1
 205:Middlewares/ST/usbx/common/usbx_host_classes/src/ux_host_class_audio_alternate_setting_locate.c ****                                            ((ULONG) *(descriptor + UX_HOST_CLASS_AUDIO_INTERFACE_DE
 272              		.loc 1 205 116 view .LVU95
 273 00e6 02F10803 		add	r3, r2, #8
 205:Middlewares/ST/usbx/common/usbx_host_classes/src/ux_host_class_audio_alternate_setting_locate.c ****                                            ((ULONG) *(descriptor + UX_HOST_CLASS_AUDIO_INTERFACE_DE
 274              		.loc 1 205 53 view .LVU96
 275 00ea E35C     		ldrb	r3, [r4, r3]	@ zero_extendqisi2
 206:Middlewares/ST/usbx/common/usbx_host_classes/src/ux_host_class_audio_alternate_setting_locate.c ****                                            ((ULONG) *(descriptor + UX_HOST_CLASS_AUDIO_INTERFACE_DE
ARM GAS  /tmp/cc0FNjCT.s 			page 11


 276              		.loc 1 206 120 view .LVU97
 277 00ec 02F1090C 		add	ip, r2, #9
 206:Middlewares/ST/usbx/common/usbx_host_classes/src/ux_host_class_audio_alternate_setting_locate.c ****                                            ((ULONG) *(descriptor + UX_HOST_CLASS_AUDIO_INTERFACE_DE
 278              		.loc 1 206 53 view .LVU98
 279 00f0 14F80CC0 		ldrb	ip, [r4, ip]	@ zero_extendqisi2
 205:Middlewares/ST/usbx/common/usbx_host_classes/src/ux_host_class_audio_alternate_setting_locate.c ****                                            ((ULONG) *(descriptor + UX_HOST_CLASS_AUDIO_INTERFACE_DE
 280              		.loc 1 205 150 view .LVU99
 281 00f4 43EA0C23 		orr	r3, r3, ip, lsl #8
 207:Middlewares/ST/usbx/common/usbx_host_classes/src/ux_host_class_audio_alternate_setting_locate.c **** 
 282              		.loc 1 207 120 view .LVU100
 283 00f8 0A32     		adds	r2, r2, #10
 207:Middlewares/ST/usbx/common/usbx_host_classes/src/ux_host_class_audio_alternate_setting_locate.c **** 
 284              		.loc 1 207 53 view .LVU101
 285 00fa A25C     		ldrb	r2, [r4, r2]	@ zero_extendqisi2
 205:Middlewares/ST/usbx/common/usbx_host_classes/src/ux_host_class_audio_alternate_setting_locate.c ****                                            ((ULONG) *(descriptor + UX_HOST_CLASS_AUDIO_INTERFACE_DE
 286              		.loc 1 205 41 view .LVU102
 287 00fc 43EA0243 		orr	r3, r3, r2, lsl #16
 288              	.LVL27:
 210:Middlewares/ST/usbx/common/usbx_host_classes/src/ux_host_class_audio_alternate_setting_locate.c ****                         {
 289              		.loc 1 210 25 is_stmt 1 view .LVU103
 210:Middlewares/ST/usbx/common/usbx_host_classes/src/ux_host_class_audio_alternate_setting_locate.c ****                         {
 290              		.loc 1 210 44 is_stmt 0 view .LVU104
 291 0100 D9F80420 		ldr	r2, [r9, #4]
 210:Middlewares/ST/usbx/common/usbx_host_classes/src/ux_host_class_audio_alternate_setting_locate.c ****                         {
 292              		.loc 1 210 28 view .LVU105
 293 0104 9A42     		cmp	r2, r3
 294 0106 21D0     		beq	.L15
 202:Middlewares/ST/usbx/common/usbx_host_classes/src/ux_host_class_audio_alternate_setting_locate.c ****                     {
 295              		.loc 1 202 53 is_stmt 1 view .LVU106
 296 0108 0131     		adds	r1, r1, #1
 297              	.LVL28:
 202:Middlewares/ST/usbx/common/usbx_host_classes/src/ux_host_class_audio_alternate_setting_locate.c ****                     {
 298              		.loc 1 202 53 is_stmt 0 view .LVU107
 299 010a E8E7     		b	.L8
 300              	.LVL29:
 301              	.L18:
 227:Middlewares/ST/usbx/common/usbx_host_classes/src/ux_host_class_audio_alternate_setting_locate.c **** 
 302              		.loc 1 227 13 is_stmt 1 view .LVU108
 303 010c 0023     		movs	r3, #0
 304 010e 0393     		str	r3, [sp, #12]
 305 0110 0293     		str	r3, [sp, #8]
 306 0112 4FF08072 		mov	r2, #16777216
 307 0116 0192     		str	r2, [sp, #4]
 308 0118 0093     		str	r3, [sp]
 309 011a 2246     		mov	r2, r4
 310 011c 4221     		movs	r1, #66
 311 011e 40F2E730 		movw	r0, #999
 312 0122 FFF7FEFF 		bl	_ux_trace_event_insert
 313              	.LVL30:
 229:Middlewares/ST/usbx/common/usbx_host_classes/src/ux_host_class_audio_alternate_setting_locate.c ****         }
 314              		.loc 1 229 13 view .LVU109
 229:Middlewares/ST/usbx/common/usbx_host_classes/src/ux_host_class_audio_alternate_setting_locate.c ****         }
 315              		.loc 1 229 19 is_stmt 0 view .LVU110
 316 0126 4220     		movs	r0, #66
 317 0128 0DE0     		b	.L1
 318              	.LVL31:
 319              	.L19:
ARM GAS  /tmp/cc0FNjCT.s 			page 12


 237:Middlewares/ST/usbx/common/usbx_host_classes/src/ux_host_class_audio_alternate_setting_locate.c ****     }
 238:Middlewares/ST/usbx/common/usbx_host_classes/src/ux_host_class_audio_alternate_setting_locate.c **** 
 239:Middlewares/ST/usbx/common/usbx_host_classes/src/ux_host_class_audio_alternate_setting_locate.c ****     /* If trace is enabled, insert this event into the trace buffer.  */
 240:Middlewares/ST/usbx/common/usbx_host_classes/src/ux_host_class_audio_alternate_setting_locate.c ****     UX_TRACE_IN_LINE_INSERT(UX_TRACE_ERROR, UX_NO_ALTERNATE_SETTING, audio, 0, 0, UX_TRACE_ERRORS, 
 320              		.loc 1 240 5 is_stmt 1 view .LVU111
 321 012a 0023     		movs	r3, #0
 322 012c 0393     		str	r3, [sp, #12]
 323 012e 0293     		str	r3, [sp, #8]
 324 0130 4FF08072 		mov	r2, #16777216
 325 0134 0192     		str	r2, [sp, #4]
 326 0136 0093     		str	r3, [sp]
 327 0138 4246     		mov	r2, r8
 328 013a 5E21     		movs	r1, #94
 329 013c 40F2E730 		movw	r0, #999
 330 0140 FFF7FEFF 		bl	_ux_trace_event_insert
 331              	.LVL32:
 241:Middlewares/ST/usbx/common/usbx_host_classes/src/ux_host_class_audio_alternate_setting_locate.c **** 
 242:Middlewares/ST/usbx/common/usbx_host_classes/src/ux_host_class_audio_alternate_setting_locate.c ****     /* We get here when either the report descriptor has a problem or we could
 243:Middlewares/ST/usbx/common/usbx_host_classes/src/ux_host_class_audio_alternate_setting_locate.c ****        not find the right audio device.  */
 244:Middlewares/ST/usbx/common/usbx_host_classes/src/ux_host_class_audio_alternate_setting_locate.c ****     return(UX_NO_ALTERNATE_SETTING);
 332              		.loc 1 244 5 view .LVU112
 333              		.loc 1 244 11 is_stmt 0 view .LVU113
 334 0144 5E20     		movs	r0, #94
 335              	.L1:
 245:Middlewares/ST/usbx/common/usbx_host_classes/src/ux_host_class_audio_alternate_setting_locate.c **** }
 336              		.loc 1 245 1 view .LVU114
 337 0146 16B0     		add	sp, sp, #88
 338              	.LCFI2:
 339              		.cfi_remember_state
 340              		.cfi_def_cfa_offset 32
 341              		@ sp needed
 342 0148 BDE8F087 		pop	{r4, r5, r6, r7, r8, r9, r10, pc}
 343              	.LVL33:
 344              	.L15:
 345              	.LCFI3:
 346              		.cfi_restore_state
 214:Middlewares/ST/usbx/common/usbx_host_classes/src/ux_host_class_audio_alternate_setting_locate.c ****                         }
 347              		.loc 1 214 35 view .LVU115
 348 014c 0020     		movs	r0, #0
 349 014e FAE7     		b	.L1
 350              	.L23:
 351              		.align	2
 352              	.L22:
 353 0150 00000000 		.word	_ux_system_interface_descriptor_structure
 354 0154 00000000 		.word	_ux_system_class_audio_interface_descriptor_structure
 355              		.cfi_endproc
 356              	.LFE11:
 358              		.text
 359              	.Letext0:
 360              		.file 2 "Middlewares/ST/threadx/ports/cortex_m7/gnu/inc/tx_port.h"
 361              		.file 3 "Middlewares/ST/threadx/common/inc/tx_api.h"
 362              		.file 4 "Middlewares/ST/threadx/common/inc/tx_trace.h"
 363              		.file 5 "Middlewares/ST/usbx/common/core/inc/ux_api.h"
 364              		.file 6 "Middlewares/ST/usbx/common/core/inc/ux_system.h"
 365              		.file 7 "Middlewares/ST/usbx/common/usbx_host_classes/inc/ux_host_class_audio.h"
 366              		.file 8 "Middlewares/ST/usbx/common/core/inc/ux_utility.h"
ARM GAS  /tmp/cc0FNjCT.s 			page 13


DEFINED SYMBOLS
                            *ABS*:00000000 ux_host_class_audio_alternate_setting_locate.c
     /tmp/cc0FNjCT.s:20     .text._ux_host_class_audio_alternate_setting_locate:00000000 $t
     /tmp/cc0FNjCT.s:26     .text._ux_host_class_audio_alternate_setting_locate:00000000 _ux_host_class_audio_alternate_setting_locate
     /tmp/cc0FNjCT.s:353    .text._ux_host_class_audio_alternate_setting_locate:00000150 $d

UNDEFINED SYMBOLS
_ux_system_error_handler
_ux_trace_event_insert
_ux_utility_descriptor_parse
_ux_system_interface_descriptor_structure
_ux_system_class_audio_interface_descriptor_structure
