ARM GAS  /tmp/ccXBRvc4.s 			page 1


   1              		.cpu cortex-m7
   2              		.arch armv7e-m
   3              		.fpu fpv5-d16
   4              		.eabi_attribute 28, 1
   5              		.eabi_attribute 20, 1
   6              		.eabi_attribute 21, 1
   7              		.eabi_attribute 23, 3
   8              		.eabi_attribute 24, 1
   9              		.eabi_attribute 25, 1
  10              		.eabi_attribute 26, 1
  11              		.eabi_attribute 30, 1
  12              		.eabi_attribute 34, 1
  13              		.eabi_attribute 18, 4
  14              		.file	"ux_host_stack_class_get.c"
  15              		.text
  16              	.Ltext0:
  17              		.cfi_sections	.debug_frame
  18              		.file 1 "Middlewares/ST/usbx/common/core/src/ux_host_stack_class_get.c"
  19              		.section	.text._ux_host_stack_class_get,"ax",%progbits
  20              		.align	1
  21              		.global	_ux_host_stack_class_get
  22              		.syntax unified
  23              		.thumb
  24              		.thumb_func
  26              	_ux_host_stack_class_get:
  27              	.LVL0:
  28              	.LFB11:
   1:Middlewares/ST/usbx/common/core/src/ux_host_stack_class_get.c **** /**************************************************************************/
   2:Middlewares/ST/usbx/common/core/src/ux_host_stack_class_get.c **** /*                                                                        */
   3:Middlewares/ST/usbx/common/core/src/ux_host_stack_class_get.c **** /*       Copyright (c) Microsoft Corporation. All rights reserved.        */
   4:Middlewares/ST/usbx/common/core/src/ux_host_stack_class_get.c **** /*                                                                        */
   5:Middlewares/ST/usbx/common/core/src/ux_host_stack_class_get.c **** /*       This software is licensed under the Microsoft Software License   */
   6:Middlewares/ST/usbx/common/core/src/ux_host_stack_class_get.c **** /*       Terms for Microsoft Azure RTOS. Full text of the license can be  */
   7:Middlewares/ST/usbx/common/core/src/ux_host_stack_class_get.c **** /*       found in the LICENSE file at https://aka.ms/AzureRTOS_EULA       */
   8:Middlewares/ST/usbx/common/core/src/ux_host_stack_class_get.c **** /*       and in the root directory of this software.                      */
   9:Middlewares/ST/usbx/common/core/src/ux_host_stack_class_get.c **** /*                                                                        */
  10:Middlewares/ST/usbx/common/core/src/ux_host_stack_class_get.c **** /**************************************************************************/
  11:Middlewares/ST/usbx/common/core/src/ux_host_stack_class_get.c **** 
  12:Middlewares/ST/usbx/common/core/src/ux_host_stack_class_get.c **** 
  13:Middlewares/ST/usbx/common/core/src/ux_host_stack_class_get.c **** /**************************************************************************/
  14:Middlewares/ST/usbx/common/core/src/ux_host_stack_class_get.c **** /**************************************************************************/
  15:Middlewares/ST/usbx/common/core/src/ux_host_stack_class_get.c **** /**                                                                       */ 
  16:Middlewares/ST/usbx/common/core/src/ux_host_stack_class_get.c **** /** USBX Component                                                        */ 
  17:Middlewares/ST/usbx/common/core/src/ux_host_stack_class_get.c **** /**                                                                       */
  18:Middlewares/ST/usbx/common/core/src/ux_host_stack_class_get.c **** /**   Host Stack                                                          */
  19:Middlewares/ST/usbx/common/core/src/ux_host_stack_class_get.c **** /**                                                                       */
  20:Middlewares/ST/usbx/common/core/src/ux_host_stack_class_get.c **** /**************************************************************************/
  21:Middlewares/ST/usbx/common/core/src/ux_host_stack_class_get.c **** /**************************************************************************/
  22:Middlewares/ST/usbx/common/core/src/ux_host_stack_class_get.c **** 
  23:Middlewares/ST/usbx/common/core/src/ux_host_stack_class_get.c **** 
  24:Middlewares/ST/usbx/common/core/src/ux_host_stack_class_get.c **** /* Include necessary system files.  */
  25:Middlewares/ST/usbx/common/core/src/ux_host_stack_class_get.c **** 
  26:Middlewares/ST/usbx/common/core/src/ux_host_stack_class_get.c **** #define UX_SOURCE_CODE
  27:Middlewares/ST/usbx/common/core/src/ux_host_stack_class_get.c **** 
  28:Middlewares/ST/usbx/common/core/src/ux_host_stack_class_get.c **** #include "ux_api.h"
  29:Middlewares/ST/usbx/common/core/src/ux_host_stack_class_get.c **** #include "ux_host_stack.h"
  30:Middlewares/ST/usbx/common/core/src/ux_host_stack_class_get.c **** 
ARM GAS  /tmp/ccXBRvc4.s 			page 2


  31:Middlewares/ST/usbx/common/core/src/ux_host_stack_class_get.c **** 
  32:Middlewares/ST/usbx/common/core/src/ux_host_stack_class_get.c **** /**************************************************************************/ 
  33:Middlewares/ST/usbx/common/core/src/ux_host_stack_class_get.c **** /*                                                                        */ 
  34:Middlewares/ST/usbx/common/core/src/ux_host_stack_class_get.c **** /*  FUNCTION                                               RELEASE        */ 
  35:Middlewares/ST/usbx/common/core/src/ux_host_stack_class_get.c **** /*                                                                        */ 
  36:Middlewares/ST/usbx/common/core/src/ux_host_stack_class_get.c **** /*    _ux_host_stack_class_get                            PORTABLE C      */ 
  37:Middlewares/ST/usbx/common/core/src/ux_host_stack_class_get.c **** /*                                                           6.1          */
  38:Middlewares/ST/usbx/common/core/src/ux_host_stack_class_get.c **** /*  AUTHOR                                                                */
  39:Middlewares/ST/usbx/common/core/src/ux_host_stack_class_get.c **** /*                                                                        */
  40:Middlewares/ST/usbx/common/core/src/ux_host_stack_class_get.c **** /*    Chaoqiong Xiao, Microsoft Corporation                               */
  41:Middlewares/ST/usbx/common/core/src/ux_host_stack_class_get.c **** /*                                                                        */
  42:Middlewares/ST/usbx/common/core/src/ux_host_stack_class_get.c **** /*  DESCRIPTION                                                           */
  43:Middlewares/ST/usbx/common/core/src/ux_host_stack_class_get.c **** /*                                                                        */ 
  44:Middlewares/ST/usbx/common/core/src/ux_host_stack_class_get.c **** /*    This function returns a pointer to the class container. A class     */ 
  45:Middlewares/ST/usbx/common/core/src/ux_host_stack_class_get.c **** /*    needs to obtain its container from the USBX stack to search for     */ 
  46:Middlewares/ST/usbx/common/core/src/ux_host_stack_class_get.c **** /*    instances when a driver or an application wants to open a device.   */ 
  47:Middlewares/ST/usbx/common/core/src/ux_host_stack_class_get.c **** /*                                                                        */
  48:Middlewares/ST/usbx/common/core/src/ux_host_stack_class_get.c **** /*    Note: The C string of class_name must be NULL-terminated and the    */
  49:Middlewares/ST/usbx/common/core/src/ux_host_stack_class_get.c **** /*    length of it (without the NULL-terminator itself) must be no larger */
  50:Middlewares/ST/usbx/common/core/src/ux_host_stack_class_get.c **** /*    than UX_MAX_CLASS_NAME_LENGTH.                                      */
  51:Middlewares/ST/usbx/common/core/src/ux_host_stack_class_get.c **** /*                                                                        */ 
  52:Middlewares/ST/usbx/common/core/src/ux_host_stack_class_get.c **** /*  INPUT                                                                 */ 
  53:Middlewares/ST/usbx/common/core/src/ux_host_stack_class_get.c **** /*                                                                        */ 
  54:Middlewares/ST/usbx/common/core/src/ux_host_stack_class_get.c **** /*    class_name                            Name of class                 */ 
  55:Middlewares/ST/usbx/common/core/src/ux_host_stack_class_get.c **** /*    class                                 Class pointer                 */ 
  56:Middlewares/ST/usbx/common/core/src/ux_host_stack_class_get.c **** /*                                                                        */ 
  57:Middlewares/ST/usbx/common/core/src/ux_host_stack_class_get.c **** /*  OUTPUT                                                                */ 
  58:Middlewares/ST/usbx/common/core/src/ux_host_stack_class_get.c **** /*                                                                        */ 
  59:Middlewares/ST/usbx/common/core/src/ux_host_stack_class_get.c **** /*    Completion Status                                                   */ 
  60:Middlewares/ST/usbx/common/core/src/ux_host_stack_class_get.c **** /*                                                                        */ 
  61:Middlewares/ST/usbx/common/core/src/ux_host_stack_class_get.c **** /*  CALLS                                                                 */ 
  62:Middlewares/ST/usbx/common/core/src/ux_host_stack_class_get.c **** /*                                                                        */ 
  63:Middlewares/ST/usbx/common/core/src/ux_host_stack_class_get.c **** /*    _ux_utility_string_length_check       Check C string and return its */
  64:Middlewares/ST/usbx/common/core/src/ux_host_stack_class_get.c **** /*                                          length if null-terminated     */
  65:Middlewares/ST/usbx/common/core/src/ux_host_stack_class_get.c **** /*    _ux_utility_memory_compare            Compare memory blocks         */ 
  66:Middlewares/ST/usbx/common/core/src/ux_host_stack_class_get.c **** /*                                                                        */ 
  67:Middlewares/ST/usbx/common/core/src/ux_host_stack_class_get.c **** /*  CALLED BY                                                             */ 
  68:Middlewares/ST/usbx/common/core/src/ux_host_stack_class_get.c **** /*                                                                        */ 
  69:Middlewares/ST/usbx/common/core/src/ux_host_stack_class_get.c **** /*    Application                                                         */ 
  70:Middlewares/ST/usbx/common/core/src/ux_host_stack_class_get.c **** /*    USBX Components                                                     */ 
  71:Middlewares/ST/usbx/common/core/src/ux_host_stack_class_get.c **** /*                                                                        */ 
  72:Middlewares/ST/usbx/common/core/src/ux_host_stack_class_get.c **** /*  RELEASE HISTORY                                                       */ 
  73:Middlewares/ST/usbx/common/core/src/ux_host_stack_class_get.c **** /*                                                                        */ 
  74:Middlewares/ST/usbx/common/core/src/ux_host_stack_class_get.c **** /*    DATE              NAME                      DESCRIPTION             */ 
  75:Middlewares/ST/usbx/common/core/src/ux_host_stack_class_get.c **** /*                                                                        */ 
  76:Middlewares/ST/usbx/common/core/src/ux_host_stack_class_get.c **** /*  05-19-2020     Chaoqiong Xiao           Initial Version 6.0           */
  77:Middlewares/ST/usbx/common/core/src/ux_host_stack_class_get.c **** /*  09-30-2020     Chaoqiong Xiao           Modified comment(s),          */
  78:Middlewares/ST/usbx/common/core/src/ux_host_stack_class_get.c **** /*                                            optimized based on compile  */
  79:Middlewares/ST/usbx/common/core/src/ux_host_stack_class_get.c **** /*                                            definitions,                */
  80:Middlewares/ST/usbx/common/core/src/ux_host_stack_class_get.c **** /*                                            resulting in version 6.1    */
  81:Middlewares/ST/usbx/common/core/src/ux_host_stack_class_get.c **** /*                                                                        */
  82:Middlewares/ST/usbx/common/core/src/ux_host_stack_class_get.c **** /**************************************************************************/
  83:Middlewares/ST/usbx/common/core/src/ux_host_stack_class_get.c **** UINT  _ux_host_stack_class_get(UCHAR *class_name, UX_HOST_CLASS **host_class)
  84:Middlewares/ST/usbx/common/core/src/ux_host_stack_class_get.c **** {
  29              		.loc 1 84 1 view -0
  30              		.cfi_startproc
  31              		@ args = 0, pretend = 0, frame = 8
ARM GAS  /tmp/ccXBRvc4.s 			page 3


  32              		@ frame_needed = 0, uses_anonymous_args = 0
  33              		.loc 1 84 1 is_stmt 0 view .LVU1
  34 0000 F0B5     		push	{r4, r5, r6, r7, lr}
  35              	.LCFI0:
  36              		.cfi_def_cfa_offset 20
  37              		.cfi_offset 4, -20
  38              		.cfi_offset 5, -16
  39              		.cfi_offset 6, -12
  40              		.cfi_offset 7, -8
  41              		.cfi_offset 14, -4
  42 0002 87B0     		sub	sp, sp, #28
  43              	.LCFI1:
  44              		.cfi_def_cfa_offset 48
  45 0004 0646     		mov	r6, r0
  46 0006 0F46     		mov	r7, r1
  85:Middlewares/ST/usbx/common/core/src/ux_host_stack_class_get.c **** 
  86:Middlewares/ST/usbx/common/core/src/ux_host_stack_class_get.c **** UX_HOST_CLASS       *class_ptr;
  47              		.loc 1 86 1 is_stmt 1 view .LVU2
  87:Middlewares/ST/usbx/common/core/src/ux_host_stack_class_get.c **** #if !defined(UX_NAME_REFERENCED_BY_POINTER)
  88:Middlewares/ST/usbx/common/core/src/ux_host_stack_class_get.c **** UINT                status;
  48              		.loc 1 88 1 view .LVU3
  89:Middlewares/ST/usbx/common/core/src/ux_host_stack_class_get.c **** UINT                class_name_length =  0;
  49              		.loc 1 89 1 view .LVU4
  50              		.loc 1 89 21 is_stmt 0 view .LVU5
  51 0008 0023     		movs	r3, #0
  52 000a 0593     		str	r3, [sp, #20]
  90:Middlewares/ST/usbx/common/core/src/ux_host_stack_class_get.c **** #endif
  91:Middlewares/ST/usbx/common/core/src/ux_host_stack_class_get.c **** #if UX_MAX_CLASS_DRIVER > 1
  92:Middlewares/ST/usbx/common/core/src/ux_host_stack_class_get.c **** ULONG               class_index;
  53              		.loc 1 92 1 is_stmt 1 view .LVU6
  93:Middlewares/ST/usbx/common/core/src/ux_host_stack_class_get.c **** #endif
  94:Middlewares/ST/usbx/common/core/src/ux_host_stack_class_get.c **** 
  95:Middlewares/ST/usbx/common/core/src/ux_host_stack_class_get.c **** #if !defined(UX_NAME_REFERENCED_BY_POINTER)
  96:Middlewares/ST/usbx/common/core/src/ux_host_stack_class_get.c ****     /* Get the length of the class name (exclude null-terminator).  */
  97:Middlewares/ST/usbx/common/core/src/ux_host_stack_class_get.c ****     status =  _ux_utility_string_length_check(class_name, &class_name_length, UX_MAX_CLASS_NAME_LEN
  54              		.loc 1 97 5 view .LVU7
  55              		.loc 1 97 15 is_stmt 0 view .LVU8
  56 000c 3F22     		movs	r2, #63
  57 000e 05A9     		add	r1, sp, #20
  58              	.LVL1:
  59              		.loc 1 97 15 view .LVU9
  60 0010 FFF7FEFF 		bl	_ux_utility_string_length_check
  61              	.LVL2:
  98:Middlewares/ST/usbx/common/core/src/ux_host_stack_class_get.c ****     if (status)
  62              		.loc 1 98 5 is_stmt 1 view .LVU10
  63              		.loc 1 98 8 is_stmt 0 view .LVU11
  64 0014 0446     		mov	r4, r0
  65 0016 30BB     		cbnz	r0, .L1
  99:Middlewares/ST/usbx/common/core/src/ux_host_stack_class_get.c ****         return(status);
 100:Middlewares/ST/usbx/common/core/src/ux_host_stack_class_get.c **** #endif
 101:Middlewares/ST/usbx/common/core/src/ux_host_stack_class_get.c **** 
 102:Middlewares/ST/usbx/common/core/src/ux_host_stack_class_get.c ****     /* Get first class.  */
 103:Middlewares/ST/usbx/common/core/src/ux_host_stack_class_get.c ****     class_ptr =  _ux_system_host -> ux_system_host_class_array;
  66              		.loc 1 103 5 is_stmt 1 view .LVU12
  67              		.loc 1 103 34 is_stmt 0 view .LVU13
  68 0018 144B     		ldr	r3, .L8
  69 001a 1B68     		ldr	r3, [r3]
ARM GAS  /tmp/ccXBRvc4.s 			page 4


  70              		.loc 1 103 15 view .LVU14
  71 001c 5D68     		ldr	r5, [r3, #4]
  72              	.LVL3:
 104:Middlewares/ST/usbx/common/core/src/ux_host_stack_class_get.c **** 
 105:Middlewares/ST/usbx/common/core/src/ux_host_stack_class_get.c **** #if UX_MAX_CLASS_DRIVER > 1
 106:Middlewares/ST/usbx/common/core/src/ux_host_stack_class_get.c ****     /* We need to parse the class driver table.  */
 107:Middlewares/ST/usbx/common/core/src/ux_host_stack_class_get.c ****     for (class_index = 0; class_index < _ux_system_host -> ux_system_host_max_class; class_index++)
  73              		.loc 1 107 5 is_stmt 1 view .LVU15
  74              		.loc 1 107 5 is_stmt 0 view .LVU16
  75 001e 01E0     		b	.L3
  76              	.LVL4:
  77              	.L4:
 108:Middlewares/ST/usbx/common/core/src/ux_host_stack_class_get.c ****     {
 109:Middlewares/ST/usbx/common/core/src/ux_host_stack_class_get.c **** #endif
 110:Middlewares/ST/usbx/common/core/src/ux_host_stack_class_get.c **** 
 111:Middlewares/ST/usbx/common/core/src/ux_host_stack_class_get.c ****         /* Check if this class is already being used. */
 112:Middlewares/ST/usbx/common/core/src/ux_host_stack_class_get.c ****         if (class_ptr -> ux_host_class_status == UX_USED)
 113:Middlewares/ST/usbx/common/core/src/ux_host_stack_class_get.c ****         {
 114:Middlewares/ST/usbx/common/core/src/ux_host_stack_class_get.c **** 
 115:Middlewares/ST/usbx/common/core/src/ux_host_stack_class_get.c ****             /* We have found a container. Check if this is the one we need (compare including null-
 116:Middlewares/ST/usbx/common/core/src/ux_host_stack_class_get.c ****             if (ux_utility_name_match(class_ptr -> ux_host_class_name, class_name, class_name_lengt
 117:Middlewares/ST/usbx/common/core/src/ux_host_stack_class_get.c ****             {           
 118:Middlewares/ST/usbx/common/core/src/ux_host_stack_class_get.c **** 
 119:Middlewares/ST/usbx/common/core/src/ux_host_stack_class_get.c ****                 /* The class container was found. Update the pointer to the class container for the
 120:Middlewares/ST/usbx/common/core/src/ux_host_stack_class_get.c ****                 *host_class =  class_ptr;
 121:Middlewares/ST/usbx/common/core/src/ux_host_stack_class_get.c **** 
 122:Middlewares/ST/usbx/common/core/src/ux_host_stack_class_get.c ****                 /* Return success.  */
 123:Middlewares/ST/usbx/common/core/src/ux_host_stack_class_get.c ****                 return(UX_SUCCESS);
 124:Middlewares/ST/usbx/common/core/src/ux_host_stack_class_get.c ****             }
 125:Middlewares/ST/usbx/common/core/src/ux_host_stack_class_get.c ****         }
 126:Middlewares/ST/usbx/common/core/src/ux_host_stack_class_get.c **** 
 127:Middlewares/ST/usbx/common/core/src/ux_host_stack_class_get.c **** #if UX_MAX_CLASS_DRIVER > 1
 128:Middlewares/ST/usbx/common/core/src/ux_host_stack_class_get.c ****         /* Move to the next class.  */
 129:Middlewares/ST/usbx/common/core/src/ux_host_stack_class_get.c ****         class_ptr++;
  78              		.loc 1 129 9 is_stmt 1 view .LVU17
  79              		.loc 1 129 18 is_stmt 0 view .LVU18
  80 0020 5835     		adds	r5, r5, #88
  81              	.LVL5:
 107:Middlewares/ST/usbx/common/core/src/ux_host_stack_class_get.c ****     {
  82              		.loc 1 107 97 is_stmt 1 discriminator 2 view .LVU19
  83 0022 0134     		adds	r4, r4, #1
  84              	.LVL6:
  85              	.L3:
 107:Middlewares/ST/usbx/common/core/src/ux_host_stack_class_get.c ****     {
  86              		.loc 1 107 39 discriminator 1 view .LVU20
 107:Middlewares/ST/usbx/common/core/src/ux_host_stack_class_get.c ****     {
  87              		.loc 1 107 57 is_stmt 0 discriminator 1 view .LVU21
  88 0024 114B     		ldr	r3, .L8
  89 0026 1B68     		ldr	r3, [r3]
  90 0028 1B68     		ldr	r3, [r3]
 107:Middlewares/ST/usbx/common/core/src/ux_host_stack_class_get.c ****     {
  91              		.loc 1 107 39 discriminator 1 view .LVU22
  92 002a A342     		cmp	r3, r4
  93 002c 0DD9     		bls	.L7
 112:Middlewares/ST/usbx/common/core/src/ux_host_stack_class_get.c ****         {
  94              		.loc 1 112 9 is_stmt 1 view .LVU23
 112:Middlewares/ST/usbx/common/core/src/ux_host_stack_class_get.c ****         {
ARM GAS  /tmp/ccXBRvc4.s 			page 5


  95              		.loc 1 112 23 is_stmt 0 view .LVU24
  96 002e 2B6C     		ldr	r3, [r5, #64]
 112:Middlewares/ST/usbx/common/core/src/ux_host_stack_class_get.c ****         {
  97              		.loc 1 112 12 view .LVU25
  98 0030 012B     		cmp	r3, #1
  99 0032 F5D1     		bne	.L4
 116:Middlewares/ST/usbx/common/core/src/ux_host_stack_class_get.c ****             {           
 100              		.loc 1 116 13 is_stmt 1 view .LVU26
 116:Middlewares/ST/usbx/common/core/src/ux_host_stack_class_get.c ****             {           
 101              		.loc 1 116 17 is_stmt 0 view .LVU27
 102 0034 059A     		ldr	r2, [sp, #20]
 103 0036 0132     		adds	r2, r2, #1
 104 0038 3146     		mov	r1, r6
 105 003a 2846     		mov	r0, r5
 106 003c FFF7FEFF 		bl	_ux_utility_memory_compare
 107              	.LVL7:
 116:Middlewares/ST/usbx/common/core/src/ux_host_stack_class_get.c ****             {           
 108              		.loc 1 116 16 discriminator 1 view .LVU28
 109 0040 0028     		cmp	r0, #0
 110 0042 EDD1     		bne	.L4
 120:Middlewares/ST/usbx/common/core/src/ux_host_stack_class_get.c **** 
 111              		.loc 1 120 17 is_stmt 1 view .LVU29
 120:Middlewares/ST/usbx/common/core/src/ux_host_stack_class_get.c **** 
 112              		.loc 1 120 29 is_stmt 0 view .LVU30
 113 0044 3D60     		str	r5, [r7]
 123:Middlewares/ST/usbx/common/core/src/ux_host_stack_class_get.c ****             }
 114              		.loc 1 123 17 is_stmt 1 view .LVU31
 123:Middlewares/ST/usbx/common/core/src/ux_host_stack_class_get.c ****             }
 115              		.loc 1 123 23 is_stmt 0 view .LVU32
 116 0046 0446     		mov	r4, r0
 117              	.LVL8:
 123:Middlewares/ST/usbx/common/core/src/ux_host_stack_class_get.c ****             }
 118              		.loc 1 123 23 view .LVU33
 119 0048 0DE0     		b	.L1
 120              	.LVL9:
 121              	.L7:
 130:Middlewares/ST/usbx/common/core/src/ux_host_stack_class_get.c ****     }
 131:Middlewares/ST/usbx/common/core/src/ux_host_stack_class_get.c **** #endif
 132:Middlewares/ST/usbx/common/core/src/ux_host_stack_class_get.c **** 
 133:Middlewares/ST/usbx/common/core/src/ux_host_stack_class_get.c ****     /* If trace is enabled, insert this event into the trace buffer.  */
 134:Middlewares/ST/usbx/common/core/src/ux_host_stack_class_get.c ****     UX_TRACE_IN_LINE_INSERT(UX_TRACE_ERROR, UX_HOST_CLASS_UNKNOWN, class_name, 0, 0, UX_TRACE_ERROR
 122              		.loc 1 134 5 is_stmt 1 view .LVU34
 123 004a 0023     		movs	r3, #0
 124 004c 0393     		str	r3, [sp, #12]
 125 004e 0293     		str	r3, [sp, #8]
 126 0050 4FF08072 		mov	r2, #16777216
 127 0054 0192     		str	r2, [sp, #4]
 128 0056 0093     		str	r3, [sp]
 129 0058 3246     		mov	r2, r6
 130 005a 5921     		movs	r1, #89
 131 005c 40F2E730 		movw	r0, #999
 132 0060 FFF7FEFF 		bl	_ux_trace_event_insert
 133              	.LVL10:
 135:Middlewares/ST/usbx/common/core/src/ux_host_stack_class_get.c **** 
 136:Middlewares/ST/usbx/common/core/src/ux_host_stack_class_get.c ****     /* This class does not exist, return an error.  */    
 137:Middlewares/ST/usbx/common/core/src/ux_host_stack_class_get.c ****     return(UX_HOST_CLASS_UNKNOWN);
 134              		.loc 1 137 5 view .LVU35
ARM GAS  /tmp/ccXBRvc4.s 			page 6


 135              		.loc 1 137 11 is_stmt 0 view .LVU36
 136 0064 5924     		movs	r4, #89
 137              	.LVL11:
 138              	.L1:
 138:Middlewares/ST/usbx/common/core/src/ux_host_stack_class_get.c **** }
 139              		.loc 1 138 1 view .LVU37
 140 0066 2046     		mov	r0, r4
 141 0068 07B0     		add	sp, sp, #28
 142              	.LCFI2:
 143              		.cfi_def_cfa_offset 20
 144              		@ sp needed
 145 006a F0BD     		pop	{r4, r5, r6, r7, pc}
 146              	.LVL12:
 147              	.L9:
 148              		.loc 1 138 1 view .LVU38
 149              		.align	2
 150              	.L8:
 151 006c 00000000 		.word	_ux_system_host
 152              		.cfi_endproc
 153              	.LFE11:
 155              		.text
 156              	.Letext0:
 157              		.file 2 "Middlewares/ST/threadx/ports/cortex_m7/gnu/inc/tx_port.h"
 158              		.file 3 "Middlewares/ST/threadx/common/inc/tx_api.h"
 159              		.file 4 "Middlewares/ST/threadx/common/inc/tx_trace.h"
 160              		.file 5 "Middlewares/ST/usbx/common/core/inc/ux_api.h"
 161              		.file 6 "Middlewares/ST/usbx/common/core/inc/ux_utility.h"
 162              		.file 7 "Middlewares/ST/usbx/common/core/inc/ux_system.h"
ARM GAS  /tmp/ccXBRvc4.s 			page 7


DEFINED SYMBOLS
                            *ABS*:00000000 ux_host_stack_class_get.c
     /tmp/ccXBRvc4.s:20     .text._ux_host_stack_class_get:00000000 $t
     /tmp/ccXBRvc4.s:26     .text._ux_host_stack_class_get:00000000 _ux_host_stack_class_get
     /tmp/ccXBRvc4.s:151    .text._ux_host_stack_class_get:0000006c $d

UNDEFINED SYMBOLS
_ux_utility_string_length_check
_ux_utility_memory_compare
_ux_trace_event_insert
_ux_system_host
