ARM GAS  /tmp/ccA7amyF.s 			page 1


   1              		.cpu cortex-m7
   2              		.arch armv7e-m
   3              		.fpu fpv5-d16
   4              		.eabi_attribute 28, 1
   5              		.eabi_attribute 20, 1
   6              		.eabi_attribute 21, 1
   7              		.eabi_attribute 23, 3
   8              		.eabi_attribute 24, 1
   9              		.eabi_attribute 25, 1
  10              		.eabi_attribute 26, 1
  11              		.eabi_attribute 30, 1
  12              		.eabi_attribute 34, 1
  13              		.eabi_attribute 18, 4
  14              		.file	"ux_host_class_audio_transfer_request.c"
  15              		.text
  16              	.Ltext0:
  17              		.cfi_sections	.debug_frame
  18              		.file 1 "Middlewares/ST/usbx/common/usbx_host_classes/src/ux_host_class_audio_transfer_request.c"
  19              		.section	.text._ux_host_class_audio_transfer_request,"ax",%progbits
  20              		.align	1
  21              		.global	_ux_host_class_audio_transfer_request
  22              		.syntax unified
  23              		.thumb
  24              		.thumb_func
  26              	_ux_host_class_audio_transfer_request:
  27              	.LVL0:
  28              	.LFB11:
   1:Middlewares/ST/usbx/common/usbx_host_classes/src/ux_host_class_audio_transfer_request.c **** /**************************************************************************/
   2:Middlewares/ST/usbx/common/usbx_host_classes/src/ux_host_class_audio_transfer_request.c **** /*                                                                        */
   3:Middlewares/ST/usbx/common/usbx_host_classes/src/ux_host_class_audio_transfer_request.c **** /*       Copyright (c) Microsoft Corporation. All rights reserved.        */
   4:Middlewares/ST/usbx/common/usbx_host_classes/src/ux_host_class_audio_transfer_request.c **** /*                                                                        */
   5:Middlewares/ST/usbx/common/usbx_host_classes/src/ux_host_class_audio_transfer_request.c **** /*       This software is licensed under the Microsoft Software License   */
   6:Middlewares/ST/usbx/common/usbx_host_classes/src/ux_host_class_audio_transfer_request.c **** /*       Terms for Microsoft Azure RTOS. Full text of the license can be  */
   7:Middlewares/ST/usbx/common/usbx_host_classes/src/ux_host_class_audio_transfer_request.c **** /*       found in the LICENSE file at https://aka.ms/AzureRTOS_EULA       */
   8:Middlewares/ST/usbx/common/usbx_host_classes/src/ux_host_class_audio_transfer_request.c **** /*       and in the root directory of this software.                      */
   9:Middlewares/ST/usbx/common/usbx_host_classes/src/ux_host_class_audio_transfer_request.c **** /*                                                                        */
  10:Middlewares/ST/usbx/common/usbx_host_classes/src/ux_host_class_audio_transfer_request.c **** /**************************************************************************/
  11:Middlewares/ST/usbx/common/usbx_host_classes/src/ux_host_class_audio_transfer_request.c **** 
  12:Middlewares/ST/usbx/common/usbx_host_classes/src/ux_host_class_audio_transfer_request.c **** 
  13:Middlewares/ST/usbx/common/usbx_host_classes/src/ux_host_class_audio_transfer_request.c **** /**************************************************************************/
  14:Middlewares/ST/usbx/common/usbx_host_classes/src/ux_host_class_audio_transfer_request.c **** /**************************************************************************/
  15:Middlewares/ST/usbx/common/usbx_host_classes/src/ux_host_class_audio_transfer_request.c **** /**                                                                       */ 
  16:Middlewares/ST/usbx/common/usbx_host_classes/src/ux_host_class_audio_transfer_request.c **** /** USBX Component                                                        */ 
  17:Middlewares/ST/usbx/common/usbx_host_classes/src/ux_host_class_audio_transfer_request.c **** /**                                                                       */
  18:Middlewares/ST/usbx/common/usbx_host_classes/src/ux_host_class_audio_transfer_request.c **** /**   Audio Class                                                         */
  19:Middlewares/ST/usbx/common/usbx_host_classes/src/ux_host_class_audio_transfer_request.c **** /**                                                                       */
  20:Middlewares/ST/usbx/common/usbx_host_classes/src/ux_host_class_audio_transfer_request.c **** /**************************************************************************/
  21:Middlewares/ST/usbx/common/usbx_host_classes/src/ux_host_class_audio_transfer_request.c **** /**************************************************************************/
  22:Middlewares/ST/usbx/common/usbx_host_classes/src/ux_host_class_audio_transfer_request.c **** 
  23:Middlewares/ST/usbx/common/usbx_host_classes/src/ux_host_class_audio_transfer_request.c **** 
  24:Middlewares/ST/usbx/common/usbx_host_classes/src/ux_host_class_audio_transfer_request.c **** /* Include necessary system files.  */
  25:Middlewares/ST/usbx/common/usbx_host_classes/src/ux_host_class_audio_transfer_request.c **** 
  26:Middlewares/ST/usbx/common/usbx_host_classes/src/ux_host_class_audio_transfer_request.c **** #define UX_SOURCE_CODE
  27:Middlewares/ST/usbx/common/usbx_host_classes/src/ux_host_class_audio_transfer_request.c **** 
  28:Middlewares/ST/usbx/common/usbx_host_classes/src/ux_host_class_audio_transfer_request.c **** #include "ux_api.h"
  29:Middlewares/ST/usbx/common/usbx_host_classes/src/ux_host_class_audio_transfer_request.c **** #include "ux_host_class_audio.h"
  30:Middlewares/ST/usbx/common/usbx_host_classes/src/ux_host_class_audio_transfer_request.c **** #include "ux_host_stack.h"
ARM GAS  /tmp/ccA7amyF.s 			page 2


  31:Middlewares/ST/usbx/common/usbx_host_classes/src/ux_host_class_audio_transfer_request.c **** 
  32:Middlewares/ST/usbx/common/usbx_host_classes/src/ux_host_class_audio_transfer_request.c **** 
  33:Middlewares/ST/usbx/common/usbx_host_classes/src/ux_host_class_audio_transfer_request.c **** /**************************************************************************/ 
  34:Middlewares/ST/usbx/common/usbx_host_classes/src/ux_host_class_audio_transfer_request.c **** /*                                                                        */ 
  35:Middlewares/ST/usbx/common/usbx_host_classes/src/ux_host_class_audio_transfer_request.c **** /*  FUNCTION                                               RELEASE        */ 
  36:Middlewares/ST/usbx/common/usbx_host_classes/src/ux_host_class_audio_transfer_request.c **** /*                                                                        */ 
  37:Middlewares/ST/usbx/common/usbx_host_classes/src/ux_host_class_audio_transfer_request.c **** /*    _ux_host_class_audio_transfer_request               PORTABLE C      */ 
  38:Middlewares/ST/usbx/common/usbx_host_classes/src/ux_host_class_audio_transfer_request.c **** /*                                                           6.1          */
  39:Middlewares/ST/usbx/common/usbx_host_classes/src/ux_host_class_audio_transfer_request.c **** /*  AUTHOR                                                                */
  40:Middlewares/ST/usbx/common/usbx_host_classes/src/ux_host_class_audio_transfer_request.c **** /*                                                                        */
  41:Middlewares/ST/usbx/common/usbx_host_classes/src/ux_host_class_audio_transfer_request.c **** /*    Chaoqiong Xiao, Microsoft Corporation                               */
  42:Middlewares/ST/usbx/common/usbx_host_classes/src/ux_host_class_audio_transfer_request.c **** /*                                                                        */
  43:Middlewares/ST/usbx/common/usbx_host_classes/src/ux_host_class_audio_transfer_request.c **** /*  DESCRIPTION                                                           */
  44:Middlewares/ST/usbx/common/usbx_host_classes/src/ux_host_class_audio_transfer_request.c **** /*                                                                        */ 
  45:Middlewares/ST/usbx/common/usbx_host_classes/src/ux_host_class_audio_transfer_request.c **** /*    This function submits an isochronous audio transfer request to the  */ 
  46:Middlewares/ST/usbx/common/usbx_host_classes/src/ux_host_class_audio_transfer_request.c **** /*    USBX stack.                                                         */ 
  47:Middlewares/ST/usbx/common/usbx_host_classes/src/ux_host_class_audio_transfer_request.c **** /*                                                                        */ 
  48:Middlewares/ST/usbx/common/usbx_host_classes/src/ux_host_class_audio_transfer_request.c **** /*  INPUT                                                                 */ 
  49:Middlewares/ST/usbx/common/usbx_host_classes/src/ux_host_class_audio_transfer_request.c **** /*                                                                        */ 
  50:Middlewares/ST/usbx/common/usbx_host_classes/src/ux_host_class_audio_transfer_request.c **** /*    audio                                 Pointer to audio class        */ 
  51:Middlewares/ST/usbx/common/usbx_host_classes/src/ux_host_class_audio_transfer_request.c **** /*    audio_transfer_request                Pointer to transfer request   */ 
  52:Middlewares/ST/usbx/common/usbx_host_classes/src/ux_host_class_audio_transfer_request.c **** /*                                                                        */ 
  53:Middlewares/ST/usbx/common/usbx_host_classes/src/ux_host_class_audio_transfer_request.c **** /*  OUTPUT                                                                */ 
  54:Middlewares/ST/usbx/common/usbx_host_classes/src/ux_host_class_audio_transfer_request.c **** /*                                                                        */ 
  55:Middlewares/ST/usbx/common/usbx_host_classes/src/ux_host_class_audio_transfer_request.c **** /*    Completion Status                                                   */ 
  56:Middlewares/ST/usbx/common/usbx_host_classes/src/ux_host_class_audio_transfer_request.c **** /*                                                                        */ 
  57:Middlewares/ST/usbx/common/usbx_host_classes/src/ux_host_class_audio_transfer_request.c **** /*  CALLS                                                                 */ 
  58:Middlewares/ST/usbx/common/usbx_host_classes/src/ux_host_class_audio_transfer_request.c **** /*                                                                        */ 
  59:Middlewares/ST/usbx/common/usbx_host_classes/src/ux_host_class_audio_transfer_request.c **** /*    _ux_host_stack_transfer_request       Process transfer request      */ 
  60:Middlewares/ST/usbx/common/usbx_host_classes/src/ux_host_class_audio_transfer_request.c **** /*                                                                        */ 
  61:Middlewares/ST/usbx/common/usbx_host_classes/src/ux_host_class_audio_transfer_request.c **** /*  CALLED BY                                                             */ 
  62:Middlewares/ST/usbx/common/usbx_host_classes/src/ux_host_class_audio_transfer_request.c **** /*                                                                        */ 
  63:Middlewares/ST/usbx/common/usbx_host_classes/src/ux_host_class_audio_transfer_request.c **** /*    Audio Class                                                         */ 
  64:Middlewares/ST/usbx/common/usbx_host_classes/src/ux_host_class_audio_transfer_request.c **** /*                                                                        */ 
  65:Middlewares/ST/usbx/common/usbx_host_classes/src/ux_host_class_audio_transfer_request.c **** /*  RELEASE HISTORY                                                       */ 
  66:Middlewares/ST/usbx/common/usbx_host_classes/src/ux_host_class_audio_transfer_request.c **** /*                                                                        */ 
  67:Middlewares/ST/usbx/common/usbx_host_classes/src/ux_host_class_audio_transfer_request.c **** /*    DATE              NAME                      DESCRIPTION             */ 
  68:Middlewares/ST/usbx/common/usbx_host_classes/src/ux_host_class_audio_transfer_request.c **** /*                                                                        */ 
  69:Middlewares/ST/usbx/common/usbx_host_classes/src/ux_host_class_audio_transfer_request.c **** /*  05-19-2020     Chaoqiong Xiao           Initial Version 6.0           */
  70:Middlewares/ST/usbx/common/usbx_host_classes/src/ux_host_class_audio_transfer_request.c **** /*  09-30-2020     Chaoqiong Xiao           Modified comment(s),          */
  71:Middlewares/ST/usbx/common/usbx_host_classes/src/ux_host_class_audio_transfer_request.c **** /*                                            resulting in version 6.1    */
  72:Middlewares/ST/usbx/common/usbx_host_classes/src/ux_host_class_audio_transfer_request.c **** /*                                                                        */
  73:Middlewares/ST/usbx/common/usbx_host_classes/src/ux_host_class_audio_transfer_request.c **** /**************************************************************************/
  74:Middlewares/ST/usbx/common/usbx_host_classes/src/ux_host_class_audio_transfer_request.c **** UINT  _ux_host_class_audio_transfer_request(UX_HOST_CLASS_AUDIO *audio,
  75:Middlewares/ST/usbx/common/usbx_host_classes/src/ux_host_class_audio_transfer_request.c ****                             UX_HOST_CLASS_AUDIO_TRANSFER_REQUEST *audio_transfer_request)
  76:Middlewares/ST/usbx/common/usbx_host_classes/src/ux_host_class_audio_transfer_request.c **** {
  29              		.loc 1 76 1 view -0
  30              		.cfi_startproc
  31              		@ args = 0, pretend = 0, frame = 0
  32              		@ frame_needed = 0, uses_anonymous_args = 0
  33              		.loc 1 76 1 is_stmt 0 view .LVU1
  34 0000 08B5     		push	{r3, lr}
  35              	.LCFI0:
  36              		.cfi_def_cfa_offset 8
  37              		.cfi_offset 3, -8
  38              		.cfi_offset 14, -4
  77:Middlewares/ST/usbx/common/usbx_host_classes/src/ux_host_class_audio_transfer_request.c **** 
ARM GAS  /tmp/ccA7amyF.s 			page 3


  78:Middlewares/ST/usbx/common/usbx_host_classes/src/ux_host_class_audio_transfer_request.c **** UINT            status;
  39              		.loc 1 78 1 is_stmt 1 view .LVU2
  79:Middlewares/ST/usbx/common/usbx_host_classes/src/ux_host_class_audio_transfer_request.c **** UX_TRANSFER     *transfer_request;
  40              		.loc 1 79 1 view .LVU3
  80:Middlewares/ST/usbx/common/usbx_host_classes/src/ux_host_class_audio_transfer_request.c ****     
  81:Middlewares/ST/usbx/common/usbx_host_classes/src/ux_host_class_audio_transfer_request.c **** 
  82:Middlewares/ST/usbx/common/usbx_host_classes/src/ux_host_class_audio_transfer_request.c ****     /* The transfer request is embedded in the application transfer request.  */
  83:Middlewares/ST/usbx/common/usbx_host_classes/src/ux_host_class_audio_transfer_request.c ****     transfer_request =  &audio_transfer_request -> ux_host_class_audio_transfer_request;
  41              		.loc 1 83 5 view .LVU4
  42              	.LVL1:
  84:Middlewares/ST/usbx/common/usbx_host_classes/src/ux_host_class_audio_transfer_request.c **** 
  85:Middlewares/ST/usbx/common/usbx_host_classes/src/ux_host_class_audio_transfer_request.c ****     /* Select the direction. We do this by taking the endpoint direction.  */
  86:Middlewares/ST/usbx/common/usbx_host_classes/src/ux_host_class_audio_transfer_request.c ****     transfer_request -> ux_transfer_request_type =  audio -> ux_host_class_audio_isochronous_endpoi
  43              		.loc 1 86 5 view .LVU5
  44              		.loc 1 86 59 is_stmt 0 view .LVU6
  45 0002 4369     		ldr	r3, [r0, #20]
  87:Middlewares/ST/usbx/common/usbx_host_classes/src/ux_host_class_audio_transfer_request.c ****                                                             ux_endpoint_descriptor.bEndpointAddress
  46              		.loc 1 87 83 view .LVU7
  47 0004 5B69     		ldr	r3, [r3, #20]
  48              		.loc 1 87 100 view .LVU8
  49 0006 03F08003 		and	r3, r3, #128
  86:Middlewares/ST/usbx/common/usbx_host_classes/src/ux_host_class_audio_transfer_request.c ****                                                             ux_endpoint_descriptor.bEndpointAddress
  50              		.loc 1 86 50 view .LVU9
  51 000a 0B65     		str	r3, [r1, #80]
  88:Middlewares/ST/usbx/common/usbx_host_classes/src/ux_host_class_audio_transfer_request.c **** 
  89:Middlewares/ST/usbx/common/usbx_host_classes/src/ux_host_class_audio_transfer_request.c ****     /* Fill the transfer request with all the required fields.  */
  90:Middlewares/ST/usbx/common/usbx_host_classes/src/ux_host_class_audio_transfer_request.c ****     transfer_request -> ux_transfer_request_endpoint =             audio -> ux_host_class_audio_iso
  52              		.loc 1 90 5 is_stmt 1 view .LVU10
  53              		.loc 1 90 74 is_stmt 0 view .LVU11
  54 000c 4369     		ldr	r3, [r0, #20]
  55              		.loc 1 90 54 view .LVU12
  56 000e 0B64     		str	r3, [r1, #64]
  91:Middlewares/ST/usbx/common/usbx_host_classes/src/ux_host_class_audio_transfer_request.c ****     transfer_request -> ux_transfer_request_data_pointer =         audio_transfer_request -> ux_hos
  57              		.loc 1 91 5 is_stmt 1 view .LVU13
  58              		.loc 1 91 91 is_stmt 0 view .LVU14
  59 0010 4B68     		ldr	r3, [r1, #4]
  60              		.loc 1 91 58 view .LVU15
  61 0012 4B64     		str	r3, [r1, #68]
  92:Middlewares/ST/usbx/common/usbx_host_classes/src/ux_host_class_audio_transfer_request.c ****     transfer_request -> ux_transfer_request_requested_length =     audio_transfer_request -> ux_hos
  62              		.loc 1 92 5 is_stmt 1 view .LVU16
  63              		.loc 1 92 91 is_stmt 0 view .LVU17
  64 0014 8B68     		ldr	r3, [r1, #8]
  65              		.loc 1 92 62 view .LVU18
  66 0016 8B64     		str	r3, [r1, #72]
  93:Middlewares/ST/usbx/common/usbx_host_classes/src/ux_host_class_audio_transfer_request.c ****     transfer_request -> ux_transfer_request_completion_function =  _ux_host_class_audio_transfer_re
  67              		.loc 1 93 5 is_stmt 1 view .LVU19
  68              		.loc 1 93 65 is_stmt 0 view .LVU20
  69 0018 044B     		ldr	r3, .L3
  70 001a 0B66     		str	r3, [r1, #96]
  94:Middlewares/ST/usbx/common/usbx_host_classes/src/ux_host_class_audio_transfer_request.c ****     transfer_request -> ux_transfer_request_class_instance =       audio;
  71              		.loc 1 94 5 is_stmt 1 view .LVU21
  72              		.loc 1 94 60 is_stmt 0 view .LVU22
  73 001c 4866     		str	r0, [r1, #100]
  95:Middlewares/ST/usbx/common/usbx_host_classes/src/ux_host_class_audio_transfer_request.c **** 
  96:Middlewares/ST/usbx/common/usbx_host_classes/src/ux_host_class_audio_transfer_request.c ****     /* We memorize the application transfer request in the local transfer request.  */
  97:Middlewares/ST/usbx/common/usbx_host_classes/src/ux_host_class_audio_transfer_request.c ****     transfer_request -> ux_transfer_request_user_specific =  (VOID *) audio_transfer_request;
  74              		.loc 1 97 5 is_stmt 1 view .LVU23
ARM GAS  /tmp/ccA7amyF.s 			page 4


  75              		.loc 1 97 59 is_stmt 0 view .LVU24
  76 001e C967     		str	r1, [r1, #124]
  98:Middlewares/ST/usbx/common/usbx_host_classes/src/ux_host_class_audio_transfer_request.c **** 
  99:Middlewares/ST/usbx/common/usbx_host_classes/src/ux_host_class_audio_transfer_request.c ****     /* Transfer the transfer request.  */
 100:Middlewares/ST/usbx/common/usbx_host_classes/src/ux_host_class_audio_transfer_request.c ****     status =  _ux_host_stack_transfer_request(transfer_request);
  77              		.loc 1 100 5 is_stmt 1 view .LVU25
  78              		.loc 1 100 15 is_stmt 0 view .LVU26
  79 0020 01F13C00 		add	r0, r1, #60
  80              	.LVL2:
  81              		.loc 1 100 15 view .LVU27
  82 0024 FFF7FEFF 		bl	_ux_host_stack_transfer_request
  83              	.LVL3:
 101:Middlewares/ST/usbx/common/usbx_host_classes/src/ux_host_class_audio_transfer_request.c **** 
 102:Middlewares/ST/usbx/common/usbx_host_classes/src/ux_host_class_audio_transfer_request.c ****     /* Return completion status.  */
 103:Middlewares/ST/usbx/common/usbx_host_classes/src/ux_host_class_audio_transfer_request.c ****     return(status);
  84              		.loc 1 103 5 is_stmt 1 view .LVU28
 104:Middlewares/ST/usbx/common/usbx_host_classes/src/ux_host_class_audio_transfer_request.c **** }
  85              		.loc 1 104 1 is_stmt 0 view .LVU29
  86 0028 08BD     		pop	{r3, pc}
  87              	.L4:
  88 002a 00BF     		.align	2
  89              	.L3:
  90 002c 00000000 		.word	_ux_host_class_audio_transfer_request_completed
  91              		.cfi_endproc
  92              	.LFE11:
  94              		.text
  95              	.Letext0:
  96              		.file 2 "Middlewares/ST/threadx/ports/cortex_m7/gnu/inc/tx_port.h"
  97              		.file 3 "Middlewares/ST/threadx/common/inc/tx_api.h"
  98              		.file 4 "Middlewares/ST/usbx/common/core/inc/ux_api.h"
  99              		.file 5 "Middlewares/ST/usbx/common/usbx_host_classes/inc/ux_host_class_audio.h"
 100              		.file 6 "Middlewares/ST/usbx/common/core/inc/ux_host_stack.h"
ARM GAS  /tmp/ccA7amyF.s 			page 5


DEFINED SYMBOLS
                            *ABS*:00000000 ux_host_class_audio_transfer_request.c
     /tmp/ccA7amyF.s:20     .text._ux_host_class_audio_transfer_request:00000000 $t
     /tmp/ccA7amyF.s:26     .text._ux_host_class_audio_transfer_request:00000000 _ux_host_class_audio_transfer_request
     /tmp/ccA7amyF.s:90     .text._ux_host_class_audio_transfer_request:0000002c $d

UNDEFINED SYMBOLS
_ux_host_stack_transfer_request
_ux_host_class_audio_transfer_request_completed
