ARM GAS  /tmp/ccf0Jo46.s 			page 1


   1              		.cpu cortex-m7
   2              		.arch armv7e-m
   3              		.fpu fpv5-d16
   4              		.eabi_attribute 28, 1
   5              		.eabi_attribute 20, 1
   6              		.eabi_attribute 21, 1
   7              		.eabi_attribute 23, 3
   8              		.eabi_attribute 24, 1
   9              		.eabi_attribute 25, 1
  10              		.eabi_attribute 26, 1
  11              		.eabi_attribute 30, 1
  12              		.eabi_attribute 34, 1
  13              		.eabi_attribute 18, 4
  14              		.file	"ux_host_class_audio_activate.c"
  15              		.text
  16              	.Ltext0:
  17              		.cfi_sections	.debug_frame
  18              		.file 1 "Middlewares/ST/usbx/common/usbx_host_classes/src/ux_host_class_audio_activate.c"
  19              		.section	.rodata._ux_host_class_audio_activate.str1.4,"aMS",%progbits,1
  20              		.align	2
  21              	.LC0:
  22 0000 75785F68 		.ascii	"ux_hot_class_audio_semaphore\000"
  22      6F745F63 
  22      6C617373 
  22      5F617564 
  22      696F5F73 
  23              		.section	.text._ux_host_class_audio_activate,"ax",%progbits
  24              		.align	1
  25              		.global	_ux_host_class_audio_activate
  26              		.syntax unified
  27              		.thumb
  28              		.thumb_func
  30              	_ux_host_class_audio_activate:
  31              	.LVL0:
  32              	.LFB11:
   1:Middlewares/ST/usbx/common/usbx_host_classes/src/ux_host_class_audio_activate.c **** /**************************************************************************/
   2:Middlewares/ST/usbx/common/usbx_host_classes/src/ux_host_class_audio_activate.c **** /*                                                                        */
   3:Middlewares/ST/usbx/common/usbx_host_classes/src/ux_host_class_audio_activate.c **** /*       Copyright (c) Microsoft Corporation. All rights reserved.        */
   4:Middlewares/ST/usbx/common/usbx_host_classes/src/ux_host_class_audio_activate.c **** /*                                                                        */
   5:Middlewares/ST/usbx/common/usbx_host_classes/src/ux_host_class_audio_activate.c **** /*       This software is licensed under the Microsoft Software License   */
   6:Middlewares/ST/usbx/common/usbx_host_classes/src/ux_host_class_audio_activate.c **** /*       Terms for Microsoft Azure RTOS. Full text of the license can be  */
   7:Middlewares/ST/usbx/common/usbx_host_classes/src/ux_host_class_audio_activate.c **** /*       found in the LICENSE file at https://aka.ms/AzureRTOS_EULA       */
   8:Middlewares/ST/usbx/common/usbx_host_classes/src/ux_host_class_audio_activate.c **** /*       and in the root directory of this software.                      */
   9:Middlewares/ST/usbx/common/usbx_host_classes/src/ux_host_class_audio_activate.c **** /*                                                                        */
  10:Middlewares/ST/usbx/common/usbx_host_classes/src/ux_host_class_audio_activate.c **** /**************************************************************************/
  11:Middlewares/ST/usbx/common/usbx_host_classes/src/ux_host_class_audio_activate.c **** 
  12:Middlewares/ST/usbx/common/usbx_host_classes/src/ux_host_class_audio_activate.c **** 
  13:Middlewares/ST/usbx/common/usbx_host_classes/src/ux_host_class_audio_activate.c **** /**************************************************************************/
  14:Middlewares/ST/usbx/common/usbx_host_classes/src/ux_host_class_audio_activate.c **** /**************************************************************************/
  15:Middlewares/ST/usbx/common/usbx_host_classes/src/ux_host_class_audio_activate.c **** /**                                                                       */ 
  16:Middlewares/ST/usbx/common/usbx_host_classes/src/ux_host_class_audio_activate.c **** /** USBX Component                                                        */ 
  17:Middlewares/ST/usbx/common/usbx_host_classes/src/ux_host_class_audio_activate.c **** /**                                                                       */
  18:Middlewares/ST/usbx/common/usbx_host_classes/src/ux_host_class_audio_activate.c **** /**   Audio Class                                                         */
  19:Middlewares/ST/usbx/common/usbx_host_classes/src/ux_host_class_audio_activate.c **** /**                                                                       */
  20:Middlewares/ST/usbx/common/usbx_host_classes/src/ux_host_class_audio_activate.c **** /**************************************************************************/
  21:Middlewares/ST/usbx/common/usbx_host_classes/src/ux_host_class_audio_activate.c **** /**************************************************************************/
  22:Middlewares/ST/usbx/common/usbx_host_classes/src/ux_host_class_audio_activate.c **** 
ARM GAS  /tmp/ccf0Jo46.s 			page 2


  23:Middlewares/ST/usbx/common/usbx_host_classes/src/ux_host_class_audio_activate.c **** 
  24:Middlewares/ST/usbx/common/usbx_host_classes/src/ux_host_class_audio_activate.c **** /* Include necessary system files.  */
  25:Middlewares/ST/usbx/common/usbx_host_classes/src/ux_host_class_audio_activate.c **** 
  26:Middlewares/ST/usbx/common/usbx_host_classes/src/ux_host_class_audio_activate.c **** #define UX_SOURCE_CODE
  27:Middlewares/ST/usbx/common/usbx_host_classes/src/ux_host_class_audio_activate.c **** 
  28:Middlewares/ST/usbx/common/usbx_host_classes/src/ux_host_class_audio_activate.c **** #include "ux_api.h"
  29:Middlewares/ST/usbx/common/usbx_host_classes/src/ux_host_class_audio_activate.c **** #include "ux_host_class_audio.h"
  30:Middlewares/ST/usbx/common/usbx_host_classes/src/ux_host_class_audio_activate.c **** #include "ux_host_stack.h"
  31:Middlewares/ST/usbx/common/usbx_host_classes/src/ux_host_class_audio_activate.c **** 
  32:Middlewares/ST/usbx/common/usbx_host_classes/src/ux_host_class_audio_activate.c **** 
  33:Middlewares/ST/usbx/common/usbx_host_classes/src/ux_host_class_audio_activate.c **** /**************************************************************************/ 
  34:Middlewares/ST/usbx/common/usbx_host_classes/src/ux_host_class_audio_activate.c **** /*                                                                        */ 
  35:Middlewares/ST/usbx/common/usbx_host_classes/src/ux_host_class_audio_activate.c **** /*  FUNCTION                                               RELEASE        */ 
  36:Middlewares/ST/usbx/common/usbx_host_classes/src/ux_host_class_audio_activate.c **** /*                                                                        */ 
  37:Middlewares/ST/usbx/common/usbx_host_classes/src/ux_host_class_audio_activate.c **** /*    _ux_host_class_audio_activate                       PORTABLE C      */ 
  38:Middlewares/ST/usbx/common/usbx_host_classes/src/ux_host_class_audio_activate.c **** /*                                                           6.1.10       */
  39:Middlewares/ST/usbx/common/usbx_host_classes/src/ux_host_class_audio_activate.c **** /*  AUTHOR                                                                */
  40:Middlewares/ST/usbx/common/usbx_host_classes/src/ux_host_class_audio_activate.c **** /*                                                                        */
  41:Middlewares/ST/usbx/common/usbx_host_classes/src/ux_host_class_audio_activate.c **** /*    Chaoqiong Xiao, Microsoft Corporation                               */
  42:Middlewares/ST/usbx/common/usbx_host_classes/src/ux_host_class_audio_activate.c **** /*                                                                        */
  43:Middlewares/ST/usbx/common/usbx_host_classes/src/ux_host_class_audio_activate.c **** /*  DESCRIPTION                                                           */
  44:Middlewares/ST/usbx/common/usbx_host_classes/src/ux_host_class_audio_activate.c **** /*                                                                        */ 
  45:Middlewares/ST/usbx/common/usbx_host_classes/src/ux_host_class_audio_activate.c **** /*     This function activates the audio class. It may be called twice by */
  46:Middlewares/ST/usbx/common/usbx_host_classes/src/ux_host_class_audio_activate.c **** /*     the same device if there is a audio control interface to this      */ 
  47:Middlewares/ST/usbx/common/usbx_host_classes/src/ux_host_class_audio_activate.c **** /*     device.                                                            */ 
  48:Middlewares/ST/usbx/common/usbx_host_classes/src/ux_host_class_audio_activate.c **** /*                                                                        */ 
  49:Middlewares/ST/usbx/common/usbx_host_classes/src/ux_host_class_audio_activate.c **** /*  INPUT                                                                 */ 
  50:Middlewares/ST/usbx/common/usbx_host_classes/src/ux_host_class_audio_activate.c **** /*                                                                        */ 
  51:Middlewares/ST/usbx/common/usbx_host_classes/src/ux_host_class_audio_activate.c **** /*    command                               Pointer to command            */ 
  52:Middlewares/ST/usbx/common/usbx_host_classes/src/ux_host_class_audio_activate.c **** /*                                                                        */ 
  53:Middlewares/ST/usbx/common/usbx_host_classes/src/ux_host_class_audio_activate.c **** /*  OUTPUT                                                                */ 
  54:Middlewares/ST/usbx/common/usbx_host_classes/src/ux_host_class_audio_activate.c **** /*                                                                        */ 
  55:Middlewares/ST/usbx/common/usbx_host_classes/src/ux_host_class_audio_activate.c **** /*    Completion Status                                                   */ 
  56:Middlewares/ST/usbx/common/usbx_host_classes/src/ux_host_class_audio_activate.c **** /*                                                                        */ 
  57:Middlewares/ST/usbx/common/usbx_host_classes/src/ux_host_class_audio_activate.c **** /*  CALLS                                                                 */ 
  58:Middlewares/ST/usbx/common/usbx_host_classes/src/ux_host_class_audio_activate.c **** /*                                                                        */ 
  59:Middlewares/ST/usbx/common/usbx_host_classes/src/ux_host_class_audio_activate.c **** /*    _ux_host_class_audio_configure        Configure the audio class     */ 
  60:Middlewares/ST/usbx/common/usbx_host_classes/src/ux_host_class_audio_activate.c **** /*    _ux_host_class_audio_descriptor_get   Get audio descriptor          */ 
  61:Middlewares/ST/usbx/common/usbx_host_classes/src/ux_host_class_audio_activate.c **** /*    _ux_host_class_audio_device_controls_list_get Get controls list     */ 
  62:Middlewares/ST/usbx/common/usbx_host_classes/src/ux_host_class_audio_activate.c **** /*    _ux_host_class_audio_device_type_get  Get device type               */ 
  63:Middlewares/ST/usbx/common/usbx_host_classes/src/ux_host_class_audio_activate.c **** /*    _ux_host_class_audio_streaming_terminal_get Get streaming terminal  */ 
  64:Middlewares/ST/usbx/common/usbx_host_classes/src/ux_host_class_audio_activate.c **** /*    _ux_host_stack_class_instance_create  Create class instance         */ 
  65:Middlewares/ST/usbx/common/usbx_host_classes/src/ux_host_class_audio_activate.c **** /*    _ux_host_stack_class_instance_destroy Destroy class instance        */ 
  66:Middlewares/ST/usbx/common/usbx_host_classes/src/ux_host_class_audio_activate.c **** /*    _ux_utility_memory_allocate           Allocate a memory block       */ 
  67:Middlewares/ST/usbx/common/usbx_host_classes/src/ux_host_class_audio_activate.c **** /*    _ux_host_semaphore_create             Create protection semaphore   */ 
  68:Middlewares/ST/usbx/common/usbx_host_classes/src/ux_host_class_audio_activate.c **** /*                                                                        */ 
  69:Middlewares/ST/usbx/common/usbx_host_classes/src/ux_host_class_audio_activate.c **** /*  CALLED BY                                                             */ 
  70:Middlewares/ST/usbx/common/usbx_host_classes/src/ux_host_class_audio_activate.c **** /*                                                                        */ 
  71:Middlewares/ST/usbx/common/usbx_host_classes/src/ux_host_class_audio_activate.c **** /*    Audio Class                                                         */ 
  72:Middlewares/ST/usbx/common/usbx_host_classes/src/ux_host_class_audio_activate.c **** /*                                                                        */ 
  73:Middlewares/ST/usbx/common/usbx_host_classes/src/ux_host_class_audio_activate.c **** /*  RELEASE HISTORY                                                       */ 
  74:Middlewares/ST/usbx/common/usbx_host_classes/src/ux_host_class_audio_activate.c **** /*                                                                        */ 
  75:Middlewares/ST/usbx/common/usbx_host_classes/src/ux_host_class_audio_activate.c **** /*    DATE              NAME                      DESCRIPTION             */ 
  76:Middlewares/ST/usbx/common/usbx_host_classes/src/ux_host_class_audio_activate.c **** /*                                                                        */ 
  77:Middlewares/ST/usbx/common/usbx_host_classes/src/ux_host_class_audio_activate.c **** /*  05-19-2020     Chaoqiong Xiao           Initial Version 6.0           */
  78:Middlewares/ST/usbx/common/usbx_host_classes/src/ux_host_class_audio_activate.c **** /*  09-30-2020     Chaoqiong Xiao           Modified comment(s),          */
  79:Middlewares/ST/usbx/common/usbx_host_classes/src/ux_host_class_audio_activate.c **** /*                                            resulting in version 6.1    */
ARM GAS  /tmp/ccf0Jo46.s 			page 3


  80:Middlewares/ST/usbx/common/usbx_host_classes/src/ux_host_class_audio_activate.c **** /*  01-31-2022     Chaoqiong Xiao           Modified comment(s),          */
  81:Middlewares/ST/usbx/common/usbx_host_classes/src/ux_host_class_audio_activate.c **** /*                                            refined macros names,       */
  82:Middlewares/ST/usbx/common/usbx_host_classes/src/ux_host_class_audio_activate.c **** /*                                            resulting in version 6.1.10 */
  83:Middlewares/ST/usbx/common/usbx_host_classes/src/ux_host_class_audio_activate.c **** /*                                                                        */
  84:Middlewares/ST/usbx/common/usbx_host_classes/src/ux_host_class_audio_activate.c **** /**************************************************************************/
  85:Middlewares/ST/usbx/common/usbx_host_classes/src/ux_host_class_audio_activate.c **** UINT  _ux_host_class_audio_activate(UX_HOST_CLASS_COMMAND *command)
  86:Middlewares/ST/usbx/common/usbx_host_classes/src/ux_host_class_audio_activate.c **** {
  33              		.loc 1 86 1 view -0
  34              		.cfi_startproc
  35              		@ args = 0, pretend = 0, frame = 0
  36              		@ frame_needed = 0, uses_anonymous_args = 0
  37              		.loc 1 86 1 is_stmt 0 view .LVU1
  38 0000 70B5     		push	{r4, r5, r6, lr}
  39              	.LCFI0:
  40              		.cfi_def_cfa_offset 16
  41              		.cfi_offset 4, -16
  42              		.cfi_offset 5, -12
  43              		.cfi_offset 6, -8
  44              		.cfi_offset 14, -4
  45 0002 84B0     		sub	sp, sp, #16
  46              	.LCFI1:
  47              		.cfi_def_cfa_offset 32
  87:Middlewares/ST/usbx/common/usbx_host_classes/src/ux_host_class_audio_activate.c **** 
  88:Middlewares/ST/usbx/common/usbx_host_classes/src/ux_host_class_audio_activate.c **** UX_INTERFACE            *interface;
  48              		.loc 1 88 1 is_stmt 1 view .LVU2
  89:Middlewares/ST/usbx/common/usbx_host_classes/src/ux_host_class_audio_activate.c **** UX_HOST_CLASS_AUDIO     *audio;
  49              		.loc 1 89 1 view .LVU3
  90:Middlewares/ST/usbx/common/usbx_host_classes/src/ux_host_class_audio_activate.c **** UINT                    status;
  50              		.loc 1 90 1 view .LVU4
  91:Middlewares/ST/usbx/common/usbx_host_classes/src/ux_host_class_audio_activate.c **** 
  92:Middlewares/ST/usbx/common/usbx_host_classes/src/ux_host_class_audio_activate.c **** 
  93:Middlewares/ST/usbx/common/usbx_host_classes/src/ux_host_class_audio_activate.c ****     /* The audio is always activated by the interface descriptor and not the
  94:Middlewares/ST/usbx/common/usbx_host_classes/src/ux_host_class_audio_activate.c ****        device descriptor.  */
  95:Middlewares/ST/usbx/common/usbx_host_classes/src/ux_host_class_audio_activate.c ****     interface =  (UX_INTERFACE *) command -> ux_host_class_command_container;
  51              		.loc 1 95 5 view .LVU5
  52              		.loc 1 95 15 is_stmt 0 view .LVU6
  53 0004 4668     		ldr	r6, [r0, #4]
  54              	.LVL1:
  96:Middlewares/ST/usbx/common/usbx_host_classes/src/ux_host_class_audio_activate.c **** 
  97:Middlewares/ST/usbx/common/usbx_host_classes/src/ux_host_class_audio_activate.c ****     /* Check the subclass of the new device. If it is a Audio Control Interface,
  98:Middlewares/ST/usbx/common/usbx_host_classes/src/ux_host_class_audio_activate.c ****        we don't need to create an instance of this function. When we get the streaming interface,
  99:Middlewares/ST/usbx/common/usbx_host_classes/src/ux_host_class_audio_activate.c ****        we will search the audio control interface for the device.  */
 100:Middlewares/ST/usbx/common/usbx_host_classes/src/ux_host_class_audio_activate.c ****     if (interface -> ux_interface_descriptor.bInterfaceSubClass == UX_HOST_CLASS_AUDIO_SUBCLASS_CON
  55              		.loc 1 100 5 is_stmt 1 view .LVU7
  56              		.loc 1 100 45 is_stmt 0 view .LVU8
  57 0006 736A     		ldr	r3, [r6, #36]
  58              		.loc 1 100 8 view .LVU9
  59 0008 012B     		cmp	r3, #1
  60 000a 74D0     		beq	.L9
  61 000c 0546     		mov	r5, r0
 101:Middlewares/ST/usbx/common/usbx_host_classes/src/ux_host_class_audio_activate.c ****         return(UX_SUCCESS);
 102:Middlewares/ST/usbx/common/usbx_host_classes/src/ux_host_class_audio_activate.c ****     
 103:Middlewares/ST/usbx/common/usbx_host_classes/src/ux_host_class_audio_activate.c ****     /* Obtain memory for this class instance.  */
 104:Middlewares/ST/usbx/common/usbx_host_classes/src/ux_host_class_audio_activate.c ****     audio =  (UX_HOST_CLASS_AUDIO *) _ux_utility_memory_allocate(UX_NO_ALIGN, UX_REGULAR_MEMORY, si
  62              		.loc 1 104 5 is_stmt 1 view .LVU10
  63              		.loc 1 104 38 is_stmt 0 view .LVU11
  64 000e B822     		movs	r2, #184
ARM GAS  /tmp/ccf0Jo46.s 			page 4


  65 0010 0021     		movs	r1, #0
  66 0012 0846     		mov	r0, r1
  67              	.LVL2:
  68              		.loc 1 104 38 view .LVU12
  69 0014 FFF7FEFF 		bl	_ux_utility_memory_allocate
  70              	.LVL3:
 105:Middlewares/ST/usbx/common/usbx_host_classes/src/ux_host_class_audio_activate.c ****     if (audio == UX_NULL)
  71              		.loc 1 105 5 is_stmt 1 view .LVU13
  72              		.loc 1 105 8 is_stmt 0 view .LVU14
  73 0018 0446     		mov	r4, r0
  74 001a 0028     		cmp	r0, #0
  75 001c 6FD0     		beq	.L10
 106:Middlewares/ST/usbx/common/usbx_host_classes/src/ux_host_class_audio_activate.c ****         return(UX_MEMORY_INSUFFICIENT);
 107:Middlewares/ST/usbx/common/usbx_host_classes/src/ux_host_class_audio_activate.c **** 
 108:Middlewares/ST/usbx/common/usbx_host_classes/src/ux_host_class_audio_activate.c ****     /* Store the class container into this instance.  */
 109:Middlewares/ST/usbx/common/usbx_host_classes/src/ux_host_class_audio_activate.c ****     audio -> ux_host_class_audio_class =  command -> ux_host_class_command_class_ptr;
  76              		.loc 1 109 5 is_stmt 1 view .LVU15
  77              		.loc 1 109 51 is_stmt 0 view .LVU16
  78 001e 2B6B     		ldr	r3, [r5, #48]
  79              		.loc 1 109 40 view .LVU17
  80 0020 4360     		str	r3, [r0, #4]
 110:Middlewares/ST/usbx/common/usbx_host_classes/src/ux_host_class_audio_activate.c **** 
 111:Middlewares/ST/usbx/common/usbx_host_classes/src/ux_host_class_audio_activate.c ****     /* Store the interface container into the audio class instance.  */
 112:Middlewares/ST/usbx/common/usbx_host_classes/src/ux_host_class_audio_activate.c ****     audio -> ux_host_class_audio_streaming_interface =  interface;
  81              		.loc 1 112 5 is_stmt 1 view .LVU18
  82              		.loc 1 112 54 is_stmt 0 view .LVU19
  83 0022 C660     		str	r6, [r0, #12]
 113:Middlewares/ST/usbx/common/usbx_host_classes/src/ux_host_class_audio_activate.c **** 
 114:Middlewares/ST/usbx/common/usbx_host_classes/src/ux_host_class_audio_activate.c ****     /* Store the device container into the audio class instance.  */
 115:Middlewares/ST/usbx/common/usbx_host_classes/src/ux_host_class_audio_activate.c ****     audio -> ux_host_class_audio_device =  interface -> ux_interface_configuration -> ux_configurat
  84              		.loc 1 115 5 is_stmt 1 view .LVU20
  85              		.loc 1 115 54 is_stmt 0 view .LVU21
  86 0024 336C     		ldr	r3, [r6, #64]
  87              		.loc 1 115 84 view .LVU22
  88 0026 5B6B     		ldr	r3, [r3, #52]
  89              		.loc 1 115 41 view .LVU23
  90 0028 8360     		str	r3, [r0, #8]
 116:Middlewares/ST/usbx/common/usbx_host_classes/src/ux_host_class_audio_activate.c **** 
 117:Middlewares/ST/usbx/common/usbx_host_classes/src/ux_host_class_audio_activate.c ****     /* This instance of the device must also be stored in the interface container.  */
 118:Middlewares/ST/usbx/common/usbx_host_classes/src/ux_host_class_audio_activate.c ****     interface -> ux_interface_class_instance =  (VOID *) audio;
  91              		.loc 1 118 5 is_stmt 1 view .LVU24
  92              		.loc 1 118 46 is_stmt 0 view .LVU25
  93 002a 7063     		str	r0, [r6, #52]
 119:Middlewares/ST/usbx/common/usbx_host_classes/src/ux_host_class_audio_activate.c **** 
 120:Middlewares/ST/usbx/common/usbx_host_classes/src/ux_host_class_audio_activate.c ****     /* This instance of the device must also be stored in the interface container.  */
 121:Middlewares/ST/usbx/common/usbx_host_classes/src/ux_host_class_audio_activate.c ****     interface -> ux_interface_class_instance =  (VOID *) audio;
  94              		.loc 1 121 5 is_stmt 1 view .LVU26
 122:Middlewares/ST/usbx/common/usbx_host_classes/src/ux_host_class_audio_activate.c **** 
 123:Middlewares/ST/usbx/common/usbx_host_classes/src/ux_host_class_audio_activate.c ****     /* Create this class instance.  */
 124:Middlewares/ST/usbx/common/usbx_host_classes/src/ux_host_class_audio_activate.c ****     _ux_host_stack_class_instance_create(audio -> ux_host_class_audio_class, (VOID *) audio);
  95              		.loc 1 124 5 view .LVU27
  96 002c 0146     		mov	r1, r0
  97 002e 4068     		ldr	r0, [r0, #4]
  98              	.LVL4:
  99              		.loc 1 124 5 is_stmt 0 view .LVU28
 100 0030 FFF7FEFF 		bl	_ux_host_stack_class_instance_create
 101              	.LVL5:
ARM GAS  /tmp/ccf0Jo46.s 			page 5


 125:Middlewares/ST/usbx/common/usbx_host_classes/src/ux_host_class_audio_activate.c ****         
 126:Middlewares/ST/usbx/common/usbx_host_classes/src/ux_host_class_audio_activate.c ****     /* Configure the audio.  */
 127:Middlewares/ST/usbx/common/usbx_host_classes/src/ux_host_class_audio_activate.c ****     status =  _ux_host_class_audio_configure(audio);     
 102              		.loc 1 127 5 is_stmt 1 view .LVU29
 103              		.loc 1 127 15 is_stmt 0 view .LVU30
 104 0034 2046     		mov	r0, r4
 105 0036 FFF7FEFF 		bl	_ux_host_class_audio_configure
 106              	.LVL6:
 128:Middlewares/ST/usbx/common/usbx_host_classes/src/ux_host_class_audio_activate.c ****     if (status != UX_SUCCESS)
 107              		.loc 1 128 5 is_stmt 1 view .LVU31
 108              		.loc 1 128 8 is_stmt 0 view .LVU32
 109 003a 0546     		mov	r5, r0
 110              	.LVL7:
 111              		.loc 1 128 8 view .LVU33
 112 003c 0028     		cmp	r0, #0
 113 003e 41D1     		bne	.L13
 129:Middlewares/ST/usbx/common/usbx_host_classes/src/ux_host_class_audio_activate.c ****     {
 130:Middlewares/ST/usbx/common/usbx_host_classes/src/ux_host_class_audio_activate.c **** 
 131:Middlewares/ST/usbx/common/usbx_host_classes/src/ux_host_class_audio_activate.c ****         /* Error, destroy the class instance.  */
 132:Middlewares/ST/usbx/common/usbx_host_classes/src/ux_host_class_audio_activate.c ****         _ux_host_stack_class_instance_destroy(audio -> ux_host_class_audio_class, (VOID *) audio);
 133:Middlewares/ST/usbx/common/usbx_host_classes/src/ux_host_class_audio_activate.c **** 
 134:Middlewares/ST/usbx/common/usbx_host_classes/src/ux_host_class_audio_activate.c ****         /* Return the error.  */
 135:Middlewares/ST/usbx/common/usbx_host_classes/src/ux_host_class_audio_activate.c ****         return(status);
 136:Middlewares/ST/usbx/common/usbx_host_classes/src/ux_host_class_audio_activate.c ****     }
 137:Middlewares/ST/usbx/common/usbx_host_classes/src/ux_host_class_audio_activate.c **** 
 138:Middlewares/ST/usbx/common/usbx_host_classes/src/ux_host_class_audio_activate.c ****     /* Get the audio descriptor (all the class specific stuff) and memorize them
 139:Middlewares/ST/usbx/common/usbx_host_classes/src/ux_host_class_audio_activate.c ****        as we will need these descriptors to change settings.  */
 140:Middlewares/ST/usbx/common/usbx_host_classes/src/ux_host_class_audio_activate.c ****     status =  _ux_host_class_audio_descriptor_get(audio);        
 114              		.loc 1 140 5 is_stmt 1 view .LVU34
 115              		.loc 1 140 15 is_stmt 0 view .LVU35
 116 0040 2046     		mov	r0, r4
 117              	.LVL8:
 118              		.loc 1 140 15 view .LVU36
 119 0042 FFF7FEFF 		bl	_ux_host_class_audio_descriptor_get
 120              	.LVL9:
 141:Middlewares/ST/usbx/common/usbx_host_classes/src/ux_host_class_audio_activate.c ****     if (status != UX_SUCCESS)
 121              		.loc 1 141 5 is_stmt 1 view .LVU37
 122              		.loc 1 141 8 is_stmt 0 view .LVU38
 123 0046 0546     		mov	r5, r0
 124 0048 0028     		cmp	r0, #0
 125 004a 40D1     		bne	.L14
 142:Middlewares/ST/usbx/common/usbx_host_classes/src/ux_host_class_audio_activate.c ****     {
 143:Middlewares/ST/usbx/common/usbx_host_classes/src/ux_host_class_audio_activate.c **** 
 144:Middlewares/ST/usbx/common/usbx_host_classes/src/ux_host_class_audio_activate.c ****         /* Error, destroy the class instance.  */
 145:Middlewares/ST/usbx/common/usbx_host_classes/src/ux_host_class_audio_activate.c ****         _ux_host_stack_class_instance_destroy(audio -> ux_host_class_audio_class, (VOID *) audio);
 146:Middlewares/ST/usbx/common/usbx_host_classes/src/ux_host_class_audio_activate.c **** 
 147:Middlewares/ST/usbx/common/usbx_host_classes/src/ux_host_class_audio_activate.c ****         /* Return the error.  */
 148:Middlewares/ST/usbx/common/usbx_host_classes/src/ux_host_class_audio_activate.c ****         return(status);
 149:Middlewares/ST/usbx/common/usbx_host_classes/src/ux_host_class_audio_activate.c ****     }
 150:Middlewares/ST/usbx/common/usbx_host_classes/src/ux_host_class_audio_activate.c **** 
 151:Middlewares/ST/usbx/common/usbx_host_classes/src/ux_host_class_audio_activate.c ****     /* Locate the audio device streaming terminal.  */
 152:Middlewares/ST/usbx/common/usbx_host_classes/src/ux_host_class_audio_activate.c ****     status =  _ux_host_class_audio_streaming_terminal_get(audio);        
 126              		.loc 1 152 5 is_stmt 1 view .LVU39
 127              		.loc 1 152 15 is_stmt 0 view .LVU40
 128 004c 2046     		mov	r0, r4
 129              	.LVL10:
 130              		.loc 1 152 15 view .LVU41
ARM GAS  /tmp/ccf0Jo46.s 			page 6


 131 004e FFF7FEFF 		bl	_ux_host_class_audio_streaming_terminal_get
 132              	.LVL11:
 153:Middlewares/ST/usbx/common/usbx_host_classes/src/ux_host_class_audio_activate.c ****     if (status != UX_SUCCESS)
 133              		.loc 1 153 5 is_stmt 1 view .LVU42
 134              		.loc 1 153 8 is_stmt 0 view .LVU43
 135 0052 0546     		mov	r5, r0
 136 0054 0028     		cmp	r0, #0
 137 0056 3FD1     		bne	.L15
 154:Middlewares/ST/usbx/common/usbx_host_classes/src/ux_host_class_audio_activate.c ****     {
 155:Middlewares/ST/usbx/common/usbx_host_classes/src/ux_host_class_audio_activate.c **** 
 156:Middlewares/ST/usbx/common/usbx_host_classes/src/ux_host_class_audio_activate.c ****         /* Error, destroy the class instance.  */
 157:Middlewares/ST/usbx/common/usbx_host_classes/src/ux_host_class_audio_activate.c ****         _ux_host_stack_class_instance_destroy(audio -> ux_host_class_audio_class, (VOID *) audio);
 158:Middlewares/ST/usbx/common/usbx_host_classes/src/ux_host_class_audio_activate.c **** 
 159:Middlewares/ST/usbx/common/usbx_host_classes/src/ux_host_class_audio_activate.c ****         /* Return the error.  */
 160:Middlewares/ST/usbx/common/usbx_host_classes/src/ux_host_class_audio_activate.c ****         return(status);
 161:Middlewares/ST/usbx/common/usbx_host_classes/src/ux_host_class_audio_activate.c ****     }
 162:Middlewares/ST/usbx/common/usbx_host_classes/src/ux_host_class_audio_activate.c **** 
 163:Middlewares/ST/usbx/common/usbx_host_classes/src/ux_host_class_audio_activate.c ****     /* Get the audio device type. Here we only support input and output devices.  */
 164:Middlewares/ST/usbx/common/usbx_host_classes/src/ux_host_class_audio_activate.c ****     status =  _ux_host_class_audio_device_type_get(audio);       
 138              		.loc 1 164 5 is_stmt 1 view .LVU44
 139              		.loc 1 164 15 is_stmt 0 view .LVU45
 140 0058 2046     		mov	r0, r4
 141              	.LVL12:
 142              		.loc 1 164 15 view .LVU46
 143 005a FFF7FEFF 		bl	_ux_host_class_audio_device_type_get
 144              	.LVL13:
 165:Middlewares/ST/usbx/common/usbx_host_classes/src/ux_host_class_audio_activate.c ****     if (status != UX_SUCCESS)
 145              		.loc 1 165 5 is_stmt 1 view .LVU47
 146              		.loc 1 165 8 is_stmt 0 view .LVU48
 147 005e 0546     		mov	r5, r0
 148 0060 0028     		cmp	r0, #0
 149 0062 3ED1     		bne	.L16
 166:Middlewares/ST/usbx/common/usbx_host_classes/src/ux_host_class_audio_activate.c ****     {
 167:Middlewares/ST/usbx/common/usbx_host_classes/src/ux_host_class_audio_activate.c **** 
 168:Middlewares/ST/usbx/common/usbx_host_classes/src/ux_host_class_audio_activate.c ****         /* Error, destroy the class instance.  */
 169:Middlewares/ST/usbx/common/usbx_host_classes/src/ux_host_class_audio_activate.c ****         _ux_host_stack_class_instance_destroy(audio -> ux_host_class_audio_class, (VOID *) audio);
 170:Middlewares/ST/usbx/common/usbx_host_classes/src/ux_host_class_audio_activate.c **** 
 171:Middlewares/ST/usbx/common/usbx_host_classes/src/ux_host_class_audio_activate.c ****         /* Return the error.  */
 172:Middlewares/ST/usbx/common/usbx_host_classes/src/ux_host_class_audio_activate.c ****         return(status);
 173:Middlewares/ST/usbx/common/usbx_host_classes/src/ux_host_class_audio_activate.c ****     }
 174:Middlewares/ST/usbx/common/usbx_host_classes/src/ux_host_class_audio_activate.c **** 
 175:Middlewares/ST/usbx/common/usbx_host_classes/src/ux_host_class_audio_activate.c ****     /* Get the audio device controls.  */
 176:Middlewares/ST/usbx/common/usbx_host_classes/src/ux_host_class_audio_activate.c ****     status =  _ux_host_class_audio_device_controls_list_get(audio);      
 150              		.loc 1 176 5 is_stmt 1 view .LVU49
 151              		.loc 1 176 15 is_stmt 0 view .LVU50
 152 0064 2046     		mov	r0, r4
 153              	.LVL14:
 154              		.loc 1 176 15 view .LVU51
 155 0066 FFF7FEFF 		bl	_ux_host_class_audio_device_controls_list_get
 156              	.LVL15:
 177:Middlewares/ST/usbx/common/usbx_host_classes/src/ux_host_class_audio_activate.c ****     if (status != UX_SUCCESS)
 157              		.loc 1 177 5 is_stmt 1 view .LVU52
 158              		.loc 1 177 8 is_stmt 0 view .LVU53
 159 006a 0546     		mov	r5, r0
 160 006c 0028     		cmp	r0, #0
 161 006e 3DD1     		bne	.L17
 178:Middlewares/ST/usbx/common/usbx_host_classes/src/ux_host_class_audio_activate.c ****     {
ARM GAS  /tmp/ccf0Jo46.s 			page 7


 179:Middlewares/ST/usbx/common/usbx_host_classes/src/ux_host_class_audio_activate.c **** 
 180:Middlewares/ST/usbx/common/usbx_host_classes/src/ux_host_class_audio_activate.c ****         /* Error, destroy the class instance.  */
 181:Middlewares/ST/usbx/common/usbx_host_classes/src/ux_host_class_audio_activate.c ****         _ux_host_stack_class_instance_destroy(audio -> ux_host_class_audio_class, (VOID *) audio);
 182:Middlewares/ST/usbx/common/usbx_host_classes/src/ux_host_class_audio_activate.c **** 
 183:Middlewares/ST/usbx/common/usbx_host_classes/src/ux_host_class_audio_activate.c ****         /* Return the error.  */
 184:Middlewares/ST/usbx/common/usbx_host_classes/src/ux_host_class_audio_activate.c ****         return(status);
 185:Middlewares/ST/usbx/common/usbx_host_classes/src/ux_host_class_audio_activate.c ****     }
 186:Middlewares/ST/usbx/common/usbx_host_classes/src/ux_host_class_audio_activate.c **** 
 187:Middlewares/ST/usbx/common/usbx_host_classes/src/ux_host_class_audio_activate.c ****     /* Create the semaphore to protect multiple threads from accessing the same
 188:Middlewares/ST/usbx/common/usbx_host_classes/src/ux_host_class_audio_activate.c ****        audio instance.  */
 189:Middlewares/ST/usbx/common/usbx_host_classes/src/ux_host_class_audio_activate.c ****     status =  _ux_host_semaphore_create(&audio -> ux_host_class_audio_semaphore, "ux_hot_class_audi
 162              		.loc 1 189 5 is_stmt 1 view .LVU54
 163              		.loc 1 189 15 is_stmt 0 view .LVU55
 164 0070 0122     		movs	r2, #1
 165 0072 2549     		ldr	r1, .L18
 166 0074 04F19C00 		add	r0, r4, #156
 167              	.LVL16:
 168              		.loc 1 189 15 view .LVU56
 169 0078 FFF7FEFF 		bl	_ux_utility_semaphore_create
 170              	.LVL17:
 190:Middlewares/ST/usbx/common/usbx_host_classes/src/ux_host_class_audio_activate.c ****     if (status != UX_SUCCESS)
 171              		.loc 1 190 5 is_stmt 1 view .LVU57
 172              		.loc 1 190 8 is_stmt 0 view .LVU58
 173 007c 0546     		mov	r5, r0
 174 007e 0028     		cmp	r0, #0
 175 0080 3FD1     		bne	.L11
 191:Middlewares/ST/usbx/common/usbx_host_classes/src/ux_host_class_audio_activate.c ****         return(UX_SEMAPHORE_ERROR);
 192:Middlewares/ST/usbx/common/usbx_host_classes/src/ux_host_class_audio_activate.c **** 
 193:Middlewares/ST/usbx/common/usbx_host_classes/src/ux_host_class_audio_activate.c ****     /* Mark the audio as live now.  */
 194:Middlewares/ST/usbx/common/usbx_host_classes/src/ux_host_class_audio_activate.c ****     audio -> ux_host_class_audio_state =  UX_HOST_CLASS_INSTANCE_LIVE;
 176              		.loc 1 194 5 is_stmt 1 view .LVU59
 177              		.loc 1 194 40 is_stmt 0 view .LVU60
 178 0082 0123     		movs	r3, #1
 179 0084 2362     		str	r3, [r4, #32]
 195:Middlewares/ST/usbx/common/usbx_host_classes/src/ux_host_class_audio_activate.c **** 
 196:Middlewares/ST/usbx/common/usbx_host_classes/src/ux_host_class_audio_activate.c ****     /* If all is fine and the device is mounted, we may need to inform the application
 197:Middlewares/ST/usbx/common/usbx_host_classes/src/ux_host_class_audio_activate.c ****        if a function has been programmed in the system structure.  */
 198:Middlewares/ST/usbx/common/usbx_host_classes/src/ux_host_class_audio_activate.c ****     if ((status == UX_SUCCESS) && (_ux_system_host -> ux_system_host_change_function != UX_NULL))
 180              		.loc 1 198 5 is_stmt 1 view .LVU61
 181              		.loc 1 198 52 is_stmt 0 discriminator 1 view .LVU62
 182 0086 214B     		ldr	r3, .L18+4
 183 0088 1B68     		ldr	r3, [r3]
 184 008a D3F8C831 		ldr	r3, [r3, #456]
 185              		.loc 1 198 32 discriminator 1 view .LVU63
 186 008e 1BB1     		cbz	r3, .L8
 199:Middlewares/ST/usbx/common/usbx_host_classes/src/ux_host_class_audio_activate.c ****     {
 200:Middlewares/ST/usbx/common/usbx_host_classes/src/ux_host_class_audio_activate.c ****         
 201:Middlewares/ST/usbx/common/usbx_host_classes/src/ux_host_class_audio_activate.c ****         /* Call system change function.  */
 202:Middlewares/ST/usbx/common/usbx_host_classes/src/ux_host_class_audio_activate.c ****         _ux_system_host ->  ux_system_host_change_function(UX_DEVICE_INSERTION, audio -> ux_host_cl
 187              		.loc 1 202 9 is_stmt 1 view .LVU64
 188 0090 2246     		mov	r2, r4
 189 0092 6168     		ldr	r1, [r4, #4]
 190 0094 0120     		movs	r0, #1
 191              	.LVL18:
 192              		.loc 1 202 9 is_stmt 0 view .LVU65
 193 0096 9847     		blx	r3
 194              	.LVL19:
ARM GAS  /tmp/ccf0Jo46.s 			page 8


 195              	.L8:
 203:Middlewares/ST/usbx/common/usbx_host_classes/src/ux_host_class_audio_activate.c ****     }
 204:Middlewares/ST/usbx/common/usbx_host_classes/src/ux_host_class_audio_activate.c **** 
 205:Middlewares/ST/usbx/common/usbx_host_classes/src/ux_host_class_audio_activate.c ****     /* If trace is enabled, insert this event into the trace buffer.  */
 206:Middlewares/ST/usbx/common/usbx_host_classes/src/ux_host_class_audio_activate.c ****     UX_TRACE_IN_LINE_INSERT(UX_TRACE_HOST_CLASS_AUDIO_ACTIVATE, audio, 0, 0, 0, UX_TRACE_HOST_CLASS
 196              		.loc 1 206 5 is_stmt 1 view .LVU66
 197 0098 0026     		movs	r6, #0
 198              	.LVL20:
 199              		.loc 1 206 5 is_stmt 0 view .LVU67
 200 009a 0396     		str	r6, [sp, #12]
 201 009c 0296     		str	r6, [sp, #8]
 202 009e 4FF00053 		mov	r3, #536870912
 203 00a2 0193     		str	r3, [sp, #4]
 204 00a4 0096     		str	r6, [sp]
 205 00a6 3346     		mov	r3, r6
 206 00a8 3246     		mov	r2, r6
 207 00aa 2146     		mov	r1, r4
 208 00ac 4FF42570 		mov	r0, #660
 209 00b0 FFF7FEFF 		bl	_ux_trace_event_insert
 210              	.LVL21:
 207:Middlewares/ST/usbx/common/usbx_host_classes/src/ux_host_class_audio_activate.c **** 
 208:Middlewares/ST/usbx/common/usbx_host_classes/src/ux_host_class_audio_activate.c ****     /* If trace is enabled, register this object.  */
 209:Middlewares/ST/usbx/common/usbx_host_classes/src/ux_host_class_audio_activate.c ****     UX_TRACE_OBJECT_REGISTER(UX_TRACE_HOST_OBJECT_TYPE_INTERFACE, audio, 0, 0, 0)
 211              		.loc 1 209 5 is_stmt 1 view .LVU68
 212 00b4 0096     		str	r6, [sp]
 213 00b6 3346     		mov	r3, r6
 214 00b8 3246     		mov	r2, r6
 215 00ba 2146     		mov	r1, r4
 216 00bc 1620     		movs	r0, #22
 217 00be FFF7FEFF 		bl	_ux_trace_object_register
 218              	.LVL22:
 210:Middlewares/ST/usbx/common/usbx_host_classes/src/ux_host_class_audio_activate.c **** 
 211:Middlewares/ST/usbx/common/usbx_host_classes/src/ux_host_class_audio_activate.c ****     /* Return completion status.  */
 212:Middlewares/ST/usbx/common/usbx_host_classes/src/ux_host_class_audio_activate.c ****     return(status);    
 219              		.loc 1 212 5 view .LVU69
 220              		.loc 1 212 11 is_stmt 0 view .LVU70
 221 00c2 19E0     		b	.L1
 222              	.LVL23:
 223              	.L13:
 132:Middlewares/ST/usbx/common/usbx_host_classes/src/ux_host_class_audio_activate.c **** 
 224              		.loc 1 132 9 is_stmt 1 view .LVU71
 225 00c4 2146     		mov	r1, r4
 226 00c6 6068     		ldr	r0, [r4, #4]
 227              	.LVL24:
 132:Middlewares/ST/usbx/common/usbx_host_classes/src/ux_host_class_audio_activate.c **** 
 228              		.loc 1 132 9 is_stmt 0 view .LVU72
 229 00c8 FFF7FEFF 		bl	_ux_host_stack_class_instance_destroy
 230              	.LVL25:
 135:Middlewares/ST/usbx/common/usbx_host_classes/src/ux_host_class_audio_activate.c ****     }
 231              		.loc 1 135 9 is_stmt 1 view .LVU73
 135:Middlewares/ST/usbx/common/usbx_host_classes/src/ux_host_class_audio_activate.c ****     }
 232              		.loc 1 135 15 is_stmt 0 view .LVU74
 233 00cc 14E0     		b	.L1
 234              	.LVL26:
 235              	.L14:
 145:Middlewares/ST/usbx/common/usbx_host_classes/src/ux_host_class_audio_activate.c **** 
 236              		.loc 1 145 9 is_stmt 1 view .LVU75
ARM GAS  /tmp/ccf0Jo46.s 			page 9


 237 00ce 2146     		mov	r1, r4
 238 00d0 6068     		ldr	r0, [r4, #4]
 239              	.LVL27:
 145:Middlewares/ST/usbx/common/usbx_host_classes/src/ux_host_class_audio_activate.c **** 
 240              		.loc 1 145 9 is_stmt 0 view .LVU76
 241 00d2 FFF7FEFF 		bl	_ux_host_stack_class_instance_destroy
 242              	.LVL28:
 148:Middlewares/ST/usbx/common/usbx_host_classes/src/ux_host_class_audio_activate.c ****     }
 243              		.loc 1 148 9 is_stmt 1 view .LVU77
 148:Middlewares/ST/usbx/common/usbx_host_classes/src/ux_host_class_audio_activate.c ****     }
 244              		.loc 1 148 15 is_stmt 0 view .LVU78
 245 00d6 0FE0     		b	.L1
 246              	.LVL29:
 247              	.L15:
 157:Middlewares/ST/usbx/common/usbx_host_classes/src/ux_host_class_audio_activate.c **** 
 248              		.loc 1 157 9 is_stmt 1 view .LVU79
 249 00d8 2146     		mov	r1, r4
 250 00da 6068     		ldr	r0, [r4, #4]
 251              	.LVL30:
 157:Middlewares/ST/usbx/common/usbx_host_classes/src/ux_host_class_audio_activate.c **** 
 252              		.loc 1 157 9 is_stmt 0 view .LVU80
 253 00dc FFF7FEFF 		bl	_ux_host_stack_class_instance_destroy
 254              	.LVL31:
 160:Middlewares/ST/usbx/common/usbx_host_classes/src/ux_host_class_audio_activate.c ****     }
 255              		.loc 1 160 9 is_stmt 1 view .LVU81
 160:Middlewares/ST/usbx/common/usbx_host_classes/src/ux_host_class_audio_activate.c ****     }
 256              		.loc 1 160 15 is_stmt 0 view .LVU82
 257 00e0 0AE0     		b	.L1
 258              	.LVL32:
 259              	.L16:
 169:Middlewares/ST/usbx/common/usbx_host_classes/src/ux_host_class_audio_activate.c **** 
 260              		.loc 1 169 9 is_stmt 1 view .LVU83
 261 00e2 2146     		mov	r1, r4
 262 00e4 6068     		ldr	r0, [r4, #4]
 263              	.LVL33:
 169:Middlewares/ST/usbx/common/usbx_host_classes/src/ux_host_class_audio_activate.c **** 
 264              		.loc 1 169 9 is_stmt 0 view .LVU84
 265 00e6 FFF7FEFF 		bl	_ux_host_stack_class_instance_destroy
 266              	.LVL34:
 172:Middlewares/ST/usbx/common/usbx_host_classes/src/ux_host_class_audio_activate.c ****     }
 267              		.loc 1 172 9 is_stmt 1 view .LVU85
 172:Middlewares/ST/usbx/common/usbx_host_classes/src/ux_host_class_audio_activate.c ****     }
 268              		.loc 1 172 15 is_stmt 0 view .LVU86
 269 00ea 05E0     		b	.L1
 270              	.LVL35:
 271              	.L17:
 181:Middlewares/ST/usbx/common/usbx_host_classes/src/ux_host_class_audio_activate.c **** 
 272              		.loc 1 181 9 is_stmt 1 view .LVU87
 273 00ec 2146     		mov	r1, r4
 274 00ee 6068     		ldr	r0, [r4, #4]
 275              	.LVL36:
 181:Middlewares/ST/usbx/common/usbx_host_classes/src/ux_host_class_audio_activate.c **** 
 276              		.loc 1 181 9 is_stmt 0 view .LVU88
 277 00f0 FFF7FEFF 		bl	_ux_host_stack_class_instance_destroy
 278              	.LVL37:
 184:Middlewares/ST/usbx/common/usbx_host_classes/src/ux_host_class_audio_activate.c ****     }
 279              		.loc 1 184 9 is_stmt 1 view .LVU89
ARM GAS  /tmp/ccf0Jo46.s 			page 10


 184:Middlewares/ST/usbx/common/usbx_host_classes/src/ux_host_class_audio_activate.c ****     }
 280              		.loc 1 184 15 is_stmt 0 view .LVU90
 281 00f4 00E0     		b	.L1
 282              	.LVL38:
 283              	.L9:
 101:Middlewares/ST/usbx/common/usbx_host_classes/src/ux_host_class_audio_activate.c ****     
 284              		.loc 1 101 15 view .LVU91
 285 00f6 0025     		movs	r5, #0
 286              	.LVL39:
 287              	.L1:
 213:Middlewares/ST/usbx/common/usbx_host_classes/src/ux_host_class_audio_activate.c **** }
 288              		.loc 1 213 1 view .LVU92
 289 00f8 2846     		mov	r0, r5
 290 00fa 04B0     		add	sp, sp, #16
 291              	.LCFI2:
 292              		.cfi_remember_state
 293              		.cfi_def_cfa_offset 16
 294              		@ sp needed
 295 00fc 70BD     		pop	{r4, r5, r6, pc}
 296              	.LVL40:
 297              	.L10:
 298              	.LCFI3:
 299              		.cfi_restore_state
 106:Middlewares/ST/usbx/common/usbx_host_classes/src/ux_host_class_audio_activate.c **** 
 300              		.loc 1 106 15 view .LVU93
 301 00fe 1225     		movs	r5, #18
 302              	.LVL41:
 106:Middlewares/ST/usbx/common/usbx_host_classes/src/ux_host_class_audio_activate.c **** 
 303              		.loc 1 106 15 view .LVU94
 304 0100 FAE7     		b	.L1
 305              	.LVL42:
 306              	.L11:
 191:Middlewares/ST/usbx/common/usbx_host_classes/src/ux_host_class_audio_activate.c **** 
 307              		.loc 1 191 15 view .LVU95
 308 0102 1525     		movs	r5, #21
 309 0104 F8E7     		b	.L1
 310              	.L19:
 311 0106 00BF     		.align	2
 312              	.L18:
 313 0108 00000000 		.word	.LC0
 314 010c 00000000 		.word	_ux_system_host
 315              		.cfi_endproc
 316              	.LFE11:
 318              		.text
 319              	.Letext0:
 320              		.file 2 "Middlewares/ST/threadx/ports/cortex_m7/gnu/inc/tx_port.h"
 321              		.file 3 "Middlewares/ST/threadx/common/inc/tx_api.h"
 322              		.file 4 "Middlewares/ST/threadx/common/inc/tx_trace.h"
 323              		.file 5 "Middlewares/ST/usbx/common/core/inc/ux_api.h"
 324              		.file 6 "Middlewares/ST/usbx/common/usbx_host_classes/inc/ux_host_class_audio.h"
 325              		.file 7 "Middlewares/ST/usbx/common/core/inc/ux_utility.h"
 326              		.file 8 "Middlewares/ST/usbx/common/core/inc/ux_host_stack.h"
 327              		.file 9 "Middlewares/ST/usbx/common/core/inc/ux_system.h"
ARM GAS  /tmp/ccf0Jo46.s 			page 11


DEFINED SYMBOLS
                            *ABS*:00000000 ux_host_class_audio_activate.c
     /tmp/ccf0Jo46.s:20     .rodata._ux_host_class_audio_activate.str1.4:00000000 $d
     /tmp/ccf0Jo46.s:24     .text._ux_host_class_audio_activate:00000000 $t
     /tmp/ccf0Jo46.s:30     .text._ux_host_class_audio_activate:00000000 _ux_host_class_audio_activate
     /tmp/ccf0Jo46.s:313    .text._ux_host_class_audio_activate:00000108 $d

UNDEFINED SYMBOLS
_ux_utility_memory_allocate
_ux_host_stack_class_instance_create
_ux_host_class_audio_configure
_ux_host_class_audio_descriptor_get
_ux_host_class_audio_streaming_terminal_get
_ux_host_class_audio_device_type_get
_ux_host_class_audio_device_controls_list_get
_ux_utility_semaphore_create
_ux_trace_event_insert
_ux_trace_object_register
_ux_host_stack_class_instance_destroy
_ux_system_host
