ARM GAS  /tmp/ccEj5ThF.s 			page 1


   1              		.cpu cortex-m7
   2              		.arch armv7e-m
   3              		.fpu fpv5-d16
   4              		.eabi_attribute 28, 1
   5              		.eabi_attribute 20, 1
   6              		.eabi_attribute 21, 1
   7              		.eabi_attribute 23, 3
   8              		.eabi_attribute 24, 1
   9              		.eabi_attribute 25, 1
  10              		.eabi_attribute 26, 1
  11              		.eabi_attribute 30, 1
  12              		.eabi_attribute 34, 1
  13              		.eabi_attribute 18, 4
  14              		.file	"ux_host_class_storage_device_support_check.c"
  15              		.text
  16              	.Ltext0:
  17              		.cfi_sections	.debug_frame
  18              		.file 1 "Middlewares/ST/usbx/common/usbx_host_classes/src/ux_host_class_storage_device_support_che
  19              		.section	.text._ux_host_class_storage_device_support_check,"ax",%progbits
  20              		.align	1
  21              		.global	_ux_host_class_storage_device_support_check
  22              		.syntax unified
  23              		.thumb
  24              		.thumb_func
  26              	_ux_host_class_storage_device_support_check:
  27              	.LVL0:
  28              	.LFB11:
   1:Middlewares/ST/usbx/common/usbx_host_classes/src/ux_host_class_storage_device_support_check.c **** /**************************************************************************/
   2:Middlewares/ST/usbx/common/usbx_host_classes/src/ux_host_class_storage_device_support_check.c **** /*                                                                        */
   3:Middlewares/ST/usbx/common/usbx_host_classes/src/ux_host_class_storage_device_support_check.c **** /*       Copyright (c) Microsoft Corporation. All rights reserved.        */
   4:Middlewares/ST/usbx/common/usbx_host_classes/src/ux_host_class_storage_device_support_check.c **** /*                                                                        */
   5:Middlewares/ST/usbx/common/usbx_host_classes/src/ux_host_class_storage_device_support_check.c **** /*       This software is licensed under the Microsoft Software License   */
   6:Middlewares/ST/usbx/common/usbx_host_classes/src/ux_host_class_storage_device_support_check.c **** /*       Terms for Microsoft Azure RTOS. Full text of the license can be  */
   7:Middlewares/ST/usbx/common/usbx_host_classes/src/ux_host_class_storage_device_support_check.c **** /*       found in the LICENSE file at https://aka.ms/AzureRTOS_EULA       */
   8:Middlewares/ST/usbx/common/usbx_host_classes/src/ux_host_class_storage_device_support_check.c **** /*       and in the root directory of this software.                      */
   9:Middlewares/ST/usbx/common/usbx_host_classes/src/ux_host_class_storage_device_support_check.c **** /*                                                                        */
  10:Middlewares/ST/usbx/common/usbx_host_classes/src/ux_host_class_storage_device_support_check.c **** /**************************************************************************/
  11:Middlewares/ST/usbx/common/usbx_host_classes/src/ux_host_class_storage_device_support_check.c **** 
  12:Middlewares/ST/usbx/common/usbx_host_classes/src/ux_host_class_storage_device_support_check.c **** 
  13:Middlewares/ST/usbx/common/usbx_host_classes/src/ux_host_class_storage_device_support_check.c **** /**************************************************************************/
  14:Middlewares/ST/usbx/common/usbx_host_classes/src/ux_host_class_storage_device_support_check.c **** /**************************************************************************/
  15:Middlewares/ST/usbx/common/usbx_host_classes/src/ux_host_class_storage_device_support_check.c **** /**                                                                       */
  16:Middlewares/ST/usbx/common/usbx_host_classes/src/ux_host_class_storage_device_support_check.c **** /** USBX Component                                                        */
  17:Middlewares/ST/usbx/common/usbx_host_classes/src/ux_host_class_storage_device_support_check.c **** /**                                                                       */
  18:Middlewares/ST/usbx/common/usbx_host_classes/src/ux_host_class_storage_device_support_check.c **** /**   Storage Class                                                       */
  19:Middlewares/ST/usbx/common/usbx_host_classes/src/ux_host_class_storage_device_support_check.c **** /**                                                                       */
  20:Middlewares/ST/usbx/common/usbx_host_classes/src/ux_host_class_storage_device_support_check.c **** /**************************************************************************/
  21:Middlewares/ST/usbx/common/usbx_host_classes/src/ux_host_class_storage_device_support_check.c **** /**************************************************************************/
  22:Middlewares/ST/usbx/common/usbx_host_classes/src/ux_host_class_storage_device_support_check.c **** 
  23:Middlewares/ST/usbx/common/usbx_host_classes/src/ux_host_class_storage_device_support_check.c **** 
  24:Middlewares/ST/usbx/common/usbx_host_classes/src/ux_host_class_storage_device_support_check.c **** /* Include necessary system files.  */
  25:Middlewares/ST/usbx/common/usbx_host_classes/src/ux_host_class_storage_device_support_check.c **** 
  26:Middlewares/ST/usbx/common/usbx_host_classes/src/ux_host_class_storage_device_support_check.c **** #define UX_SOURCE_CODE
  27:Middlewares/ST/usbx/common/usbx_host_classes/src/ux_host_class_storage_device_support_check.c **** 
  28:Middlewares/ST/usbx/common/usbx_host_classes/src/ux_host_class_storage_device_support_check.c **** #include "ux_api.h"
  29:Middlewares/ST/usbx/common/usbx_host_classes/src/ux_host_class_storage_device_support_check.c **** #include "ux_host_class_storage.h"
  30:Middlewares/ST/usbx/common/usbx_host_classes/src/ux_host_class_storage_device_support_check.c **** #include "ux_host_stack.h"
ARM GAS  /tmp/ccEj5ThF.s 			page 2


  31:Middlewares/ST/usbx/common/usbx_host_classes/src/ux_host_class_storage_device_support_check.c **** 
  32:Middlewares/ST/usbx/common/usbx_host_classes/src/ux_host_class_storage_device_support_check.c **** 
  33:Middlewares/ST/usbx/common/usbx_host_classes/src/ux_host_class_storage_device_support_check.c **** #if defined(UX_HOST_STANDALONE) && defined(UX_HOST_CLASS_STORAGE_INCLUDE_LEGACY_PROTOCOL_SUPPORT)
  34:Middlewares/ST/usbx/common/usbx_host_classes/src/ux_host_class_storage_device_support_check.c **** #error Only Mass Storage BulkOnly (BO) is supported in standalone mode right now.
  35:Middlewares/ST/usbx/common/usbx_host_classes/src/ux_host_class_storage_device_support_check.c **** #endif
  36:Middlewares/ST/usbx/common/usbx_host_classes/src/ux_host_class_storage_device_support_check.c **** /**************************************************************************/
  37:Middlewares/ST/usbx/common/usbx_host_classes/src/ux_host_class_storage_device_support_check.c **** /*                                                                        */
  38:Middlewares/ST/usbx/common/usbx_host_classes/src/ux_host_class_storage_device_support_check.c **** /*  FUNCTION                                               RELEASE        */
  39:Middlewares/ST/usbx/common/usbx_host_classes/src/ux_host_class_storage_device_support_check.c **** /*                                                                        */
  40:Middlewares/ST/usbx/common/usbx_host_classes/src/ux_host_class_storage_device_support_check.c **** /*    _ux_host_class_storage_device_support_check         PORTABLE C      */
  41:Middlewares/ST/usbx/common/usbx_host_classes/src/ux_host_class_storage_device_support_check.c **** /*                                                           6.1.10       */
  42:Middlewares/ST/usbx/common/usbx_host_classes/src/ux_host_class_storage_device_support_check.c **** /*  AUTHOR                                                                */
  43:Middlewares/ST/usbx/common/usbx_host_classes/src/ux_host_class_storage_device_support_check.c **** /*                                                                        */
  44:Middlewares/ST/usbx/common/usbx_host_classes/src/ux_host_class_storage_device_support_check.c **** /*    Chaoqiong Xiao, Microsoft Corporation                               */
  45:Middlewares/ST/usbx/common/usbx_host_classes/src/ux_host_class_storage_device_support_check.c **** /*                                                                        */
  46:Middlewares/ST/usbx/common/usbx_host_classes/src/ux_host_class_storage_device_support_check.c **** /*  DESCRIPTION                                                           */
  47:Middlewares/ST/usbx/common/usbx_host_classes/src/ux_host_class_storage_device_support_check.c **** /*                                                                        */
  48:Middlewares/ST/usbx/common/usbx_host_classes/src/ux_host_class_storage_device_support_check.c **** /*    This function verifies the support for the subclass and protocol    */
  49:Middlewares/ST/usbx/common/usbx_host_classes/src/ux_host_class_storage_device_support_check.c **** /*    of the USB device. If the device is supported it will update the    */
  50:Middlewares/ST/usbx/common/usbx_host_classes/src/ux_host_class_storage_device_support_check.c **** /*    storage class instances with the transport layer functions.         */
  51:Middlewares/ST/usbx/common/usbx_host_classes/src/ux_host_class_storage_device_support_check.c **** /*                                                                        */
  52:Middlewares/ST/usbx/common/usbx_host_classes/src/ux_host_class_storage_device_support_check.c **** /*  INPUT                                                                 */
  53:Middlewares/ST/usbx/common/usbx_host_classes/src/ux_host_class_storage_device_support_check.c **** /*                                                                        */
  54:Middlewares/ST/usbx/common/usbx_host_classes/src/ux_host_class_storage_device_support_check.c **** /*    storage                               Pointer to storage class      */
  55:Middlewares/ST/usbx/common/usbx_host_classes/src/ux_host_class_storage_device_support_check.c **** /*                                                                        */
  56:Middlewares/ST/usbx/common/usbx_host_classes/src/ux_host_class_storage_device_support_check.c **** /*  OUTPUT                                                                */
  57:Middlewares/ST/usbx/common/usbx_host_classes/src/ux_host_class_storage_device_support_check.c **** /*                                                                        */
  58:Middlewares/ST/usbx/common/usbx_host_classes/src/ux_host_class_storage_device_support_check.c **** /*    Completion Status                                                   */
  59:Middlewares/ST/usbx/common/usbx_host_classes/src/ux_host_class_storage_device_support_check.c **** /*                                                                        */
  60:Middlewares/ST/usbx/common/usbx_host_classes/src/ux_host_class_storage_device_support_check.c **** /*  CALLS                                                                 */
  61:Middlewares/ST/usbx/common/usbx_host_classes/src/ux_host_class_storage_device_support_check.c **** /*                                                                        */
  62:Middlewares/ST/usbx/common/usbx_host_classes/src/ux_host_class_storage_device_support_check.c **** /*    None                                                                */
  63:Middlewares/ST/usbx/common/usbx_host_classes/src/ux_host_class_storage_device_support_check.c **** /*                                                                        */
  64:Middlewares/ST/usbx/common/usbx_host_classes/src/ux_host_class_storage_device_support_check.c **** /*  CALLED BY                                                             */
  65:Middlewares/ST/usbx/common/usbx_host_classes/src/ux_host_class_storage_device_support_check.c **** /*                                                                        */
  66:Middlewares/ST/usbx/common/usbx_host_classes/src/ux_host_class_storage_device_support_check.c **** /*    Storage Class                                                       */
  67:Middlewares/ST/usbx/common/usbx_host_classes/src/ux_host_class_storage_device_support_check.c **** /*                                                                        */
  68:Middlewares/ST/usbx/common/usbx_host_classes/src/ux_host_class_storage_device_support_check.c **** /*  RELEASE HISTORY                                                       */
  69:Middlewares/ST/usbx/common/usbx_host_classes/src/ux_host_class_storage_device_support_check.c **** /*                                                                        */
  70:Middlewares/ST/usbx/common/usbx_host_classes/src/ux_host_class_storage_device_support_check.c **** /*    DATE              NAME                      DESCRIPTION             */
  71:Middlewares/ST/usbx/common/usbx_host_classes/src/ux_host_class_storage_device_support_check.c **** /*                                                                        */
  72:Middlewares/ST/usbx/common/usbx_host_classes/src/ux_host_class_storage_device_support_check.c **** /*  05-19-2020     Chaoqiong Xiao           Initial Version 6.0           */
  73:Middlewares/ST/usbx/common/usbx_host_classes/src/ux_host_class_storage_device_support_check.c **** /*  09-30-2020     Chaoqiong Xiao           Modified comment(s),          */
  74:Middlewares/ST/usbx/common/usbx_host_classes/src/ux_host_class_storage_device_support_check.c **** /*                                            resulting in version 6.1    */
  75:Middlewares/ST/usbx/common/usbx_host_classes/src/ux_host_class_storage_device_support_check.c **** /*  01-31-2022     Chaoqiong Xiao           Modified comment(s),          */
  76:Middlewares/ST/usbx/common/usbx_host_classes/src/ux_host_class_storage_device_support_check.c **** /*                                            added standalone support,   */
  77:Middlewares/ST/usbx/common/usbx_host_classes/src/ux_host_class_storage_device_support_check.c **** /*                                            resulting in version 6.1.10 */
  78:Middlewares/ST/usbx/common/usbx_host_classes/src/ux_host_class_storage_device_support_check.c **** /*                                                                        */
  79:Middlewares/ST/usbx/common/usbx_host_classes/src/ux_host_class_storage_device_support_check.c **** /**************************************************************************/
  80:Middlewares/ST/usbx/common/usbx_host_classes/src/ux_host_class_storage_device_support_check.c **** UINT  _ux_host_class_storage_device_support_check(UX_HOST_CLASS_STORAGE *storage)
  81:Middlewares/ST/usbx/common/usbx_host_classes/src/ux_host_class_storage_device_support_check.c **** {
  29              		.loc 1 81 1 view -0
  30              		.cfi_startproc
  31              		@ args = 0, pretend = 0, frame = 0
  32              		@ frame_needed = 0, uses_anonymous_args = 0
  33              		.loc 1 81 1 is_stmt 0 view .LVU1
  34 0000 10B5     		push	{r4, lr}
ARM GAS  /tmp/ccEj5ThF.s 			page 3


  35              	.LCFI0:
  36              		.cfi_def_cfa_offset 8
  37              		.cfi_offset 4, -8
  38              		.cfi_offset 14, -4
  39 0002 84B0     		sub	sp, sp, #16
  40              	.LCFI1:
  41              		.cfi_def_cfa_offset 24
  42 0004 0446     		mov	r4, r0
  82:Middlewares/ST/usbx/common/usbx_host_classes/src/ux_host_class_storage_device_support_check.c **** 
  83:Middlewares/ST/usbx/common/usbx_host_classes/src/ux_host_class_storage_device_support_check.c ****     /* Check for the protocol type (BO/CB/CBI) and update the transport functions.  */
  84:Middlewares/ST/usbx/common/usbx_host_classes/src/ux_host_class_storage_device_support_check.c ****     switch(storage -> ux_host_class_storage_interface -> ux_interface_descriptor.bInterfaceProtocol
  43              		.loc 1 84 5 is_stmt 1 view .LVU2
  44              		.loc 1 84 20 is_stmt 0 view .LVU3
  45 0006 C368     		ldr	r3, [r0, #12]
  46              		.loc 1 84 81 view .LVU4
  47 0008 9A6A     		ldr	r2, [r3, #40]
  48              		.loc 1 84 5 view .LVU5
  49 000a 502A     		cmp	r2, #80
  50 000c 0DD1     		bne	.L2
  85:Middlewares/ST/usbx/common/usbx_host_classes/src/ux_host_class_storage_device_support_check.c ****     {
  86:Middlewares/ST/usbx/common/usbx_host_classes/src/ux_host_class_storage_device_support_check.c **** 
  87:Middlewares/ST/usbx/common/usbx_host_classes/src/ux_host_class_storage_device_support_check.c ****     case UX_HOST_CLASS_STORAGE_PROTOCOL_BO:
  88:Middlewares/ST/usbx/common/usbx_host_classes/src/ux_host_class_storage_device_support_check.c **** 
  89:Middlewares/ST/usbx/common/usbx_host_classes/src/ux_host_class_storage_device_support_check.c **** #if !defined(UX_HOST_STANDALONE)
  90:Middlewares/ST/usbx/common/usbx_host_classes/src/ux_host_class_storage_device_support_check.c ****         storage -> ux_host_class_storage_transport =  _ux_host_class_storage_transport_bo;
  51              		.loc 1 90 9 is_stmt 1 view .LVU6
  52              		.loc 1 90 52 is_stmt 0 view .LVU7
  53 000e 1B4A     		ldr	r2, .L8
  54 0010 C0F89820 		str	r2, [r0, #152]
  91:Middlewares/ST/usbx/common/usbx_host_classes/src/ux_host_class_storage_device_support_check.c **** #endif
  92:Middlewares/ST/usbx/common/usbx_host_classes/src/ux_host_class_storage_device_support_check.c ****         break;
  55              		.loc 1 92 9 is_stmt 1 view .LVU8
  93:Middlewares/ST/usbx/common/usbx_host_classes/src/ux_host_class_storage_device_support_check.c **** 
  94:Middlewares/ST/usbx/common/usbx_host_classes/src/ux_host_class_storage_device_support_check.c **** #ifdef UX_HOST_CLASS_STORAGE_INCLUDE_LEGACY_PROTOCOL_SUPPORT
  95:Middlewares/ST/usbx/common/usbx_host_classes/src/ux_host_class_storage_device_support_check.c ****     case UX_HOST_CLASS_STORAGE_PROTOCOL_CB:
  96:Middlewares/ST/usbx/common/usbx_host_classes/src/ux_host_class_storage_device_support_check.c **** 
  97:Middlewares/ST/usbx/common/usbx_host_classes/src/ux_host_class_storage_device_support_check.c **** #if !defined(UX_HOST_STANDALONE)
  98:Middlewares/ST/usbx/common/usbx_host_classes/src/ux_host_class_storage_device_support_check.c ****         storage -> ux_host_class_storage_transport =  _ux_host_class_storage_transport_cb;
  99:Middlewares/ST/usbx/common/usbx_host_classes/src/ux_host_class_storage_device_support_check.c **** #endif
 100:Middlewares/ST/usbx/common/usbx_host_classes/src/ux_host_class_storage_device_support_check.c ****         break;
 101:Middlewares/ST/usbx/common/usbx_host_classes/src/ux_host_class_storage_device_support_check.c **** 
 102:Middlewares/ST/usbx/common/usbx_host_classes/src/ux_host_class_storage_device_support_check.c **** 
 103:Middlewares/ST/usbx/common/usbx_host_classes/src/ux_host_class_storage_device_support_check.c ****     case UX_HOST_CLASS_STORAGE_PROTOCOL_CBI:
 104:Middlewares/ST/usbx/common/usbx_host_classes/src/ux_host_class_storage_device_support_check.c **** 
 105:Middlewares/ST/usbx/common/usbx_host_classes/src/ux_host_class_storage_device_support_check.c **** #if !defined(UX_HOST_STANDALONE)
 106:Middlewares/ST/usbx/common/usbx_host_classes/src/ux_host_class_storage_device_support_check.c **** 
 107:Middlewares/ST/usbx/common/usbx_host_classes/src/ux_host_class_storage_device_support_check.c ****         /* In case of CBI, the subclass must be UFI, if not, default back to CB transport.  */
 108:Middlewares/ST/usbx/common/usbx_host_classes/src/ux_host_class_storage_device_support_check.c ****         if (storage -> ux_host_class_storage_interface -> ux_interface_descriptor.bInterfaceSubClas
 109:Middlewares/ST/usbx/common/usbx_host_classes/src/ux_host_class_storage_device_support_check.c ****             storage -> ux_host_class_storage_transport =  _ux_host_class_storage_transport_cbi;
 110:Middlewares/ST/usbx/common/usbx_host_classes/src/ux_host_class_storage_device_support_check.c ****         else
 111:Middlewares/ST/usbx/common/usbx_host_classes/src/ux_host_class_storage_device_support_check.c ****             storage -> ux_host_class_storage_transport =  _ux_host_class_storage_transport_cb;
 112:Middlewares/ST/usbx/common/usbx_host_classes/src/ux_host_class_storage_device_support_check.c **** #endif
 113:Middlewares/ST/usbx/common/usbx_host_classes/src/ux_host_class_storage_device_support_check.c ****         break;
 114:Middlewares/ST/usbx/common/usbx_host_classes/src/ux_host_class_storage_device_support_check.c **** 
 115:Middlewares/ST/usbx/common/usbx_host_classes/src/ux_host_class_storage_device_support_check.c **** #endif
 116:Middlewares/ST/usbx/common/usbx_host_classes/src/ux_host_class_storage_device_support_check.c **** 
 117:Middlewares/ST/usbx/common/usbx_host_classes/src/ux_host_class_storage_device_support_check.c ****     default:
ARM GAS  /tmp/ccEj5ThF.s 			page 4


 118:Middlewares/ST/usbx/common/usbx_host_classes/src/ux_host_class_storage_device_support_check.c **** 
 119:Middlewares/ST/usbx/common/usbx_host_classes/src/ux_host_class_storage_device_support_check.c ****         /* Error trap. */
 120:Middlewares/ST/usbx/common/usbx_host_classes/src/ux_host_class_storage_device_support_check.c ****         _ux_system_error_handler(UX_SYSTEM_LEVEL_THREAD, UX_SYSTEM_CONTEXT_CLASS, UX_HOST_CLASS_PRO
 121:Middlewares/ST/usbx/common/usbx_host_classes/src/ux_host_class_storage_device_support_check.c **** 
 122:Middlewares/ST/usbx/common/usbx_host_classes/src/ux_host_class_storage_device_support_check.c ****         /* If trace is enabled, insert this event into the trace buffer.  */
 123:Middlewares/ST/usbx/common/usbx_host_classes/src/ux_host_class_storage_device_support_check.c ****         UX_TRACE_IN_LINE_INSERT(UX_TRACE_ERROR, UX_HOST_CLASS_PROTOCOL_ERROR, storage, 0, 0, UX_TRA
 124:Middlewares/ST/usbx/common/usbx_host_classes/src/ux_host_class_storage_device_support_check.c **** 
 125:Middlewares/ST/usbx/common/usbx_host_classes/src/ux_host_class_storage_device_support_check.c ****         return(UX_HOST_CLASS_PROTOCOL_ERROR);
 126:Middlewares/ST/usbx/common/usbx_host_classes/src/ux_host_class_storage_device_support_check.c ****     }
 127:Middlewares/ST/usbx/common/usbx_host_classes/src/ux_host_class_storage_device_support_check.c **** 
 128:Middlewares/ST/usbx/common/usbx_host_classes/src/ux_host_class_storage_device_support_check.c ****     /* Check for the sub class and make sure we support it.  */
 129:Middlewares/ST/usbx/common/usbx_host_classes/src/ux_host_class_storage_device_support_check.c ****     switch (storage -> ux_host_class_storage_interface -> ux_interface_descriptor.bInterfaceSubClas
  56              		.loc 1 129 5 view .LVU9
  57              		.loc 1 129 82 is_stmt 0 view .LVU10
  58 0014 5B6A     		ldr	r3, [r3, #36]
  59              		.loc 1 129 5 view .LVU11
  60 0016 022B     		cmp	r3, #2
  61 0018 02D8     		bhi	.L3
  62 001a DBB1     		cbz	r3, .L5
  63 001c 0020     		movs	r0, #0
  64              	.LVL1:
  65              		.loc 1 129 5 view .LVU12
  66 001e 17E0     		b	.L1
  67              	.LVL2:
  68              	.L3:
  69              		.loc 1 129 5 view .LVU13
  70 0020 053B     		subs	r3, r3, #5
  71 0022 012B     		cmp	r3, #1
  72 0024 16D8     		bhi	.L5
  73 0026 0020     		movs	r0, #0
  74              	.LVL3:
  75              		.loc 1 129 5 view .LVU14
  76 0028 12E0     		b	.L1
  77              	.LVL4:
  78              	.L2:
 120:Middlewares/ST/usbx/common/usbx_host_classes/src/ux_host_class_storage_device_support_check.c **** 
  79              		.loc 1 120 9 is_stmt 1 view .LVU15
  80 002a 6022     		movs	r2, #96
  81 002c 0721     		movs	r1, #7
  82 002e 0220     		movs	r0, #2
  83              	.LVL5:
 120:Middlewares/ST/usbx/common/usbx_host_classes/src/ux_host_class_storage_device_support_check.c **** 
  84              		.loc 1 120 9 is_stmt 0 view .LVU16
  85 0030 FFF7FEFF 		bl	_ux_system_error_handler
  86              	.LVL6:
 123:Middlewares/ST/usbx/common/usbx_host_classes/src/ux_host_class_storage_device_support_check.c **** 
  87              		.loc 1 123 9 is_stmt 1 view .LVU17
  88 0034 0023     		movs	r3, #0
  89 0036 0393     		str	r3, [sp, #12]
  90 0038 0293     		str	r3, [sp, #8]
  91 003a 4FF08072 		mov	r2, #16777216
  92 003e 0192     		str	r2, [sp, #4]
  93 0040 0093     		str	r3, [sp]
  94 0042 2246     		mov	r2, r4
  95 0044 6021     		movs	r1, #96
  96 0046 40F2E730 		movw	r0, #999
  97 004a FFF7FEFF 		bl	_ux_trace_event_insert
ARM GAS  /tmp/ccEj5ThF.s 			page 5


  98              	.LVL7:
 125:Middlewares/ST/usbx/common/usbx_host_classes/src/ux_host_class_storage_device_support_check.c ****     }
  99              		.loc 1 125 9 view .LVU18
 125:Middlewares/ST/usbx/common/usbx_host_classes/src/ux_host_class_storage_device_support_check.c ****     }
 100              		.loc 1 125 15 is_stmt 0 view .LVU19
 101 004e 6020     		movs	r0, #96
 102              	.L1:
 130:Middlewares/ST/usbx/common/usbx_host_classes/src/ux_host_class_storage_device_support_check.c ****     {
 131:Middlewares/ST/usbx/common/usbx_host_classes/src/ux_host_class_storage_device_support_check.c **** 
 132:Middlewares/ST/usbx/common/usbx_host_classes/src/ux_host_class_storage_device_support_check.c **** #ifdef UX_HOST_CLASS_STORAGE_INCLUDE_LEGACY_PROTOCOL_SUPPORT
 133:Middlewares/ST/usbx/common/usbx_host_classes/src/ux_host_class_storage_device_support_check.c ****     case UX_HOST_CLASS_STORAGE_SUBCLASS_UFI:
 134:Middlewares/ST/usbx/common/usbx_host_classes/src/ux_host_class_storage_device_support_check.c **** #endif
 135:Middlewares/ST/usbx/common/usbx_host_classes/src/ux_host_class_storage_device_support_check.c ****     case UX_HOST_CLASS_STORAGE_SUBCLASS_RBC:
 136:Middlewares/ST/usbx/common/usbx_host_classes/src/ux_host_class_storage_device_support_check.c ****     case UX_HOST_CLASS_STORAGE_SUBCLASS_SCSI:
 137:Middlewares/ST/usbx/common/usbx_host_classes/src/ux_host_class_storage_device_support_check.c ****     case UX_HOST_CLASS_STORAGE_SUBCLASS_SFF8020:
 138:Middlewares/ST/usbx/common/usbx_host_classes/src/ux_host_class_storage_device_support_check.c ****     case UX_HOST_CLASS_STORAGE_SUBCLASS_SFF8070:
 139:Middlewares/ST/usbx/common/usbx_host_classes/src/ux_host_class_storage_device_support_check.c **** 
 140:Middlewares/ST/usbx/common/usbx_host_classes/src/ux_host_class_storage_device_support_check.c ****         return(UX_SUCCESS);
 141:Middlewares/ST/usbx/common/usbx_host_classes/src/ux_host_class_storage_device_support_check.c **** 
 142:Middlewares/ST/usbx/common/usbx_host_classes/src/ux_host_class_storage_device_support_check.c ****     default:
 143:Middlewares/ST/usbx/common/usbx_host_classes/src/ux_host_class_storage_device_support_check.c **** 
 144:Middlewares/ST/usbx/common/usbx_host_classes/src/ux_host_class_storage_device_support_check.c ****         /* Error trap. */
 145:Middlewares/ST/usbx/common/usbx_host_classes/src/ux_host_class_storage_device_support_check.c ****         _ux_system_error_handler(UX_SYSTEM_LEVEL_THREAD, UX_SYSTEM_CONTEXT_CLASS, UX_HOST_CLASS_PRO
 146:Middlewares/ST/usbx/common/usbx_host_classes/src/ux_host_class_storage_device_support_check.c **** 
 147:Middlewares/ST/usbx/common/usbx_host_classes/src/ux_host_class_storage_device_support_check.c ****         /* If trace is enabled, insert this event into the trace buffer.  */
 148:Middlewares/ST/usbx/common/usbx_host_classes/src/ux_host_class_storage_device_support_check.c ****         UX_TRACE_IN_LINE_INSERT(UX_TRACE_ERROR, UX_HOST_CLASS_PROTOCOL_ERROR, storage, 0, 0, UX_TRA
 149:Middlewares/ST/usbx/common/usbx_host_classes/src/ux_host_class_storage_device_support_check.c **** 
 150:Middlewares/ST/usbx/common/usbx_host_classes/src/ux_host_class_storage_device_support_check.c ****         return(UX_HOST_CLASS_PROTOCOL_ERROR);
 151:Middlewares/ST/usbx/common/usbx_host_classes/src/ux_host_class_storage_device_support_check.c ****     }
 152:Middlewares/ST/usbx/common/usbx_host_classes/src/ux_host_class_storage_device_support_check.c **** }
 103              		.loc 1 152 1 view .LVU20
 104 0050 04B0     		add	sp, sp, #16
 105              	.LCFI2:
 106              		.cfi_remember_state
 107              		.cfi_def_cfa_offset 8
 108              		@ sp needed
 109 0052 10BD     		pop	{r4, pc}
 110              	.LVL8:
 111              	.L5:
 112              	.LCFI3:
 113              		.cfi_restore_state
 145:Middlewares/ST/usbx/common/usbx_host_classes/src/ux_host_class_storage_device_support_check.c **** 
 114              		.loc 1 145 9 is_stmt 1 view .LVU21
 115 0054 6022     		movs	r2, #96
 116 0056 0721     		movs	r1, #7
 117 0058 0220     		movs	r0, #2
 118              	.LVL9:
 145:Middlewares/ST/usbx/common/usbx_host_classes/src/ux_host_class_storage_device_support_check.c **** 
 119              		.loc 1 145 9 is_stmt 0 view .LVU22
 120 005a FFF7FEFF 		bl	_ux_system_error_handler
 121              	.LVL10:
 148:Middlewares/ST/usbx/common/usbx_host_classes/src/ux_host_class_storage_device_support_check.c **** 
 122              		.loc 1 148 9 is_stmt 1 view .LVU23
 123 005e 0023     		movs	r3, #0
 124 0060 0393     		str	r3, [sp, #12]
 125 0062 0293     		str	r3, [sp, #8]
 126 0064 4FF08072 		mov	r2, #16777216
ARM GAS  /tmp/ccEj5ThF.s 			page 6


 127 0068 0192     		str	r2, [sp, #4]
 128 006a 0093     		str	r3, [sp]
 129 006c 2246     		mov	r2, r4
 130 006e 6021     		movs	r1, #96
 131 0070 40F2E730 		movw	r0, #999
 132 0074 FFF7FEFF 		bl	_ux_trace_event_insert
 133              	.LVL11:
 150:Middlewares/ST/usbx/common/usbx_host_classes/src/ux_host_class_storage_device_support_check.c ****     }
 134              		.loc 1 150 9 view .LVU24
 150:Middlewares/ST/usbx/common/usbx_host_classes/src/ux_host_class_storage_device_support_check.c ****     }
 135              		.loc 1 150 15 is_stmt 0 view .LVU25
 136 0078 6020     		movs	r0, #96
 137 007a E9E7     		b	.L1
 138              	.L9:
 139              		.align	2
 140              	.L8:
 141 007c 00000000 		.word	_ux_host_class_storage_transport_bo
 142              		.cfi_endproc
 143              	.LFE11:
 145              		.text
 146              	.Letext0:
 147              		.file 2 "Middlewares/ST/threadx/ports/cortex_m7/gnu/inc/tx_port.h"
 148              		.file 3 "Middlewares/ST/threadx/common/inc/tx_api.h"
 149              		.file 4 "Middlewares/ST/threadx/common/inc/tx_trace.h"
 150              		.file 5 "Middlewares/ST/usbx/common/core/inc/ux_api.h"
 151              		.file 6 "Middlewares/ST/usbx/common/usbx_host_classes/inc/ux_host_class_storage.h"
 152              		.file 7 "Middlewares/ST/usbx/common/core/inc/ux_utility.h"
ARM GAS  /tmp/ccEj5ThF.s 			page 7


DEFINED SYMBOLS
                            *ABS*:00000000 ux_host_class_storage_device_support_check.c
     /tmp/ccEj5ThF.s:20     .text._ux_host_class_storage_device_support_check:00000000 $t
     /tmp/ccEj5ThF.s:26     .text._ux_host_class_storage_device_support_check:00000000 _ux_host_class_storage_device_support_check
     /tmp/ccEj5ThF.s:141    .text._ux_host_class_storage_device_support_check:0000007c $d

UNDEFINED SYMBOLS
_ux_system_error_handler
_ux_trace_event_insert
_ux_host_class_storage_transport_bo
