ARM GAS  /tmp/ccnM1OQo.s 			page 1


   1              		.cpu cortex-m7
   2              		.arch armv7e-m
   3              		.fpu fpv5-d16
   4              		.eabi_attribute 28, 1
   5              		.eabi_attribute 20, 1
   6              		.eabi_attribute 21, 1
   7              		.eabi_attribute 23, 3
   8              		.eabi_attribute 24, 1
   9              		.eabi_attribute 25, 1
  10              		.eabi_attribute 26, 1
  11              		.eabi_attribute 30, 1
  12              		.eabi_attribute 34, 1
  13              		.eabi_attribute 18, 4
  14              		.file	"ux_host_stack_device_configuration_get.c"
  15              		.text
  16              	.Ltext0:
  17              		.cfi_sections	.debug_frame
  18              		.file 1 "Middlewares/ST/usbx/common/core/src/ux_host_stack_device_configuration_get.c"
  19              		.section	.text._ux_host_stack_device_configuration_get,"ax",%progbits
  20              		.align	1
  21              		.global	_ux_host_stack_device_configuration_get
  22              		.syntax unified
  23              		.thumb
  24              		.thumb_func
  26              	_ux_host_stack_device_configuration_get:
  27              	.LVL0:
  28              	.LFB11:
   1:Middlewares/ST/usbx/common/core/src/ux_host_stack_device_configuration_get.c **** /**************************************************************************/
   2:Middlewares/ST/usbx/common/core/src/ux_host_stack_device_configuration_get.c **** /*                                                                        */
   3:Middlewares/ST/usbx/common/core/src/ux_host_stack_device_configuration_get.c **** /*       Copyright (c) Microsoft Corporation. All rights reserved.        */
   4:Middlewares/ST/usbx/common/core/src/ux_host_stack_device_configuration_get.c **** /*                                                                        */
   5:Middlewares/ST/usbx/common/core/src/ux_host_stack_device_configuration_get.c **** /*       This software is licensed under the Microsoft Software License   */
   6:Middlewares/ST/usbx/common/core/src/ux_host_stack_device_configuration_get.c **** /*       Terms for Microsoft Azure RTOS. Full text of the license can be  */
   7:Middlewares/ST/usbx/common/core/src/ux_host_stack_device_configuration_get.c **** /*       found in the LICENSE file at https://aka.ms/AzureRTOS_EULA       */
   8:Middlewares/ST/usbx/common/core/src/ux_host_stack_device_configuration_get.c **** /*       and in the root directory of this software.                      */
   9:Middlewares/ST/usbx/common/core/src/ux_host_stack_device_configuration_get.c **** /*                                                                        */
  10:Middlewares/ST/usbx/common/core/src/ux_host_stack_device_configuration_get.c **** /**************************************************************************/
  11:Middlewares/ST/usbx/common/core/src/ux_host_stack_device_configuration_get.c **** 
  12:Middlewares/ST/usbx/common/core/src/ux_host_stack_device_configuration_get.c **** 
  13:Middlewares/ST/usbx/common/core/src/ux_host_stack_device_configuration_get.c **** /**************************************************************************/
  14:Middlewares/ST/usbx/common/core/src/ux_host_stack_device_configuration_get.c **** /**************************************************************************/
  15:Middlewares/ST/usbx/common/core/src/ux_host_stack_device_configuration_get.c **** /**                                                                       */ 
  16:Middlewares/ST/usbx/common/core/src/ux_host_stack_device_configuration_get.c **** /** USBX Component                                                        */ 
  17:Middlewares/ST/usbx/common/core/src/ux_host_stack_device_configuration_get.c **** /**                                                                       */
  18:Middlewares/ST/usbx/common/core/src/ux_host_stack_device_configuration_get.c **** /**   Host Stack                                                          */
  19:Middlewares/ST/usbx/common/core/src/ux_host_stack_device_configuration_get.c **** /**                                                                       */
  20:Middlewares/ST/usbx/common/core/src/ux_host_stack_device_configuration_get.c **** /**************************************************************************/
  21:Middlewares/ST/usbx/common/core/src/ux_host_stack_device_configuration_get.c **** /**************************************************************************/
  22:Middlewares/ST/usbx/common/core/src/ux_host_stack_device_configuration_get.c **** 
  23:Middlewares/ST/usbx/common/core/src/ux_host_stack_device_configuration_get.c **** 
  24:Middlewares/ST/usbx/common/core/src/ux_host_stack_device_configuration_get.c **** /* Include necessary system files.  */
  25:Middlewares/ST/usbx/common/core/src/ux_host_stack_device_configuration_get.c **** 
  26:Middlewares/ST/usbx/common/core/src/ux_host_stack_device_configuration_get.c **** #define UX_SOURCE_CODE
  27:Middlewares/ST/usbx/common/core/src/ux_host_stack_device_configuration_get.c **** 
  28:Middlewares/ST/usbx/common/core/src/ux_host_stack_device_configuration_get.c **** #include "ux_api.h"
  29:Middlewares/ST/usbx/common/core/src/ux_host_stack_device_configuration_get.c **** #include "ux_host_stack.h"
  30:Middlewares/ST/usbx/common/core/src/ux_host_stack_device_configuration_get.c **** 
ARM GAS  /tmp/ccnM1OQo.s 			page 2


  31:Middlewares/ST/usbx/common/core/src/ux_host_stack_device_configuration_get.c **** 
  32:Middlewares/ST/usbx/common/core/src/ux_host_stack_device_configuration_get.c **** /**************************************************************************/ 
  33:Middlewares/ST/usbx/common/core/src/ux_host_stack_device_configuration_get.c **** /*                                                                        */ 
  34:Middlewares/ST/usbx/common/core/src/ux_host_stack_device_configuration_get.c **** /*  FUNCTION                                               RELEASE        */ 
  35:Middlewares/ST/usbx/common/core/src/ux_host_stack_device_configuration_get.c **** /*                                                                        */ 
  36:Middlewares/ST/usbx/common/core/src/ux_host_stack_device_configuration_get.c **** /*    _ux_host_stack_device_configuration_get             PORTABLE C      */ 
  37:Middlewares/ST/usbx/common/core/src/ux_host_stack_device_configuration_get.c **** /*                                                           6.1          */
  38:Middlewares/ST/usbx/common/core/src/ux_host_stack_device_configuration_get.c **** /*  AUTHOR                                                                */
  39:Middlewares/ST/usbx/common/core/src/ux_host_stack_device_configuration_get.c **** /*                                                                        */
  40:Middlewares/ST/usbx/common/core/src/ux_host_stack_device_configuration_get.c **** /*    Chaoqiong Xiao, Microsoft Corporation                               */
  41:Middlewares/ST/usbx/common/core/src/ux_host_stack_device_configuration_get.c **** /*                                                                        */
  42:Middlewares/ST/usbx/common/core/src/ux_host_stack_device_configuration_get.c **** /*  DESCRIPTION                                                           */
  43:Middlewares/ST/usbx/common/core/src/ux_host_stack_device_configuration_get.c **** /*                                                                        */ 
  44:Middlewares/ST/usbx/common/core/src/ux_host_stack_device_configuration_get.c **** /*    This function returns a configuration container based on a device   */
  45:Middlewares/ST/usbx/common/core/src/ux_host_stack_device_configuration_get.c **** /*    handle and a configuration index.                                   */ 
  46:Middlewares/ST/usbx/common/core/src/ux_host_stack_device_configuration_get.c **** /*                                                                        */ 
  47:Middlewares/ST/usbx/common/core/src/ux_host_stack_device_configuration_get.c **** /*  INPUT                                                                 */ 
  48:Middlewares/ST/usbx/common/core/src/ux_host_stack_device_configuration_get.c **** /*                                                                        */ 
  49:Middlewares/ST/usbx/common/core/src/ux_host_stack_device_configuration_get.c **** /*    device                                Pointer to device             */ 
  50:Middlewares/ST/usbx/common/core/src/ux_host_stack_device_configuration_get.c **** /*    configuration_index                   Index of configuration        */ 
  51:Middlewares/ST/usbx/common/core/src/ux_host_stack_device_configuration_get.c **** /*    configuration                         Pointer to configuration      */ 
  52:Middlewares/ST/usbx/common/core/src/ux_host_stack_device_configuration_get.c **** /*                                            destination                 */ 
  53:Middlewares/ST/usbx/common/core/src/ux_host_stack_device_configuration_get.c **** /*                                                                        */ 
  54:Middlewares/ST/usbx/common/core/src/ux_host_stack_device_configuration_get.c **** /*  OUTPUT                                                                */ 
  55:Middlewares/ST/usbx/common/core/src/ux_host_stack_device_configuration_get.c **** /*                                                                        */ 
  56:Middlewares/ST/usbx/common/core/src/ux_host_stack_device_configuration_get.c **** /*    Completion Status                                                   */ 
  57:Middlewares/ST/usbx/common/core/src/ux_host_stack_device_configuration_get.c **** /*                                                                        */ 
  58:Middlewares/ST/usbx/common/core/src/ux_host_stack_device_configuration_get.c **** /*  CALLS                                                                 */ 
  59:Middlewares/ST/usbx/common/core/src/ux_host_stack_device_configuration_get.c **** /*                                                                        */ 
  60:Middlewares/ST/usbx/common/core/src/ux_host_stack_device_configuration_get.c **** /*    None                                                                */ 
  61:Middlewares/ST/usbx/common/core/src/ux_host_stack_device_configuration_get.c **** /*                                                                        */ 
  62:Middlewares/ST/usbx/common/core/src/ux_host_stack_device_configuration_get.c **** /*  CALLED BY                                                             */ 
  63:Middlewares/ST/usbx/common/core/src/ux_host_stack_device_configuration_get.c **** /*                                                                        */ 
  64:Middlewares/ST/usbx/common/core/src/ux_host_stack_device_configuration_get.c **** /*    Application                                                         */ 
  65:Middlewares/ST/usbx/common/core/src/ux_host_stack_device_configuration_get.c **** /*    USBX Components                                                     */ 
  66:Middlewares/ST/usbx/common/core/src/ux_host_stack_device_configuration_get.c **** /*                                                                        */ 
  67:Middlewares/ST/usbx/common/core/src/ux_host_stack_device_configuration_get.c **** /*  RELEASE HISTORY                                                       */ 
  68:Middlewares/ST/usbx/common/core/src/ux_host_stack_device_configuration_get.c **** /*                                                                        */ 
  69:Middlewares/ST/usbx/common/core/src/ux_host_stack_device_configuration_get.c **** /*    DATE              NAME                      DESCRIPTION             */ 
  70:Middlewares/ST/usbx/common/core/src/ux_host_stack_device_configuration_get.c **** /*                                                                        */ 
  71:Middlewares/ST/usbx/common/core/src/ux_host_stack_device_configuration_get.c **** /*  05-19-2020     Chaoqiong Xiao           Initial Version 6.0           */
  72:Middlewares/ST/usbx/common/core/src/ux_host_stack_device_configuration_get.c **** /*  09-30-2020     Chaoqiong Xiao           Modified comment(s),          */
  73:Middlewares/ST/usbx/common/core/src/ux_host_stack_device_configuration_get.c **** /*                                            resulting in version 6.1    */
  74:Middlewares/ST/usbx/common/core/src/ux_host_stack_device_configuration_get.c **** /*                                                                        */
  75:Middlewares/ST/usbx/common/core/src/ux_host_stack_device_configuration_get.c **** /**************************************************************************/
  76:Middlewares/ST/usbx/common/core/src/ux_host_stack_device_configuration_get.c **** UINT  _ux_host_stack_device_configuration_get(UX_DEVICE *device, UINT configuration_index,
  77:Middlewares/ST/usbx/common/core/src/ux_host_stack_device_configuration_get.c ****                                                         UX_CONFIGURATION **configuration)
  78:Middlewares/ST/usbx/common/core/src/ux_host_stack_device_configuration_get.c **** {
  29              		.loc 1 78 1 view -0
  30              		.cfi_startproc
  31              		@ args = 0, pretend = 0, frame = 0
  32              		@ frame_needed = 0, uses_anonymous_args = 0
  33              		.loc 1 78 1 is_stmt 0 view .LVU1
  34 0000 30B5     		push	{r4, r5, lr}
  35              	.LCFI0:
  36              		.cfi_def_cfa_offset 12
  37              		.cfi_offset 4, -12
ARM GAS  /tmp/ccnM1OQo.s 			page 3


  38              		.cfi_offset 5, -8
  39              		.cfi_offset 14, -4
  40 0002 85B0     		sub	sp, sp, #20
  41              	.LCFI1:
  42              		.cfi_def_cfa_offset 32
  43 0004 0446     		mov	r4, r0
  79:Middlewares/ST/usbx/common/core/src/ux_host_stack_device_configuration_get.c **** 
  80:Middlewares/ST/usbx/common/core/src/ux_host_stack_device_configuration_get.c **** UINT                    current_configuration_index;
  44              		.loc 1 80 1 is_stmt 1 view .LVU2
  81:Middlewares/ST/usbx/common/core/src/ux_host_stack_device_configuration_get.c **** UX_CONFIGURATION        *current_configuration;
  45              		.loc 1 81 1 view .LVU3
  82:Middlewares/ST/usbx/common/core/src/ux_host_stack_device_configuration_get.c **** 
  83:Middlewares/ST/usbx/common/core/src/ux_host_stack_device_configuration_get.c ****     /* Do a sanity check on the device handle.  */
  84:Middlewares/ST/usbx/common/core/src/ux_host_stack_device_configuration_get.c ****     if (device -> ux_device_handle != (ULONG) (ALIGN_TYPE) device)
  46              		.loc 1 84 5 view .LVU4
  47              		.loc 1 84 16 is_stmt 0 view .LVU5
  48 0006 0368     		ldr	r3, [r0]
  49              		.loc 1 84 8 view .LVU6
  50 0008 8342     		cmp	r3, r0
  51 000a 03D1     		bne	.L8
  52 000c 1546     		mov	r5, r2
  85:Middlewares/ST/usbx/common/core/src/ux_host_stack_device_configuration_get.c ****     {
  86:Middlewares/ST/usbx/common/core/src/ux_host_stack_device_configuration_get.c ****         
  87:Middlewares/ST/usbx/common/core/src/ux_host_stack_device_configuration_get.c ****         /* Error trap. */
  88:Middlewares/ST/usbx/common/core/src/ux_host_stack_device_configuration_get.c ****         _ux_system_error_handler(UX_SYSTEM_LEVEL_THREAD, UX_SYSTEM_CONTEXT_ENUMERATOR, UX_DEVICE_HA
  89:Middlewares/ST/usbx/common/core/src/ux_host_stack_device_configuration_get.c **** 
  90:Middlewares/ST/usbx/common/core/src/ux_host_stack_device_configuration_get.c ****         /* If trace is enabled, insert this event into the trace buffer.  */
  91:Middlewares/ST/usbx/common/core/src/ux_host_stack_device_configuration_get.c ****         UX_TRACE_IN_LINE_INSERT(UX_TRACE_ERROR, UX_DEVICE_HANDLE_UNKNOWN, device, 0, 0, UX_TRACE_ER
  92:Middlewares/ST/usbx/common/core/src/ux_host_stack_device_configuration_get.c **** 
  93:Middlewares/ST/usbx/common/core/src/ux_host_stack_device_configuration_get.c ****         return(UX_DEVICE_HANDLE_UNKNOWN);
  94:Middlewares/ST/usbx/common/core/src/ux_host_stack_device_configuration_get.c ****     }
  95:Middlewares/ST/usbx/common/core/src/ux_host_stack_device_configuration_get.c ****         
  96:Middlewares/ST/usbx/common/core/src/ux_host_stack_device_configuration_get.c ****     /* Start with the configuration attached to the device.  */
  97:Middlewares/ST/usbx/common/core/src/ux_host_stack_device_configuration_get.c ****     current_configuration =  device -> ux_device_first_configuration;
  53              		.loc 1 97 5 is_stmt 1 view .LVU7
  54              		.loc 1 97 27 is_stmt 0 view .LVU8
  55 000e 026C     		ldr	r2, [r0, #64]
  56              	.LVL1:
  98:Middlewares/ST/usbx/common/core/src/ux_host_stack_device_configuration_get.c **** 
  99:Middlewares/ST/usbx/common/core/src/ux_host_stack_device_configuration_get.c ****     /* The first configuration has the index 0.  */    
 100:Middlewares/ST/usbx/common/core/src/ux_host_stack_device_configuration_get.c ****     current_configuration_index =  0;
  57              		.loc 1 100 5 is_stmt 1 view .LVU9
 101:Middlewares/ST/usbx/common/core/src/ux_host_stack_device_configuration_get.c ****     
 102:Middlewares/ST/usbx/common/core/src/ux_host_stack_device_configuration_get.c ****     /* Traverse the list of the configurations until we found the right one.  */        
 103:Middlewares/ST/usbx/common/core/src/ux_host_stack_device_configuration_get.c ****     while (current_configuration != UX_NULL)
  58              		.loc 1 103 5 view .LVU10
 100:Middlewares/ST/usbx/common/core/src/ux_host_stack_device_configuration_get.c ****     
  59              		.loc 1 100 33 is_stmt 0 view .LVU11
  60 0010 0023     		movs	r3, #0
  61              		.loc 1 103 11 view .LVU12
  62 0012 15E0     		b	.L4
  63              	.LVL2:
  64              	.L8:
  88:Middlewares/ST/usbx/common/core/src/ux_host_stack_device_configuration_get.c **** 
  65              		.loc 1 88 9 is_stmt 1 view .LVU13
  66 0014 5022     		movs	r2, #80
  67              	.LVL3:
ARM GAS  /tmp/ccnM1OQo.s 			page 4


  88:Middlewares/ST/usbx/common/core/src/ux_host_stack_device_configuration_get.c **** 
  68              		.loc 1 88 9 is_stmt 0 view .LVU14
  69 0016 0421     		movs	r1, #4
  70              	.LVL4:
  88:Middlewares/ST/usbx/common/core/src/ux_host_stack_device_configuration_get.c **** 
  71              		.loc 1 88 9 view .LVU15
  72 0018 0220     		movs	r0, #2
  73              	.LVL5:
  88:Middlewares/ST/usbx/common/core/src/ux_host_stack_device_configuration_get.c **** 
  74              		.loc 1 88 9 view .LVU16
  75 001a FFF7FEFF 		bl	_ux_system_error_handler
  76              	.LVL6:
  91:Middlewares/ST/usbx/common/core/src/ux_host_stack_device_configuration_get.c **** 
  77              		.loc 1 91 9 is_stmt 1 view .LVU17
  78 001e 0023     		movs	r3, #0
  79 0020 0393     		str	r3, [sp, #12]
  80 0022 0293     		str	r3, [sp, #8]
  81 0024 4FF08072 		mov	r2, #16777216
  82 0028 0192     		str	r2, [sp, #4]
  83 002a 0093     		str	r3, [sp]
  84 002c 2246     		mov	r2, r4
  85 002e 5021     		movs	r1, #80
  86 0030 40F2E730 		movw	r0, #999
  87 0034 FFF7FEFF 		bl	_ux_trace_event_insert
  88              	.LVL7:
  93:Middlewares/ST/usbx/common/core/src/ux_host_stack_device_configuration_get.c ****     }
  89              		.loc 1 93 9 view .LVU18
  93:Middlewares/ST/usbx/common/core/src/ux_host_stack_device_configuration_get.c ****     }
  90              		.loc 1 93 15 is_stmt 0 view .LVU19
  91 0038 5020     		movs	r0, #80
  92 003a 27E0     		b	.L1
  93              	.LVL8:
  94              	.L5:
 104:Middlewares/ST/usbx/common/core/src/ux_host_stack_device_configuration_get.c ****     {
 105:Middlewares/ST/usbx/common/core/src/ux_host_stack_device_configuration_get.c **** 
 106:Middlewares/ST/usbx/common/core/src/ux_host_stack_device_configuration_get.c ****         /* Check if the configuration index matches the current one.  */
 107:Middlewares/ST/usbx/common/core/src/ux_host_stack_device_configuration_get.c ****         if (configuration_index == current_configuration_index)
 108:Middlewares/ST/usbx/common/core/src/ux_host_stack_device_configuration_get.c ****         {
 109:Middlewares/ST/usbx/common/core/src/ux_host_stack_device_configuration_get.c **** 
 110:Middlewares/ST/usbx/common/core/src/ux_host_stack_device_configuration_get.c ****             /* Return the configuration pointer.  */
 111:Middlewares/ST/usbx/common/core/src/ux_host_stack_device_configuration_get.c ****             *configuration =  current_configuration;
 112:Middlewares/ST/usbx/common/core/src/ux_host_stack_device_configuration_get.c **** 
 113:Middlewares/ST/usbx/common/core/src/ux_host_stack_device_configuration_get.c ****             /* If trace is enabled, insert this event into the trace buffer.  */
 114:Middlewares/ST/usbx/common/core/src/ux_host_stack_device_configuration_get.c ****             UX_TRACE_IN_LINE_INSERT(UX_TRACE_HOST_STACK_DEVICE_CONFIGURATION_GET, device, current_c
 115:Middlewares/ST/usbx/common/core/src/ux_host_stack_device_configuration_get.c **** 
 116:Middlewares/ST/usbx/common/core/src/ux_host_stack_device_configuration_get.c ****             /* Return successful completion.  */
 117:Middlewares/ST/usbx/common/core/src/ux_host_stack_device_configuration_get.c ****             return(UX_SUCCESS);
 118:Middlewares/ST/usbx/common/core/src/ux_host_stack_device_configuration_get.c ****         }
 119:Middlewares/ST/usbx/common/core/src/ux_host_stack_device_configuration_get.c ****         
 120:Middlewares/ST/usbx/common/core/src/ux_host_stack_device_configuration_get.c ****         /* Move to the next configuration.  */
 121:Middlewares/ST/usbx/common/core/src/ux_host_stack_device_configuration_get.c ****         current_configuration =  current_configuration -> ux_configuration_next_configuration;
  95              		.loc 1 121 9 is_stmt 1 view .LVU20
  96              		.loc 1 121 31 is_stmt 0 view .LVU21
  97 003c 126B     		ldr	r2, [r2, #48]
  98              	.LVL9:
 122:Middlewares/ST/usbx/common/core/src/ux_host_stack_device_configuration_get.c ****         
 123:Middlewares/ST/usbx/common/core/src/ux_host_stack_device_configuration_get.c ****         /* Move to the next index.  */
ARM GAS  /tmp/ccnM1OQo.s 			page 5


 124:Middlewares/ST/usbx/common/core/src/ux_host_stack_device_configuration_get.c ****         current_configuration_index++;
  99              		.loc 1 124 9 is_stmt 1 view .LVU22
 100              		.loc 1 124 36 is_stmt 0 view .LVU23
 101 003e 0133     		adds	r3, r3, #1
 102              	.LVL10:
 103              	.L4:
 103:Middlewares/ST/usbx/common/core/src/ux_host_stack_device_configuration_get.c ****     {
 104              		.loc 1 103 34 is_stmt 1 view .LVU24
 105 0040 8AB1     		cbz	r2, .L9
 107:Middlewares/ST/usbx/common/core/src/ux_host_stack_device_configuration_get.c ****         {
 106              		.loc 1 107 9 view .LVU25
 107:Middlewares/ST/usbx/common/core/src/ux_host_stack_device_configuration_get.c ****         {
 107              		.loc 1 107 12 is_stmt 0 view .LVU26
 108 0042 8B42     		cmp	r3, r1
 109 0044 FAD1     		bne	.L5
 111:Middlewares/ST/usbx/common/core/src/ux_host_stack_device_configuration_get.c **** 
 110              		.loc 1 111 13 is_stmt 1 view .LVU27
 111:Middlewares/ST/usbx/common/core/src/ux_host_stack_device_configuration_get.c **** 
 111              		.loc 1 111 28 is_stmt 0 view .LVU28
 112 0046 2A60     		str	r2, [r5]
 114:Middlewares/ST/usbx/common/core/src/ux_host_stack_device_configuration_get.c **** 
 113              		.loc 1 114 13 is_stmt 1 view .LVU29
 114 0048 0025     		movs	r5, #0
 115              	.LVL11:
 114:Middlewares/ST/usbx/common/core/src/ux_host_stack_device_configuration_get.c **** 
 116              		.loc 1 114 13 is_stmt 0 view .LVU30
 117 004a 0395     		str	r5, [sp, #12]
 118 004c 0295     		str	r5, [sp, #8]
 119 004e 4FF00073 		mov	r3, #33554432
 120              	.LVL12:
 114:Middlewares/ST/usbx/common/core/src/ux_host_stack_device_configuration_get.c **** 
 121              		.loc 1 114 13 view .LVU31
 122 0052 0193     		str	r3, [sp, #4]
 123 0054 0095     		str	r5, [sp]
 124 0056 2B46     		mov	r3, r5
 125 0058 2146     		mov	r1, r4
 126              	.LVL13:
 114:Middlewares/ST/usbx/common/core/src/ux_host_stack_device_configuration_get.c **** 
 127              		.loc 1 114 13 view .LVU32
 128 005a 40F26120 		movw	r0, #609
 129              	.LVL14:
 114:Middlewares/ST/usbx/common/core/src/ux_host_stack_device_configuration_get.c **** 
 130              		.loc 1 114 13 view .LVU33
 131 005e FFF7FEFF 		bl	_ux_trace_event_insert
 132              	.LVL15:
 117:Middlewares/ST/usbx/common/core/src/ux_host_stack_device_configuration_get.c ****         }
 133              		.loc 1 117 13 is_stmt 1 view .LVU34
 117:Middlewares/ST/usbx/common/core/src/ux_host_stack_device_configuration_get.c ****         }
 134              		.loc 1 117 19 is_stmt 0 view .LVU35
 135 0062 2846     		mov	r0, r5
 136 0064 12E0     		b	.L1
 137              	.LVL16:
 138              	.L9:
 125:Middlewares/ST/usbx/common/core/src/ux_host_stack_device_configuration_get.c ****     }
 126:Middlewares/ST/usbx/common/core/src/ux_host_stack_device_configuration_get.c ****     
 127:Middlewares/ST/usbx/common/core/src/ux_host_stack_device_configuration_get.c ****     /* Error trap. */
 128:Middlewares/ST/usbx/common/core/src/ux_host_stack_device_configuration_get.c ****     _ux_system_error_handler(UX_SYSTEM_LEVEL_THREAD, UX_SYSTEM_CONTEXT_ENUMERATOR, UX_CONFIGURATION
ARM GAS  /tmp/ccnM1OQo.s 			page 6


 139              		.loc 1 128 5 is_stmt 1 view .LVU36
 140 0066 5122     		movs	r2, #81
 141              	.LVL17:
 142              		.loc 1 128 5 is_stmt 0 view .LVU37
 143 0068 0421     		movs	r1, #4
 144              	.LVL18:
 145              		.loc 1 128 5 view .LVU38
 146 006a 0220     		movs	r0, #2
 147              	.LVL19:
 148              		.loc 1 128 5 view .LVU39
 149 006c FFF7FEFF 		bl	_ux_system_error_handler
 150              	.LVL20:
 129:Middlewares/ST/usbx/common/core/src/ux_host_stack_device_configuration_get.c **** 
 130:Middlewares/ST/usbx/common/core/src/ux_host_stack_device_configuration_get.c ****     /* If trace is enabled, insert this event into the trace buffer.  */
 131:Middlewares/ST/usbx/common/core/src/ux_host_stack_device_configuration_get.c ****     UX_TRACE_IN_LINE_INSERT(UX_TRACE_ERROR, UX_CONFIGURATION_HANDLE_UNKNOWN, configuration, 0, 0, U
 151              		.loc 1 131 5 is_stmt 1 view .LVU40
 152 0070 0023     		movs	r3, #0
 153 0072 0393     		str	r3, [sp, #12]
 154 0074 0293     		str	r3, [sp, #8]
 155 0076 4FF08072 		mov	r2, #16777216
 156 007a 0192     		str	r2, [sp, #4]
 157 007c 0093     		str	r3, [sp]
 158 007e 2A46     		mov	r2, r5
 159 0080 5121     		movs	r1, #81
 160 0082 40F2E730 		movw	r0, #999
 161 0086 FFF7FEFF 		bl	_ux_trace_event_insert
 162              	.LVL21:
 132:Middlewares/ST/usbx/common/core/src/ux_host_stack_device_configuration_get.c ****     
 133:Middlewares/ST/usbx/common/core/src/ux_host_stack_device_configuration_get.c ****     /* Return an error.  */
 134:Middlewares/ST/usbx/common/core/src/ux_host_stack_device_configuration_get.c ****     return(UX_CONFIGURATION_HANDLE_UNKNOWN);
 163              		.loc 1 134 5 view .LVU41
 164              		.loc 1 134 11 is_stmt 0 view .LVU42
 165 008a 5120     		movs	r0, #81
 166              	.LVL22:
 167              	.L1:
 135:Middlewares/ST/usbx/common/core/src/ux_host_stack_device_configuration_get.c **** }
 168              		.loc 1 135 1 view .LVU43
 169 008c 05B0     		add	sp, sp, #20
 170              	.LCFI2:
 171              		.cfi_def_cfa_offset 12
 172              		@ sp needed
 173 008e 30BD     		pop	{r4, r5, pc}
 174              		.loc 1 135 1 view .LVU44
 175              		.cfi_endproc
 176              	.LFE11:
 178              		.text
 179              	.Letext0:
 180              		.file 2 "Middlewares/ST/threadx/ports/cortex_m7/gnu/inc/tx_port.h"
 181              		.file 3 "Middlewares/ST/threadx/common/inc/tx_api.h"
 182              		.file 4 "Middlewares/ST/threadx/common/inc/tx_trace.h"
 183              		.file 5 "Middlewares/ST/usbx/common/core/inc/ux_api.h"
 184              		.file 6 "Middlewares/ST/usbx/common/core/inc/ux_utility.h"
ARM GAS  /tmp/ccnM1OQo.s 			page 7


DEFINED SYMBOLS
                            *ABS*:00000000 ux_host_stack_device_configuration_get.c
     /tmp/ccnM1OQo.s:20     .text._ux_host_stack_device_configuration_get:00000000 $t
     /tmp/ccnM1OQo.s:26     .text._ux_host_stack_device_configuration_get:00000000 _ux_host_stack_device_configuration_get

UNDEFINED SYMBOLS
_ux_system_error_handler
_ux_trace_event_insert
