ARM GAS  /tmp/ccNhRubU.s 			page 1


   1              		.cpu cortex-m7
   2              		.arch armv7e-m
   3              		.fpu fpv5-d16
   4              		.eabi_attribute 28, 1
   5              		.eabi_attribute 20, 1
   6              		.eabi_attribute 21, 1
   7              		.eabi_attribute 23, 3
   8              		.eabi_attribute 24, 1
   9              		.eabi_attribute 25, 1
  10              		.eabi_attribute 26, 1
  11              		.eabi_attribute 30, 1
  12              		.eabi_attribute 34, 1
  13              		.eabi_attribute 18, 4
  14              		.file	"ux_system_error_handler.c"
  15              		.text
  16              	.Ltext0:
  17              		.cfi_sections	.debug_frame
  18              		.file 1 "Middlewares/ST/usbx/common/core/src/ux_system_error_handler.c"
  19              		.section	.text._ux_system_error_handler,"ax",%progbits
  20              		.align	1
  21              		.global	_ux_system_error_handler
  22              		.syntax unified
  23              		.thumb
  24              		.thumb_func
  26              	_ux_system_error_handler:
  27              	.LVL0:
  28              	.LFB11:
   1:Middlewares/ST/usbx/common/core/src/ux_system_error_handler.c **** /**************************************************************************/
   2:Middlewares/ST/usbx/common/core/src/ux_system_error_handler.c **** /*                                                                        */
   3:Middlewares/ST/usbx/common/core/src/ux_system_error_handler.c **** /*       Copyright (c) Microsoft Corporation. All rights reserved.        */
   4:Middlewares/ST/usbx/common/core/src/ux_system_error_handler.c **** /*                                                                        */
   5:Middlewares/ST/usbx/common/core/src/ux_system_error_handler.c **** /*       This software is licensed under the Microsoft Software License   */
   6:Middlewares/ST/usbx/common/core/src/ux_system_error_handler.c **** /*       Terms for Microsoft Azure RTOS. Full text of the license can be  */
   7:Middlewares/ST/usbx/common/core/src/ux_system_error_handler.c **** /*       found in the LICENSE file at https://aka.ms/AzureRTOS_EULA       */
   8:Middlewares/ST/usbx/common/core/src/ux_system_error_handler.c **** /*       and in the root directory of this software.                      */
   9:Middlewares/ST/usbx/common/core/src/ux_system_error_handler.c **** /*                                                                        */
  10:Middlewares/ST/usbx/common/core/src/ux_system_error_handler.c **** /**************************************************************************/
  11:Middlewares/ST/usbx/common/core/src/ux_system_error_handler.c **** 
  12:Middlewares/ST/usbx/common/core/src/ux_system_error_handler.c **** 
  13:Middlewares/ST/usbx/common/core/src/ux_system_error_handler.c **** /**************************************************************************/
  14:Middlewares/ST/usbx/common/core/src/ux_system_error_handler.c **** /**************************************************************************/
  15:Middlewares/ST/usbx/common/core/src/ux_system_error_handler.c **** /**                                                                       */ 
  16:Middlewares/ST/usbx/common/core/src/ux_system_error_handler.c **** /** USBX Component                                                        */ 
  17:Middlewares/ST/usbx/common/core/src/ux_system_error_handler.c **** /**                                                                       */
  18:Middlewares/ST/usbx/common/core/src/ux_system_error_handler.c **** /**   System                                                              */
  19:Middlewares/ST/usbx/common/core/src/ux_system_error_handler.c **** /**                                                                       */
  20:Middlewares/ST/usbx/common/core/src/ux_system_error_handler.c **** /**************************************************************************/
  21:Middlewares/ST/usbx/common/core/src/ux_system_error_handler.c **** /**************************************************************************/
  22:Middlewares/ST/usbx/common/core/src/ux_system_error_handler.c **** 
  23:Middlewares/ST/usbx/common/core/src/ux_system_error_handler.c **** /* Include necessary system files.  */
  24:Middlewares/ST/usbx/common/core/src/ux_system_error_handler.c **** 
  25:Middlewares/ST/usbx/common/core/src/ux_system_error_handler.c **** #define UX_SOURCE_CODE
  26:Middlewares/ST/usbx/common/core/src/ux_system_error_handler.c **** 
  27:Middlewares/ST/usbx/common/core/src/ux_system_error_handler.c **** #include "ux_api.h"
  28:Middlewares/ST/usbx/common/core/src/ux_system_error_handler.c **** 
  29:Middlewares/ST/usbx/common/core/src/ux_system_error_handler.c **** 
  30:Middlewares/ST/usbx/common/core/src/ux_system_error_handler.c **** #ifndef UX_DISABLE_ERROR_HANDLER
ARM GAS  /tmp/ccNhRubU.s 			page 2


  31:Middlewares/ST/usbx/common/core/src/ux_system_error_handler.c **** /**************************************************************************/ 
  32:Middlewares/ST/usbx/common/core/src/ux_system_error_handler.c **** /*                                                                        */ 
  33:Middlewares/ST/usbx/common/core/src/ux_system_error_handler.c **** /*  FUNCTION                                               RELEASE        */ 
  34:Middlewares/ST/usbx/common/core/src/ux_system_error_handler.c **** /*                                                                        */ 
  35:Middlewares/ST/usbx/common/core/src/ux_system_error_handler.c **** /*    _ux_system_error_handler                            PORTABLE C      */ 
  36:Middlewares/ST/usbx/common/core/src/ux_system_error_handler.c **** /*                                                           6.1          */
  37:Middlewares/ST/usbx/common/core/src/ux_system_error_handler.c **** /*  AUTHOR                                                                */
  38:Middlewares/ST/usbx/common/core/src/ux_system_error_handler.c **** /*                                                                        */
  39:Middlewares/ST/usbx/common/core/src/ux_system_error_handler.c **** /*    Chaoqiong Xiao, Microsoft Corporation                               */
  40:Middlewares/ST/usbx/common/core/src/ux_system_error_handler.c **** /*                                                                        */
  41:Middlewares/ST/usbx/common/core/src/ux_system_error_handler.c **** /*  DESCRIPTION                                                           */
  42:Middlewares/ST/usbx/common/core/src/ux_system_error_handler.c **** /*                                                                        */ 
  43:Middlewares/ST/usbx/common/core/src/ux_system_error_handler.c **** /*    This function saves the last critical error from USBX functions.    */ 
  44:Middlewares/ST/usbx/common/core/src/ux_system_error_handler.c **** /*    It is mainly used for debugging purpose to trap where error occurred*/ 
  45:Middlewares/ST/usbx/common/core/src/ux_system_error_handler.c **** /*                                                                        */ 
  46:Middlewares/ST/usbx/common/core/src/ux_system_error_handler.c **** /*                                                                        */ 
  47:Middlewares/ST/usbx/common/core/src/ux_system_error_handler.c **** /*  INPUT                                                                 */ 
  48:Middlewares/ST/usbx/common/core/src/ux_system_error_handler.c **** /*                                                                        */ 
  49:Middlewares/ST/usbx/common/core/src/ux_system_error_handler.c **** /*   error_code                                                           */ 
  50:Middlewares/ST/usbx/common/core/src/ux_system_error_handler.c **** /*                                                                        */ 
  51:Middlewares/ST/usbx/common/core/src/ux_system_error_handler.c **** /*                                                                        */ 
  52:Middlewares/ST/usbx/common/core/src/ux_system_error_handler.c **** /*  OUTPUT                                                                */ 
  53:Middlewares/ST/usbx/common/core/src/ux_system_error_handler.c **** /*                                                                        */ 
  54:Middlewares/ST/usbx/common/core/src/ux_system_error_handler.c **** /*    None                                                                */
  55:Middlewares/ST/usbx/common/core/src/ux_system_error_handler.c **** /*                                                                        */ 
  56:Middlewares/ST/usbx/common/core/src/ux_system_error_handler.c **** /*  CALLS                                                                 */ 
  57:Middlewares/ST/usbx/common/core/src/ux_system_error_handler.c **** /*                                                                        */ 
  58:Middlewares/ST/usbx/common/core/src/ux_system_error_handler.c **** /*    None                                                                */
  59:Middlewares/ST/usbx/common/core/src/ux_system_error_handler.c **** /*                                                                        */ 
  60:Middlewares/ST/usbx/common/core/src/ux_system_error_handler.c **** /*  CALLED BY                                                             */ 
  61:Middlewares/ST/usbx/common/core/src/ux_system_error_handler.c **** /*                                                                        */ 
  62:Middlewares/ST/usbx/common/core/src/ux_system_error_handler.c **** /*    Application                                                         */ 
  63:Middlewares/ST/usbx/common/core/src/ux_system_error_handler.c **** /*                                                                        */ 
  64:Middlewares/ST/usbx/common/core/src/ux_system_error_handler.c **** /*  RELEASE HISTORY                                                       */ 
  65:Middlewares/ST/usbx/common/core/src/ux_system_error_handler.c **** /*                                                                        */ 
  66:Middlewares/ST/usbx/common/core/src/ux_system_error_handler.c **** /*    DATE              NAME                      DESCRIPTION             */ 
  67:Middlewares/ST/usbx/common/core/src/ux_system_error_handler.c **** /*                                                                        */ 
  68:Middlewares/ST/usbx/common/core/src/ux_system_error_handler.c **** /*  05-19-2020     Chaoqiong Xiao           Initial Version 6.0           */
  69:Middlewares/ST/usbx/common/core/src/ux_system_error_handler.c **** /*  09-30-2020     Chaoqiong Xiao           Modified comment(s),          */
  70:Middlewares/ST/usbx/common/core/src/ux_system_error_handler.c **** /*                                            resulting in version 6.1    */
  71:Middlewares/ST/usbx/common/core/src/ux_system_error_handler.c **** /*                                                                        */
  72:Middlewares/ST/usbx/common/core/src/ux_system_error_handler.c **** /**************************************************************************/
  73:Middlewares/ST/usbx/common/core/src/ux_system_error_handler.c **** VOID   _ux_system_error_handler(UINT system_level, UINT system_context, UINT error_code)
  74:Middlewares/ST/usbx/common/core/src/ux_system_error_handler.c **** {
  29              		.loc 1 74 1 view -0
  30              		.cfi_startproc
  31              		@ args = 0, pretend = 0, frame = 0
  32              		@ frame_needed = 0, uses_anonymous_args = 0
  33              		.loc 1 74 1 is_stmt 0 view .LVU1
  34 0000 10B5     		push	{r4, lr}
  35              	.LCFI0:
  36              		.cfi_def_cfa_offset 8
  37              		.cfi_offset 4, -8
  38              		.cfi_offset 14, -4
  75:Middlewares/ST/usbx/common/core/src/ux_system_error_handler.c **** 
  76:Middlewares/ST/usbx/common/core/src/ux_system_error_handler.c ****     /* Save the last system error code.  */
  77:Middlewares/ST/usbx/common/core/src/ux_system_error_handler.c ****     _ux_system -> ux_system_last_error =  error_code;
ARM GAS  /tmp/ccNhRubU.s 			page 3


  39              		.loc 1 77 5 is_stmt 1 view .LVU2
  40              		.loc 1 77 16 is_stmt 0 view .LVU3
  41 0002 054B     		ldr	r3, .L4
  42 0004 1B68     		ldr	r3, [r3]
  43              		.loc 1 77 40 view .LVU4
  44 0006 1A65     		str	r2, [r3, #80]
  78:Middlewares/ST/usbx/common/core/src/ux_system_error_handler.c ****  
  79:Middlewares/ST/usbx/common/core/src/ux_system_error_handler.c ****     /* Increment the total number of system errors.  */
  80:Middlewares/ST/usbx/common/core/src/ux_system_error_handler.c ****     _ux_system -> ux_system_error_count++;
  45              		.loc 1 80 5 is_stmt 1 view .LVU5
  46              		.loc 1 80 16 is_stmt 0 view .LVU6
  47 0008 5C6D     		ldr	r4, [r3, #84]
  48              		.loc 1 80 40 view .LVU7
  49 000a 0134     		adds	r4, r4, #1
  50 000c 5C65     		str	r4, [r3, #84]
  81:Middlewares/ST/usbx/common/core/src/ux_system_error_handler.c **** 
  82:Middlewares/ST/usbx/common/core/src/ux_system_error_handler.c ****     /* Is there an application call back function to call ? */
  83:Middlewares/ST/usbx/common/core/src/ux_system_error_handler.c ****     if (_ux_system -> ux_system_error_callback_function != UX_NULL)
  51              		.loc 1 83 5 is_stmt 1 view .LVU8
  52              		.loc 1 83 20 is_stmt 0 view .LVU9
  53 000e 9B6D     		ldr	r3, [r3, #88]
  54              		.loc 1 83 8 view .LVU10
  55 0010 03B1     		cbz	r3, .L1
  84:Middlewares/ST/usbx/common/core/src/ux_system_error_handler.c ****     {    
  85:Middlewares/ST/usbx/common/core/src/ux_system_error_handler.c **** 
  86:Middlewares/ST/usbx/common/core/src/ux_system_error_handler.c ****         /* The callback function is defined, call it.  */
  87:Middlewares/ST/usbx/common/core/src/ux_system_error_handler.c ****         _ux_system -> ux_system_error_callback_function(system_level, system_context, error_code);
  56              		.loc 1 87 9 is_stmt 1 view .LVU11
  57 0012 9847     		blx	r3
  58              	.LVL1:
  59              	.L1:
  88:Middlewares/ST/usbx/common/core/src/ux_system_error_handler.c ****     }
  89:Middlewares/ST/usbx/common/core/src/ux_system_error_handler.c **** }
  60              		.loc 1 89 1 is_stmt 0 view .LVU12
  61 0014 10BD     		pop	{r4, pc}
  62              	.L5:
  63 0016 00BF     		.align	2
  64              	.L4:
  65 0018 00000000 		.word	_ux_system
  66              		.cfi_endproc
  67              	.LFE11:
  69              		.text
  70              	.Letext0:
  71              		.file 2 "Middlewares/ST/threadx/ports/cortex_m7/gnu/inc/tx_port.h"
  72              		.file 3 "Middlewares/ST/threadx/common/inc/tx_api.h"
  73              		.file 4 "Middlewares/ST/usbx/common/core/inc/ux_api.h"
  74              		.file 5 "Middlewares/ST/usbx/common/core/inc/ux_system.h"
ARM GAS  /tmp/ccNhRubU.s 			page 4


DEFINED SYMBOLS
                            *ABS*:00000000 ux_system_error_handler.c
     /tmp/ccNhRubU.s:20     .text._ux_system_error_handler:00000000 $t
     /tmp/ccNhRubU.s:26     .text._ux_system_error_handler:00000000 _ux_system_error_handler
     /tmp/ccNhRubU.s:65     .text._ux_system_error_handler:00000018 $d

UNDEFINED SYMBOLS
_ux_system
