ARM GAS  /tmp/ccm6LeFe.s 			page 1


   1              		.cpu cortex-m7
   2              		.arch armv7e-m
   3              		.fpu fpv5-d16
   4              		.eabi_attribute 28, 1
   5              		.eabi_attribute 20, 1
   6              		.eabi_attribute 21, 1
   7              		.eabi_attribute 23, 3
   8              		.eabi_attribute 24, 1
   9              		.eabi_attribute 25, 1
  10              		.eabi_attribute 26, 1
  11              		.eabi_attribute 30, 1
  12              		.eabi_attribute 34, 1
  13              		.eabi_attribute 18, 4
  14              		.file	"ux_utility_pci_read.c"
  15              		.text
  16              	.Ltext0:
  17              		.cfi_sections	.debug_frame
  18              		.file 1 "Middlewares/ST/usbx/common/core/src/ux_utility_pci_read.c"
  19              		.section	.text._ux_utility_pci_read,"ax",%progbits
  20              		.align	1
  21              		.global	_ux_utility_pci_read
  22              		.syntax unified
  23              		.thumb
  24              		.thumb_func
  26              	_ux_utility_pci_read:
  27              	.LVL0:
  28              	.LFB11:
   1:Middlewares/ST/usbx/common/core/src/ux_utility_pci_read.c **** /**************************************************************************/
   2:Middlewares/ST/usbx/common/core/src/ux_utility_pci_read.c **** /*                                                                        */
   3:Middlewares/ST/usbx/common/core/src/ux_utility_pci_read.c **** /*       Copyright (c) Microsoft Corporation. All rights reserved.        */
   4:Middlewares/ST/usbx/common/core/src/ux_utility_pci_read.c **** /*                                                                        */
   5:Middlewares/ST/usbx/common/core/src/ux_utility_pci_read.c **** /*       This software is licensed under the Microsoft Software License   */
   6:Middlewares/ST/usbx/common/core/src/ux_utility_pci_read.c **** /*       Terms for Microsoft Azure RTOS. Full text of the license can be  */
   7:Middlewares/ST/usbx/common/core/src/ux_utility_pci_read.c **** /*       found in the LICENSE file at https://aka.ms/AzureRTOS_EULA       */
   8:Middlewares/ST/usbx/common/core/src/ux_utility_pci_read.c **** /*       and in the root directory of this software.                      */
   9:Middlewares/ST/usbx/common/core/src/ux_utility_pci_read.c **** /*                                                                        */
  10:Middlewares/ST/usbx/common/core/src/ux_utility_pci_read.c **** /**************************************************************************/
  11:Middlewares/ST/usbx/common/core/src/ux_utility_pci_read.c **** 
  12:Middlewares/ST/usbx/common/core/src/ux_utility_pci_read.c **** 
  13:Middlewares/ST/usbx/common/core/src/ux_utility_pci_read.c **** /**************************************************************************/
  14:Middlewares/ST/usbx/common/core/src/ux_utility_pci_read.c **** /**************************************************************************/
  15:Middlewares/ST/usbx/common/core/src/ux_utility_pci_read.c **** /**                                                                       */ 
  16:Middlewares/ST/usbx/common/core/src/ux_utility_pci_read.c **** /** USBX Component                                                        */ 
  17:Middlewares/ST/usbx/common/core/src/ux_utility_pci_read.c **** /**                                                                       */
  18:Middlewares/ST/usbx/common/core/src/ux_utility_pci_read.c **** /**   Utility                                                             */
  19:Middlewares/ST/usbx/common/core/src/ux_utility_pci_read.c **** /**                                                                       */
  20:Middlewares/ST/usbx/common/core/src/ux_utility_pci_read.c **** /**************************************************************************/
  21:Middlewares/ST/usbx/common/core/src/ux_utility_pci_read.c **** /**************************************************************************/
  22:Middlewares/ST/usbx/common/core/src/ux_utility_pci_read.c **** 
  23:Middlewares/ST/usbx/common/core/src/ux_utility_pci_read.c **** 
  24:Middlewares/ST/usbx/common/core/src/ux_utility_pci_read.c **** /* Include necessary system files.  */
  25:Middlewares/ST/usbx/common/core/src/ux_utility_pci_read.c **** 
  26:Middlewares/ST/usbx/common/core/src/ux_utility_pci_read.c **** #define UX_SOURCE_CODE
  27:Middlewares/ST/usbx/common/core/src/ux_utility_pci_read.c **** 
  28:Middlewares/ST/usbx/common/core/src/ux_utility_pci_read.c **** #include "ux_api.h"
  29:Middlewares/ST/usbx/common/core/src/ux_utility_pci_read.c **** 
  30:Middlewares/ST/usbx/common/core/src/ux_utility_pci_read.c **** 
ARM GAS  /tmp/ccm6LeFe.s 			page 2


  31:Middlewares/ST/usbx/common/core/src/ux_utility_pci_read.c **** /**************************************************************************/ 
  32:Middlewares/ST/usbx/common/core/src/ux_utility_pci_read.c **** /*                                                                        */ 
  33:Middlewares/ST/usbx/common/core/src/ux_utility_pci_read.c **** /*  FUNCTION                                               RELEASE        */ 
  34:Middlewares/ST/usbx/common/core/src/ux_utility_pci_read.c **** /*                                                                        */ 
  35:Middlewares/ST/usbx/common/core/src/ux_utility_pci_read.c **** /*    _ux_utility_pci_read                                PORTABLE C      */ 
  36:Middlewares/ST/usbx/common/core/src/ux_utility_pci_read.c **** /*                                                           6.1          */
  37:Middlewares/ST/usbx/common/core/src/ux_utility_pci_read.c **** /*  AUTHOR                                                                */
  38:Middlewares/ST/usbx/common/core/src/ux_utility_pci_read.c **** /*                                                                        */
  39:Middlewares/ST/usbx/common/core/src/ux_utility_pci_read.c **** /*    Chaoqiong Xiao, Microsoft Corporation                               */
  40:Middlewares/ST/usbx/common/core/src/ux_utility_pci_read.c **** /*                                                                        */
  41:Middlewares/ST/usbx/common/core/src/ux_utility_pci_read.c **** /*  DESCRIPTION                                                           */
  42:Middlewares/ST/usbx/common/core/src/ux_utility_pci_read.c **** /*                                                                        */ 
  43:Middlewares/ST/usbx/common/core/src/ux_utility_pci_read.c **** /*    This function reads a 32/16/8 bit value from a specific PCI bus     */ 
  44:Middlewares/ST/usbx/common/core/src/ux_utility_pci_read.c **** /*    at a certain offset.                                                */ 
  45:Middlewares/ST/usbx/common/core/src/ux_utility_pci_read.c **** /*                                                                        */ 
  46:Middlewares/ST/usbx/common/core/src/ux_utility_pci_read.c **** /*  INPUT                                                                 */ 
  47:Middlewares/ST/usbx/common/core/src/ux_utility_pci_read.c **** /*                                                                        */ 
  48:Middlewares/ST/usbx/common/core/src/ux_utility_pci_read.c **** /*    bus_number                            PCI bus number                */ 
  49:Middlewares/ST/usbx/common/core/src/ux_utility_pci_read.c **** /*    device_number                         Device number                 */ 
  50:Middlewares/ST/usbx/common/core/src/ux_utility_pci_read.c **** /*    function_number                       Function number               */ 
  51:Middlewares/ST/usbx/common/core/src/ux_utility_pci_read.c **** /*    offset                                Offset                        */ 
  52:Middlewares/ST/usbx/common/core/src/ux_utility_pci_read.c **** /*    read_size                             Size of read                  */ 
  53:Middlewares/ST/usbx/common/core/src/ux_utility_pci_read.c **** /*                                                                        */ 
  54:Middlewares/ST/usbx/common/core/src/ux_utility_pci_read.c **** /*  OUTPUT                                                                */ 
  55:Middlewares/ST/usbx/common/core/src/ux_utility_pci_read.c **** /*                                                                        */ 
  56:Middlewares/ST/usbx/common/core/src/ux_utility_pci_read.c **** /*    32-bit value                                                        */ 
  57:Middlewares/ST/usbx/common/core/src/ux_utility_pci_read.c **** /*                                                                        */ 
  58:Middlewares/ST/usbx/common/core/src/ux_utility_pci_read.c **** /*  CALLS                                                                 */ 
  59:Middlewares/ST/usbx/common/core/src/ux_utility_pci_read.c **** /*                                                                        */ 
  60:Middlewares/ST/usbx/common/core/src/ux_utility_pci_read.c **** /*    inpl                                  PCI input long                */ 
  61:Middlewares/ST/usbx/common/core/src/ux_utility_pci_read.c **** /*    inpw                                  PCI input word                */ 
  62:Middlewares/ST/usbx/common/core/src/ux_utility_pci_read.c **** /*    inpb                                  PCI input byte                */ 
  63:Middlewares/ST/usbx/common/core/src/ux_utility_pci_read.c **** /*    outpl                                 PCI output function           */
  64:Middlewares/ST/usbx/common/core/src/ux_utility_pci_read.c **** /*                                                                        */ 
  65:Middlewares/ST/usbx/common/core/src/ux_utility_pci_read.c **** /*  CALLED BY                                                             */ 
  66:Middlewares/ST/usbx/common/core/src/ux_utility_pci_read.c **** /*                                                                        */ 
  67:Middlewares/ST/usbx/common/core/src/ux_utility_pci_read.c **** /*    USBX Components                                                     */ 
  68:Middlewares/ST/usbx/common/core/src/ux_utility_pci_read.c **** /*                                                                        */ 
  69:Middlewares/ST/usbx/common/core/src/ux_utility_pci_read.c **** /*  RELEASE HISTORY                                                       */ 
  70:Middlewares/ST/usbx/common/core/src/ux_utility_pci_read.c **** /*                                                                        */ 
  71:Middlewares/ST/usbx/common/core/src/ux_utility_pci_read.c **** /*    DATE              NAME                      DESCRIPTION             */ 
  72:Middlewares/ST/usbx/common/core/src/ux_utility_pci_read.c **** /*                                                                        */ 
  73:Middlewares/ST/usbx/common/core/src/ux_utility_pci_read.c **** /*  05-19-2020     Chaoqiong Xiao           Initial Version 6.0           */
  74:Middlewares/ST/usbx/common/core/src/ux_utility_pci_read.c **** /*  09-30-2020     Chaoqiong Xiao           Modified comment(s),          */
  75:Middlewares/ST/usbx/common/core/src/ux_utility_pci_read.c **** /*                                            resulting in version 6.1    */
  76:Middlewares/ST/usbx/common/core/src/ux_utility_pci_read.c **** /*                                                                        */
  77:Middlewares/ST/usbx/common/core/src/ux_utility_pci_read.c **** /**************************************************************************/
  78:Middlewares/ST/usbx/common/core/src/ux_utility_pci_read.c **** ULONG  _ux_utility_pci_read(ULONG bus_number, ULONG device_number, ULONG function_number,
  79:Middlewares/ST/usbx/common/core/src/ux_utility_pci_read.c ****                                         ULONG offset, UINT read_size)
  80:Middlewares/ST/usbx/common/core/src/ux_utility_pci_read.c **** {
  29              		.loc 1 80 1 view -0
  30              		.cfi_startproc
  31              		@ args = 4, pretend = 0, frame = 0
  32              		@ frame_needed = 0, uses_anonymous_args = 0
  33              		@ link register save eliminated.
  34              		.loc 1 80 1 is_stmt 0 view .LVU1
  35 0000 10B4     		push	{r4}
ARM GAS  /tmp/ccm6LeFe.s 			page 3


  36              	.LCFI0:
  37              		.cfi_def_cfa_offset 4
  38              		.cfi_offset 4, -4
  39 0002 019C     		ldr	r4, [sp, #4]
  81:Middlewares/ST/usbx/common/core/src/ux_utility_pci_read.c **** 
  82:Middlewares/ST/usbx/common/core/src/ux_utility_pci_read.c **** ULONG   destination_address;
  40              		.loc 1 82 1 is_stmt 1 view .LVU2
  83:Middlewares/ST/usbx/common/core/src/ux_utility_pci_read.c **** ULONG   cfg_ctrl;
  41              		.loc 1 83 1 view .LVU3
  84:Middlewares/ST/usbx/common/core/src/ux_utility_pci_read.c **** 
  85:Middlewares/ST/usbx/common/core/src/ux_utility_pci_read.c ****     
  86:Middlewares/ST/usbx/common/core/src/ux_utility_pci_read.c ****     /* Calculate the destination address.  */
  87:Middlewares/ST/usbx/common/core/src/ux_utility_pci_read.c ****     destination_address =  (((bus_number << 16) & 0x00ff0000) | ((device_number << 11) & 0x0000f800
  42              		.loc 1 87 5 view .LVU4
  43              		.loc 1 87 42 is_stmt 0 view .LVU5
  44 0004 0004     		lsls	r0, r0, #16
  45              	.LVL1:
  46              		.loc 1 87 49 view .LVU6
  47 0006 00F47F00 		and	r0, r0, #16711680
  48              		.loc 1 87 81 view .LVU7
  49 000a C902     		lsls	r1, r1, #11
  50              	.LVL2:
  51              		.loc 1 87 88 view .LVU8
  52 000c 89B2     		uxth	r1, r1
  53              		.loc 1 87 63 view .LVU9
  54 000e 0843     		orrs	r0, r0, r1
  88:Middlewares/ST/usbx/common/core/src/ux_utility_pci_read.c ****                                 ((function_number << 8) & 0x00000700));
  55              		.loc 1 88 51 view .LVU10
  56 0010 1202     		lsls	r2, r2, #8
  57              	.LVL3:
  58              		.loc 1 88 57 view .LVU11
  59 0012 02F4E062 		and	r2, r2, #1792
  87:Middlewares/ST/usbx/common/core/src/ux_utility_pci_read.c ****                                 ((function_number << 8) & 0x00000700));
  60              		.loc 1 87 25 view .LVU12
  61 0016 1043     		orrs	r0, r0, r2
  62              	.LVL4:
  89:Middlewares/ST/usbx/common/core/src/ux_utility_pci_read.c **** 
  90:Middlewares/ST/usbx/common/core/src/ux_utility_pci_read.c ****     /* Calculate the configure control value.  */
  91:Middlewares/ST/usbx/common/core/src/ux_utility_pci_read.c ****     cfg_ctrl = destination_address | offset | 0x80000000;
  63              		.loc 1 91 5 is_stmt 1 view .LVU13
  64              		.loc 1 91 36 is_stmt 0 view .LVU14
  65 0018 1843     		orrs	r0, r0, r3
  66              	.LVL5:
  67              		.loc 1 91 14 view .LVU15
  68 001a 40F00040 		orr	r0, r0, #-2147483648
  69              	.LVL6:
  92:Middlewares/ST/usbx/common/core/src/ux_utility_pci_read.c **** 
  93:Middlewares/ST/usbx/common/core/src/ux_utility_pci_read.c ****     /* Read based on the size requested.  */
  94:Middlewares/ST/usbx/common/core/src/ux_utility_pci_read.c ****     switch(read_size)
  70              		.loc 1 94 5 is_stmt 1 view .LVU16
  71 001e 102C     		cmp	r4, #16
  72 0020 0DD0     		beq	.L2
  73 0022 202C     		cmp	r4, #32
  74 0024 03D0     		beq	.L3
  75 0026 082C     		cmp	r4, #8
  76 0028 11D0     		beq	.L4
  77 002a 0020     		movs	r0, #0
ARM GAS  /tmp/ccm6LeFe.s 			page 4


  78              	.LVL7:
  79              		.loc 1 94 5 is_stmt 0 view .LVU17
  80 002c 04E0     		b	.L1
  81              	.LVL8:
  82              	.L3:
  95:Middlewares/ST/usbx/common/core/src/ux_utility_pci_read.c ****     {
  96:Middlewares/ST/usbx/common/core/src/ux_utility_pci_read.c **** 
  97:Middlewares/ST/usbx/common/core/src/ux_utility_pci_read.c ****     case 32:
  98:Middlewares/ST/usbx/common/core/src/ux_utility_pci_read.c **** 
  99:Middlewares/ST/usbx/common/core/src/ux_utility_pci_read.c ****         /* Write the address we need to read from.  */
 100:Middlewares/ST/usbx/common/core/src/ux_utility_pci_read.c ****         outpl(UX_PCI_CFG_CTRL_ADDRESS, cfg_ctrl);
  83              		.loc 1 100 9 is_stmt 1 view .LVU18
  84 002e 0023     		movs	r3, #0
  85              	.LVL9:
  86              		.loc 1 100 9 is_stmt 0 view .LVU19
  87 0030 C3F8F80C 		str	r0, [r3, #3320]
  88              	.LVL10:
 101:Middlewares/ST/usbx/common/core/src/ux_utility_pci_read.c **** 
 102:Middlewares/ST/usbx/common/core/src/ux_utility_pci_read.c ****         /* Return the 32 bit content of this address.  */
 103:Middlewares/ST/usbx/common/core/src/ux_utility_pci_read.c ****         return(inpl(UX_PCI_CFG_DATA_ADDRESS));
  89              		.loc 1 103 9 is_stmt 1 view .LVU20
  90              		.loc 1 103 16 is_stmt 0 view .LVU21
  91 0034 D3F8FC0C 		ldr	r0, [r3, #3324]
  92              	.LVL11:
  93              	.L1:
 104:Middlewares/ST/usbx/common/core/src/ux_utility_pci_read.c ****     
 105:Middlewares/ST/usbx/common/core/src/ux_utility_pci_read.c ****     case 16:
 106:Middlewares/ST/usbx/common/core/src/ux_utility_pci_read.c **** 
 107:Middlewares/ST/usbx/common/core/src/ux_utility_pci_read.c ****         /* Write the address we need to read from.  */
 108:Middlewares/ST/usbx/common/core/src/ux_utility_pci_read.c ****         outpl(UX_PCI_CFG_CTRL_ADDRESS, cfg_ctrl);
 109:Middlewares/ST/usbx/common/core/src/ux_utility_pci_read.c **** 
 110:Middlewares/ST/usbx/common/core/src/ux_utility_pci_read.c ****         /* Return the 16 bit content of this address.  */
 111:Middlewares/ST/usbx/common/core/src/ux_utility_pci_read.c ****         return((USHORT)(inpw(UX_PCI_CFG_DATA_ADDRESS)));
 112:Middlewares/ST/usbx/common/core/src/ux_utility_pci_read.c **** 
 113:Middlewares/ST/usbx/common/core/src/ux_utility_pci_read.c ****     case 8:
 114:Middlewares/ST/usbx/common/core/src/ux_utility_pci_read.c **** 
 115:Middlewares/ST/usbx/common/core/src/ux_utility_pci_read.c ****         /* Write the address we need to read from.  */
 116:Middlewares/ST/usbx/common/core/src/ux_utility_pci_read.c ****         outpl(UX_PCI_CFG_CTRL_ADDRESS, cfg_ctrl);
 117:Middlewares/ST/usbx/common/core/src/ux_utility_pci_read.c **** 
 118:Middlewares/ST/usbx/common/core/src/ux_utility_pci_read.c ****         /* Return the 8 bit content of this address */
 119:Middlewares/ST/usbx/common/core/src/ux_utility_pci_read.c ****         return((ULONG)(inpb(UX_PCI_CFG_DATA_ADDRESS)));
 120:Middlewares/ST/usbx/common/core/src/ux_utility_pci_read.c **** 
 121:Middlewares/ST/usbx/common/core/src/ux_utility_pci_read.c ****     default:
 122:Middlewares/ST/usbx/common/core/src/ux_utility_pci_read.c **** 
 123:Middlewares/ST/usbx/common/core/src/ux_utility_pci_read.c ****         return(0);
 124:Middlewares/ST/usbx/common/core/src/ux_utility_pci_read.c ****     }
 125:Middlewares/ST/usbx/common/core/src/ux_utility_pci_read.c **** }
  94              		.loc 1 125 1 view .LVU22
  95 0038 5DF8044B 		ldr	r4, [sp], #4
  96              	.LCFI1:
  97              		.cfi_remember_state
  98              		.cfi_restore 4
  99              		.cfi_def_cfa_offset 0
 100 003c 7047     		bx	lr
 101              	.LVL12:
 102              	.L2:
 103              	.LCFI2:
ARM GAS  /tmp/ccm6LeFe.s 			page 5


 104              		.cfi_restore_state
 108:Middlewares/ST/usbx/common/core/src/ux_utility_pci_read.c **** 
 105              		.loc 1 108 9 is_stmt 1 view .LVU23
 106 003e 0023     		movs	r3, #0
 107              	.LVL13:
 108:Middlewares/ST/usbx/common/core/src/ux_utility_pci_read.c **** 
 108              		.loc 1 108 9 is_stmt 0 view .LVU24
 109 0040 C3F8F80C 		str	r0, [r3, #3320]
 110              	.LVL14:
 111:Middlewares/ST/usbx/common/core/src/ux_utility_pci_read.c **** 
 111              		.loc 1 111 9 is_stmt 1 view .LVU25
 111:Middlewares/ST/usbx/common/core/src/ux_utility_pci_read.c **** 
 112              		.loc 1 111 25 is_stmt 0 view .LVU26
 113 0044 4FF44063 		mov	r3, #3072
 114 0048 B3F8FC00 		ldrh	r0, [r3, #252]
 115              	.LVL15:
 111:Middlewares/ST/usbx/common/core/src/ux_utility_pci_read.c **** 
 116              		.loc 1 111 16 view .LVU27
 117 004c F4E7     		b	.L1
 118              	.LVL16:
 119              	.L4:
 116:Middlewares/ST/usbx/common/core/src/ux_utility_pci_read.c **** 
 120              		.loc 1 116 9 is_stmt 1 view .LVU28
 121 004e 0023     		movs	r3, #0
 122              	.LVL17:
 116:Middlewares/ST/usbx/common/core/src/ux_utility_pci_read.c **** 
 123              		.loc 1 116 9 is_stmt 0 view .LVU29
 124 0050 C3F8F80C 		str	r0, [r3, #3320]
 125              	.LVL18:
 119:Middlewares/ST/usbx/common/core/src/ux_utility_pci_read.c **** 
 126              		.loc 1 119 9 is_stmt 1 view .LVU30
 119:Middlewares/ST/usbx/common/core/src/ux_utility_pci_read.c **** 
 127              		.loc 1 119 24 is_stmt 0 view .LVU31
 128 0054 4FF44063 		mov	r3, #3072
 129 0058 93F8FC00 		ldrb	r0, [r3, #252]	@ zero_extendqisi2
 130              	.LVL19:
 119:Middlewares/ST/usbx/common/core/src/ux_utility_pci_read.c **** 
 131              		.loc 1 119 16 view .LVU32
 132 005c ECE7     		b	.L1
 133              		.cfi_endproc
 134              	.LFE11:
 136              		.text
 137              	.Letext0:
 138              		.file 2 "Middlewares/ST/threadx/ports/cortex_m7/gnu/inc/tx_port.h"
ARM GAS  /tmp/ccm6LeFe.s 			page 6


DEFINED SYMBOLS
                            *ABS*:00000000 ux_utility_pci_read.c
     /tmp/ccm6LeFe.s:20     .text._ux_utility_pci_read:00000000 $t
     /tmp/ccm6LeFe.s:26     .text._ux_utility_pci_read:00000000 _ux_utility_pci_read

NO UNDEFINED SYMBOLS
