ARM GAS  /tmp/ccoRPqIw.s 			page 1


   1              		.cpu cortex-m7
   2              		.arch armv7e-m
   3              		.fpu fpv5-d16
   4              		.eabi_attribute 28, 1
   5              		.eabi_attribute 20, 1
   6              		.eabi_attribute 21, 1
   7              		.eabi_attribute 23, 3
   8              		.eabi_attribute 24, 1
   9              		.eabi_attribute 25, 1
  10              		.eabi_attribute 26, 1
  11              		.eabi_attribute 30, 1
  12              		.eabi_attribute 34, 1
  13              		.eabi_attribute 18, 4
  14              		.file	"ux_utility_error_callback_register.c"
  15              		.text
  16              	.Ltext0:
  17              		.cfi_sections	.debug_frame
  18              		.file 1 "Middlewares/ST/usbx/common/core/src/ux_utility_error_callback_register.c"
  19              		.section	.text._ux_utility_error_callback_register,"ax",%progbits
  20              		.align	1
  21              		.global	_ux_utility_error_callback_register
  22              		.syntax unified
  23              		.thumb
  24              		.thumb_func
  26              	_ux_utility_error_callback_register:
  27              	.LVL0:
  28              	.LFB11:
   1:Middlewares/ST/usbx/common/core/src/ux_utility_error_callback_register.c **** /**************************************************************************/
   2:Middlewares/ST/usbx/common/core/src/ux_utility_error_callback_register.c **** /*                                                                        */
   3:Middlewares/ST/usbx/common/core/src/ux_utility_error_callback_register.c **** /*       Copyright (c) Microsoft Corporation. All rights reserved.        */
   4:Middlewares/ST/usbx/common/core/src/ux_utility_error_callback_register.c **** /*                                                                        */
   5:Middlewares/ST/usbx/common/core/src/ux_utility_error_callback_register.c **** /*       This software is licensed under the Microsoft Software License   */
   6:Middlewares/ST/usbx/common/core/src/ux_utility_error_callback_register.c **** /*       Terms for Microsoft Azure RTOS. Full text of the license can be  */
   7:Middlewares/ST/usbx/common/core/src/ux_utility_error_callback_register.c **** /*       found in the LICENSE file at https://aka.ms/AzureRTOS_EULA       */
   8:Middlewares/ST/usbx/common/core/src/ux_utility_error_callback_register.c **** /*       and in the root directory of this software.                      */
   9:Middlewares/ST/usbx/common/core/src/ux_utility_error_callback_register.c **** /*                                                                        */
  10:Middlewares/ST/usbx/common/core/src/ux_utility_error_callback_register.c **** /**************************************************************************/
  11:Middlewares/ST/usbx/common/core/src/ux_utility_error_callback_register.c **** 
  12:Middlewares/ST/usbx/common/core/src/ux_utility_error_callback_register.c **** 
  13:Middlewares/ST/usbx/common/core/src/ux_utility_error_callback_register.c **** /**************************************************************************/
  14:Middlewares/ST/usbx/common/core/src/ux_utility_error_callback_register.c **** /**************************************************************************/
  15:Middlewares/ST/usbx/common/core/src/ux_utility_error_callback_register.c **** /**                                                                       */ 
  16:Middlewares/ST/usbx/common/core/src/ux_utility_error_callback_register.c **** /** USBX Component                                                        */ 
  17:Middlewares/ST/usbx/common/core/src/ux_utility_error_callback_register.c **** /**                                                                       */
  18:Middlewares/ST/usbx/common/core/src/ux_utility_error_callback_register.c **** /**   Utility                                                             */
  19:Middlewares/ST/usbx/common/core/src/ux_utility_error_callback_register.c **** /**                                                                       */
  20:Middlewares/ST/usbx/common/core/src/ux_utility_error_callback_register.c **** /**************************************************************************/
  21:Middlewares/ST/usbx/common/core/src/ux_utility_error_callback_register.c **** /**************************************************************************/
  22:Middlewares/ST/usbx/common/core/src/ux_utility_error_callback_register.c **** 
  23:Middlewares/ST/usbx/common/core/src/ux_utility_error_callback_register.c **** /* Include necessary system files.  */
  24:Middlewares/ST/usbx/common/core/src/ux_utility_error_callback_register.c **** 
  25:Middlewares/ST/usbx/common/core/src/ux_utility_error_callback_register.c **** #define UX_SOURCE_CODE
  26:Middlewares/ST/usbx/common/core/src/ux_utility_error_callback_register.c **** 
  27:Middlewares/ST/usbx/common/core/src/ux_utility_error_callback_register.c **** #include "ux_api.h"
  28:Middlewares/ST/usbx/common/core/src/ux_utility_error_callback_register.c **** 
  29:Middlewares/ST/usbx/common/core/src/ux_utility_error_callback_register.c **** 
  30:Middlewares/ST/usbx/common/core/src/ux_utility_error_callback_register.c **** #ifndef UX_DISABLE_ERROR_HANDLER
ARM GAS  /tmp/ccoRPqIw.s 			page 2


  31:Middlewares/ST/usbx/common/core/src/ux_utility_error_callback_register.c **** /**************************************************************************/ 
  32:Middlewares/ST/usbx/common/core/src/ux_utility_error_callback_register.c **** /*                                                                        */ 
  33:Middlewares/ST/usbx/common/core/src/ux_utility_error_callback_register.c **** /*  FUNCTION                                               RELEASE        */ 
  34:Middlewares/ST/usbx/common/core/src/ux_utility_error_callback_register.c **** /*                                                                        */ 
  35:Middlewares/ST/usbx/common/core/src/ux_utility_error_callback_register.c **** /*    _ux_utility_error_callback_register                 PORTABLE C      */ 
  36:Middlewares/ST/usbx/common/core/src/ux_utility_error_callback_register.c **** /*                                                           6.1          */
  37:Middlewares/ST/usbx/common/core/src/ux_utility_error_callback_register.c **** /*  AUTHOR                                                                */
  38:Middlewares/ST/usbx/common/core/src/ux_utility_error_callback_register.c **** /*                                                                        */
  39:Middlewares/ST/usbx/common/core/src/ux_utility_error_callback_register.c **** /*    Chaoqiong Xiao, Microsoft Corporation                               */
  40:Middlewares/ST/usbx/common/core/src/ux_utility_error_callback_register.c **** /*                                                                        */
  41:Middlewares/ST/usbx/common/core/src/ux_utility_error_callback_register.c **** /*  DESCRIPTION                                                           */
  42:Middlewares/ST/usbx/common/core/src/ux_utility_error_callback_register.c **** /*                                                                        */ 
  43:Middlewares/ST/usbx/common/core/src/ux_utility_error_callback_register.c **** /*    This function registers a callback for sending formatted errors to  */ 
  44:Middlewares/ST/usbx/common/core/src/ux_utility_error_callback_register.c **** /*    the application.                                                    */ 
  45:Middlewares/ST/usbx/common/core/src/ux_utility_error_callback_register.c **** /*                                                                        */ 
  46:Middlewares/ST/usbx/common/core/src/ux_utility_error_callback_register.c **** /*                                                                        */ 
  47:Middlewares/ST/usbx/common/core/src/ux_utility_error_callback_register.c **** /*  INPUT                                                                 */ 
  48:Middlewares/ST/usbx/common/core/src/ux_utility_error_callback_register.c **** /*                                                                        */ 
  49:Middlewares/ST/usbx/common/core/src/ux_utility_error_callback_register.c **** /*   error_callback                                                       */ 
  50:Middlewares/ST/usbx/common/core/src/ux_utility_error_callback_register.c **** /*                                                                        */ 
  51:Middlewares/ST/usbx/common/core/src/ux_utility_error_callback_register.c **** /*                                                                        */ 
  52:Middlewares/ST/usbx/common/core/src/ux_utility_error_callback_register.c **** /*  OUTPUT                                                                */ 
  53:Middlewares/ST/usbx/common/core/src/ux_utility_error_callback_register.c **** /*                                                                        */ 
  54:Middlewares/ST/usbx/common/core/src/ux_utility_error_callback_register.c **** /*    None                                                                */
  55:Middlewares/ST/usbx/common/core/src/ux_utility_error_callback_register.c **** /*                                                                        */ 
  56:Middlewares/ST/usbx/common/core/src/ux_utility_error_callback_register.c **** /*  CALLS                                                                 */ 
  57:Middlewares/ST/usbx/common/core/src/ux_utility_error_callback_register.c **** /*                                                                        */ 
  58:Middlewares/ST/usbx/common/core/src/ux_utility_error_callback_register.c **** /*    None                                                                */
  59:Middlewares/ST/usbx/common/core/src/ux_utility_error_callback_register.c **** /*                                                                        */ 
  60:Middlewares/ST/usbx/common/core/src/ux_utility_error_callback_register.c **** /*  CALLED BY                                                             */ 
  61:Middlewares/ST/usbx/common/core/src/ux_utility_error_callback_register.c **** /*                                                                        */ 
  62:Middlewares/ST/usbx/common/core/src/ux_utility_error_callback_register.c **** /*    Application                                                         */ 
  63:Middlewares/ST/usbx/common/core/src/ux_utility_error_callback_register.c **** /*                                                                        */ 
  64:Middlewares/ST/usbx/common/core/src/ux_utility_error_callback_register.c **** /*  RELEASE HISTORY                                                       */ 
  65:Middlewares/ST/usbx/common/core/src/ux_utility_error_callback_register.c **** /*                                                                        */ 
  66:Middlewares/ST/usbx/common/core/src/ux_utility_error_callback_register.c **** /*    DATE              NAME                      DESCRIPTION             */ 
  67:Middlewares/ST/usbx/common/core/src/ux_utility_error_callback_register.c **** /*                                                                        */ 
  68:Middlewares/ST/usbx/common/core/src/ux_utility_error_callback_register.c **** /*  05-19-2020     Chaoqiong Xiao           Initial Version 6.0           */
  69:Middlewares/ST/usbx/common/core/src/ux_utility_error_callback_register.c **** /*  09-30-2020     Chaoqiong Xiao           Modified comment(s),          */
  70:Middlewares/ST/usbx/common/core/src/ux_utility_error_callback_register.c **** /*                                            resulting in version 6.1    */
  71:Middlewares/ST/usbx/common/core/src/ux_utility_error_callback_register.c **** /*                                                                        */
  72:Middlewares/ST/usbx/common/core/src/ux_utility_error_callback_register.c **** /**************************************************************************/
  73:Middlewares/ST/usbx/common/core/src/ux_utility_error_callback_register.c **** VOID  _ux_utility_error_callback_register(VOID (*error_callback)(UINT system_level, UINT system_con
  74:Middlewares/ST/usbx/common/core/src/ux_utility_error_callback_register.c **** 
  75:Middlewares/ST/usbx/common/core/src/ux_utility_error_callback_register.c **** {
  29              		.loc 1 75 1 view -0
  30              		.cfi_startproc
  31              		@ args = 0, pretend = 0, frame = 0
  32              		@ frame_needed = 0, uses_anonymous_args = 0
  33              		@ link register save eliminated.
  76:Middlewares/ST/usbx/common/core/src/ux_utility_error_callback_register.c **** 
  77:Middlewares/ST/usbx/common/core/src/ux_utility_error_callback_register.c ****     /* The callback function is defined.  */
  78:Middlewares/ST/usbx/common/core/src/ux_utility_error_callback_register.c ****     _ux_system -> ux_system_error_callback_function = error_callback;
  34              		.loc 1 78 5 view .LVU1
  35              		.loc 1 78 16 is_stmt 0 view .LVU2
  36 0000 014B     		ldr	r3, .L2
  37 0002 1B68     		ldr	r3, [r3]
ARM GAS  /tmp/ccoRPqIw.s 			page 3


  38              		.loc 1 78 53 view .LVU3
  39 0004 9865     		str	r0, [r3, #88]
  79:Middlewares/ST/usbx/common/core/src/ux_utility_error_callback_register.c **** 
  80:Middlewares/ST/usbx/common/core/src/ux_utility_error_callback_register.c ****     /* We are done here. No return codes.  */
  81:Middlewares/ST/usbx/common/core/src/ux_utility_error_callback_register.c ****     return;
  40              		.loc 1 81 5 is_stmt 1 view .LVU4
  82:Middlewares/ST/usbx/common/core/src/ux_utility_error_callback_register.c **** }
  41              		.loc 1 82 1 is_stmt 0 view .LVU5
  42 0006 7047     		bx	lr
  43              	.L3:
  44              		.align	2
  45              	.L2:
  46 0008 00000000 		.word	_ux_system
  47              		.cfi_endproc
  48              	.LFE11:
  50              		.text
  51              	.Letext0:
  52              		.file 2 "Middlewares/ST/threadx/ports/cortex_m7/gnu/inc/tx_port.h"
  53              		.file 3 "Middlewares/ST/threadx/common/inc/tx_api.h"
  54              		.file 4 "Middlewares/ST/usbx/common/core/inc/ux_api.h"
  55              		.file 5 "Middlewares/ST/usbx/common/core/inc/ux_system.h"
ARM GAS  /tmp/ccoRPqIw.s 			page 4


DEFINED SYMBOLS
                            *ABS*:00000000 ux_utility_error_callback_register.c
     /tmp/ccoRPqIw.s:20     .text._ux_utility_error_callback_register:00000000 $t
     /tmp/ccoRPqIw.s:26     .text._ux_utility_error_callback_register:00000000 _ux_utility_error_callback_register
     /tmp/ccoRPqIw.s:46     .text._ux_utility_error_callback_register:00000008 $d

UNDEFINED SYMBOLS
_ux_system
