ARM GAS  /tmp/ccIkoU3c.s 			page 1


   1              		.cpu cortex-m7
   2              		.arch armv7e-m
   3              		.fpu fpv5-d16
   4              		.eabi_attribute 28, 1
   5              		.eabi_attribute 20, 1
   6              		.eabi_attribute 21, 1
   7              		.eabi_attribute 23, 3
   8              		.eabi_attribute 24, 1
   9              		.eabi_attribute 25, 1
  10              		.eabi_attribute 26, 1
  11              		.eabi_attribute 30, 1
  12              		.eabi_attribute 34, 1
  13              		.eabi_attribute 18, 4
  14              		.file	"ux_utility_memory_free_block_best_get.c"
  15              		.text
  16              	.Ltext0:
  17              		.cfi_sections	.debug_frame
  18              		.file 1 "Middlewares/ST/usbx/common/core/src/ux_utility_memory_free_block_best_get.c"
  19              		.section	.text._ux_utility_memory_free_block_best_get,"ax",%progbits
  20              		.align	1
  21              		.global	_ux_utility_memory_free_block_best_get
  22              		.syntax unified
  23              		.thumb
  24              		.thumb_func
  26              	_ux_utility_memory_free_block_best_get:
  27              	.LVL0:
  28              	.LFB11:
   1:Middlewares/ST/usbx/common/core/src/ux_utility_memory_free_block_best_get.c **** /**************************************************************************/
   2:Middlewares/ST/usbx/common/core/src/ux_utility_memory_free_block_best_get.c **** /*                                                                        */
   3:Middlewares/ST/usbx/common/core/src/ux_utility_memory_free_block_best_get.c **** /*       Copyright (c) Microsoft Corporation. All rights reserved.        */
   4:Middlewares/ST/usbx/common/core/src/ux_utility_memory_free_block_best_get.c **** /*                                                                        */
   5:Middlewares/ST/usbx/common/core/src/ux_utility_memory_free_block_best_get.c **** /*       This software is licensed under the Microsoft Software License   */
   6:Middlewares/ST/usbx/common/core/src/ux_utility_memory_free_block_best_get.c **** /*       Terms for Microsoft Azure RTOS. Full text of the license can be  */
   7:Middlewares/ST/usbx/common/core/src/ux_utility_memory_free_block_best_get.c **** /*       found in the LICENSE file at https://aka.ms/AzureRTOS_EULA       */
   8:Middlewares/ST/usbx/common/core/src/ux_utility_memory_free_block_best_get.c **** /*       and in the root directory of this software.                      */
   9:Middlewares/ST/usbx/common/core/src/ux_utility_memory_free_block_best_get.c **** /*                                                                        */
  10:Middlewares/ST/usbx/common/core/src/ux_utility_memory_free_block_best_get.c **** /**************************************************************************/
  11:Middlewares/ST/usbx/common/core/src/ux_utility_memory_free_block_best_get.c **** 
  12:Middlewares/ST/usbx/common/core/src/ux_utility_memory_free_block_best_get.c **** 
  13:Middlewares/ST/usbx/common/core/src/ux_utility_memory_free_block_best_get.c **** /**************************************************************************/
  14:Middlewares/ST/usbx/common/core/src/ux_utility_memory_free_block_best_get.c **** /**************************************************************************/
  15:Middlewares/ST/usbx/common/core/src/ux_utility_memory_free_block_best_get.c **** /**                                                                       */ 
  16:Middlewares/ST/usbx/common/core/src/ux_utility_memory_free_block_best_get.c **** /** USBX Component                                                        */ 
  17:Middlewares/ST/usbx/common/core/src/ux_utility_memory_free_block_best_get.c **** /**                                                                       */
  18:Middlewares/ST/usbx/common/core/src/ux_utility_memory_free_block_best_get.c **** /**   USBX main stack                                                     */
  19:Middlewares/ST/usbx/common/core/src/ux_utility_memory_free_block_best_get.c **** /**                                                                       */
  20:Middlewares/ST/usbx/common/core/src/ux_utility_memory_free_block_best_get.c **** /**************************************************************************/
  21:Middlewares/ST/usbx/common/core/src/ux_utility_memory_free_block_best_get.c **** /**************************************************************************/
  22:Middlewares/ST/usbx/common/core/src/ux_utility_memory_free_block_best_get.c **** 
  23:Middlewares/ST/usbx/common/core/src/ux_utility_memory_free_block_best_get.c **** 
  24:Middlewares/ST/usbx/common/core/src/ux_utility_memory_free_block_best_get.c **** /* Include necessary system files.  */
  25:Middlewares/ST/usbx/common/core/src/ux_utility_memory_free_block_best_get.c **** 
  26:Middlewares/ST/usbx/common/core/src/ux_utility_memory_free_block_best_get.c **** #define UX_SOURCE_CODE
  27:Middlewares/ST/usbx/common/core/src/ux_utility_memory_free_block_best_get.c **** 
  28:Middlewares/ST/usbx/common/core/src/ux_utility_memory_free_block_best_get.c **** #include "ux_api.h"
  29:Middlewares/ST/usbx/common/core/src/ux_utility_memory_free_block_best_get.c **** 
  30:Middlewares/ST/usbx/common/core/src/ux_utility_memory_free_block_best_get.c **** 
ARM GAS  /tmp/ccIkoU3c.s 			page 2


  31:Middlewares/ST/usbx/common/core/src/ux_utility_memory_free_block_best_get.c **** /**************************************************************************/ 
  32:Middlewares/ST/usbx/common/core/src/ux_utility_memory_free_block_best_get.c **** /*                                                                        */ 
  33:Middlewares/ST/usbx/common/core/src/ux_utility_memory_free_block_best_get.c **** /*  FUNCTION                                               RELEASE        */ 
  34:Middlewares/ST/usbx/common/core/src/ux_utility_memory_free_block_best_get.c **** /*                                                                        */ 
  35:Middlewares/ST/usbx/common/core/src/ux_utility_memory_free_block_best_get.c **** /*    _ux_utility_memory_free_block_best_get              PORTABLE C      */ 
  36:Middlewares/ST/usbx/common/core/src/ux_utility_memory_free_block_best_get.c **** /*                                                           6.1          */
  37:Middlewares/ST/usbx/common/core/src/ux_utility_memory_free_block_best_get.c **** /*  AUTHOR                                                                */
  38:Middlewares/ST/usbx/common/core/src/ux_utility_memory_free_block_best_get.c **** /*                                                                        */
  39:Middlewares/ST/usbx/common/core/src/ux_utility_memory_free_block_best_get.c **** /*    Chaoqiong Xiao, Microsoft Corporation                               */
  40:Middlewares/ST/usbx/common/core/src/ux_utility_memory_free_block_best_get.c **** /*                                                                        */
  41:Middlewares/ST/usbx/common/core/src/ux_utility_memory_free_block_best_get.c **** /*  DESCRIPTION                                                           */
  42:Middlewares/ST/usbx/common/core/src/ux_utility_memory_free_block_best_get.c **** /*                                                                        */ 
  43:Middlewares/ST/usbx/common/core/src/ux_utility_memory_free_block_best_get.c **** /*    This function returns the best free memory block.                   */ 
  44:Middlewares/ST/usbx/common/core/src/ux_utility_memory_free_block_best_get.c **** /*                                                                        */ 
  45:Middlewares/ST/usbx/common/core/src/ux_utility_memory_free_block_best_get.c **** /*  INPUT                                                                 */ 
  46:Middlewares/ST/usbx/common/core/src/ux_utility_memory_free_block_best_get.c **** /*                                                                        */ 
  47:Middlewares/ST/usbx/common/core/src/ux_utility_memory_free_block_best_get.c **** /*    memory_cache_flag                     Memory pool source            */ 
  48:Middlewares/ST/usbx/common/core/src/ux_utility_memory_free_block_best_get.c **** /*    memory_size_requested                 Size of memory requested      */ 
  49:Middlewares/ST/usbx/common/core/src/ux_utility_memory_free_block_best_get.c **** /*                                                                        */ 
  50:Middlewares/ST/usbx/common/core/src/ux_utility_memory_free_block_best_get.c **** /*  OUTPUT                                                                */ 
  51:Middlewares/ST/usbx/common/core/src/ux_utility_memory_free_block_best_get.c **** /*                                                                        */ 
  52:Middlewares/ST/usbx/common/core/src/ux_utility_memory_free_block_best_get.c **** /*    Pointer to best free block                                          */ 
  53:Middlewares/ST/usbx/common/core/src/ux_utility_memory_free_block_best_get.c **** /*                                                                        */ 
  54:Middlewares/ST/usbx/common/core/src/ux_utility_memory_free_block_best_get.c **** /*  CALLS                                                                 */ 
  55:Middlewares/ST/usbx/common/core/src/ux_utility_memory_free_block_best_get.c **** /*                                                                        */ 
  56:Middlewares/ST/usbx/common/core/src/ux_utility_memory_free_block_best_get.c **** /*    None                                                                */
  57:Middlewares/ST/usbx/common/core/src/ux_utility_memory_free_block_best_get.c **** /*                                                                        */ 
  58:Middlewares/ST/usbx/common/core/src/ux_utility_memory_free_block_best_get.c **** /*  CALLED BY                                                             */ 
  59:Middlewares/ST/usbx/common/core/src/ux_utility_memory_free_block_best_get.c **** /*                                                                        */ 
  60:Middlewares/ST/usbx/common/core/src/ux_utility_memory_free_block_best_get.c **** /*    USBX Components                                                     */ 
  61:Middlewares/ST/usbx/common/core/src/ux_utility_memory_free_block_best_get.c **** /*                                                                        */ 
  62:Middlewares/ST/usbx/common/core/src/ux_utility_memory_free_block_best_get.c **** /*  RELEASE HISTORY                                                       */ 
  63:Middlewares/ST/usbx/common/core/src/ux_utility_memory_free_block_best_get.c **** /*                                                                        */ 
  64:Middlewares/ST/usbx/common/core/src/ux_utility_memory_free_block_best_get.c **** /*    DATE              NAME                      DESCRIPTION             */ 
  65:Middlewares/ST/usbx/common/core/src/ux_utility_memory_free_block_best_get.c **** /*                                                                        */ 
  66:Middlewares/ST/usbx/common/core/src/ux_utility_memory_free_block_best_get.c **** /*  05-19-2020     Chaoqiong Xiao           Initial Version 6.0           */
  67:Middlewares/ST/usbx/common/core/src/ux_utility_memory_free_block_best_get.c **** /*  09-30-2020     Chaoqiong Xiao           Modified comment(s),          */
  68:Middlewares/ST/usbx/common/core/src/ux_utility_memory_free_block_best_get.c **** /*                                            resulting in version 6.1    */
  69:Middlewares/ST/usbx/common/core/src/ux_utility_memory_free_block_best_get.c **** /*                                                                        */
  70:Middlewares/ST/usbx/common/core/src/ux_utility_memory_free_block_best_get.c **** /**************************************************************************/
  71:Middlewares/ST/usbx/common/core/src/ux_utility_memory_free_block_best_get.c **** UX_MEMORY_BLOCK  *_ux_utility_memory_free_block_best_get(ULONG memory_cache_flag, 
  72:Middlewares/ST/usbx/common/core/src/ux_utility_memory_free_block_best_get.c ****                                                         ULONG memory_size_requested)
  73:Middlewares/ST/usbx/common/core/src/ux_utility_memory_free_block_best_get.c **** {
  29              		.loc 1 73 1 view -0
  30              		.cfi_startproc
  31              		@ args = 0, pretend = 0, frame = 0
  32              		@ frame_needed = 0, uses_anonymous_args = 0
  33              		@ link register save eliminated.
  74:Middlewares/ST/usbx/common/core/src/ux_utility_memory_free_block_best_get.c **** 
  75:Middlewares/ST/usbx/common/core/src/ux_utility_memory_free_block_best_get.c **** UX_MEMORY_BLOCK     *memory_block;
  34              		.loc 1 75 1 view .LVU1
  76:Middlewares/ST/usbx/common/core/src/ux_utility_memory_free_block_best_get.c **** UX_MEMORY_BLOCK     *best_memory_block;
  35              		.loc 1 76 1 view .LVU2
  77:Middlewares/ST/usbx/common/core/src/ux_utility_memory_free_block_best_get.c ****     
  78:Middlewares/ST/usbx/common/core/src/ux_utility_memory_free_block_best_get.c **** 
  79:Middlewares/ST/usbx/common/core/src/ux_utility_memory_free_block_best_get.c ****     /* Reset the free memory block.  */
  80:Middlewares/ST/usbx/common/core/src/ux_utility_memory_free_block_best_get.c ****     best_memory_block =  UX_NULL;
ARM GAS  /tmp/ccIkoU3c.s 			page 3


  36              		.loc 1 80 5 view .LVU3
  81:Middlewares/ST/usbx/common/core/src/ux_utility_memory_free_block_best_get.c ****     
  82:Middlewares/ST/usbx/common/core/src/ux_utility_memory_free_block_best_get.c ****     /* Check the type of memory we need.  */
  83:Middlewares/ST/usbx/common/core/src/ux_utility_memory_free_block_best_get.c ****     switch (memory_cache_flag)
  37              		.loc 1 83 5 view .LVU4
  38 0000 18B1     		cbz	r0, .L2
  39 0002 0128     		cmp	r0, #1
  40 0004 06D0     		beq	.L3
  41 0006 0020     		movs	r0, #0
  42              	.LVL1:
  43              		.loc 1 83 5 is_stmt 0 view .LVU5
  44 0008 7047     		bx	lr
  45              	.LVL2:
  46              	.L2:
  84:Middlewares/ST/usbx/common/core/src/ux_utility_memory_free_block_best_get.c ****     {
  85:Middlewares/ST/usbx/common/core/src/ux_utility_memory_free_block_best_get.c **** 
  86:Middlewares/ST/usbx/common/core/src/ux_utility_memory_free_block_best_get.c ****         case UX_REGULAR_MEMORY            :
  87:Middlewares/ST/usbx/common/core/src/ux_utility_memory_free_block_best_get.c **** 
  88:Middlewares/ST/usbx/common/core/src/ux_utility_memory_free_block_best_get.c ****             /* Start at the beginning of the regular memory pool.  */
  89:Middlewares/ST/usbx/common/core/src/ux_utility_memory_free_block_best_get.c ****             memory_block =  _ux_system -> ux_system_regular_memory_pool_start;
  47              		.loc 1 89 13 is_stmt 1 view .LVU6
  48              		.loc 1 89 40 is_stmt 0 view .LVU7
  49 000a 154B     		ldr	r3, .L24
  50 000c 1B68     		ldr	r3, [r3]
  51              		.loc 1 89 26 view .LVU8
  52 000e 1B68     		ldr	r3, [r3]
  53              	.LVL3:
  90:Middlewares/ST/usbx/common/core/src/ux_utility_memory_free_block_best_get.c ****             break;
  54              		.loc 1 90 13 is_stmt 1 view .LVU9
  55              	.L5:
  91:Middlewares/ST/usbx/common/core/src/ux_utility_memory_free_block_best_get.c ****             
  92:Middlewares/ST/usbx/common/core/src/ux_utility_memory_free_block_best_get.c ****         case UX_CACHE_SAFE_MEMORY       :
  93:Middlewares/ST/usbx/common/core/src/ux_utility_memory_free_block_best_get.c **** 
  94:Middlewares/ST/usbx/common/core/src/ux_utility_memory_free_block_best_get.c ****             /* Start at the beginning of the cache safe memory pool.  */
  95:Middlewares/ST/usbx/common/core/src/ux_utility_memory_free_block_best_get.c ****             memory_block =  _ux_system -> ux_system_cache_safe_memory_pool_start;
  96:Middlewares/ST/usbx/common/core/src/ux_utility_memory_free_block_best_get.c ****             break;
  97:Middlewares/ST/usbx/common/core/src/ux_utility_memory_free_block_best_get.c ****         
  98:Middlewares/ST/usbx/common/core/src/ux_utility_memory_free_block_best_get.c ****         default                            :
  99:Middlewares/ST/usbx/common/core/src/ux_utility_memory_free_block_best_get.c ****         
 100:Middlewares/ST/usbx/common/core/src/ux_utility_memory_free_block_best_get.c ****             /* Wrong memory type.  */
 101:Middlewares/ST/usbx/common/core/src/ux_utility_memory_free_block_best_get.c ****             return(UX_NULL);
 102:Middlewares/ST/usbx/common/core/src/ux_utility_memory_free_block_best_get.c **** 
 103:Middlewares/ST/usbx/common/core/src/ux_utility_memory_free_block_best_get.c ****     }
 104:Middlewares/ST/usbx/common/core/src/ux_utility_memory_free_block_best_get.c **** 
 105:Middlewares/ST/usbx/common/core/src/ux_utility_memory_free_block_best_get.c ****     /* Loop on all memory blocks from the beginning.  */
 106:Middlewares/ST/usbx/common/core/src/ux_utility_memory_free_block_best_get.c ****     while (memory_block != UX_NULL)
 107:Middlewares/ST/usbx/common/core/src/ux_utility_memory_free_block_best_get.c ****     {
 108:Middlewares/ST/usbx/common/core/src/ux_utility_memory_free_block_best_get.c **** 
 109:Middlewares/ST/usbx/common/core/src/ux_utility_memory_free_block_best_get.c ****         /* Check the memory block status.  */
 110:Middlewares/ST/usbx/common/core/src/ux_utility_memory_free_block_best_get.c ****         if (memory_block -> ux_memory_block_status == UX_MEMORY_UNUSED)
 111:Middlewares/ST/usbx/common/core/src/ux_utility_memory_free_block_best_get.c ****         {
 112:Middlewares/ST/usbx/common/core/src/ux_utility_memory_free_block_best_get.c **** 
 113:Middlewares/ST/usbx/common/core/src/ux_utility_memory_free_block_best_get.c ****             /* Check the size of this free block and see if it will 
 114:Middlewares/ST/usbx/common/core/src/ux_utility_memory_free_block_best_get.c ****                fit the memory requirement.  */
 115:Middlewares/ST/usbx/common/core/src/ux_utility_memory_free_block_best_get.c ****             if (memory_block -> ux_memory_block_size > memory_size_requested)
 116:Middlewares/ST/usbx/common/core/src/ux_utility_memory_free_block_best_get.c ****             {
 117:Middlewares/ST/usbx/common/core/src/ux_utility_memory_free_block_best_get.c ****                 
ARM GAS  /tmp/ccIkoU3c.s 			page 4


 118:Middlewares/ST/usbx/common/core/src/ux_utility_memory_free_block_best_get.c ****                 /* This memory block will do. Now see if it is the best.
 119:Middlewares/ST/usbx/common/core/src/ux_utility_memory_free_block_best_get.c ****                    The best memory block is the one whose memory is closest
 120:Middlewares/ST/usbx/common/core/src/ux_utility_memory_free_block_best_get.c ****                    to the memory requested.  */
 121:Middlewares/ST/usbx/common/core/src/ux_utility_memory_free_block_best_get.c ****                 if (best_memory_block == UX_NULL)
 122:Middlewares/ST/usbx/common/core/src/ux_utility_memory_free_block_best_get.c **** 
 123:Middlewares/ST/usbx/common/core/src/ux_utility_memory_free_block_best_get.c ****                     /* Initialize the best block with the first free one.  */
 124:Middlewares/ST/usbx/common/core/src/ux_utility_memory_free_block_best_get.c ****                     best_memory_block =  memory_block;
 125:Middlewares/ST/usbx/common/core/src/ux_utility_memory_free_block_best_get.c ****                 else
 126:Middlewares/ST/usbx/common/core/src/ux_utility_memory_free_block_best_get.c ****                 {
 127:Middlewares/ST/usbx/common/core/src/ux_utility_memory_free_block_best_get.c **** 
 128:Middlewares/ST/usbx/common/core/src/ux_utility_memory_free_block_best_get.c ****                     if (memory_block -> ux_memory_block_size < best_memory_block -> ux_memory_block
 129:Middlewares/ST/usbx/common/core/src/ux_utility_memory_free_block_best_get.c **** 
 130:Middlewares/ST/usbx/common/core/src/ux_utility_memory_free_block_best_get.c ****                         /* We have discovered a better fit block.  */
 131:Middlewares/ST/usbx/common/core/src/ux_utility_memory_free_block_best_get.c ****                         best_memory_block =  memory_block;
  56              		.loc 1 131 43 is_stmt 0 view .LVU10
  57 0010 0020     		movs	r0, #0
  58              	.LVL4:
  59              		.loc 1 131 43 view .LVU11
  60 0012 18E0     		b	.L13
  61              	.LVL5:
  62              	.L3:
  95:Middlewares/ST/usbx/common/core/src/ux_utility_memory_free_block_best_get.c ****             break;
  63              		.loc 1 95 13 is_stmt 1 view .LVU12
  95:Middlewares/ST/usbx/common/core/src/ux_utility_memory_free_block_best_get.c ****             break;
  64              		.loc 1 95 40 is_stmt 0 view .LVU13
  65 0014 124B     		ldr	r3, .L24
  66 0016 1B68     		ldr	r3, [r3]
  95:Middlewares/ST/usbx/common/core/src/ux_utility_memory_free_block_best_get.c ****             break;
  67              		.loc 1 95 26 view .LVU14
  68 0018 DB68     		ldr	r3, [r3, #12]
  69              	.LVL6:
  96:Middlewares/ST/usbx/common/core/src/ux_utility_memory_free_block_best_get.c ****         
  70              		.loc 1 96 13 is_stmt 1 view .LVU15
  71 001a F9E7     		b	.L5
  72              	.LVL7:
  73              	.L9:
  74              	.LCFI0:
  75              		.cfi_def_cfa_offset 4
  76              		.cfi_offset 4, -4
 124:Middlewares/ST/usbx/common/core/src/ux_utility_memory_free_block_best_get.c ****                 else
  77              		.loc 1 124 39 is_stmt 0 view .LVU16
  78 001c 1846     		mov	r0, r3
  79              	.LVL8:
  80              	.L7:
 132:Middlewares/ST/usbx/common/core/src/ux_utility_memory_free_block_best_get.c ****                 }                    
 133:Middlewares/ST/usbx/common/core/src/ux_utility_memory_free_block_best_get.c ****             }
 134:Middlewares/ST/usbx/common/core/src/ux_utility_memory_free_block_best_get.c ****         }
 135:Middlewares/ST/usbx/common/core/src/ux_utility_memory_free_block_best_get.c **** 
 136:Middlewares/ST/usbx/common/core/src/ux_utility_memory_free_block_best_get.c ****         /* Search the next free block until the end.  */            
 137:Middlewares/ST/usbx/common/core/src/ux_utility_memory_free_block_best_get.c ****         memory_block =  memory_block -> ux_memory_block_next;
  81              		.loc 1 137 9 is_stmt 1 view .LVU17
  82              		.loc 1 137 22 is_stmt 0 view .LVU18
  83 001e 9B68     		ldr	r3, [r3, #8]
  84              	.LVL9:
 106:Middlewares/ST/usbx/common/core/src/ux_utility_memory_free_block_best_get.c ****     {
  85              		.loc 1 106 25 is_stmt 1 view .LVU19
  86 0020 63B1     		cbz	r3, .L21
ARM GAS  /tmp/ccIkoU3c.s 			page 5


 110:Middlewares/ST/usbx/common/core/src/ux_utility_memory_free_block_best_get.c ****         {
  87              		.loc 1 110 9 view .LVU20
 110:Middlewares/ST/usbx/common/core/src/ux_utility_memory_free_block_best_get.c ****         {
  88              		.loc 1 110 26 is_stmt 0 view .LVU21
  89 0022 5A68     		ldr	r2, [r3, #4]
 110:Middlewares/ST/usbx/common/core/src/ux_utility_memory_free_block_best_get.c ****         {
  90              		.loc 1 110 12 view .LVU22
  91 0024 002A     		cmp	r2, #0
  92 0026 FAD1     		bne	.L7
 115:Middlewares/ST/usbx/common/core/src/ux_utility_memory_free_block_best_get.c ****             {
  93              		.loc 1 115 13 is_stmt 1 view .LVU23
 115:Middlewares/ST/usbx/common/core/src/ux_utility_memory_free_block_best_get.c ****             {
  94              		.loc 1 115 30 is_stmt 0 view .LVU24
  95 0028 1A68     		ldr	r2, [r3]
 115:Middlewares/ST/usbx/common/core/src/ux_utility_memory_free_block_best_get.c ****             {
  96              		.loc 1 115 16 view .LVU25
  97 002a 8A42     		cmp	r2, r1
  98 002c F7D9     		bls	.L7
 121:Middlewares/ST/usbx/common/core/src/ux_utility_memory_free_block_best_get.c **** 
  99              		.loc 1 121 17 is_stmt 1 view .LVU26
 121:Middlewares/ST/usbx/common/core/src/ux_utility_memory_free_block_best_get.c **** 
 100              		.loc 1 121 20 is_stmt 0 view .LVU27
 101 002e 0028     		cmp	r0, #0
 102 0030 F4D0     		beq	.L9
 103              	.L18:
 128:Middlewares/ST/usbx/common/core/src/ux_utility_memory_free_block_best_get.c **** 
 104              		.loc 1 128 21 is_stmt 1 view .LVU28
 128:Middlewares/ST/usbx/common/core/src/ux_utility_memory_free_block_best_get.c **** 
 105              		.loc 1 128 24 is_stmt 0 view .LVU29
 106 0032 0468     		ldr	r4, [r0]
 107 0034 A242     		cmp	r2, r4
 108 0036 F2D2     		bcs	.L7
 131:Middlewares/ST/usbx/common/core/src/ux_utility_memory_free_block_best_get.c ****                 }                    
 109              		.loc 1 131 43 view .LVU30
 110 0038 1846     		mov	r0, r3
 111              	.LVL10:
 131:Middlewares/ST/usbx/common/core/src/ux_utility_memory_free_block_best_get.c ****                 }                    
 112              		.loc 1 131 43 view .LVU31
 113 003a F0E7     		b	.L7
 114              	.LVL11:
 115              	.L21:
 138:Middlewares/ST/usbx/common/core/src/ux_utility_memory_free_block_best_get.c ****     }
 139:Middlewares/ST/usbx/common/core/src/ux_utility_memory_free_block_best_get.c **** 
 140:Middlewares/ST/usbx/common/core/src/ux_utility_memory_free_block_best_get.c ****     /* If no free memory block was found, the return value will be NULL.  */
 141:Middlewares/ST/usbx/common/core/src/ux_utility_memory_free_block_best_get.c ****     return(best_memory_block);        
 142:Middlewares/ST/usbx/common/core/src/ux_utility_memory_free_block_best_get.c **** }                                
 116              		.loc 1 142 1 view .LVU32
 117 003c 5DF8044B 		ldr	r4, [sp], #4
 118              	.LCFI1:
 119              		.cfi_restore 4
 120              		.cfi_def_cfa_offset 0
 121 0040 7047     		bx	lr
 122              	.L23:
 124:Middlewares/ST/usbx/common/core/src/ux_utility_memory_free_block_best_get.c ****                 else
 123              		.loc 1 124 39 view .LVU33
 124 0042 1846     		mov	r0, r3
 125              	.LVL12:
ARM GAS  /tmp/ccIkoU3c.s 			page 6


 126              	.L15:
 137:Middlewares/ST/usbx/common/core/src/ux_utility_memory_free_block_best_get.c ****     }
 127              		.loc 1 137 9 is_stmt 1 view .LVU34
 137:Middlewares/ST/usbx/common/core/src/ux_utility_memory_free_block_best_get.c ****     }
 128              		.loc 1 137 22 is_stmt 0 view .LVU35
 129 0044 9B68     		ldr	r3, [r3, #8]
 130              	.LVL13:
 131              	.L13:
 106:Middlewares/ST/usbx/common/core/src/ux_utility_memory_free_block_best_get.c ****     {
 132              		.loc 1 106 25 is_stmt 1 view .LVU36
 133 0046 4BB1     		cbz	r3, .L22
 110:Middlewares/ST/usbx/common/core/src/ux_utility_memory_free_block_best_get.c ****         {
 134              		.loc 1 110 9 view .LVU37
 110:Middlewares/ST/usbx/common/core/src/ux_utility_memory_free_block_best_get.c ****         {
 135              		.loc 1 110 26 is_stmt 0 view .LVU38
 136 0048 5A68     		ldr	r2, [r3, #4]
 110:Middlewares/ST/usbx/common/core/src/ux_utility_memory_free_block_best_get.c ****         {
 137              		.loc 1 110 12 view .LVU39
 138 004a 002A     		cmp	r2, #0
 139 004c FAD1     		bne	.L15
 115:Middlewares/ST/usbx/common/core/src/ux_utility_memory_free_block_best_get.c ****             {
 140              		.loc 1 115 13 is_stmt 1 view .LVU40
 115:Middlewares/ST/usbx/common/core/src/ux_utility_memory_free_block_best_get.c ****             {
 141              		.loc 1 115 30 is_stmt 0 view .LVU41
 142 004e 1A68     		ldr	r2, [r3]
 115:Middlewares/ST/usbx/common/core/src/ux_utility_memory_free_block_best_get.c ****             {
 143              		.loc 1 115 16 view .LVU42
 144 0050 8A42     		cmp	r2, r1
 145 0052 F7D9     		bls	.L15
 121:Middlewares/ST/usbx/common/core/src/ux_utility_memory_free_block_best_get.c **** 
 146              		.loc 1 121 17 is_stmt 1 view .LVU43
 121:Middlewares/ST/usbx/common/core/src/ux_utility_memory_free_block_best_get.c **** 
 147              		.loc 1 121 20 is_stmt 0 view .LVU44
 148 0054 0028     		cmp	r0, #0
 149 0056 F4D0     		beq	.L23
  73:Middlewares/ST/usbx/common/core/src/ux_utility_memory_free_block_best_get.c **** 
 150              		.loc 1 73 1 view .LVU45
 151 0058 10B4     		push	{r4}
 152              	.LCFI2:
 153              		.cfi_def_cfa_offset 4
 154              		.cfi_offset 4, -4
 155 005a EAE7     		b	.L18
 156              	.L22:
 157              	.LCFI3:
 158              		.cfi_def_cfa_offset 0
 159              		.cfi_restore 4
  73:Middlewares/ST/usbx/common/core/src/ux_utility_memory_free_block_best_get.c **** 
 160              		.loc 1 73 1 view .LVU46
 161 005c 7047     		bx	lr
 162              	.L25:
 163 005e 00BF     		.align	2
 164              	.L24:
 165 0060 00000000 		.word	_ux_system
 166              		.cfi_endproc
 167              	.LFE11:
 169              		.text
 170              	.Letext0:
ARM GAS  /tmp/ccIkoU3c.s 			page 7


 171              		.file 2 "Middlewares/ST/threadx/ports/cortex_m7/gnu/inc/tx_port.h"
 172              		.file 3 "Middlewares/ST/threadx/common/inc/tx_api.h"
 173              		.file 4 "Middlewares/ST/usbx/common/core/inc/ux_api.h"
 174              		.file 5 "Middlewares/ST/usbx/common/core/inc/ux_system.h"
ARM GAS  /tmp/ccIkoU3c.s 			page 8


DEFINED SYMBOLS
                            *ABS*:00000000 ux_utility_memory_free_block_best_get.c
     /tmp/ccIkoU3c.s:20     .text._ux_utility_memory_free_block_best_get:00000000 $t
     /tmp/ccIkoU3c.s:26     .text._ux_utility_memory_free_block_best_get:00000000 _ux_utility_memory_free_block_best_get
     /tmp/ccIkoU3c.s:165    .text._ux_utility_memory_free_block_best_get:00000060 $d

UNDEFINED SYMBOLS
_ux_system
