ARM GAS  /tmp/ccaTKRUG.s 			page 1


   1              		.cpu cortex-m7
   2              		.arch armv7e-m
   3              		.fpu fpv5-d16
   4              		.eabi_attribute 28, 1
   5              		.eabi_attribute 20, 1
   6              		.eabi_attribute 21, 1
   7              		.eabi_attribute 23, 3
   8              		.eabi_attribute 24, 1
   9              		.eabi_attribute 25, 1
  10              		.eabi_attribute 26, 1
  11              		.eabi_attribute 30, 1
  12              		.eabi_attribute 34, 1
  13              		.eabi_attribute 18, 4
  14              		.file	"ux_utility_string_length_check.c"
  15              		.text
  16              	.Ltext0:
  17              		.cfi_sections	.debug_frame
  18              		.file 1 "Middlewares/ST/usbx/common/core/src/ux_utility_string_length_check.c"
  19              		.section	.text._ux_utility_string_length_check,"ax",%progbits
  20              		.align	1
  21              		.global	_ux_utility_string_length_check
  22              		.syntax unified
  23              		.thumb
  24              		.thumb_func
  26              	_ux_utility_string_length_check:
  27              	.LVL0:
  28              	.LFB11:
   1:Middlewares/ST/usbx/common/core/src/ux_utility_string_length_check.c **** /**************************************************************************/
   2:Middlewares/ST/usbx/common/core/src/ux_utility_string_length_check.c **** /*                                                                        */
   3:Middlewares/ST/usbx/common/core/src/ux_utility_string_length_check.c **** /*       Copyright (c) Microsoft Corporation. All rights reserved.        */
   4:Middlewares/ST/usbx/common/core/src/ux_utility_string_length_check.c **** /*                                                                        */
   5:Middlewares/ST/usbx/common/core/src/ux_utility_string_length_check.c **** /*       This software is licensed under the Microsoft Software License   */
   6:Middlewares/ST/usbx/common/core/src/ux_utility_string_length_check.c **** /*       Terms for Microsoft Azure RTOS. Full text of the license can be  */
   7:Middlewares/ST/usbx/common/core/src/ux_utility_string_length_check.c **** /*       found in the LICENSE file at https://aka.ms/AzureRTOS_EULA       */
   8:Middlewares/ST/usbx/common/core/src/ux_utility_string_length_check.c **** /*       and in the root directory of this software.                      */
   9:Middlewares/ST/usbx/common/core/src/ux_utility_string_length_check.c **** /*                                                                        */
  10:Middlewares/ST/usbx/common/core/src/ux_utility_string_length_check.c **** /**************************************************************************/
  11:Middlewares/ST/usbx/common/core/src/ux_utility_string_length_check.c **** 
  12:Middlewares/ST/usbx/common/core/src/ux_utility_string_length_check.c **** 
  13:Middlewares/ST/usbx/common/core/src/ux_utility_string_length_check.c **** /**************************************************************************/
  14:Middlewares/ST/usbx/common/core/src/ux_utility_string_length_check.c **** /**************************************************************************/
  15:Middlewares/ST/usbx/common/core/src/ux_utility_string_length_check.c **** /**                                                                       */ 
  16:Middlewares/ST/usbx/common/core/src/ux_utility_string_length_check.c **** /** USBX Component                                                        */ 
  17:Middlewares/ST/usbx/common/core/src/ux_utility_string_length_check.c **** /**                                                                       */
  18:Middlewares/ST/usbx/common/core/src/ux_utility_string_length_check.c **** /**   Utility                                                             */
  19:Middlewares/ST/usbx/common/core/src/ux_utility_string_length_check.c **** /**                                                                       */
  20:Middlewares/ST/usbx/common/core/src/ux_utility_string_length_check.c **** /**************************************************************************/
  21:Middlewares/ST/usbx/common/core/src/ux_utility_string_length_check.c **** /**************************************************************************/
  22:Middlewares/ST/usbx/common/core/src/ux_utility_string_length_check.c **** 
  23:Middlewares/ST/usbx/common/core/src/ux_utility_string_length_check.c **** 
  24:Middlewares/ST/usbx/common/core/src/ux_utility_string_length_check.c **** /* Include necessary system files.  */
  25:Middlewares/ST/usbx/common/core/src/ux_utility_string_length_check.c **** 
  26:Middlewares/ST/usbx/common/core/src/ux_utility_string_length_check.c **** #define UX_SOURCE_CODE
  27:Middlewares/ST/usbx/common/core/src/ux_utility_string_length_check.c **** 
  28:Middlewares/ST/usbx/common/core/src/ux_utility_string_length_check.c **** #include "ux_api.h"
  29:Middlewares/ST/usbx/common/core/src/ux_utility_string_length_check.c **** 
  30:Middlewares/ST/usbx/common/core/src/ux_utility_string_length_check.c **** 
ARM GAS  /tmp/ccaTKRUG.s 			page 2


  31:Middlewares/ST/usbx/common/core/src/ux_utility_string_length_check.c **** /**************************************************************************/ 
  32:Middlewares/ST/usbx/common/core/src/ux_utility_string_length_check.c **** /*                                                                        */ 
  33:Middlewares/ST/usbx/common/core/src/ux_utility_string_length_check.c **** /*  FUNCTION                                               RELEASE        */ 
  34:Middlewares/ST/usbx/common/core/src/ux_utility_string_length_check.c **** /*                                                                        */ 
  35:Middlewares/ST/usbx/common/core/src/ux_utility_string_length_check.c **** /*    _ux_utility_string_length_check                     PORTABLE C      */ 
  36:Middlewares/ST/usbx/common/core/src/ux_utility_string_length_check.c **** /*                                                           6.1          */
  37:Middlewares/ST/usbx/common/core/src/ux_utility_string_length_check.c **** /*  AUTHOR                                                                */
  38:Middlewares/ST/usbx/common/core/src/ux_utility_string_length_check.c **** /*                                                                        */
  39:Middlewares/ST/usbx/common/core/src/ux_utility_string_length_check.c **** /*    Chaoqiong Xiao, Microsoft Corporation                               */
  40:Middlewares/ST/usbx/common/core/src/ux_utility_string_length_check.c **** /*                                                                        */
  41:Middlewares/ST/usbx/common/core/src/ux_utility_string_length_check.c **** /*  DESCRIPTION                                                           */
  42:Middlewares/ST/usbx/common/core/src/ux_utility_string_length_check.c **** /*                                                                        */ 
  43:Middlewares/ST/usbx/common/core/src/ux_utility_string_length_check.c **** /*    This function checks if a NULL-terminated C string reaches its end  */ 
  44:Middlewares/ST/usbx/common/core/src/ux_utility_string_length_check.c **** /*    before specified length exceeds.                                    */ 
  45:Middlewares/ST/usbx/common/core/src/ux_utility_string_length_check.c **** /*                                                                        */ 
  46:Middlewares/ST/usbx/common/core/src/ux_utility_string_length_check.c **** /*    On success the actual length of C string is written back to UINT    */ 
  47:Middlewares/ST/usbx/common/core/src/ux_utility_string_length_check.c **** /*    variable pointed by string_length_ptr (if not NULL).                */ 
  48:Middlewares/ST/usbx/common/core/src/ux_utility_string_length_check.c **** /*    Otherwise the variable keeps untouched.                             */ 
  49:Middlewares/ST/usbx/common/core/src/ux_utility_string_length_check.c **** /*                                                                        */ 
  50:Middlewares/ST/usbx/common/core/src/ux_utility_string_length_check.c **** /*  INPUT                                                                 */ 
  51:Middlewares/ST/usbx/common/core/src/ux_utility_string_length_check.c **** /*                                                                        */ 
  52:Middlewares/ST/usbx/common/core/src/ux_utility_string_length_check.c **** /*    string                                Pointer to string             */ 
  53:Middlewares/ST/usbx/common/core/src/ux_utility_string_length_check.c **** /*    string_length_ptr                     Pointer to UINT to receive    */ 
  54:Middlewares/ST/usbx/common/core/src/ux_utility_string_length_check.c **** /*                                            the string length           */ 
  55:Middlewares/ST/usbx/common/core/src/ux_utility_string_length_check.c **** /*    max_string_length                     Max string length             */ 
  56:Middlewares/ST/usbx/common/core/src/ux_utility_string_length_check.c **** /*                                                                        */ 
  57:Middlewares/ST/usbx/common/core/src/ux_utility_string_length_check.c **** /*  OUTPUT                                                                */ 
  58:Middlewares/ST/usbx/common/core/src/ux_utility_string_length_check.c **** /*                                                                        */ 
  59:Middlewares/ST/usbx/common/core/src/ux_utility_string_length_check.c **** /*    returns success if the string length was less than the max length,  */ 
  60:Middlewares/ST/usbx/common/core/src/ux_utility_string_length_check.c **** /*    else it returns error                                               */ 
  61:Middlewares/ST/usbx/common/core/src/ux_utility_string_length_check.c **** /*                                                                        */ 
  62:Middlewares/ST/usbx/common/core/src/ux_utility_string_length_check.c **** /*  CALLS                                                                 */ 
  63:Middlewares/ST/usbx/common/core/src/ux_utility_string_length_check.c **** /*                                                                        */ 
  64:Middlewares/ST/usbx/common/core/src/ux_utility_string_length_check.c **** /*    None                                                                */ 
  65:Middlewares/ST/usbx/common/core/src/ux_utility_string_length_check.c **** /*                                                                        */ 
  66:Middlewares/ST/usbx/common/core/src/ux_utility_string_length_check.c **** /*  CALLED BY                                                             */ 
  67:Middlewares/ST/usbx/common/core/src/ux_utility_string_length_check.c **** /*                                                                        */ 
  68:Middlewares/ST/usbx/common/core/src/ux_utility_string_length_check.c **** /*    USBX Components                                                     */ 
  69:Middlewares/ST/usbx/common/core/src/ux_utility_string_length_check.c **** /*                                                                        */ 
  70:Middlewares/ST/usbx/common/core/src/ux_utility_string_length_check.c **** /*  RELEASE HISTORY                                                       */ 
  71:Middlewares/ST/usbx/common/core/src/ux_utility_string_length_check.c **** /*                                                                        */ 
  72:Middlewares/ST/usbx/common/core/src/ux_utility_string_length_check.c **** /*    DATE              NAME                      DESCRIPTION             */ 
  73:Middlewares/ST/usbx/common/core/src/ux_utility_string_length_check.c **** /*                                                                        */ 
  74:Middlewares/ST/usbx/common/core/src/ux_utility_string_length_check.c **** /*  05-19-2020     Chaoqiong Xiao           Initial Version 6.0           */
  75:Middlewares/ST/usbx/common/core/src/ux_utility_string_length_check.c **** /*  09-30-2020     Chaoqiong Xiao           Modified comment(s),          */
  76:Middlewares/ST/usbx/common/core/src/ux_utility_string_length_check.c **** /*                                            resulting in version 6.1    */
  77:Middlewares/ST/usbx/common/core/src/ux_utility_string_length_check.c **** /*                                                                        */
  78:Middlewares/ST/usbx/common/core/src/ux_utility_string_length_check.c **** /**************************************************************************/
  79:Middlewares/ST/usbx/common/core/src/ux_utility_string_length_check.c **** UINT  _ux_utility_string_length_check(UCHAR *string, UINT *string_length_ptr, UINT max_string_lengt
  80:Middlewares/ST/usbx/common/core/src/ux_utility_string_length_check.c **** {
  29              		.loc 1 80 1 view -0
  30              		.cfi_startproc
  31              		@ args = 0, pretend = 0, frame = 0
  32              		@ frame_needed = 0, uses_anonymous_args = 0
  81:Middlewares/ST/usbx/common/core/src/ux_utility_string_length_check.c **** 
  82:Middlewares/ST/usbx/common/core/src/ux_utility_string_length_check.c **** UINT    string_length;
  33              		.loc 1 82 1 view .LVU1
ARM GAS  /tmp/ccaTKRUG.s 			page 3


  83:Middlewares/ST/usbx/common/core/src/ux_utility_string_length_check.c **** 
  84:Middlewares/ST/usbx/common/core/src/ux_utility_string_length_check.c **** 
  85:Middlewares/ST/usbx/common/core/src/ux_utility_string_length_check.c ****     if (string == UX_NULL)
  34              		.loc 1 85 5 view .LVU2
  35              		.loc 1 85 8 is_stmt 0 view .LVU3
  36 0000 98B1     		cbz	r0, .L5
  80:Middlewares/ST/usbx/common/core/src/ux_utility_string_length_check.c **** 
  37              		.loc 1 80 1 view .LVU4
  38 0002 08B5     		push	{r3, lr}
  39              	.LCFI0:
  40              		.cfi_def_cfa_offset 8
  41              		.cfi_offset 3, -8
  42              		.cfi_offset 14, -4
  43 0004 8446     		mov	ip, r0
  86:Middlewares/ST/usbx/common/core/src/ux_utility_string_length_check.c ****         return(UX_ERROR);
  87:Middlewares/ST/usbx/common/core/src/ux_utility_string_length_check.c **** 
  88:Middlewares/ST/usbx/common/core/src/ux_utility_string_length_check.c ****     string_length = 0;
  44              		.loc 1 88 19 view .LVU5
  45 0006 0023     		movs	r3, #0
  46              	.LVL1:
  47              	.L4:
  89:Middlewares/ST/usbx/common/core/src/ux_utility_string_length_check.c **** 
  90:Middlewares/ST/usbx/common/core/src/ux_utility_string_length_check.c ****     while (1)
  48              		.loc 1 90 5 is_stmt 1 view .LVU6
  91:Middlewares/ST/usbx/common/core/src/ux_utility_string_length_check.c ****     {
  92:Middlewares/ST/usbx/common/core/src/ux_utility_string_length_check.c **** 
  93:Middlewares/ST/usbx/common/core/src/ux_utility_string_length_check.c ****         if (string[string_length] == '\0')
  49              		.loc 1 93 9 view .LVU7
  50              		.loc 1 93 19 is_stmt 0 view .LVU8
  51 0008 1CF80300 		ldrb	r0, [ip, r3]	@ zero_extendqisi2
  52              		.loc 1 93 12 view .LVU9
  53 000c 48B1     		cbz	r0, .L3
  94:Middlewares/ST/usbx/common/core/src/ux_utility_string_length_check.c ****             break;
  95:Middlewares/ST/usbx/common/core/src/ux_utility_string_length_check.c **** 
  96:Middlewares/ST/usbx/common/core/src/ux_utility_string_length_check.c ****         string_length++;
  54              		.loc 1 96 9 is_stmt 1 view .LVU10
  55              		.loc 1 96 22 is_stmt 0 view .LVU11
  56 000e 0133     		adds	r3, r3, #1
  57              	.LVL2:
  97:Middlewares/ST/usbx/common/core/src/ux_utility_string_length_check.c ****         if (string_length > max_string_length)
  58              		.loc 1 97 9 is_stmt 1 view .LVU12
  59              		.loc 1 97 12 is_stmt 0 view .LVU13
  60 0010 9342     		cmp	r3, r2
  61 0012 F9D9     		bls	.L4
  98:Middlewares/ST/usbx/common/core/src/ux_utility_string_length_check.c ****         {
  99:Middlewares/ST/usbx/common/core/src/ux_utility_string_length_check.c **** 
 100:Middlewares/ST/usbx/common/core/src/ux_utility_string_length_check.c ****             /* Error trap. */
 101:Middlewares/ST/usbx/common/core/src/ux_utility_string_length_check.c ****             _ux_system_error_handler(UX_SYSTEM_LEVEL_THREAD, UX_SYSTEM_CONTEXT_UTILITY, UX_ERROR);
  62              		.loc 1 101 13 is_stmt 1 view .LVU14
  63 0014 FF22     		movs	r2, #255
  64              	.LVL3:
  65              		.loc 1 101 13 is_stmt 0 view .LVU15
  66 0016 0821     		movs	r1, #8
  67              	.LVL4:
  68              		.loc 1 101 13 view .LVU16
  69 0018 0220     		movs	r0, #2
  70 001a FFF7FEFF 		bl	_ux_system_error_handler
ARM GAS  /tmp/ccaTKRUG.s 			page 4


  71              	.LVL5:
 102:Middlewares/ST/usbx/common/core/src/ux_utility_string_length_check.c **** 
 103:Middlewares/ST/usbx/common/core/src/ux_utility_string_length_check.c ****             return(UX_ERROR);
  72              		.loc 1 103 13 is_stmt 1 view .LVU17
  73              		.loc 1 103 19 is_stmt 0 view .LVU18
  74 001e FF20     		movs	r0, #255
  75              	.LVL6:
  76              	.L1:
 104:Middlewares/ST/usbx/common/core/src/ux_utility_string_length_check.c ****         }
 105:Middlewares/ST/usbx/common/core/src/ux_utility_string_length_check.c ****     }
 106:Middlewares/ST/usbx/common/core/src/ux_utility_string_length_check.c **** 
 107:Middlewares/ST/usbx/common/core/src/ux_utility_string_length_check.c ****     if (string_length_ptr)
 108:Middlewares/ST/usbx/common/core/src/ux_utility_string_length_check.c ****         *string_length_ptr = string_length;
 109:Middlewares/ST/usbx/common/core/src/ux_utility_string_length_check.c **** 
 110:Middlewares/ST/usbx/common/core/src/ux_utility_string_length_check.c ****     return(UX_SUCCESS); 
 111:Middlewares/ST/usbx/common/core/src/ux_utility_string_length_check.c **** }
  77              		.loc 1 111 1 view .LVU19
  78 0020 08BD     		pop	{r3, pc}
  79              	.LVL7:
  80              	.L3:
 107:Middlewares/ST/usbx/common/core/src/ux_utility_string_length_check.c ****         *string_length_ptr = string_length;
  81              		.loc 1 107 5 is_stmt 1 view .LVU20
 107:Middlewares/ST/usbx/common/core/src/ux_utility_string_length_check.c ****         *string_length_ptr = string_length;
  82              		.loc 1 107 8 is_stmt 0 view .LVU21
  83 0022 21B1     		cbz	r1, .L6
 108:Middlewares/ST/usbx/common/core/src/ux_utility_string_length_check.c **** 
  84              		.loc 1 108 9 is_stmt 1 view .LVU22
 108:Middlewares/ST/usbx/common/core/src/ux_utility_string_length_check.c **** 
  85              		.loc 1 108 28 is_stmt 0 view .LVU23
  86 0024 0B60     		str	r3, [r1]
 110:Middlewares/ST/usbx/common/core/src/ux_utility_string_length_check.c **** }
  87              		.loc 1 110 11 view .LVU24
  88 0026 0020     		movs	r0, #0
  89 0028 FAE7     		b	.L1
  90              	.LVL8:
  91              	.L5:
  92              	.LCFI1:
  93              		.cfi_def_cfa_offset 0
  94              		.cfi_restore 3
  95              		.cfi_restore 14
  86:Middlewares/ST/usbx/common/core/src/ux_utility_string_length_check.c **** 
  96              		.loc 1 86 15 view .LVU25
  97 002a FF20     		movs	r0, #255
  98              	.LVL9:
  99              		.loc 1 111 1 view .LVU26
 100 002c 7047     		bx	lr
 101              	.LVL10:
 102              	.L6:
 103              	.LCFI2:
 104              		.cfi_def_cfa_offset 8
 105              		.cfi_offset 3, -8
 106              		.cfi_offset 14, -4
 110:Middlewares/ST/usbx/common/core/src/ux_utility_string_length_check.c **** }
 107              		.loc 1 110 11 view .LVU27
 108 002e 0020     		movs	r0, #0
 109 0030 F6E7     		b	.L1
 110              		.cfi_endproc
ARM GAS  /tmp/ccaTKRUG.s 			page 5


 111              	.LFE11:
 113              		.text
 114              	.Letext0:
 115              		.file 2 "Middlewares/ST/threadx/ports/cortex_m7/gnu/inc/tx_port.h"
 116              		.file 3 "Middlewares/ST/usbx/common/core/inc/ux_utility.h"
ARM GAS  /tmp/ccaTKRUG.s 			page 6


DEFINED SYMBOLS
                            *ABS*:00000000 ux_utility_string_length_check.c
     /tmp/ccaTKRUG.s:20     .text._ux_utility_string_length_check:00000000 $t
     /tmp/ccaTKRUG.s:26     .text._ux_utility_string_length_check:00000000 _ux_utility_string_length_check

UNDEFINED SYMBOLS
_ux_system_error_handler
