ARM GAS  /tmp/ccPY5lKe.s 			page 1


   1              		.cpu cortex-m7
   2              		.arch armv7e-m
   3              		.fpu fpv5-d16
   4              		.eabi_attribute 28, 1
   5              		.eabi_attribute 20, 1
   6              		.eabi_attribute 21, 1
   7              		.eabi_attribute 23, 3
   8              		.eabi_attribute 24, 1
   9              		.eabi_attribute 25, 1
  10              		.eabi_attribute 26, 1
  11              		.eabi_attribute 30, 1
  12              		.eabi_attribute 34, 1
  13              		.eabi_attribute 18, 4
  14              		.file	"ux_utility_unicode_to_string.c"
  15              		.text
  16              	.Ltext0:
  17              		.cfi_sections	.debug_frame
  18              		.file 1 "Middlewares/ST/usbx/common/core/src/ux_utility_unicode_to_string.c"
  19              		.section	.text._ux_utility_unicode_to_string,"ax",%progbits
  20              		.align	1
  21              		.global	_ux_utility_unicode_to_string
  22              		.syntax unified
  23              		.thumb
  24              		.thumb_func
  26              	_ux_utility_unicode_to_string:
  27              	.LVL0:
  28              	.LFB11:
   1:Middlewares/ST/usbx/common/core/src/ux_utility_unicode_to_string.c **** /**************************************************************************/
   2:Middlewares/ST/usbx/common/core/src/ux_utility_unicode_to_string.c **** /*                                                                        */
   3:Middlewares/ST/usbx/common/core/src/ux_utility_unicode_to_string.c **** /*       Copyright (c) Microsoft Corporation. All rights reserved.        */
   4:Middlewares/ST/usbx/common/core/src/ux_utility_unicode_to_string.c **** /*                                                                        */
   5:Middlewares/ST/usbx/common/core/src/ux_utility_unicode_to_string.c **** /*       This software is licensed under the Microsoft Software License   */
   6:Middlewares/ST/usbx/common/core/src/ux_utility_unicode_to_string.c **** /*       Terms for Microsoft Azure RTOS. Full text of the license can be  */
   7:Middlewares/ST/usbx/common/core/src/ux_utility_unicode_to_string.c **** /*       found in the LICENSE file at https://aka.ms/AzureRTOS_EULA       */
   8:Middlewares/ST/usbx/common/core/src/ux_utility_unicode_to_string.c **** /*       and in the root directory of this software.                      */
   9:Middlewares/ST/usbx/common/core/src/ux_utility_unicode_to_string.c **** /*                                                                        */
  10:Middlewares/ST/usbx/common/core/src/ux_utility_unicode_to_string.c **** /**************************************************************************/
  11:Middlewares/ST/usbx/common/core/src/ux_utility_unicode_to_string.c **** 
  12:Middlewares/ST/usbx/common/core/src/ux_utility_unicode_to_string.c **** 
  13:Middlewares/ST/usbx/common/core/src/ux_utility_unicode_to_string.c **** /**************************************************************************/
  14:Middlewares/ST/usbx/common/core/src/ux_utility_unicode_to_string.c **** /**************************************************************************/
  15:Middlewares/ST/usbx/common/core/src/ux_utility_unicode_to_string.c **** /**                                                                       */ 
  16:Middlewares/ST/usbx/common/core/src/ux_utility_unicode_to_string.c **** /** USBX Component                                                        */ 
  17:Middlewares/ST/usbx/common/core/src/ux_utility_unicode_to_string.c **** /**                                                                       */
  18:Middlewares/ST/usbx/common/core/src/ux_utility_unicode_to_string.c **** /**   Utility                                                             */
  19:Middlewares/ST/usbx/common/core/src/ux_utility_unicode_to_string.c **** /**                                                                       */
  20:Middlewares/ST/usbx/common/core/src/ux_utility_unicode_to_string.c **** /**************************************************************************/
  21:Middlewares/ST/usbx/common/core/src/ux_utility_unicode_to_string.c **** /**************************************************************************/
  22:Middlewares/ST/usbx/common/core/src/ux_utility_unicode_to_string.c **** 
  23:Middlewares/ST/usbx/common/core/src/ux_utility_unicode_to_string.c **** 
  24:Middlewares/ST/usbx/common/core/src/ux_utility_unicode_to_string.c **** /* Include necessary system files.  */
  25:Middlewares/ST/usbx/common/core/src/ux_utility_unicode_to_string.c **** 
  26:Middlewares/ST/usbx/common/core/src/ux_utility_unicode_to_string.c **** #define UX_SOURCE_CODE
  27:Middlewares/ST/usbx/common/core/src/ux_utility_unicode_to_string.c **** 
  28:Middlewares/ST/usbx/common/core/src/ux_utility_unicode_to_string.c **** #include "ux_api.h"
  29:Middlewares/ST/usbx/common/core/src/ux_utility_unicode_to_string.c **** 
  30:Middlewares/ST/usbx/common/core/src/ux_utility_unicode_to_string.c **** 
ARM GAS  /tmp/ccPY5lKe.s 			page 2


  31:Middlewares/ST/usbx/common/core/src/ux_utility_unicode_to_string.c **** /**************************************************************************/ 
  32:Middlewares/ST/usbx/common/core/src/ux_utility_unicode_to_string.c **** /*                                                                        */ 
  33:Middlewares/ST/usbx/common/core/src/ux_utility_unicode_to_string.c **** /*  FUNCTION                                               RELEASE        */ 
  34:Middlewares/ST/usbx/common/core/src/ux_utility_unicode_to_string.c **** /*                                                                        */ 
  35:Middlewares/ST/usbx/common/core/src/ux_utility_unicode_to_string.c **** /*    _ux_utility_unicode_to_string                       PORTABLE C      */ 
  36:Middlewares/ST/usbx/common/core/src/ux_utility_unicode_to_string.c **** /*                                                           6.1          */
  37:Middlewares/ST/usbx/common/core/src/ux_utility_unicode_to_string.c **** /*  AUTHOR                                                                */
  38:Middlewares/ST/usbx/common/core/src/ux_utility_unicode_to_string.c **** /*                                                                        */
  39:Middlewares/ST/usbx/common/core/src/ux_utility_unicode_to_string.c **** /*    Chaoqiong Xiao, Microsoft Corporation                               */
  40:Middlewares/ST/usbx/common/core/src/ux_utility_unicode_to_string.c **** /*                                                                        */
  41:Middlewares/ST/usbx/common/core/src/ux_utility_unicode_to_string.c **** /*  DESCRIPTION                                                           */
  42:Middlewares/ST/usbx/common/core/src/ux_utility_unicode_to_string.c **** /*                                                                        */ 
  43:Middlewares/ST/usbx/common/core/src/ux_utility_unicode_to_string.c **** /*    This function converts a unicode string to a zero terminated        */ 
  44:Middlewares/ST/usbx/common/core/src/ux_utility_unicode_to_string.c **** /*    ascii string.                                                       */ 
  45:Middlewares/ST/usbx/common/core/src/ux_utility_unicode_to_string.c **** /*                                                                        */ 
  46:Middlewares/ST/usbx/common/core/src/ux_utility_unicode_to_string.c **** /*  INPUT                                                                 */ 
  47:Middlewares/ST/usbx/common/core/src/ux_utility_unicode_to_string.c **** /*                                                                        */ 
  48:Middlewares/ST/usbx/common/core/src/ux_utility_unicode_to_string.c **** /*    source                                Unicode String                */ 
  49:Middlewares/ST/usbx/common/core/src/ux_utility_unicode_to_string.c **** /*    destination                           Ascii String                  */ 
  50:Middlewares/ST/usbx/common/core/src/ux_utility_unicode_to_string.c **** /*                                                                        */ 
  51:Middlewares/ST/usbx/common/core/src/ux_utility_unicode_to_string.c **** /*  OUTPUT                                                                */ 
  52:Middlewares/ST/usbx/common/core/src/ux_utility_unicode_to_string.c **** /*                                                                        */ 
  53:Middlewares/ST/usbx/common/core/src/ux_utility_unicode_to_string.c **** /*    none                                                                */ 
  54:Middlewares/ST/usbx/common/core/src/ux_utility_unicode_to_string.c **** /*                                                                        */ 
  55:Middlewares/ST/usbx/common/core/src/ux_utility_unicode_to_string.c **** /*  CALLS                                                                 */ 
  56:Middlewares/ST/usbx/common/core/src/ux_utility_unicode_to_string.c **** /*                                                                        */ 
  57:Middlewares/ST/usbx/common/core/src/ux_utility_unicode_to_string.c **** /*    None                                                                */
  58:Middlewares/ST/usbx/common/core/src/ux_utility_unicode_to_string.c **** /*                                                                        */ 
  59:Middlewares/ST/usbx/common/core/src/ux_utility_unicode_to_string.c **** /*  CALLED BY                                                             */ 
  60:Middlewares/ST/usbx/common/core/src/ux_utility_unicode_to_string.c **** /*                                                                        */ 
  61:Middlewares/ST/usbx/common/core/src/ux_utility_unicode_to_string.c **** /*    USBX Components                                                     */ 
  62:Middlewares/ST/usbx/common/core/src/ux_utility_unicode_to_string.c **** /*                                                                        */ 
  63:Middlewares/ST/usbx/common/core/src/ux_utility_unicode_to_string.c **** /*  RELEASE HISTORY                                                       */ 
  64:Middlewares/ST/usbx/common/core/src/ux_utility_unicode_to_string.c **** /*                                                                        */ 
  65:Middlewares/ST/usbx/common/core/src/ux_utility_unicode_to_string.c **** /*    DATE              NAME                      DESCRIPTION             */ 
  66:Middlewares/ST/usbx/common/core/src/ux_utility_unicode_to_string.c **** /*                                                                        */ 
  67:Middlewares/ST/usbx/common/core/src/ux_utility_unicode_to_string.c **** /*  05-19-2020     Chaoqiong Xiao           Initial Version 6.0           */
  68:Middlewares/ST/usbx/common/core/src/ux_utility_unicode_to_string.c **** /*  09-30-2020     Chaoqiong Xiao           Modified comment(s),          */
  69:Middlewares/ST/usbx/common/core/src/ux_utility_unicode_to_string.c **** /*                                            resulting in version 6.1    */
  70:Middlewares/ST/usbx/common/core/src/ux_utility_unicode_to_string.c **** /*                                                                        */
  71:Middlewares/ST/usbx/common/core/src/ux_utility_unicode_to_string.c **** /**************************************************************************/
  72:Middlewares/ST/usbx/common/core/src/ux_utility_unicode_to_string.c **** VOID  _ux_utility_unicode_to_string(UCHAR *source, UCHAR *destination)
  73:Middlewares/ST/usbx/common/core/src/ux_utility_unicode_to_string.c **** {
  29              		.loc 1 73 1 view -0
  30              		.cfi_startproc
  31              		@ args = 0, pretend = 0, frame = 0
  32              		@ frame_needed = 0, uses_anonymous_args = 0
  33              		@ link register save eliminated.
  74:Middlewares/ST/usbx/common/core/src/ux_utility_unicode_to_string.c **** ULONG   string_length;
  34              		.loc 1 74 1 view .LVU1
  75:Middlewares/ST/usbx/common/core/src/ux_utility_unicode_to_string.c **** 
  76:Middlewares/ST/usbx/common/core/src/ux_utility_unicode_to_string.c ****     /* Obtain the length of the unicode string.  This is the first byte*/
  77:Middlewares/ST/usbx/common/core/src/ux_utility_unicode_to_string.c ****     string_length = (ULONG) *source++;
  35              		.loc 1 77 5 view .LVU2
  36              		.loc 1 77 29 is_stmt 0 view .LVU3
  37 0000 10F8013B 		ldrb	r3, [r0], #1	@ zero_extendqisi2
  38              	.LVL1:
ARM GAS  /tmp/ccPY5lKe.s 			page 3


  78:Middlewares/ST/usbx/common/core/src/ux_utility_unicode_to_string.c **** 
  79:Middlewares/ST/usbx/common/core/src/ux_utility_unicode_to_string.c ****     /* Parse the unicode string. First byte is always 0, second byte is the 
  80:Middlewares/ST/usbx/common/core/src/ux_utility_unicode_to_string.c ****        ASCII character.  */
  81:Middlewares/ST/usbx/common/core/src/ux_utility_unicode_to_string.c ****     while(string_length--)
  39              		.loc 1 81 5 is_stmt 1 view .LVU4
  40              		.loc 1 81 10 is_stmt 0 view .LVU5
  41 0004 04E0     		b	.L2
  42              	.LVL2:
  43              	.L3:
  82:Middlewares/ST/usbx/common/core/src/ux_utility_unicode_to_string.c ****     {
  83:Middlewares/ST/usbx/common/core/src/ux_utility_unicode_to_string.c ****         /* First character is from the source.  */
  84:Middlewares/ST/usbx/common/core/src/ux_utility_unicode_to_string.c ****         *destination++ = *source++;
  44              		.loc 1 84 9 is_stmt 1 view .LVU6
  45              		.loc 1 84 26 is_stmt 0 view .LVU7
  46 0006 10F8023B 		ldrb	r3, [r0], #2	@ zero_extendqisi2
  47              	.LVL3:
  48              		.loc 1 84 24 view .LVU8
  49 000a 01F8013B 		strb	r3, [r1], #1
  50              	.LVL4:
  85:Middlewares/ST/usbx/common/core/src/ux_utility_unicode_to_string.c **** 
  86:Middlewares/ST/usbx/common/core/src/ux_utility_unicode_to_string.c ****         /* Second character of unicode word is 0.  */
  87:Middlewares/ST/usbx/common/core/src/ux_utility_unicode_to_string.c ****         source++;
  51              		.loc 1 87 9 is_stmt 1 view .LVU9
  81:Middlewares/ST/usbx/common/core/src/ux_utility_unicode_to_string.c ****     {
  52              		.loc 1 81 24 is_stmt 0 view .LVU10
  53 000e 1346     		mov	r3, r2
  54              	.LVL5:
  55              	.L2:
  81:Middlewares/ST/usbx/common/core/src/ux_utility_unicode_to_string.c ****     {
  56              		.loc 1 81 11 is_stmt 1 view .LVU11
  81:Middlewares/ST/usbx/common/core/src/ux_utility_unicode_to_string.c ****     {
  57              		.loc 1 81 24 is_stmt 0 view .LVU12
  58 0010 5A1E     		subs	r2, r3, #1
  59              	.LVL6:
  81:Middlewares/ST/usbx/common/core/src/ux_utility_unicode_to_string.c ****     {
  60              		.loc 1 81 11 view .LVU13
  61 0012 002B     		cmp	r3, #0
  62 0014 F7D1     		bne	.L3
  88:Middlewares/ST/usbx/common/core/src/ux_utility_unicode_to_string.c ****     }    
  89:Middlewares/ST/usbx/common/core/src/ux_utility_unicode_to_string.c **** 
  90:Middlewares/ST/usbx/common/core/src/ux_utility_unicode_to_string.c ****     /* We are done with the ascii string. Insert a zero at the end. */
  91:Middlewares/ST/usbx/common/core/src/ux_utility_unicode_to_string.c ****     *destination = 0;
  63              		.loc 1 91 5 is_stmt 1 view .LVU14
  64              		.loc 1 91 18 is_stmt 0 view .LVU15
  65 0016 0B70     		strb	r3, [r1]
  92:Middlewares/ST/usbx/common/core/src/ux_utility_unicode_to_string.c ****     
  93:Middlewares/ST/usbx/common/core/src/ux_utility_unicode_to_string.c ****     /* Finished.  */
  94:Middlewares/ST/usbx/common/core/src/ux_utility_unicode_to_string.c ****     return;
  66              		.loc 1 94 5 is_stmt 1 view .LVU16
  95:Middlewares/ST/usbx/common/core/src/ux_utility_unicode_to_string.c **** }
  67              		.loc 1 95 1 is_stmt 0 view .LVU17
  68 0018 7047     		bx	lr
  69              		.cfi_endproc
  70              	.LFE11:
  72              		.text
  73              	.Letext0:
  74              		.file 2 "Middlewares/ST/threadx/ports/cortex_m7/gnu/inc/tx_port.h"
ARM GAS  /tmp/ccPY5lKe.s 			page 4


ARM GAS  /tmp/ccPY5lKe.s 			page 5


DEFINED SYMBOLS
                            *ABS*:00000000 ux_utility_unicode_to_string.c
     /tmp/ccPY5lKe.s:20     .text._ux_utility_unicode_to_string:00000000 $t
     /tmp/ccPY5lKe.s:26     .text._ux_utility_unicode_to_string:00000000 _ux_utility_unicode_to_string

NO UNDEFINED SYMBOLS
