ARM GAS  /tmp/ccJVYR4A.s 			page 1


   1              		.cpu cortex-m7
   2              		.arch armv7e-m
   3              		.fpu fpv5-d16
   4              		.eabi_attribute 28, 1
   5              		.eabi_attribute 20, 1
   6              		.eabi_attribute 21, 1
   7              		.eabi_attribute 23, 3
   8              		.eabi_attribute 24, 1
   9              		.eabi_attribute 25, 1
  10              		.eabi_attribute 26, 1
  11              		.eabi_attribute 30, 1
  12              		.eabi_attribute 34, 1
  13              		.eabi_attribute 18, 4
  14              		.file	"ux_utility_long_get_big_endian.c"
  15              		.text
  16              	.Ltext0:
  17              		.cfi_sections	.debug_frame
  18              		.file 1 "Middlewares/ST/usbx/common/core/src/ux_utility_long_get_big_endian.c"
  19              		.section	.text._ux_utility_long_get_big_endian,"ax",%progbits
  20              		.align	1
  21              		.global	_ux_utility_long_get_big_endian
  22              		.syntax unified
  23              		.thumb
  24              		.thumb_func
  26              	_ux_utility_long_get_big_endian:
  27              	.LVL0:
  28              	.LFB11:
   1:Middlewares/ST/usbx/common/core/src/ux_utility_long_get_big_endian.c **** /**************************************************************************/
   2:Middlewares/ST/usbx/common/core/src/ux_utility_long_get_big_endian.c **** /*                                                                        */
   3:Middlewares/ST/usbx/common/core/src/ux_utility_long_get_big_endian.c **** /*       Copyright (c) Microsoft Corporation. All rights reserved.        */
   4:Middlewares/ST/usbx/common/core/src/ux_utility_long_get_big_endian.c **** /*                                                                        */
   5:Middlewares/ST/usbx/common/core/src/ux_utility_long_get_big_endian.c **** /*       This software is licensed under the Microsoft Software License   */
   6:Middlewares/ST/usbx/common/core/src/ux_utility_long_get_big_endian.c **** /*       Terms for Microsoft Azure RTOS. Full text of the license can be  */
   7:Middlewares/ST/usbx/common/core/src/ux_utility_long_get_big_endian.c **** /*       found in the LICENSE file at https://aka.ms/AzureRTOS_EULA       */
   8:Middlewares/ST/usbx/common/core/src/ux_utility_long_get_big_endian.c **** /*       and in the root directory of this software.                      */
   9:Middlewares/ST/usbx/common/core/src/ux_utility_long_get_big_endian.c **** /*                                                                        */
  10:Middlewares/ST/usbx/common/core/src/ux_utility_long_get_big_endian.c **** /**************************************************************************/
  11:Middlewares/ST/usbx/common/core/src/ux_utility_long_get_big_endian.c **** 
  12:Middlewares/ST/usbx/common/core/src/ux_utility_long_get_big_endian.c **** 
  13:Middlewares/ST/usbx/common/core/src/ux_utility_long_get_big_endian.c **** /**************************************************************************/
  14:Middlewares/ST/usbx/common/core/src/ux_utility_long_get_big_endian.c **** /**************************************************************************/
  15:Middlewares/ST/usbx/common/core/src/ux_utility_long_get_big_endian.c **** /**                                                                       */ 
  16:Middlewares/ST/usbx/common/core/src/ux_utility_long_get_big_endian.c **** /** USBX Component                                                        */ 
  17:Middlewares/ST/usbx/common/core/src/ux_utility_long_get_big_endian.c **** /**                                                                       */
  18:Middlewares/ST/usbx/common/core/src/ux_utility_long_get_big_endian.c **** /**   Utility                                                             */
  19:Middlewares/ST/usbx/common/core/src/ux_utility_long_get_big_endian.c **** /**                                                                       */
  20:Middlewares/ST/usbx/common/core/src/ux_utility_long_get_big_endian.c **** /**************************************************************************/
  21:Middlewares/ST/usbx/common/core/src/ux_utility_long_get_big_endian.c **** /**************************************************************************/
  22:Middlewares/ST/usbx/common/core/src/ux_utility_long_get_big_endian.c **** 
  23:Middlewares/ST/usbx/common/core/src/ux_utility_long_get_big_endian.c **** 
  24:Middlewares/ST/usbx/common/core/src/ux_utility_long_get_big_endian.c **** /* Include necessary system files.  */
  25:Middlewares/ST/usbx/common/core/src/ux_utility_long_get_big_endian.c **** 
  26:Middlewares/ST/usbx/common/core/src/ux_utility_long_get_big_endian.c **** #define UX_SOURCE_CODE
  27:Middlewares/ST/usbx/common/core/src/ux_utility_long_get_big_endian.c **** 
  28:Middlewares/ST/usbx/common/core/src/ux_utility_long_get_big_endian.c **** #include "ux_api.h"
  29:Middlewares/ST/usbx/common/core/src/ux_utility_long_get_big_endian.c **** 
  30:Middlewares/ST/usbx/common/core/src/ux_utility_long_get_big_endian.c **** 
ARM GAS  /tmp/ccJVYR4A.s 			page 2


  31:Middlewares/ST/usbx/common/core/src/ux_utility_long_get_big_endian.c **** /**************************************************************************/ 
  32:Middlewares/ST/usbx/common/core/src/ux_utility_long_get_big_endian.c **** /*                                                                        */ 
  33:Middlewares/ST/usbx/common/core/src/ux_utility_long_get_big_endian.c **** /*  FUNCTION                                               RELEASE        */ 
  34:Middlewares/ST/usbx/common/core/src/ux_utility_long_get_big_endian.c **** /*                                                                        */ 
  35:Middlewares/ST/usbx/common/core/src/ux_utility_long_get_big_endian.c **** /*    _ux_utility_long_get_big_endian                     PORTABLE C      */ 
  36:Middlewares/ST/usbx/common/core/src/ux_utility_long_get_big_endian.c **** /*                                                           6.1          */
  37:Middlewares/ST/usbx/common/core/src/ux_utility_long_get_big_endian.c **** /*  AUTHOR                                                                */
  38:Middlewares/ST/usbx/common/core/src/ux_utility_long_get_big_endian.c **** /*                                                                        */
  39:Middlewares/ST/usbx/common/core/src/ux_utility_long_get_big_endian.c **** /*    Chaoqiong Xiao, Microsoft Corporation                               */
  40:Middlewares/ST/usbx/common/core/src/ux_utility_long_get_big_endian.c **** /*                                                                        */
  41:Middlewares/ST/usbx/common/core/src/ux_utility_long_get_big_endian.c **** /*  DESCRIPTION                                                           */
  42:Middlewares/ST/usbx/common/core/src/ux_utility_long_get_big_endian.c **** /*                                                                        */ 
  43:Middlewares/ST/usbx/common/core/src/ux_utility_long_get_big_endian.c **** /*    This function reads a 32-bit value in big endian format.            */ 
  44:Middlewares/ST/usbx/common/core/src/ux_utility_long_get_big_endian.c **** /*                                                                        */ 
  45:Middlewares/ST/usbx/common/core/src/ux_utility_long_get_big_endian.c **** /*  INPUT                                                                 */ 
  46:Middlewares/ST/usbx/common/core/src/ux_utility_long_get_big_endian.c **** /*                                                                        */ 
  47:Middlewares/ST/usbx/common/core/src/ux_utility_long_get_big_endian.c **** /*    address                               Source address                */ 
  48:Middlewares/ST/usbx/common/core/src/ux_utility_long_get_big_endian.c **** /*                                                                        */ 
  49:Middlewares/ST/usbx/common/core/src/ux_utility_long_get_big_endian.c **** /*  OUTPUT                                                                */ 
  50:Middlewares/ST/usbx/common/core/src/ux_utility_long_get_big_endian.c **** /*                                                                        */ 
  51:Middlewares/ST/usbx/common/core/src/ux_utility_long_get_big_endian.c **** /*    16-bit value                                                        */ 
  52:Middlewares/ST/usbx/common/core/src/ux_utility_long_get_big_endian.c **** /*                                                                        */ 
  53:Middlewares/ST/usbx/common/core/src/ux_utility_long_get_big_endian.c **** /*  CALLS                                                                 */ 
  54:Middlewares/ST/usbx/common/core/src/ux_utility_long_get_big_endian.c **** /*                                                                        */ 
  55:Middlewares/ST/usbx/common/core/src/ux_utility_long_get_big_endian.c **** /*    None                                                                */
  56:Middlewares/ST/usbx/common/core/src/ux_utility_long_get_big_endian.c **** /*                                                                        */ 
  57:Middlewares/ST/usbx/common/core/src/ux_utility_long_get_big_endian.c **** /*  CALLED BY                                                             */ 
  58:Middlewares/ST/usbx/common/core/src/ux_utility_long_get_big_endian.c **** /*                                                                        */ 
  59:Middlewares/ST/usbx/common/core/src/ux_utility_long_get_big_endian.c **** /*    USBX Components                                                     */ 
  60:Middlewares/ST/usbx/common/core/src/ux_utility_long_get_big_endian.c **** /*                                                                        */ 
  61:Middlewares/ST/usbx/common/core/src/ux_utility_long_get_big_endian.c **** /*  RELEASE HISTORY                                                       */ 
  62:Middlewares/ST/usbx/common/core/src/ux_utility_long_get_big_endian.c **** /*                                                                        */ 
  63:Middlewares/ST/usbx/common/core/src/ux_utility_long_get_big_endian.c **** /*    DATE              NAME                      DESCRIPTION             */ 
  64:Middlewares/ST/usbx/common/core/src/ux_utility_long_get_big_endian.c **** /*                                                                        */ 
  65:Middlewares/ST/usbx/common/core/src/ux_utility_long_get_big_endian.c **** /*  05-19-2020     Chaoqiong Xiao           Initial Version 6.0           */
  66:Middlewares/ST/usbx/common/core/src/ux_utility_long_get_big_endian.c **** /*  09-30-2020     Chaoqiong Xiao           Modified comment(s),          */
  67:Middlewares/ST/usbx/common/core/src/ux_utility_long_get_big_endian.c **** /*                                            resulting in version 6.1    */
  68:Middlewares/ST/usbx/common/core/src/ux_utility_long_get_big_endian.c **** /*                                                                        */
  69:Middlewares/ST/usbx/common/core/src/ux_utility_long_get_big_endian.c **** /**************************************************************************/
  70:Middlewares/ST/usbx/common/core/src/ux_utility_long_get_big_endian.c **** ULONG  _ux_utility_long_get_big_endian(UCHAR * address)
  71:Middlewares/ST/usbx/common/core/src/ux_utility_long_get_big_endian.c **** {
  29              		.loc 1 71 1 view -0
  30              		.cfi_startproc
  31              		@ args = 0, pretend = 0, frame = 0
  32              		@ frame_needed = 0, uses_anonymous_args = 0
  33              		@ link register save eliminated.
  72:Middlewares/ST/usbx/common/core/src/ux_utility_long_get_big_endian.c **** 
  73:Middlewares/ST/usbx/common/core/src/ux_utility_long_get_big_endian.c **** ULONG  value;
  34              		.loc 1 73 1 view .LVU1
  74:Middlewares/ST/usbx/common/core/src/ux_utility_long_get_big_endian.c **** 
  75:Middlewares/ST/usbx/common/core/src/ux_utility_long_get_big_endian.c **** 
  76:Middlewares/ST/usbx/common/core/src/ux_utility_long_get_big_endian.c ****     /* We read a byte at a time from the address.  */
  77:Middlewares/ST/usbx/common/core/src/ux_utility_long_get_big_endian.c ****     value =  (ULONG) ((*address++) << 24);
  35              		.loc 1 77 5 view .LVU2
  36              		.loc 1 77 24 is_stmt 0 view .LVU3
  37 0000 0278     		ldrb	r2, [r0]	@ zero_extendqisi2
  38              	.LVL1:
ARM GAS  /tmp/ccJVYR4A.s 			page 3


  78:Middlewares/ST/usbx/common/core/src/ux_utility_long_get_big_endian.c ****     value |=  (ULONG) ((*address++) << 16);
  39              		.loc 1 78 5 is_stmt 1 view .LVU4
  40              		.loc 1 78 25 is_stmt 0 view .LVU5
  41 0002 4378     		ldrb	r3, [r0, #1]	@ zero_extendqisi2
  42              		.loc 1 78 15 view .LVU6
  43 0004 1B04     		lsls	r3, r3, #16
  44              		.loc 1 78 11 view .LVU7
  45 0006 43EA0263 		orr	r3, r3, r2, lsl #24
  46              	.LVL2:
  79:Middlewares/ST/usbx/common/core/src/ux_utility_long_get_big_endian.c ****     value |=  (ULONG) ((*address++) << 8);
  47              		.loc 1 79 5 is_stmt 1 view .LVU8
  48              		.loc 1 79 25 is_stmt 0 view .LVU9
  49 000a 8278     		ldrb	r2, [r0, #2]	@ zero_extendqisi2
  50              		.loc 1 79 11 view .LVU10
  51 000c 43EA0223 		orr	r3, r3, r2, lsl #8
  52              	.LVL3:
  80:Middlewares/ST/usbx/common/core/src/ux_utility_long_get_big_endian.c ****     value |=  (ULONG) *address;
  53              		.loc 1 80 5 is_stmt 1 view .LVU11
  54              		.loc 1 80 23 is_stmt 0 view .LVU12
  55 0010 C078     		ldrb	r0, [r0, #3]	@ zero_extendqisi2
  56              	.LVL4:
  81:Middlewares/ST/usbx/common/core/src/ux_utility_long_get_big_endian.c **** 
  82:Middlewares/ST/usbx/common/core/src/ux_utility_long_get_big_endian.c ****     /* Return 32-bit value.  */
  83:Middlewares/ST/usbx/common/core/src/ux_utility_long_get_big_endian.c ****     return(value);
  57              		.loc 1 83 5 is_stmt 1 view .LVU13
  84:Middlewares/ST/usbx/common/core/src/ux_utility_long_get_big_endian.c **** }
  58              		.loc 1 84 1 is_stmt 0 view .LVU14
  59 0012 1843     		orrs	r0, r0, r3
  60              	.LVL5:
  61              		.loc 1 84 1 view .LVU15
  62 0014 7047     		bx	lr
  63              		.cfi_endproc
  64              	.LFE11:
  66              		.text
  67              	.Letext0:
  68              		.file 2 "Middlewares/ST/threadx/ports/cortex_m7/gnu/inc/tx_port.h"
ARM GAS  /tmp/ccJVYR4A.s 			page 4


DEFINED SYMBOLS
                            *ABS*:00000000 ux_utility_long_get_big_endian.c
     /tmp/ccJVYR4A.s:20     .text._ux_utility_long_get_big_endian:00000000 $t
     /tmp/ccJVYR4A.s:26     .text._ux_utility_long_get_big_endian:00000000 _ux_utility_long_get_big_endian

NO UNDEFINED SYMBOLS
