ARM GAS  /tmp/ccDLovpS.s 			page 1


   1              		.cpu cortex-m7
   2              		.arch armv7e-m
   3              		.fpu fpv5-d16
   4              		.eabi_attribute 28, 1
   5              		.eabi_attribute 20, 1
   6              		.eabi_attribute 21, 1
   7              		.eabi_attribute 23, 3
   8              		.eabi_attribute 24, 1
   9              		.eabi_attribute 25, 1
  10              		.eabi_attribute 26, 1
  11              		.eabi_attribute 30, 1
  12              		.eabi_attribute 34, 1
  13              		.eabi_attribute 18, 4
  14              		.file	"ux_utility_short_put.c"
  15              		.text
  16              	.Ltext0:
  17              		.cfi_sections	.debug_frame
  18              		.file 1 "Middlewares/ST/usbx/common/core/src/ux_utility_short_put.c"
  19              		.section	.text._ux_utility_short_put,"ax",%progbits
  20              		.align	1
  21              		.global	_ux_utility_short_put
  22              		.syntax unified
  23              		.thumb
  24              		.thumb_func
  26              	_ux_utility_short_put:
  27              	.LVL0:
  28              	.LFB11:
   1:Middlewares/ST/usbx/common/core/src/ux_utility_short_put.c **** /**************************************************************************/
   2:Middlewares/ST/usbx/common/core/src/ux_utility_short_put.c **** /*                                                                        */
   3:Middlewares/ST/usbx/common/core/src/ux_utility_short_put.c **** /*       Copyright (c) Microsoft Corporation. All rights reserved.        */
   4:Middlewares/ST/usbx/common/core/src/ux_utility_short_put.c **** /*                                                                        */
   5:Middlewares/ST/usbx/common/core/src/ux_utility_short_put.c **** /*       This software is licensed under the Microsoft Software License   */
   6:Middlewares/ST/usbx/common/core/src/ux_utility_short_put.c **** /*       Terms for Microsoft Azure RTOS. Full text of the license can be  */
   7:Middlewares/ST/usbx/common/core/src/ux_utility_short_put.c **** /*       found in the LICENSE file at https://aka.ms/AzureRTOS_EULA       */
   8:Middlewares/ST/usbx/common/core/src/ux_utility_short_put.c **** /*       and in the root directory of this software.                      */
   9:Middlewares/ST/usbx/common/core/src/ux_utility_short_put.c **** /*                                                                        */
  10:Middlewares/ST/usbx/common/core/src/ux_utility_short_put.c **** /**************************************************************************/
  11:Middlewares/ST/usbx/common/core/src/ux_utility_short_put.c **** 
  12:Middlewares/ST/usbx/common/core/src/ux_utility_short_put.c **** 
  13:Middlewares/ST/usbx/common/core/src/ux_utility_short_put.c **** /**************************************************************************/
  14:Middlewares/ST/usbx/common/core/src/ux_utility_short_put.c **** /**************************************************************************/
  15:Middlewares/ST/usbx/common/core/src/ux_utility_short_put.c **** /**                                                                       */ 
  16:Middlewares/ST/usbx/common/core/src/ux_utility_short_put.c **** /** USBX Component                                                        */ 
  17:Middlewares/ST/usbx/common/core/src/ux_utility_short_put.c **** /**                                                                       */
  18:Middlewares/ST/usbx/common/core/src/ux_utility_short_put.c **** /**   Utility                                                             */
  19:Middlewares/ST/usbx/common/core/src/ux_utility_short_put.c **** /**                                                                       */
  20:Middlewares/ST/usbx/common/core/src/ux_utility_short_put.c **** /**************************************************************************/
  21:Middlewares/ST/usbx/common/core/src/ux_utility_short_put.c **** /**************************************************************************/
  22:Middlewares/ST/usbx/common/core/src/ux_utility_short_put.c **** 
  23:Middlewares/ST/usbx/common/core/src/ux_utility_short_put.c **** 
  24:Middlewares/ST/usbx/common/core/src/ux_utility_short_put.c **** /* Include necessary system files.  */
  25:Middlewares/ST/usbx/common/core/src/ux_utility_short_put.c **** 
  26:Middlewares/ST/usbx/common/core/src/ux_utility_short_put.c **** #define UX_SOURCE_CODE
  27:Middlewares/ST/usbx/common/core/src/ux_utility_short_put.c **** 
  28:Middlewares/ST/usbx/common/core/src/ux_utility_short_put.c **** #include "ux_api.h"
  29:Middlewares/ST/usbx/common/core/src/ux_utility_short_put.c **** 
  30:Middlewares/ST/usbx/common/core/src/ux_utility_short_put.c **** 
ARM GAS  /tmp/ccDLovpS.s 			page 2


  31:Middlewares/ST/usbx/common/core/src/ux_utility_short_put.c **** /**************************************************************************/ 
  32:Middlewares/ST/usbx/common/core/src/ux_utility_short_put.c **** /*                                                                        */ 
  33:Middlewares/ST/usbx/common/core/src/ux_utility_short_put.c **** /*  FUNCTION                                               RELEASE        */ 
  34:Middlewares/ST/usbx/common/core/src/ux_utility_short_put.c **** /*                                                                        */ 
  35:Middlewares/ST/usbx/common/core/src/ux_utility_short_put.c **** /*    _ux_utility_short_put                               PORTABLE C      */ 
  36:Middlewares/ST/usbx/common/core/src/ux_utility_short_put.c **** /*                                                           6.1          */
  37:Middlewares/ST/usbx/common/core/src/ux_utility_short_put.c **** /*  AUTHOR                                                                */
  38:Middlewares/ST/usbx/common/core/src/ux_utility_short_put.c **** /*                                                                        */
  39:Middlewares/ST/usbx/common/core/src/ux_utility_short_put.c **** /*    Chaoqiong Xiao, Microsoft Corporation                               */
  40:Middlewares/ST/usbx/common/core/src/ux_utility_short_put.c **** /*                                                                        */
  41:Middlewares/ST/usbx/common/core/src/ux_utility_short_put.c **** /*  DESCRIPTION                                                           */
  42:Middlewares/ST/usbx/common/core/src/ux_utility_short_put.c **** /*                                                                        */ 
  43:Middlewares/ST/usbx/common/core/src/ux_utility_short_put.c **** /*    This function writes a 16-bit value.                                */ 
  44:Middlewares/ST/usbx/common/core/src/ux_utility_short_put.c **** /*                                                                        */ 
  45:Middlewares/ST/usbx/common/core/src/ux_utility_short_put.c **** /*  INPUT                                                                 */ 
  46:Middlewares/ST/usbx/common/core/src/ux_utility_short_put.c **** /*                                                                        */ 
  47:Middlewares/ST/usbx/common/core/src/ux_utility_short_put.c **** /*    address                               Destination address           */ 
  48:Middlewares/ST/usbx/common/core/src/ux_utility_short_put.c **** /*    value                                 16-bit value                  */ 
  49:Middlewares/ST/usbx/common/core/src/ux_utility_short_put.c **** /*                                                                        */ 
  50:Middlewares/ST/usbx/common/core/src/ux_utility_short_put.c **** /*  OUTPUT                                                                */ 
  51:Middlewares/ST/usbx/common/core/src/ux_utility_short_put.c **** /*                                                                        */ 
  52:Middlewares/ST/usbx/common/core/src/ux_utility_short_put.c **** /*    None                                                                */ 
  53:Middlewares/ST/usbx/common/core/src/ux_utility_short_put.c **** /*                                                                        */ 
  54:Middlewares/ST/usbx/common/core/src/ux_utility_short_put.c **** /*  CALLS                                                                 */ 
  55:Middlewares/ST/usbx/common/core/src/ux_utility_short_put.c **** /*                                                                        */ 
  56:Middlewares/ST/usbx/common/core/src/ux_utility_short_put.c **** /*    None                                                                */
  57:Middlewares/ST/usbx/common/core/src/ux_utility_short_put.c **** /*                                                                        */ 
  58:Middlewares/ST/usbx/common/core/src/ux_utility_short_put.c **** /*  CALLED BY                                                             */ 
  59:Middlewares/ST/usbx/common/core/src/ux_utility_short_put.c **** /*                                                                        */ 
  60:Middlewares/ST/usbx/common/core/src/ux_utility_short_put.c **** /*    USBX Components                                                     */ 
  61:Middlewares/ST/usbx/common/core/src/ux_utility_short_put.c **** /*                                                                        */ 
  62:Middlewares/ST/usbx/common/core/src/ux_utility_short_put.c **** /*  RELEASE HISTORY                                                       */ 
  63:Middlewares/ST/usbx/common/core/src/ux_utility_short_put.c **** /*                                                                        */ 
  64:Middlewares/ST/usbx/common/core/src/ux_utility_short_put.c **** /*    DATE              NAME                      DESCRIPTION             */ 
  65:Middlewares/ST/usbx/common/core/src/ux_utility_short_put.c **** /*                                                                        */ 
  66:Middlewares/ST/usbx/common/core/src/ux_utility_short_put.c **** /*  05-19-2020     Chaoqiong Xiao           Initial Version 6.0           */
  67:Middlewares/ST/usbx/common/core/src/ux_utility_short_put.c **** /*  09-30-2020     Chaoqiong Xiao           Modified comment(s),          */
  68:Middlewares/ST/usbx/common/core/src/ux_utility_short_put.c **** /*                                            resulting in version 6.1    */
  69:Middlewares/ST/usbx/common/core/src/ux_utility_short_put.c **** /*                                                                        */
  70:Middlewares/ST/usbx/common/core/src/ux_utility_short_put.c **** /**************************************************************************/
  71:Middlewares/ST/usbx/common/core/src/ux_utility_short_put.c **** VOID  _ux_utility_short_put(UCHAR * address, USHORT value)
  72:Middlewares/ST/usbx/common/core/src/ux_utility_short_put.c **** {
  29              		.loc 1 72 1 view -0
  30              		.cfi_startproc
  31              		@ args = 0, pretend = 0, frame = 0
  32              		@ frame_needed = 0, uses_anonymous_args = 0
  33              		@ link register save eliminated.
  73:Middlewares/ST/usbx/common/core/src/ux_utility_short_put.c **** 
  74:Middlewares/ST/usbx/common/core/src/ux_utility_short_put.c ****     /* In order to make this function endian agnostic and memory alignment
  75:Middlewares/ST/usbx/common/core/src/ux_utility_short_put.c ****        independent, we write a byte at a time from the address */
  76:Middlewares/ST/usbx/common/core/src/ux_utility_short_put.c ****     *address++ =  (UCHAR) (value & 0xff);
  34              		.loc 1 76 5 view .LVU1
  35              		.loc 1 76 16 is_stmt 0 view .LVU2
  36 0000 0170     		strb	r1, [r0]
  77:Middlewares/ST/usbx/common/core/src/ux_utility_short_put.c ****     *address = (UCHAR) ((value >> 8) & 0xff);
  37              		.loc 1 77 5 is_stmt 1 view .LVU3
  38              		.loc 1 77 16 is_stmt 0 view .LVU4
ARM GAS  /tmp/ccDLovpS.s 			page 3


  39 0002 090A     		lsrs	r1, r1, #8
  40              	.LVL1:
  41              		.loc 1 77 14 view .LVU5
  42 0004 4170     		strb	r1, [r0, #1]
  78:Middlewares/ST/usbx/common/core/src/ux_utility_short_put.c **** 
  79:Middlewares/ST/usbx/common/core/src/ux_utility_short_put.c ****     /* Return to caller.  */
  80:Middlewares/ST/usbx/common/core/src/ux_utility_short_put.c ****     return;
  43              		.loc 1 80 5 is_stmt 1 view .LVU6
  81:Middlewares/ST/usbx/common/core/src/ux_utility_short_put.c **** }
  44              		.loc 1 81 1 is_stmt 0 view .LVU7
  45 0006 7047     		bx	lr
  46              		.cfi_endproc
  47              	.LFE11:
  49              		.text
  50              	.Letext0:
  51              		.file 2 "Middlewares/ST/threadx/ports/cortex_m7/gnu/inc/tx_port.h"
ARM GAS  /tmp/ccDLovpS.s 			page 4


DEFINED SYMBOLS
                            *ABS*:00000000 ux_utility_short_put.c
     /tmp/ccDLovpS.s:20     .text._ux_utility_short_put:00000000 $t
     /tmp/ccDLovpS.s:26     .text._ux_utility_short_put:00000000 _ux_utility_short_put

NO UNDEFINED SYMBOLS
