ARM GAS  /tmp/ccI0SaMc.s 			page 1


   1              		.cpu cortex-m7
   2              		.arch armv7e-m
   3              		.fpu fpv5-d16
   4              		.eabi_attribute 28, 1
   5              		.eabi_attribute 20, 1
   6              		.eabi_attribute 21, 1
   7              		.eabi_attribute 23, 3
   8              		.eabi_attribute 24, 1
   9              		.eabi_attribute 25, 1
  10              		.eabi_attribute 26, 1
  11              		.eabi_attribute 30, 1
  12              		.eabi_attribute 34, 1
  13              		.eabi_attribute 18, 4
  14              		.file	"ux_utility_short_put_big_endian.c"
  15              		.text
  16              	.Ltext0:
  17              		.cfi_sections	.debug_frame
  18              		.file 1 "Middlewares/ST/usbx/common/core/src/ux_utility_short_put_big_endian.c"
  19              		.section	.text._ux_utility_short_put_big_endian,"ax",%progbits
  20              		.align	1
  21              		.global	_ux_utility_short_put_big_endian
  22              		.syntax unified
  23              		.thumb
  24              		.thumb_func
  26              	_ux_utility_short_put_big_endian:
  27              	.LVL0:
  28              	.LFB11:
   1:Middlewares/ST/usbx/common/core/src/ux_utility_short_put_big_endian.c **** /**************************************************************************/
   2:Middlewares/ST/usbx/common/core/src/ux_utility_short_put_big_endian.c **** /*                                                                        */
   3:Middlewares/ST/usbx/common/core/src/ux_utility_short_put_big_endian.c **** /*       Copyright (c) Microsoft Corporation. All rights reserved.        */
   4:Middlewares/ST/usbx/common/core/src/ux_utility_short_put_big_endian.c **** /*                                                                        */
   5:Middlewares/ST/usbx/common/core/src/ux_utility_short_put_big_endian.c **** /*       This software is licensed under the Microsoft Software License   */
   6:Middlewares/ST/usbx/common/core/src/ux_utility_short_put_big_endian.c **** /*       Terms for Microsoft Azure RTOS. Full text of the license can be  */
   7:Middlewares/ST/usbx/common/core/src/ux_utility_short_put_big_endian.c **** /*       found in the LICENSE file at https://aka.ms/AzureRTOS_EULA       */
   8:Middlewares/ST/usbx/common/core/src/ux_utility_short_put_big_endian.c **** /*       and in the root directory of this software.                      */
   9:Middlewares/ST/usbx/common/core/src/ux_utility_short_put_big_endian.c **** /*                                                                        */
  10:Middlewares/ST/usbx/common/core/src/ux_utility_short_put_big_endian.c **** /**************************************************************************/
  11:Middlewares/ST/usbx/common/core/src/ux_utility_short_put_big_endian.c **** 
  12:Middlewares/ST/usbx/common/core/src/ux_utility_short_put_big_endian.c **** 
  13:Middlewares/ST/usbx/common/core/src/ux_utility_short_put_big_endian.c **** /**************************************************************************/
  14:Middlewares/ST/usbx/common/core/src/ux_utility_short_put_big_endian.c **** /**************************************************************************/
  15:Middlewares/ST/usbx/common/core/src/ux_utility_short_put_big_endian.c **** /**                                                                       */ 
  16:Middlewares/ST/usbx/common/core/src/ux_utility_short_put_big_endian.c **** /** USBX Component                                                        */ 
  17:Middlewares/ST/usbx/common/core/src/ux_utility_short_put_big_endian.c **** /**                                                                       */
  18:Middlewares/ST/usbx/common/core/src/ux_utility_short_put_big_endian.c **** /**   Utility                                                             */
  19:Middlewares/ST/usbx/common/core/src/ux_utility_short_put_big_endian.c **** /**                                                                       */
  20:Middlewares/ST/usbx/common/core/src/ux_utility_short_put_big_endian.c **** /**************************************************************************/
  21:Middlewares/ST/usbx/common/core/src/ux_utility_short_put_big_endian.c **** /**************************************************************************/
  22:Middlewares/ST/usbx/common/core/src/ux_utility_short_put_big_endian.c **** 
  23:Middlewares/ST/usbx/common/core/src/ux_utility_short_put_big_endian.c **** 
  24:Middlewares/ST/usbx/common/core/src/ux_utility_short_put_big_endian.c **** /* Include necessary system files.  */
  25:Middlewares/ST/usbx/common/core/src/ux_utility_short_put_big_endian.c **** 
  26:Middlewares/ST/usbx/common/core/src/ux_utility_short_put_big_endian.c **** #define UX_SOURCE_CODE
  27:Middlewares/ST/usbx/common/core/src/ux_utility_short_put_big_endian.c **** 
  28:Middlewares/ST/usbx/common/core/src/ux_utility_short_put_big_endian.c **** #include "ux_api.h"
  29:Middlewares/ST/usbx/common/core/src/ux_utility_short_put_big_endian.c **** 
  30:Middlewares/ST/usbx/common/core/src/ux_utility_short_put_big_endian.c **** 
ARM GAS  /tmp/ccI0SaMc.s 			page 2


  31:Middlewares/ST/usbx/common/core/src/ux_utility_short_put_big_endian.c **** /**************************************************************************/ 
  32:Middlewares/ST/usbx/common/core/src/ux_utility_short_put_big_endian.c **** /*                                                                        */ 
  33:Middlewares/ST/usbx/common/core/src/ux_utility_short_put_big_endian.c **** /*  FUNCTION                                               RELEASE        */ 
  34:Middlewares/ST/usbx/common/core/src/ux_utility_short_put_big_endian.c **** /*                                                                        */ 
  35:Middlewares/ST/usbx/common/core/src/ux_utility_short_put_big_endian.c **** /*    _ux_utility_short_put_big_endian                    PORTABLE C      */ 
  36:Middlewares/ST/usbx/common/core/src/ux_utility_short_put_big_endian.c **** /*                                                           6.1          */
  37:Middlewares/ST/usbx/common/core/src/ux_utility_short_put_big_endian.c **** /*  AUTHOR                                                                */
  38:Middlewares/ST/usbx/common/core/src/ux_utility_short_put_big_endian.c **** /*                                                                        */
  39:Middlewares/ST/usbx/common/core/src/ux_utility_short_put_big_endian.c **** /*    Chaoqiong Xiao, Microsoft Corporation                               */
  40:Middlewares/ST/usbx/common/core/src/ux_utility_short_put_big_endian.c **** /*                                                                        */
  41:Middlewares/ST/usbx/common/core/src/ux_utility_short_put_big_endian.c **** /*  DESCRIPTION                                                           */
  42:Middlewares/ST/usbx/common/core/src/ux_utility_short_put_big_endian.c **** /*                                                                        */ 
  43:Middlewares/ST/usbx/common/core/src/ux_utility_short_put_big_endian.c **** /*    This function writes a 16-bit value in big endian format.           */ 
  44:Middlewares/ST/usbx/common/core/src/ux_utility_short_put_big_endian.c **** /*                                                                        */ 
  45:Middlewares/ST/usbx/common/core/src/ux_utility_short_put_big_endian.c **** /*  INPUT                                                                 */ 
  46:Middlewares/ST/usbx/common/core/src/ux_utility_short_put_big_endian.c **** /*                                                                        */ 
  47:Middlewares/ST/usbx/common/core/src/ux_utility_short_put_big_endian.c **** /*    address                               Destination address           */ 
  48:Middlewares/ST/usbx/common/core/src/ux_utility_short_put_big_endian.c **** /*    value                                 16-bit value                  */ 
  49:Middlewares/ST/usbx/common/core/src/ux_utility_short_put_big_endian.c **** /*                                                                        */ 
  50:Middlewares/ST/usbx/common/core/src/ux_utility_short_put_big_endian.c **** /*  OUTPUT                                                                */ 
  51:Middlewares/ST/usbx/common/core/src/ux_utility_short_put_big_endian.c **** /*                                                                        */ 
  52:Middlewares/ST/usbx/common/core/src/ux_utility_short_put_big_endian.c **** /*    None                                                                */ 
  53:Middlewares/ST/usbx/common/core/src/ux_utility_short_put_big_endian.c **** /*                                                                        */ 
  54:Middlewares/ST/usbx/common/core/src/ux_utility_short_put_big_endian.c **** /*  CALLS                                                                 */ 
  55:Middlewares/ST/usbx/common/core/src/ux_utility_short_put_big_endian.c **** /*                                                                        */ 
  56:Middlewares/ST/usbx/common/core/src/ux_utility_short_put_big_endian.c **** /*    None                                                                */
  57:Middlewares/ST/usbx/common/core/src/ux_utility_short_put_big_endian.c **** /*                                                                        */ 
  58:Middlewares/ST/usbx/common/core/src/ux_utility_short_put_big_endian.c **** /*  CALLED BY                                                             */ 
  59:Middlewares/ST/usbx/common/core/src/ux_utility_short_put_big_endian.c **** /*                                                                        */ 
  60:Middlewares/ST/usbx/common/core/src/ux_utility_short_put_big_endian.c **** /*    USBX Components                                                     */ 
  61:Middlewares/ST/usbx/common/core/src/ux_utility_short_put_big_endian.c **** /*                                                                        */ 
  62:Middlewares/ST/usbx/common/core/src/ux_utility_short_put_big_endian.c **** /*  RELEASE HISTORY                                                       */ 
  63:Middlewares/ST/usbx/common/core/src/ux_utility_short_put_big_endian.c **** /*                                                                        */ 
  64:Middlewares/ST/usbx/common/core/src/ux_utility_short_put_big_endian.c **** /*    DATE              NAME                      DESCRIPTION             */ 
  65:Middlewares/ST/usbx/common/core/src/ux_utility_short_put_big_endian.c **** /*                                                                        */ 
  66:Middlewares/ST/usbx/common/core/src/ux_utility_short_put_big_endian.c **** /*  05-19-2020     Chaoqiong Xiao           Initial Version 6.0           */
  67:Middlewares/ST/usbx/common/core/src/ux_utility_short_put_big_endian.c **** /*  09-30-2020     Chaoqiong Xiao           Modified comment(s),          */
  68:Middlewares/ST/usbx/common/core/src/ux_utility_short_put_big_endian.c **** /*                                            resulting in version 6.1    */
  69:Middlewares/ST/usbx/common/core/src/ux_utility_short_put_big_endian.c **** /*                                                                        */
  70:Middlewares/ST/usbx/common/core/src/ux_utility_short_put_big_endian.c **** /**************************************************************************/
  71:Middlewares/ST/usbx/common/core/src/ux_utility_short_put_big_endian.c **** VOID  _ux_utility_short_put_big_endian(UCHAR * address, USHORT value)
  72:Middlewares/ST/usbx/common/core/src/ux_utility_short_put_big_endian.c **** {
  29              		.loc 1 72 1 view -0
  30              		.cfi_startproc
  31              		@ args = 0, pretend = 0, frame = 0
  32              		@ frame_needed = 0, uses_anonymous_args = 0
  33              		@ link register save eliminated.
  73:Middlewares/ST/usbx/common/core/src/ux_utility_short_put_big_endian.c **** 
  74:Middlewares/ST/usbx/common/core/src/ux_utility_short_put_big_endian.c **** USHORT  low_byte_value;
  34              		.loc 1 74 1 view .LVU1
  75:Middlewares/ST/usbx/common/core/src/ux_utility_short_put_big_endian.c **** USHORT  high_byte_value;
  35              		.loc 1 75 1 view .LVU2
  76:Middlewares/ST/usbx/common/core/src/ux_utility_short_put_big_endian.c **** 
  77:Middlewares/ST/usbx/common/core/src/ux_utility_short_put_big_endian.c ****     
  78:Middlewares/ST/usbx/common/core/src/ux_utility_short_put_big_endian.c ****     /* First we swap the value bytes. */
  79:Middlewares/ST/usbx/common/core/src/ux_utility_short_put_big_endian.c ****     low_byte_value =  value >> 8;
  36              		.loc 1 79 5 view .LVU3
ARM GAS  /tmp/ccI0SaMc.s 			page 3


  80:Middlewares/ST/usbx/common/core/src/ux_utility_short_put_big_endian.c ****     high_byte_value =  (USHORT)(value<< 8);
  37              		.loc 1 80 5 view .LVU4
  81:Middlewares/ST/usbx/common/core/src/ux_utility_short_put_big_endian.c ****     value =  high_byte_value | low_byte_value;
  38              		.loc 1 81 5 view .LVU5
  39              		.loc 1 81 11 is_stmt 0 view .LVU6
  40 0000 49BA     		rev16	r1, r1
  41              	.LVL1:
  82:Middlewares/ST/usbx/common/core/src/ux_utility_short_put_big_endian.c **** 
  83:Middlewares/ST/usbx/common/core/src/ux_utility_short_put_big_endian.c ****     /* In order to make this function endian agnostic and memory alignment
  84:Middlewares/ST/usbx/common/core/src/ux_utility_short_put_big_endian.c ****        independent, we write a byte at a time from the address.  */
  85:Middlewares/ST/usbx/common/core/src/ux_utility_short_put_big_endian.c ****     *address++ =  (UCHAR) (value & 0xff);
  42              		.loc 1 85 5 is_stmt 1 view .LVU7
  43              		.loc 1 85 16 is_stmt 0 view .LVU8
  44 0002 0170     		strb	r1, [r0]
  86:Middlewares/ST/usbx/common/core/src/ux_utility_short_put_big_endian.c ****     *address=     (UCHAR) ((value >> 8) & 0xff);
  45              		.loc 1 86 5 is_stmt 1 view .LVU9
  46              		.loc 1 86 19 is_stmt 0 view .LVU10
  47 0004 C1F30721 		ubfx	r1, r1, #8, #8
  48              	.LVL2:
  49              		.loc 1 86 13 view .LVU11
  50 0008 4170     		strb	r1, [r0, #1]
  87:Middlewares/ST/usbx/common/core/src/ux_utility_short_put_big_endian.c **** 
  88:Middlewares/ST/usbx/common/core/src/ux_utility_short_put_big_endian.c ****     /* Return to caller. */
  89:Middlewares/ST/usbx/common/core/src/ux_utility_short_put_big_endian.c ****     return;
  51              		.loc 1 89 5 is_stmt 1 view .LVU12
  90:Middlewares/ST/usbx/common/core/src/ux_utility_short_put_big_endian.c **** }
  52              		.loc 1 90 1 is_stmt 0 view .LVU13
  53 000a 7047     		bx	lr
  54              		.cfi_endproc
  55              	.LFE11:
  57              		.text
  58              	.Letext0:
  59              		.file 2 "Middlewares/ST/threadx/ports/cortex_m7/gnu/inc/tx_port.h"
ARM GAS  /tmp/ccI0SaMc.s 			page 4


DEFINED SYMBOLS
                            *ABS*:00000000 ux_utility_short_put_big_endian.c
     /tmp/ccI0SaMc.s:20     .text._ux_utility_short_put_big_endian:00000000 $t
     /tmp/ccI0SaMc.s:26     .text._ux_utility_short_put_big_endian:00000000 _ux_utility_short_put_big_endian

NO UNDEFINED SYMBOLS
