ARM GAS  /tmp/ccYk9bvx.s 			page 1


   1              		.cpu cortex-m7
   2              		.arch armv7e-m
   3              		.fpu fpv5-d16
   4              		.eabi_attribute 28, 1
   5              		.eabi_attribute 20, 1
   6              		.eabi_attribute 21, 1
   7              		.eabi_attribute 23, 3
   8              		.eabi_attribute 24, 1
   9              		.eabi_attribute 25, 1
  10              		.eabi_attribute 26, 1
  11              		.eabi_attribute 30, 1
  12              		.eabi_attribute 34, 1
  13              		.eabi_attribute 18, 4
  14              		.file	"ux_utility_event_flags_create.c"
  15              		.text
  16              	.Ltext0:
  17              		.cfi_sections	.debug_frame
  18              		.file 1 "Middlewares/ST/usbx/common/core/src/ux_utility_event_flags_create.c"
  19              		.section	.text._ux_utility_event_flags_create,"ax",%progbits
  20              		.align	1
  21              		.global	_ux_utility_event_flags_create
  22              		.syntax unified
  23              		.thumb
  24              		.thumb_func
  26              	_ux_utility_event_flags_create:
  27              	.LVL0:
  28              	.LFB11:
   1:Middlewares/ST/usbx/common/core/src/ux_utility_event_flags_create.c **** /**************************************************************************/
   2:Middlewares/ST/usbx/common/core/src/ux_utility_event_flags_create.c **** /*                                                                        */
   3:Middlewares/ST/usbx/common/core/src/ux_utility_event_flags_create.c **** /*       Copyright (c) Microsoft Corporation. All rights reserved.        */
   4:Middlewares/ST/usbx/common/core/src/ux_utility_event_flags_create.c **** /*                                                                        */
   5:Middlewares/ST/usbx/common/core/src/ux_utility_event_flags_create.c **** /*       This software is licensed under the Microsoft Software License   */
   6:Middlewares/ST/usbx/common/core/src/ux_utility_event_flags_create.c **** /*       Terms for Microsoft Azure RTOS. Full text of the license can be  */
   7:Middlewares/ST/usbx/common/core/src/ux_utility_event_flags_create.c **** /*       found in the LICENSE file at https://aka.ms/AzureRTOS_EULA       */
   8:Middlewares/ST/usbx/common/core/src/ux_utility_event_flags_create.c **** /*       and in the root directory of this software.                      */
   9:Middlewares/ST/usbx/common/core/src/ux_utility_event_flags_create.c **** /*                                                                        */
  10:Middlewares/ST/usbx/common/core/src/ux_utility_event_flags_create.c **** /**************************************************************************/
  11:Middlewares/ST/usbx/common/core/src/ux_utility_event_flags_create.c **** 
  12:Middlewares/ST/usbx/common/core/src/ux_utility_event_flags_create.c **** 
  13:Middlewares/ST/usbx/common/core/src/ux_utility_event_flags_create.c **** /**************************************************************************/
  14:Middlewares/ST/usbx/common/core/src/ux_utility_event_flags_create.c **** /**************************************************************************/
  15:Middlewares/ST/usbx/common/core/src/ux_utility_event_flags_create.c **** /**                                                                       */ 
  16:Middlewares/ST/usbx/common/core/src/ux_utility_event_flags_create.c **** /** USBX Component                                                        */ 
  17:Middlewares/ST/usbx/common/core/src/ux_utility_event_flags_create.c **** /**                                                                       */
  18:Middlewares/ST/usbx/common/core/src/ux_utility_event_flags_create.c **** /**   Utility                                                             */
  19:Middlewares/ST/usbx/common/core/src/ux_utility_event_flags_create.c **** /**                                                                       */
  20:Middlewares/ST/usbx/common/core/src/ux_utility_event_flags_create.c **** /**************************************************************************/
  21:Middlewares/ST/usbx/common/core/src/ux_utility_event_flags_create.c **** /**************************************************************************/
  22:Middlewares/ST/usbx/common/core/src/ux_utility_event_flags_create.c **** 
  23:Middlewares/ST/usbx/common/core/src/ux_utility_event_flags_create.c **** 
  24:Middlewares/ST/usbx/common/core/src/ux_utility_event_flags_create.c **** /* Include necessary system files.  */
  25:Middlewares/ST/usbx/common/core/src/ux_utility_event_flags_create.c **** 
  26:Middlewares/ST/usbx/common/core/src/ux_utility_event_flags_create.c **** #define UX_SOURCE_CODE
  27:Middlewares/ST/usbx/common/core/src/ux_utility_event_flags_create.c **** 
  28:Middlewares/ST/usbx/common/core/src/ux_utility_event_flags_create.c **** #include "ux_api.h"
  29:Middlewares/ST/usbx/common/core/src/ux_utility_event_flags_create.c **** 
  30:Middlewares/ST/usbx/common/core/src/ux_utility_event_flags_create.c **** 
ARM GAS  /tmp/ccYk9bvx.s 			page 2


  31:Middlewares/ST/usbx/common/core/src/ux_utility_event_flags_create.c **** /**************************************************************************/ 
  32:Middlewares/ST/usbx/common/core/src/ux_utility_event_flags_create.c **** /*                                                                        */ 
  33:Middlewares/ST/usbx/common/core/src/ux_utility_event_flags_create.c **** /*  FUNCTION                                               RELEASE        */ 
  34:Middlewares/ST/usbx/common/core/src/ux_utility_event_flags_create.c **** /*                                                                        */ 
  35:Middlewares/ST/usbx/common/core/src/ux_utility_event_flags_create.c **** /*    _ux_utility_event_flags_create                      PORTABLE C      */ 
  36:Middlewares/ST/usbx/common/core/src/ux_utility_event_flags_create.c **** /*                                                           6.1          */
  37:Middlewares/ST/usbx/common/core/src/ux_utility_event_flags_create.c **** /*  AUTHOR                                                                */
  38:Middlewares/ST/usbx/common/core/src/ux_utility_event_flags_create.c **** /*                                                                        */
  39:Middlewares/ST/usbx/common/core/src/ux_utility_event_flags_create.c **** /*    Chaoqiong Xiao, Microsoft Corporation                               */
  40:Middlewares/ST/usbx/common/core/src/ux_utility_event_flags_create.c **** /*                                                                        */
  41:Middlewares/ST/usbx/common/core/src/ux_utility_event_flags_create.c **** /*  DESCRIPTION                                                           */
  42:Middlewares/ST/usbx/common/core/src/ux_utility_event_flags_create.c **** /*                                                                        */ 
  43:Middlewares/ST/usbx/common/core/src/ux_utility_event_flags_create.c **** /*    This function creates a threadx group of flags                      */ 
  44:Middlewares/ST/usbx/common/core/src/ux_utility_event_flags_create.c **** /*                                                                        */ 
  45:Middlewares/ST/usbx/common/core/src/ux_utility_event_flags_create.c **** /*  INPUT                                                                 */ 
  46:Middlewares/ST/usbx/common/core/src/ux_utility_event_flags_create.c **** /*                                                                        */ 
  47:Middlewares/ST/usbx/common/core/src/ux_utility_event_flags_create.c **** /*    group_ptr                             Event flag control group      */ 
  48:Middlewares/ST/usbx/common/core/src/ux_utility_event_flags_create.c **** /*    name                                  Pointer to thread name string */ 
  49:Middlewares/ST/usbx/common/core/src/ux_utility_event_flags_create.c **** /*                                                                        */ 
  50:Middlewares/ST/usbx/common/core/src/ux_utility_event_flags_create.c **** /*  OUTPUT                                                                */ 
  51:Middlewares/ST/usbx/common/core/src/ux_utility_event_flags_create.c **** /*                                                                        */ 
  52:Middlewares/ST/usbx/common/core/src/ux_utility_event_flags_create.c **** /*    Completion Status                                                   */ 
  53:Middlewares/ST/usbx/common/core/src/ux_utility_event_flags_create.c **** /*                                                                        */ 
  54:Middlewares/ST/usbx/common/core/src/ux_utility_event_flags_create.c **** /*  CALLS                                                                 */ 
  55:Middlewares/ST/usbx/common/core/src/ux_utility_event_flags_create.c **** /*                                                                        */ 
  56:Middlewares/ST/usbx/common/core/src/ux_utility_event_flags_create.c **** /*    tx_event_flags_create                 ThreadX create event flag     */ 
  57:Middlewares/ST/usbx/common/core/src/ux_utility_event_flags_create.c **** /*                                                                        */ 
  58:Middlewares/ST/usbx/common/core/src/ux_utility_event_flags_create.c **** /*  CALLED BY                                                             */ 
  59:Middlewares/ST/usbx/common/core/src/ux_utility_event_flags_create.c **** /*                                                                        */ 
  60:Middlewares/ST/usbx/common/core/src/ux_utility_event_flags_create.c **** /*    USBX Components                                                     */ 
  61:Middlewares/ST/usbx/common/core/src/ux_utility_event_flags_create.c **** /*                                                                        */ 
  62:Middlewares/ST/usbx/common/core/src/ux_utility_event_flags_create.c **** /*  RELEASE HISTORY                                                       */ 
  63:Middlewares/ST/usbx/common/core/src/ux_utility_event_flags_create.c **** /*                                                                        */ 
  64:Middlewares/ST/usbx/common/core/src/ux_utility_event_flags_create.c **** /*    DATE              NAME                      DESCRIPTION             */ 
  65:Middlewares/ST/usbx/common/core/src/ux_utility_event_flags_create.c **** /*                                                                        */ 
  66:Middlewares/ST/usbx/common/core/src/ux_utility_event_flags_create.c **** /*  05-19-2020     Chaoqiong Xiao           Initial Version 6.0           */
  67:Middlewares/ST/usbx/common/core/src/ux_utility_event_flags_create.c **** /*  09-30-2020     Chaoqiong Xiao           Modified comment(s),          */
  68:Middlewares/ST/usbx/common/core/src/ux_utility_event_flags_create.c **** /*                                            used UX prefix to refer to  */
  69:Middlewares/ST/usbx/common/core/src/ux_utility_event_flags_create.c **** /*                                            TX symbols instead of using */
  70:Middlewares/ST/usbx/common/core/src/ux_utility_event_flags_create.c **** /*                                            them directly,              */
  71:Middlewares/ST/usbx/common/core/src/ux_utility_event_flags_create.c **** /*                                            resulting in version 6.1    */
  72:Middlewares/ST/usbx/common/core/src/ux_utility_event_flags_create.c **** /*                                                                        */
  73:Middlewares/ST/usbx/common/core/src/ux_utility_event_flags_create.c **** /**************************************************************************/
  74:Middlewares/ST/usbx/common/core/src/ux_utility_event_flags_create.c **** UINT  _ux_utility_event_flags_create(UX_EVENT_FLAGS_GROUP*group_ptr, CHAR *name)
  75:Middlewares/ST/usbx/common/core/src/ux_utility_event_flags_create.c **** {
  29              		.loc 1 75 1 view -0
  30              		.cfi_startproc
  31              		@ args = 0, pretend = 0, frame = 0
  32              		@ frame_needed = 0, uses_anonymous_args = 0
  33              		.loc 1 75 1 is_stmt 0 view .LVU1
  34 0000 30B5     		push	{r4, r5, lr}
  35              	.LCFI0:
  36              		.cfi_def_cfa_offset 12
  37              		.cfi_offset 4, -12
  38              		.cfi_offset 5, -8
  39              		.cfi_offset 14, -4
  40 0002 85B0     		sub	sp, sp, #20
ARM GAS  /tmp/ccYk9bvx.s 			page 3


  41              	.LCFI1:
  42              		.cfi_def_cfa_offset 32
  43 0004 0446     		mov	r4, r0
  76:Middlewares/ST/usbx/common/core/src/ux_utility_event_flags_create.c **** 
  77:Middlewares/ST/usbx/common/core/src/ux_utility_event_flags_create.c **** UINT    status;
  44              		.loc 1 77 1 is_stmt 1 view .LVU2
  78:Middlewares/ST/usbx/common/core/src/ux_utility_event_flags_create.c **** 
  79:Middlewares/ST/usbx/common/core/src/ux_utility_event_flags_create.c ****     /* Call ThreadX to create the event flags.  */
  80:Middlewares/ST/usbx/common/core/src/ux_utility_event_flags_create.c ****     status =  tx_event_flags_create(group_ptr, name);
  45              		.loc 1 80 5 view .LVU3
  46              		.loc 1 80 15 is_stmt 0 view .LVU4
  47 0006 2422     		movs	r2, #36
  48 0008 FFF7FEFF 		bl	_txe_event_flags_create
  49              	.LVL1:
  81:Middlewares/ST/usbx/common/core/src/ux_utility_event_flags_create.c **** 
  82:Middlewares/ST/usbx/common/core/src/ux_utility_event_flags_create.c ****     /* Check for status.  */
  83:Middlewares/ST/usbx/common/core/src/ux_utility_event_flags_create.c ****     if (status != UX_SUCCESS)
  50              		.loc 1 83 5 is_stmt 1 view .LVU5
  51              		.loc 1 83 8 is_stmt 0 view .LVU6
  52 000c 0546     		mov	r5, r0
  53 000e 10B9     		cbnz	r0, .L4
  54              	.LVL2:
  55              	.L1:
  84:Middlewares/ST/usbx/common/core/src/ux_utility_event_flags_create.c ****     {
  85:Middlewares/ST/usbx/common/core/src/ux_utility_event_flags_create.c **** 
  86:Middlewares/ST/usbx/common/core/src/ux_utility_event_flags_create.c ****         /* Error trap. */
  87:Middlewares/ST/usbx/common/core/src/ux_utility_event_flags_create.c ****         _ux_system_error_handler(UX_SYSTEM_LEVEL_THREAD, UX_SYSTEM_CONTEXT_UTILITY, UX_EVENT_ERROR)
  88:Middlewares/ST/usbx/common/core/src/ux_utility_event_flags_create.c **** 
  89:Middlewares/ST/usbx/common/core/src/ux_utility_event_flags_create.c ****         /* If trace is enabled, insert this event into the trace buffer.  */
  90:Middlewares/ST/usbx/common/core/src/ux_utility_event_flags_create.c ****         UX_TRACE_IN_LINE_INSERT(UX_TRACE_ERROR, UX_EVENT_ERROR, group_ptr, 0, 0, UX_TRACE_ERRORS, 0
  91:Middlewares/ST/usbx/common/core/src/ux_utility_event_flags_create.c **** 
  92:Middlewares/ST/usbx/common/core/src/ux_utility_event_flags_create.c ****     }
  93:Middlewares/ST/usbx/common/core/src/ux_utility_event_flags_create.c ****     /* Return completion status.  */
  94:Middlewares/ST/usbx/common/core/src/ux_utility_event_flags_create.c ****     return(status);
  95:Middlewares/ST/usbx/common/core/src/ux_utility_event_flags_create.c **** }
  56              		.loc 1 95 1 view .LVU7
  57 0010 2846     		mov	r0, r5
  58 0012 05B0     		add	sp, sp, #20
  59              	.LCFI2:
  60              		.cfi_remember_state
  61              		.cfi_def_cfa_offset 12
  62              		@ sp needed
  63 0014 30BD     		pop	{r4, r5, pc}
  64              	.LVL3:
  65              	.L4:
  66              	.LCFI3:
  67              		.cfi_restore_state
  87:Middlewares/ST/usbx/common/core/src/ux_utility_event_flags_create.c **** 
  68              		.loc 1 87 9 is_stmt 1 view .LVU8
  69 0016 1822     		movs	r2, #24
  70 0018 0821     		movs	r1, #8
  71 001a 0220     		movs	r0, #2
  72              	.LVL4:
  87:Middlewares/ST/usbx/common/core/src/ux_utility_event_flags_create.c **** 
  73              		.loc 1 87 9 is_stmt 0 view .LVU9
  74 001c FFF7FEFF 		bl	_ux_system_error_handler
  75              	.LVL5:
ARM GAS  /tmp/ccYk9bvx.s 			page 4


  90:Middlewares/ST/usbx/common/core/src/ux_utility_event_flags_create.c **** 
  76              		.loc 1 90 9 is_stmt 1 view .LVU10
  77 0020 0023     		movs	r3, #0
  78 0022 0393     		str	r3, [sp, #12]
  79 0024 0293     		str	r3, [sp, #8]
  80 0026 4FF08072 		mov	r2, #16777216
  81 002a 0192     		str	r2, [sp, #4]
  82 002c 0093     		str	r3, [sp]
  83 002e 2246     		mov	r2, r4
  84 0030 1821     		movs	r1, #24
  85 0032 40F2E730 		movw	r0, #999
  86 0036 FFF7FEFF 		bl	_ux_trace_event_insert
  87              	.LVL6:
  94:Middlewares/ST/usbx/common/core/src/ux_utility_event_flags_create.c **** }
  88              		.loc 1 94 5 view .LVU11
  94:Middlewares/ST/usbx/common/core/src/ux_utility_event_flags_create.c **** }
  89              		.loc 1 94 11 is_stmt 0 view .LVU12
  90 003a E9E7     		b	.L1
  91              		.cfi_endproc
  92              	.LFE11:
  94              		.text
  95              	.Letext0:
  96              		.file 2 "Middlewares/ST/threadx/ports/cortex_m7/gnu/inc/tx_port.h"
  97              		.file 3 "Middlewares/ST/threadx/common/inc/tx_api.h"
  98              		.file 4 "Middlewares/ST/threadx/common/inc/tx_trace.h"
  99              		.file 5 "Middlewares/ST/usbx/common/core/inc/ux_api.h"
 100              		.file 6 "Middlewares/ST/usbx/common/core/inc/ux_utility.h"
ARM GAS  /tmp/ccYk9bvx.s 			page 5


DEFINED SYMBOLS
                            *ABS*:00000000 ux_utility_event_flags_create.c
     /tmp/ccYk9bvx.s:20     .text._ux_utility_event_flags_create:00000000 $t
     /tmp/ccYk9bvx.s:26     .text._ux_utility_event_flags_create:00000000 _ux_utility_event_flags_create

UNDEFINED SYMBOLS
_txe_event_flags_create
_ux_system_error_handler
_ux_trace_event_insert
